åê!í&amp;&#144;&#144;&#144;
åê!í&amp;&#144;&#144;&#144;
10
Undefined
AADdjUYCmozykg==
app
parseTriplet
TripletParser.java
205
com.mgz.afp.parser.TripletParser
false
app
parseTriplets
TripletParser.java
133
com.mgz.afp.parser.TripletParser
false
app
decodeAFP
StructuredFieldBaseTriplets.java
84
com.mgz.afp.base.StructuredFieldBaseTriplets
false
app
decodeAFP
IAFPDecodeableWriteable.java
64
com.mgz.afp.exceptions.IAFPDecodeableWriteable
false
app
parseNextSFFromBuffer
AFPParser.java
466
com.mgz.afp.parser.AFPParser
false
app
parseNextSF
AFPParser.java
382
com.mgz.afp.parser.AFPParser
false
app
convertToXml
Afp2Xml.java
469
com.mgz.cli.Afp2Xml
false
app
execute
Afp2Xml.java
376
com.mgz.cli.Afp2Xml
false
app
main
Afp2Xml.java
65
com.mgz.cli.Afp2Xml
false
Invalid triplet length: 0
Invalid triplet length: 0
10
Undefined
AADdjUYCmozykg==
app
parseTriplet
TripletParser.java
205
com.mgz.afp.parser.TripletParser
false
app
parseTriplets
TripletParser.java
133
com.mgz.afp.parser.TripletParser
false
app
decodeAFP
StructuredFieldBaseTriplets.java
84
com.mgz.afp.base.StructuredFieldBaseTriplets
false
app
decodeAFP
IAFPDecodeableWriteable.java
64
com.mgz.afp.exceptions.IAFPDecodeableWriteable
false
app
parseNextSFFromBuffer
AFPParser.java
466
com.mgz.afp.parser.AFPParser
false
app
parseNextSF
AFPParser.java
382
com.mgz.afp.parser.AFPParser
false
app
convertToXml
Afp2Xml.java
469
com.mgz.cli.Afp2Xml
false
app
execute
Afp2Xml.java
376
com.mgz.cli.Afp2Xml
false
app
main
Afp2Xml.java
65
com.mgz.cli.Afp2Xml
false
Invalid triplet length: 0
Invalid triplet length: 0
10
Undefined
AADdjUYCmozykg==
app
parseTriplet
TripletParser.java
205
com.mgz.afp.parser.TripletParser
false
app
parseTriplets
TripletParser.java
133
com.mgz.afp.parser.TripletParser
false
app
decodeAFP
StructuredFieldBaseTriplets.java
84
com.mgz.afp.base.StructuredFieldBaseTriplets
false
app
decodeAFP
IAFPDecodeableWriteable.java
64
com.mgz.afp.exceptions.IAFPDecodeableWriteable
false
app
parseNextSFFromBuffer
AFPParser.java
466
com.mgz.afp.parser.AFPParser
false
app
parseNextSF
AFPParser.java
382
com.mgz.afp.parser.AFPParser
false
app
convertToXml
Afp2Xml.java
469
com.mgz.cli.Afp2Xml
false
app
execute
Afp2Xml.java
376
com.mgz.cli.Afp2Xml
false
app
main
Afp2Xml.java
65
com.mgz.cli.Afp2Xml
false
Invalid triplet length: 0
Invalid triplet length: 0
10
Undefined
AADdjUYCmozykg==
app
parseTriplet
TripletParser.java
205
com.mgz.afp.parser.TripletParser
false
app
parseTriplets
TripletParser.java
133
com.mgz.afp.parser.TripletParser
false
app
decodeAFP
StructuredFieldBaseTriplets.java
84
com.mgz.afp.base.StructuredFieldBaseTriplets
false
app
decodeAFP
IAFPDecodeableWriteable.java
64
com.mgz.afp.exceptions.IAFPDecodeableWriteable
false
app
parseNextSFFromBuffer
AFPParser.java
466
com.mgz.afp.parser.AFPParser
false
app
parseNextSF
AFPParser.java
382
com.mgz.afp.parser.AFPParser
false
app
convertToXml
Afp2Xml.java
469
com.mgz.cli.Afp2Xml
false
app
execute
Afp2Xml.java
376
com.mgz.cli.Afp2Xml
false
app
main
Afp2Xml.java
65
com.mgz.cli.Afp2Xml
false
Invalid triplet length: 0
Invalid triplet length: 0
10
Undefined
AADdjUYCmozykg==
app
parseTriplet
TripletParser.java
205
com.mgz.afp.parser.TripletParser
false
app
parseTriplets
TripletParser.java
133
com.mgz.afp.parser.TripletParser
false
app
decodeAFP
StructuredFieldBaseTriplets.java
84
com.mgz.afp.base.StructuredFieldBaseTriplets
false
app
decodeAFP
IAFPDecodeableWriteable.java
64
com.mgz.afp.exceptions.IAFPDecodeableWriteable
false
app
parseNextSFFromBuffer
AFPParser.java
466
com.mgz.afp.parser.AFPParser
false
app
parseNextSF
AFPParser.java
382
com.mgz.afp.parser.AFPParser
false
app
convertToXml
Afp2Xml.java
469
com.mgz.cli.Afp2Xml
false
app
execute
Afp2Xml.java
376
com.mgz.cli.Afp2Xml
false
app
main
Afp2Xml.java
65
com.mgz.cli.Afp2Xml
false
Invalid triplet length: 0
Invalid triplet length: 0
10
Undefined
AADdjUYCmozykg==
app
parseTriplet
TripletParser.java
205
com.mgz.afp.parser.TripletParser
false
app
parseTriplets
TripletParser.java
133
com.mgz.afp.parser.TripletParser
false
app
decodeAFP
StructuredFieldBaseTriplets.java
84
com.mgz.afp.base.StructuredFieldBaseTriplets
false
app
decodeAFP
IAFPDecodeableWriteable.java
64
com.mgz.afp.exceptions.IAFPDecodeableWriteable
false
app
parseNextSFFromBuffer
AFPParser.java
466
com.mgz.afp.parser.AFPParser
false
app
parseNextSF
AFPParser.java
382
com.mgz.afp.parser.AFPParser
false
app
convertToXml
Afp2Xml.java
469
com.mgz.cli.Afp2Xml
false
app
execute
Afp2Xml.java
376
com.mgz.cli.Afp2Xml
false
app
main
Afp2Xml.java
65
com.mgz.cli.Afp2Xml
false
Invalid triplet length: 0
Invalid triplet length: 0
10
Undefined
AADdjUYCmozykg==
app
parseTriplet
TripletParser.java
205
com.mgz.afp.parser.TripletParser
false
app
parseTriplets
TripletParser.java
133
com.mgz.afp.parser.TripletParser
false
app
decodeAFP
StructuredFieldBaseTriplets.java
84
com.mgz.afp.base.StructuredFieldBaseTriplets
false
app
decodeAFP
IAFPDecodeableWriteable.java
64
com.mgz.afp.exceptions.IAFPDecodeableWriteable
false
app
parseNextSFFromBuffer
AFPParser.java
466
com.mgz.afp.parser.AFPParser
false
app
parseNextSF
AFPParser.java
382
com.mgz.afp.parser.AFPParser
false
app
convertToXml
Afp2Xml.java
469
com.mgz.cli.Afp2Xml
false
app
execute
Afp2Xml.java
376
com.mgz.cli.Afp2Xml
false
app
main
Afp2Xml.java
65
com.mgz.cli.Afp2Xml
false
Invalid triplet length: 0
Invalid triplet length: 0
10
Undefined
AADdjUYCmozykg==
app
parseTriplet
TripletParser.java
205
com.mgz.afp.parser.TripletParser
false
app
parseTriplets
TripletParser.java
133
com.mgz.afp.parser.TripletParser
false
app
decodeAFP
StructuredFieldBaseTriplets.java
84
com.mgz.afp.base.StructuredFieldBaseTriplets
false
app
decodeAFP
IAFPDecodeableWriteable.java
64
com.mgz.afp.exceptions.IAFPDecodeableWriteable
false
app
parseNextSFFromBuffer
AFPParser.java
466
com.mgz.afp.parser.AFPParser
false
app
parseNextSF
AFPParser.java
382
com.mgz.afp.parser.AFPParser
false
app
convertToXml
Afp2Xml.java
469
com.mgz.cli.Afp2Xml
false
app
execute
Afp2Xml.java
376
com.mgz.cli.Afp2Xml
false
app
main
Afp2Xml.java
65
com.mgz.cli.Afp2Xml
false
Invalid triplet length: 0
Invalid triplet length: 0
10
Undefined
AADdjUYCmozykg==
app
parseTriplet
TripletParser.java
205
com.mgz.afp.parser.TripletParser
false
app
parseTriplets
TripletParser.java
133
com.mgz.afp.parser.TripletParser
false
app
decodeAFP
StructuredFieldBaseTriplets.java
84
com.mgz.afp.base.StructuredFieldBaseTriplets
false
app
decodeAFP
IAFPDecodeableWriteable.java
64
com.mgz.afp.exceptions.IAFPDecodeableWriteable
false
app
parseNextSFFromBuffer
AFPParser.java
466
com.mgz.afp.parser.AFPParser
false
app
parseNextSF
AFPParser.java
382
com.mgz.afp.parser.AFPParser
false
app
convertToXml
Afp2Xml.java
469
com.mgz.cli.Afp2Xml
false
app
execute
Afp2Xml.java
376
com.mgz.cli.Afp2Xml
false
app
main
Afp2Xml.java
65
com.mgz.cli.Afp2Xml
false
Invalid triplet length: 0
Invalid triplet length: 0
10
Undefined
AADdjUYCmozykg==
app
parseTriplet
TripletParser.java
205
com.mgz.afp.parser.TripletParser
false
app
parseTriplets
TripletParser.java
133
com.mgz.afp.parser.TripletParser
false
app
decodeAFP
StructuredFieldBaseTriplets.java
84
com.mgz.afp.base.StructuredFieldBaseTriplets
false
app
decodeAFP
IAFPDecodeableWriteable.java
64
com.mgz.afp.exceptions.IAFPDecodeableWriteable
false
app
parseNextSFFromBuffer
AFPParser.java
466
com.mgz.afp.parser.AFPParser
false
app
parseNextSF
AFPParser.java
382
com.mgz.afp.parser.AFPParser
false
app
convertToXml
Afp2Xml.java
469
com.mgz.cli.Afp2Xml
false
app
execute
Afp2Xml.java
376
com.mgz.cli.Afp2Xml
false
app
main
Afp2Xml.java
65
com.mgz.cli.Afp2Xml
false
Invalid triplet length: 0
Invalid triplet length: 0
10
Undefined
AADdjUYCmozykg==
app
parseTriplet
TripletParser.java
205
com.mgz.afp.parser.TripletParser
false
app
parseTriplets
TripletParser.java
133
com.mgz.afp.parser.TripletParser
false
app
decodeAFP
StructuredFieldBaseTriplets.java
84
com.mgz.afp.base.StructuredFieldBaseTriplets
false
app
decodeAFP
IAFPDecodeableWriteable.java
64
com.mgz.afp.exceptions.IAFPDecodeableWriteable
false
app
parseNextSFFromBuffer
AFPParser.java
466
com.mgz.afp.parser.AFPParser
false
app
parseNextSF
AFPParser.java
382
com.mgz.afp.parser.AFPParser
false
app
convertToXml
Afp2Xml.java
469
com.mgz.cli.Afp2Xml
false
app
execute
Afp2Xml.java
376
com.mgz.cli.Afp2Xml
false
app
main
Afp2Xml.java
65
com.mgz.cli.Afp2Xml
false
Invalid triplet length: 0
Invalid triplet length: 0
10
Undefined
AADdjUYCmozykg==
app
parseTriplet
TripletParser.java
205
com.mgz.afp.parser.TripletParser
false
app
parseTriplets
TripletParser.java
133
com.mgz.afp.parser.TripletParser
false
app
decodeAFP
StructuredFieldBaseTriplets.java
84
com.mgz.afp.base.StructuredFieldBaseTriplets
false
app
decodeAFP
IAFPDecodeableWriteable.java
64
com.mgz.afp.exceptions.IAFPDecodeableWriteable
false
app
parseNextSFFromBuffer
AFPParser.java
466
com.mgz.afp.parser.AFPParser
false
app
parseNextSF
AFPParser.java
382
com.mgz.afp.parser.AFPParser
false
app
convertToXml
Afp2Xml.java
469
com.mgz.cli.Afp2Xml
false
app
execute
Afp2Xml.java
376
com.mgz.cli.Afp2Xml
false
app
main
Afp2Xml.java
65
com.mgz.cli.Afp2Xml
false
Invalid triplet length: 0
Invalid triplet length: 0
10
Undefined
AADdjUYCmozykg==
app
parseTriplet
TripletParser.java
205
com.mgz.afp.parser.TripletParser
false
app
parseTriplets
TripletParser.java
133
com.mgz.afp.parser.TripletParser
false
app
decodeAFP
StructuredFieldBaseTriplets.java
84
com.mgz.afp.base.StructuredFieldBaseTriplets
false
app
decodeAFP
IAFPDecodeableWriteable.java
64
com.mgz.afp.exceptions.IAFPDecodeableWriteable
false
app
parseNextSFFromBuffer
AFPParser.java
466
com.mgz.afp.parser.AFPParser
false
app
parseNextSF
AFPParser.java
382
com.mgz.afp.parser.AFPParser
false
app
convertToXml
Afp2Xml.java
469
com.mgz.cli.Afp2Xml
false
app
execute
Afp2Xml.java
376
com.mgz.cli.Afp2Xml
false
app
main
Afp2Xml.java
65
com.mgz.cli.Afp2Xml
false
Invalid triplet length: 0
Invalid triplet length: 0
10
Undefined
AADdjUYCmozykg==
app
parseTriplet
TripletParser.java
205
com.mgz.afp.parser.TripletParser
false
app
parseTriplets
TripletParser.java
133
com.mgz.afp.parser.TripletParser
false
app
decodeAFP
StructuredFieldBaseTriplets.java
84
com.mgz.afp.base.StructuredFieldBaseTriplets
false
app
decodeAFP
IAFPDecodeableWriteable.java
64
com.mgz.afp.exceptions.IAFPDecodeableWriteable
false
app
parseNextSFFromBuffer
AFPParser.java
466
com.mgz.afp.parser.AFPParser
false
app
parseNextSF
AFPParser.java
382
com.mgz.afp.parser.AFPParser
false
app
convertToXml
Afp2Xml.java
469
com.mgz.cli.Afp2Xml
false
app
execute
Afp2Xml.java
376
com.mgz.cli.Afp2Xml
false
app
main
Afp2Xml.java
65
com.mgz.cli.Afp2Xml
false
Invalid triplet length: 0
Invalid triplet length: 0
10
Undefined
AADdjUYCmozykg==
app
parseTriplet
TripletParser.java
205
com.mgz.afp.parser.TripletParser
false
app
parseTriplets
TripletParser.java
133
com.mgz.afp.parser.TripletParser
false
app
decodeAFP
StructuredFieldBaseTriplets.java
84
com.mgz.afp.base.StructuredFieldBaseTriplets
false
app
decodeAFP
IAFPDecodeableWriteable.java
64
com.mgz.afp.exceptions.IAFPDecodeableWriteable
false
app
parseNextSFFromBuffer
AFPParser.java
466
com.mgz.afp.parser.AFPParser
false
app
parseNextSF
AFPParser.java
382
com.mgz.afp.parser.AFPParser
false
app
convertToXml
Afp2Xml.java
469
com.mgz.cli.Afp2Xml
false
app
execute
Afp2Xml.java
376
com.mgz.cli.Afp2Xml
false
app
main
Afp2Xml.java
65
com.mgz.cli.Afp2Xml
false
Invalid triplet length: 0
Invalid triplet length: 0
10
Undefined
AADdjUYCmozykg==
app
parseTriplet
TripletParser.java
205
com.mgz.afp.parser.TripletParser
false
app
parseTriplets
TripletParser.java
133
com.mgz.afp.parser.TripletParser
false
app
decodeAFP
StructuredFieldBaseTriplets.java
84
com.mgz.afp.base.StructuredFieldBaseTriplets
false
app
decodeAFP
IAFPDecodeableWriteable.java
64
com.mgz.afp.exceptions.IAFPDecodeableWriteable
false
app
parseNextSFFromBuffer
AFPParser.java
466
com.mgz.afp.parser.AFPParser
false
app
parseNextSF
AFPParser.java
382
com.mgz.afp.parser.AFPParser
false
app
convertToXml
Afp2Xml.java
469
com.mgz.cli.Afp2Xml
false
app
execute
Afp2Xml.java
376
com.mgz.cli.Afp2Xml
false
app
main
Afp2Xml.java
65
com.mgz.cli.Afp2Xml
false
Invalid triplet length: 0
Invalid triplet length: 0
10
Undefined
AADdjUYCmozykg==
app
parseTriplet
TripletParser.java
205
com.mgz.afp.parser.TripletParser
false
app
parseTriplets
TripletParser.java
133
com.mgz.afp.parser.TripletParser
false
app
decodeAFP
StructuredFieldBaseTriplets.java
84
com.mgz.afp.base.StructuredFieldBaseTriplets
false
app
decodeAFP
IAFPDecodeableWriteable.java
64
com.mgz.afp.exceptions.IAFPDecodeableWriteable
false
app
parseNextSFFromBuffer
AFPParser.java
466
com.mgz.afp.parser.AFPParser
false
app
parseNextSF
AFPParser.java
382
com.mgz.afp.parser.AFPParser
false
app
convertToXml
Afp2Xml.java
469
com.mgz.cli.Afp2Xml
false
app
execute
Afp2Xml.java
376
com.mgz.cli.Afp2Xml
false
app
main
Afp2Xml.java
65
com.mgz.cli.Afp2Xml
false
Invalid triplet length: 0
Invalid triplet length: 0
10
Undefined
AADdjUYCmozykg==
app
parseTriplet
TripletParser.java
205
com.mgz.afp.parser.TripletParser
false
app
parseTriplets
TripletParser.java
133
com.mgz.afp.parser.TripletParser
false
app
decodeAFP
StructuredFieldBaseTriplets.java
84
com.mgz.afp.base.StructuredFieldBaseTriplets
false
app
decodeAFP
IAFPDecodeableWriteable.java
64
com.mgz.afp.exceptions.IAFPDecodeableWriteable
false
app
parseNextSFFromBuffer
AFPParser.java
466
com.mgz.afp.parser.AFPParser
false
app
parseNextSF
AFPParser.java
382
com.mgz.afp.parser.AFPParser
false
app
convertToXml
Afp2Xml.java
469
com.mgz.cli.Afp2Xml
false
app
execute
Afp2Xml.java
376
com.mgz.cli.Afp2Xml
false
app
main
Afp2Xml.java
65
com.mgz.cli.Afp2Xml
false
Invalid triplet length: 0
Invalid triplet length: 0
10
Undefined
AADdjUYCmozykg==
app
parseTriplet
TripletParser.java
205
com.mgz.afp.parser.TripletParser
false
app
parseTriplets
TripletParser.java
133
com.mgz.afp.parser.TripletParser
false
app
decodeAFP
StructuredFieldBaseTriplets.java
84
com.mgz.afp.base.StructuredFieldBaseTriplets
false
app
decodeAFP
IAFPDecodeableWriteable.java
64
com.mgz.afp.exceptions.IAFPDecodeableWriteable
false
app
parseNextSFFromBuffer
AFPParser.java
466
com.mgz.afp.parser.AFPParser
false
app
parseNextSF
AFPParser.java
382
com.mgz.afp.parser.AFPParser
false
app
convertToXml
Afp2Xml.java
469
com.mgz.cli.Afp2Xml
false
app
execute
Afp2Xml.java
376
com.mgz.cli.Afp2Xml
false
app
main
Afp2Xml.java
65
com.mgz.cli.Afp2Xml
false
Invalid triplet length: 0
Invalid triplet length: 0
10
Undefined
AADdjUYCmozykg==
app
parseTriplet
TripletParser.java
205
com.mgz.afp.parser.TripletParser
false
app
parseTriplets
TripletParser.java
133
com.mgz.afp.parser.TripletParser
false
app
decodeAFP
StructuredFieldBaseTriplets.java
84
com.mgz.afp.base.StructuredFieldBaseTriplets
false
app
decodeAFP
IAFPDecodeableWriteable.java
64
com.mgz.afp.exceptions.IAFPDecodeableWriteable
false
app
parseNextSFFromBuffer
AFPParser.java
466
com.mgz.afp.parser.AFPParser
false
app
parseNextSF
AFPParser.java
382
com.mgz.afp.parser.AFPParser
false
app
convertToXml
Afp2Xml.java
469
com.mgz.cli.Afp2Xml
false
app
execute
Afp2Xml.java
376
com.mgz.cli.Afp2Xml
false
app
main
Afp2Xml.java
65
com.mgz.cli.Afp2Xml
false
Invalid triplet length: 0
Invalid triplet length: 0
10
Undefined
AADdjUYCmozykg==
app
parseTriplet
TripletParser.java
205
com.mgz.afp.parser.TripletParser
false
app
parseTriplets
TripletParser.java
133
com.mgz.afp.parser.TripletParser
false
app
decodeAFP
StructuredFieldBaseTriplets.java
84
com.mgz.afp.base.StructuredFieldBaseTriplets
false
app
decodeAFP
IAFPDecodeableWriteable.java
64
com.mgz.afp.exceptions.IAFPDecodeableWriteable
false
app
parseNextSFFromBuffer
AFPParser.java
466
com.mgz.afp.parser.AFPParser
false
app
parseNextSF
AFPParser.java
382
com.mgz.afp.parser.AFPParser
false
app
convertToXml
Afp2Xml.java
469
com.mgz.cli.Afp2Xml
false
app
execute
Afp2Xml.java
376
com.mgz.cli.Afp2Xml
false
app
main
Afp2Xml.java
65
com.mgz.cli.Afp2Xml
false
Invalid triplet length: 0
Invalid triplet length: 0
10
Undefined
AADdjUYCmozykg==
app
parseTriplet
TripletParser.java
205
com.mgz.afp.parser.TripletParser
false
app
parseTriplets
TripletParser.java
133
com.mgz.afp.parser.TripletParser
false
app
decodeAFP
StructuredFieldBaseTriplets.java
84
com.mgz.afp.base.StructuredFieldBaseTriplets
false
app
decodeAFP
IAFPDecodeableWriteable.java
64
com.mgz.afp.exceptions.IAFPDecodeableWriteable
false
app
parseNextSFFromBuffer
AFPParser.java
466
com.mgz.afp.parser.AFPParser
false
app
parseNextSF
AFPParser.java
382
com.mgz.afp.parser.AFPParser
false
app
convertToXml
Afp2Xml.java
469
com.mgz.cli.Afp2Xml
false
app
execute
Afp2Xml.java
376
com.mgz.cli.Afp2Xml
false
app
main
Afp2Xml.java
65
com.mgz.cli.Afp2Xml
false
Invalid triplet length: 0
Invalid triplet length: 0
10
Undefined
AADdjUYCmozykg==
app
parseTriplet
TripletParser.java
205
com.mgz.afp.parser.TripletParser
false
app
parseTriplets
TripletParser.java
133
com.mgz.afp.parser.TripletParser
false
app
decodeAFP
StructuredFieldBaseTriplets.java
84
com.mgz.afp.base.StructuredFieldBaseTriplets
false
app
decodeAFP
IAFPDecodeableWriteable.java
64
com.mgz.afp.exceptions.IAFPDecodeableWriteable
false
app
parseNextSFFromBuffer
AFPParser.java
466
com.mgz.afp.parser.AFPParser
false
app
parseNextSF
AFPParser.java
382
com.mgz.afp.parser.AFPParser
false
app
convertToXml
Afp2Xml.java
469
com.mgz.cli.Afp2Xml
false
app
execute
Afp2Xml.java
376
com.mgz.cli.Afp2Xml
false
app
main
Afp2Xml.java
65
com.mgz.cli.Afp2Xml
false
Invalid triplet length: 0
Invalid triplet length: 0
10
Undefined
AADdjUYCmozykg==
app
parseTriplet
TripletParser.java
205
com.mgz.afp.parser.TripletParser
false
app
parseTriplets
TripletParser.java
133
com.mgz.afp.parser.TripletParser
false
app
decodeAFP
StructuredFieldBaseTriplets.java
84
com.mgz.afp.base.StructuredFieldBaseTriplets
false
app
decodeAFP
IAFPDecodeableWriteable.java
64
com.mgz.afp.exceptions.IAFPDecodeableWriteable
false
app
parseNextSFFromBuffer
AFPParser.java
466
com.mgz.afp.parser.AFPParser
false
app
parseNextSF
AFPParser.java
382
com.mgz.afp.parser.AFPParser
false
app
convertToXml
Afp2Xml.java
469
com.mgz.cli.Afp2Xml
false
app
execute
Afp2Xml.java
376
com.mgz.cli.Afp2Xml
false
app
main
Afp2Xml.java
65
com.mgz.cli.Afp2Xml
false
Invalid triplet length: 0
Invalid triplet length: 0
10
Undefined
AADdjUYCmozykg==
app
parseTriplet
TripletParser.java
205
com.mgz.afp.parser.TripletParser
false
app
parseTriplets
TripletParser.java
133
com.mgz.afp.parser.TripletParser
false
app
decodeAFP
StructuredFieldBaseTriplets.java
84
com.mgz.afp.base.StructuredFieldBaseTriplets
false
app
decodeAFP
IAFPDecodeableWriteable.java
64
com.mgz.afp.exceptions.IAFPDecodeableWriteable
false
app
parseNextSFFromBuffer
AFPParser.java
466
com.mgz.afp.parser.AFPParser
false
app
parseNextSF
AFPParser.java
382
com.mgz.afp.parser.AFPParser
false
app
convertToXml
Afp2Xml.java
469
com.mgz.cli.Afp2Xml
false
app
execute
Afp2Xml.java
376
com.mgz.cli.Afp2Xml
false
app
main
Afp2Xml.java
65
com.mgz.cli.Afp2Xml
false
Invalid triplet length: 0
Invalid triplet length: 0
10
Undefined
AADdjUYCmozykg==
app
parseTriplet
TripletParser.java
205
com.mgz.afp.parser.TripletParser
false
app
parseTriplets
TripletParser.java
133
com.mgz.afp.parser.TripletParser
false
app
decodeAFP
StructuredFieldBaseTriplets.java
84
com.mgz.afp.base.StructuredFieldBaseTriplets
false
app
decodeAFP
IAFPDecodeableWriteable.java
64
com.mgz.afp.exceptions.IAFPDecodeableWriteable
false
app
parseNextSFFromBuffer
AFPParser.java
466
com.mgz.afp.parser.AFPParser
false
app
parseNextSF
AFPParser.java
382
com.mgz.afp.parser.AFPParser
false
app
convertToXml
Afp2Xml.java
469
com.mgz.cli.Afp2Xml
false
app
execute
Afp2Xml.java
376
com.mgz.cli.Afp2Xml
false
app
main
Afp2Xml.java
65
com.mgz.cli.Afp2Xml
false
Invalid triplet length: 0
Invalid triplet length: 0
10
Undefined
AADdjUYCmozykg==
app
parseTriplet
TripletParser.java
205
com.mgz.afp.parser.TripletParser
false
app
parseTriplets
TripletParser.java
133
com.mgz.afp.parser.TripletParser
false
app
decodeAFP
StructuredFieldBaseTriplets.java
84
com.mgz.afp.base.StructuredFieldBaseTriplets
false
app
decodeAFP
IAFPDecodeableWriteable.java
64
com.mgz.afp.exceptions.IAFPDecodeableWriteable
false
app
parseNextSFFromBuffer
AFPParser.java
466
com.mgz.afp.parser.AFPParser
false
app
parseNextSF
AFPParser.java
382
com.mgz.afp.parser.AFPParser
false
app
convertToXml
Afp2Xml.java
469
com.mgz.cli.Afp2Xml
false
app
execute
Afp2Xml.java
376
com.mgz.cli.Afp2Xml
false
app
main
Afp2Xml.java
65
com.mgz.cli.Afp2Xml
false
Invalid triplet length: 0
Invalid triplet length: 0
10
Undefined
AADdjUYCmozykg==
app
parseTriplet
TripletParser.java
205
com.mgz.afp.parser.TripletParser
false
app
parseTriplets
TripletParser.java
133
com.mgz.afp.parser.TripletParser
false
app
decodeAFP
StructuredFieldBaseTriplets.java
84
com.mgz.afp.base.StructuredFieldBaseTriplets
false
app
decodeAFP
IAFPDecodeableWriteable.java
64
com.mgz.afp.exceptions.IAFPDecodeableWriteable
false
app
parseNextSFFromBuffer
AFPParser.java
466
com.mgz.afp.parser.AFPParser
false
app
parseNextSF
AFPParser.java
382
com.mgz.afp.parser.AFPParser
false
app
convertToXml
Afp2Xml.java
469
com.mgz.cli.Afp2Xml
false
app
execute
Afp2Xml.java
376
com.mgz.cli.Afp2Xml
false
app
main
Afp2Xml.java
65
com.mgz.cli.Afp2Xml
false
Invalid triplet length: 0
Invalid triplet length: 0
10
Undefined
AADdjUYCmozykg==
app
parseTriplet
TripletParser.java
205
com.mgz.afp.parser.TripletParser
false
app
parseTriplets
TripletParser.java
133
com.mgz.afp.parser.TripletParser
false
app
decodeAFP
StructuredFieldBaseTriplets.java
84
com.mgz.afp.base.StructuredFieldBaseTriplets
false
app
decodeAFP
IAFPDecodeableWriteable.java
64
com.mgz.afp.exceptions.IAFPDecodeableWriteable
false
app
parseNextSFFromBuffer
AFPParser.java
466
com.mgz.afp.parser.AFPParser
false
app
parseNextSF
AFPParser.java
382
com.mgz.afp.parser.AFPParser
false
app
convertToXml
Afp2Xml.java
469
com.mgz.cli.Afp2Xml
false
app
execute
Afp2Xml.java
376
com.mgz.cli.Afp2Xml
false
app
main
Afp2Xml.java
65
com.mgz.cli.Afp2Xml
false
Invalid triplet length: 0
Invalid triplet length: 0
10
Undefined
AADdjUYCmozykg==
app
parseTriplet
TripletParser.java
205
com.mgz.afp.parser.TripletParser
false
app
parseTriplets
TripletParser.java
133
com.mgz.afp.parser.TripletParser
false
app
decodeAFP
StructuredFieldBaseTriplets.java
84
com.mgz.afp.base.StructuredFieldBaseTriplets
false
app
decodeAFP
IAFPDecodeableWriteable.java
64
com.mgz.afp.exceptions.IAFPDecodeableWriteable
false
app
parseNextSFFromBuffer
AFPParser.java
466
com.mgz.afp.parser.AFPParser
false
app
parseNextSF
AFPParser.java
382
com.mgz.afp.parser.AFPParser
false
app
convertToXml
Afp2Xml.java
469
com.mgz.cli.Afp2Xml
false
app
execute
Afp2Xml.java
376
com.mgz.cli.Afp2Xml
false
app
main
Afp2Xml.java
65
com.mgz.cli.Afp2Xml
false
Invalid triplet length: 0
Invalid triplet length: 0
10
Undefined
AADdjUYCmozykg==
app
parseTriplet
TripletParser.java
205
com.mgz.afp.parser.TripletParser
false
app
parseTriplets
TripletParser.java
133
com.mgz.afp.parser.TripletParser
false
app
decodeAFP
StructuredFieldBaseTriplets.java
84
com.mgz.afp.base.StructuredFieldBaseTriplets
false
app
decodeAFP
IAFPDecodeableWriteable.java
64
com.mgz.afp.exceptions.IAFPDecodeableWriteable
false
app
parseNextSFFromBuffer
AFPParser.java
466
com.mgz.afp.parser.AFPParser
false
app
parseNextSF
AFPParser.java
382
com.mgz.afp.parser.AFPParser
false
app
convertToXml
Afp2Xml.java
469
com.mgz.cli.Afp2Xml
false
app
execute
Afp2Xml.java
376
com.mgz.cli.Afp2Xml
false
app
main
Afp2Xml.java
65
com.mgz.cli.Afp2Xml
false
Invalid triplet length: 0
Invalid triplet length: 0
10
Undefined
AADdjUYCmozykg==
app
parseTriplet
TripletParser.java
205
com.mgz.afp.parser.TripletParser
false
app
parseTriplets
TripletParser.java
133
com.mgz.afp.parser.TripletParser
false
app
decodeAFP
StructuredFieldBaseTriplets.java
84
com.mgz.afp.base.StructuredFieldBaseTriplets
false
app
decodeAFP
IAFPDecodeableWriteable.java
64
com.mgz.afp.exceptions.IAFPDecodeableWriteable
false
app
parseNextSFFromBuffer
AFPParser.java
466
com.mgz.afp.parser.AFPParser
false
app
parseNextSF
AFPParser.java
382
com.mgz.afp.parser.AFPParser
false
app
convertToXml
Afp2Xml.java
469
com.mgz.cli.Afp2Xml
false
app
execute
Afp2Xml.java
376
com.mgz.cli.Afp2Xml
false
app
main
Afp2Xml.java
65
com.mgz.cli.Afp2Xml
false
Invalid triplet length: 0
Invalid triplet length: 0
10
Undefined
AADdjUYCmozykg==
app
parseTriplet
TripletParser.java
205
com.mgz.afp.parser.TripletParser
false
app
parseTriplets
TripletParser.java
133
com.mgz.afp.parser.TripletParser
false
app
decodeAFP
StructuredFieldBaseTriplets.java
84
com.mgz.afp.base.StructuredFieldBaseTriplets
false
app
decodeAFP
IAFPDecodeableWriteable.java
64
com.mgz.afp.exceptions.IAFPDecodeableWriteable
false
app
parseNextSFFromBuffer
AFPParser.java
466
com.mgz.afp.parser.AFPParser
false
app
parseNextSF
AFPParser.java
382
com.mgz.afp.parser.AFPParser
false
app
convertToXml
Afp2Xml.java
469
com.mgz.cli.Afp2Xml
false
app
execute
Afp2Xml.java
376
com.mgz.cli.Afp2Xml
false
app
main
Afp2Xml.java
65
com.mgz.cli.Afp2Xml
false
Invalid triplet length: 0
Invalid triplet length: 0
10
Undefined
AADdjUYCmozykg==
app
parseTriplet
TripletParser.java
205
com.mgz.afp.parser.TripletParser
false
app
parseTriplets
TripletParser.java
133
com.mgz.afp.parser.TripletParser
false
app
decodeAFP
StructuredFieldBaseTriplets.java
84
com.mgz.afp.base.StructuredFieldBaseTriplets
false
app
decodeAFP
IAFPDecodeableWriteable.java
64
com.mgz.afp.exceptions.IAFPDecodeableWriteable
false
app
parseNextSFFromBuffer
AFPParser.java
466
com.mgz.afp.parser.AFPParser
false
app
parseNextSF
AFPParser.java
382
com.mgz.afp.parser.AFPParser
false
app
convertToXml
Afp2Xml.java
469
com.mgz.cli.Afp2Xml
false
app
execute
Afp2Xml.java
376
com.mgz.cli.Afp2Xml
false
app
main
Afp2Xml.java
65
com.mgz.cli.Afp2Xml
false
Invalid triplet length: 0
Invalid triplet length: 0
10
Undefined
AADdjUYCmozykg==
app
parseTriplet
TripletParser.java
205
com.mgz.afp.parser.TripletParser
false
app
parseTriplets
TripletParser.java
133
com.mgz.afp.parser.TripletParser
false
app
decodeAFP
StructuredFieldBaseTriplets.java
84
com.mgz.afp.base.StructuredFieldBaseTriplets
false
app
decodeAFP
IAFPDecodeableWriteable.java
64
com.mgz.afp.exceptions.IAFPDecodeableWriteable
false
app
parseNextSFFromBuffer
AFPParser.java
466
com.mgz.afp.parser.AFPParser
false
app
parseNextSF
AFPParser.java
382
com.mgz.afp.parser.AFPParser
false
app
convertToXml
Afp2Xml.java
469
com.mgz.cli.Afp2Xml
false
app
execute
Afp2Xml.java
376
com.mgz.cli.Afp2Xml
false
app
main
Afp2Xml.java
65
com.mgz.cli.Afp2Xml
false
Invalid triplet length: 0
Invalid triplet length: 0
10
Undefined
AADdjUYCmozykg==
app
parseTriplet
TripletParser.java
205
com.mgz.afp.parser.TripletParser
false
app
parseTriplets
TripletParser.java
133
com.mgz.afp.parser.TripletParser
false
app
decodeAFP
StructuredFieldBaseTriplets.java
84
com.mgz.afp.base.StructuredFieldBaseTriplets
false
app
decodeAFP
IAFPDecodeableWriteable.java
64
com.mgz.afp.exceptions.IAFPDecodeableWriteable
false
app
parseNextSFFromBuffer
AFPParser.java
466
com.mgz.afp.parser.AFPParser
false
app
parseNextSF
AFPParser.java
382
com.mgz.afp.parser.AFPParser
false
app
convertToXml
Afp2Xml.java
469
com.mgz.cli.Afp2Xml
false
app
execute
Afp2Xml.java
376
com.mgz.cli.Afp2Xml
false
app
main
Afp2Xml.java
65
com.mgz.cli.Afp2Xml
false
Invalid triplet length: 0
Invalid triplet length: 0
10
Undefined
AADdjUYCmozykg==
app
parseTriplet
TripletParser.java
205
com.mgz.afp.parser.TripletParser
false
app
parseTriplets
TripletParser.java
133
com.mgz.afp.parser.TripletParser
false
app
decodeAFP
StructuredFieldBaseTriplets.java
84
com.mgz.afp.base.StructuredFieldBaseTriplets
false
app
decodeAFP
IAFPDecodeableWriteable.java
64
com.mgz.afp.exceptions.IAFPDecodeableWriteable
false
app
parseNextSFFromBuffer
AFPParser.java
466
com.mgz.afp.parser.AFPParser
false
app
parseNextSF
AFPParser.java
382
com.mgz.afp.parser.AFPParser
false
app
convertToXml
Afp2Xml.java
469
com.mgz.cli.Afp2Xml
false
app
execute
Afp2Xml.java
376
com.mgz.cli.Afp2Xml
false
app
main
Afp2Xml.java
65
com.mgz.cli.Afp2Xml
false
Invalid triplet length: 0
Invalid triplet length: 0
10
Undefined
AADdjUYCmozykg==
app
parseTriplet
TripletParser.java
205
com.mgz.afp.parser.TripletParser
false
app
parseTriplets
TripletParser.java
133
com.mgz.afp.parser.TripletParser
false
app
decodeAFP
StructuredFieldBaseTriplets.java
84
com.mgz.afp.base.StructuredFieldBaseTriplets
false
app
decodeAFP
IAFPDecodeableWriteable.java
64
com.mgz.afp.exceptions.IAFPDecodeableWriteable
false
app
parseNextSFFromBuffer
AFPParser.java
466
com.mgz.afp.parser.AFPParser
false
app
parseNextSF
AFPParser.java
382
com.mgz.afp.parser.AFPParser
false
app
convertToXml
Afp2Xml.java
469
com.mgz.cli.Afp2Xml
false
app
execute
Afp2Xml.java
376
com.mgz.cli.Afp2Xml
false
app
main
Afp2Xml.java
65
com.mgz.cli.Afp2Xml
false
Invalid triplet length: 0
Invalid triplet length: 0
10
Undefined
AADdjUYCmozykg==
app
parseTriplet
TripletParser.java
205
com.mgz.afp.parser.TripletParser
false
app
parseTriplets
TripletParser.java
133
com.mgz.afp.parser.TripletParser
false
app
decodeAFP
StructuredFieldBaseTriplets.java
84
com.mgz.afp.base.StructuredFieldBaseTriplets
false
app
decodeAFP
IAFPDecodeableWriteable.java
64
com.mgz.afp.exceptions.IAFPDecodeableWriteable
false
app
parseNextSFFromBuffer
AFPParser.java
466
com.mgz.afp.parser.AFPParser
false
app
parseNextSF
AFPParser.java
382
com.mgz.afp.parser.AFPParser
false
app
convertToXml
Afp2Xml.java
469
com.mgz.cli.Afp2Xml
false
app
execute
Afp2Xml.java
376
com.mgz.cli.Afp2Xml
false
app
main
Afp2Xml.java
65
com.mgz.cli.Afp2Xml
false
Invalid triplet length: 0
Invalid triplet length: 0
10
Undefined
AADdjUYCmozykg==
app
parseTriplet
TripletParser.java
205
com.mgz.afp.parser.TripletParser
false
app
parseTriplets
TripletParser.java
133
com.mgz.afp.parser.TripletParser
false
app
decodeAFP
StructuredFieldBaseTriplets.java
84
com.mgz.afp.base.StructuredFieldBaseTriplets
false
app
decodeAFP
IAFPDecodeableWriteable.java
64
com.mgz.afp.exceptions.IAFPDecodeableWriteable
false
app
parseNextSFFromBuffer
AFPParser.java
466
com.mgz.afp.parser.AFPParser
false
app
parseNextSF
AFPParser.java
382
com.mgz.afp.parser.AFPParser
false
app
convertToXml
Afp2Xml.java
469
com.mgz.cli.Afp2Xml
false
app
execute
Afp2Xml.java
376
com.mgz.cli.Afp2Xml
false
app
main
Afp2Xml.java
65
com.mgz.cli.Afp2Xml
false
Invalid triplet length: 0
Invalid triplet length: 0
10
Undefined
AADdjUYCmozykg==
app
parseTriplet
TripletParser.java
205
com.mgz.afp.parser.TripletParser
false
app
parseTriplets
TripletParser.java
133
com.mgz.afp.parser.TripletParser
false
app
decodeAFP
StructuredFieldBaseTriplets.java
84
com.mgz.afp.base.StructuredFieldBaseTriplets
false
app
decodeAFP
IAFPDecodeableWriteable.java
64
com.mgz.afp.exceptions.IAFPDecodeableWriteable
false
app
parseNextSFFromBuffer
AFPParser.java
466
com.mgz.afp.parser.AFPParser
false
app
parseNextSF
AFPParser.java
382
com.mgz.afp.parser.AFPParser
false
app
convertToXml
Afp2Xml.java
469
com.mgz.cli.Afp2Xml
false
app
execute
Afp2Xml.java
376
com.mgz.cli.Afp2Xml
false
app
main
Afp2Xml.java
65
com.mgz.cli.Afp2Xml
false
Invalid triplet length: 0
Invalid triplet length: 0
10
Undefined
AADdjUYCmozykg==
app
parseTriplet
TripletParser.java
205
com.mgz.afp.parser.TripletParser
false
app
parseTriplets
TripletParser.java
133
com.mgz.afp.parser.TripletParser
false
app
decodeAFP
StructuredFieldBaseTriplets.java
84
com.mgz.afp.base.StructuredFieldBaseTriplets
false
app
decodeAFP
IAFPDecodeableWriteable.java
64
com.mgz.afp.exceptions.IAFPDecodeableWriteable
false
app
parseNextSFFromBuffer
AFPParser.java
466
com.mgz.afp.parser.AFPParser
false
app
parseNextSF
AFPParser.java
382
com.mgz.afp.parser.AFPParser
false
app
convertToXml
Afp2Xml.java
469
com.mgz.cli.Afp2Xml
false
app
execute
Afp2Xml.java
376
com.mgz.cli.Afp2Xml
false
app
main
Afp2Xml.java
65
com.mgz.cli.Afp2Xml
false
Invalid triplet length: 0
Invalid triplet length: 0
10
Undefined
AADdjUYCmozykg==
app
parseTriplet
TripletParser.java
205
com.mgz.afp.parser.TripletParser
false
app
parseTriplets
TripletParser.java
133
com.mgz.afp.parser.TripletParser
false
app
decodeAFP
StructuredFieldBaseTriplets.java
84
com.mgz.afp.base.StructuredFieldBaseTriplets
false
app
decodeAFP
IAFPDecodeableWriteable.java
64
com.mgz.afp.exceptions.IAFPDecodeableWriteable
false
app
parseNextSFFromBuffer
AFPParser.java
466
com.mgz.afp.parser.AFPParser
false
app
parseNextSF
AFPParser.java
382
com.mgz.afp.parser.AFPParser
false
app
convertToXml
Afp2Xml.java
469
com.mgz.cli.Afp2Xml
false
app
execute
Afp2Xml.java
376
com.mgz.cli.Afp2Xml
false
app
main
Afp2Xml.java
65
com.mgz.cli.Afp2Xml
false
Invalid triplet length: 0
Invalid triplet length: 0
10
Undefined
AADdjUYCmozykg==
app
parseTriplet
TripletParser.java
205
com.mgz.afp.parser.TripletParser
false
app
parseTriplets
TripletParser.java
133
com.mgz.afp.parser.TripletParser
false
app
decodeAFP
StructuredFieldBaseTriplets.java
84
com.mgz.afp.base.StructuredFieldBaseTriplets
false
app
decodeAFP
IAFPDecodeableWriteable.java
64
com.mgz.afp.exceptions.IAFPDecodeableWriteable
false
app
parseNextSFFromBuffer
AFPParser.java
466
com.mgz.afp.parser.AFPParser
false
app
parseNextSF
AFPParser.java
382
com.mgz.afp.parser.AFPParser
false
app
convertToXml
Afp2Xml.java
469
com.mgz.cli.Afp2Xml
false
app
execute
Afp2Xml.java
376
com.mgz.cli.Afp2Xml
false
app
main
Afp2Xml.java
65
com.mgz.cli.Afp2Xml
false
Invalid triplet length: 0
Invalid triplet length: 0
10
Undefined
AADdjUYCmozykg==
app
parseTriplet
TripletParser.java
205
com.mgz.afp.parser.TripletParser
false
app
parseTriplets
TripletParser.java
133
com.mgz.afp.parser.TripletParser
false
app
decodeAFP
StructuredFieldBaseTriplets.java
84
com.mgz.afp.base.StructuredFieldBaseTriplets
false
app
decodeAFP
IAFPDecodeableWriteable.java
64
com.mgz.afp.exceptions.IAFPDecodeableWriteable
false
app
parseNextSFFromBuffer
AFPParser.java
466
com.mgz.afp.parser.AFPParser
false
app
parseNextSF
AFPParser.java
382
com.mgz.afp.parser.AFPParser
false
app
convertToXml
Afp2Xml.java
469
com.mgz.cli.Afp2Xml
false
app
execute
Afp2Xml.java
376
com.mgz.cli.Afp2Xml
false
app
main
Afp2Xml.java
65
com.mgz.cli.Afp2Xml
false
Invalid triplet length: 0
Invalid triplet length: 0
10
Undefined
AADdjUYCmozykg==
app
parseTriplet
TripletParser.java
205
com.mgz.afp.parser.TripletParser
false
app
parseTriplets
TripletParser.java
133
com.mgz.afp.parser.TripletParser
false
app
decodeAFP
StructuredFieldBaseTriplets.java
84
com.mgz.afp.base.StructuredFieldBaseTriplets
false
app
decodeAFP
IAFPDecodeableWriteable.java
64
com.mgz.afp.exceptions.IAFPDecodeableWriteable
false
app
parseNextSFFromBuffer
AFPParser.java
466
com.mgz.afp.parser.AFPParser
false
app
parseNextSF
AFPParser.java
382
com.mgz.afp.parser.AFPParser
false
app
convertToXml
Afp2Xml.java
469
com.mgz.cli.Afp2Xml
false
app
execute
Afp2Xml.java
376
com.mgz.cli.Afp2Xml
false
app
main
Afp2Xml.java
65
com.mgz.cli.Afp2Xml
false
Invalid triplet length: 0
Invalid triplet length: 0
10
Undefined
AADdjUYCmozykg==
app
parseTriplet
TripletParser.java
205
com.mgz.afp.parser.TripletParser
false
app
parseTriplets
TripletParser.java
133
com.mgz.afp.parser.TripletParser
false
app
decodeAFP
StructuredFieldBaseTriplets.java
84
com.mgz.afp.base.StructuredFieldBaseTriplets
false
app
decodeAFP
IAFPDecodeableWriteable.java
64
com.mgz.afp.exceptions.IAFPDecodeableWriteable
false
app
parseNextSFFromBuffer
AFPParser.java
466
com.mgz.afp.parser.AFPParser
false
app
parseNextSF
AFPParser.java
382
com.mgz.afp.parser.AFPParser
false
app
convertToXml
Afp2Xml.java
469
com.mgz.cli.Afp2Xml
false
app
execute
Afp2Xml.java
376
com.mgz.cli.Afp2Xml
false
app
main
Afp2Xml.java
65
com.mgz.cli.Afp2Xml
false
Invalid triplet length: 0
Invalid triplet length: 0
10
Undefined
AADdjUYCmozykg==
app
parseTriplet
TripletParser.java
205
com.mgz.afp.parser.TripletParser
false
app
parseTriplets
TripletParser.java
133
com.mgz.afp.parser.TripletParser
false
app
decodeAFP
StructuredFieldBaseTriplets.java
84
com.mgz.afp.base.StructuredFieldBaseTriplets
false
app
decodeAFP
IAFPDecodeableWriteable.java
64
com.mgz.afp.exceptions.IAFPDecodeableWriteable
false
app
parseNextSFFromBuffer
AFPParser.java
466
com.mgz.afp.parser.AFPParser
false
app
parseNextSF
AFPParser.java
382
com.mgz.afp.parser.AFPParser
false
app
convertToXml
Afp2Xml.java
469
com.mgz.cli.Afp2Xml
false
app
execute
Afp2Xml.java
376
com.mgz.cli.Afp2Xml
false
app
main
Afp2Xml.java
65
com.mgz.cli.Afp2Xml
false
Invalid triplet length: 0
Invalid triplet length: 0
10
Undefined
AADdjUYCmozykg==
app
parseTriplet
TripletParser.java
205
com.mgz.afp.parser.TripletParser
false
app
parseTriplets
TripletParser.java
133
com.mgz.afp.parser.TripletParser
false
app
decodeAFP
StructuredFieldBaseTriplets.java
84
com.mgz.afp.base.StructuredFieldBaseTriplets
false
app
decodeAFP
IAFPDecodeableWriteable.java
64
com.mgz.afp.exceptions.IAFPDecodeableWriteable
false
app
parseNextSFFromBuffer
AFPParser.java
466
com.mgz.afp.parser.AFPParser
false
app
parseNextSF
AFPParser.java
382
com.mgz.afp.parser.AFPParser
false
app
convertToXml
Afp2Xml.java
469
com.mgz.cli.Afp2Xml
false
app
execute
Afp2Xml.java
376
com.mgz.cli.Afp2Xml
false
app
main
Afp2Xml.java
65
com.mgz.cli.Afp2Xml
false
Invalid triplet length: 0
Invalid triplet length: 0
10
Undefined
AADdjUYCmozykg==
app
parseTriplet
TripletParser.java
205
com.mgz.afp.parser.TripletParser
false
app
parseTriplets
TripletParser.java
133
com.mgz.afp.parser.TripletParser
false
app
decodeAFP
StructuredFieldBaseTriplets.java
84
com.mgz.afp.base.StructuredFieldBaseTriplets
false
app
decodeAFP
IAFPDecodeableWriteable.java
64
com.mgz.afp.exceptions.IAFPDecodeableWriteable
false
app
parseNextSFFromBuffer
AFPParser.java
466
com.mgz.afp.parser.AFPParser
false
app
parseNextSF
AFPParser.java
382
com.mgz.afp.parser.AFPParser
false
app
convertToXml
Afp2Xml.java
469
com.mgz.cli.Afp2Xml
false
app
execute
Afp2Xml.java
376
com.mgz.cli.Afp2Xml
false
app
main
Afp2Xml.java
65
com.mgz.cli.Afp2Xml
false
Invalid triplet length: 0
Invalid triplet length: 0
10
Undefined
AADdjUYCmozykg==
app
parseTriplet
TripletParser.java
205
com.mgz.afp.parser.TripletParser
false
app
parseTriplets
TripletParser.java
133
com.mgz.afp.parser.TripletParser
false
app
decodeAFP
StructuredFieldBaseTriplets.java
84
com.mgz.afp.base.StructuredFieldBaseTriplets
false
app
decodeAFP
IAFPDecodeableWriteable.java
64
com.mgz.afp.exceptions.IAFPDecodeableWriteable
false
app
parseNextSFFromBuffer
AFPParser.java
466
com.mgz.afp.parser.AFPParser
false
app
parseNextSF
AFPParser.java
382
com.mgz.afp.parser.AFPParser
false
app
convertToXml
Afp2Xml.java
469
com.mgz.cli.Afp2Xml
false
app
execute
Afp2Xml.java
376
com.mgz.cli.Afp2Xml
false
app
main
Afp2Xml.java
65
com.mgz.cli.Afp2Xml
false
Invalid triplet length: 0
Invalid triplet length: 0
10
Undefined
AADdjUYCmozykg==
app
parseTriplet
TripletParser.java
205
com.mgz.afp.parser.TripletParser
false
app
parseTriplets
TripletParser.java
133
com.mgz.afp.parser.TripletParser
false
app
decodeAFP
StructuredFieldBaseTriplets.java
84
com.mgz.afp.base.StructuredFieldBaseTriplets
false
app
decodeAFP
IAFPDecodeableWriteable.java
64
com.mgz.afp.exceptions.IAFPDecodeableWriteable
false
app
parseNextSFFromBuffer
AFPParser.java
466
com.mgz.afp.parser.AFPParser
false
app
parseNextSF
AFPParser.java
382
com.mgz.afp.parser.AFPParser
false
app
convertToXml
Afp2Xml.java
469
com.mgz.cli.Afp2Xml
false
app
execute
Afp2Xml.java
376
com.mgz.cli.Afp2Xml
false
app
main
Afp2Xml.java
65
com.mgz.cli.Afp2Xml
false
Invalid triplet length: 0
Invalid triplet length: 0
10
Undefined
AADdjUYCmozykg==
app
parseTriplet
TripletParser.java
205
com.mgz.afp.parser.TripletParser
false
app
parseTriplets
TripletParser.java
133
com.mgz.afp.parser.TripletParser
false
app
decodeAFP
StructuredFieldBaseTriplets.java
84
com.mgz.afp.base.StructuredFieldBaseTriplets
false
app
decodeAFP
IAFPDecodeableWriteable.java
64
com.mgz.afp.exceptions.IAFPDecodeableWriteable
false
app
parseNextSFFromBuffer
AFPParser.java
466
com.mgz.afp.parser.AFPParser
false
app
parseNextSF
AFPParser.java
382
com.mgz.afp.parser.AFPParser
false
app
convertToXml
Afp2Xml.java
469
com.mgz.cli.Afp2Xml
false
app
execute
Afp2Xml.java
376
com.mgz.cli.Afp2Xml
false
app
main
Afp2Xml.java
65
com.mgz.cli.Afp2Xml
false
Invalid triplet length: 0
Invalid triplet length: 0
10
Undefined
AADdjUYCmozykg==
app
parseTriplet
TripletParser.java
205
com.mgz.afp.parser.TripletParser
false
app
parseTriplets
TripletParser.java
133
com.mgz.afp.parser.TripletParser
false
app
decodeAFP
StructuredFieldBaseTriplets.java
84
com.mgz.afp.base.StructuredFieldBaseTriplets
false
app
decodeAFP
IAFPDecodeableWriteable.java
64
com.mgz.afp.exceptions.IAFPDecodeableWriteable
false
app
parseNextSFFromBuffer
AFPParser.java
466
com.mgz.afp.parser.AFPParser
false
app
parseNextSF
AFPParser.java
382
com.mgz.afp.parser.AFPParser
false
app
convertToXml
Afp2Xml.java
469
com.mgz.cli.Afp2Xml
false
app
execute
Afp2Xml.java
376
com.mgz.cli.Afp2Xml
false
app
main
Afp2Xml.java
65
com.mgz.cli.Afp2Xml
false
Invalid triplet length: 0
Invalid triplet length: 0
10
Undefined
AADdjUYCmozykg==
app
parseTriplet
TripletParser.java
205
com.mgz.afp.parser.TripletParser
false
app
parseTriplets
TripletParser.java
133
com.mgz.afp.parser.TripletParser
false
app
decodeAFP
StructuredFieldBaseTriplets.java
84
com.mgz.afp.base.StructuredFieldBaseTriplets
false
app
decodeAFP
IAFPDecodeableWriteable.java
64
com.mgz.afp.exceptions.IAFPDecodeableWriteable
false
app
parseNextSFFromBuffer
AFPParser.java
466
com.mgz.afp.parser.AFPParser
false
app
parseNextSF
AFPParser.java
382
com.mgz.afp.parser.AFPParser
false
app
convertToXml
Afp2Xml.java
469
com.mgz.cli.Afp2Xml
false
app
execute
Afp2Xml.java
376
com.mgz.cli.Afp2Xml
false
app
main
Afp2Xml.java
65
com.mgz.cli.Afp2Xml
false
Invalid triplet length: 0
Invalid triplet length: 0
10
Undefined
AADdjUYCmozykg==
app
parseTriplet
TripletParser.java
205
com.mgz.afp.parser.TripletParser
false
app
parseTriplets
TripletParser.java
133
com.mgz.afp.parser.TripletParser
false
app
decodeAFP
StructuredFieldBaseTriplets.java
84
com.mgz.afp.base.StructuredFieldBaseTriplets
false
app
decodeAFP
IAFPDecodeableWriteable.java
64
com.mgz.afp.exceptions.IAFPDecodeableWriteable
false
app
parseNextSFFromBuffer
AFPParser.java
466
com.mgz.afp.parser.AFPParser
false
app
parseNextSF
AFPParser.java
382
com.mgz.afp.parser.AFPParser
false
app
convertToXml
Afp2Xml.java
469
com.mgz.cli.Afp2Xml
false
app
execute
Afp2Xml.java
376
com.mgz.cli.Afp2Xml
false
app
main
Afp2Xml.java
65
com.mgz.cli.Afp2Xml
false
Invalid triplet length: 0
Invalid triplet length: 0
10
Undefined
AADdjUYCmozykg==
app
parseTriplet
TripletParser.java
205
com.mgz.afp.parser.TripletParser
false
app
parseTriplets
TripletParser.java
133
com.mgz.afp.parser.TripletParser
false
app
decodeAFP
StructuredFieldBaseTriplets.java
84
com.mgz.afp.base.StructuredFieldBaseTriplets
false
app
decodeAFP
IAFPDecodeableWriteable.java
64
com.mgz.afp.exceptions.IAFPDecodeableWriteable
false
app
parseNextSFFromBuffer
AFPParser.java
466
com.mgz.afp.parser.AFPParser
false
app
parseNextSF
AFPParser.java
382
com.mgz.afp.parser.AFPParser
false
app
convertToXml
Afp2Xml.java
469
com.mgz.cli.Afp2Xml
false
app
execute
Afp2Xml.java
376
com.mgz.cli.Afp2Xml
false
app
main
Afp2Xml.java
65
com.mgz.cli.Afp2Xml
false
Invalid triplet length: 0
Invalid triplet length: 0
10
Undefined
AADdjUYCmozykg==
app
parseTriplet
TripletParser.java
205
com.mgz.afp.parser.TripletParser
false
app
parseTriplets
TripletParser.java
133
com.mgz.afp.parser.TripletParser
false
app
decodeAFP
StructuredFieldBaseTriplets.java
84
com.mgz.afp.base.StructuredFieldBaseTriplets
false
app
decodeAFP
IAFPDecodeableWriteable.java
64
com.mgz.afp.exceptions.IAFPDecodeableWriteable
false
app
parseNextSFFromBuffer
AFPParser.java
466
com.mgz.afp.parser.AFPParser
false
app
parseNextSF
AFPParser.java
382
com.mgz.afp.parser.AFPParser
false
app
convertToXml
Afp2Xml.java
469
com.mgz.cli.Afp2Xml
false
app
execute
Afp2Xml.java
376
com.mgz.cli.Afp2Xml
false
app
main
Afp2Xml.java
65
com.mgz.cli.Afp2Xml
false
Invalid triplet length: 0
Invalid triplet length: 0
10
Undefined
AADdjUYCmozykg==
app
parseTriplet
TripletParser.java
205
com.mgz.afp.parser.TripletParser
false
app
parseTriplets
TripletParser.java
133
com.mgz.afp.parser.TripletParser
false
app
decodeAFP
StructuredFieldBaseTriplets.java
84
com.mgz.afp.base.StructuredFieldBaseTriplets
false
app
decodeAFP
IAFPDecodeableWriteable.java
64
com.mgz.afp.exceptions.IAFPDecodeableWriteable
false
app
parseNextSFFromBuffer
AFPParser.java
466
com.mgz.afp.parser.AFPParser
false
app
parseNextSF
AFPParser.java
382
com.mgz.afp.parser.AFPParser
false
app
convertToXml
Afp2Xml.java
469
com.mgz.cli.Afp2Xml
false
app
execute
Afp2Xml.java
376
com.mgz.cli.Afp2Xml
false
app
main
Afp2Xml.java
65
com.mgz.cli.Afp2Xml
false
Invalid triplet length: 0
Invalid triplet length: 0
10
Undefined
AADdjUYCmozykg==
app
parseTriplet
TripletParser.java
205
com.mgz.afp.parser.TripletParser
false
app
parseTriplets
TripletParser.java
133
com.mgz.afp.parser.TripletParser
false
app
decodeAFP
StructuredFieldBaseTriplets.java
84
com.mgz.afp.base.StructuredFieldBaseTriplets
false
app
decodeAFP
IAFPDecodeableWriteable.java
64
com.mgz.afp.exceptions.IAFPDecodeableWriteable
false
app
parseNextSFFromBuffer
AFPParser.java
466
com.mgz.afp.parser.AFPParser
false
app
parseNextSF
AFPParser.java
382
com.mgz.afp.parser.AFPParser
false
app
convertToXml
Afp2Xml.java
469
com.mgz.cli.Afp2Xml
false
app
execute
Afp2Xml.java
376
com.mgz.cli.Afp2Xml
false
app
main
Afp2Xml.java
65
com.mgz.cli.Afp2Xml
false
Invalid triplet length: 0
Invalid triplet length: 0
10
Undefined
AADdjUYCmozykg==
app
parseTriplet
TripletParser.java
205
com.mgz.afp.parser.TripletParser
false
app
parseTriplets
TripletParser.java
133
com.mgz.afp.parser.TripletParser
false
app
decodeAFP
StructuredFieldBaseTriplets.java
84
com.mgz.afp.base.StructuredFieldBaseTriplets
false
app
decodeAFP
IAFPDecodeableWriteable.java
64
com.mgz.afp.exceptions.IAFPDecodeableWriteable
false
app
parseNextSFFromBuffer
AFPParser.java
466
com.mgz.afp.parser.AFPParser
false
app
parseNextSF
AFPParser.java
382
com.mgz.afp.parser.AFPParser
false
app
convertToXml
Afp2Xml.java
469
com.mgz.cli.Afp2Xml
false
app
execute
Afp2Xml.java
376
com.mgz.cli.Afp2Xml
false
app
main
Afp2Xml.java
65
com.mgz.cli.Afp2Xml
false
Invalid triplet length: 0
Invalid triplet length: 0
10
Undefined
AADdjUYCmozykg==
app
parseTriplet
TripletParser.java
205
com.mgz.afp.parser.TripletParser
false
app
parseTriplets
TripletParser.java
133
com.mgz.afp.parser.TripletParser
false
app
decodeAFP
StructuredFieldBaseTriplets.java
84
com.mgz.afp.base.StructuredFieldBaseTriplets
false
app
decodeAFP
IAFPDecodeableWriteable.java
64
com.mgz.afp.exceptions.IAFPDecodeableWriteable
false
app
parseNextSFFromBuffer
AFPParser.java
466
com.mgz.afp.parser.AFPParser
false
app
parseNextSF
AFPParser.java
382
com.mgz.afp.parser.AFPParser
false
app
convertToXml
Afp2Xml.java
469
com.mgz.cli.Afp2Xml
false
app
execute
Afp2Xml.java
376
com.mgz.cli.Afp2Xml
false
app
main
Afp2Xml.java
65
com.mgz.cli.Afp2Xml
false
Invalid triplet length: 0
Invalid triplet length: 0
10
Undefined
AADdjUYCmozykg==
app
parseTriplet
TripletParser.java
205
com.mgz.afp.parser.TripletParser
false
app
parseTriplets
TripletParser.java
133
com.mgz.afp.parser.TripletParser
false
app
decodeAFP
StructuredFieldBaseTriplets.java
84
com.mgz.afp.base.StructuredFieldBaseTriplets
false
app
decodeAFP
IAFPDecodeableWriteable.java
64
com.mgz.afp.exceptions.IAFPDecodeableWriteable
false
app
parseNextSFFromBuffer
AFPParser.java
466
com.mgz.afp.parser.AFPParser
false
app
parseNextSF
AFPParser.java
382
com.mgz.afp.parser.AFPParser
false
app
convertToXml
Afp2Xml.java
469
com.mgz.cli.Afp2Xml
false
app
execute
Afp2Xml.java
376
com.mgz.cli.Afp2Xml
false
app
main
Afp2Xml.java
65
com.mgz.cli.Afp2Xml
false
Invalid triplet length: 0
Invalid triplet length: 0
10
Undefined
AADdjUYCmozykg==
app
parseTriplet
TripletParser.java
205
com.mgz.afp.parser.TripletParser
false
app
parseTriplets
TripletParser.java
133
com.mgz.afp.parser.TripletParser
false
app
decodeAFP
StructuredFieldBaseTriplets.java
84
com.mgz.afp.base.StructuredFieldBaseTriplets
false
app
decodeAFP
IAFPDecodeableWriteable.java
64
com.mgz.afp.exceptions.IAFPDecodeableWriteable
false
app
parseNextSFFromBuffer
AFPParser.java
466
com.mgz.afp.parser.AFPParser
false
app
parseNextSF
AFPParser.java
382
com.mgz.afp.parser.AFPParser
false
app
convertToXml
Afp2Xml.java
469
com.mgz.cli.Afp2Xml
false
app
execute
Afp2Xml.java
376
com.mgz.cli.Afp2Xml
false
app
main
Afp2Xml.java
65
com.mgz.cli.Afp2Xml
false
Invalid triplet length: 0
Invalid triplet length: 0
10
Undefined
AADdjUYCmozykg==
app
parseTriplet
TripletParser.java
205
com.mgz.afp.parser.TripletParser
false
app
parseTriplets
TripletParser.java
133
com.mgz.afp.parser.TripletParser
false
app
decodeAFP
StructuredFieldBaseTriplets.java
84
com.mgz.afp.base.StructuredFieldBaseTriplets
false
app
decodeAFP
IAFPDecodeableWriteable.java
64
com.mgz.afp.exceptions.IAFPDecodeableWriteable
false
app
parseNextSFFromBuffer
AFPParser.java
466
com.mgz.afp.parser.AFPParser
false
app
parseNextSF
AFPParser.java
382
com.mgz.afp.parser.AFPParser
false
app
convertToXml
Afp2Xml.java
469
com.mgz.cli.Afp2Xml
false
app
execute
Afp2Xml.java
376
com.mgz.cli.Afp2Xml
false
app
main
Afp2Xml.java
65
com.mgz.cli.Afp2Xml
false
Invalid triplet length: 0
Invalid triplet length: 0
10
Undefined
AADdjUYCmozykg==
app
parseTriplet
TripletParser.java
205
com.mgz.afp.parser.TripletParser
false
app
parseTriplets
TripletParser.java
133
com.mgz.afp.parser.TripletParser
false
app
decodeAFP
StructuredFieldBaseTriplets.java
84
com.mgz.afp.base.StructuredFieldBaseTriplets
false
app
decodeAFP
IAFPDecodeableWriteable.java
64
com.mgz.afp.exceptions.IAFPDecodeableWriteable
false
app
parseNextSFFromBuffer
AFPParser.java
466
com.mgz.afp.parser.AFPParser
false
app
parseNextSF
AFPParser.java
382
com.mgz.afp.parser.AFPParser
false
app
convertToXml
Afp2Xml.java
469
com.mgz.cli.Afp2Xml
false
app
execute
Afp2Xml.java
376
com.mgz.cli.Afp2Xml
false
app
main
Afp2Xml.java
65
com.mgz.cli.Afp2Xml
false
Invalid triplet length: 0
Invalid triplet length: 0
10
Undefined
AADdjUYCmozykg==
app
parseTriplet
TripletParser.java
205
com.mgz.afp.parser.TripletParser
false
app
parseTriplets
TripletParser.java
133
com.mgz.afp.parser.TripletParser
false
app
decodeAFP
StructuredFieldBaseTriplets.java
84
com.mgz.afp.base.StructuredFieldBaseTriplets
false
app
decodeAFP
IAFPDecodeableWriteable.java
64
com.mgz.afp.exceptions.IAFPDecodeableWriteable
false
app
parseNextSFFromBuffer
AFPParser.java
466
com.mgz.afp.parser.AFPParser
false
app
parseNextSF
AFPParser.java
382
com.mgz.afp.parser.AFPParser
false
app
convertToXml
Afp2Xml.java
469
com.mgz.cli.Afp2Xml
false
app
execute
Afp2Xml.java
376
com.mgz.cli.Afp2Xml
false
app
main
Afp2Xml.java
65
com.mgz.cli.Afp2Xml
false
Invalid triplet length: 0
Invalid triplet length: 0
10
Undefined
AADdjUYCmozykg==
app
parseTriplet
TripletParser.java
205
com.mgz.afp.parser.TripletParser
false
app
parseTriplets
TripletParser.java
133
com.mgz.afp.parser.TripletParser
false
app
decodeAFP
StructuredFieldBaseTriplets.java
84
com.mgz.afp.base.StructuredFieldBaseTriplets
false
app
decodeAFP
IAFPDecodeableWriteable.java
64
com.mgz.afp.exceptions.IAFPDecodeableWriteable
false
app
parseNextSFFromBuffer
AFPParser.java
466
com.mgz.afp.parser.AFPParser
false
app
parseNextSF
AFPParser.java
382
com.mgz.afp.parser.AFPParser
false
app
convertToXml
Afp2Xml.java
469
com.mgz.cli.Afp2Xml
false
app
execute
Afp2Xml.java
376
com.mgz.cli.Afp2Xml
false
app
main
Afp2Xml.java
65
com.mgz.cli.Afp2Xml
false
Invalid triplet length: 0
Invalid triplet length: 0
10
Undefined
AADdjUYCmozykg==
app
parseTriplet
TripletParser.java
205
com.mgz.afp.parser.TripletParser
false
app
parseTriplets
TripletParser.java
133
com.mgz.afp.parser.TripletParser
false
app
decodeAFP
StructuredFieldBaseTriplets.java
84
com.mgz.afp.base.StructuredFieldBaseTriplets
false
app
decodeAFP
IAFPDecodeableWriteable.java
64
com.mgz.afp.exceptions.IAFPDecodeableWriteable
false
app
parseNextSFFromBuffer
AFPParser.java
466
com.mgz.afp.parser.AFPParser
false
app
parseNextSF
AFPParser.java
382
com.mgz.afp.parser.AFPParser
false
app
convertToXml
Afp2Xml.java
469
com.mgz.cli.Afp2Xml
false
app
execute
Afp2Xml.java
376
com.mgz.cli.Afp2Xml
false
app
main
Afp2Xml.java
65
com.mgz.cli.Afp2Xml
false
Invalid triplet length: 0
Invalid triplet length: 0
10
Undefined
AADdjUYCmozykg==
app
parseTriplet
TripletParser.java
205
com.mgz.afp.parser.TripletParser
false
app
parseTriplets
TripletParser.java
133
com.mgz.afp.parser.TripletParser
false
app
decodeAFP
StructuredFieldBaseTriplets.java
84
com.mgz.afp.base.StructuredFieldBaseTriplets
false
app
decodeAFP
IAFPDecodeableWriteable.java
64
com.mgz.afp.exceptions.IAFPDecodeableWriteable
false
app
parseNextSFFromBuffer
AFPParser.java
466
com.mgz.afp.parser.AFPParser
false
app
parseNextSF
AFPParser.java
382
com.mgz.afp.parser.AFPParser
false
app
convertToXml
Afp2Xml.java
469
com.mgz.cli.Afp2Xml
false
app
execute
Afp2Xml.java
376
com.mgz.cli.Afp2Xml
false
app
main
Afp2Xml.java
65
com.mgz.cli.Afp2Xml
false
Invalid triplet length: 0
Invalid triplet length: 0
10
Undefined
AADdjUYCmozykg==
app
parseTriplet
TripletParser.java
205
com.mgz.afp.parser.TripletParser
false
app
parseTriplets
TripletParser.java
133
com.mgz.afp.parser.TripletParser
false
app
decodeAFP
StructuredFieldBaseTriplets.java
84
com.mgz.afp.base.StructuredFieldBaseTriplets
false
app
decodeAFP
IAFPDecodeableWriteable.java
64
com.mgz.afp.exceptions.IAFPDecodeableWriteable
false
app
parseNextSFFromBuffer
AFPParser.java
466
com.mgz.afp.parser.AFPParser
false
app
parseNextSF
AFPParser.java
382
com.mgz.afp.parser.AFPParser
false
app
convertToXml
Afp2Xml.java
469
com.mgz.cli.Afp2Xml
false
app
execute
Afp2Xml.java
376
com.mgz.cli.Afp2Xml
false
app
main
Afp2Xml.java
65
com.mgz.cli.Afp2Xml
false
Invalid triplet length: 0
Invalid triplet length: 0
10
Undefined
AADdjUYCmozykg==
app
parseTriplet
TripletParser.java
205
com.mgz.afp.parser.TripletParser
false
app
parseTriplets
TripletParser.java
133
com.mgz.afp.parser.TripletParser
false
app
decodeAFP
StructuredFieldBaseTriplets.java
84
com.mgz.afp.base.StructuredFieldBaseTriplets
false
app
decodeAFP
IAFPDecodeableWriteable.java
64
com.mgz.afp.exceptions.IAFPDecodeableWriteable
false
app
parseNextSFFromBuffer
AFPParser.java
466
com.mgz.afp.parser.AFPParser
false
app
parseNextSF
AFPParser.java
382
com.mgz.afp.parser.AFPParser
false
app
convertToXml
Afp2Xml.java
469
com.mgz.cli.Afp2Xml
false
app
execute
Afp2Xml.java
376
com.mgz.cli.Afp2Xml
false
app
main
Afp2Xml.java
65
com.mgz.cli.Afp2Xml
false
Invalid triplet length: 0
Invalid triplet length: 0
10
Undefined
AADdjUYCmozykg==
app
parseTriplet
TripletParser.java
205
com.mgz.afp.parser.TripletParser
false
app
parseTriplets
TripletParser.java
133
com.mgz.afp.parser.TripletParser
false
app
decodeAFP
StructuredFieldBaseTriplets.java
84
com.mgz.afp.base.StructuredFieldBaseTriplets
false
app
decodeAFP
IAFPDecodeableWriteable.java
64
com.mgz.afp.exceptions.IAFPDecodeableWriteable
false
app
parseNextSFFromBuffer
AFPParser.java
466
com.mgz.afp.parser.AFPParser
false
app
parseNextSF
AFPParser.java
382
com.mgz.afp.parser.AFPParser
false
app
convertToXml
Afp2Xml.java
469
com.mgz.cli.Afp2Xml
false
app
execute
Afp2Xml.java
376
com.mgz.cli.Afp2Xml
false
app
main
Afp2Xml.java
65
com.mgz.cli.Afp2Xml
false
Invalid triplet length: 0
Invalid triplet length: 0
10
Undefined
AADdjUYCmozykg==
app
parseTriplet
TripletParser.java
205
com.mgz.afp.parser.TripletParser
false
app
parseTriplets
TripletParser.java
133
com.mgz.afp.parser.TripletParser
false
app
decodeAFP
StructuredFieldBaseTriplets.java
84
com.mgz.afp.base.StructuredFieldBaseTriplets
false
app
decodeAFP
IAFPDecodeableWriteable.java
64
com.mgz.afp.exceptions.IAFPDecodeableWriteable
false
app
parseNextSFFromBuffer
AFPParser.java
466
com.mgz.afp.parser.AFPParser
false
app
parseNextSF
AFPParser.java
382
com.mgz.afp.parser.AFPParser
false
app
convertToXml
Afp2Xml.java
469
com.mgz.cli.Afp2Xml
false
app
execute
Afp2Xml.java
376
com.mgz.cli.Afp2Xml
false
app
main
Afp2Xml.java
65
com.mgz.cli.Afp2Xml
false
Invalid triplet length: 0
Invalid triplet length: 0
10
Undefined
AADdjUYCmozykg==
app
parseTriplet
TripletParser.java
205
com.mgz.afp.parser.TripletParser
false
app
parseTriplets
TripletParser.java
133
com.mgz.afp.parser.TripletParser
false
app
decodeAFP
StructuredFieldBaseTriplets.java
84
com.mgz.afp.base.StructuredFieldBaseTriplets
false
app
decodeAFP
IAFPDecodeableWriteable.java
64
com.mgz.afp.exceptions.IAFPDecodeableWriteable
false
app
parseNextSFFromBuffer
AFPParser.java
466
com.mgz.afp.parser.AFPParser
false
app
parseNextSF
AFPParser.java
382
com.mgz.afp.parser.AFPParser
false
app
convertToXml
Afp2Xml.java
469
com.mgz.cli.Afp2Xml
false
app
execute
Afp2Xml.java
376
com.mgz.cli.Afp2Xml
false
app
main
Afp2Xml.java
65
com.mgz.cli.Afp2Xml
false
Invalid triplet length: 0
Invalid triplet length: 0
10
Undefined
AADdjUYCmozykg==
app
parseTriplet
TripletParser.java
205
com.mgz.afp.parser.TripletParser
false
app
parseTriplets
TripletParser.java
133
com.mgz.afp.parser.TripletParser
false
app
decodeAFP
StructuredFieldBaseTriplets.java
84
com.mgz.afp.base.StructuredFieldBaseTriplets
false
app
decodeAFP
IAFPDecodeableWriteable.java
64
com.mgz.afp.exceptions.IAFPDecodeableWriteable
false
app
parseNextSFFromBuffer
AFPParser.java
466
com.mgz.afp.parser.AFPParser
false
app
parseNextSF
AFPParser.java
382
com.mgz.afp.parser.AFPParser
false
app
convertToXml
Afp2Xml.java
469
com.mgz.cli.Afp2Xml
false
app
execute
Afp2Xml.java
376
com.mgz.cli.Afp2Xml
false
app
main
Afp2Xml.java
65
com.mgz.cli.Afp2Xml
false
Invalid triplet length: 0
Invalid triplet length: 0
10
Undefined
AADdjUYCmozykg==
app
parseTriplet
TripletParser.java
205
com.mgz.afp.parser.TripletParser
false
app
parseTriplets
TripletParser.java
133
com.mgz.afp.parser.TripletParser
false
app
decodeAFP
StructuredFieldBaseTriplets.java
84
com.mgz.afp.base.StructuredFieldBaseTriplets
false
app
decodeAFP
IAFPDecodeableWriteable.java
64
com.mgz.afp.exceptions.IAFPDecodeableWriteable
false
app
parseNextSFFromBuffer
AFPParser.java
466
com.mgz.afp.parser.AFPParser
false
app
parseNextSF
AFPParser.java
382
com.mgz.afp.parser.AFPParser
false
app
convertToXml
Afp2Xml.java
469
com.mgz.cli.Afp2Xml
false
app
execute
Afp2Xml.java
376
com.mgz.cli.Afp2Xml
false
app
main
Afp2Xml.java
65
com.mgz.cli.Afp2Xml
false
Invalid triplet length: 0
Invalid triplet length: 0
10
Undefined
AADdjUYCmozykg==
app
parseTriplet
TripletParser.java
205
com.mgz.afp.parser.TripletParser
false
app
parseTriplets
TripletParser.java
133
com.mgz.afp.parser.TripletParser
false
app
decodeAFP
StructuredFieldBaseTriplets.java
84
com.mgz.afp.base.StructuredFieldBaseTriplets
false
app
decodeAFP
IAFPDecodeableWriteable.java
64
com.mgz.afp.exceptions.IAFPDecodeableWriteable
false
app
parseNextSFFromBuffer
AFPParser.java
466
com.mgz.afp.parser.AFPParser
false
app
parseNextSF
AFPParser.java
382
com.mgz.afp.parser.AFPParser
false
app
convertToXml
Afp2Xml.java
469
com.mgz.cli.Afp2Xml
false
app
execute
Afp2Xml.java
376
com.mgz.cli.Afp2Xml
false
app
main
Afp2Xml.java
65
com.mgz.cli.Afp2Xml
false
Invalid triplet length: 0
Invalid triplet length: 0
10
Undefined
AADdjUYCmozykg==
app
parseTriplet
TripletParser.java
205
com.mgz.afp.parser.TripletParser
false
app
parseTriplets
TripletParser.java
133
com.mgz.afp.parser.TripletParser
false
app
decodeAFP
StructuredFieldBaseTriplets.java
84
com.mgz.afp.base.StructuredFieldBaseTriplets
false
app
decodeAFP
IAFPDecodeableWriteable.java
64
com.mgz.afp.exceptions.IAFPDecodeableWriteable
false
app
parseNextSFFromBuffer
AFPParser.java
466
com.mgz.afp.parser.AFPParser
false
app
parseNextSF
AFPParser.java
382
com.mgz.afp.parser.AFPParser
false
app
convertToXml
Afp2Xml.java
469
com.mgz.cli.Afp2Xml
false
app
execute
Afp2Xml.java
376
com.mgz.cli.Afp2Xml
false
app
main
Afp2Xml.java
65
com.mgz.cli.Afp2Xml
false
Invalid triplet length: 0
Invalid triplet length: 0
10
Undefined
AADdjUYCmozykg==
app
parseTriplet
TripletParser.java
205
com.mgz.afp.parser.TripletParser
false
app
parseTriplets
TripletParser.java
133
com.mgz.afp.parser.TripletParser
false
app
decodeAFP
StructuredFieldBaseTriplets.java
84
com.mgz.afp.base.StructuredFieldBaseTriplets
false
app
decodeAFP
IAFPDecodeableWriteable.java
64
com.mgz.afp.exceptions.IAFPDecodeableWriteable
false
app
parseNextSFFromBuffer
AFPParser.java
466
com.mgz.afp.parser.AFPParser
false
app
parseNextSF
AFPParser.java
382
com.mgz.afp.parser.AFPParser
false
app
convertToXml
Afp2Xml.java
469
com.mgz.cli.Afp2Xml
false
app
execute
Afp2Xml.java
376
com.mgz.cli.Afp2Xml
false
app
main
Afp2Xml.java
65
com.mgz.cli.Afp2Xml
false
Invalid triplet length: 0
Invalid triplet length: 0
10
Undefined
AADdjUYCmozykg==
app
parseTriplet
TripletParser.java
205
com.mgz.afp.parser.TripletParser
false
app
parseTriplets
TripletParser.java
133
com.mgz.afp.parser.TripletParser
false
app
decodeAFP
StructuredFieldBaseTriplets.java
84
com.mgz.afp.base.StructuredFieldBaseTriplets
false
app
decodeAFP
IAFPDecodeableWriteable.java
64
com.mgz.afp.exceptions.IAFPDecodeableWriteable
false
app
parseNextSFFromBuffer
AFPParser.java
466
com.mgz.afp.parser.AFPParser
false
app
parseNextSF
AFPParser.java
382
com.mgz.afp.parser.AFPParser
false
app
convertToXml
Afp2Xml.java
469
com.mgz.cli.Afp2Xml
false
app
execute
Afp2Xml.java
376
com.mgz.cli.Afp2Xml
false
app
main
Afp2Xml.java
65
com.mgz.cli.Afp2Xml
false
Invalid triplet length: 0
Invalid triplet length: 0
10
Undefined
AADdjUYCmozykg==
app
parseTriplet
TripletParser.java
205
com.mgz.afp.parser.TripletParser
false
app
parseTriplets
TripletParser.java
133
com.mgz.afp.parser.TripletParser
false
app
decodeAFP
StructuredFieldBaseTriplets.java
84
com.mgz.afp.base.StructuredFieldBaseTriplets
false
app
decodeAFP
IAFPDecodeableWriteable.java
64
com.mgz.afp.exceptions.IAFPDecodeableWriteable
false
app
parseNextSFFromBuffer
AFPParser.java
466
com.mgz.afp.parser.AFPParser
false
app
parseNextSF
AFPParser.java
382
com.mgz.afp.parser.AFPParser
false
app
convertToXml
Afp2Xml.java
469
com.mgz.cli.Afp2Xml
false
app
execute
Afp2Xml.java
376
com.mgz.cli.Afp2Xml
false
app
main
Afp2Xml.java
65
com.mgz.cli.Afp2Xml
false
Invalid triplet length: 0
Invalid triplet length: 0
10
Undefined
AADdjUYCmozykg==
app
parseTriplet
TripletParser.java
205
com.mgz.afp.parser.TripletParser
false
app
parseTriplets
TripletParser.java
133
com.mgz.afp.parser.TripletParser
false
app
decodeAFP
StructuredFieldBaseTriplets.java
84
com.mgz.afp.base.StructuredFieldBaseTriplets
false
app
decodeAFP
IAFPDecodeableWriteable.java
64
com.mgz.afp.exceptions.IAFPDecodeableWriteable
false
app
parseNextSFFromBuffer
AFPParser.java
466
com.mgz.afp.parser.AFPParser
false
app
parseNextSF
AFPParser.java
382
com.mgz.afp.parser.AFPParser
false
app
convertToXml
Afp2Xml.java
469
com.mgz.cli.Afp2Xml
false
app
execute
Afp2Xml.java
376
com.mgz.cli.Afp2Xml
false
app
main
Afp2Xml.java
65
com.mgz.cli.Afp2Xml
false
Invalid triplet length: 0
Invalid triplet length: 0
10
Undefined
AADdjUYCmozykg==
app
parseTriplet
TripletParser.java
205
com.mgz.afp.parser.TripletParser
false
app
parseTriplets
TripletParser.java
133
com.mgz.afp.parser.TripletParser
false
app
decodeAFP
StructuredFieldBaseTriplets.java
84
com.mgz.afp.base.StructuredFieldBaseTriplets
false
app
decodeAFP
IAFPDecodeableWriteable.java
64
com.mgz.afp.exceptions.IAFPDecodeableWriteable
false
app
parseNextSFFromBuffer
AFPParser.java
466
com.mgz.afp.parser.AFPParser
false
app
parseNextSF
AFPParser.java
382
com.mgz.afp.parser.AFPParser
false
app
convertToXml
Afp2Xml.java
469
com.mgz.cli.Afp2Xml
false
app
execute
Afp2Xml.java
376
com.mgz.cli.Afp2Xml
false
app
main
Afp2Xml.java
65
com.mgz.cli.Afp2Xml
false
Invalid triplet length: 0
Invalid triplet length: 0
10
Undefined
AADdjUYCmozykg==
app
parseTriplet
TripletParser.java
205
com.mgz.afp.parser.TripletParser
false
app
parseTriplets
TripletParser.java
133
com.mgz.afp.parser.TripletParser
false
app
decodeAFP
StructuredFieldBaseTriplets.java
84
com.mgz.afp.base.StructuredFieldBaseTriplets
false
app
decodeAFP
IAFPDecodeableWriteable.java
64
com.mgz.afp.exceptions.IAFPDecodeableWriteable
false
app
parseNextSFFromBuffer
AFPParser.java
466
com.mgz.afp.parser.AFPParser
false
app
parseNextSF
AFPParser.java
382
com.mgz.afp.parser.AFPParser
false
app
convertToXml
Afp2Xml.java
469
com.mgz.cli.Afp2Xml
false
app
execute
Afp2Xml.java
376
com.mgz.cli.Afp2Xml
false
app
main
Afp2Xml.java
65
com.mgz.cli.Afp2Xml
false
Invalid triplet length: 0
Invalid triplet length: 0
10
Undefined
AADdjUYCmozykg==
app
parseTriplet
TripletParser.java
205
com.mgz.afp.parser.TripletParser
false
app
parseTriplets
TripletParser.java
133
com.mgz.afp.parser.TripletParser
false
app
decodeAFP
StructuredFieldBaseTriplets.java
84
com.mgz.afp.base.StructuredFieldBaseTriplets
false
app
decodeAFP
IAFPDecodeableWriteable.java
64
com.mgz.afp.exceptions.IAFPDecodeableWriteable
false
app
parseNextSFFromBuffer
AFPParser.java
466
com.mgz.afp.parser.AFPParser
false
app
parseNextSF
AFPParser.java
382
com.mgz.afp.parser.AFPParser
false
app
convertToXml
Afp2Xml.java
469
com.mgz.cli.Afp2Xml
false
app
execute
Afp2Xml.java
376
com.mgz.cli.Afp2Xml
false
app
main
Afp2Xml.java
65
com.mgz.cli.Afp2Xml
false
Invalid triplet length: 0
Invalid triplet length: 0
10
Undefined
AADdjUYCmozykg==
app
parseTriplet
TripletParser.java
205
com.mgz.afp.parser.TripletParser
false
app
parseTriplets
TripletParser.java
133
com.mgz.afp.parser.TripletParser
false
app
decodeAFP
StructuredFieldBaseTriplets.java
84
com.mgz.afp.base.StructuredFieldBaseTriplets
false
app
decodeAFP
IAFPDecodeableWriteable.java
64
com.mgz.afp.exceptions.IAFPDecodeableWriteable
false
app
parseNextSFFromBuffer
AFPParser.java
466
com.mgz.afp.parser.AFPParser
false
app
parseNextSF
AFPParser.java
382
com.mgz.afp.parser.AFPParser
false
app
convertToXml
Afp2Xml.java
469
com.mgz.cli.Afp2Xml
false
app
execute
Afp2Xml.java
376
com.mgz.cli.Afp2Xml
false
app
main
Afp2Xml.java
65
com.mgz.cli.Afp2Xml
false
Invalid triplet length: 0
Invalid triplet length: 0
10
Undefined
AADdjUYCmozykg==
app
parseTriplet
TripletParser.java
205
com.mgz.afp.parser.TripletParser
false
app
parseTriplets
TripletParser.java
133
com.mgz.afp.parser.TripletParser
false
app
decodeAFP
StructuredFieldBaseTriplets.java
84
com.mgz.afp.base.StructuredFieldBaseTriplets
false
app
decodeAFP
IAFPDecodeableWriteable.java
64
com.mgz.afp.exceptions.IAFPDecodeableWriteable
false
app
parseNextSFFromBuffer
AFPParser.java
466
com.mgz.afp.parser.AFPParser
false
app
parseNextSF
AFPParser.java
382
com.mgz.afp.parser.AFPParser
false
app
convertToXml
Afp2Xml.java
469
com.mgz.cli.Afp2Xml
false
app
execute
Afp2Xml.java
376
com.mgz.cli.Afp2Xml
false
app
main
Afp2Xml.java
65
com.mgz.cli.Afp2Xml
false
Invalid triplet length: 0
Invalid triplet length: 0
10
Undefined
AADdjUYCmozykg==
app
parseTriplet
TripletParser.java
205
com.mgz.afp.parser.TripletParser
false
app
parseTriplets
TripletParser.java
133
com.mgz.afp.parser.TripletParser
false
app
decodeAFP
StructuredFieldBaseTriplets.java
84
com.mgz.afp.base.StructuredFieldBaseTriplets
false
app
decodeAFP
IAFPDecodeableWriteable.java
64
com.mgz.afp.exceptions.IAFPDecodeableWriteable
false
app
parseNextSFFromBuffer
AFPParser.java
466
com.mgz.afp.parser.AFPParser
false
app
parseNextSF
AFPParser.java
382
com.mgz.afp.parser.AFPParser
false
app
convertToXml
Afp2Xml.java
469
com.mgz.cli.Afp2Xml
false
app
execute
Afp2Xml.java
376
com.mgz.cli.Afp2Xml
false
app
main
Afp2Xml.java
65
com.mgz.cli.Afp2Xml
false
Invalid triplet length: 0
Invalid triplet length: 0
10
Undefined
AADdjUYCmozykg==
app
parseTriplet
TripletParser.java
205
com.mgz.afp.parser.TripletParser
false
app
parseTriplets
TripletParser.java
133
com.mgz.afp.parser.TripletParser
false
app
decodeAFP
StructuredFieldBaseTriplets.java
84
com.mgz.afp.base.StructuredFieldBaseTriplets
false
app
decodeAFP
IAFPDecodeableWriteable.java
64
com.mgz.afp.exceptions.IAFPDecodeableWriteable
false
app
parseNextSFFromBuffer
AFPParser.java
466
com.mgz.afp.parser.AFPParser
false
app
parseNextSF
AFPParser.java
382
com.mgz.afp.parser.AFPParser
false
app
convertToXml
Afp2Xml.java
469
com.mgz.cli.Afp2Xml
false
app
execute
Afp2Xml.java
376
com.mgz.cli.Afp2Xml
false
app
main
Afp2Xml.java
65
com.mgz.cli.Afp2Xml
false
Invalid triplet length: 0
Invalid triplet length: 0
10
Undefined
AADdjUYCmozykg==
app
parseTriplet
TripletParser.java
205
com.mgz.afp.parser.TripletParser
false
app
parseTriplets
TripletParser.java
133
com.mgz.afp.parser.TripletParser
false
app
decodeAFP
StructuredFieldBaseTriplets.java
84
com.mgz.afp.base.StructuredFieldBaseTriplets
false
app
decodeAFP
IAFPDecodeableWriteable.java
64
com.mgz.afp.exceptions.IAFPDecodeableWriteable
false
app
parseNextSFFromBuffer
AFPParser.java
466
com.mgz.afp.parser.AFPParser
false
app
parseNextSF
AFPParser.java
382
com.mgz.afp.parser.AFPParser
false
app
convertToXml
Afp2Xml.java
469
com.mgz.cli.Afp2Xml
false
app
execute
Afp2Xml.java
376
com.mgz.cli.Afp2Xml
false
app
main
Afp2Xml.java
65
com.mgz.cli.Afp2Xml
false
Invalid triplet length: 0
Invalid triplet length: 0
10
Undefined
AADdjUYCmozykg==
app
parseTriplet
TripletParser.java
205
com.mgz.afp.parser.TripletParser
false
app
parseTriplets
TripletParser.java
133
com.mgz.afp.parser.TripletParser
false
app
decodeAFP
StructuredFieldBaseTriplets.java
84
com.mgz.afp.base.StructuredFieldBaseTriplets
false
app
decodeAFP
IAFPDecodeableWriteable.java
64
com.mgz.afp.exceptions.IAFPDecodeableWriteable
false
app
parseNextSFFromBuffer
AFPParser.java
466
com.mgz.afp.parser.AFPParser
false
app
parseNextSF
AFPParser.java
382
com.mgz.afp.parser.AFPParser
false
app
convertToXml
Afp2Xml.java
469
com.mgz.cli.Afp2Xml
false
app
execute
Afp2Xml.java
376
com.mgz.cli.Afp2Xml
false
app
main
Afp2Xml.java
65
com.mgz.cli.Afp2Xml
false
Invalid triplet length: 0
Invalid triplet length: 0
10
Undefined
AADdjUYCmozykg==
app
parseTriplet
TripletParser.java
205
com.mgz.afp.parser.TripletParser
false
app
parseTriplets
TripletParser.java
133
com.mgz.afp.parser.TripletParser
false
app
decodeAFP
StructuredFieldBaseTriplets.java
84
com.mgz.afp.base.StructuredFieldBaseTriplets
false
app
decodeAFP
IAFPDecodeableWriteable.java
64
com.mgz.afp.exceptions.IAFPDecodeableWriteable
false
app
parseNextSFFromBuffer
AFPParser.java
466
com.mgz.afp.parser.AFPParser
false
app
parseNextSF
AFPParser.java
382
com.mgz.afp.parser.AFPParser
false
app
convertToXml
Afp2Xml.java
469
com.mgz.cli.Afp2Xml
false
app
execute
Afp2Xml.java
376
com.mgz.cli.Afp2Xml
false
app
main
Afp2Xml.java
65
com.mgz.cli.Afp2Xml
false
Invalid triplet length: 0
Invalid triplet length: 0
10
Undefined
AADdjUYCmozykg==
app
parseTriplet
TripletParser.java
205
com.mgz.afp.parser.TripletParser
false
app
parseTriplets
TripletParser.java
133
com.mgz.afp.parser.TripletParser
false
app
decodeAFP
StructuredFieldBaseTriplets.java
84
com.mgz.afp.base.StructuredFieldBaseTriplets
false
app
decodeAFP
IAFPDecodeableWriteable.java
64
com.mgz.afp.exceptions.IAFPDecodeableWriteable
false
app
parseNextSFFromBuffer
AFPParser.java
466
com.mgz.afp.parser.AFPParser
false
app
parseNextSF
AFPParser.java
382
com.mgz.afp.parser.AFPParser
false
app
convertToXml
Afp2Xml.java
469
com.mgz.cli.Afp2Xml
false
app
execute
Afp2Xml.java
376
com.mgz.cli.Afp2Xml
false
app
main
Afp2Xml.java
65
com.mgz.cli.Afp2Xml
false
Invalid triplet length: 0
Invalid triplet length: 0
10
Undefined
AADdjUYCmozykg==
app
parseTriplet
TripletParser.java
205
com.mgz.afp.parser.TripletParser
false
app
parseTriplets
TripletParser.java
133
com.mgz.afp.parser.TripletParser
false
app
decodeAFP
StructuredFieldBaseTriplets.java
84
com.mgz.afp.base.StructuredFieldBaseTriplets
false
app
decodeAFP
IAFPDecodeableWriteable.java
64
com.mgz.afp.exceptions.IAFPDecodeableWriteable
false
app
parseNextSFFromBuffer
AFPParser.java
466
com.mgz.afp.parser.AFPParser
false
app
parseNextSF
AFPParser.java
382
com.mgz.afp.parser.AFPParser
false
app
convertToXml
Afp2Xml.java
469
com.mgz.cli.Afp2Xml
false
app
execute
Afp2Xml.java
376
com.mgz.cli.Afp2Xml
false
app
main
Afp2Xml.java
65
com.mgz.cli.Afp2Xml
false
Invalid triplet length: 0
Invalid triplet length: 0
10
Undefined
AADdjUYCmozykg==
app
parseTriplet
TripletParser.java
205
com.mgz.afp.parser.TripletParser
false
app
parseTriplets
TripletParser.java
133
com.mgz.afp.parser.TripletParser
false
app
decodeAFP
StructuredFieldBaseTriplets.java
84
com.mgz.afp.base.StructuredFieldBaseTriplets
false
app
decodeAFP
IAFPDecodeableWriteable.java
64
com.mgz.afp.exceptions.IAFPDecodeableWriteable
false
app
parseNextSFFromBuffer
AFPParser.java
466
com.mgz.afp.parser.AFPParser
false
app
parseNextSF
AFPParser.java
382
com.mgz.afp.parser.AFPParser
false
app
convertToXml
Afp2Xml.java
469
com.mgz.cli.Afp2Xml
false
app
execute
Afp2Xml.java
376
com.mgz.cli.Afp2Xml
false
app
main
Afp2Xml.java
65
com.mgz.cli.Afp2Xml
false
Invalid triplet length: 0
Invalid triplet length: 0
10
Undefined
AADdjUYCmozykg==
app
parseTriplet
TripletParser.java
205
com.mgz.afp.parser.TripletParser
false
app
parseTriplets
TripletParser.java
133
com.mgz.afp.parser.TripletParser
false
app
decodeAFP
StructuredFieldBaseTriplets.java
84
com.mgz.afp.base.StructuredFieldBaseTriplets
false
app
decodeAFP
IAFPDecodeableWriteable.java
64
com.mgz.afp.exceptions.IAFPDecodeableWriteable
false
app
parseNextSFFromBuffer
AFPParser.java
466
com.mgz.afp.parser.AFPParser
false
app
parseNextSF
AFPParser.java
382
com.mgz.afp.parser.AFPParser
false
app
convertToXml
Afp2Xml.java
469
com.mgz.cli.Afp2Xml
false
app
execute
Afp2Xml.java
376
com.mgz.cli.Afp2Xml
false
app
main
Afp2Xml.java
65
com.mgz.cli.Afp2Xml
false
Invalid triplet length: 0
Invalid triplet length: 0
10
Undefined
AADdjUYCmozykg==
app
parseTriplet
TripletParser.java
205
com.mgz.afp.parser.TripletParser
false
app
parseTriplets
TripletParser.java
133
com.mgz.afp.parser.TripletParser
false
app
decodeAFP
StructuredFieldBaseTriplets.java
84
com.mgz.afp.base.StructuredFieldBaseTriplets
false
app
decodeAFP
IAFPDecodeableWriteable.java
64
com.mgz.afp.exceptions.IAFPDecodeableWriteable
false
app
parseNextSFFromBuffer
AFPParser.java
466
com.mgz.afp.parser.AFPParser
false
app
parseNextSF
AFPParser.java
382
com.mgz.afp.parser.AFPParser
false
app
convertToXml
Afp2Xml.java
469
com.mgz.cli.Afp2Xml
false
app
execute
Afp2Xml.java
376
com.mgz.cli.Afp2Xml
false
app
main
Afp2Xml.java
65
com.mgz.cli.Afp2Xml
false
Invalid triplet length: 0
Invalid triplet length: 0
10
Undefined
AADdjUYCmozykg==
app
parseTriplet
TripletParser.java
205
com.mgz.afp.parser.TripletParser
false
app
parseTriplets
TripletParser.java
133
com.mgz.afp.parser.TripletParser
false
app
decodeAFP
StructuredFieldBaseTriplets.java
84
com.mgz.afp.base.StructuredFieldBaseTriplets
false
app
decodeAFP
IAFPDecodeableWriteable.java
64
com.mgz.afp.exceptions.IAFPDecodeableWriteable
false
app
parseNextSFFromBuffer
AFPParser.java
466
com.mgz.afp.parser.AFPParser
false
app
parseNextSF
AFPParser.java
382
com.mgz.afp.parser.AFPParser
false
app
convertToXml
Afp2Xml.java
469
com.mgz.cli.Afp2Xml
false
app
execute
Afp2Xml.java
376
com.mgz.cli.Afp2Xml
false
app
main
Afp2Xml.java
65
com.mgz.cli.Afp2Xml
false
Invalid triplet length: 0
Invalid triplet length: 0
10
Undefined
AADdjUYCmozykg==
app
parseTriplet
TripletParser.java
205
com.mgz.afp.parser.TripletParser
false
app
parseTriplets
TripletParser.java
133
com.mgz.afp.parser.TripletParser
false
app
decodeAFP
StructuredFieldBaseTriplets.java
84
com.mgz.afp.base.StructuredFieldBaseTriplets
false
app
decodeAFP
IAFPDecodeableWriteable.java
64
com.mgz.afp.exceptions.IAFPDecodeableWriteable
false
app
parseNextSFFromBuffer
AFPParser.java
466
com.mgz.afp.parser.AFPParser
false
app
parseNextSF
AFPParser.java
382
com.mgz.afp.parser.AFPParser
false
app
convertToXml
Afp2Xml.java
469
com.mgz.cli.Afp2Xml
false
app
execute
Afp2Xml.java
376
com.mgz.cli.Afp2Xml
false
app
main
Afp2Xml.java
65
com.mgz.cli.Afp2Xml
false
Invalid triplet length: 0
Invalid triplet length: 0
10
Undefined
AADdjUYCmozykg==
app
parseTriplet
TripletParser.java
205
com.mgz.afp.parser.TripletParser
false
app
parseTriplets
TripletParser.java
133
com.mgz.afp.parser.TripletParser
false
app
decodeAFP
StructuredFieldBaseTriplets.java
84
com.mgz.afp.base.StructuredFieldBaseTriplets
false
app
decodeAFP
IAFPDecodeableWriteable.java
64
com.mgz.afp.exceptions.IAFPDecodeableWriteable
false
app
parseNextSFFromBuffer
AFPParser.java
466
com.mgz.afp.parser.AFPParser
false
app
parseNextSF
AFPParser.java
382
com.mgz.afp.parser.AFPParser
false
app
convertToXml
Afp2Xml.java
469
com.mgz.cli.Afp2Xml
false
app
execute
Afp2Xml.java
376
com.mgz.cli.Afp2Xml
false
app
main
Afp2Xml.java
65
com.mgz.cli.Afp2Xml
false
Invalid triplet length: 0
Invalid triplet length: 0
10
Undefined
AADdjUYCmozykg==
app
parseTriplet
TripletParser.java
205
com.mgz.afp.parser.TripletParser
false
app
parseTriplets
TripletParser.java
133
com.mgz.afp.parser.TripletParser
false
app
decodeAFP
StructuredFieldBaseTriplets.java
84
com.mgz.afp.base.StructuredFieldBaseTriplets
false
app
decodeAFP
IAFPDecodeableWriteable.java
64
com.mgz.afp.exceptions.IAFPDecodeableWriteable
false
app
parseNextSFFromBuffer
AFPParser.java
466
com.mgz.afp.parser.AFPParser
false
app
parseNextSF
AFPParser.java
382
com.mgz.afp.parser.AFPParser
false
app
convertToXml
Afp2Xml.java
469
com.mgz.cli.Afp2Xml
false
app
execute
Afp2Xml.java
376
com.mgz.cli.Afp2Xml
false
app
main
Afp2Xml.java
65
com.mgz.cli.Afp2Xml
false
Invalid triplet length: 0
Invalid triplet length: 0
10
Undefined
AADdjUYCmozykg==
app
parseTriplet
TripletParser.java
205
com.mgz.afp.parser.TripletParser
false
app
parseTriplets
TripletParser.java
133
com.mgz.afp.parser.TripletParser
false
app
decodeAFP
StructuredFieldBaseTriplets.java
84
com.mgz.afp.base.StructuredFieldBaseTriplets
false
app
decodeAFP
IAFPDecodeableWriteable.java
64
com.mgz.afp.exceptions.IAFPDecodeableWriteable
false
app
parseNextSFFromBuffer
AFPParser.java
466
com.mgz.afp.parser.AFPParser
false
app
parseNextSF
AFPParser.java
382
com.mgz.afp.parser.AFPParser
false
app
convertToXml
Afp2Xml.java
469
com.mgz.cli.Afp2Xml
false
app
execute
Afp2Xml.java
376
com.mgz.cli.Afp2Xml
false
app
main
Afp2Xml.java
65
com.mgz.cli.Afp2Xml
false
Invalid triplet length: 0
Invalid triplet length: 0
10
Undefined
AADdjUYCmozykg==
app
parseTriplet
TripletParser.java
205
com.mgz.afp.parser.TripletParser
false
app
parseTriplets
TripletParser.java
133
com.mgz.afp.parser.TripletParser
false
app
decodeAFP
StructuredFieldBaseTriplets.java
84
com.mgz.afp.base.StructuredFieldBaseTriplets
false
app
decodeAFP
IAFPDecodeableWriteable.java
64
com.mgz.afp.exceptions.IAFPDecodeableWriteable
false
app
parseNextSFFromBuffer
AFPParser.java
466
com.mgz.afp.parser.AFPParser
false
app
parseNextSF
AFPParser.java
382
com.mgz.afp.parser.AFPParser
false
app
convertToXml
Afp2Xml.java
469
com.mgz.cli.Afp2Xml
false
app
execute
Afp2Xml.java
376
com.mgz.cli.Afp2Xml
false
app
main
Afp2Xml.java
65
com.mgz.cli.Afp2Xml
false
Invalid triplet length: 0
Invalid triplet length: 0
10
Undefined
AADdjUYCmozykg==
app
parseTriplet
TripletParser.java
205
com.mgz.afp.parser.TripletParser
false
app
parseTriplets
TripletParser.java
133
com.mgz.afp.parser.TripletParser
false
app
decodeAFP
StructuredFieldBaseTriplets.java
84
com.mgz.afp.base.StructuredFieldBaseTriplets
false
app
decodeAFP
IAFPDecodeableWriteable.java
64
com.mgz.afp.exceptions.IAFPDecodeableWriteable
false
app
parseNextSFFromBuffer
AFPParser.java
466
com.mgz.afp.parser.AFPParser
false
app
parseNextSF
AFPParser.java
382
com.mgz.afp.parser.AFPParser
false
app
convertToXml
Afp2Xml.java
469
com.mgz.cli.Afp2Xml
false
app
execute
Afp2Xml.java
376
com.mgz.cli.Afp2Xml
false
app
main
Afp2Xml.java
65
com.mgz.cli.Afp2Xml
false
Invalid triplet length: 0
Invalid triplet length: 0
10
Undefined
AADdjUYCmozykg==
app
parseTriplet
TripletParser.java
205
com.mgz.afp.parser.TripletParser
false
app
parseTriplets
TripletParser.java
133
com.mgz.afp.parser.TripletParser
false
app
decodeAFP
StructuredFieldBaseTriplets.java
84
com.mgz.afp.base.StructuredFieldBaseTriplets
false
app
decodeAFP
IAFPDecodeableWriteable.java
64
com.mgz.afp.exceptions.IAFPDecodeableWriteable
false
app
parseNextSFFromBuffer
AFPParser.java
466
com.mgz.afp.parser.AFPParser
false
app
parseNextSF
AFPParser.java
382
com.mgz.afp.parser.AFPParser
false
app
convertToXml
Afp2Xml.java
469
com.mgz.cli.Afp2Xml
false
app
execute
Afp2Xml.java
376
com.mgz.cli.Afp2Xml
false
app
main
Afp2Xml.java
65
com.mgz.cli.Afp2Xml
false
Invalid triplet length: 0
Invalid triplet length: 0
10
Undefined
AADdjUYCmozykg==
app
parseTriplet
TripletParser.java
205
com.mgz.afp.parser.TripletParser
false
app
parseTriplets
TripletParser.java
133
com.mgz.afp.parser.TripletParser
false
app
decodeAFP
StructuredFieldBaseTriplets.java
84
com.mgz.afp.base.StructuredFieldBaseTriplets
false
app
decodeAFP
IAFPDecodeableWriteable.java
64
com.mgz.afp.exceptions.IAFPDecodeableWriteable
false
app
parseNextSFFromBuffer
AFPParser.java
466
com.mgz.afp.parser.AFPParser
false
app
parseNextSF
AFPParser.java
382
com.mgz.afp.parser.AFPParser
false
app
convertToXml
Afp2Xml.java
469
com.mgz.cli.Afp2Xml
false
app
execute
Afp2Xml.java
376
com.mgz.cli.Afp2Xml
false
app
main
Afp2Xml.java
65
com.mgz.cli.Afp2Xml
false
Invalid triplet length: 0
Invalid triplet length: 0
10
Undefined
AADdjUYCmozykg==
app
parseTriplet
TripletParser.java
205
com.mgz.afp.parser.TripletParser
false
app
parseTriplets
TripletParser.java
133
com.mgz.afp.parser.TripletParser
false
app
decodeAFP
StructuredFieldBaseTriplets.java
84
com.mgz.afp.base.StructuredFieldBaseTriplets
false
app
decodeAFP
IAFPDecodeableWriteable.java
64
com.mgz.afp.exceptions.IAFPDecodeableWriteable
false
app
parseNextSFFromBuffer
AFPParser.java
466
com.mgz.afp.parser.AFPParser
false
app
parseNextSF
AFPParser.java
382
com.mgz.afp.parser.AFPParser
false
app
convertToXml
Afp2Xml.java
469
com.mgz.cli.Afp2Xml
false
app
execute
Afp2Xml.java
376
com.mgz.cli.Afp2Xml
false
app
main
Afp2Xml.java
65
com.mgz.cli.Afp2Xml
false
Invalid triplet length: 0
Invalid triplet length: 0
10
Undefined
AADdjUYCmozykg==
app
parseTriplet
TripletParser.java
205
com.mgz.afp.parser.TripletParser
false
app
parseTriplets
TripletParser.java
133
com.mgz.afp.parser.TripletParser
false
app
decodeAFP
StructuredFieldBaseTriplets.java
84
com.mgz.afp.base.StructuredFieldBaseTriplets
false
app
decodeAFP
IAFPDecodeableWriteable.java
64
com.mgz.afp.exceptions.IAFPDecodeableWriteable
false
app
parseNextSFFromBuffer
AFPParser.java
466
com.mgz.afp.parser.AFPParser
false
app
parseNextSF
AFPParser.java
382
com.mgz.afp.parser.AFPParser
false
app
convertToXml
Afp2Xml.java
469
com.mgz.cli.Afp2Xml
false
app
execute
Afp2Xml.java
376
com.mgz.cli.Afp2Xml
false
app
main
Afp2Xml.java
65
com.mgz.cli.Afp2Xml
false
Invalid triplet length: 0
Invalid triplet length: 0
10
Undefined
AADdjUYCmozykg==
app
parseTriplet
TripletParser.java
205
com.mgz.afp.parser.TripletParser
false
app
parseTriplets
TripletParser.java
133
com.mgz.afp.parser.TripletParser
false
app
decodeAFP
StructuredFieldBaseTriplets.java
84
com.mgz.afp.base.StructuredFieldBaseTriplets
false
app
decodeAFP
IAFPDecodeableWriteable.java
64
com.mgz.afp.exceptions.IAFPDecodeableWriteable
false
app
parseNextSFFromBuffer
AFPParser.java
466
com.mgz.afp.parser.AFPParser
false
app
parseNextSF
AFPParser.java
382
com.mgz.afp.parser.AFPParser
false
app
convertToXml
Afp2Xml.java
469
com.mgz.cli.Afp2Xml
false
app
execute
Afp2Xml.java
376
com.mgz.cli.Afp2Xml
false
app
main
Afp2Xml.java
65
com.mgz.cli.Afp2Xml
false
Invalid triplet length: 0
Invalid triplet length: 0
10
Undefined
AADdjUYCmozykg==
app
parseTriplet
TripletParser.java
205
com.mgz.afp.parser.TripletParser
false
app
parseTriplets
TripletParser.java
133
com.mgz.afp.parser.TripletParser
false
app
decodeAFP
StructuredFieldBaseTriplets.java
84
com.mgz.afp.base.StructuredFieldBaseTriplets
false
app
decodeAFP
IAFPDecodeableWriteable.java
64
com.mgz.afp.exceptions.IAFPDecodeableWriteable
false
app
parseNextSFFromBuffer
AFPParser.java
466
com.mgz.afp.parser.AFPParser
false
app
parseNextSF
AFPParser.java
382
com.mgz.afp.parser.AFPParser
false
app
convertToXml
Afp2Xml.java
469
com.mgz.cli.Afp2Xml
false
app
execute
Afp2Xml.java
376
com.mgz.cli.Afp2Xml
false
app
main
Afp2Xml.java
65
com.mgz.cli.Afp2Xml
false
Invalid triplet length: 0
Invalid triplet length: 0
10
Undefined
AADdjUYCmozykg==
app
parseTriplet
TripletParser.java
205
com.mgz.afp.parser.TripletParser
false
app
parseTriplets
TripletParser.java
133
com.mgz.afp.parser.TripletParser
false
app
decodeAFP
StructuredFieldBaseTriplets.java
84
com.mgz.afp.base.StructuredFieldBaseTriplets
false
app
decodeAFP
IAFPDecodeableWriteable.java
64
com.mgz.afp.exceptions.IAFPDecodeableWriteable
false
app
parseNextSFFromBuffer
AFPParser.java
466
com.mgz.afp.parser.AFPParser
false
app
parseNextSF
AFPParser.java
382
com.mgz.afp.parser.AFPParser
false
app
convertToXml
Afp2Xml.java
469
com.mgz.cli.Afp2Xml
false
app
execute
Afp2Xml.java
376
com.mgz.cli.Afp2Xml
false
app
main
Afp2Xml.java
65
com.mgz.cli.Afp2Xml
false
Invalid triplet length: 0
Invalid triplet length: 0
10
Undefined
AADdjUYCmozykg==
app
parseTriplet
TripletParser.java
205
com.mgz.afp.parser.TripletParser
false
app
parseTriplets
TripletParser.java
133
com.mgz.afp.parser.TripletParser
false
app
decodeAFP
StructuredFieldBaseTriplets.java
84
com.mgz.afp.base.StructuredFieldBaseTriplets
false
app
decodeAFP
IAFPDecodeableWriteable.java
64
com.mgz.afp.exceptions.IAFPDecodeableWriteable
false
app
parseNextSFFromBuffer
AFPParser.java
466
com.mgz.afp.parser.AFPParser
false
app
parseNextSF
AFPParser.java
382
com.mgz.afp.parser.AFPParser
false
app
convertToXml
Afp2Xml.java
469
com.mgz.cli.Afp2Xml
false
app
execute
Afp2Xml.java
376
com.mgz.cli.Afp2Xml
false
app
main
Afp2Xml.java
65
com.mgz.cli.Afp2Xml
false
Invalid triplet length: 0
Invalid triplet length: 0
10
Undefined
AADdjUYCmozykg==
app
parseTriplet
TripletParser.java
205
com.mgz.afp.parser.TripletParser
false
app
parseTriplets
TripletParser.java
133
com.mgz.afp.parser.TripletParser
false
app
decodeAFP
StructuredFieldBaseTriplets.java
84
com.mgz.afp.base.StructuredFieldBaseTriplets
false
app
decodeAFP
IAFPDecodeableWriteable.java
64
com.mgz.afp.exceptions.IAFPDecodeableWriteable
false
app
parseNextSFFromBuffer
AFPParser.java
466
com.mgz.afp.parser.AFPParser
false
app
parseNextSF
AFPParser.java
382
com.mgz.afp.parser.AFPParser
false
app
convertToXml
Afp2Xml.java
469
com.mgz.cli.Afp2Xml
false
app
execute
Afp2Xml.java
376
com.mgz.cli.Afp2Xml
false
app
main
Afp2Xml.java
65
com.mgz.cli.Afp2Xml
false
Invalid triplet length: 0
Invalid triplet length: 0
10
Undefined
AADdjUYCmozykg==
app
parseTriplet
TripletParser.java
205
com.mgz.afp.parser.TripletParser
false
app
parseTriplets
TripletParser.java
133
com.mgz.afp.parser.TripletParser
false
app
decodeAFP
StructuredFieldBaseTriplets.java
84
com.mgz.afp.base.StructuredFieldBaseTriplets
false
app
decodeAFP
IAFPDecodeableWriteable.java
64
com.mgz.afp.exceptions.IAFPDecodeableWriteable
false
app
parseNextSFFromBuffer
AFPParser.java
466
com.mgz.afp.parser.AFPParser
false
app
parseNextSF
AFPParser.java
382
com.mgz.afp.parser.AFPParser
false
app
convertToXml
Afp2Xml.java
469
com.mgz.cli.Afp2Xml
false
app
execute
Afp2Xml.java
376
com.mgz.cli.Afp2Xml
false
app
main
Afp2Xml.java
65
com.mgz.cli.Afp2Xml
false
Invalid triplet length: 0
Invalid triplet length: 0
10
Undefined
AADdjUYCmozykg==
app
parseTriplet
TripletParser.java
205
com.mgz.afp.parser.TripletParser
false
app
parseTriplets
TripletParser.java
133
com.mgz.afp.parser.TripletParser
false
app
decodeAFP
StructuredFieldBaseTriplets.java
84
com.mgz.afp.base.StructuredFieldBaseTriplets
false
app
decodeAFP
IAFPDecodeableWriteable.java
64
com.mgz.afp.exceptions.IAFPDecodeableWriteable
false
app
parseNextSFFromBuffer
AFPParser.java
466
com.mgz.afp.parser.AFPParser
false
app
parseNextSF
AFPParser.java
382
com.mgz.afp.parser.AFPParser
false
app
convertToXml
Afp2Xml.java
469
com.mgz.cli.Afp2Xml
false
app
execute
Afp2Xml.java
376
com.mgz.cli.Afp2Xml
false
app
main
Afp2Xml.java
65
com.mgz.cli.Afp2Xml
false
Invalid triplet length: 0
Invalid triplet length: 0
10
Undefined
AADdjUYCmozykg==
app
parseTriplet
TripletParser.java
205
com.mgz.afp.parser.TripletParser
false
app
parseTriplets
TripletParser.java
133
com.mgz.afp.parser.TripletParser
false
app
decodeAFP
StructuredFieldBaseTriplets.java
84
com.mgz.afp.base.StructuredFieldBaseTriplets
false
app
decodeAFP
IAFPDecodeableWriteable.java
64
com.mgz.afp.exceptions.IAFPDecodeableWriteable
false
app
parseNextSFFromBuffer
AFPParser.java
466
com.mgz.afp.parser.AFPParser
false
app
parseNextSF
AFPParser.java
382
com.mgz.afp.parser.AFPParser
false
app
convertToXml
Afp2Xml.java
469
com.mgz.cli.Afp2Xml
false
app
execute
Afp2Xml.java
376
com.mgz.cli.Afp2Xml
false
app
main
Afp2Xml.java
65
com.mgz.cli.Afp2Xml
false
Invalid triplet length: 0
Invalid triplet length: 0
10
Undefined
AADdjUYCmozykg==
app
parseTriplet
TripletParser.java
205
com.mgz.afp.parser.TripletParser
false
app
parseTriplets
TripletParser.java
133
com.mgz.afp.parser.TripletParser
false
app
decodeAFP
StructuredFieldBaseTriplets.java
84
com.mgz.afp.base.StructuredFieldBaseTriplets
false
app
decodeAFP
IAFPDecodeableWriteable.java
64
com.mgz.afp.exceptions.IAFPDecodeableWriteable
false
app
parseNextSFFromBuffer
AFPParser.java
466
com.mgz.afp.parser.AFPParser
false
app
parseNextSF
AFPParser.java
382
com.mgz.afp.parser.AFPParser
false
app
convertToXml
Afp2Xml.java
469
com.mgz.cli.Afp2Xml
false
app
execute
Afp2Xml.java
376
com.mgz.cli.Afp2Xml
false
app
main
Afp2Xml.java
65
com.mgz.cli.Afp2Xml
false
Invalid triplet length: 0
Invalid triplet length: 0
10
Undefined
AADdjUYCmozykg==
app
parseTriplet
TripletParser.java
205
com.mgz.afp.parser.TripletParser
false
app
parseTriplets
TripletParser.java
133
com.mgz.afp.parser.TripletParser
false
app
decodeAFP
StructuredFieldBaseTriplets.java
84
com.mgz.afp.base.StructuredFieldBaseTriplets
false
app
decodeAFP
IAFPDecodeableWriteable.java
64
com.mgz.afp.exceptions.IAFPDecodeableWriteable
false
app
parseNextSFFromBuffer
AFPParser.java
466
com.mgz.afp.parser.AFPParser
false
app
parseNextSF
AFPParser.java
382
com.mgz.afp.parser.AFPParser
false
app
convertToXml
Afp2Xml.java
469
com.mgz.cli.Afp2Xml
false
app
execute
Afp2Xml.java
376
com.mgz.cli.Afp2Xml
false
app
main
Afp2Xml.java
65
com.mgz.cli.Afp2Xml
false
Invalid triplet length: 0
Invalid triplet length: 0
10
Undefined
AADdjUYCmozykg==
app
parseTriplet
TripletParser.java
205
com.mgz.afp.parser.TripletParser
false
app
parseTriplets
TripletParser.java
133
com.mgz.afp.parser.TripletParser
false
app
decodeAFP
StructuredFieldBaseTriplets.java
84
com.mgz.afp.base.StructuredFieldBaseTriplets
false
app
decodeAFP
IAFPDecodeableWriteable.java
64
com.mgz.afp.exceptions.IAFPDecodeableWriteable
false
app
parseNextSFFromBuffer
AFPParser.java
466
com.mgz.afp.parser.AFPParser
false
app
parseNextSF
AFPParser.java
382
com.mgz.afp.parser.AFPParser
false
app
convertToXml
Afp2Xml.java
469
com.mgz.cli.Afp2Xml
false
app
execute
Afp2Xml.java
376
com.mgz.cli.Afp2Xml
false
app
main
Afp2Xml.java
65
com.mgz.cli.Afp2Xml
false
Invalid triplet length: 0
Invalid triplet length: 0
10
Undefined
AADdjUYCmozykg==
app
parseTriplet
TripletParser.java
205
com.mgz.afp.parser.TripletParser
false
app
parseTriplets
TripletParser.java
133
com.mgz.afp.parser.TripletParser
false
app
decodeAFP
StructuredFieldBaseTriplets.java
84
com.mgz.afp.base.StructuredFieldBaseTriplets
false
app
decodeAFP
IAFPDecodeableWriteable.java
64
com.mgz.afp.exceptions.IAFPDecodeableWriteable
false
app
parseNextSFFromBuffer
AFPParser.java
466
com.mgz.afp.parser.AFPParser
false
app
parseNextSF
AFPParser.java
382
com.mgz.afp.parser.AFPParser
false
app
convertToXml
Afp2Xml.java
469
com.mgz.cli.Afp2Xml
false
app
execute
Afp2Xml.java
376
com.mgz.cli.Afp2Xml
false
app
main
Afp2Xml.java
65
com.mgz.cli.Afp2Xml
false
Invalid triplet length: 0
Invalid triplet length: 0
10
Undefined
AADdjUYCmozykg==
app
parseTriplet
TripletParser.java
205
com.mgz.afp.parser.TripletParser
false
app
parseTriplets
TripletParser.java
133
com.mgz.afp.parser.TripletParser
false
app
decodeAFP
StructuredFieldBaseTriplets.java
84
com.mgz.afp.base.StructuredFieldBaseTriplets
false
app
decodeAFP
IAFPDecodeableWriteable.java
64
com.mgz.afp.exceptions.IAFPDecodeableWriteable
false
app
parseNextSFFromBuffer
AFPParser.java
466
com.mgz.afp.parser.AFPParser
false
app
parseNextSF
AFPParser.java
382
com.mgz.afp.parser.AFPParser
false
app
convertToXml
Afp2Xml.java
469
com.mgz.cli.Afp2Xml
false
app
execute
Afp2Xml.java
376
com.mgz.cli.Afp2Xml
false
app
main
Afp2Xml.java
65
com.mgz.cli.Afp2Xml
false
Invalid triplet length: 0
Invalid triplet length: 0
10
Undefined
AADdjUYCmozykg==
app
parseTriplet
TripletParser.java
205
com.mgz.afp.parser.TripletParser
false
app
parseTriplets
TripletParser.java
133
com.mgz.afp.parser.TripletParser
false
app
decodeAFP
StructuredFieldBaseTriplets.java
84
com.mgz.afp.base.StructuredFieldBaseTriplets
false
app
decodeAFP
IAFPDecodeableWriteable.java
64
com.mgz.afp.exceptions.IAFPDecodeableWriteable
false
app
parseNextSFFromBuffer
AFPParser.java
466
com.mgz.afp.parser.AFPParser
false
app
parseNextSF
AFPParser.java
382
com.mgz.afp.parser.AFPParser
false
app
convertToXml
Afp2Xml.java
469
com.mgz.cli.Afp2Xml
false
app
execute
Afp2Xml.java
376
com.mgz.cli.Afp2Xml
false
app
main
Afp2Xml.java
65
com.mgz.cli.Afp2Xml
false
Invalid triplet length: 0
Invalid triplet length: 0
10
Undefined
AADdjUYCmozykg==
app
parseTriplet
TripletParser.java
205
com.mgz.afp.parser.TripletParser
false
app
parseTriplets
TripletParser.java
133
com.mgz.afp.parser.TripletParser
false
app
decodeAFP
StructuredFieldBaseTriplets.java
84
com.mgz.afp.base.StructuredFieldBaseTriplets
false
app
decodeAFP
IAFPDecodeableWriteable.java
64
com.mgz.afp.exceptions.IAFPDecodeableWriteable
false
app
parseNextSFFromBuffer
AFPParser.java
466
com.mgz.afp.parser.AFPParser
false
app
parseNextSF
AFPParser.java
382
com.mgz.afp.parser.AFPParser
false
app
convertToXml
Afp2Xml.java
469
com.mgz.cli.Afp2Xml
false
app
execute
Afp2Xml.java
376
com.mgz.cli.Afp2Xml
false
app
main
Afp2Xml.java
65
com.mgz.cli.Afp2Xml
false
Invalid triplet length: 0
Invalid triplet length: 0
10
Undefined
AADdjUYCmozykg==
app
parseTriplet
TripletParser.java
205
com.mgz.afp.parser.TripletParser
false
app
parseTriplets
TripletParser.java
133
com.mgz.afp.parser.TripletParser
false
app
decodeAFP
StructuredFieldBaseTriplets.java
84
com.mgz.afp.base.StructuredFieldBaseTriplets
false
app
decodeAFP
IAFPDecodeableWriteable.java
64
com.mgz.afp.exceptions.IAFPDecodeableWriteable
false
app
parseNextSFFromBuffer
AFPParser.java
466
com.mgz.afp.parser.AFPParser
false
app
parseNextSF
AFPParser.java
382
com.mgz.afp.parser.AFPParser
false
app
convertToXml
Afp2Xml.java
469
com.mgz.cli.Afp2Xml
false
app
execute
Afp2Xml.java
376
com.mgz.cli.Afp2Xml
false
app
main
Afp2Xml.java
65
com.mgz.cli.Afp2Xml
false
Invalid triplet length: 0
Invalid triplet length: 0
10
Undefined
AADdjUYCmozykg==
app
parseTriplet
TripletParser.java
205
com.mgz.afp.parser.TripletParser
false
app
parseTriplets
TripletParser.java
133
com.mgz.afp.parser.TripletParser
false
app
decodeAFP
StructuredFieldBaseTriplets.java
84
com.mgz.afp.base.StructuredFieldBaseTriplets
false
app
decodeAFP
IAFPDecodeableWriteable.java
64
com.mgz.afp.exceptions.IAFPDecodeableWriteable
false
app
parseNextSFFromBuffer
AFPParser.java
466
com.mgz.afp.parser.AFPParser
false
app
parseNextSF
AFPParser.java
382
com.mgz.afp.parser.AFPParser
false
app
convertToXml
Afp2Xml.java
469
com.mgz.cli.Afp2Xml
false
app
execute
Afp2Xml.java
376
com.mgz.cli.Afp2Xml
false
app
main
Afp2Xml.java
65
com.mgz.cli.Afp2Xml
false
Invalid triplet length: 0
Invalid triplet length: 0
10
Undefined
AADdjUYCmozykg==
app
parseTriplet
TripletParser.java
205
com.mgz.afp.parser.TripletParser
false
app
parseTriplets
TripletParser.java
133
com.mgz.afp.parser.TripletParser
false
app
decodeAFP
StructuredFieldBaseTriplets.java
84
com.mgz.afp.base.StructuredFieldBaseTriplets
false
app
decodeAFP
IAFPDecodeableWriteable.java
64
com.mgz.afp.exceptions.IAFPDecodeableWriteable
false
app
parseNextSFFromBuffer
AFPParser.java
466
com.mgz.afp.parser.AFPParser
false
app
parseNextSF
AFPParser.java
382
com.mgz.afp.parser.AFPParser
false
app
convertToXml
Afp2Xml.java
469
com.mgz.cli.Afp2Xml
false
app
execute
Afp2Xml.java
376
com.mgz.cli.Afp2Xml
false
app
main
Afp2Xml.java
65
com.mgz.cli.Afp2Xml
false
Invalid triplet length: 0
Invalid triplet length: 0
10
Undefined
AADdjUYCmozykg==
app
parseTriplet
TripletParser.java
205
com.mgz.afp.parser.TripletParser
false
app
parseTriplets
TripletParser.java
133
com.mgz.afp.parser.TripletParser
false
app
decodeAFP
StructuredFieldBaseTriplets.java
84
com.mgz.afp.base.StructuredFieldBaseTriplets
false
app
decodeAFP
IAFPDecodeableWriteable.java
64
com.mgz.afp.exceptions.IAFPDecodeableWriteable
false
app
parseNextSFFromBuffer
AFPParser.java
466
com.mgz.afp.parser.AFPParser
false
app
parseNextSF
AFPParser.java
382
com.mgz.afp.parser.AFPParser
false
app
convertToXml
Afp2Xml.java
469
com.mgz.cli.Afp2Xml
false
app
execute
Afp2Xml.java
376
com.mgz.cli.Afp2Xml
false
app
main
Afp2Xml.java
65
com.mgz.cli.Afp2Xml
false
Invalid triplet length: 0
Invalid triplet length: 0
10
Undefined
AADdjUYCmozykg==
app
parseTriplet
TripletParser.java
205
com.mgz.afp.parser.TripletParser
false
app
parseTriplets
TripletParser.java
133
com.mgz.afp.parser.TripletParser
false
app
decodeAFP
StructuredFieldBaseTriplets.java
84
com.mgz.afp.base.StructuredFieldBaseTriplets
false
app
decodeAFP
IAFPDecodeableWriteable.java
64
com.mgz.afp.exceptions.IAFPDecodeableWriteable
false
app
parseNextSFFromBuffer
AFPParser.java
466
com.mgz.afp.parser.AFPParser
false
app
parseNextSF
AFPParser.java
382
com.mgz.afp.parser.AFPParser
false
app
convertToXml
Afp2Xml.java
469
com.mgz.cli.Afp2Xml
false
app
execute
Afp2Xml.java
376
com.mgz.cli.Afp2Xml
false
app
main
Afp2Xml.java
65
com.mgz.cli.Afp2Xml
false
Invalid triplet length: 0
Invalid triplet length: 0
10
Undefined
AADdjUYCmozykg==
app
parseTriplet
TripletParser.java
205
com.mgz.afp.parser.TripletParser
false
app
parseTriplets
TripletParser.java
133
com.mgz.afp.parser.TripletParser
false
app
decodeAFP
StructuredFieldBaseTriplets.java
84
com.mgz.afp.base.StructuredFieldBaseTriplets
false
app
decodeAFP
IAFPDecodeableWriteable.java
64
com.mgz.afp.exceptions.IAFPDecodeableWriteable
false
app
parseNextSFFromBuffer
AFPParser.java
466
com.mgz.afp.parser.AFPParser
false
app
parseNextSF
AFPParser.java
382
com.mgz.afp.parser.AFPParser
false
app
convertToXml
Afp2Xml.java
469
com.mgz.cli.Afp2Xml
false
app
execute
Afp2Xml.java
376
com.mgz.cli.Afp2Xml
false
app
main
Afp2Xml.java
65
com.mgz.cli.Afp2Xml
false
Invalid triplet length: 0
Invalid triplet length: 0
10
Undefined
AADdjUYCmozykg==
app
parseTriplet
TripletParser.java
205
com.mgz.afp.parser.TripletParser
false
app
parseTriplets
TripletParser.java
133
com.mgz.afp.parser.TripletParser
false
app
decodeAFP
StructuredFieldBaseTriplets.java
84
com.mgz.afp.base.StructuredFieldBaseTriplets
false
app
decodeAFP
IAFPDecodeableWriteable.java
64
com.mgz.afp.exceptions.IAFPDecodeableWriteable
false
app
parseNextSFFromBuffer
AFPParser.java
466
com.mgz.afp.parser.AFPParser
false
app
parseNextSF
AFPParser.java
382
com.mgz.afp.parser.AFPParser
false
app
convertToXml
Afp2Xml.java
469
com.mgz.cli.Afp2Xml
false
app
execute
Afp2Xml.java
376
com.mgz.cli.Afp2Xml
false
app
main
Afp2Xml.java
65
com.mgz.cli.Afp2Xml
false
Invalid triplet length: 0
Invalid triplet length: 0
10
Undefined
AADdjUYCmozykg==
app
parseTriplet
TripletParser.java
205
com.mgz.afp.parser.TripletParser
false
app
parseTriplets
TripletParser.java
133
com.mgz.afp.parser.TripletParser
false
app
decodeAFP
StructuredFieldBaseTriplets.java
84
com.mgz.afp.base.StructuredFieldBaseTriplets
false
app
decodeAFP
IAFPDecodeableWriteable.java
64
com.mgz.afp.exceptions.IAFPDecodeableWriteable
false
app
parseNextSFFromBuffer
AFPParser.java
466
com.mgz.afp.parser.AFPParser
false
app
parseNextSF
AFPParser.java
382
com.mgz.afp.parser.AFPParser
false
app
convertToXml
Afp2Xml.java
469
com.mgz.cli.Afp2Xml
false
app
execute
Afp2Xml.java
376
com.mgz.cli.Afp2Xml
false
app
main
Afp2Xml.java
65
com.mgz.cli.Afp2Xml
false
Invalid triplet length: 0
Invalid triplet length: 0
10
Undefined
AADdjUYCmozykg==
app
parseTriplet
TripletParser.java
205
com.mgz.afp.parser.TripletParser
false
app
parseTriplets
TripletParser.java
133
com.mgz.afp.parser.TripletParser
false
app
decodeAFP
StructuredFieldBaseTriplets.java
84
com.mgz.afp.base.StructuredFieldBaseTriplets
false
app
decodeAFP
IAFPDecodeableWriteable.java
64
com.mgz.afp.exceptions.IAFPDecodeableWriteable
false
app
parseNextSFFromBuffer
AFPParser.java
466
com.mgz.afp.parser.AFPParser
false
app
parseNextSF
AFPParser.java
382
com.mgz.afp.parser.AFPParser
false
app
convertToXml
Afp2Xml.java
469
com.mgz.cli.Afp2Xml
false
app
execute
Afp2Xml.java
376
com.mgz.cli.Afp2Xml
false
app
main
Afp2Xml.java
65
com.mgz.cli.Afp2Xml
false
Invalid triplet length: 0
Invalid triplet length: 0
10
Undefined
AADdjUYCmozykg==
app
parseTriplet
TripletParser.java
205
com.mgz.afp.parser.TripletParser
false
app
parseTriplets
TripletParser.java
133
com.mgz.afp.parser.TripletParser
false
app
decodeAFP
StructuredFieldBaseTriplets.java
84
com.mgz.afp.base.StructuredFieldBaseTriplets
false
app
decodeAFP
IAFPDecodeableWriteable.java
64
com.mgz.afp.exceptions.IAFPDecodeableWriteable
false
app
parseNextSFFromBuffer
AFPParser.java
466
com.mgz.afp.parser.AFPParser
false
app
parseNextSF
AFPParser.java
382
com.mgz.afp.parser.AFPParser
false
app
convertToXml
Afp2Xml.java
469
com.mgz.cli.Afp2Xml
false
app
execute
Afp2Xml.java
376
com.mgz.cli.Afp2Xml
false
app
main
Afp2Xml.java
65
com.mgz.cli.Afp2Xml
false
Invalid triplet length: 0
Invalid triplet length: 0
10
Undefined
AADdjUYCmozykg==
app
parseTriplet
TripletParser.java
205
com.mgz.afp.parser.TripletParser
false
app
parseTriplets
TripletParser.java
133
com.mgz.afp.parser.TripletParser
false
app
decodeAFP
StructuredFieldBaseTriplets.java
84
com.mgz.afp.base.StructuredFieldBaseTriplets
false
app
decodeAFP
IAFPDecodeableWriteable.java
64
com.mgz.afp.exceptions.IAFPDecodeableWriteable
false
app
parseNextSFFromBuffer
AFPParser.java
466
com.mgz.afp.parser.AFPParser
false
app
parseNextSF
AFPParser.java
382
com.mgz.afp.parser.AFPParser
false
app
convertToXml
Afp2Xml.java
469
com.mgz.cli.Afp2Xml
false
app
execute
Afp2Xml.java
376
com.mgz.cli.Afp2Xml
false
app
main
Afp2Xml.java
65
com.mgz.cli.Afp2Xml
false
Invalid triplet length: 0
Invalid triplet length: 0
10
Undefined
AADdjUYCmozykg==
app
parseTriplet
TripletParser.java
205
com.mgz.afp.parser.TripletParser
false
app
parseTriplets
TripletParser.java
133
com.mgz.afp.parser.TripletParser
false
app
decodeAFP
StructuredFieldBaseTriplets.java
84
com.mgz.afp.base.StructuredFieldBaseTriplets
false
app
decodeAFP
IAFPDecodeableWriteable.java
64
com.mgz.afp.exceptions.IAFPDecodeableWriteable
false
app
parseNextSFFromBuffer
AFPParser.java
466
com.mgz.afp.parser.AFPParser
false
app
parseNextSF
AFPParser.java
382
com.mgz.afp.parser.AFPParser
false
app
convertToXml
Afp2Xml.java
469
com.mgz.cli.Afp2Xml
false
app
execute
Afp2Xml.java
376
com.mgz.cli.Afp2Xml
false
app
main
Afp2Xml.java
65
com.mgz.cli.Afp2Xml
false
Invalid triplet length: 0
Invalid triplet length: 0
10
Undefined
AADdjUYCmozykg==
app
parseTriplet
TripletParser.java
205
com.mgz.afp.parser.TripletParser
false
app
parseTriplets
TripletParser.java
133
com.mgz.afp.parser.TripletParser
false
app
decodeAFP
StructuredFieldBaseTriplets.java
84
com.mgz.afp.base.StructuredFieldBaseTriplets
false
app
decodeAFP
IAFPDecodeableWriteable.java
64
com.mgz.afp.exceptions.IAFPDecodeableWriteable
false
app
parseNextSFFromBuffer
AFPParser.java
466
com.mgz.afp.parser.AFPParser
false
app
parseNextSF
AFPParser.java
382
com.mgz.afp.parser.AFPParser
false
app
convertToXml
Afp2Xml.java
469
com.mgz.cli.Afp2Xml
false
app
execute
Afp2Xml.java
376
com.mgz.cli.Afp2Xml
false
app
main
Afp2Xml.java
65
com.mgz.cli.Afp2Xml
false
Invalid triplet length: 0
Invalid triplet length: 0
10
Undefined
AADdjUYCmozykg==
app
parseTriplet
TripletParser.java
205
com.mgz.afp.parser.TripletParser
false
app
parseTriplets
TripletParser.java
133
com.mgz.afp.parser.TripletParser
false
app
decodeAFP
StructuredFieldBaseTriplets.java
84
com.mgz.afp.base.StructuredFieldBaseTriplets
false
app
decodeAFP
IAFPDecodeableWriteable.java
64
com.mgz.afp.exceptions.IAFPDecodeableWriteable
false
app
parseNextSFFromBuffer
AFPParser.java
466
com.mgz.afp.parser.AFPParser
false
app
parseNextSF
AFPParser.java
382
com.mgz.afp.parser.AFPParser
false
app
convertToXml
Afp2Xml.java
469
com.mgz.cli.Afp2Xml
false
app
execute
Afp2Xml.java
376
com.mgz.cli.Afp2Xml
false
app
main
Afp2Xml.java
65
com.mgz.cli.Afp2Xml
false
Invalid triplet length: 0
Invalid triplet length: 0
10
Undefined
AADdjUYCmozykg==
app
parseTriplet
TripletParser.java
205
com.mgz.afp.parser.TripletParser
false
app
parseTriplets
TripletParser.java
133
com.mgz.afp.parser.TripletParser
false
app
decodeAFP
StructuredFieldBaseTriplets.java
84
com.mgz.afp.base.StructuredFieldBaseTriplets
false
app
decodeAFP
IAFPDecodeableWriteable.java
64
com.mgz.afp.exceptions.IAFPDecodeableWriteable
false
app
parseNextSFFromBuffer
AFPParser.java
466
com.mgz.afp.parser.AFPParser
false
app
parseNextSF
AFPParser.java
382
com.mgz.afp.parser.AFPParser
false
app
convertToXml
Afp2Xml.java
469
com.mgz.cli.Afp2Xml
false
app
execute
Afp2Xml.java
376
com.mgz.cli.Afp2Xml
false
app
main
Afp2Xml.java
65
com.mgz.cli.Afp2Xml
false
Invalid triplet length: 0
Invalid triplet length: 0
10
Undefined
AADdjUYCmozykg==
app
parseTriplet
TripletParser.java
205
com.mgz.afp.parser.TripletParser
false
app
parseTriplets
TripletParser.java
133
com.mgz.afp.parser.TripletParser
false
app
decodeAFP
StructuredFieldBaseTriplets.java
84
com.mgz.afp.base.StructuredFieldBaseTriplets
false
app
decodeAFP
IAFPDecodeableWriteable.java
64
com.mgz.afp.exceptions.IAFPDecodeableWriteable
false
app
parseNextSFFromBuffer
AFPParser.java
466
com.mgz.afp.parser.AFPParser
false
app
parseNextSF
AFPParser.java
382
com.mgz.afp.parser.AFPParser
false
app
convertToXml
Afp2Xml.java
469
com.mgz.cli.Afp2Xml
false
app
execute
Afp2Xml.java
376
com.mgz.cli.Afp2Xml
false
app
main
Afp2Xml.java
65
com.mgz.cli.Afp2Xml
false
Invalid triplet length: 0
Invalid triplet length: 0
10
Undefined
AADdjUYCmozykg==
app
parseTriplet
TripletParser.java
205
com.mgz.afp.parser.TripletParser
false
app
parseTriplets
TripletParser.java
133
com.mgz.afp.parser.TripletParser
false
app
decodeAFP
StructuredFieldBaseTriplets.java
84
com.mgz.afp.base.StructuredFieldBaseTriplets
false
app
decodeAFP
IAFPDecodeableWriteable.java
64
com.mgz.afp.exceptions.IAFPDecodeableWriteable
false
app
parseNextSFFromBuffer
AFPParser.java
466
com.mgz.afp.parser.AFPParser
false
app
parseNextSF
AFPParser.java
382
com.mgz.afp.parser.AFPParser
false
app
convertToXml
Afp2Xml.java
469
com.mgz.cli.Afp2Xml
false
app
execute
Afp2Xml.java
376
com.mgz.cli.Afp2Xml
false
app
main
Afp2Xml.java
65
com.mgz.cli.Afp2Xml
false
Invalid triplet length: 0
Invalid triplet length: 0
10
Undefined
AADdjUYCmozykg==
app
parseTriplet
TripletParser.java
205
com.mgz.afp.parser.TripletParser
false
app
parseTriplets
TripletParser.java
133
com.mgz.afp.parser.TripletParser
false
app
decodeAFP
StructuredFieldBaseTriplets.java
84
com.mgz.afp.base.StructuredFieldBaseTriplets
false
app
decodeAFP
IAFPDecodeableWriteable.java
64
com.mgz.afp.exceptions.IAFPDecodeableWriteable
false
app
parseNextSFFromBuffer
AFPParser.java
466
com.mgz.afp.parser.AFPParser
false
app
parseNextSF
AFPParser.java
382
com.mgz.afp.parser.AFPParser
false
app
convertToXml
Afp2Xml.java
469
com.mgz.cli.Afp2Xml
false
app
execute
Afp2Xml.java
376
com.mgz.cli.Afp2Xml
false
app
main
Afp2Xml.java
65
com.mgz.cli.Afp2Xml
false
Invalid triplet length: 0
Invalid triplet length: 0
10
Undefined
AADdjUYCmozykg==
app
parseTriplet
TripletParser.java
205
com.mgz.afp.parser.TripletParser
false
app
parseTriplets
TripletParser.java
133
com.mgz.afp.parser.TripletParser
false
app
decodeAFP
StructuredFieldBaseTriplets.java
84
com.mgz.afp.base.StructuredFieldBaseTriplets
false
app
decodeAFP
IAFPDecodeableWriteable.java
64
com.mgz.afp.exceptions.IAFPDecodeableWriteable
false
app
parseNextSFFromBuffer
AFPParser.java
466
com.mgz.afp.parser.AFPParser
false
app
parseNextSF
AFPParser.java
382
com.mgz.afp.parser.AFPParser
false
app
convertToXml
Afp2Xml.java
469
com.mgz.cli.Afp2Xml
false
app
execute
Afp2Xml.java
376
com.mgz.cli.Afp2Xml
false
app
main
Afp2Xml.java
65
com.mgz.cli.Afp2Xml
false
Invalid triplet length: 0
Invalid triplet length: 0
10
Undefined
AADdjUYCmozykg==
app
parseTriplet
TripletParser.java
205
com.mgz.afp.parser.TripletParser
false
app
parseTriplets
TripletParser.java
133
com.mgz.afp.parser.TripletParser
false
app
decodeAFP
StructuredFieldBaseTriplets.java
84
com.mgz.afp.base.StructuredFieldBaseTriplets
false
app
decodeAFP
IAFPDecodeableWriteable.java
64
com.mgz.afp.exceptions.IAFPDecodeableWriteable
false
app
parseNextSFFromBuffer
AFPParser.java
466
com.mgz.afp.parser.AFPParser
false
app
parseNextSF
AFPParser.java
382
com.mgz.afp.parser.AFPParser
false
app
convertToXml
Afp2Xml.java
469
com.mgz.cli.Afp2Xml
false
app
execute
Afp2Xml.java
376
com.mgz.cli.Afp2Xml
false
app
main
Afp2Xml.java
65
com.mgz.cli.Afp2Xml
false
Invalid triplet length: 0
Invalid triplet length: 0
10
Undefined
AADdjUYCmozykg==
app
parseTriplet
TripletParser.java
205
com.mgz.afp.parser.TripletParser
false
app
parseTriplets
TripletParser.java
133
com.mgz.afp.parser.TripletParser
false
app
decodeAFP
StructuredFieldBaseTriplets.java
84
com.mgz.afp.base.StructuredFieldBaseTriplets
false
app
decodeAFP
IAFPDecodeableWriteable.java
64
com.mgz.afp.exceptions.IAFPDecodeableWriteable
false
app
parseNextSFFromBuffer
AFPParser.java
466
com.mgz.afp.parser.AFPParser
false
app
parseNextSF
AFPParser.java
382
com.mgz.afp.parser.AFPParser
false
app
convertToXml
Afp2Xml.java
469
com.mgz.cli.Afp2Xml
false
app
execute
Afp2Xml.java
376
com.mgz.cli.Afp2Xml
false
app
main
Afp2Xml.java
65
com.mgz.cli.Afp2Xml
false
Invalid triplet length: 0
Invalid triplet length: 0
10
Undefined
AADdjUYCmozykg==
app
parseTriplet
TripletParser.java
205
com.mgz.afp.parser.TripletParser
false
app
parseTriplets
TripletParser.java
133
com.mgz.afp.parser.TripletParser
false
app
decodeAFP
StructuredFieldBaseTriplets.java
84
com.mgz.afp.base.StructuredFieldBaseTriplets
false
app
decodeAFP
IAFPDecodeableWriteable.java
64
com.mgz.afp.exceptions.IAFPDecodeableWriteable
false
app
parseNextSFFromBuffer
AFPParser.java
466
com.mgz.afp.parser.AFPParser
false
app
parseNextSF
AFPParser.java
382
com.mgz.afp.parser.AFPParser
false
app
convertToXml
Afp2Xml.java
469
com.mgz.cli.Afp2Xml
false
app
execute
Afp2Xml.java
376
com.mgz.cli.Afp2Xml
false
app
main
Afp2Xml.java
65
com.mgz.cli.Afp2Xml
false
Invalid triplet length: 0
Invalid triplet length: 0
10
Undefined
AADdjUYCmozykg==
app
parseTriplet
TripletParser.java
205
com.mgz.afp.parser.TripletParser
false
app
parseTriplets
TripletParser.java
133
com.mgz.afp.parser.TripletParser
false
app
decodeAFP
StructuredFieldBaseTriplets.java
84
com.mgz.afp.base.StructuredFieldBaseTriplets
false
app
decodeAFP
IAFPDecodeableWriteable.java
64
com.mgz.afp.exceptions.IAFPDecodeableWriteable
false
app
parseNextSFFromBuffer
AFPParser.java
466
com.mgz.afp.parser.AFPParser
false
app
parseNextSF
AFPParser.java
382
com.mgz.afp.parser.AFPParser
false
app
convertToXml
Afp2Xml.java
469
com.mgz.cli.Afp2Xml
false
app
execute
Afp2Xml.java
376
com.mgz.cli.Afp2Xml
false
app
main
Afp2Xml.java
65
com.mgz.cli.Afp2Xml
false
Invalid triplet length: 0
Invalid triplet length: 0
10
Undefined
AADdjUYCmozykg==
app
parseTriplet
TripletParser.java
205
com.mgz.afp.parser.TripletParser
false
app
parseTriplets
TripletParser.java
133
com.mgz.afp.parser.TripletParser
false
app
decodeAFP
StructuredFieldBaseTriplets.java
84
com.mgz.afp.base.StructuredFieldBaseTriplets
false
app
decodeAFP
IAFPDecodeableWriteable.java
64
com.mgz.afp.exceptions.IAFPDecodeableWriteable
false
app
parseNextSFFromBuffer
AFPParser.java
466
com.mgz.afp.parser.AFPParser
false
app
parseNextSF
AFPParser.java
382
com.mgz.afp.parser.AFPParser
false
app
convertToXml
Afp2Xml.java
469
com.mgz.cli.Afp2Xml
false
app
execute
Afp2Xml.java
376
com.mgz.cli.Afp2Xml
false
app
main
Afp2Xml.java
65
com.mgz.cli.Afp2Xml
false
Invalid triplet length: 0
Invalid triplet length: 0
10
Undefined
AADdjUYCmozykg==
app
parseTriplet
TripletParser.java
205
com.mgz.afp.parser.TripletParser
false
app
parseTriplets
TripletParser.java
133
com.mgz.afp.parser.TripletParser
false
app
decodeAFP
StructuredFieldBaseTriplets.java
84
com.mgz.afp.base.StructuredFieldBaseTriplets
false
app
decodeAFP
IAFPDecodeableWriteable.java
64
com.mgz.afp.exceptions.IAFPDecodeableWriteable
false
app
parseNextSFFromBuffer
AFPParser.java
466
com.mgz.afp.parser.AFPParser
false
app
parseNextSF
AFPParser.java
382
com.mgz.afp.parser.AFPParser
false
app
convertToXml
Afp2Xml.java
469
com.mgz.cli.Afp2Xml
false
app
execute
Afp2Xml.java
376
com.mgz.cli.Afp2Xml
false
app
main
Afp2Xml.java
65
com.mgz.cli.Afp2Xml
false
Invalid triplet length: 0
Invalid triplet length: 0
10
Undefined
AADdjUYCmozykg==
app
parseTriplet
TripletParser.java
205
com.mgz.afp.parser.TripletParser
false
app
parseTriplets
TripletParser.java
133
com.mgz.afp.parser.TripletParser
false
app
decodeAFP
StructuredFieldBaseTriplets.java
84
com.mgz.afp.base.StructuredFieldBaseTriplets
false
app
decodeAFP
IAFPDecodeableWriteable.java
64
com.mgz.afp.exceptions.IAFPDecodeableWriteable
false
app
parseNextSFFromBuffer
AFPParser.java
466
com.mgz.afp.parser.AFPParser
false
app
parseNextSF
AFPParser.java
382
com.mgz.afp.parser.AFPParser
false
app
convertToXml
Afp2Xml.java
469
com.mgz.cli.Afp2Xml
false
app
execute
Afp2Xml.java
376
com.mgz.cli.Afp2Xml
false
app
main
Afp2Xml.java
65
com.mgz.cli.Afp2Xml
false
Invalid triplet length: 0
Invalid triplet length: 0
10
Undefined
AADdjUYCmozykg==
app
parseTriplet
TripletParser.java
205
com.mgz.afp.parser.TripletParser
false
app
parseTriplets
TripletParser.java
133
com.mgz.afp.parser.TripletParser
false
app
decodeAFP
StructuredFieldBaseTriplets.java
84
com.mgz.afp.base.StructuredFieldBaseTriplets
false
app
decodeAFP
IAFPDecodeableWriteable.java
64
com.mgz.afp.exceptions.IAFPDecodeableWriteable
false
app
parseNextSFFromBuffer
AFPParser.java
466
com.mgz.afp.parser.AFPParser
false
app
parseNextSF
AFPParser.java
382
com.mgz.afp.parser.AFPParser
false
app
convertToXml
Afp2Xml.java
469
com.mgz.cli.Afp2Xml
false
app
execute
Afp2Xml.java
376
com.mgz.cli.Afp2Xml
false
app
main
Afp2Xml.java
65
com.mgz.cli.Afp2Xml
false
Invalid triplet length: 0
Invalid triplet length: 0
10
Undefined
AADdjUYCmozykg==
app
parseTriplet
TripletParser.java
205
com.mgz.afp.parser.TripletParser
false
app
parseTriplets
TripletParser.java
133
com.mgz.afp.parser.TripletParser
false
app
decodeAFP
StructuredFieldBaseTriplets.java
84
com.mgz.afp.base.StructuredFieldBaseTriplets
false
app
decodeAFP
IAFPDecodeableWriteable.java
64
com.mgz.afp.exceptions.IAFPDecodeableWriteable
false
app
parseNextSFFromBuffer
AFPParser.java
466
com.mgz.afp.parser.AFPParser
false
app
parseNextSF
AFPParser.java
382
com.mgz.afp.parser.AFPParser
false
app
convertToXml
Afp2Xml.java
469
com.mgz.cli.Afp2Xml
false
app
execute
Afp2Xml.java
376
com.mgz.cli.Afp2Xml
false
app
main
Afp2Xml.java
65
com.mgz.cli.Afp2Xml
false
Invalid triplet length: 0
Invalid triplet length: 0
10
Undefined
AADdjUYCmozykg==
app
parseTriplet
TripletParser.java
205
com.mgz.afp.parser.TripletParser
false
app
parseTriplets
TripletParser.java
133
com.mgz.afp.parser.TripletParser
false
app
decodeAFP
StructuredFieldBaseTriplets.java
84
com.mgz.afp.base.StructuredFieldBaseTriplets
false
app
decodeAFP
IAFPDecodeableWriteable.java
64
com.mgz.afp.exceptions.IAFPDecodeableWriteable
false
app
parseNextSFFromBuffer
AFPParser.java
466
com.mgz.afp.parser.AFPParser
false
app
parseNextSF
AFPParser.java
382
com.mgz.afp.parser.AFPParser
false
app
convertToXml
Afp2Xml.java
469
com.mgz.cli.Afp2Xml
false
app
execute
Afp2Xml.java
376
com.mgz.cli.Afp2Xml
false
app
main
Afp2Xml.java
65
com.mgz.cli.Afp2Xml
false
Invalid triplet length: 0
Invalid triplet length: 0
10
Undefined
AADdjUYCmozykg==
app
parseTriplet
TripletParser.java
205
com.mgz.afp.parser.TripletParser
false
app
parseTriplets
TripletParser.java
133
com.mgz.afp.parser.TripletParser
false
app
decodeAFP
StructuredFieldBaseTriplets.java
84
com.mgz.afp.base.StructuredFieldBaseTriplets
false
app
decodeAFP
IAFPDecodeableWriteable.java
64
com.mgz.afp.exceptions.IAFPDecodeableWriteable
false
app
parseNextSFFromBuffer
AFPParser.java
466
com.mgz.afp.parser.AFPParser
false
app
parseNextSF
AFPParser.java
382
com.mgz.afp.parser.AFPParser
false
app
convertToXml
Afp2Xml.java
469
com.mgz.cli.Afp2Xml
false
app
execute
Afp2Xml.java
376
com.mgz.cli.Afp2Xml
false
app
main
Afp2Xml.java
65
com.mgz.cli.Afp2Xml
false
Invalid triplet length: 0
Invalid triplet length: 0
10
Undefined
AADdjUYCmozykg==
app
parseTriplet
TripletParser.java
205
com.mgz.afp.parser.TripletParser
false
app
parseTriplets
TripletParser.java
133
com.mgz.afp.parser.TripletParser
false
app
decodeAFP
StructuredFieldBaseTriplets.java
84
com.mgz.afp.base.StructuredFieldBaseTriplets
false
app
decodeAFP
IAFPDecodeableWriteable.java
64
com.mgz.afp.exceptions.IAFPDecodeableWriteable
false
app
parseNextSFFromBuffer
AFPParser.java
466
com.mgz.afp.parser.AFPParser
false
app
parseNextSF
AFPParser.java
382
com.mgz.afp.parser.AFPParser
false
app
convertToXml
Afp2Xml.java
469
com.mgz.cli.Afp2Xml
false
app
execute
Afp2Xml.java
376
com.mgz.cli.Afp2Xml
false
app
main
Afp2Xml.java
65
com.mgz.cli.Afp2Xml
false
Invalid triplet length: 0
Invalid triplet length: 0
10
Undefined
AADdjUYCmozykg==
app
parseTriplet
TripletParser.java
205
com.mgz.afp.parser.TripletParser
false
app
parseTriplets
TripletParser.java
133
com.mgz.afp.parser.TripletParser
false
app
decodeAFP
StructuredFieldBaseTriplets.java
84
com.mgz.afp.base.StructuredFieldBaseTriplets
false
app
decodeAFP
IAFPDecodeableWriteable.java
64
com.mgz.afp.exceptions.IAFPDecodeableWriteable
false
app
parseNextSFFromBuffer
AFPParser.java
466
com.mgz.afp.parser.AFPParser
false
app
parseNextSF
AFPParser.java
382
com.mgz.afp.parser.AFPParser
false
app
convertToXml
Afp2Xml.java
469
com.mgz.cli.Afp2Xml
false
app
execute
Afp2Xml.java
376
com.mgz.cli.Afp2Xml
false
app
main
Afp2Xml.java
65
com.mgz.cli.Afp2Xml
false
Invalid triplet length: 0
Invalid triplet length: 0
10
Undefined
AADdjUYCmozykg==
app
parseTriplet
TripletParser.java
205
com.mgz.afp.parser.TripletParser
false
app
parseTriplets
TripletParser.java
133
com.mgz.afp.parser.TripletParser
false
app
decodeAFP
StructuredFieldBaseTriplets.java
84
com.mgz.afp.base.StructuredFieldBaseTriplets
false
app
decodeAFP
IAFPDecodeableWriteable.java
64
com.mgz.afp.exceptions.IAFPDecodeableWriteable
false
app
parseNextSFFromBuffer
AFPParser.java
466
com.mgz.afp.parser.AFPParser
false
app
parseNextSF
AFPParser.java
382
com.mgz.afp.parser.AFPParser
false
app
convertToXml
Afp2Xml.java
469
com.mgz.cli.Afp2Xml
false
app
execute
Afp2Xml.java
376
com.mgz.cli.Afp2Xml
false
app
main
Afp2Xml.java
65
com.mgz.cli.Afp2Xml
false
Invalid triplet length: 0
Invalid triplet length: 0
10
Undefined
AADdjUYCmozykg==
app
parseTriplet
TripletParser.java
205
com.mgz.afp.parser.TripletParser
false
app
parseTriplets
TripletParser.java
133
com.mgz.afp.parser.TripletParser
false
app
decodeAFP
StructuredFieldBaseTriplets.java
84
com.mgz.afp.base.StructuredFieldBaseTriplets
false
app
decodeAFP
IAFPDecodeableWriteable.java
64
com.mgz.afp.exceptions.IAFPDecodeableWriteable
false
app
parseNextSFFromBuffer
AFPParser.java
466
com.mgz.afp.parser.AFPParser
false
app
parseNextSF
AFPParser.java
382
com.mgz.afp.parser.AFPParser
false
app
convertToXml
Afp2Xml.java
469
com.mgz.cli.Afp2Xml
false
app
execute
Afp2Xml.java
376
com.mgz.cli.Afp2Xml
false
app
main
Afp2Xml.java
65
com.mgz.cli.Afp2Xml
false
Invalid triplet length: 0
Invalid triplet length: 0
10
Undefined
AADdjUYCmozykg==
app
parseTriplet
TripletParser.java
205
com.mgz.afp.parser.TripletParser
false
app
parseTriplets
TripletParser.java
133
com.mgz.afp.parser.TripletParser
false
app
decodeAFP
StructuredFieldBaseTriplets.java
84
com.mgz.afp.base.StructuredFieldBaseTriplets
false
app
decodeAFP
IAFPDecodeableWriteable.java
64
com.mgz.afp.exceptions.IAFPDecodeableWriteable
false
app
parseNextSFFromBuffer
AFPParser.java
466
com.mgz.afp.parser.AFPParser
false
app
parseNextSF
AFPParser.java
382
com.mgz.afp.parser.AFPParser
false
app
convertToXml
Afp2Xml.java
469
com.mgz.cli.Afp2Xml
false
app
execute
Afp2Xml.java
376
com.mgz.cli.Afp2Xml
false
app
main
Afp2Xml.java
65
com.mgz.cli.Afp2Xml
false
Invalid triplet length: 0
Invalid triplet length: 0
10
Undefined
AADdjUYCmozykg==
app
parseTriplet
TripletParser.java
205
com.mgz.afp.parser.TripletParser
false
app
parseTriplets
TripletParser.java
133
com.mgz.afp.parser.TripletParser
false
app
decodeAFP
StructuredFieldBaseTriplets.java
84
com.mgz.afp.base.StructuredFieldBaseTriplets
false
app
decodeAFP
IAFPDecodeableWriteable.java
64
com.mgz.afp.exceptions.IAFPDecodeableWriteable
false
app
parseNextSFFromBuffer
AFPParser.java
466
com.mgz.afp.parser.AFPParser
false
app
parseNextSF
AFPParser.java
382
com.mgz.afp.parser.AFPParser
false
app
convertToXml
Afp2Xml.java
469
com.mgz.cli.Afp2Xml
false
app
execute
Afp2Xml.java
376
com.mgz.cli.Afp2Xml
false
app
main
Afp2Xml.java
65
com.mgz.cli.Afp2Xml
false
Invalid triplet length: 0
Invalid triplet length: 0
10
Undefined
AADdjUYCmozykg==
app
parseTriplet
TripletParser.java
205
com.mgz.afp.parser.TripletParser
false
app
parseTriplets
TripletParser.java
133
com.mgz.afp.parser.TripletParser
false
app
decodeAFP
StructuredFieldBaseTriplets.java
84
com.mgz.afp.base.StructuredFieldBaseTriplets
false
app
decodeAFP
IAFPDecodeableWriteable.java
64
com.mgz.afp.exceptions.IAFPDecodeableWriteable
false
app
parseNextSFFromBuffer
AFPParser.java
466
com.mgz.afp.parser.AFPParser
false
app
parseNextSF
AFPParser.java
382
com.mgz.afp.parser.AFPParser
false
app
convertToXml
Afp2Xml.java
469
com.mgz.cli.Afp2Xml
false
app
execute
Afp2Xml.java
376
com.mgz.cli.Afp2Xml
false
app
main
Afp2Xml.java
65
com.mgz.cli.Afp2Xml
false
Invalid triplet length: 0
Invalid triplet length: 0
10
Undefined
AADdjUYCmozykg==
app
parseTriplet
TripletParser.java
205
com.mgz.afp.parser.TripletParser
false
app
parseTriplets
TripletParser.java
133
com.mgz.afp.parser.TripletParser
false
app
decodeAFP
StructuredFieldBaseTriplets.java
84
com.mgz.afp.base.StructuredFieldBaseTriplets
false
app
decodeAFP
IAFPDecodeableWriteable.java
64
com.mgz.afp.exceptions.IAFPDecodeableWriteable
false
app
parseNextSFFromBuffer
AFPParser.java
466
com.mgz.afp.parser.AFPParser
false
app
parseNextSF
AFPParser.java
382
com.mgz.afp.parser.AFPParser
false
app
convertToXml
Afp2Xml.java
469
com.mgz.cli.Afp2Xml
false
app
execute
Afp2Xml.java
376
com.mgz.cli.Afp2Xml
false
app
main
Afp2Xml.java
65
com.mgz.cli.Afp2Xml
false
Invalid triplet length: 0
Invalid triplet length: 0
10
Undefined
AADdjUYCmozykg==
app
parseTriplet
TripletParser.java
205
com.mgz.afp.parser.TripletParser
false
app
parseTriplets
TripletParser.java
133
com.mgz.afp.parser.TripletParser
false
app
decodeAFP
StructuredFieldBaseTriplets.java
84
com.mgz.afp.base.StructuredFieldBaseTriplets
false
app
decodeAFP
IAFPDecodeableWriteable.java
64
com.mgz.afp.exceptions.IAFPDecodeableWriteable
false
app
parseNextSFFromBuffer
AFPParser.java
466
com.mgz.afp.parser.AFPParser
false
app
parseNextSF
AFPParser.java
382
com.mgz.afp.parser.AFPParser
false
app
convertToXml
Afp2Xml.java
469
com.mgz.cli.Afp2Xml
false
app
execute
Afp2Xml.java
376
com.mgz.cli.Afp2Xml
false
app
main
Afp2Xml.java
65
com.mgz.cli.Afp2Xml
false
Invalid triplet length: 0
Invalid triplet length: 0
10
Undefined
AADdjUYCmozykg==
app
parseTriplet
TripletParser.java
205
com.mgz.afp.parser.TripletParser
false
app
parseTriplets
TripletParser.java
133
com.mgz.afp.parser.TripletParser
false
app
decodeAFP
StructuredFieldBaseTriplets.java
84
com.mgz.afp.base.StructuredFieldBaseTriplets
false
app
decodeAFP
IAFPDecodeableWriteable.java
64
com.mgz.afp.exceptions.IAFPDecodeableWriteable
false
app
parseNextSFFromBuffer
AFPParser.java
466
com.mgz.afp.parser.AFPParser
false
app
parseNextSF
AFPParser.java
382
com.mgz.afp.parser.AFPParser
false
app
convertToXml
Afp2Xml.java
469
com.mgz.cli.Afp2Xml
false
app
execute
Afp2Xml.java
376
com.mgz.cli.Afp2Xml
false
app
main
Afp2Xml.java
65
com.mgz.cli.Afp2Xml
false
Invalid triplet length: 0
Invalid triplet length: 0
10
Undefined
AADdjUYCmozykg==
app
parseTriplet
TripletParser.java
205
com.mgz.afp.parser.TripletParser
false
app
parseTriplets
TripletParser.java
133
com.mgz.afp.parser.TripletParser
false
app
decodeAFP
StructuredFieldBaseTriplets.java
84
com.mgz.afp.base.StructuredFieldBaseTriplets
false
app
decodeAFP
IAFPDecodeableWriteable.java
64
com.mgz.afp.exceptions.IAFPDecodeableWriteable
false
app
parseNextSFFromBuffer
AFPParser.java
466
com.mgz.afp.parser.AFPParser
false
app
parseNextSF
AFPParser.java
382
com.mgz.afp.parser.AFPParser
false
app
convertToXml
Afp2Xml.java
469
com.mgz.cli.Afp2Xml
false
app
execute
Afp2Xml.java
376
com.mgz.cli.Afp2Xml
false
app
main
Afp2Xml.java
65
com.mgz.cli.Afp2Xml
false
Invalid triplet length: 0
Invalid triplet length: 0
10
Undefined
AADdjUYCmozykg==
app
parseTriplet
TripletParser.java
205
com.mgz.afp.parser.TripletParser
false
app
parseTriplets
TripletParser.java
133
com.mgz.afp.parser.TripletParser
false
app
decodeAFP
StructuredFieldBaseTriplets.java
84
com.mgz.afp.base.StructuredFieldBaseTriplets
false
app
decodeAFP
IAFPDecodeableWriteable.java
64
com.mgz.afp.exceptions.IAFPDecodeableWriteable
false
app
parseNextSFFromBuffer
AFPParser.java
466
com.mgz.afp.parser.AFPParser
false
app
parseNextSF
AFPParser.java
382
com.mgz.afp.parser.AFPParser
false
app
convertToXml
Afp2Xml.java
469
com.mgz.cli.Afp2Xml
false
app
execute
Afp2Xml.java
376
com.mgz.cli.Afp2Xml
false
app
main
Afp2Xml.java
65
com.mgz.cli.Afp2Xml
false
Invalid triplet length: 0
Invalid triplet length: 0
10
Undefined
AADdjUYCmozykg==
app
parseTriplet
TripletParser.java
205
com.mgz.afp.parser.TripletParser
false
app
parseTriplets
TripletParser.java
133
com.mgz.afp.parser.TripletParser
false
app
decodeAFP
StructuredFieldBaseTriplets.java
84
com.mgz.afp.base.StructuredFieldBaseTriplets
false
app
decodeAFP
IAFPDecodeableWriteable.java
64
com.mgz.afp.exceptions.IAFPDecodeableWriteable
false
app
parseNextSFFromBuffer
AFPParser.java
466
com.mgz.afp.parser.AFPParser
false
app
parseNextSF
AFPParser.java
382
com.mgz.afp.parser.AFPParser
false
app
convertToXml
Afp2Xml.java
469
com.mgz.cli.Afp2Xml
false
app
execute
Afp2Xml.java
376
com.mgz.cli.Afp2Xml
false
app
main
Afp2Xml.java
65
com.mgz.cli.Afp2Xml
false
Invalid triplet length: 0
Invalid triplet length: 0
10
Undefined
AADdjUYCmozykg==
app
parseTriplet
TripletParser.java
205
com.mgz.afp.parser.TripletParser
false
app
parseTriplets
TripletParser.java
133
com.mgz.afp.parser.TripletParser
false
app
decodeAFP
StructuredFieldBaseTriplets.java
84
com.mgz.afp.base.StructuredFieldBaseTriplets
false
app
decodeAFP
IAFPDecodeableWriteable.java
64
com.mgz.afp.exceptions.IAFPDecodeableWriteable
false
app
parseNextSFFromBuffer
AFPParser.java
466
com.mgz.afp.parser.AFPParser
false
app
parseNextSF
AFPParser.java
382
com.mgz.afp.parser.AFPParser
false
app
convertToXml
Afp2Xml.java
469
com.mgz.cli.Afp2Xml
false
app
execute
Afp2Xml.java
376
com.mgz.cli.Afp2Xml
false
app
main
Afp2Xml.java
65
com.mgz.cli.Afp2Xml
false
Invalid triplet length: 0
Invalid triplet length: 0
10
Undefined
AADdjUYCmozykg==
app
parseTriplet
TripletParser.java
205
com.mgz.afp.parser.TripletParser
false
app
parseTriplets
TripletParser.java
133
com.mgz.afp.parser.TripletParser
false
app
decodeAFP
StructuredFieldBaseTriplets.java
84
com.mgz.afp.base.StructuredFieldBaseTriplets
false
app
decodeAFP
IAFPDecodeableWriteable.java
64
com.mgz.afp.exceptions.IAFPDecodeableWriteable
false
app
parseNextSFFromBuffer
AFPParser.java
466
com.mgz.afp.parser.AFPParser
false
app
parseNextSF
AFPParser.java
382
com.mgz.afp.parser.AFPParser
false
app
convertToXml
Afp2Xml.java
469
com.mgz.cli.Afp2Xml
false
app
execute
Afp2Xml.java
376
com.mgz.cli.Afp2Xml
false
app
main
Afp2Xml.java
65
com.mgz.cli.Afp2Xml
false
Invalid triplet length: 0
Invalid triplet length: 0
10
Undefined
AADdjUYCmozykg==
app
parseTriplet
TripletParser.java
205
com.mgz.afp.parser.TripletParser
false
app
parseTriplets
TripletParser.java
133
com.mgz.afp.parser.TripletParser
false
app
decodeAFP
StructuredFieldBaseTriplets.java
84
com.mgz.afp.base.StructuredFieldBaseTriplets
false
app
decodeAFP
IAFPDecodeableWriteable.java
64
com.mgz.afp.exceptions.IAFPDecodeableWriteable
false
app
parseNextSFFromBuffer
AFPParser.java
466
com.mgz.afp.parser.AFPParser
false
app
parseNextSF
AFPParser.java
382
com.mgz.afp.parser.AFPParser
false
app
convertToXml
Afp2Xml.java
469
com.mgz.cli.Afp2Xml
false
app
execute
Afp2Xml.java
376
com.mgz.cli.Afp2Xml
false
app
main
Afp2Xml.java
65
com.mgz.cli.Afp2Xml
false
Invalid triplet length: 0
Invalid triplet length: 0
10
Undefined
AADdjUYCmozykg==
app
parseTriplet
TripletParser.java
205
com.mgz.afp.parser.TripletParser
false
app
parseTriplets
TripletParser.java
133
com.mgz.afp.parser.TripletParser
false
app
decodeAFP
StructuredFieldBaseTriplets.java
84
com.mgz.afp.base.StructuredFieldBaseTriplets
false
app
decodeAFP
IAFPDecodeableWriteable.java
64
com.mgz.afp.exceptions.IAFPDecodeableWriteable
false
app
parseNextSFFromBuffer
AFPParser.java
466
com.mgz.afp.parser.AFPParser
false
app
parseNextSF
AFPParser.java
382
com.mgz.afp.parser.AFPParser
false
app
convertToXml
Afp2Xml.java
469
com.mgz.cli.Afp2Xml
false
app
execute
Afp2Xml.java
376
com.mgz.cli.Afp2Xml
false
app
main
Afp2Xml.java
65
com.mgz.cli.Afp2Xml
false
Invalid triplet length: 0
Invalid triplet length: 0
10
Undefined
AADdjUYCmozykg==
app
parseTriplet
TripletParser.java
205
com.mgz.afp.parser.TripletParser
false
app
parseTriplets
TripletParser.java
133
com.mgz.afp.parser.TripletParser
false
app
decodeAFP
StructuredFieldBaseTriplets.java
84
com.mgz.afp.base.StructuredFieldBaseTriplets
false
app
decodeAFP
IAFPDecodeableWriteable.java
64
com.mgz.afp.exceptions.IAFPDecodeableWriteable
false
app
parseNextSFFromBuffer
AFPParser.java
466
com.mgz.afp.parser.AFPParser
false
app
parseNextSF
AFPParser.java
382
com.mgz.afp.parser.AFPParser
false
app
convertToXml
Afp2Xml.java
469
com.mgz.cli.Afp2Xml
false
app
execute
Afp2Xml.java
376
com.mgz.cli.Afp2Xml
false
app
main
Afp2Xml.java
65
com.mgz.cli.Afp2Xml
false
Invalid triplet length: 0
Invalid triplet length: 0
10
Undefined
AADdjUYCmozykg==
app
parseTriplet
TripletParser.java
205
com.mgz.afp.parser.TripletParser
false
app
parseTriplets
TripletParser.java
133
com.mgz.afp.parser.TripletParser
false
app
decodeAFP
StructuredFieldBaseTriplets.java
84
com.mgz.afp.base.StructuredFieldBaseTriplets
false
app
decodeAFP
IAFPDecodeableWriteable.java
64
com.mgz.afp.exceptions.IAFPDecodeableWriteable
false
app
parseNextSFFromBuffer
AFPParser.java
466
com.mgz.afp.parser.AFPParser
false
app
parseNextSF
AFPParser.java
382
com.mgz.afp.parser.AFPParser
false
app
convertToXml
Afp2Xml.java
469
com.mgz.cli.Afp2Xml
false
app
execute
Afp2Xml.java
376
com.mgz.cli.Afp2Xml
false
app
main
Afp2Xml.java
65
com.mgz.cli.Afp2Xml
false
Invalid triplet length: 0
Invalid triplet length: 0
10
Undefined
AADdjUYCmozykg==
app
parseTriplet
TripletParser.java
205
com.mgz.afp.parser.TripletParser
false
app
parseTriplets
TripletParser.java
133
com.mgz.afp.parser.TripletParser
false
app
decodeAFP
StructuredFieldBaseTriplets.java
84
com.mgz.afp.base.StructuredFieldBaseTriplets
false
app
decodeAFP
IAFPDecodeableWriteable.java
64
com.mgz.afp.exceptions.IAFPDecodeableWriteable
false
app
parseNextSFFromBuffer
AFPParser.java
466
com.mgz.afp.parser.AFPParser
false
app
parseNextSF
AFPParser.java
382
com.mgz.afp.parser.AFPParser
false
app
convertToXml
Afp2Xml.java
469
com.mgz.cli.Afp2Xml
false
app
execute
Afp2Xml.java
376
com.mgz.cli.Afp2Xml
false
app
main
Afp2Xml.java
65
com.mgz.cli.Afp2Xml
false
Invalid triplet length: 0
Invalid triplet length: 0
10
Undefined
AADdjUYCmozykg==
app
parseTriplet
TripletParser.java
205
com.mgz.afp.parser.TripletParser
false
app
parseTriplets
TripletParser.java
133
com.mgz.afp.parser.TripletParser
false
app
decodeAFP
StructuredFieldBaseTriplets.java
84
com.mgz.afp.base.StructuredFieldBaseTriplets
false
app
decodeAFP
IAFPDecodeableWriteable.java
64
com.mgz.afp.exceptions.IAFPDecodeableWriteable
false
app
parseNextSFFromBuffer
AFPParser.java
466
com.mgz.afp.parser.AFPParser
false
app
parseNextSF
AFPParser.java
382
com.mgz.afp.parser.AFPParser
false
app
convertToXml
Afp2Xml.java
469
com.mgz.cli.Afp2Xml
false
app
execute
Afp2Xml.java
376
com.mgz.cli.Afp2Xml
false
app
main
Afp2Xml.java
65
com.mgz.cli.Afp2Xml
false
Invalid triplet length: 0
Invalid triplet length: 0
10
Undefined
AADdjUYCmozykg==
app
parseTriplet
TripletParser.java
205
com.mgz.afp.parser.TripletParser
false
app
parseTriplets
TripletParser.java
133
com.mgz.afp.parser.TripletParser
false
app
decodeAFP
StructuredFieldBaseTriplets.java
84
com.mgz.afp.base.StructuredFieldBaseTriplets
false
app
decodeAFP
IAFPDecodeableWriteable.java
64
com.mgz.afp.exceptions.IAFPDecodeableWriteable
false
app
parseNextSFFromBuffer
AFPParser.java
466
com.mgz.afp.parser.AFPParser
false
app
parseNextSF
AFPParser.java
382
com.mgz.afp.parser.AFPParser
false
app
convertToXml
Afp2Xml.java
469
com.mgz.cli.Afp2Xml
false
app
execute
Afp2Xml.java
376
com.mgz.cli.Afp2Xml
false
app
main
Afp2Xml.java
65
com.mgz.cli.Afp2Xml
false
Invalid triplet length: 0
Invalid triplet length: 0
10
Undefined
AADdjUYCmozykg==
app
parseTriplet
TripletParser.java
205
com.mgz.afp.parser.TripletParser
false
app
parseTriplets
TripletParser.java
133
com.mgz.afp.parser.TripletParser
false
app
decodeAFP
StructuredFieldBaseTriplets.java
84
com.mgz.afp.base.StructuredFieldBaseTriplets
false
app
decodeAFP
IAFPDecodeableWriteable.java
64
com.mgz.afp.exceptions.IAFPDecodeableWriteable
false
app
parseNextSFFromBuffer
AFPParser.java
466
com.mgz.afp.parser.AFPParser
false
app
parseNextSF
AFPParser.java
382
com.mgz.afp.parser.AFPParser
false
app
convertToXml
Afp2Xml.java
469
com.mgz.cli.Afp2Xml
false
app
execute
Afp2Xml.java
376
com.mgz.cli.Afp2Xml
false
app
main
Afp2Xml.java
65
com.mgz.cli.Afp2Xml
false
Invalid triplet length: 0
Invalid triplet length: 0
10
Undefined
AADdjUYCmozykg==
app
parseTriplet
TripletParser.java
205
com.mgz.afp.parser.TripletParser
false
app
parseTriplets
TripletParser.java
133
com.mgz.afp.parser.TripletParser
false
app
decodeAFP
StructuredFieldBaseTriplets.java
84
com.mgz.afp.base.StructuredFieldBaseTriplets
false
app
decodeAFP
IAFPDecodeableWriteable.java
64
com.mgz.afp.exceptions.IAFPDecodeableWriteable
false
app
parseNextSFFromBuffer
AFPParser.java
466
com.mgz.afp.parser.AFPParser
false
app
parseNextSF
AFPParser.java
382
com.mgz.afp.parser.AFPParser
false
app
convertToXml
Afp2Xml.java
469
com.mgz.cli.Afp2Xml
false
app
execute
Afp2Xml.java
376
com.mgz.cli.Afp2Xml
false
app
main
Afp2Xml.java
65
com.mgz.cli.Afp2Xml
false
Invalid triplet length: 0
Invalid triplet length: 0
10
Undefined
AADdjUYCmozykg==
app
parseTriplet
TripletParser.java
205
com.mgz.afp.parser.TripletParser
false
app
parseTriplets
TripletParser.java
133
com.mgz.afp.parser.TripletParser
false
app
decodeAFP
StructuredFieldBaseTriplets.java
84
com.mgz.afp.base.StructuredFieldBaseTriplets
false
app
decodeAFP
IAFPDecodeableWriteable.java
64
com.mgz.afp.exceptions.IAFPDecodeableWriteable
false
app
parseNextSFFromBuffer
AFPParser.java
466
com.mgz.afp.parser.AFPParser
false
app
parseNextSF
AFPParser.java
382
com.mgz.afp.parser.AFPParser
false
app
convertToXml
Afp2Xml.java
469
com.mgz.cli.Afp2Xml
false
app
execute
Afp2Xml.java
376
com.mgz.cli.Afp2Xml
false
app
main
Afp2Xml.java
65
com.mgz.cli.Afp2Xml
false
Invalid triplet length: 0
Invalid triplet length: 0
10
Undefined
AADdjUYCmozykg==
app
parseTriplet
TripletParser.java
205
com.mgz.afp.parser.TripletParser
false
app
parseTriplets
TripletParser.java
133
com.mgz.afp.parser.TripletParser
false
app
decodeAFP
StructuredFieldBaseTriplets.java
84
com.mgz.afp.base.StructuredFieldBaseTriplets
false
app
decodeAFP
IAFPDecodeableWriteable.java
64
com.mgz.afp.exceptions.IAFPDecodeableWriteable
false
app
parseNextSFFromBuffer
AFPParser.java
466
com.mgz.afp.parser.AFPParser
false
app
parseNextSF
AFPParser.java
382
com.mgz.afp.parser.AFPParser
false
app
convertToXml
Afp2Xml.java
469
com.mgz.cli.Afp2Xml
false
app
execute
Afp2Xml.java
376
com.mgz.cli.Afp2Xml
false
app
main
Afp2Xml.java
65
com.mgz.cli.Afp2Xml
false
Invalid triplet length: 0
Invalid triplet length: 0
10
Undefined
AADdjUYCmozykg==
app
parseTriplet
TripletParser.java
205
com.mgz.afp.parser.TripletParser
false
app
parseTriplets
TripletParser.java
133
com.mgz.afp.parser.TripletParser
false
app
decodeAFP
StructuredFieldBaseTriplets.java
84
com.mgz.afp.base.StructuredFieldBaseTriplets
false
app
decodeAFP
IAFPDecodeableWriteable.java
64
com.mgz.afp.exceptions.IAFPDecodeableWriteable
false
app
parseNextSFFromBuffer
AFPParser.java
466
com.mgz.afp.parser.AFPParser
false
app
parseNextSF
AFPParser.java
382
com.mgz.afp.parser.AFPParser
false
app
convertToXml
Afp2Xml.java
469
com.mgz.cli.Afp2Xml
false
app
execute
Afp2Xml.java
376
com.mgz.cli.Afp2Xml
false
app
main
Afp2Xml.java
65
com.mgz.cli.Afp2Xml
false
Invalid triplet length: 0
Invalid triplet length: 0
10
Undefined
AADdjUYCmozykg==
app
parseTriplet
TripletParser.java
205
com.mgz.afp.parser.TripletParser
false
app
parseTriplets
TripletParser.java
133
com.mgz.afp.parser.TripletParser
false
app
decodeAFP
StructuredFieldBaseTriplets.java
84
com.mgz.afp.base.StructuredFieldBaseTriplets
false
app
decodeAFP
IAFPDecodeableWriteable.java
64
com.mgz.afp.exceptions.IAFPDecodeableWriteable
false
app
parseNextSFFromBuffer
AFPParser.java
466
com.mgz.afp.parser.AFPParser
false
app
parseNextSF
AFPParser.java
382
com.mgz.afp.parser.AFPParser
false
app
convertToXml
Afp2Xml.java
469
com.mgz.cli.Afp2Xml
false
app
execute
Afp2Xml.java
376
com.mgz.cli.Afp2Xml
false
app
main
Afp2Xml.java
65
com.mgz.cli.Afp2Xml
false
Invalid triplet length: 0
Invalid triplet length: 0
10
Undefined
AADdjUYCmozykg==
app
parseTriplet
TripletParser.java
205
com.mgz.afp.parser.TripletParser
false
app
parseTriplets
TripletParser.java
133
com.mgz.afp.parser.TripletParser
false
app
decodeAFP
StructuredFieldBaseTriplets.java
84
com.mgz.afp.base.StructuredFieldBaseTriplets
false
app
decodeAFP
IAFPDecodeableWriteable.java
64
com.mgz.afp.exceptions.IAFPDecodeableWriteable
false
app
parseNextSFFromBuffer
AFPParser.java
466
com.mgz.afp.parser.AFPParser
false
app
parseNextSF
AFPParser.java
382
com.mgz.afp.parser.AFPParser
false
app
convertToXml
Afp2Xml.java
469
com.mgz.cli.Afp2Xml
false
app
execute
Afp2Xml.java
376
com.mgz.cli.Afp2Xml
false
app
main
Afp2Xml.java
65
com.mgz.cli.Afp2Xml
false
Invalid triplet length: 0
Invalid triplet length: 0
10
Undefined
AADdjUYCmozykg==
app
parseTriplet
TripletParser.java
205
com.mgz.afp.parser.TripletParser
false
app
parseTriplets
TripletParser.java
133
com.mgz.afp.parser.TripletParser
false
app
decodeAFP
StructuredFieldBaseTriplets.java
84
com.mgz.afp.base.StructuredFieldBaseTriplets
false
app
decodeAFP
IAFPDecodeableWriteable.java
64
com.mgz.afp.exceptions.IAFPDecodeableWriteable
false
app
parseNextSFFromBuffer
AFPParser.java
466
com.mgz.afp.parser.AFPParser
false
app
parseNextSF
AFPParser.java
382
com.mgz.afp.parser.AFPParser
false
app
convertToXml
Afp2Xml.java
469
com.mgz.cli.Afp2Xml
false
app
execute
Afp2Xml.java
376
com.mgz.cli.Afp2Xml
false
app
main
Afp2Xml.java
65
com.mgz.cli.Afp2Xml
false
Invalid triplet length: 0
Invalid triplet length: 0
10
Undefined
AADdjUYCmozykg==
app
parseTriplet
TripletParser.java
205
com.mgz.afp.parser.TripletParser
false
app
parseTriplets
TripletParser.java
133
com.mgz.afp.parser.TripletParser
false
app
decodeAFP
StructuredFieldBaseTriplets.java
84
com.mgz.afp.base.StructuredFieldBaseTriplets
false
app
decodeAFP
IAFPDecodeableWriteable.java
64
com.mgz.afp.exceptions.IAFPDecodeableWriteable
false
app
parseNextSFFromBuffer
AFPParser.java
466
com.mgz.afp.parser.AFPParser
false
app
parseNextSF
AFPParser.java
382
com.mgz.afp.parser.AFPParser
false
app
convertToXml
Afp2Xml.java
469
com.mgz.cli.Afp2Xml
false
app
execute
Afp2Xml.java
376
com.mgz.cli.Afp2Xml
false
app
main
Afp2Xml.java
65
com.mgz.cli.Afp2Xml
false
Invalid triplet length: 0
Invalid triplet length: 0
10
Undefined
AADdjUYCmozykg==
app
parseTriplet
TripletParser.java
205
com.mgz.afp.parser.TripletParser
false
app
parseTriplets
TripletParser.java
133
com.mgz.afp.parser.TripletParser
false
app
decodeAFP
StructuredFieldBaseTriplets.java
84
com.mgz.afp.base.StructuredFieldBaseTriplets
false
app
decodeAFP
IAFPDecodeableWriteable.java
64
com.mgz.afp.exceptions.IAFPDecodeableWriteable
false
app
parseNextSFFromBuffer
AFPParser.java
466
com.mgz.afp.parser.AFPParser
false
app
parseNextSF
AFPParser.java
382
com.mgz.afp.parser.AFPParser
false
app
convertToXml
Afp2Xml.java
469
com.mgz.cli.Afp2Xml
false
app
execute
Afp2Xml.java
376
com.mgz.cli.Afp2Xml
false
app
main
Afp2Xml.java
65
com.mgz.cli.Afp2Xml
false
Invalid triplet length: 0
Invalid triplet length: 0
10
Undefined
AADdjUYCmozykg==
app
parseTriplet
TripletParser.java
205
com.mgz.afp.parser.TripletParser
false
app
parseTriplets
TripletParser.java
133
com.mgz.afp.parser.TripletParser
false
app
decodeAFP
StructuredFieldBaseTriplets.java
84
com.mgz.afp.base.StructuredFieldBaseTriplets
false
app
decodeAFP
IAFPDecodeableWriteable.java
64
com.mgz.afp.exceptions.IAFPDecodeableWriteable
false
app
parseNextSFFromBuffer
AFPParser.java
466
com.mgz.afp.parser.AFPParser
false
app
parseNextSF
AFPParser.java
382
com.mgz.afp.parser.AFPParser
false
app
convertToXml
Afp2Xml.java
469
com.mgz.cli.Afp2Xml
false
app
execute
Afp2Xml.java
376
com.mgz.cli.Afp2Xml
false
app
main
Afp2Xml.java
65
com.mgz.cli.Afp2Xml
false
Invalid triplet length: 0
Invalid triplet length: 0
10
Undefined
AADdjUYCmozykg==
app
parseTriplet
TripletParser.java
205
com.mgz.afp.parser.TripletParser
false
app
parseTriplets
TripletParser.java
133
com.mgz.afp.parser.TripletParser
false
app
decodeAFP
StructuredFieldBaseTriplets.java
84
com.mgz.afp.base.StructuredFieldBaseTriplets
false
app
decodeAFP
IAFPDecodeableWriteable.java
64
com.mgz.afp.exceptions.IAFPDecodeableWriteable
false
app
parseNextSFFromBuffer
AFPParser.java
466
com.mgz.afp.parser.AFPParser
false
app
parseNextSF
AFPParser.java
382
com.mgz.afp.parser.AFPParser
false
app
convertToXml
Afp2Xml.java
469
com.mgz.cli.Afp2Xml
false
app
execute
Afp2Xml.java
376
com.mgz.cli.Afp2Xml
false
app
main
Afp2Xml.java
65
com.mgz.cli.Afp2Xml
false
Invalid triplet length: 0
Invalid triplet length: 0
10
Undefined
AADdjUYCmozykg==
app
parseTriplet
TripletParser.java
205
com.mgz.afp.parser.TripletParser
false
app
parseTriplets
TripletParser.java
133
com.mgz.afp.parser.TripletParser
false
app
decodeAFP
StructuredFieldBaseTriplets.java
84
com.mgz.afp.base.StructuredFieldBaseTriplets
false
app
decodeAFP
IAFPDecodeableWriteable.java
64
com.mgz.afp.exceptions.IAFPDecodeableWriteable
false
app
parseNextSFFromBuffer
AFPParser.java
466
com.mgz.afp.parser.AFPParser
false
app
parseNextSF
AFPParser.java
382
com.mgz.afp.parser.AFPParser
false
app
convertToXml
Afp2Xml.java
469
com.mgz.cli.Afp2Xml
false
app
execute
Afp2Xml.java
376
com.mgz.cli.Afp2Xml
false
app
main
Afp2Xml.java
65
com.mgz.cli.Afp2Xml
false
Invalid triplet length: 0
Invalid triplet length: 0
10
Undefined
AADdjUYCmozykg==
app
parseTriplet
TripletParser.java
205
com.mgz.afp.parser.TripletParser
false
app
parseTriplets
TripletParser.java
133
com.mgz.afp.parser.TripletParser
false
app
decodeAFP
StructuredFieldBaseTriplets.java
84
com.mgz.afp.base.StructuredFieldBaseTriplets
false
app
decodeAFP
IAFPDecodeableWriteable.java
64
com.mgz.afp.exceptions.IAFPDecodeableWriteable
false
app
parseNextSFFromBuffer
AFPParser.java
466
com.mgz.afp.parser.AFPParser
false
app
parseNextSF
AFPParser.java
382
com.mgz.afp.parser.AFPParser
false
app
convertToXml
Afp2Xml.java
469
com.mgz.cli.Afp2Xml
false
app
execute
Afp2Xml.java
376
com.mgz.cli.Afp2Xml
false
app
main
Afp2Xml.java
65
com.mgz.cli.Afp2Xml
false
Invalid triplet length: 0
Invalid triplet length: 0
10
Undefined
AADdjUYCmozykg==
app
parseTriplet
TripletParser.java
205
com.mgz.afp.parser.TripletParser
false
app
parseTriplets
TripletParser.java
133
com.mgz.afp.parser.TripletParser
false
app
decodeAFP
StructuredFieldBaseTriplets.java
84
com.mgz.afp.base.StructuredFieldBaseTriplets
false
app
decodeAFP
IAFPDecodeableWriteable.java
64
com.mgz.afp.exceptions.IAFPDecodeableWriteable
false
app
parseNextSFFromBuffer
AFPParser.java
466
com.mgz.afp.parser.AFPParser
false
app
parseNextSF
AFPParser.java
382
com.mgz.afp.parser.AFPParser
false
app
convertToXml
Afp2Xml.java
469
com.mgz.cli.Afp2Xml
false
app
execute
Afp2Xml.java
376
com.mgz.cli.Afp2Xml
false
app
main
Afp2Xml.java
65
com.mgz.cli.Afp2Xml
false
Invalid triplet length: 0
Invalid triplet length: 0
10
Undefined
AADdjUYCmozykg==
app
parseTriplet
TripletParser.java
205
com.mgz.afp.parser.TripletParser
false
app
parseTriplets
TripletParser.java
133
com.mgz.afp.parser.TripletParser
false
app
decodeAFP
StructuredFieldBaseTriplets.java
84
com.mgz.afp.base.StructuredFieldBaseTriplets
false
app
decodeAFP
IAFPDecodeableWriteable.java
64
com.mgz.afp.exceptions.IAFPDecodeableWriteable
false
app
parseNextSFFromBuffer
AFPParser.java
466
com.mgz.afp.parser.AFPParser
false
app
parseNextSF
AFPParser.java
382
com.mgz.afp.parser.AFPParser
false
app
convertToXml
Afp2Xml.java
469
com.mgz.cli.Afp2Xml
false
app
execute
Afp2Xml.java
376
com.mgz.cli.Afp2Xml
false
app
main
Afp2Xml.java
65
com.mgz.cli.Afp2Xml
false
Invalid triplet length: 0
Invalid triplet length: 0
10
Undefined
AADdjUYCmozykg==
app
parseTriplet
TripletParser.java
205
com.mgz.afp.parser.TripletParser
false
app
parseTriplets
TripletParser.java
133
com.mgz.afp.parser.TripletParser
false
app
decodeAFP
StructuredFieldBaseTriplets.java
84
com.mgz.afp.base.StructuredFieldBaseTriplets
false
app
decodeAFP
IAFPDecodeableWriteable.java
64
com.mgz.afp.exceptions.IAFPDecodeableWriteable
false
app
parseNextSFFromBuffer
AFPParser.java
466
com.mgz.afp.parser.AFPParser
false
app
parseNextSF
AFPParser.java
382
com.mgz.afp.parser.AFPParser
false
app
convertToXml
Afp2Xml.java
469
com.mgz.cli.Afp2Xml
false
app
execute
Afp2Xml.java
376
com.mgz.cli.Afp2Xml
false
app
main
Afp2Xml.java
65
com.mgz.cli.Afp2Xml
false
Invalid triplet length: 0
Invalid triplet length: 0
10
Undefined
AADdjUYCmozykg==
app
parseTriplet
TripletParser.java
205
com.mgz.afp.parser.TripletParser
false
app
parseTriplets
TripletParser.java
133
com.mgz.afp.parser.TripletParser
false
app
decodeAFP
StructuredFieldBaseTriplets.java
84
com.mgz.afp.base.StructuredFieldBaseTriplets
false
app
decodeAFP
IAFPDecodeableWriteable.java
64
com.mgz.afp.exceptions.IAFPDecodeableWriteable
false
app
parseNextSFFromBuffer
AFPParser.java
466
com.mgz.afp.parser.AFPParser
false
app
parseNextSF
AFPParser.java
382
com.mgz.afp.parser.AFPParser
false
app
convertToXml
Afp2Xml.java
469
com.mgz.cli.Afp2Xml
false
app
execute
Afp2Xml.java
376
com.mgz.cli.Afp2Xml
false
app
main
Afp2Xml.java
65
com.mgz.cli.Afp2Xml
false
Invalid triplet length: 0
Invalid triplet length: 0
10
Undefined
AADdjUYCmozykg==
app
parseTriplet
TripletParser.java
205
com.mgz.afp.parser.TripletParser
false
app
parseTriplets
TripletParser.java
133
com.mgz.afp.parser.TripletParser
false
app
decodeAFP
StructuredFieldBaseTriplets.java
84
com.mgz.afp.base.StructuredFieldBaseTriplets
false
app
decodeAFP
IAFPDecodeableWriteable.java
64
com.mgz.afp.exceptions.IAFPDecodeableWriteable
false
app
parseNextSFFromBuffer
AFPParser.java
466
com.mgz.afp.parser.AFPParser
false
app
parseNextSF
AFPParser.java
382
com.mgz.afp.parser.AFPParser
false
app
convertToXml
Afp2Xml.java
469
com.mgz.cli.Afp2Xml
false
app
execute
Afp2Xml.java
376
com.mgz.cli.Afp2Xml
false
app
main
Afp2Xml.java
65
com.mgz.cli.Afp2Xml
false
Invalid triplet length: 0
Invalid triplet length: 0
10
Undefined
AADdjUYCmozykg==
app
parseTriplet
TripletParser.java
205
com.mgz.afp.parser.TripletParser
false
app
parseTriplets
TripletParser.java
133
com.mgz.afp.parser.TripletParser
false
app
decodeAFP
StructuredFieldBaseTriplets.java
84
com.mgz.afp.base.StructuredFieldBaseTriplets
false
app
decodeAFP
IAFPDecodeableWriteable.java
64
com.mgz.afp.exceptions.IAFPDecodeableWriteable
false
app
parseNextSFFromBuffer
AFPParser.java
466
com.mgz.afp.parser.AFPParser
false
app
parseNextSF
AFPParser.java
382
com.mgz.afp.parser.AFPParser
false
app
convertToXml
Afp2Xml.java
469
com.mgz.cli.Afp2Xml
false
app
execute
Afp2Xml.java
376
com.mgz.cli.Afp2Xml
false
app
main
Afp2Xml.java
65
com.mgz.cli.Afp2Xml
false
Invalid triplet length: 0
Invalid triplet length: 0
10
Undefined
AADdjUYCmozykg==
app
parseTriplet
TripletParser.java
205
com.mgz.afp.parser.TripletParser
false
app
parseTriplets
TripletParser.java
133
com.mgz.afp.parser.TripletParser
false
app
decodeAFP
StructuredFieldBaseTriplets.java
84
com.mgz.afp.base.StructuredFieldBaseTriplets
false
app
decodeAFP
IAFPDecodeableWriteable.java
64
com.mgz.afp.exceptions.IAFPDecodeableWriteable
false
app
parseNextSFFromBuffer
AFPParser.java
466
com.mgz.afp.parser.AFPParser
false
app
parseNextSF
AFPParser.java
382
com.mgz.afp.parser.AFPParser
false
app
convertToXml
Afp2Xml.java
469
com.mgz.cli.Afp2Xml
false
app
execute
Afp2Xml.java
376
com.mgz.cli.Afp2Xml
false
app
main
Afp2Xml.java
65
com.mgz.cli.Afp2Xml
false
Invalid triplet length: 0
Invalid triplet length: 0
10
Undefined
AADdjUYCmozykg==
app
parseTriplet
TripletParser.java
205
com.mgz.afp.parser.TripletParser
false
app
parseTriplets
TripletParser.java
133
com.mgz.afp.parser.TripletParser
false
app
decodeAFP
StructuredFieldBaseTriplets.java
84
com.mgz.afp.base.StructuredFieldBaseTriplets
false
app
decodeAFP
IAFPDecodeableWriteable.java
64
com.mgz.afp.exceptions.IAFPDecodeableWriteable
false
app
parseNextSFFromBuffer
AFPParser.java
466
com.mgz.afp.parser.AFPParser
false
app
parseNextSF
AFPParser.java
382
com.mgz.afp.parser.AFPParser
false
app
convertToXml
Afp2Xml.java
469
com.mgz.cli.Afp2Xml
false
app
execute
Afp2Xml.java
376
com.mgz.cli.Afp2Xml
false
app
main
Afp2Xml.java
65
com.mgz.cli.Afp2Xml
false
Invalid triplet length: 0
Invalid triplet length: 0
10
Undefined
AADdjUYCmozykg==
app
parseTriplet
TripletParser.java
205
com.mgz.afp.parser.TripletParser
false
app
parseTriplets
TripletParser.java
133
com.mgz.afp.parser.TripletParser
false
app
decodeAFP
StructuredFieldBaseTriplets.java
84
com.mgz.afp.base.StructuredFieldBaseTriplets
false
app
decodeAFP
IAFPDecodeableWriteable.java
64
com.mgz.afp.exceptions.IAFPDecodeableWriteable
false
app
parseNextSFFromBuffer
AFPParser.java
466
com.mgz.afp.parser.AFPParser
false
app
parseNextSF
AFPParser.java
382
com.mgz.afp.parser.AFPParser
false
app
convertToXml
Afp2Xml.java
469
com.mgz.cli.Afp2Xml
false
app
execute
Afp2Xml.java
376
com.mgz.cli.Afp2Xml
false
app
main
Afp2Xml.java
65
com.mgz.cli.Afp2Xml
false
Invalid triplet length: 0
Invalid triplet length: 0
10
Undefined
AADdjUYCmozykg==
app
parseTriplet
TripletParser.java
205
com.mgz.afp.parser.TripletParser
false
app
parseTriplets
TripletParser.java
133
com.mgz.afp.parser.TripletParser
false
app
decodeAFP
StructuredFieldBaseTriplets.java
84
com.mgz.afp.base.StructuredFieldBaseTriplets
false
app
decodeAFP
IAFPDecodeableWriteable.java
64
com.mgz.afp.exceptions.IAFPDecodeableWriteable
false
app
parseNextSFFromBuffer
AFPParser.java
466
com.mgz.afp.parser.AFPParser
false
app
parseNextSF
AFPParser.java
382
com.mgz.afp.parser.AFPParser
false
app
convertToXml
Afp2Xml.java
469
com.mgz.cli.Afp2Xml
false
app
execute
Afp2Xml.java
376
com.mgz.cli.Afp2Xml
false
app
main
Afp2Xml.java
65
com.mgz.cli.Afp2Xml
false
Invalid triplet length: 0
Invalid triplet length: 0
10
Undefined
AADdjUYCmozykg==
app
parseTriplet
TripletParser.java
205
com.mgz.afp.parser.TripletParser
false
app
parseTriplets
TripletParser.java
133
com.mgz.afp.parser.TripletParser
false
app
decodeAFP
StructuredFieldBaseTriplets.java
84
com.mgz.afp.base.StructuredFieldBaseTriplets
false
app
decodeAFP
IAFPDecodeableWriteable.java
64
com.mgz.afp.exceptions.IAFPDecodeableWriteable
false
app
parseNextSFFromBuffer
AFPParser.java
466
com.mgz.afp.parser.AFPParser
false
app
parseNextSF
AFPParser.java
382
com.mgz.afp.parser.AFPParser
false
app
convertToXml
Afp2Xml.java
469
com.mgz.cli.Afp2Xml
false
app
execute
Afp2Xml.java
376
com.mgz.cli.Afp2Xml
false
app
main
Afp2Xml.java
65
com.mgz.cli.Afp2Xml
false
Invalid triplet length: 0
Invalid triplet length: 0
10
Undefined
AADdjUYCmozykg==
app
parseTriplet
TripletParser.java
205
com.mgz.afp.parser.TripletParser
false
app
parseTriplets
TripletParser.java
133
com.mgz.afp.parser.TripletParser
false
app
decodeAFP
StructuredFieldBaseTriplets.java
84
com.mgz.afp.base.StructuredFieldBaseTriplets
false
app
decodeAFP
IAFPDecodeableWriteable.java
64
com.mgz.afp.exceptions.IAFPDecodeableWriteable
false
app
parseNextSFFromBuffer
AFPParser.java
466
com.mgz.afp.parser.AFPParser
false
app
parseNextSF
AFPParser.java
382
com.mgz.afp.parser.AFPParser
false
app
convertToXml
Afp2Xml.java
469
com.mgz.cli.Afp2Xml
false
app
execute
Afp2Xml.java
376
com.mgz.cli.Afp2Xml
false
app
main
Afp2Xml.java
65
com.mgz.cli.Afp2Xml
false
Invalid triplet length: 0
Invalid triplet length: 0
10
Undefined
AADdjUYCmozykg==
app
parseTriplet
TripletParser.java
205
com.mgz.afp.parser.TripletParser
false
app
parseTriplets
TripletParser.java
133
com.mgz.afp.parser.TripletParser
false
app
decodeAFP
StructuredFieldBaseTriplets.java
84
com.mgz.afp.base.StructuredFieldBaseTriplets
false
app
decodeAFP
IAFPDecodeableWriteable.java
64
com.mgz.afp.exceptions.IAFPDecodeableWriteable
false
app
parseNextSFFromBuffer
AFPParser.java
466
com.mgz.afp.parser.AFPParser
false
app
parseNextSF
AFPParser.java
382
com.mgz.afp.parser.AFPParser
false
app
convertToXml
Afp2Xml.java
469
com.mgz.cli.Afp2Xml
false
app
execute
Afp2Xml.java
376
com.mgz.cli.Afp2Xml
false
app
main
Afp2Xml.java
65
com.mgz.cli.Afp2Xml
false
Invalid triplet length: 0
Invalid triplet length: 0
10
Undefined
AADdjUYCmozykg==
app
parseTriplet
TripletParser.java
205
com.mgz.afp.parser.TripletParser
false
app
parseTriplets
TripletParser.java
133
com.mgz.afp.parser.TripletParser
false
app
decodeAFP
StructuredFieldBaseTriplets.java
84
com.mgz.afp.base.StructuredFieldBaseTriplets
false
app
decodeAFP
IAFPDecodeableWriteable.java
64
com.mgz.afp.exceptions.IAFPDecodeableWriteable
false
app
parseNextSFFromBuffer
AFPParser.java
466
com.mgz.afp.parser.AFPParser
false
app
parseNextSF
AFPParser.java
382
com.mgz.afp.parser.AFPParser
false
app
convertToXml
Afp2Xml.java
469
com.mgz.cli.Afp2Xml
false
app
execute
Afp2Xml.java
376
com.mgz.cli.Afp2Xml
false
app
main
Afp2Xml.java
65
com.mgz.cli.Afp2Xml
false
Invalid triplet length: 0
Invalid triplet length: 0
10
Undefined
AADdjUYCmozykg==
app
parseTriplet
TripletParser.java
205
com.mgz.afp.parser.TripletParser
false
app
parseTriplets
TripletParser.java
133
com.mgz.afp.parser.TripletParser
false
app
decodeAFP
StructuredFieldBaseTriplets.java
84
com.mgz.afp.base.StructuredFieldBaseTriplets
false
app
decodeAFP
IAFPDecodeableWriteable.java
64
com.mgz.afp.exceptions.IAFPDecodeableWriteable
false
app
parseNextSFFromBuffer
AFPParser.java
466
com.mgz.afp.parser.AFPParser
false
app
parseNextSF
AFPParser.java
382
com.mgz.afp.parser.AFPParser
false
app
convertToXml
Afp2Xml.java
469
com.mgz.cli.Afp2Xml
false
app
execute
Afp2Xml.java
376
com.mgz.cli.Afp2Xml
false
app
main
Afp2Xml.java
65
com.mgz.cli.Afp2Xml
false
Invalid triplet length: 0
Invalid triplet length: 0
10
Undefined
AADdjUYCmozykg==
app
parseTriplet
TripletParser.java
205
com.mgz.afp.parser.TripletParser
false
app
parseTriplets
TripletParser.java
133
com.mgz.afp.parser.TripletParser
false
app
decodeAFP
StructuredFieldBaseTriplets.java
84
com.mgz.afp.base.StructuredFieldBaseTriplets
false
app
decodeAFP
IAFPDecodeableWriteable.java
64
com.mgz.afp.exceptions.IAFPDecodeableWriteable
false
app
parseNextSFFromBuffer
AFPParser.java
466
com.mgz.afp.parser.AFPParser
false
app
parseNextSF
AFPParser.java
382
com.mgz.afp.parser.AFPParser
false
app
convertToXml
Afp2Xml.java
469
com.mgz.cli.Afp2Xml
false
app
execute
Afp2Xml.java
376
com.mgz.cli.Afp2Xml
false
app
main
Afp2Xml.java
65
com.mgz.cli.Afp2Xml
false
Invalid triplet length: 0
Invalid triplet length: 0
10
Undefined
AADdjUYCmozykg==
app
parseTriplet
TripletParser.java
205
com.mgz.afp.parser.TripletParser
false
app
parseTriplets
TripletParser.java
133
com.mgz.afp.parser.TripletParser
false
app
decodeAFP
StructuredFieldBaseTriplets.java
84
com.mgz.afp.base.StructuredFieldBaseTriplets
false
app
decodeAFP
IAFPDecodeableWriteable.java
64
com.mgz.afp.exceptions.IAFPDecodeableWriteable
false
app
parseNextSFFromBuffer
AFPParser.java
466
com.mgz.afp.parser.AFPParser
false
app
parseNextSF
AFPParser.java
382
com.mgz.afp.parser.AFPParser
false
app
convertToXml
Afp2Xml.java
469
com.mgz.cli.Afp2Xml
false
app
execute
Afp2Xml.java
376
com.mgz.cli.Afp2Xml
false
app
main
Afp2Xml.java
65
com.mgz.cli.Afp2Xml
false
Invalid triplet length: 0
Invalid triplet length: 0
10
Undefined
AADdjUYCmozykg==
app
parseTriplet
TripletParser.java
205
com.mgz.afp.parser.TripletParser
false
app
parseTriplets
TripletParser.java
133
com.mgz.afp.parser.TripletParser
false
app
decodeAFP
StructuredFieldBaseTriplets.java
84
com.mgz.afp.base.StructuredFieldBaseTriplets
false
app
decodeAFP
IAFPDecodeableWriteable.java
64
com.mgz.afp.exceptions.IAFPDecodeableWriteable
false
app
parseNextSFFromBuffer
AFPParser.java
466
com.mgz.afp.parser.AFPParser
false
app
parseNextSF
AFPParser.java
382
com.mgz.afp.parser.AFPParser
false
app
convertToXml
Afp2Xml.java
469
com.mgz.cli.Afp2Xml
false
app
execute
Afp2Xml.java
376
com.mgz.cli.Afp2Xml
false
app
main
Afp2Xml.java
65
com.mgz.cli.Afp2Xml
false
Invalid triplet length: 0
Invalid triplet length: 0
10
Undefined
AADdjUYCmozykg==
app
parseTriplet
TripletParser.java
205
com.mgz.afp.parser.TripletParser
false
app
parseTriplets
TripletParser.java
133
com.mgz.afp.parser.TripletParser
false
app
decodeAFP
StructuredFieldBaseTriplets.java
84
com.mgz.afp.base.StructuredFieldBaseTriplets
false
app
decodeAFP
IAFPDecodeableWriteable.java
64
com.mgz.afp.exceptions.IAFPDecodeableWriteable
false
app
parseNextSFFromBuffer
AFPParser.java
466
com.mgz.afp.parser.AFPParser
false
app
parseNextSF
AFPParser.java
382
com.mgz.afp.parser.AFPParser
false
app
convertToXml
Afp2Xml.java
469
com.mgz.cli.Afp2Xml
false
app
execute
Afp2Xml.java
376
com.mgz.cli.Afp2Xml
false
app
main
Afp2Xml.java
65
com.mgz.cli.Afp2Xml
false
Invalid triplet length: 0
Invalid triplet length: 0
10
Undefined
AADdjUYCmozykg==
app
parseTriplet
TripletParser.java
205
com.mgz.afp.parser.TripletParser
false
app
parseTriplets
TripletParser.java
133
com.mgz.afp.parser.TripletParser
false
app
decodeAFP
StructuredFieldBaseTriplets.java
84
com.mgz.afp.base.StructuredFieldBaseTriplets
false
app
decodeAFP
IAFPDecodeableWriteable.java
64
com.mgz.afp.exceptions.IAFPDecodeableWriteable
false
app
parseNextSFFromBuffer
AFPParser.java
466
com.mgz.afp.parser.AFPParser
false
app
parseNextSF
AFPParser.java
382
com.mgz.afp.parser.AFPParser
false
app
convertToXml
Afp2Xml.java
469
com.mgz.cli.Afp2Xml
false
app
execute
Afp2Xml.java
376
com.mgz.cli.Afp2Xml
false
app
main
Afp2Xml.java
65
com.mgz.cli.Afp2Xml
false
Invalid triplet length: 0
Invalid triplet length: 0
10
Undefined
AADdjUYCmozykg==
app
parseTriplet
TripletParser.java
205
com.mgz.afp.parser.TripletParser
false
app
parseTriplets
TripletParser.java
133
com.mgz.afp.parser.TripletParser
false
app
decodeAFP
StructuredFieldBaseTriplets.java
84
com.mgz.afp.base.StructuredFieldBaseTriplets
false
app
decodeAFP
IAFPDecodeableWriteable.java
64
com.mgz.afp.exceptions.IAFPDecodeableWriteable
false
app
parseNextSFFromBuffer
AFPParser.java
466
com.mgz.afp.parser.AFPParser
false
app
parseNextSF
AFPParser.java
382
com.mgz.afp.parser.AFPParser
false
app
convertToXml
Afp2Xml.java
469
com.mgz.cli.Afp2Xml
false
app
execute
Afp2Xml.java
376
com.mgz.cli.Afp2Xml
false
app
main
Afp2Xml.java
65
com.mgz.cli.Afp2Xml
false
Invalid triplet length: 0
Invalid triplet length: 0
10
Undefined
AADdjUYCmozykg==
app
parseTriplet
TripletParser.java
205
com.mgz.afp.parser.TripletParser
false
app
parseTriplets
TripletParser.java
133
com.mgz.afp.parser.TripletParser
false
app
decodeAFP
StructuredFieldBaseTriplets.java
84
com.mgz.afp.base.StructuredFieldBaseTriplets
false
app
decodeAFP
IAFPDecodeableWriteable.java
64
com.mgz.afp.exceptions.IAFPDecodeableWriteable
false
app
parseNextSFFromBuffer
AFPParser.java
466
com.mgz.afp.parser.AFPParser
false
app
parseNextSF
AFPParser.java
382
com.mgz.afp.parser.AFPParser
false
app
convertToXml
Afp2Xml.java
469
com.mgz.cli.Afp2Xml
false
app
execute
Afp2Xml.java
376
com.mgz.cli.Afp2Xml
false
app
main
Afp2Xml.java
65
com.mgz.cli.Afp2Xml
false
Invalid triplet length: 0
Invalid triplet length: 0
10
Undefined
AADdjUYCmozykg==
app
parseTriplet
TripletParser.java
205
com.mgz.afp.parser.TripletParser
false
app
parseTriplets
TripletParser.java
133
com.mgz.afp.parser.TripletParser
false
app
decodeAFP
StructuredFieldBaseTriplets.java
84
com.mgz.afp.base.StructuredFieldBaseTriplets
false
app
decodeAFP
IAFPDecodeableWriteable.java
64
com.mgz.afp.exceptions.IAFPDecodeableWriteable
false
app
parseNextSFFromBuffer
AFPParser.java
466
com.mgz.afp.parser.AFPParser
false
app
parseNextSF
AFPParser.java
382
com.mgz.afp.parser.AFPParser
false
app
convertToXml
Afp2Xml.java
469
com.mgz.cli.Afp2Xml
false
app
execute
Afp2Xml.java
376
com.mgz.cli.Afp2Xml
false
app
main
Afp2Xml.java
65
com.mgz.cli.Afp2Xml
false
Invalid triplet length: 0
Invalid triplet length: 0
10
Undefined
AADdjUYCmozykg==
app
parseTriplet
TripletParser.java
205
com.mgz.afp.parser.TripletParser
false
app
parseTriplets
TripletParser.java
133
com.mgz.afp.parser.TripletParser
false
app
decodeAFP
StructuredFieldBaseTriplets.java
84
com.mgz.afp.base.StructuredFieldBaseTriplets
false
app
decodeAFP
IAFPDecodeableWriteable.java
64
com.mgz.afp.exceptions.IAFPDecodeableWriteable
false
app
parseNextSFFromBuffer
AFPParser.java
466
com.mgz.afp.parser.AFPParser
false
app
parseNextSF
AFPParser.java
382
com.mgz.afp.parser.AFPParser
false
app
convertToXml
Afp2Xml.java
469
com.mgz.cli.Afp2Xml
false
app
execute
Afp2Xml.java
376
com.mgz.cli.Afp2Xml
false
app
main
Afp2Xml.java
65
com.mgz.cli.Afp2Xml
false
Invalid triplet length: 0
Invalid triplet length: 0
10
Undefined
AADdjUYCmozykg==
app
parseTriplet
TripletParser.java
205
com.mgz.afp.parser.TripletParser
false
app
parseTriplets
TripletParser.java
133
com.mgz.afp.parser.TripletParser
false
app
decodeAFP
StructuredFieldBaseTriplets.java
84
com.mgz.afp.base.StructuredFieldBaseTriplets
false
app
decodeAFP
IAFPDecodeableWriteable.java
64
com.mgz.afp.exceptions.IAFPDecodeableWriteable
false
app
parseNextSFFromBuffer
AFPParser.java
466
com.mgz.afp.parser.AFPParser
false
app
parseNextSF
AFPParser.java
382
com.mgz.afp.parser.AFPParser
false
app
convertToXml
Afp2Xml.java
469
com.mgz.cli.Afp2Xml
false
app
execute
Afp2Xml.java
376
com.mgz.cli.Afp2Xml
false
app
main
Afp2Xml.java
65
com.mgz.cli.Afp2Xml
false
Invalid triplet length: 0
Invalid triplet length: 0
10
Undefined
AADdjUYCmozykg==
app
parseTriplet
TripletParser.java
205
com.mgz.afp.parser.TripletParser
false
app
parseTriplets
TripletParser.java
133
com.mgz.afp.parser.TripletParser
false
app
decodeAFP
StructuredFieldBaseTriplets.java
84
com.mgz.afp.base.StructuredFieldBaseTriplets
false
app
decodeAFP
IAFPDecodeableWriteable.java
64
com.mgz.afp.exceptions.IAFPDecodeableWriteable
false
app
parseNextSFFromBuffer
AFPParser.java
466
com.mgz.afp.parser.AFPParser
false
app
parseNextSF
AFPParser.java
382
com.mgz.afp.parser.AFPParser
false
app
convertToXml
Afp2Xml.java
469
com.mgz.cli.Afp2Xml
false
app
execute
Afp2Xml.java
376
com.mgz.cli.Afp2Xml
false
app
main
Afp2Xml.java
65
com.mgz.cli.Afp2Xml
false
Invalid triplet length: 0
Invalid triplet length: 0
10
Undefined
AADdjUYCmozykg==
app
parseTriplet
TripletParser.java
205
com.mgz.afp.parser.TripletParser
false
app
parseTriplets
TripletParser.java
133
com.mgz.afp.parser.TripletParser
false
app
decodeAFP
StructuredFieldBaseTriplets.java
84
com.mgz.afp.base.StructuredFieldBaseTriplets
false
app
decodeAFP
IAFPDecodeableWriteable.java
64
com.mgz.afp.exceptions.IAFPDecodeableWriteable
false
app
parseNextSFFromBuffer
AFPParser.java
466
com.mgz.afp.parser.AFPParser
false
app
parseNextSF
AFPParser.java
382
com.mgz.afp.parser.AFPParser
false
app
convertToXml
Afp2Xml.java
469
com.mgz.cli.Afp2Xml
false
app
execute
Afp2Xml.java
376
com.mgz.cli.Afp2Xml
false
app
main
Afp2Xml.java
65
com.mgz.cli.Afp2Xml
false
Invalid triplet length: 0
Invalid triplet length: 0
10
Undefined
AADdjUYCmozykg==
app
parseTriplet
TripletParser.java
205
com.mgz.afp.parser.TripletParser
false
app
parseTriplets
TripletParser.java
133
com.mgz.afp.parser.TripletParser
false
app
decodeAFP
StructuredFieldBaseTriplets.java
84
com.mgz.afp.base.StructuredFieldBaseTriplets
false
app
decodeAFP
IAFPDecodeableWriteable.java
64
com.mgz.afp.exceptions.IAFPDecodeableWriteable
false
app
parseNextSFFromBuffer
AFPParser.java
466
com.mgz.afp.parser.AFPParser
false
app
parseNextSF
AFPParser.java
382
com.mgz.afp.parser.AFPParser
false
app
convertToXml
Afp2Xml.java
469
com.mgz.cli.Afp2Xml
false
app
execute
Afp2Xml.java
376
com.mgz.cli.Afp2Xml
false
app
main
Afp2Xml.java
65
com.mgz.cli.Afp2Xml
false
Invalid triplet length: 0
Invalid triplet length: 0
10
Undefined
AADdjUYCmozykg==
app
parseTriplet
TripletParser.java
205
com.mgz.afp.parser.TripletParser
false
app
parseTriplets
TripletParser.java
133
com.mgz.afp.parser.TripletParser
false
app
decodeAFP
StructuredFieldBaseTriplets.java
84
com.mgz.afp.base.StructuredFieldBaseTriplets
false
app
decodeAFP
IAFPDecodeableWriteable.java
64
com.mgz.afp.exceptions.IAFPDecodeableWriteable
false
app
parseNextSFFromBuffer
AFPParser.java
466
com.mgz.afp.parser.AFPParser
false
app
parseNextSF
AFPParser.java
382
com.mgz.afp.parser.AFPParser
false
app
convertToXml
Afp2Xml.java
469
com.mgz.cli.Afp2Xml
false
app
execute
Afp2Xml.java
376
com.mgz.cli.Afp2Xml
false
app
main
Afp2Xml.java
65
com.mgz.cli.Afp2Xml
false
Invalid triplet length: 0
Invalid triplet length: 0
10
Undefined
AADdjUYCmozykg==
app
parseTriplet
TripletParser.java
205
com.mgz.afp.parser.TripletParser
false
app
parseTriplets
TripletParser.java
133
com.mgz.afp.parser.TripletParser
false
app
decodeAFP
StructuredFieldBaseTriplets.java
84
com.mgz.afp.base.StructuredFieldBaseTriplets
false
app
decodeAFP
IAFPDecodeableWriteable.java
64
com.mgz.afp.exceptions.IAFPDecodeableWriteable
false
app
parseNextSFFromBuffer
AFPParser.java
466
com.mgz.afp.parser.AFPParser
false
app
parseNextSF
AFPParser.java
382
com.mgz.afp.parser.AFPParser
false
app
convertToXml
Afp2Xml.java
469
com.mgz.cli.Afp2Xml
false
app
execute
Afp2Xml.java
376
com.mgz.cli.Afp2Xml
false
app
main
Afp2Xml.java
65
com.mgz.cli.Afp2Xml
false
Invalid triplet length: 0
Invalid triplet length: 0
10
Undefined
AADdjUYCmozykg==
app
parseTriplet
TripletParser.java
205
com.mgz.afp.parser.TripletParser
false
app
parseTriplets
TripletParser.java
133
com.mgz.afp.parser.TripletParser
false
app
decodeAFP
StructuredFieldBaseTriplets.java
84
com.mgz.afp.base.StructuredFieldBaseTriplets
false
app
decodeAFP
IAFPDecodeableWriteable.java
64
com.mgz.afp.exceptions.IAFPDecodeableWriteable
false
app
parseNextSFFromBuffer
AFPParser.java
466
com.mgz.afp.parser.AFPParser
false
app
parseNextSF
AFPParser.java
382
com.mgz.afp.parser.AFPParser
false
app
convertToXml
Afp2Xml.java
469
com.mgz.cli.Afp2Xml
false
app
execute
Afp2Xml.java
376
com.mgz.cli.Afp2Xml
false
app
main
Afp2Xml.java
65
com.mgz.cli.Afp2Xml
false
Invalid triplet length: 0
Invalid triplet length: 0
10
Undefined
AADdjUYCmozykg==
app
parseTriplet
TripletParser.java
205
com.mgz.afp.parser.TripletParser
false
app
parseTriplets
TripletParser.java
133
com.mgz.afp.parser.TripletParser
false
app
decodeAFP
StructuredFieldBaseTriplets.java
84
com.mgz.afp.base.StructuredFieldBaseTriplets
false
app
decodeAFP
IAFPDecodeableWriteable.java
64
com.mgz.afp.exceptions.IAFPDecodeableWriteable
false
app
parseNextSFFromBuffer
AFPParser.java
466
com.mgz.afp.parser.AFPParser
false
app
parseNextSF
AFPParser.java
382
com.mgz.afp.parser.AFPParser
false
app
convertToXml
Afp2Xml.java
469
com.mgz.cli.Afp2Xml
false
app
execute
Afp2Xml.java
376
com.mgz.cli.Afp2Xml
false
app
main
Afp2Xml.java
65
com.mgz.cli.Afp2Xml
false
Invalid triplet length: 0
Invalid triplet length: 0
10
Undefined
AADdjUYCmozykg==
app
parseTriplet
TripletParser.java
205
com.mgz.afp.parser.TripletParser
false
app
parseTriplets
TripletParser.java
133
com.mgz.afp.parser.TripletParser
false
app
decodeAFP
StructuredFieldBaseTriplets.java
84
com.mgz.afp.base.StructuredFieldBaseTriplets
false
app
decodeAFP
IAFPDecodeableWriteable.java
64
com.mgz.afp.exceptions.IAFPDecodeableWriteable
false
app
parseNextSFFromBuffer
AFPParser.java
466
com.mgz.afp.parser.AFPParser
false
app
parseNextSF
AFPParser.java
382
com.mgz.afp.parser.AFPParser
false
app
convertToXml
Afp2Xml.java
469
com.mgz.cli.Afp2Xml
false
app
execute
Afp2Xml.java
376
com.mgz.cli.Afp2Xml
false
app
main
Afp2Xml.java
65
com.mgz.cli.Afp2Xml
false
Invalid triplet length: 0
Invalid triplet length: 0
10
Undefined
AADdjUYCmozykg==
app
parseTriplet
TripletParser.java
205
com.mgz.afp.parser.TripletParser
false
app
parseTriplets
TripletParser.java
133
com.mgz.afp.parser.TripletParser
false
app
decodeAFP
StructuredFieldBaseTriplets.java
84
com.mgz.afp.base.StructuredFieldBaseTriplets
false
app
decodeAFP
IAFPDecodeableWriteable.java
64
com.mgz.afp.exceptions.IAFPDecodeableWriteable
false
app
parseNextSFFromBuffer
AFPParser.java
466
com.mgz.afp.parser.AFPParser
false
app
parseNextSF
AFPParser.java
382
com.mgz.afp.parser.AFPParser
false
app
convertToXml
Afp2Xml.java
469
com.mgz.cli.Afp2Xml
false
app
execute
Afp2Xml.java
376
com.mgz.cli.Afp2Xml
false
app
main
Afp2Xml.java
65
com.mgz.cli.Afp2Xml
false
Invalid triplet length: 0
Invalid triplet length: 0
10
Undefined
AADdjUYCmozykg==
app
parseTriplet
TripletParser.java
205
com.mgz.afp.parser.TripletParser
false
app
parseTriplets
TripletParser.java
133
com.mgz.afp.parser.TripletParser
false
app
decodeAFP
StructuredFieldBaseTriplets.java
84
com.mgz.afp.base.StructuredFieldBaseTriplets
false
app
decodeAFP
IAFPDecodeableWriteable.java
64
com.mgz.afp.exceptions.IAFPDecodeableWriteable
false
app
parseNextSFFromBuffer
AFPParser.java
466
com.mgz.afp.parser.AFPParser
false
app
parseNextSF
AFPParser.java
382
com.mgz.afp.parser.AFPParser
false
app
convertToXml
Afp2Xml.java
469
com.mgz.cli.Afp2Xml
false
app
execute
Afp2Xml.java
376
com.mgz.cli.Afp2Xml
false
app
main
Afp2Xml.java
65
com.mgz.cli.Afp2Xml
false
Invalid triplet length: 0
Invalid triplet length: 0
10
Undefined
AADdjUYCmozykg==
app
parseTriplet
TripletParser.java
205
com.mgz.afp.parser.TripletParser
false
app
parseTriplets
TripletParser.java
133
com.mgz.afp.parser.TripletParser
false
app
decodeAFP
StructuredFieldBaseTriplets.java
84
com.mgz.afp.base.StructuredFieldBaseTriplets
false
app
decodeAFP
IAFPDecodeableWriteable.java
64
com.mgz.afp.exceptions.IAFPDecodeableWriteable
false
app
parseNextSFFromBuffer
AFPParser.java
466
com.mgz.afp.parser.AFPParser
false
app
parseNextSF
AFPParser.java
382
com.mgz.afp.parser.AFPParser
false
app
convertToXml
Afp2Xml.java
469
com.mgz.cli.Afp2Xml
false
app
execute
Afp2Xml.java
376
com.mgz.cli.Afp2Xml
false
app
main
Afp2Xml.java
65
com.mgz.cli.Afp2Xml
false
Invalid triplet length: 0
Invalid triplet length: 0
10
Undefined
AADdjUYCmozykg==
app
parseTriplet
TripletParser.java
205
com.mgz.afp.parser.TripletParser
false
app
parseTriplets
TripletParser.java
133
com.mgz.afp.parser.TripletParser
false
app
decodeAFP
StructuredFieldBaseTriplets.java
84
com.mgz.afp.base.StructuredFieldBaseTriplets
false
app
decodeAFP
IAFPDecodeableWriteable.java
64
com.mgz.afp.exceptions.IAFPDecodeableWriteable
false
app
parseNextSFFromBuffer
AFPParser.java
466
com.mgz.afp.parser.AFPParser
false
app
parseNextSF
AFPParser.java
382
com.mgz.afp.parser.AFPParser
false
app
convertToXml
Afp2Xml.java
469
com.mgz.cli.Afp2Xml
false
app
execute
Afp2Xml.java
376
com.mgz.cli.Afp2Xml
false
app
main
Afp2Xml.java
65
com.mgz.cli.Afp2Xml
false
Invalid triplet length: 0
Invalid triplet length: 0
10
Undefined
AADdjUYCmozykg==
app
parseTriplet
TripletParser.java
205
com.mgz.afp.parser.TripletParser
false
app
parseTriplets
TripletParser.java
133
com.mgz.afp.parser.TripletParser
false
app
decodeAFP
StructuredFieldBaseTriplets.java
84
com.mgz.afp.base.StructuredFieldBaseTriplets
false
app
decodeAFP
IAFPDecodeableWriteable.java
64
com.mgz.afp.exceptions.IAFPDecodeableWriteable
false
app
parseNextSFFromBuffer
AFPParser.java
466
com.mgz.afp.parser.AFPParser
false
app
parseNextSF
AFPParser.java
382
com.mgz.afp.parser.AFPParser
false
app
convertToXml
Afp2Xml.java
469
com.mgz.cli.Afp2Xml
false
app
execute
Afp2Xml.java
376
com.mgz.cli.Afp2Xml
false
app
main
Afp2Xml.java
65
com.mgz.cli.Afp2Xml
false
Invalid triplet length: 0
Invalid triplet length: 0
10
Undefined
AADdjUYCmozykg==
app
parseTriplet
TripletParser.java
205
com.mgz.afp.parser.TripletParser
false
app
parseTriplets
TripletParser.java
133
com.mgz.afp.parser.TripletParser
false
app
decodeAFP
StructuredFieldBaseTriplets.java
84
com.mgz.afp.base.StructuredFieldBaseTriplets
false
app
decodeAFP
IAFPDecodeableWriteable.java
64
com.mgz.afp.exceptions.IAFPDecodeableWriteable
false
app
parseNextSFFromBuffer
AFPParser.java
466
com.mgz.afp.parser.AFPParser
false
app
parseNextSF
AFPParser.java
382
com.mgz.afp.parser.AFPParser
false
app
convertToXml
Afp2Xml.java
469
com.mgz.cli.Afp2Xml
false
app
execute
Afp2Xml.java
376
com.mgz.cli.Afp2Xml
false
app
main
Afp2Xml.java
65
com.mgz.cli.Afp2Xml
false
Invalid triplet length: 0
Invalid triplet length: 0
10
Undefined
AADdjUYCmozykg==
app
parseTriplet
TripletParser.java
205
com.mgz.afp.parser.TripletParser
false
app
parseTriplets
TripletParser.java
133
com.mgz.afp.parser.TripletParser
false
app
decodeAFP
StructuredFieldBaseTriplets.java
84
com.mgz.afp.base.StructuredFieldBaseTriplets
false
app
decodeAFP
IAFPDecodeableWriteable.java
64
com.mgz.afp.exceptions.IAFPDecodeableWriteable
false
app
parseNextSFFromBuffer
AFPParser.java
466
com.mgz.afp.parser.AFPParser
false
app
parseNextSF
AFPParser.java
382
com.mgz.afp.parser.AFPParser
false
app
convertToXml
Afp2Xml.java
469
com.mgz.cli.Afp2Xml
false
app
execute
Afp2Xml.java
376
com.mgz.cli.Afp2Xml
false
app
main
Afp2Xml.java
65
com.mgz.cli.Afp2Xml
false
Invalid triplet length: 0
Invalid triplet length: 0
10
Undefined
AADdjUYCmozykg==
app
parseTriplet
TripletParser.java
205
com.mgz.afp.parser.TripletParser
false
app
parseTriplets
TripletParser.java
133
com.mgz.afp.parser.TripletParser
false
app
decodeAFP
StructuredFieldBaseTriplets.java
84
com.mgz.afp.base.StructuredFieldBaseTriplets
false
app
decodeAFP
IAFPDecodeableWriteable.java
64
com.mgz.afp.exceptions.IAFPDecodeableWriteable
false
app
parseNextSFFromBuffer
AFPParser.java
466
com.mgz.afp.parser.AFPParser
false
app
parseNextSF
AFPParser.java
382
com.mgz.afp.parser.AFPParser
false
app
convertToXml
Afp2Xml.java
469
com.mgz.cli.Afp2Xml
false
app
execute
Afp2Xml.java
376
com.mgz.cli.Afp2Xml
false
app
main
Afp2Xml.java
65
com.mgz.cli.Afp2Xml
false
Invalid triplet length: 0
Invalid triplet length: 0
10
Undefined
AADdjUYCmozykg==
app
parseTriplet
TripletParser.java
205
com.mgz.afp.parser.TripletParser
false
app
parseTriplets
TripletParser.java
133
com.mgz.afp.parser.TripletParser
false
app
decodeAFP
StructuredFieldBaseTriplets.java
84
com.mgz.afp.base.StructuredFieldBaseTriplets
false
app
decodeAFP
IAFPDecodeableWriteable.java
64
com.mgz.afp.exceptions.IAFPDecodeableWriteable
false
app
parseNextSFFromBuffer
AFPParser.java
466
com.mgz.afp.parser.AFPParser
false
app
parseNextSF
AFPParser.java
382
com.mgz.afp.parser.AFPParser
false
app
convertToXml
Afp2Xml.java
469
com.mgz.cli.Afp2Xml
false
app
execute
Afp2Xml.java
376
com.mgz.cli.Afp2Xml
false
app
main
Afp2Xml.java
65
com.mgz.cli.Afp2Xml
false
Invalid triplet length: 0
Invalid triplet length: 0
10
Undefined
AADdjUYCmozykg==
app
parseTriplet
TripletParser.java
205
com.mgz.afp.parser.TripletParser
false
app
parseTriplets
TripletParser.java
133
com.mgz.afp.parser.TripletParser
false
app
decodeAFP
StructuredFieldBaseTriplets.java
84
com.mgz.afp.base.StructuredFieldBaseTriplets
false
app
decodeAFP
IAFPDecodeableWriteable.java
64
com.mgz.afp.exceptions.IAFPDecodeableWriteable
false
app
parseNextSFFromBuffer
AFPParser.java
466
com.mgz.afp.parser.AFPParser
false
app
parseNextSF
AFPParser.java
382
com.mgz.afp.parser.AFPParser
false
app
convertToXml
Afp2Xml.java
469
com.mgz.cli.Afp2Xml
false
app
execute
Afp2Xml.java
376
com.mgz.cli.Afp2Xml
false
app
main
Afp2Xml.java
65
com.mgz.cli.Afp2Xml
false
Invalid triplet length: 0
Invalid triplet length: 0
10
Undefined
AADdjUYCmozykg==
app
parseTriplet
TripletParser.java
205
com.mgz.afp.parser.TripletParser
false
app
parseTriplets
TripletParser.java
133
com.mgz.afp.parser.TripletParser
false
app
decodeAFP
StructuredFieldBaseTriplets.java
84
com.mgz.afp.base.StructuredFieldBaseTriplets
false
app
decodeAFP
IAFPDecodeableWriteable.java
64
com.mgz.afp.exceptions.IAFPDecodeableWriteable
false
app
parseNextSFFromBuffer
AFPParser.java
466
com.mgz.afp.parser.AFPParser
false
app
parseNextSF
AFPParser.java
382
com.mgz.afp.parser.AFPParser
false
app
convertToXml
Afp2Xml.java
469
com.mgz.cli.Afp2Xml
false
app
execute
Afp2Xml.java
376
com.mgz.cli.Afp2Xml
false
app
main
Afp2Xml.java
65
com.mgz.cli.Afp2Xml
false
Invalid triplet length: 0
Invalid triplet length: 0
10
Undefined
AADdjUYCmozykg==
app
parseTriplet
TripletParser.java
205
com.mgz.afp.parser.TripletParser
false
app
parseTriplets
TripletParser.java
133
com.mgz.afp.parser.TripletParser
false
app
decodeAFP
StructuredFieldBaseTriplets.java
84
com.mgz.afp.base.StructuredFieldBaseTriplets
false
app
decodeAFP
IAFPDecodeableWriteable.java
64
com.mgz.afp.exceptions.IAFPDecodeableWriteable
false
app
parseNextSFFromBuffer
AFPParser.java
466
com.mgz.afp.parser.AFPParser
false
app
parseNextSF
AFPParser.java
382
com.mgz.afp.parser.AFPParser
false
app
convertToXml
Afp2Xml.java
469
com.mgz.cli.Afp2Xml
false
app
execute
Afp2Xml.java
376
com.mgz.cli.Afp2Xml
false
app
main
Afp2Xml.java
65
com.mgz.cli.Afp2Xml
false
Invalid triplet length: 0
Invalid triplet length: 0
10
Undefined
AADdjUYCmozykg==
app
parseTriplet
TripletParser.java
205
com.mgz.afp.parser.TripletParser
false
app
parseTriplets
TripletParser.java
133
com.mgz.afp.parser.TripletParser
false
app
decodeAFP
StructuredFieldBaseTriplets.java
84
com.mgz.afp.base.StructuredFieldBaseTriplets
false
app
decodeAFP
IAFPDecodeableWriteable.java
64
com.mgz.afp.exceptions.IAFPDecodeableWriteable
false
app
parseNextSFFromBuffer
AFPParser.java
466
com.mgz.afp.parser.AFPParser
false
app
parseNextSF
AFPParser.java
382
com.mgz.afp.parser.AFPParser
false
app
convertToXml
Afp2Xml.java
469
com.mgz.cli.Afp2Xml
false
app
execute
Afp2Xml.java
376
com.mgz.cli.Afp2Xml
false
app
main
Afp2Xml.java
65
com.mgz.cli.Afp2Xml
false
Invalid triplet length: 0
Invalid triplet length: 0
10
Undefined
AADdjUYCmozykg==
app
parseTriplet
TripletParser.java
205
com.mgz.afp.parser.TripletParser
false
app
parseTriplets
TripletParser.java
133
com.mgz.afp.parser.TripletParser
false
app
decodeAFP
StructuredFieldBaseTriplets.java
84
com.mgz.afp.base.StructuredFieldBaseTriplets
false
app
decodeAFP
IAFPDecodeableWriteable.java
64
com.mgz.afp.exceptions.IAFPDecodeableWriteable
false
app
parseNextSFFromBuffer
AFPParser.java
466
com.mgz.afp.parser.AFPParser
false
app
parseNextSF
AFPParser.java
382
com.mgz.afp.parser.AFPParser
false
app
convertToXml
Afp2Xml.java
469
com.mgz.cli.Afp2Xml
false
app
execute
Afp2Xml.java
376
com.mgz.cli.Afp2Xml
false
app
main
Afp2Xml.java
65
com.mgz.cli.Afp2Xml
false
Invalid triplet length: 0
Invalid triplet length: 0
10
Undefined
AADdjUYCmozykg==
app
parseTriplet
TripletParser.java
205
com.mgz.afp.parser.TripletParser
false
app
parseTriplets
TripletParser.java
133
com.mgz.afp.parser.TripletParser
false
app
decodeAFP
StructuredFieldBaseTriplets.java
84
com.mgz.afp.base.StructuredFieldBaseTriplets
false
app
decodeAFP
IAFPDecodeableWriteable.java
64
com.mgz.afp.exceptions.IAFPDecodeableWriteable
false
app
parseNextSFFromBuffer
AFPParser.java
466
com.mgz.afp.parser.AFPParser
false
app
parseNextSF
AFPParser.java
382
com.mgz.afp.parser.AFPParser
false
app
convertToXml
Afp2Xml.java
469
com.mgz.cli.Afp2Xml
false
app
execute
Afp2Xml.java
376
com.mgz.cli.Afp2Xml
false
app
main
Afp2Xml.java
65
com.mgz.cli.Afp2Xml
false
Invalid triplet length: 0
Invalid triplet length: 0
10
Undefined
AADdjUYCmozykg==
app
parseTriplet
TripletParser.java
205
com.mgz.afp.parser.TripletParser
false
app
parseTriplets
TripletParser.java
133
com.mgz.afp.parser.TripletParser
false
app
decodeAFP
StructuredFieldBaseTriplets.java
84
com.mgz.afp.base.StructuredFieldBaseTriplets
false
app
decodeAFP
IAFPDecodeableWriteable.java
64
com.mgz.afp.exceptions.IAFPDecodeableWriteable
false
app
parseNextSFFromBuffer
AFPParser.java
466
com.mgz.afp.parser.AFPParser
false
app
parseNextSF
AFPParser.java
382
com.mgz.afp.parser.AFPParser
false
app
convertToXml
Afp2Xml.java
469
com.mgz.cli.Afp2Xml
false
app
execute
Afp2Xml.java
376
com.mgz.cli.Afp2Xml
false
app
main
Afp2Xml.java
65
com.mgz.cli.Afp2Xml
false
Invalid triplet length: 0
Invalid triplet length: 0
10
Undefined
AADdjUYCmozykg==
app
parseTriplet
TripletParser.java
205
com.mgz.afp.parser.TripletParser
false
app
parseTriplets
TripletParser.java
133
com.mgz.afp.parser.TripletParser
false
app
decodeAFP
StructuredFieldBaseTriplets.java
84
com.mgz.afp.base.StructuredFieldBaseTriplets
false
app
decodeAFP
IAFPDecodeableWriteable.java
64
com.mgz.afp.exceptions.IAFPDecodeableWriteable
false
app
parseNextSFFromBuffer
AFPParser.java
466
com.mgz.afp.parser.AFPParser
false
app
parseNextSF
AFPParser.java
382
com.mgz.afp.parser.AFPParser
false
app
convertToXml
Afp2Xml.java
469
com.mgz.cli.Afp2Xml
false
app
execute
Afp2Xml.java
376
com.mgz.cli.Afp2Xml
false
app
main
Afp2Xml.java
65
com.mgz.cli.Afp2Xml
false
Invalid triplet length: 0
Invalid triplet length: 0
10
Undefined
AADdjUYCmozykg==
app
parseTriplet
TripletParser.java
205
com.mgz.afp.parser.TripletParser
false
app
parseTriplets
TripletParser.java
133
com.mgz.afp.parser.TripletParser
false
app
decodeAFP
StructuredFieldBaseTriplets.java
84
com.mgz.afp.base.StructuredFieldBaseTriplets
false
app
decodeAFP
IAFPDecodeableWriteable.java
64
com.mgz.afp.exceptions.IAFPDecodeableWriteable
false
app
parseNextSFFromBuffer
AFPParser.java
466
com.mgz.afp.parser.AFPParser
false
app
parseNextSF
AFPParser.java
382
com.mgz.afp.parser.AFPParser
false
app
convertToXml
Afp2Xml.java
469
com.mgz.cli.Afp2Xml
false
app
execute
Afp2Xml.java
376
com.mgz.cli.Afp2Xml
false
app
main
Afp2Xml.java
65
com.mgz.cli.Afp2Xml
false
Invalid triplet length: 0
Invalid triplet length: 0
10
Undefined
AADdjUYCmozykg==
app
parseTriplet
TripletParser.java
205
com.mgz.afp.parser.TripletParser
false
app
parseTriplets
TripletParser.java
133
com.mgz.afp.parser.TripletParser
false
app
decodeAFP
StructuredFieldBaseTriplets.java
84
com.mgz.afp.base.StructuredFieldBaseTriplets
false
app
decodeAFP
IAFPDecodeableWriteable.java
64
com.mgz.afp.exceptions.IAFPDecodeableWriteable
false
app
parseNextSFFromBuffer
AFPParser.java
466
com.mgz.afp.parser.AFPParser
false
app
parseNextSF
AFPParser.java
382
com.mgz.afp.parser.AFPParser
false
app
convertToXml
Afp2Xml.java
469
com.mgz.cli.Afp2Xml
false
app
execute
Afp2Xml.java
376
com.mgz.cli.Afp2Xml
false
app
main
Afp2Xml.java
65
com.mgz.cli.Afp2Xml
false
Invalid triplet length: 0
Invalid triplet length: 0
10
Undefined
AADdjUYCmozykg==
app
parseTriplet
TripletParser.java
205
com.mgz.afp.parser.TripletParser
false
app
parseTriplets
TripletParser.java
133
com.mgz.afp.parser.TripletParser
false
app
decodeAFP
StructuredFieldBaseTriplets.java
84
com.mgz.afp.base.StructuredFieldBaseTriplets
false
app
decodeAFP
IAFPDecodeableWriteable.java
64
com.mgz.afp.exceptions.IAFPDecodeableWriteable
false
app
parseNextSFFromBuffer
AFPParser.java
466
com.mgz.afp.parser.AFPParser
false
app
parseNextSF
AFPParser.java
382
com.mgz.afp.parser.AFPParser
false
app
convertToXml
Afp2Xml.java
469
com.mgz.cli.Afp2Xml
false
app
execute
Afp2Xml.java
376
com.mgz.cli.Afp2Xml
false
app
main
Afp2Xml.java
65
com.mgz.cli.Afp2Xml
false
Invalid triplet length: 0
Invalid triplet length: 0
10
Undefined
AADdjUYCmozykg==
app
parseTriplet
TripletParser.java
205
com.mgz.afp.parser.TripletParser
false
app
parseTriplets
TripletParser.java
133
com.mgz.afp.parser.TripletParser
false
app
decodeAFP
StructuredFieldBaseTriplets.java
84
com.mgz.afp.base.StructuredFieldBaseTriplets
false
app
decodeAFP
IAFPDecodeableWriteable.java
64
com.mgz.afp.exceptions.IAFPDecodeableWriteable
false
app
parseNextSFFromBuffer
AFPParser.java
466
com.mgz.afp.parser.AFPParser
false
app
parseNextSF
AFPParser.java
382
com.mgz.afp.parser.AFPParser
false
app
convertToXml
Afp2Xml.java
469
com.mgz.cli.Afp2Xml
false
app
execute
Afp2Xml.java
376
com.mgz.cli.Afp2Xml
false
app
main
Afp2Xml.java
65
com.mgz.cli.Afp2Xml
false
Invalid triplet length: 0
Invalid triplet length: 0
10
Undefined
AADdjUYCmozykg==
app
parseTriplet
TripletParser.java
205
com.mgz.afp.parser.TripletParser
false
app
parseTriplets
TripletParser.java
133
com.mgz.afp.parser.TripletParser
false
app
decodeAFP
StructuredFieldBaseTriplets.java
84
com.mgz.afp.base.StructuredFieldBaseTriplets
false
app
decodeAFP
IAFPDecodeableWriteable.java
64
com.mgz.afp.exceptions.IAFPDecodeableWriteable
false
app
parseNextSFFromBuffer
AFPParser.java
466
com.mgz.afp.parser.AFPParser
false
app
parseNextSF
AFPParser.java
382
com.mgz.afp.parser.AFPParser
false
app
convertToXml
Afp2Xml.java
469
com.mgz.cli.Afp2Xml
false
app
execute
Afp2Xml.java
376
com.mgz.cli.Afp2Xml
false
app
main
Afp2Xml.java
65
com.mgz.cli.Afp2Xml
false
Invalid triplet length: 0
Invalid triplet length: 0
10
Undefined
AADdjUYCmozykg==
app
parseTriplet
TripletParser.java
205
com.mgz.afp.parser.TripletParser
false
app
parseTriplets
TripletParser.java
133
com.mgz.afp.parser.TripletParser
false
app
decodeAFP
StructuredFieldBaseTriplets.java
84
com.mgz.afp.base.StructuredFieldBaseTriplets
false
app
decodeAFP
IAFPDecodeableWriteable.java
64
com.mgz.afp.exceptions.IAFPDecodeableWriteable
false
app
parseNextSFFromBuffer
AFPParser.java
466
com.mgz.afp.parser.AFPParser
false
app
parseNextSF
AFPParser.java
382
com.mgz.afp.parser.AFPParser
false
app
convertToXml
Afp2Xml.java
469
com.mgz.cli.Afp2Xml
false
app
execute
Afp2Xml.java
376
com.mgz.cli.Afp2Xml
false
app
main
Afp2Xml.java
65
com.mgz.cli.Afp2Xml
false
Invalid triplet length: 0
Invalid triplet length: 0
10
Undefined
AADdjUYCmozykg==
app
parseTriplet
TripletParser.java
205
com.mgz.afp.parser.TripletParser
false
app
parseTriplets
TripletParser.java
133
com.mgz.afp.parser.TripletParser
false
app
decodeAFP
StructuredFieldBaseTriplets.java
84
com.mgz.afp.base.StructuredFieldBaseTriplets
false
app
decodeAFP
IAFPDecodeableWriteable.java
64
com.mgz.afp.exceptions.IAFPDecodeableWriteable
false
app
parseNextSFFromBuffer
AFPParser.java
466
com.mgz.afp.parser.AFPParser
false
app
parseNextSF
AFPParser.java
382
com.mgz.afp.parser.AFPParser
false
app
convertToXml
Afp2Xml.java
469
com.mgz.cli.Afp2Xml
false
app
execute
Afp2Xml.java
376
com.mgz.cli.Afp2Xml
false
app
main
Afp2Xml.java
65
com.mgz.cli.Afp2Xml
false
Invalid triplet length: 0
Invalid triplet length: 0
10
Undefined
AADdjUYCmozykg==
app
parseTriplet
TripletParser.java
205
com.mgz.afp.parser.TripletParser
false
app
parseTriplets
TripletParser.java
133
com.mgz.afp.parser.TripletParser
false
app
decodeAFP
StructuredFieldBaseTriplets.java
84
com.mgz.afp.base.StructuredFieldBaseTriplets
false
app
decodeAFP
IAFPDecodeableWriteable.java
64
com.mgz.afp.exceptions.IAFPDecodeableWriteable
false
app
parseNextSFFromBuffer
AFPParser.java
466
com.mgz.afp.parser.AFPParser
false
app
parseNextSF
AFPParser.java
382
com.mgz.afp.parser.AFPParser
false
app
convertToXml
Afp2Xml.java
469
com.mgz.cli.Afp2Xml
false
app
execute
Afp2Xml.java
376
com.mgz.cli.Afp2Xml
false
app
main
Afp2Xml.java
65
com.mgz.cli.Afp2Xml
false
Invalid triplet length: 0
Invalid triplet length: 0
10
Undefined
AADdjUYCmozykg==
app
parseTriplet
TripletParser.java
205
com.mgz.afp.parser.TripletParser
false
app
parseTriplets
TripletParser.java
133
com.mgz.afp.parser.TripletParser
false
app
decodeAFP
StructuredFieldBaseTriplets.java
84
com.mgz.afp.base.StructuredFieldBaseTriplets
false
app
decodeAFP
IAFPDecodeableWriteable.java
64
com.mgz.afp.exceptions.IAFPDecodeableWriteable
false
app
parseNextSFFromBuffer
AFPParser.java
466
com.mgz.afp.parser.AFPParser
false
app
parseNextSF
AFPParser.java
382
com.mgz.afp.parser.AFPParser
false
app
convertToXml
Afp2Xml.java
469
com.mgz.cli.Afp2Xml
false
app
execute
Afp2Xml.java
376
com.mgz.cli.Afp2Xml
false
app
main
Afp2Xml.java
65
com.mgz.cli.Afp2Xml
false
Invalid triplet length: 0
Invalid triplet length: 0
10
Undefined
AADdjUYCmozykg==
app
parseTriplet
TripletParser.java
205
com.mgz.afp.parser.TripletParser
false
app
parseTriplets
TripletParser.java
133
com.mgz.afp.parser.TripletParser
false
app
decodeAFP
StructuredFieldBaseTriplets.java
84
com.mgz.afp.base.StructuredFieldBaseTriplets
false
app
decodeAFP
IAFPDecodeableWriteable.java
64
com.mgz.afp.exceptions.IAFPDecodeableWriteable
false
app
parseNextSFFromBuffer
AFPParser.java
466
com.mgz.afp.parser.AFPParser
false
app
parseNextSF
AFPParser.java
382
com.mgz.afp.parser.AFPParser
false
app
convertToXml
Afp2Xml.java
469
com.mgz.cli.Afp2Xml
false
app
execute
Afp2Xml.java
376
com.mgz.cli.Afp2Xml
false
app
main
Afp2Xml.java
65
com.mgz.cli.Afp2Xml
false
Invalid triplet length: 0
Invalid triplet length: 0
10
Undefined
AADdjUYCmozykg==
app
parseTriplet
TripletParser.java
205
com.mgz.afp.parser.TripletParser
false
app
parseTriplets
TripletParser.java
133
com.mgz.afp.parser.TripletParser
false
app
decodeAFP
StructuredFieldBaseTriplets.java
84
com.mgz.afp.base.StructuredFieldBaseTriplets
false
app
decodeAFP
IAFPDecodeableWriteable.java
64
com.mgz.afp.exceptions.IAFPDecodeableWriteable
false
app
parseNextSFFromBuffer
AFPParser.java
466
com.mgz.afp.parser.AFPParser
false
app
parseNextSF
AFPParser.java
382
com.mgz.afp.parser.AFPParser
false
app
convertToXml
Afp2Xml.java
469
com.mgz.cli.Afp2Xml
false
app
execute
Afp2Xml.java
376
com.mgz.cli.Afp2Xml
false
app
main
Afp2Xml.java
65
com.mgz.cli.Afp2Xml
false
Invalid triplet length: 0
Invalid triplet length: 0
10
Undefined
AADdjUYCmozykg==
app
parseTriplet
TripletParser.java
205
com.mgz.afp.parser.TripletParser
false
app
parseTriplets
TripletParser.java
133
com.mgz.afp.parser.TripletParser
false
app
decodeAFP
StructuredFieldBaseTriplets.java
84
com.mgz.afp.base.StructuredFieldBaseTriplets
false
app
decodeAFP
IAFPDecodeableWriteable.java
64
com.mgz.afp.exceptions.IAFPDecodeableWriteable
false
app
parseNextSFFromBuffer
AFPParser.java
466
com.mgz.afp.parser.AFPParser
false
app
parseNextSF
AFPParser.java
382
com.mgz.afp.parser.AFPParser
false
app
convertToXml
Afp2Xml.java
469
com.mgz.cli.Afp2Xml
false
app
execute
Afp2Xml.java
376
com.mgz.cli.Afp2Xml
false
app
main
Afp2Xml.java
65
com.mgz.cli.Afp2Xml
false
Invalid triplet length: 0
Invalid triplet length: 0
10
Undefined
AADdjUYCmozykg==
app
parseTriplet
TripletParser.java
205
com.mgz.afp.parser.TripletParser
false
app
parseTriplets
TripletParser.java
133
com.mgz.afp.parser.TripletParser
false
app
decodeAFP
StructuredFieldBaseTriplets.java
84
com.mgz.afp.base.StructuredFieldBaseTriplets
false
app
decodeAFP
IAFPDecodeableWriteable.java
64
com.mgz.afp.exceptions.IAFPDecodeableWriteable
false
app
parseNextSFFromBuffer
AFPParser.java
466
com.mgz.afp.parser.AFPParser
false
app
parseNextSF
AFPParser.java
382
com.mgz.afp.parser.AFPParser
false
app
convertToXml
Afp2Xml.java
469
com.mgz.cli.Afp2Xml
false
app
execute
Afp2Xml.java
376
com.mgz.cli.Afp2Xml
false
app
main
Afp2Xml.java
65
com.mgz.cli.Afp2Xml
false
Invalid triplet length: 0
Invalid triplet length: 0
10
Undefined
AADdjUYCmozykg==
app
parseTriplet
TripletParser.java
205
com.mgz.afp.parser.TripletParser
false
app
parseTriplets
TripletParser.java
133
com.mgz.afp.parser.TripletParser
false
app
decodeAFP
StructuredFieldBaseTriplets.java
84
com.mgz.afp.base.StructuredFieldBaseTriplets
false
app
decodeAFP
IAFPDecodeableWriteable.java
64
com.mgz.afp.exceptions.IAFPDecodeableWriteable
false
app
parseNextSFFromBuffer
AFPParser.java
466
com.mgz.afp.parser.AFPParser
false
app
parseNextSF
AFPParser.java
382
com.mgz.afp.parser.AFPParser
false
app
convertToXml
Afp2Xml.java
469
com.mgz.cli.Afp2Xml
false
app
execute
Afp2Xml.java
376
com.mgz.cli.Afp2Xml
false
app
main
Afp2Xml.java
65
com.mgz.cli.Afp2Xml
false
Invalid triplet length: 0
Invalid triplet length: 0
10
Undefined
AADdjUYCmozykg==
app
parseTriplet
TripletParser.java
205
com.mgz.afp.parser.TripletParser
false
app
parseTriplets
TripletParser.java
133
com.mgz.afp.parser.TripletParser
false
app
decodeAFP
StructuredFieldBaseTriplets.java
84
com.mgz.afp.base.StructuredFieldBaseTriplets
false
app
decodeAFP
IAFPDecodeableWriteable.java
64
com.mgz.afp.exceptions.IAFPDecodeableWriteable
false
app
parseNextSFFromBuffer
AFPParser.java
466
com.mgz.afp.parser.AFPParser
false
app
parseNextSF
AFPParser.java
382
com.mgz.afp.parser.AFPParser
false
app
convertToXml
Afp2Xml.java
469
com.mgz.cli.Afp2Xml
false
app
execute
Afp2Xml.java
376
com.mgz.cli.Afp2Xml
false
app
main
Afp2Xml.java
65
com.mgz.cli.Afp2Xml
false
Invalid triplet length: 0
Invalid triplet length: 0
10
Undefined
AADdjUYCmozykg==
app
parseTriplet
TripletParser.java
205
com.mgz.afp.parser.TripletParser
false
app
parseTriplets
TripletParser.java
133
com.mgz.afp.parser.TripletParser
false
app
decodeAFP
StructuredFieldBaseTriplets.java
84
com.mgz.afp.base.StructuredFieldBaseTriplets
false
app
decodeAFP
IAFPDecodeableWriteable.java
64
com.mgz.afp.exceptions.IAFPDecodeableWriteable
false
app
parseNextSFFromBuffer
AFPParser.java
466
com.mgz.afp.parser.AFPParser
false
app
parseNextSF
AFPParser.java
382
com.mgz.afp.parser.AFPParser
false
app
convertToXml
Afp2Xml.java
469
com.mgz.cli.Afp2Xml
false
app
execute
Afp2Xml.java
376
com.mgz.cli.Afp2Xml
false
app
main
Afp2Xml.java
65
com.mgz.cli.Afp2Xml
false
Invalid triplet length: 0
Invalid triplet length: 0
10
Undefined
AADdjUYCmozykg==
app
parseTriplet
TripletParser.java
205
com.mgz.afp.parser.TripletParser
false
app
parseTriplets
TripletParser.java
133
com.mgz.afp.parser.TripletParser
false
app
decodeAFP
StructuredFieldBaseTriplets.java
84
com.mgz.afp.base.StructuredFieldBaseTriplets
false
app
decodeAFP
IAFPDecodeableWriteable.java
64
com.mgz.afp.exceptions.IAFPDecodeableWriteable
false
app
parseNextSFFromBuffer
AFPParser.java
466
com.mgz.afp.parser.AFPParser
false
app
parseNextSF
AFPParser.java
382
com.mgz.afp.parser.AFPParser
false
app
convertToXml
Afp2Xml.java
469
com.mgz.cli.Afp2Xml
false
app
execute
Afp2Xml.java
376
com.mgz.cli.Afp2Xml
false
app
main
Afp2Xml.java
65
com.mgz.cli.Afp2Xml
false
Invalid triplet length: 0
Invalid triplet length: 0
10
Undefined
AADdjUYCmozykg==
app
parseTriplet
TripletParser.java
205
com.mgz.afp.parser.TripletParser
false
app
parseTriplets
TripletParser.java
133
com.mgz.afp.parser.TripletParser
false
app
decodeAFP
StructuredFieldBaseTriplets.java
84
com.mgz.afp.base.StructuredFieldBaseTriplets
false
app
decodeAFP
IAFPDecodeableWriteable.java
64
com.mgz.afp.exceptions.IAFPDecodeableWriteable
false
app
parseNextSFFromBuffer
AFPParser.java
466
com.mgz.afp.parser.AFPParser
false
app
parseNextSF
AFPParser.java
382
com.mgz.afp.parser.AFPParser
false
app
convertToXml
Afp2Xml.java
469
com.mgz.cli.Afp2Xml
false
app
execute
Afp2Xml.java
376
com.mgz.cli.Afp2Xml
false
app
main
Afp2Xml.java
65
com.mgz.cli.Afp2Xml
false
Invalid triplet length: 0
Invalid triplet length: 0
10
Undefined
AADdjUYCmozykg==
app
parseTriplet
TripletParser.java
205
com.mgz.afp.parser.TripletParser
false
app
parseTriplets
TripletParser.java
133
com.mgz.afp.parser.TripletParser
false
app
decodeAFP
StructuredFieldBaseTriplets.java
84
com.mgz.afp.base.StructuredFieldBaseTriplets
false
app
decodeAFP
IAFPDecodeableWriteable.java
64
com.mgz.afp.exceptions.IAFPDecodeableWriteable
false
app
parseNextSFFromBuffer
AFPParser.java
466
com.mgz.afp.parser.AFPParser
false
app
parseNextSF
AFPParser.java
382
com.mgz.afp.parser.AFPParser
false
app
convertToXml
Afp2Xml.java
469
com.mgz.cli.Afp2Xml
false
app
execute
Afp2Xml.java
376
com.mgz.cli.Afp2Xml
false
app
main
Afp2Xml.java
65
com.mgz.cli.Afp2Xml
false
Invalid triplet length: 0
Invalid triplet length: 0
10
Undefined
AADdjUYCmozykg==
app
parseTriplet
TripletParser.java
205
com.mgz.afp.parser.TripletParser
false
app
parseTriplets
TripletParser.java
133
com.mgz.afp.parser.TripletParser
false
app
decodeAFP
StructuredFieldBaseTriplets.java
84
com.mgz.afp.base.StructuredFieldBaseTriplets
false
app
decodeAFP
IAFPDecodeableWriteable.java
64
com.mgz.afp.exceptions.IAFPDecodeableWriteable
false
app
parseNextSFFromBuffer
AFPParser.java
466
com.mgz.afp.parser.AFPParser
false
app
parseNextSF
AFPParser.java
382
com.mgz.afp.parser.AFPParser
false
app
convertToXml
Afp2Xml.java
469
com.mgz.cli.Afp2Xml
false
app
execute
Afp2Xml.java
376
com.mgz.cli.Afp2Xml
false
app
main
Afp2Xml.java
65
com.mgz.cli.Afp2Xml
false
Invalid triplet length: 0
Invalid triplet length: 0
10
Undefined
AADdjUYCmozykg==
app
parseTriplet
TripletParser.java
205
com.mgz.afp.parser.TripletParser
false
app
parseTriplets
TripletParser.java
133
com.mgz.afp.parser.TripletParser
false
app
decodeAFP
StructuredFieldBaseTriplets.java
84
com.mgz.afp.base.StructuredFieldBaseTriplets
false
app
decodeAFP
IAFPDecodeableWriteable.java
64
com.mgz.afp.exceptions.IAFPDecodeableWriteable
false
app
parseNextSFFromBuffer
AFPParser.java
466
com.mgz.afp.parser.AFPParser
false
app
parseNextSF
AFPParser.java
382
com.mgz.afp.parser.AFPParser
false
app
convertToXml
Afp2Xml.java
469
com.mgz.cli.Afp2Xml
false
app
execute
Afp2Xml.java
376
com.mgz.cli.Afp2Xml
false
app
main
Afp2Xml.java
65
com.mgz.cli.Afp2Xml
false
Invalid triplet length: 0
Invalid triplet length: 0
10
Undefined
AADdjUYCmozykg==
app
parseTriplet
TripletParser.java
205
com.mgz.afp.parser.TripletParser
false
app
parseTriplets
TripletParser.java
133
com.mgz.afp.parser.TripletParser
false
app
decodeAFP
StructuredFieldBaseTriplets.java
84
com.mgz.afp.base.StructuredFieldBaseTriplets
false
app
decodeAFP
IAFPDecodeableWriteable.java
64
com.mgz.afp.exceptions.IAFPDecodeableWriteable
false
app
parseNextSFFromBuffer
AFPParser.java
466
com.mgz.afp.parser.AFPParser
false
app
parseNextSF
AFPParser.java
382
com.mgz.afp.parser.AFPParser
false
app
convertToXml
Afp2Xml.java
469
com.mgz.cli.Afp2Xml
false
app
execute
Afp2Xml.java
376
com.mgz.cli.Afp2Xml
false
app
main
Afp2Xml.java
65
com.mgz.cli.Afp2Xml
false
Invalid triplet length: 0
Invalid triplet length: 0
10
Undefined
AADdjUYCmozykg==
app
parseTriplet
TripletParser.java
205
com.mgz.afp.parser.TripletParser
false
app
parseTriplets
TripletParser.java
133
com.mgz.afp.parser.TripletParser
false
app
decodeAFP
StructuredFieldBaseTriplets.java
84
com.mgz.afp.base.StructuredFieldBaseTriplets
false
app
decodeAFP
IAFPDecodeableWriteable.java
64
com.mgz.afp.exceptions.IAFPDecodeableWriteable
false
app
parseNextSFFromBuffer
AFPParser.java
466
com.mgz.afp.parser.AFPParser
false
app
parseNextSF
AFPParser.java
382
com.mgz.afp.parser.AFPParser
false
app
convertToXml
Afp2Xml.java
469
com.mgz.cli.Afp2Xml
false
app
execute
Afp2Xml.java
376
com.mgz.cli.Afp2Xml
false
app
main
Afp2Xml.java
65
com.mgz.cli.Afp2Xml
false
Invalid triplet length: 0
Invalid triplet length: 0
10
Undefined
AADdjUYCmozykg==
app
parseTriplet
TripletParser.java
205
com.mgz.afp.parser.TripletParser
false
app
parseTriplets
TripletParser.java
133
com.mgz.afp.parser.TripletParser
false
app
decodeAFP
StructuredFieldBaseTriplets.java
84
com.mgz.afp.base.StructuredFieldBaseTriplets
false
app
decodeAFP
IAFPDecodeableWriteable.java
64
com.mgz.afp.exceptions.IAFPDecodeableWriteable
false
app
parseNextSFFromBuffer
AFPParser.java
466
com.mgz.afp.parser.AFPParser
false
app
parseNextSF
AFPParser.java
382
com.mgz.afp.parser.AFPParser
false
app
convertToXml
Afp2Xml.java
469
com.mgz.cli.Afp2Xml
false
app
execute
Afp2Xml.java
376
com.mgz.cli.Afp2Xml
false
app
main
Afp2Xml.java
65
com.mgz.cli.Afp2Xml
false
Invalid triplet length: 0
Invalid triplet length: 0
10
Undefined
AADdjUYCmozykg==
app
parseTriplet
TripletParser.java
205
com.mgz.afp.parser.TripletParser
false
app
parseTriplets
TripletParser.java
133
com.mgz.afp.parser.TripletParser
false
app
decodeAFP
StructuredFieldBaseTriplets.java
84
com.mgz.afp.base.StructuredFieldBaseTriplets
false
app
decodeAFP
IAFPDecodeableWriteable.java
64
com.mgz.afp.exceptions.IAFPDecodeableWriteable
false
app
parseNextSFFromBuffer
AFPParser.java
466
com.mgz.afp.parser.AFPParser
false
app
parseNextSF
AFPParser.java
382
com.mgz.afp.parser.AFPParser
false
app
convertToXml
Afp2Xml.java
469
com.mgz.cli.Afp2Xml
false
app
execute
Afp2Xml.java
376
com.mgz.cli.Afp2Xml
false
app
main
Afp2Xml.java
65
com.mgz.cli.Afp2Xml
false
Invalid triplet length: 0
Invalid triplet length: 0
10
Undefined
AADdjUYCmozykg==
app
parseTriplet
TripletParser.java
205
com.mgz.afp.parser.TripletParser
false
app
parseTriplets
TripletParser.java
133
com.mgz.afp.parser.TripletParser
false
app
decodeAFP
StructuredFieldBaseTriplets.java
84
com.mgz.afp.base.StructuredFieldBaseTriplets
false
app
decodeAFP
IAFPDecodeableWriteable.java
64
com.mgz.afp.exceptions.IAFPDecodeableWriteable
false
app
parseNextSFFromBuffer
AFPParser.java
466
com.mgz.afp.parser.AFPParser
false
app
parseNextSF
AFPParser.java
382
com.mgz.afp.parser.AFPParser
false
app
convertToXml
Afp2Xml.java
469
com.mgz.cli.Afp2Xml
false
app
execute
Afp2Xml.java
376
com.mgz.cli.Afp2Xml
false
app
main
Afp2Xml.java
65
com.mgz.cli.Afp2Xml
false
Invalid triplet length: 0
Invalid triplet length: 0
10
Undefined
AADdjUYCmozykg==
app
parseTriplet
TripletParser.java
205
com.mgz.afp.parser.TripletParser
false
app
parseTriplets
TripletParser.java
133
com.mgz.afp.parser.TripletParser
false
app
decodeAFP
StructuredFieldBaseTriplets.java
84
com.mgz.afp.base.StructuredFieldBaseTriplets
false
app
decodeAFP
IAFPDecodeableWriteable.java
64
com.mgz.afp.exceptions.IAFPDecodeableWriteable
false
app
parseNextSFFromBuffer
AFPParser.java
466
com.mgz.afp.parser.AFPParser
false
app
parseNextSF
AFPParser.java
382
com.mgz.afp.parser.AFPParser
false
app
convertToXml
Afp2Xml.java
469
com.mgz.cli.Afp2Xml
false
app
execute
Afp2Xml.java
376
com.mgz.cli.Afp2Xml
false
app
main
Afp2Xml.java
65
com.mgz.cli.Afp2Xml
false
Invalid triplet length: 0
Invalid triplet length: 0
10
Undefined
AADdjUYCmozykg==
app
parseTriplet
TripletParser.java
205
com.mgz.afp.parser.TripletParser
false
app
parseTriplets
TripletParser.java
133
com.mgz.afp.parser.TripletParser
false
app
decodeAFP
StructuredFieldBaseTriplets.java
84
com.mgz.afp.base.StructuredFieldBaseTriplets
false
app
decodeAFP
IAFPDecodeableWriteable.java
64
com.mgz.afp.exceptions.IAFPDecodeableWriteable
false
app
parseNextSFFromBuffer
AFPParser.java
466
com.mgz.afp.parser.AFPParser
false
app
parseNextSF
AFPParser.java
382
com.mgz.afp.parser.AFPParser
false
app
convertToXml
Afp2Xml.java
469
com.mgz.cli.Afp2Xml
false
app
execute
Afp2Xml.java
376
com.mgz.cli.Afp2Xml
false
app
main
Afp2Xml.java
65
com.mgz.cli.Afp2Xml
false
Invalid triplet length: 0
Invalid triplet length: 0
10
Undefined
AADdjUYCmozykg==
app
parseTriplet
TripletParser.java
205
com.mgz.afp.parser.TripletParser
false
app
parseTriplets
TripletParser.java
133
com.mgz.afp.parser.TripletParser
false
app
decodeAFP
StructuredFieldBaseTriplets.java
84
com.mgz.afp.base.StructuredFieldBaseTriplets
false
app
decodeAFP
IAFPDecodeableWriteable.java
64
com.mgz.afp.exceptions.IAFPDecodeableWriteable
false
app
parseNextSFFromBuffer
AFPParser.java
466
com.mgz.afp.parser.AFPParser
false
app
parseNextSF
AFPParser.java
382
com.mgz.afp.parser.AFPParser
false
app
convertToXml
Afp2Xml.java
469
com.mgz.cli.Afp2Xml
false
app
execute
Afp2Xml.java
376
com.mgz.cli.Afp2Xml
false
app
main
Afp2Xml.java
65
com.mgz.cli.Afp2Xml
false
Invalid triplet length: 0
Invalid triplet length: 0
10
Undefined
AADdjUYCmozykg==
app
parseTriplet
TripletParser.java
205
com.mgz.afp.parser.TripletParser
false
app
parseTriplets
TripletParser.java
133
com.mgz.afp.parser.TripletParser
false
app
decodeAFP
StructuredFieldBaseTriplets.java
84
com.mgz.afp.base.StructuredFieldBaseTriplets
false
app
decodeAFP
IAFPDecodeableWriteable.java
64
com.mgz.afp.exceptions.IAFPDecodeableWriteable
false
app
parseNextSFFromBuffer
AFPParser.java
466
com.mgz.afp.parser.AFPParser
false
app
parseNextSF
AFPParser.java
382
com.mgz.afp.parser.AFPParser
false
app
convertToXml
Afp2Xml.java
469
com.mgz.cli.Afp2Xml
false
app
execute
Afp2Xml.java
376
com.mgz.cli.Afp2Xml
false
app
main
Afp2Xml.java
65
com.mgz.cli.Afp2Xml
false
Invalid triplet length: 0
Invalid triplet length: 0
10
Undefined
AADdjUYCmozykg==
app
parseTriplet
TripletParser.java
205
com.mgz.afp.parser.TripletParser
false
app
parseTriplets
TripletParser.java
133
com.mgz.afp.parser.TripletParser
false
app
decodeAFP
StructuredFieldBaseTriplets.java
84
com.mgz.afp.base.StructuredFieldBaseTriplets
false
app
decodeAFP
IAFPDecodeableWriteable.java
64
com.mgz.afp.exceptions.IAFPDecodeableWriteable
false
app
parseNextSFFromBuffer
AFPParser.java
466
com.mgz.afp.parser.AFPParser
false
app
parseNextSF
AFPParser.java
382
com.mgz.afp.parser.AFPParser
false
app
convertToXml
Afp2Xml.java
469
com.mgz.cli.Afp2Xml
false
app
execute
Afp2Xml.java
376
com.mgz.cli.Afp2Xml
false
app
main
Afp2Xml.java
65
com.mgz.cli.Afp2Xml
false
Invalid triplet length: 0
Invalid triplet length: 0
10
Undefined
AADdjUYCmozykg==
app
parseTriplet
TripletParser.java
205
com.mgz.afp.parser.TripletParser
false
app
parseTriplets
TripletParser.java
133
com.mgz.afp.parser.TripletParser
false
app
decodeAFP
StructuredFieldBaseTriplets.java
84
com.mgz.afp.base.StructuredFieldBaseTriplets
false
app
decodeAFP
IAFPDecodeableWriteable.java
64
com.mgz.afp.exceptions.IAFPDecodeableWriteable
false
app
parseNextSFFromBuffer
AFPParser.java
466
com.mgz.afp.parser.AFPParser
false
app
parseNextSF
AFPParser.java
382
com.mgz.afp.parser.AFPParser
false
app
convertToXml
Afp2Xml.java
469
com.mgz.cli.Afp2Xml
false
app
execute
Afp2Xml.java
376
com.mgz.cli.Afp2Xml
false
app
main
Afp2Xml.java
65
com.mgz.cli.Afp2Xml
false
Invalid triplet length: 0
Invalid triplet length: 0
10
Undefined
AADdjUYCmozykg==
app
parseTriplet
TripletParser.java
205
com.mgz.afp.parser.TripletParser
false
app
parseTriplets
TripletParser.java
133
com.mgz.afp.parser.TripletParser
false
app
decodeAFP
StructuredFieldBaseTriplets.java
84
com.mgz.afp.base.StructuredFieldBaseTriplets
false
app
decodeAFP
IAFPDecodeableWriteable.java
64
com.mgz.afp.exceptions.IAFPDecodeableWriteable
false
app
parseNextSFFromBuffer
AFPParser.java
466
com.mgz.afp.parser.AFPParser
false
app
parseNextSF
AFPParser.java
382
com.mgz.afp.parser.AFPParser
false
app
convertToXml
Afp2Xml.java
469
com.mgz.cli.Afp2Xml
false
app
execute
Afp2Xml.java
376
com.mgz.cli.Afp2Xml
false
app
main
Afp2Xml.java
65
com.mgz.cli.Afp2Xml
false
Invalid triplet length: 0
Invalid triplet length: 0
10
Undefined
AADdjUYCmozykg==
app
parseTriplet
TripletParser.java
205
com.mgz.afp.parser.TripletParser
false
app
parseTriplets
TripletParser.java
133
com.mgz.afp.parser.TripletParser
false
app
decodeAFP
StructuredFieldBaseTriplets.java
84
com.mgz.afp.base.StructuredFieldBaseTriplets
false
app
decodeAFP
IAFPDecodeableWriteable.java
64
com.mgz.afp.exceptions.IAFPDecodeableWriteable
false
app
parseNextSFFromBuffer
AFPParser.java
466
com.mgz.afp.parser.AFPParser
false
app
parseNextSF
AFPParser.java
382
com.mgz.afp.parser.AFPParser
false
app
convertToXml
Afp2Xml.java
469
com.mgz.cli.Afp2Xml
false
app
execute
Afp2Xml.java
376
com.mgz.cli.Afp2Xml
false
app
main
Afp2Xml.java
65
com.mgz.cli.Afp2Xml
false
Invalid triplet length: 0
Invalid triplet length: 0
10
Undefined
AADdjUYCmozykg==
app
parseTriplet
TripletParser.java
205
com.mgz.afp.parser.TripletParser
false
app
parseTriplets
TripletParser.java
133
com.mgz.afp.parser.TripletParser
false
app
decodeAFP
StructuredFieldBaseTriplets.java
84
com.mgz.afp.base.StructuredFieldBaseTriplets
false
app
decodeAFP
IAFPDecodeableWriteable.java
64
com.mgz.afp.exceptions.IAFPDecodeableWriteable
false
app
parseNextSFFromBuffer
AFPParser.java
466
com.mgz.afp.parser.AFPParser
false
app
parseNextSF
AFPParser.java
382
com.mgz.afp.parser.AFPParser
false
app
convertToXml
Afp2Xml.java
469
com.mgz.cli.Afp2Xml
false
app
execute
Afp2Xml.java
376
com.mgz.cli.Afp2Xml
false
app
main
Afp2Xml.java
65
com.mgz.cli.Afp2Xml
false
Invalid triplet length: 0
Invalid triplet length: 0
10
Undefined
AADdjUYCmozykg==
app
parseTriplet
TripletParser.java
205
com.mgz.afp.parser.TripletParser
false
app
parseTriplets
TripletParser.java
133
com.mgz.afp.parser.TripletParser
false
app
decodeAFP
StructuredFieldBaseTriplets.java
84
com.mgz.afp.base.StructuredFieldBaseTriplets
false
app
decodeAFP
IAFPDecodeableWriteable.java
64
com.mgz.afp.exceptions.IAFPDecodeableWriteable
false
app
parseNextSFFromBuffer
AFPParser.java
466
com.mgz.afp.parser.AFPParser
false
app
parseNextSF
AFPParser.java
382
com.mgz.afp.parser.AFPParser
false
app
convertToXml
Afp2Xml.java
469
com.mgz.cli.Afp2Xml
false
app
execute
Afp2Xml.java
376
com.mgz.cli.Afp2Xml
false
app
main
Afp2Xml.java
65
com.mgz.cli.Afp2Xml
false
Invalid triplet length: 0
Invalid triplet length: 0
10
Undefined
AADdjUYCmozykg==
app
parseTriplet
TripletParser.java
205
com.mgz.afp.parser.TripletParser
false
app
parseTriplets
TripletParser.java
133
com.mgz.afp.parser.TripletParser
false
app
decodeAFP
StructuredFieldBaseTriplets.java
84
com.mgz.afp.base.StructuredFieldBaseTriplets
false
app
decodeAFP
IAFPDecodeableWriteable.java
64
com.mgz.afp.exceptions.IAFPDecodeableWriteable
false
app
parseNextSFFromBuffer
AFPParser.java
466
com.mgz.afp.parser.AFPParser
false
app
parseNextSF
AFPParser.java
382
com.mgz.afp.parser.AFPParser
false
app
convertToXml
Afp2Xml.java
469
com.mgz.cli.Afp2Xml
false
app
execute
Afp2Xml.java
376
com.mgz.cli.Afp2Xml
false
app
main
Afp2Xml.java
65
com.mgz.cli.Afp2Xml
false
Invalid triplet length: 0
Invalid triplet length: 0
10
Undefined
AADdjUYCmozykg==
app
parseTriplet
TripletParser.java
205
com.mgz.afp.parser.TripletParser
false
app
parseTriplets
TripletParser.java
133
com.mgz.afp.parser.TripletParser
false
app
decodeAFP
StructuredFieldBaseTriplets.java
84
com.mgz.afp.base.StructuredFieldBaseTriplets
false
app
decodeAFP
IAFPDecodeableWriteable.java
64
com.mgz.afp.exceptions.IAFPDecodeableWriteable
false
app
parseNextSFFromBuffer
AFPParser.java
466
com.mgz.afp.parser.AFPParser
false
app
parseNextSF
AFPParser.java
382
com.mgz.afp.parser.AFPParser
false
app
convertToXml
Afp2Xml.java
469
com.mgz.cli.Afp2Xml
false
app
execute
Afp2Xml.java
376
com.mgz.cli.Afp2Xml
false
app
main
Afp2Xml.java
65
com.mgz.cli.Afp2Xml
false
Invalid triplet length: 0
Invalid triplet length: 0
10
Undefined
AADdjUYCmozykg==
app
parseTriplet
TripletParser.java
205
com.mgz.afp.parser.TripletParser
false
app
parseTriplets
TripletParser.java
133
com.mgz.afp.parser.TripletParser
false
app
decodeAFP
StructuredFieldBaseTriplets.java
84
com.mgz.afp.base.StructuredFieldBaseTriplets
false
app
decodeAFP
IAFPDecodeableWriteable.java
64
com.mgz.afp.exceptions.IAFPDecodeableWriteable
false
app
parseNextSFFromBuffer
AFPParser.java
466
com.mgz.afp.parser.AFPParser
false
app
parseNextSF
AFPParser.java
382
com.mgz.afp.parser.AFPParser
false
app
convertToXml
Afp2Xml.java
469
com.mgz.cli.Afp2Xml
false
app
execute
Afp2Xml.java
376
com.mgz.cli.Afp2Xml
false
app
main
Afp2Xml.java
65
com.mgz.cli.Afp2Xml
false
Invalid triplet length: 0
Invalid triplet length: 0
10
Undefined
AADdjUYCmozykg==
app
parseTriplet
TripletParser.java
205
com.mgz.afp.parser.TripletParser
false
app
parseTriplets
TripletParser.java
133
com.mgz.afp.parser.TripletParser
false
app
decodeAFP
StructuredFieldBaseTriplets.java
84
com.mgz.afp.base.StructuredFieldBaseTriplets
false
app
decodeAFP
IAFPDecodeableWriteable.java
64
com.mgz.afp.exceptions.IAFPDecodeableWriteable
false
app
parseNextSFFromBuffer
AFPParser.java
466
com.mgz.afp.parser.AFPParser
false
app
parseNextSF
AFPParser.java
382
com.mgz.afp.parser.AFPParser
false
app
convertToXml
Afp2Xml.java
469
com.mgz.cli.Afp2Xml
false
app
execute
Afp2Xml.java
376
com.mgz.cli.Afp2Xml
false
app
main
Afp2Xml.java
65
com.mgz.cli.Afp2Xml
false
Invalid triplet length: 0
Invalid triplet length: 0
10
Undefined
AADdjUYCmozykg==
app
parseTriplet
TripletParser.java
205
com.mgz.afp.parser.TripletParser
false
app
parseTriplets
TripletParser.java
133
com.mgz.afp.parser.TripletParser
false
app
decodeAFP
StructuredFieldBaseTriplets.java
84
com.mgz.afp.base.StructuredFieldBaseTriplets
false
app
decodeAFP
IAFPDecodeableWriteable.java
64
com.mgz.afp.exceptions.IAFPDecodeableWriteable
false
app
parseNextSFFromBuffer
AFPParser.java
466
com.mgz.afp.parser.AFPParser
false
app
parseNextSF
AFPParser.java
382
com.mgz.afp.parser.AFPParser
false
app
convertToXml
Afp2Xml.java
469
com.mgz.cli.Afp2Xml
false
app
execute
Afp2Xml.java
376
com.mgz.cli.Afp2Xml
false
app
main
Afp2Xml.java
65
com.mgz.cli.Afp2Xml
false
Invalid triplet length: 0
Invalid triplet length: 0
10
Undefined
AADdjUYCmozykg==
app
parseTriplet
TripletParser.java
205
com.mgz.afp.parser.TripletParser
false
app
parseTriplets
TripletParser.java
133
com.mgz.afp.parser.TripletParser
false
app
decodeAFP
StructuredFieldBaseTriplets.java
84
com.mgz.afp.base.StructuredFieldBaseTriplets
false
app
decodeAFP
IAFPDecodeableWriteable.java
64
com.mgz.afp.exceptions.IAFPDecodeableWriteable
false
app
parseNextSFFromBuffer
AFPParser.java
466
com.mgz.afp.parser.AFPParser
false
app
parseNextSF
AFPParser.java
382
com.mgz.afp.parser.AFPParser
false
app
convertToXml
Afp2Xml.java
469
com.mgz.cli.Afp2Xml
false
app
execute
Afp2Xml.java
376
com.mgz.cli.Afp2Xml
false
app
main
Afp2Xml.java
65
com.mgz.cli.Afp2Xml
false
Invalid triplet length: 0
Invalid triplet length: 0
10
Undefined
AADdjUYCmozykg==
app
parseTriplet
TripletParser.java
205
com.mgz.afp.parser.TripletParser
false
app
parseTriplets
TripletParser.java
133
com.mgz.afp.parser.TripletParser
false
app
decodeAFP
StructuredFieldBaseTriplets.java
84
com.mgz.afp.base.StructuredFieldBaseTriplets
false
app
decodeAFP
IAFPDecodeableWriteable.java
64
com.mgz.afp.exceptions.IAFPDecodeableWriteable
false
app
parseNextSFFromBuffer
AFPParser.java
466
com.mgz.afp.parser.AFPParser
false
app
parseNextSF
AFPParser.java
382
com.mgz.afp.parser.AFPParser
false
app
convertToXml
Afp2Xml.java
469
com.mgz.cli.Afp2Xml
false
app
execute
Afp2Xml.java
376
com.mgz.cli.Afp2Xml
false
app
main
Afp2Xml.java
65
com.mgz.cli.Afp2Xml
false
Invalid triplet length: 0
Invalid triplet length: 0
10
Undefined
AADdjUYCmozykg==
app
parseTriplet
TripletParser.java
205
com.mgz.afp.parser.TripletParser
false
app
parseTriplets
TripletParser.java
133
com.mgz.afp.parser.TripletParser
false
app
decodeAFP
StructuredFieldBaseTriplets.java
84
com.mgz.afp.base.StructuredFieldBaseTriplets
false
app
decodeAFP
IAFPDecodeableWriteable.java
64
com.mgz.afp.exceptions.IAFPDecodeableWriteable
false
app
parseNextSFFromBuffer
AFPParser.java
466
com.mgz.afp.parser.AFPParser
false
app
parseNextSF
AFPParser.java
382
com.mgz.afp.parser.AFPParser
false
app
convertToXml
Afp2Xml.java
469
com.mgz.cli.Afp2Xml
false
app
execute
Afp2Xml.java
376
com.mgz.cli.Afp2Xml
false
app
main
Afp2Xml.java
65
com.mgz.cli.Afp2Xml
false
Invalid triplet length: 0
Invalid triplet length: 0
10
Undefined
AADdjUYCmozykg==
app
parseTriplet
TripletParser.java
205
com.mgz.afp.parser.TripletParser
false
app
parseTriplets
TripletParser.java
133
com.mgz.afp.parser.TripletParser
false
app
decodeAFP
StructuredFieldBaseTriplets.java
84
com.mgz.afp.base.StructuredFieldBaseTriplets
false
app
decodeAFP
IAFPDecodeableWriteable.java
64
com.mgz.afp.exceptions.IAFPDecodeableWriteable
false
app
parseNextSFFromBuffer
AFPParser.java
466
com.mgz.afp.parser.AFPParser
false
app
parseNextSF
AFPParser.java
382
com.mgz.afp.parser.AFPParser
false
app
convertToXml
Afp2Xml.java
469
com.mgz.cli.Afp2Xml
false
app
execute
Afp2Xml.java
376
com.mgz.cli.Afp2Xml
false
app
main
Afp2Xml.java
65
com.mgz.cli.Afp2Xml
false
Invalid triplet length: 0
Invalid triplet length: 0
10
Undefined
AADdjUYCmozykg==
app
parseTriplet
TripletParser.java
205
com.mgz.afp.parser.TripletParser
false
app
parseTriplets
TripletParser.java
133
com.mgz.afp.parser.TripletParser
false
app
decodeAFP
StructuredFieldBaseTriplets.java
84
com.mgz.afp.base.StructuredFieldBaseTriplets
false
app
decodeAFP
IAFPDecodeableWriteable.java
64
com.mgz.afp.exceptions.IAFPDecodeableWriteable
false
app
parseNextSFFromBuffer
AFPParser.java
466
com.mgz.afp.parser.AFPParser
false
app
parseNextSF
AFPParser.java
382
com.mgz.afp.parser.AFPParser
false
app
convertToXml
Afp2Xml.java
469
com.mgz.cli.Afp2Xml
false
app
execute
Afp2Xml.java
376
com.mgz.cli.Afp2Xml
false
app
main
Afp2Xml.java
65
com.mgz.cli.Afp2Xml
false
Invalid triplet length: 0
Invalid triplet length: 0
10
Undefined
AADdjUYCmozykg==
app
parseTriplet
TripletParser.java
205
com.mgz.afp.parser.TripletParser
false
app
parseTriplets
TripletParser.java
133
com.mgz.afp.parser.TripletParser
false
app
decodeAFP
StructuredFieldBaseTriplets.java
84
com.mgz.afp.base.StructuredFieldBaseTriplets
false
app
decodeAFP
IAFPDecodeableWriteable.java
64
com.mgz.afp.exceptions.IAFPDecodeableWriteable
false
app
parseNextSFFromBuffer
AFPParser.java
466
com.mgz.afp.parser.AFPParser
false
app
parseNextSF
AFPParser.java
382
com.mgz.afp.parser.AFPParser
false
app
convertToXml
Afp2Xml.java
469
com.mgz.cli.Afp2Xml
false
app
execute
Afp2Xml.java
376
com.mgz.cli.Afp2Xml
false
app
main
Afp2Xml.java
65
com.mgz.cli.Afp2Xml
false
Invalid triplet length: 0
Invalid triplet length: 0
10
Undefined
AADdjUYCmozykg==
app
parseTriplet
TripletParser.java
205
com.mgz.afp.parser.TripletParser
false
app
parseTriplets
TripletParser.java
133
com.mgz.afp.parser.TripletParser
false
app
decodeAFP
StructuredFieldBaseTriplets.java
84
com.mgz.afp.base.StructuredFieldBaseTriplets
false
app
decodeAFP
IAFPDecodeableWriteable.java
64
com.mgz.afp.exceptions.IAFPDecodeableWriteable
false
app
parseNextSFFromBuffer
AFPParser.java
466
com.mgz.afp.parser.AFPParser
false
app
parseNextSF
AFPParser.java
382
com.mgz.afp.parser.AFPParser
false
app
convertToXml
Afp2Xml.java
469
com.mgz.cli.Afp2Xml
false
app
execute
Afp2Xml.java
376
com.mgz.cli.Afp2Xml
false
app
main
Afp2Xml.java
65
com.mgz.cli.Afp2Xml
false
Invalid triplet length: 0
Invalid triplet length: 0
10
Undefined
AADdjUYCmozykg==
app
parseTriplet
TripletParser.java
205
com.mgz.afp.parser.TripletParser
false
app
parseTriplets
TripletParser.java
133
com.mgz.afp.parser.TripletParser
false
app
decodeAFP
StructuredFieldBaseTriplets.java
84
com.mgz.afp.base.StructuredFieldBaseTriplets
false
app
decodeAFP
IAFPDecodeableWriteable.java
64
com.mgz.afp.exceptions.IAFPDecodeableWriteable
false
app
parseNextSFFromBuffer
AFPParser.java
466
com.mgz.afp.parser.AFPParser
false
app
parseNextSF
AFPParser.java
382
com.mgz.afp.parser.AFPParser
false
app
convertToXml
Afp2Xml.java
469
com.mgz.cli.Afp2Xml
false
app
execute
Afp2Xml.java
376
com.mgz.cli.Afp2Xml
false
app
main
Afp2Xml.java
65
com.mgz.cli.Afp2Xml
false
Invalid triplet length: 0
Invalid triplet length: 0
10
Undefined
AADdjUYCmozykg==
app
parseTriplet
TripletParser.java
205
com.mgz.afp.parser.TripletParser
false
app
parseTriplets
TripletParser.java
133
com.mgz.afp.parser.TripletParser
false
app
decodeAFP
StructuredFieldBaseTriplets.java
84
com.mgz.afp.base.StructuredFieldBaseTriplets
false
app
decodeAFP
IAFPDecodeableWriteable.java
64
com.mgz.afp.exceptions.IAFPDecodeableWriteable
false
app
parseNextSFFromBuffer
AFPParser.java
466
com.mgz.afp.parser.AFPParser
false
app
parseNextSF
AFPParser.java
382
com.mgz.afp.parser.AFPParser
false
app
convertToXml
Afp2Xml.java
469
com.mgz.cli.Afp2Xml
false
app
execute
Afp2Xml.java
376
com.mgz.cli.Afp2Xml
false
app
main
Afp2Xml.java
65
com.mgz.cli.Afp2Xml
false
Invalid triplet length: 0
Invalid triplet length: 0
10
Undefined
AADdjUYCmozykg==
app
parseTriplet
TripletParser.java
205
com.mgz.afp.parser.TripletParser
false
app
parseTriplets
TripletParser.java
133
com.mgz.afp.parser.TripletParser
false
app
decodeAFP
StructuredFieldBaseTriplets.java
84
com.mgz.afp.base.StructuredFieldBaseTriplets
false
app
decodeAFP
IAFPDecodeableWriteable.java
64
com.mgz.afp.exceptions.IAFPDecodeableWriteable
false
app
parseNextSFFromBuffer
AFPParser.java
466
com.mgz.afp.parser.AFPParser
false
app
parseNextSF
AFPParser.java
382
com.mgz.afp.parser.AFPParser
false
app
convertToXml
Afp2Xml.java
469
com.mgz.cli.Afp2Xml
false
app
execute
Afp2Xml.java
376
com.mgz.cli.Afp2Xml
false
app
main
Afp2Xml.java
65
com.mgz.cli.Afp2Xml
false
Invalid triplet length: 0
Invalid triplet length: 0
10
Undefined
AADdjUYCmozykg==
app
parseTriplet
TripletParser.java
205
com.mgz.afp.parser.TripletParser
false
app
parseTriplets
TripletParser.java
133
com.mgz.afp.parser.TripletParser
false
app
decodeAFP
StructuredFieldBaseTriplets.java
84
com.mgz.afp.base.StructuredFieldBaseTriplets
false
app
decodeAFP
IAFPDecodeableWriteable.java
64
com.mgz.afp.exceptions.IAFPDecodeableWriteable
false
app
parseNextSFFromBuffer
AFPParser.java
466
com.mgz.afp.parser.AFPParser
false
app
parseNextSF
AFPParser.java
382
com.mgz.afp.parser.AFPParser
false
app
convertToXml
Afp2Xml.java
469
com.mgz.cli.Afp2Xml
false
app
execute
Afp2Xml.java
376
com.mgz.cli.Afp2Xml
false
app
main
Afp2Xml.java
65
com.mgz.cli.Afp2Xml
false
Invalid triplet length: 0
Invalid triplet length: 0
10
Undefined
AADdjUYCmozykg==
app
parseTriplet
TripletParser.java
205
com.mgz.afp.parser.TripletParser
false
app
parseTriplets
TripletParser.java
133
com.mgz.afp.parser.TripletParser
false
app
decodeAFP
StructuredFieldBaseTriplets.java
84
com.mgz.afp.base.StructuredFieldBaseTriplets
false
app
decodeAFP
IAFPDecodeableWriteable.java
64
com.mgz.afp.exceptions.IAFPDecodeableWriteable
false
app
parseNextSFFromBuffer
AFPParser.java
466
com.mgz.afp.parser.AFPParser
false
app
parseNextSF
AFPParser.java
382
com.mgz.afp.parser.AFPParser
false
app
convertToXml
Afp2Xml.java
469
com.mgz.cli.Afp2Xml
false
app
execute
Afp2Xml.java
376
com.mgz.cli.Afp2Xml
false
app
main
Afp2Xml.java
65
com.mgz.cli.Afp2Xml
false
Invalid triplet length: 0
Invalid triplet length: 0
10
Undefined
AADdjUYCmozykg==
app
parseTriplet
TripletParser.java
205
com.mgz.afp.parser.TripletParser
false
app
parseTriplets
TripletParser.java
133
com.mgz.afp.parser.TripletParser
false
app
decodeAFP
StructuredFieldBaseTriplets.java
84
com.mgz.afp.base.StructuredFieldBaseTriplets
false
app
decodeAFP
IAFPDecodeableWriteable.java
64
com.mgz.afp.exceptions.IAFPDecodeableWriteable
false
app
parseNextSFFromBuffer
AFPParser.java
466
com.mgz.afp.parser.AFPParser
false
app
parseNextSF
AFPParser.java
382
com.mgz.afp.parser.AFPParser
false
app
convertToXml
Afp2Xml.java
469
com.mgz.cli.Afp2Xml
false
app
execute
Afp2Xml.java
376
com.mgz.cli.Afp2Xml
false
app
main
Afp2Xml.java
65
com.mgz.cli.Afp2Xml
false
Invalid triplet length: 0
Invalid triplet length: 0
10
Undefined
AADdjUYCmozykg==
app
parseTriplet
TripletParser.java
205
com.mgz.afp.parser.TripletParser
false
app
parseTriplets
TripletParser.java
133
com.mgz.afp.parser.TripletParser
false
app
decodeAFP
StructuredFieldBaseTriplets.java
84
com.mgz.afp.base.StructuredFieldBaseTriplets
false
app
decodeAFP
IAFPDecodeableWriteable.java
64
com.mgz.afp.exceptions.IAFPDecodeableWriteable
false
app
parseNextSFFromBuffer
AFPParser.java
466
com.mgz.afp.parser.AFPParser
false
app
parseNextSF
AFPParser.java
382
com.mgz.afp.parser.AFPParser
false
app
convertToXml
Afp2Xml.java
469
com.mgz.cli.Afp2Xml
false
app
execute
Afp2Xml.java
376
com.mgz.cli.Afp2Xml
false
app
main
Afp2Xml.java
65
com.mgz.cli.Afp2Xml
false
Invalid triplet length: 0
Invalid triplet length: 0
10
Undefined
AADdjUYCmozykg==
app
parseTriplet
TripletParser.java
205
com.mgz.afp.parser.TripletParser
false
app
parseTriplets
TripletParser.java
133
com.mgz.afp.parser.TripletParser
false
app
decodeAFP
StructuredFieldBaseTriplets.java
84
com.mgz.afp.base.StructuredFieldBaseTriplets
false
app
decodeAFP
IAFPDecodeableWriteable.java
64
com.mgz.afp.exceptions.IAFPDecodeableWriteable
false
app
parseNextSFFromBuffer
AFPParser.java
466
com.mgz.afp.parser.AFPParser
false
app
parseNextSF
AFPParser.java
382
com.mgz.afp.parser.AFPParser
false
app
convertToXml
Afp2Xml.java
469
com.mgz.cli.Afp2Xml
false
app
execute
Afp2Xml.java
376
com.mgz.cli.Afp2Xml
false
app
main
Afp2Xml.java
65
com.mgz.cli.Afp2Xml
false
Invalid triplet length: 0
Invalid triplet length: 0
10
Undefined
AADdjUYCmozykg==
app
parseTriplet
TripletParser.java
205
com.mgz.afp.parser.TripletParser
false
app
parseTriplets
TripletParser.java
133
com.mgz.afp.parser.TripletParser
false
app
decodeAFP
StructuredFieldBaseTriplets.java
84
com.mgz.afp.base.StructuredFieldBaseTriplets
false
app
decodeAFP
IAFPDecodeableWriteable.java
64
com.mgz.afp.exceptions.IAFPDecodeableWriteable
false
app
parseNextSFFromBuffer
AFPParser.java
466
com.mgz.afp.parser.AFPParser
false
app
parseNextSF
AFPParser.java
382
com.mgz.afp.parser.AFPParser
false
app
convertToXml
Afp2Xml.java
469
com.mgz.cli.Afp2Xml
false
app
execute
Afp2Xml.java
376
com.mgz.cli.Afp2Xml
false
app
main
Afp2Xml.java
65
com.mgz.cli.Afp2Xml
false
Invalid triplet length: 0
Invalid triplet length: 0
10
Undefined
AADdjUYCmozykg==
app
parseTriplet
TripletParser.java
205
com.mgz.afp.parser.TripletParser
false
app
parseTriplets
TripletParser.java
133
com.mgz.afp.parser.TripletParser
false
app
decodeAFP
StructuredFieldBaseTriplets.java
84
com.mgz.afp.base.StructuredFieldBaseTriplets
false
app
decodeAFP
IAFPDecodeableWriteable.java
64
com.mgz.afp.exceptions.IAFPDecodeableWriteable
false
app
parseNextSFFromBuffer
AFPParser.java
466
com.mgz.afp.parser.AFPParser
false
app
parseNextSF
AFPParser.java
382
com.mgz.afp.parser.AFPParser
false
app
convertToXml
Afp2Xml.java
469
com.mgz.cli.Afp2Xml
false
app
execute
Afp2Xml.java
376
com.mgz.cli.Afp2Xml
false
app
main
Afp2Xml.java
65
com.mgz.cli.Afp2Xml
false
Invalid triplet length: 0
Invalid triplet length: 0
10
Undefined
AADdjUYCmozykg==
app
parseTriplet
TripletParser.java
205
com.mgz.afp.parser.TripletParser
false
app
parseTriplets
TripletParser.java
133
com.mgz.afp.parser.TripletParser
false
app
decodeAFP
StructuredFieldBaseTriplets.java
84
com.mgz.afp.base.StructuredFieldBaseTriplets
false
app
decodeAFP
IAFPDecodeableWriteable.java
64
com.mgz.afp.exceptions.IAFPDecodeableWriteable
false
app
parseNextSFFromBuffer
AFPParser.java
466
com.mgz.afp.parser.AFPParser
false
app
parseNextSF
AFPParser.java
382
com.mgz.afp.parser.AFPParser
false
app
convertToXml
Afp2Xml.java
469
com.mgz.cli.Afp2Xml
false
app
execute
Afp2Xml.java
376
com.mgz.cli.Afp2Xml
false
app
main
Afp2Xml.java
65
com.mgz.cli.Afp2Xml
false
Invalid triplet length: 0
Invalid triplet length: 0
10
Undefined
AADdjUYCmozykg==
app
parseTriplet
TripletParser.java
205
com.mgz.afp.parser.TripletParser
false
app
parseTriplets
TripletParser.java
133
com.mgz.afp.parser.TripletParser
false
app
decodeAFP
StructuredFieldBaseTriplets.java
84
com.mgz.afp.base.StructuredFieldBaseTriplets
false
app
decodeAFP
IAFPDecodeableWriteable.java
64
com.mgz.afp.exceptions.IAFPDecodeableWriteable
false
app
parseNextSFFromBuffer
AFPParser.java
466
com.mgz.afp.parser.AFPParser
false
app
parseNextSF
AFPParser.java
382
com.mgz.afp.parser.AFPParser
false
app
convertToXml
Afp2Xml.java
469
com.mgz.cli.Afp2Xml
false
app
execute
Afp2Xml.java
376
com.mgz.cli.Afp2Xml
false
app
main
Afp2Xml.java
65
com.mgz.cli.Afp2Xml
false
Invalid triplet length: 0
Invalid triplet length: 0
10
Undefined
AADdjUYCmozykg==
app
parseTriplet
TripletParser.java
205
com.mgz.afp.parser.TripletParser
false
app
parseTriplets
TripletParser.java
133
com.mgz.afp.parser.TripletParser
false
app
decodeAFP
StructuredFieldBaseTriplets.java
84
com.mgz.afp.base.StructuredFieldBaseTriplets
false
app
decodeAFP
IAFPDecodeableWriteable.java
64
com.mgz.afp.exceptions.IAFPDecodeableWriteable
false
app
parseNextSFFromBuffer
AFPParser.java
466
com.mgz.afp.parser.AFPParser
false
app
parseNextSF
AFPParser.java
382
com.mgz.afp.parser.AFPParser
false
app
convertToXml
Afp2Xml.java
469
com.mgz.cli.Afp2Xml
false
app
execute
Afp2Xml.java
376
com.mgz.cli.Afp2Xml
false
app
main
Afp2Xml.java
65
com.mgz.cli.Afp2Xml
false
Invalid triplet length: 0
Invalid triplet length: 0
10
Undefined
AADdjUYCmozykg==
app
parseTriplet
TripletParser.java
205
com.mgz.afp.parser.TripletParser
false
app
parseTriplets
TripletParser.java
133
com.mgz.afp.parser.TripletParser
false
app
decodeAFP
StructuredFieldBaseTriplets.java
84
com.mgz.afp.base.StructuredFieldBaseTriplets
false
app
decodeAFP
IAFPDecodeableWriteable.java
64
com.mgz.afp.exceptions.IAFPDecodeableWriteable
false
app
parseNextSFFromBuffer
AFPParser.java
466
com.mgz.afp.parser.AFPParser
false
app
parseNextSF
AFPParser.java
382
com.mgz.afp.parser.AFPParser
false
app
convertToXml
Afp2Xml.java
469
com.mgz.cli.Afp2Xml
false
app
execute
Afp2Xml.java
376
com.mgz.cli.Afp2Xml
false
app
main
Afp2Xml.java
65
com.mgz.cli.Afp2Xml
false
Invalid triplet length: 0
Invalid triplet length: 0
10
Undefined
AADdjUYCmozykg==
app
parseTriplet
TripletParser.java
205
com.mgz.afp.parser.TripletParser
false
app
parseTriplets
TripletParser.java
133
com.mgz.afp.parser.TripletParser
false
app
decodeAFP
StructuredFieldBaseTriplets.java
84
com.mgz.afp.base.StructuredFieldBaseTriplets
false
app
decodeAFP
IAFPDecodeableWriteable.java
64
com.mgz.afp.exceptions.IAFPDecodeableWriteable
false
app
parseNextSFFromBuffer
AFPParser.java
466
com.mgz.afp.parser.AFPParser
false
app
parseNextSF
AFPParser.java
382
com.mgz.afp.parser.AFPParser
false
app
convertToXml
Afp2Xml.java
469
com.mgz.cli.Afp2Xml
false
app
execute
Afp2Xml.java
376
com.mgz.cli.Afp2Xml
false
app
main
Afp2Xml.java
65
com.mgz.cli.Afp2Xml
false
Invalid triplet length: 0
Invalid triplet length: 0
10
Undefined
AADdjUYCmozykg==
app
parseTriplet
TripletParser.java
205
com.mgz.afp.parser.TripletParser
false
app
parseTriplets
TripletParser.java
133
com.mgz.afp.parser.TripletParser
false
app
decodeAFP
StructuredFieldBaseTriplets.java
84
com.mgz.afp.base.StructuredFieldBaseTriplets
false
app
decodeAFP
IAFPDecodeableWriteable.java
64
com.mgz.afp.exceptions.IAFPDecodeableWriteable
false
app
parseNextSFFromBuffer
AFPParser.java
466
com.mgz.afp.parser.AFPParser
false
app
parseNextSF
AFPParser.java
382
com.mgz.afp.parser.AFPParser
false
app
convertToXml
Afp2Xml.java
469
com.mgz.cli.Afp2Xml
false
app
execute
Afp2Xml.java
376
com.mgz.cli.Afp2Xml
false
app
main
Afp2Xml.java
65
com.mgz.cli.Afp2Xml
false
Invalid triplet length: 0
Invalid triplet length: 0
10
Undefined
AADdjUYCmozykg==
app
parseTriplet
TripletParser.java
205
com.mgz.afp.parser.TripletParser
false
app
parseTriplets
TripletParser.java
133
com.mgz.afp.parser.TripletParser
false
app
decodeAFP
StructuredFieldBaseTriplets.java
84
com.mgz.afp.base.StructuredFieldBaseTriplets
false
app
decodeAFP
IAFPDecodeableWriteable.java
64
com.mgz.afp.exceptions.IAFPDecodeableWriteable
false
app
parseNextSFFromBuffer
AFPParser.java
466
com.mgz.afp.parser.AFPParser
false
app
parseNextSF
AFPParser.java
382
com.mgz.afp.parser.AFPParser
false
app
convertToXml
Afp2Xml.java
469
com.mgz.cli.Afp2Xml
false
app
execute
Afp2Xml.java
376
com.mgz.cli.Afp2Xml
false
app
main
Afp2Xml.java
65
com.mgz.cli.Afp2Xml
false
Invalid triplet length: 0
Invalid triplet length: 0
10
Undefined
AADdjUYCmozykg==
app
parseTriplet
TripletParser.java
205
com.mgz.afp.parser.TripletParser
false
app
parseTriplets
TripletParser.java
133
com.mgz.afp.parser.TripletParser
false
app
decodeAFP
StructuredFieldBaseTriplets.java
84
com.mgz.afp.base.StructuredFieldBaseTriplets
false
app
decodeAFP
IAFPDecodeableWriteable.java
64
com.mgz.afp.exceptions.IAFPDecodeableWriteable
false
app
parseNextSFFromBuffer
AFPParser.java
466
com.mgz.afp.parser.AFPParser
false
app
parseNextSF
AFPParser.java
382
com.mgz.afp.parser.AFPParser
false
app
convertToXml
Afp2Xml.java
469
com.mgz.cli.Afp2Xml
false
app
execute
Afp2Xml.java
376
com.mgz.cli.Afp2Xml
false
app
main
Afp2Xml.java
65
com.mgz.cli.Afp2Xml
false
Invalid triplet length: 0
Invalid triplet length: 0
10
Undefined
AADdjUYCmozykg==
app
parseTriplet
TripletParser.java
205
com.mgz.afp.parser.TripletParser
false
app
parseTriplets
TripletParser.java
133
com.mgz.afp.parser.TripletParser
false
app
decodeAFP
StructuredFieldBaseTriplets.java
84
com.mgz.afp.base.StructuredFieldBaseTriplets
false
app
decodeAFP
IAFPDecodeableWriteable.java
64
com.mgz.afp.exceptions.IAFPDecodeableWriteable
false
app
parseNextSFFromBuffer
AFPParser.java
466
com.mgz.afp.parser.AFPParser
false
app
parseNextSF
AFPParser.java
382
com.mgz.afp.parser.AFPParser
false
app
convertToXml
Afp2Xml.java
469
com.mgz.cli.Afp2Xml
false
app
execute
Afp2Xml.java
376
com.mgz.cli.Afp2Xml
false
app
main
Afp2Xml.java
65
com.mgz.cli.Afp2Xml
false
Invalid triplet length: 0
Invalid triplet length: 0
10
Undefined
AADdjUYCmozykg==
app
parseTriplet
TripletParser.java
205
com.mgz.afp.parser.TripletParser
false
app
parseTriplets
TripletParser.java
133
com.mgz.afp.parser.TripletParser
false
app
decodeAFP
StructuredFieldBaseTriplets.java
84
com.mgz.afp.base.StructuredFieldBaseTriplets
false
app
decodeAFP
IAFPDecodeableWriteable.java
64
com.mgz.afp.exceptions.IAFPDecodeableWriteable
false
app
parseNextSFFromBuffer
AFPParser.java
466
com.mgz.afp.parser.AFPParser
false
app
parseNextSF
AFPParser.java
382
com.mgz.afp.parser.AFPParser
false
app
convertToXml
Afp2Xml.java
469
com.mgz.cli.Afp2Xml
false
app
execute
Afp2Xml.java
376
com.mgz.cli.Afp2Xml
false
app
main
Afp2Xml.java
65
com.mgz.cli.Afp2Xml
false
Invalid triplet length: 0
Invalid triplet length: 0
10
Undefined
AADdjUYCmozykg==
app
parseTriplet
TripletParser.java
205
com.mgz.afp.parser.TripletParser
false
app
parseTriplets
TripletParser.java
133
com.mgz.afp.parser.TripletParser
false
app
decodeAFP
StructuredFieldBaseTriplets.java
84
com.mgz.afp.base.StructuredFieldBaseTriplets
false
app
decodeAFP
IAFPDecodeableWriteable.java
64
com.mgz.afp.exceptions.IAFPDecodeableWriteable
false
app
parseNextSFFromBuffer
AFPParser.java
466
com.mgz.afp.parser.AFPParser
false
app
parseNextSF
AFPParser.java
382
com.mgz.afp.parser.AFPParser
false
app
convertToXml
Afp2Xml.java
469
com.mgz.cli.Afp2Xml
false
app
execute
Afp2Xml.java
376
com.mgz.cli.Afp2Xml
false
app
main
Afp2Xml.java
65
com.mgz.cli.Afp2Xml
false
Invalid triplet length: 0
Invalid triplet length: 0
10
Undefined
AADdjUYCmozykg==
app
parseTriplet
TripletParser.java
205
com.mgz.afp.parser.TripletParser
false
app
parseTriplets
TripletParser.java
133
com.mgz.afp.parser.TripletParser
false
app
decodeAFP
StructuredFieldBaseTriplets.java
84
com.mgz.afp.base.StructuredFieldBaseTriplets
false
app
decodeAFP
IAFPDecodeableWriteable.java
64
com.mgz.afp.exceptions.IAFPDecodeableWriteable
false
app
parseNextSFFromBuffer
AFPParser.java
466
com.mgz.afp.parser.AFPParser
false
app
parseNextSF
AFPParser.java
382
com.mgz.afp.parser.AFPParser
false
app
convertToXml
Afp2Xml.java
469
com.mgz.cli.Afp2Xml
false
app
execute
Afp2Xml.java
376
com.mgz.cli.Afp2Xml
false
app
main
Afp2Xml.java
65
com.mgz.cli.Afp2Xml
false
Invalid triplet length: 0
Invalid triplet length: 0
10
Undefined
AADdjUYCmozykg==
app
parseTriplet
TripletParser.java
205
com.mgz.afp.parser.TripletParser
false
app
parseTriplets
TripletParser.java
133
com.mgz.afp.parser.TripletParser
false
app
decodeAFP
StructuredFieldBaseTriplets.java
84
com.mgz.afp.base.StructuredFieldBaseTriplets
false
app
decodeAFP
IAFPDecodeableWriteable.java
64
com.mgz.afp.exceptions.IAFPDecodeableWriteable
false
app
parseNextSFFromBuffer
AFPParser.java
466
com.mgz.afp.parser.AFPParser
false
app
parseNextSF
AFPParser.java
382
com.mgz.afp.parser.AFPParser
false
app
convertToXml
Afp2Xml.java
469
com.mgz.cli.Afp2Xml
false
app
execute
Afp2Xml.java
376
com.mgz.cli.Afp2Xml
false
app
main
Afp2Xml.java
65
com.mgz.cli.Afp2Xml
false
Invalid triplet length: 0
Invalid triplet length: 0
10
Undefined
AADdjUYCmozykg==
app
parseTriplet
TripletParser.java
205
com.mgz.afp.parser.TripletParser
false
app
parseTriplets
TripletParser.java
133
com.mgz.afp.parser.TripletParser
false
app
decodeAFP
StructuredFieldBaseTriplets.java
84
com.mgz.afp.base.StructuredFieldBaseTriplets
false
app
decodeAFP
IAFPDecodeableWriteable.java
64
com.mgz.afp.exceptions.IAFPDecodeableWriteable
false
app
parseNextSFFromBuffer
AFPParser.java
466
com.mgz.afp.parser.AFPParser
false
app
parseNextSF
AFPParser.java
382
com.mgz.afp.parser.AFPParser
false
app
convertToXml
Afp2Xml.java
469
com.mgz.cli.Afp2Xml
false
app
execute
Afp2Xml.java
376
com.mgz.cli.Afp2Xml
false
app
main
Afp2Xml.java
65
com.mgz.cli.Afp2Xml
false
Invalid triplet length: 0
Invalid triplet length: 0
10
Undefined
AADdjUYCmozykg==
app
parseTriplet
TripletParser.java
205
com.mgz.afp.parser.TripletParser
false
app
parseTriplets
TripletParser.java
133
com.mgz.afp.parser.TripletParser
false
app
decodeAFP
StructuredFieldBaseTriplets.java
84
com.mgz.afp.base.StructuredFieldBaseTriplets
false
app
decodeAFP
IAFPDecodeableWriteable.java
64
com.mgz.afp.exceptions.IAFPDecodeableWriteable
false
app
parseNextSFFromBuffer
AFPParser.java
466
com.mgz.afp.parser.AFPParser
false
app
parseNextSF
AFPParser.java
382
com.mgz.afp.parser.AFPParser
false
app
convertToXml
Afp2Xml.java
469
com.mgz.cli.Afp2Xml
false
app
execute
Afp2Xml.java
376
com.mgz.cli.Afp2Xml
false
app
main
Afp2Xml.java
65
com.mgz.cli.Afp2Xml
false
Invalid triplet length: 0
Invalid triplet length: 0
10
Undefined
AADdjUYCmozykg==
app
parseTriplet
TripletParser.java
205
com.mgz.afp.parser.TripletParser
false
app
parseTriplets
TripletParser.java
133
com.mgz.afp.parser.TripletParser
false
app
decodeAFP
StructuredFieldBaseTriplets.java
84
com.mgz.afp.base.StructuredFieldBaseTriplets
false
app
decodeAFP
IAFPDecodeableWriteable.java
64
com.mgz.afp.exceptions.IAFPDecodeableWriteable
false
app
parseNextSFFromBuffer
AFPParser.java
466
com.mgz.afp.parser.AFPParser
false
app
parseNextSF
AFPParser.java
382
com.mgz.afp.parser.AFPParser
false
app
convertToXml
Afp2Xml.java
469
com.mgz.cli.Afp2Xml
false
app
execute
Afp2Xml.java
376
com.mgz.cli.Afp2Xml
false
app
main
Afp2Xml.java
65
com.mgz.cli.Afp2Xml
false
Invalid triplet length: 0
Invalid triplet length: 0
10
Undefined
AADdjUYCmozykg==
app
parseTriplet
TripletParser.java
205
com.mgz.afp.parser.TripletParser
false
app
parseTriplets
TripletParser.java
133
com.mgz.afp.parser.TripletParser
false
app
decodeAFP
StructuredFieldBaseTriplets.java
84
com.mgz.afp.base.StructuredFieldBaseTriplets
false
app
decodeAFP
IAFPDecodeableWriteable.java
64
com.mgz.afp.exceptions.IAFPDecodeableWriteable
false
app
parseNextSFFromBuffer
AFPParser.java
466
com.mgz.afp.parser.AFPParser
false
app
parseNextSF
AFPParser.java
382
com.mgz.afp.parser.AFPParser
false
app
convertToXml
Afp2Xml.java
469
com.mgz.cli.Afp2Xml
false
app
execute
Afp2Xml.java
376
com.mgz.cli.Afp2Xml
false
app
main
Afp2Xml.java
65
com.mgz.cli.Afp2Xml
false
Invalid triplet length: 0
Invalid triplet length: 0
10
Undefined
AADdjUYCmozykg==
app
parseTriplet
TripletParser.java
205
com.mgz.afp.parser.TripletParser
false
app
parseTriplets
TripletParser.java
133
com.mgz.afp.parser.TripletParser
false
app
decodeAFP
StructuredFieldBaseTriplets.java
84
com.mgz.afp.base.StructuredFieldBaseTriplets
false
app
decodeAFP
IAFPDecodeableWriteable.java
64
com.mgz.afp.exceptions.IAFPDecodeableWriteable
false
app
parseNextSFFromBuffer
AFPParser.java
466
com.mgz.afp.parser.AFPParser
false
app
parseNextSF
AFPParser.java
382
com.mgz.afp.parser.AFPParser
false
app
convertToXml
Afp2Xml.java
469
com.mgz.cli.Afp2Xml
false
app
execute
Afp2Xml.java
376
com.mgz.cli.Afp2Xml
false
app
main
Afp2Xml.java
65
com.mgz.cli.Afp2Xml
false
Invalid triplet length: 0
Invalid triplet length: 0
10
Undefined
AADdjUYCmozykg==
app
parseTriplet
TripletParser.java
205
com.mgz.afp.parser.TripletParser
false
app
parseTriplets
TripletParser.java
133
com.mgz.afp.parser.TripletParser
false
app
decodeAFP
StructuredFieldBaseTriplets.java
84
com.mgz.afp.base.StructuredFieldBaseTriplets
false
app
decodeAFP
IAFPDecodeableWriteable.java
64
com.mgz.afp.exceptions.IAFPDecodeableWriteable
false
app
parseNextSFFromBuffer
AFPParser.java
466
com.mgz.afp.parser.AFPParser
false
app
parseNextSF
AFPParser.java
382
com.mgz.afp.parser.AFPParser
false
app
convertToXml
Afp2Xml.java
469
com.mgz.cli.Afp2Xml
false
app
execute
Afp2Xml.java
376
com.mgz.cli.Afp2Xml
false
app
main
Afp2Xml.java
65
com.mgz.cli.Afp2Xml
false
Invalid triplet length: 0
Invalid triplet length: 0
10
Undefined
AADdjUYCmozykg==
app
parseTriplet
TripletParser.java
205
com.mgz.afp.parser.TripletParser
false
app
parseTriplets
TripletParser.java
133
com.mgz.afp.parser.TripletParser
false
app
decodeAFP
StructuredFieldBaseTriplets.java
84
com.mgz.afp.base.StructuredFieldBaseTriplets
false
app
decodeAFP
IAFPDecodeableWriteable.java
64
com.mgz.afp.exceptions.IAFPDecodeableWriteable
false
app
parseNextSFFromBuffer
AFPParser.java
466
com.mgz.afp.parser.AFPParser
false
app
parseNextSF
AFPParser.java
382
com.mgz.afp.parser.AFPParser
false
app
convertToXml
Afp2Xml.java
469
com.mgz.cli.Afp2Xml
false
app
execute
Afp2Xml.java
376
com.mgz.cli.Afp2Xml
false
app
main
Afp2Xml.java
65
com.mgz.cli.Afp2Xml
false
Invalid triplet length: 0
Invalid triplet length: 0
10
Undefined
AADdjUYCmozykg==
app
parseTriplet
TripletParser.java
205
com.mgz.afp.parser.TripletParser
false
app
parseTriplets
TripletParser.java
133
com.mgz.afp.parser.TripletParser
false
app
decodeAFP
StructuredFieldBaseTriplets.java
84
com.mgz.afp.base.StructuredFieldBaseTriplets
false
app
decodeAFP
IAFPDecodeableWriteable.java
64
com.mgz.afp.exceptions.IAFPDecodeableWriteable
false
app
parseNextSFFromBuffer
AFPParser.java
466
com.mgz.afp.parser.AFPParser
false
app
parseNextSF
AFPParser.java
382
com.mgz.afp.parser.AFPParser
false
app
convertToXml
Afp2Xml.java
469
com.mgz.cli.Afp2Xml
false
app
execute
Afp2Xml.java
376
com.mgz.cli.Afp2Xml
false
app
main
Afp2Xml.java
65
com.mgz.cli.Afp2Xml
false
Invalid triplet length: 0
Invalid triplet length: 0
10
Undefined
AADdjUYCmozykg==
app
parseTriplet
TripletParser.java
205
com.mgz.afp.parser.TripletParser
false
app
parseTriplets
TripletParser.java
133
com.mgz.afp.parser.TripletParser
false
app
decodeAFP
StructuredFieldBaseTriplets.java
84
com.mgz.afp.base.StructuredFieldBaseTriplets
false
app
decodeAFP
IAFPDecodeableWriteable.java
64
com.mgz.afp.exceptions.IAFPDecodeableWriteable
false
app
parseNextSFFromBuffer
AFPParser.java
466
com.mgz.afp.parser.AFPParser
false
app
parseNextSF
AFPParser.java
382
com.mgz.afp.parser.AFPParser
false
app
convertToXml
Afp2Xml.java
469
com.mgz.cli.Afp2Xml
false
app
execute
Afp2Xml.java
376
com.mgz.cli.Afp2Xml
false
app
main
Afp2Xml.java
65
com.mgz.cli.Afp2Xml
false
Invalid triplet length: 0
Invalid triplet length: 0
10
Undefined
AADdjUYCmozykg==
app
parseTriplet
TripletParser.java
205
com.mgz.afp.parser.TripletParser
false
app
parseTriplets
TripletParser.java
133
com.mgz.afp.parser.TripletParser
false
app
decodeAFP
StructuredFieldBaseTriplets.java
84
com.mgz.afp.base.StructuredFieldBaseTriplets
false
app
decodeAFP
IAFPDecodeableWriteable.java
64
com.mgz.afp.exceptions.IAFPDecodeableWriteable
false
app
parseNextSFFromBuffer
AFPParser.java
466
com.mgz.afp.parser.AFPParser
false
app
parseNextSF
AFPParser.java
382
com.mgz.afp.parser.AFPParser
false
app
convertToXml
Afp2Xml.java
469
com.mgz.cli.Afp2Xml
false
app
execute
Afp2Xml.java
376
com.mgz.cli.Afp2Xml
false
app
main
Afp2Xml.java
65
com.mgz.cli.Afp2Xml
false
Invalid triplet length: 0
Invalid triplet length: 0
10
Undefined
AADdjUYCmozykg==
app
parseTriplet
TripletParser.java
205
com.mgz.afp.parser.TripletParser
false
app
parseTriplets
TripletParser.java
133
com.mgz.afp.parser.TripletParser
false
app
decodeAFP
StructuredFieldBaseTriplets.java
84
com.mgz.afp.base.StructuredFieldBaseTriplets
false
app
decodeAFP
IAFPDecodeableWriteable.java
64
com.mgz.afp.exceptions.IAFPDecodeableWriteable
false
app
parseNextSFFromBuffer
AFPParser.java
466
com.mgz.afp.parser.AFPParser
false
app
parseNextSF
AFPParser.java
382
com.mgz.afp.parser.AFPParser
false
app
convertToXml
Afp2Xml.java
469
com.mgz.cli.Afp2Xml
false
app
execute
Afp2Xml.java
376
com.mgz.cli.Afp2Xml
false
app
main
Afp2Xml.java
65
com.mgz.cli.Afp2Xml
false
Invalid triplet length: 0
Invalid triplet length: 0
10
Undefined
AADdjUYCmozykg==
app
parseTriplet
TripletParser.java
205
com.mgz.afp.parser.TripletParser
false
app
parseTriplets
TripletParser.java
133
com.mgz.afp.parser.TripletParser
false
app
decodeAFP
StructuredFieldBaseTriplets.java
84
com.mgz.afp.base.StructuredFieldBaseTriplets
false
app
decodeAFP
IAFPDecodeableWriteable.java
64
com.mgz.afp.exceptions.IAFPDecodeableWriteable
false
app
parseNextSFFromBuffer
AFPParser.java
466
com.mgz.afp.parser.AFPParser
false
app
parseNextSF
AFPParser.java
382
com.mgz.afp.parser.AFPParser
false
app
convertToXml
Afp2Xml.java
469
com.mgz.cli.Afp2Xml
false
app
execute
Afp2Xml.java
376
com.mgz.cli.Afp2Xml
false
app
main
Afp2Xml.java
65
com.mgz.cli.Afp2Xml
false
Invalid triplet length: 0
Invalid triplet length: 0
10
Undefined
AADdjUYCmozykg==
app
parseTriplet
TripletParser.java
205
com.mgz.afp.parser.TripletParser
false
app
parseTriplets
TripletParser.java
133
com.mgz.afp.parser.TripletParser
false
app
decodeAFP
StructuredFieldBaseTriplets.java
84
com.mgz.afp.base.StructuredFieldBaseTriplets
false
app
decodeAFP
IAFPDecodeableWriteable.java
64
com.mgz.afp.exceptions.IAFPDecodeableWriteable
false
app
parseNextSFFromBuffer
AFPParser.java
466
com.mgz.afp.parser.AFPParser
false
app
parseNextSF
AFPParser.java
382
com.mgz.afp.parser.AFPParser
false
app
convertToXml
Afp2Xml.java
469
com.mgz.cli.Afp2Xml
false
app
execute
Afp2Xml.java
376
com.mgz.cli.Afp2Xml
false
app
main
Afp2Xml.java
65
com.mgz.cli.Afp2Xml
false
Invalid triplet length: 0
Invalid triplet length: 0
10
Undefined
AADdjUYCmozykg==
app
parseTriplet
TripletParser.java
205
com.mgz.afp.parser.TripletParser
false
app
parseTriplets
TripletParser.java
133
com.mgz.afp.parser.TripletParser
false
app
decodeAFP
StructuredFieldBaseTriplets.java
84
com.mgz.afp.base.StructuredFieldBaseTriplets
false
app
decodeAFP
IAFPDecodeableWriteable.java
64
com.mgz.afp.exceptions.IAFPDecodeableWriteable
false
app
parseNextSFFromBuffer
AFPParser.java
466
com.mgz.afp.parser.AFPParser
false
app
parseNextSF
AFPParser.java
382
com.mgz.afp.parser.AFPParser
false
app
convertToXml
Afp2Xml.java
469
com.mgz.cli.Afp2Xml
false
app
execute
Afp2Xml.java
376
com.mgz.cli.Afp2Xml
false
app
main
Afp2Xml.java
65
com.mgz.cli.Afp2Xml
false
Invalid triplet length: 0
Invalid triplet length: 0
10
Undefined
AADdjUYCmozykg==
app
parseTriplet
TripletParser.java
205
com.mgz.afp.parser.TripletParser
false
app
parseTriplets
TripletParser.java
133
com.mgz.afp.parser.TripletParser
false
app
decodeAFP
StructuredFieldBaseTriplets.java
84
com.mgz.afp.base.StructuredFieldBaseTriplets
false
app
decodeAFP
IAFPDecodeableWriteable.java
64
com.mgz.afp.exceptions.IAFPDecodeableWriteable
false
app
parseNextSFFromBuffer
AFPParser.java
466
com.mgz.afp.parser.AFPParser
false
app
parseNextSF
AFPParser.java
382
com.mgz.afp.parser.AFPParser
false
app
convertToXml
Afp2Xml.java
469
com.mgz.cli.Afp2Xml
false
app
execute
Afp2Xml.java
376
com.mgz.cli.Afp2Xml
false
app
main
Afp2Xml.java
65
com.mgz.cli.Afp2Xml
false
Invalid triplet length: 0
Invalid triplet length: 0
10
Undefined
AADdjUYCmozykg==
app
parseTriplet
TripletParser.java
205
com.mgz.afp.parser.TripletParser
false
app
parseTriplets
TripletParser.java
133
com.mgz.afp.parser.TripletParser
false
app
decodeAFP
StructuredFieldBaseTriplets.java
84
com.mgz.afp.base.StructuredFieldBaseTriplets
false
app
decodeAFP
IAFPDecodeableWriteable.java
64
com.mgz.afp.exceptions.IAFPDecodeableWriteable
false
app
parseNextSFFromBuffer
AFPParser.java
466
com.mgz.afp.parser.AFPParser
false
app
parseNextSF
AFPParser.java
382
com.mgz.afp.parser.AFPParser
false
app
convertToXml
Afp2Xml.java
469
com.mgz.cli.Afp2Xml
false
app
execute
Afp2Xml.java
376
com.mgz.cli.Afp2Xml
false
app
main
Afp2Xml.java
65
com.mgz.cli.Afp2Xml
false
Invalid triplet length: 0
Invalid triplet length: 0
10
Undefined
AADdjUYCmozykg==
app
parseTriplet
TripletParser.java
205
com.mgz.afp.parser.TripletParser
false
app
parseTriplets
TripletParser.java
133
com.mgz.afp.parser.TripletParser
false
app
decodeAFP
StructuredFieldBaseTriplets.java
84
com.mgz.afp.base.StructuredFieldBaseTriplets
false
app
decodeAFP
IAFPDecodeableWriteable.java
64
com.mgz.afp.exceptions.IAFPDecodeableWriteable
false
app
parseNextSFFromBuffer
AFPParser.java
466
com.mgz.afp.parser.AFPParser
false
app
parseNextSF
AFPParser.java
382
com.mgz.afp.parser.AFPParser
false
app
convertToXml
Afp2Xml.java
469
com.mgz.cli.Afp2Xml
false
app
execute
Afp2Xml.java
376
com.mgz.cli.Afp2Xml
false
app
main
Afp2Xml.java
65
com.mgz.cli.Afp2Xml
false
Invalid triplet length: 0
Invalid triplet length: 0
10
Undefined
AADdjUYCmozykg==
app
parseTriplet
TripletParser.java
205
com.mgz.afp.parser.TripletParser
false
app
parseTriplets
TripletParser.java
133
com.mgz.afp.parser.TripletParser
false
app
decodeAFP
StructuredFieldBaseTriplets.java
84
com.mgz.afp.base.StructuredFieldBaseTriplets
false
app
decodeAFP
IAFPDecodeableWriteable.java
64
com.mgz.afp.exceptions.IAFPDecodeableWriteable
false
app
parseNextSFFromBuffer
AFPParser.java
466
com.mgz.afp.parser.AFPParser
false
app
parseNextSF
AFPParser.java
382
com.mgz.afp.parser.AFPParser
false
app
convertToXml
Afp2Xml.java
469
com.mgz.cli.Afp2Xml
false
app
execute
Afp2Xml.java
376
com.mgz.cli.Afp2Xml
false
app
main
Afp2Xml.java
65
com.mgz.cli.Afp2Xml
false
Invalid triplet length: 0
Invalid triplet length: 0
10
Undefined
AADdjUYCmozykg==
app
parseTriplet
TripletParser.java
205
com.mgz.afp.parser.TripletParser
false
app
parseTriplets
TripletParser.java
133
com.mgz.afp.parser.TripletParser
false
app
decodeAFP
StructuredFieldBaseTriplets.java
84
com.mgz.afp.base.StructuredFieldBaseTriplets
false
app
decodeAFP
IAFPDecodeableWriteable.java
64
com.mgz.afp.exceptions.IAFPDecodeableWriteable
false
app
parseNextSFFromBuffer
AFPParser.java
466
com.mgz.afp.parser.AFPParser
false
app
parseNextSF
AFPParser.java
382
com.mgz.afp.parser.AFPParser
false
app
convertToXml
Afp2Xml.java
469
com.mgz.cli.Afp2Xml
false
app
execute
Afp2Xml.java
376
com.mgz.cli.Afp2Xml
false
app
main
Afp2Xml.java
65
com.mgz.cli.Afp2Xml
false
Invalid triplet length: 0
Invalid triplet length: 0
10
Undefined
AADdjUYCmozykg==
app
parseTriplet
TripletParser.java
205
com.mgz.afp.parser.TripletParser
false
app
parseTriplets
TripletParser.java
133
com.mgz.afp.parser.TripletParser
false
app
decodeAFP
StructuredFieldBaseTriplets.java
84
com.mgz.afp.base.StructuredFieldBaseTriplets
false
app
decodeAFP
IAFPDecodeableWriteable.java
64
com.mgz.afp.exceptions.IAFPDecodeableWriteable
false
app
parseNextSFFromBuffer
AFPParser.java
466
com.mgz.afp.parser.AFPParser
false
app
parseNextSF
AFPParser.java
382
com.mgz.afp.parser.AFPParser
false
app
convertToXml
Afp2Xml.java
469
com.mgz.cli.Afp2Xml
false
app
execute
Afp2Xml.java
376
com.mgz.cli.Afp2Xml
false
app
main
Afp2Xml.java
65
com.mgz.cli.Afp2Xml
false
Invalid triplet length: 0
Invalid triplet length: 0
10
Undefined
AADdjUYCmozykg==
app
parseTriplet
TripletParser.java
205
com.mgz.afp.parser.TripletParser
false
app
parseTriplets
TripletParser.java
133
com.mgz.afp.parser.TripletParser
false
app
decodeAFP
StructuredFieldBaseTriplets.java
84
com.mgz.afp.base.StructuredFieldBaseTriplets
false
app
decodeAFP
IAFPDecodeableWriteable.java
64
com.mgz.afp.exceptions.IAFPDecodeableWriteable
false
app
parseNextSFFromBuffer
AFPParser.java
466
com.mgz.afp.parser.AFPParser
false
app
parseNextSF
AFPParser.java
382
com.mgz.afp.parser.AFPParser
false
app
convertToXml
Afp2Xml.java
469
com.mgz.cli.Afp2Xml
false
app
execute
Afp2Xml.java
376
com.mgz.cli.Afp2Xml
false
app
main
Afp2Xml.java
65
com.mgz.cli.Afp2Xml
false
Invalid triplet length: 0
Invalid triplet length: 0
10
Undefined
AADdjUYCmozykg==
app
parseTriplet
TripletParser.java
205
com.mgz.afp.parser.TripletParser
false
app
parseTriplets
TripletParser.java
133
com.mgz.afp.parser.TripletParser
false
app
decodeAFP
StructuredFieldBaseTriplets.java
84
com.mgz.afp.base.StructuredFieldBaseTriplets
false
app
decodeAFP
IAFPDecodeableWriteable.java
64
com.mgz.afp.exceptions.IAFPDecodeableWriteable
false
app
parseNextSFFromBuffer
AFPParser.java
466
com.mgz.afp.parser.AFPParser
false
app
parseNextSF
AFPParser.java
382
com.mgz.afp.parser.AFPParser
false
app
convertToXml
Afp2Xml.java
469
com.mgz.cli.Afp2Xml
false
app
execute
Afp2Xml.java
376
com.mgz.cli.Afp2Xml
false
app
main
Afp2Xml.java
65
com.mgz.cli.Afp2Xml
false
Invalid triplet length: 0
Invalid triplet length: 0
10
Undefined
AADdjUYCmozykg==
app
parseTriplet
TripletParser.java
205
com.mgz.afp.parser.TripletParser
false
app
parseTriplets
TripletParser.java
133
com.mgz.afp.parser.TripletParser
false
app
decodeAFP
StructuredFieldBaseTriplets.java
84
com.mgz.afp.base.StructuredFieldBaseTriplets
false
app
decodeAFP
IAFPDecodeableWriteable.java
64
com.mgz.afp.exceptions.IAFPDecodeableWriteable
false
app
parseNextSFFromBuffer
AFPParser.java
466
com.mgz.afp.parser.AFPParser
false
app
parseNextSF
AFPParser.java
382
com.mgz.afp.parser.AFPParser
false
app
convertToXml
Afp2Xml.java
469
com.mgz.cli.Afp2Xml
false
app
execute
Afp2Xml.java
376
com.mgz.cli.Afp2Xml
false
app
main
Afp2Xml.java
65
com.mgz.cli.Afp2Xml
false
Invalid triplet length: 0
Invalid triplet length: 0
10
Undefined
AADdjUYCmozykg==
app
parseTriplet
TripletParser.java
205
com.mgz.afp.parser.TripletParser
false
app
parseTriplets
TripletParser.java
133
com.mgz.afp.parser.TripletParser
false
app
decodeAFP
StructuredFieldBaseTriplets.java
84
com.mgz.afp.base.StructuredFieldBaseTriplets
false
app
decodeAFP
IAFPDecodeableWriteable.java
64
com.mgz.afp.exceptions.IAFPDecodeableWriteable
false
app
parseNextSFFromBuffer
AFPParser.java
466
com.mgz.afp.parser.AFPParser
false
app
parseNextSF
AFPParser.java
382
com.mgz.afp.parser.AFPParser
false
app
convertToXml
Afp2Xml.java
469
com.mgz.cli.Afp2Xml
false
app
execute
Afp2Xml.java
376
com.mgz.cli.Afp2Xml
false
app
main
Afp2Xml.java
65
com.mgz.cli.Afp2Xml
false
Invalid triplet length: 0
Invalid triplet length: 0
10
Undefined
AADdjUYCmozykg==
app
parseTriplet
TripletParser.java
205
com.mgz.afp.parser.TripletParser
false
app
parseTriplets
TripletParser.java
133
com.mgz.afp.parser.TripletParser
false
app
decodeAFP
StructuredFieldBaseTriplets.java
84
com.mgz.afp.base.StructuredFieldBaseTriplets
false
app
decodeAFP
IAFPDecodeableWriteable.java
64
com.mgz.afp.exceptions.IAFPDecodeableWriteable
false
app
parseNextSFFromBuffer
AFPParser.java
466
com.mgz.afp.parser.AFPParser
false
app
parseNextSF
AFPParser.java
382
com.mgz.afp.parser.AFPParser
false
app
convertToXml
Afp2Xml.java
469
com.mgz.cli.Afp2Xml
false
app
execute
Afp2Xml.java
376
com.mgz.cli.Afp2Xml
false
app
main
Afp2Xml.java
65
com.mgz.cli.Afp2Xml
false
Invalid triplet length: 0
Invalid triplet length: 0
10
Undefined
AADdjUYCmozykg==
app
parseTriplet
TripletParser.java
205
com.mgz.afp.parser.TripletParser
false
app
parseTriplets
TripletParser.java
133
com.mgz.afp.parser.TripletParser
false
app
decodeAFP
StructuredFieldBaseTriplets.java
84
com.mgz.afp.base.StructuredFieldBaseTriplets
false
app
decodeAFP
IAFPDecodeableWriteable.java
64
com.mgz.afp.exceptions.IAFPDecodeableWriteable
false
app
parseNextSFFromBuffer
AFPParser.java
466
com.mgz.afp.parser.AFPParser
false
app
parseNextSF
AFPParser.java
382
com.mgz.afp.parser.AFPParser
false
app
convertToXml
Afp2Xml.java
469
com.mgz.cli.Afp2Xml
false
app
execute
Afp2Xml.java
376
com.mgz.cli.Afp2Xml
false
app
main
Afp2Xml.java
65
com.mgz.cli.Afp2Xml
false
Invalid triplet length: 0
Invalid triplet length: 0
10
Undefined
AADdjUYCmozykg==
app
parseTriplet
TripletParser.java
205
com.mgz.afp.parser.TripletParser
false
app
parseTriplets
TripletParser.java
133
com.mgz.afp.parser.TripletParser
false
app
decodeAFP
StructuredFieldBaseTriplets.java
84
com.mgz.afp.base.StructuredFieldBaseTriplets
false
app
decodeAFP
IAFPDecodeableWriteable.java
64
com.mgz.afp.exceptions.IAFPDecodeableWriteable
false
app
parseNextSFFromBuffer
AFPParser.java
466
com.mgz.afp.parser.AFPParser
false
app
parseNextSF
AFPParser.java
382
com.mgz.afp.parser.AFPParser
false
app
convertToXml
Afp2Xml.java
469
com.mgz.cli.Afp2Xml
false
app
execute
Afp2Xml.java
376
com.mgz.cli.Afp2Xml
false
app
main
Afp2Xml.java
65
com.mgz.cli.Afp2Xml
false
Invalid triplet length: 0
Invalid triplet length: 0
10
Undefined
AADdjUYCmozykg==
app
parseTriplet
TripletParser.java
205
com.mgz.afp.parser.TripletParser
false
app
parseTriplets
TripletParser.java
133
com.mgz.afp.parser.TripletParser
false
app
decodeAFP
StructuredFieldBaseTriplets.java
84
com.mgz.afp.base.StructuredFieldBaseTriplets
false
app
decodeAFP
IAFPDecodeableWriteable.java
64
com.mgz.afp.exceptions.IAFPDecodeableWriteable
false
app
parseNextSFFromBuffer
AFPParser.java
466
com.mgz.afp.parser.AFPParser
false
app
parseNextSF
AFPParser.java
382
com.mgz.afp.parser.AFPParser
false
app
convertToXml
Afp2Xml.java
469
com.mgz.cli.Afp2Xml
false
app
execute
Afp2Xml.java
376
com.mgz.cli.Afp2Xml
false
app
main
Afp2Xml.java
65
com.mgz.cli.Afp2Xml
false
Invalid triplet length: 0
Invalid triplet length: 0
10
Undefined
AADdjUYCmozykg==
app
parseTriplet
TripletParser.java
205
com.mgz.afp.parser.TripletParser
false
app
parseTriplets
TripletParser.java
133
com.mgz.afp.parser.TripletParser
false
app
decodeAFP
StructuredFieldBaseTriplets.java
84
com.mgz.afp.base.StructuredFieldBaseTriplets
false
app
decodeAFP
IAFPDecodeableWriteable.java
64
com.mgz.afp.exceptions.IAFPDecodeableWriteable
false
app
parseNextSFFromBuffer
AFPParser.java
466
com.mgz.afp.parser.AFPParser
false
app
parseNextSF
AFPParser.java
382
com.mgz.afp.parser.AFPParser
false
app
convertToXml
Afp2Xml.java
469
com.mgz.cli.Afp2Xml
false
app
execute
Afp2Xml.java
376
com.mgz.cli.Afp2Xml
false
app
main
Afp2Xml.java
65
com.mgz.cli.Afp2Xml
false
Invalid triplet length: 0
Invalid triplet length: 0
10
Undefined
AADdjUYCmozykg==
app
parseTriplet
TripletParser.java
205
com.mgz.afp.parser.TripletParser
false
app
parseTriplets
TripletParser.java
133
com.mgz.afp.parser.TripletParser
false
app
decodeAFP
StructuredFieldBaseTriplets.java
84
com.mgz.afp.base.StructuredFieldBaseTriplets
false
app
decodeAFP
IAFPDecodeableWriteable.java
64
com.mgz.afp.exceptions.IAFPDecodeableWriteable
false
app
parseNextSFFromBuffer
AFPParser.java
466
com.mgz.afp.parser.AFPParser
false
app
parseNextSF
AFPParser.java
382
com.mgz.afp.parser.AFPParser
false
app
convertToXml
Afp2Xml.java
469
com.mgz.cli.Afp2Xml
false
app
execute
Afp2Xml.java
376
com.mgz.cli.Afp2Xml
false
app
main
Afp2Xml.java
65
com.mgz.cli.Afp2Xml
false
Invalid triplet length: 0
Invalid triplet length: 0
10
Undefined
AADdjUYCmozykg==
app
parseTriplet
TripletParser.java
205
com.mgz.afp.parser.TripletParser
false
app
parseTriplets
TripletParser.java
133
com.mgz.afp.parser.TripletParser
false
app
decodeAFP
StructuredFieldBaseTriplets.java
84
com.mgz.afp.base.StructuredFieldBaseTriplets
false
app
decodeAFP
IAFPDecodeableWriteable.java
64
com.mgz.afp.exceptions.IAFPDecodeableWriteable
false
app
parseNextSFFromBuffer
AFPParser.java
466
com.mgz.afp.parser.AFPParser
false
app
parseNextSF
AFPParser.java
382
com.mgz.afp.parser.AFPParser
false
app
convertToXml
Afp2Xml.java
469
com.mgz.cli.Afp2Xml
false
app
execute
Afp2Xml.java
376
com.mgz.cli.Afp2Xml
false
app
main
Afp2Xml.java
65
com.mgz.cli.Afp2Xml
false
Invalid triplet length: 0
Invalid triplet length: 0
10
Undefined
AADdjUYCmozykg==
app
parseTriplet
TripletParser.java
205
com.mgz.afp.parser.TripletParser
false
app
parseTriplets
TripletParser.java
133
com.mgz.afp.parser.TripletParser
false
app
decodeAFP
StructuredFieldBaseTriplets.java
84
com.mgz.afp.base.StructuredFieldBaseTriplets
false
app
decodeAFP
IAFPDecodeableWriteable.java
64
com.mgz.afp.exceptions.IAFPDecodeableWriteable
false
app
parseNextSFFromBuffer
AFPParser.java
466
com.mgz.afp.parser.AFPParser
false
app
parseNextSF
AFPParser.java
382
com.mgz.afp.parser.AFPParser
false
app
convertToXml
Afp2Xml.java
469
com.mgz.cli.Afp2Xml
false
app
execute
Afp2Xml.java
376
com.mgz.cli.Afp2Xml
false
app
main
Afp2Xml.java
65
com.mgz.cli.Afp2Xml
false
Invalid triplet length: 0
Invalid triplet length: 0
10
Undefined
AADdjUYCmozykg==
app
parseTriplet
TripletParser.java
205
com.mgz.afp.parser.TripletParser
false
app
parseTriplets
TripletParser.java
133
com.mgz.afp.parser.TripletParser
false
app
decodeAFP
StructuredFieldBaseTriplets.java
84
com.mgz.afp.base.StructuredFieldBaseTriplets
false
app
decodeAFP
IAFPDecodeableWriteable.java
64
com.mgz.afp.exceptions.IAFPDecodeableWriteable
false
app
parseNextSFFromBuffer
AFPParser.java
466
com.mgz.afp.parser.AFPParser
false
app
parseNextSF
AFPParser.java
382
com.mgz.afp.parser.AFPParser
false
app
convertToXml
Afp2Xml.java
469
com.mgz.cli.Afp2Xml
false
app
execute
Afp2Xml.java
376
com.mgz.cli.Afp2Xml
false
app
main
Afp2Xml.java
65
com.mgz.cli.Afp2Xml
false
Invalid triplet length: 0
Invalid triplet length: 0
10
Undefined
AADdjUYCmozykg==
app
parseTriplet
TripletParser.java
205
com.mgz.afp.parser.TripletParser
false
app
parseTriplets
TripletParser.java
133
com.mgz.afp.parser.TripletParser
false
app
decodeAFP
StructuredFieldBaseTriplets.java
84
com.mgz.afp.base.StructuredFieldBaseTriplets
false
app
decodeAFP
IAFPDecodeableWriteable.java
64
com.mgz.afp.exceptions.IAFPDecodeableWriteable
false
app
parseNextSFFromBuffer
AFPParser.java
466
com.mgz.afp.parser.AFPParser
false
app
parseNextSF
AFPParser.java
382
com.mgz.afp.parser.AFPParser
false
app
convertToXml
Afp2Xml.java
469
com.mgz.cli.Afp2Xml
false
app
execute
Afp2Xml.java
376
com.mgz.cli.Afp2Xml
false
app
main
Afp2Xml.java
65
com.mgz.cli.Afp2Xml
false
Invalid triplet length: 0
Invalid triplet length: 0
10
Undefined
AADdjUYCmozykg==
app
parseTriplet
TripletParser.java
205
com.mgz.afp.parser.TripletParser
false
app
parseTriplets
TripletParser.java
133
com.mgz.afp.parser.TripletParser
false
app
decodeAFP
StructuredFieldBaseTriplets.java
84
com.mgz.afp.base.StructuredFieldBaseTriplets
false
app
decodeAFP
IAFPDecodeableWriteable.java
64
com.mgz.afp.exceptions.IAFPDecodeableWriteable
false
app
parseNextSFFromBuffer
AFPParser.java
466
com.mgz.afp.parser.AFPParser
false
app
parseNextSF
AFPParser.java
382
com.mgz.afp.parser.AFPParser
false
app
convertToXml
Afp2Xml.java
469
com.mgz.cli.Afp2Xml
false
app
execute
Afp2Xml.java
376
com.mgz.cli.Afp2Xml
false
app
main
Afp2Xml.java
65
com.mgz.cli.Afp2Xml
false
Invalid triplet length: 0
Invalid triplet length: 0
10
Undefined
AADdjUYCmozykg==
app
parseTriplet
TripletParser.java
205
com.mgz.afp.parser.TripletParser
false
app
parseTriplets
TripletParser.java
133
com.mgz.afp.parser.TripletParser
false
app
decodeAFP
StructuredFieldBaseTriplets.java
84
com.mgz.afp.base.StructuredFieldBaseTriplets
false
app
decodeAFP
IAFPDecodeableWriteable.java
64
com.mgz.afp.exceptions.IAFPDecodeableWriteable
false
app
parseNextSFFromBuffer
AFPParser.java
466
com.mgz.afp.parser.AFPParser
false
app
parseNextSF
AFPParser.java
382
com.mgz.afp.parser.AFPParser
false
app
convertToXml
Afp2Xml.java
469
com.mgz.cli.Afp2Xml
false
app
execute
Afp2Xml.java
376
com.mgz.cli.Afp2Xml
false
app
main
Afp2Xml.java
65
com.mgz.cli.Afp2Xml
false
Invalid triplet length: 0
Invalid triplet length: 0
10
Undefined
AADdjUYCmozykg==
app
parseTriplet
TripletParser.java
205
com.mgz.afp.parser.TripletParser
false
app
parseTriplets
TripletParser.java
133
com.mgz.afp.parser.TripletParser
false
app
decodeAFP
StructuredFieldBaseTriplets.java
84
com.mgz.afp.base.StructuredFieldBaseTriplets
false
app
decodeAFP
IAFPDecodeableWriteable.java
64
com.mgz.afp.exceptions.IAFPDecodeableWriteable
false
app
parseNextSFFromBuffer
AFPParser.java
466
com.mgz.afp.parser.AFPParser
false
app
parseNextSF
AFPParser.java
382
com.mgz.afp.parser.AFPParser
false
app
convertToXml
Afp2Xml.java
469
com.mgz.cli.Afp2Xml
false
app
execute
Afp2Xml.java
376
com.mgz.cli.Afp2Xml
false
app
main
Afp2Xml.java
65
com.mgz.cli.Afp2Xml
false
Invalid triplet length: 0
Invalid triplet length: 0
10
Undefined
AADdjUYCmozykg==
app
parseTriplet
TripletParser.java
205
com.mgz.afp.parser.TripletParser
false
app
parseTriplets
TripletParser.java
133
com.mgz.afp.parser.TripletParser
false
app
decodeAFP
StructuredFieldBaseTriplets.java
84
com.mgz.afp.base.StructuredFieldBaseTriplets
false
app
decodeAFP
IAFPDecodeableWriteable.java
64
com.mgz.afp.exceptions.IAFPDecodeableWriteable
false
app
parseNextSFFromBuffer
AFPParser.java
466
com.mgz.afp.parser.AFPParser
false
app
parseNextSF
AFPParser.java
382
com.mgz.afp.parser.AFPParser
false
app
convertToXml
Afp2Xml.java
469
com.mgz.cli.Afp2Xml
false
app
execute
Afp2Xml.java
376
com.mgz.cli.Afp2Xml
false
app
main
Afp2Xml.java
65
com.mgz.cli.Afp2Xml
false
Invalid triplet length: 0
Invalid triplet length: 0
10
Undefined
AADdjUYCmozykg==
app
parseTriplet
TripletParser.java
205
com.mgz.afp.parser.TripletParser
false
app
parseTriplets
TripletParser.java
133
com.mgz.afp.parser.TripletParser
false
app
decodeAFP
StructuredFieldBaseTriplets.java
84
com.mgz.afp.base.StructuredFieldBaseTriplets
false
app
decodeAFP
IAFPDecodeableWriteable.java
64
com.mgz.afp.exceptions.IAFPDecodeableWriteable
false
app
parseNextSFFromBuffer
AFPParser.java
466
com.mgz.afp.parser.AFPParser
false
app
parseNextSF
AFPParser.java
382
com.mgz.afp.parser.AFPParser
false
app
convertToXml
Afp2Xml.java
469
com.mgz.cli.Afp2Xml
false
app
execute
Afp2Xml.java
376
com.mgz.cli.Afp2Xml
false
app
main
Afp2Xml.java
65
com.mgz.cli.Afp2Xml
false
Invalid triplet length: 0
Invalid triplet length: 0
10
Undefined
AADdjUYCmozykg==
app
parseTriplet
TripletParser.java
205
com.mgz.afp.parser.TripletParser
false
app
parseTriplets
TripletParser.java
133
com.mgz.afp.parser.TripletParser
false
app
decodeAFP
StructuredFieldBaseTriplets.java
84
com.mgz.afp.base.StructuredFieldBaseTriplets
false
app
decodeAFP
IAFPDecodeableWriteable.java
64
com.mgz.afp.exceptions.IAFPDecodeableWriteable
false
app
parseNextSFFromBuffer
AFPParser.java
466
com.mgz.afp.parser.AFPParser
false
app
parseNextSF
AFPParser.java
382
com.mgz.afp.parser.AFPParser
false
app
convertToXml
Afp2Xml.java
469
com.mgz.cli.Afp2Xml
false
app
execute
Afp2Xml.java
376
com.mgz.cli.Afp2Xml
false
app
main
Afp2Xml.java
65
com.mgz.cli.Afp2Xml
false
Invalid triplet length: 0
Invalid triplet length: 0
10
Undefined
AADdjUYCmozykg==
app
parseTriplet
TripletParser.java
205
com.mgz.afp.parser.TripletParser
false
app
parseTriplets
TripletParser.java
133
com.mgz.afp.parser.TripletParser
false
app
decodeAFP
StructuredFieldBaseTriplets.java
84
com.mgz.afp.base.StructuredFieldBaseTriplets
false
app
decodeAFP
IAFPDecodeableWriteable.java
64
com.mgz.afp.exceptions.IAFPDecodeableWriteable
false
app
parseNextSFFromBuffer
AFPParser.java
466
com.mgz.afp.parser.AFPParser
false
app
parseNextSF
AFPParser.java
382
com.mgz.afp.parser.AFPParser
false
app
convertToXml
Afp2Xml.java
469
com.mgz.cli.Afp2Xml
false
app
execute
Afp2Xml.java
376
com.mgz.cli.Afp2Xml
false
app
main
Afp2Xml.java
65
com.mgz.cli.Afp2Xml
false
Invalid triplet length: 0
Invalid triplet length: 0
10
Undefined
AADdjUYCmozykg==
app
parseTriplet
TripletParser.java
205
com.mgz.afp.parser.TripletParser
false
app
parseTriplets
TripletParser.java
133
com.mgz.afp.parser.TripletParser
false
app
decodeAFP
StructuredFieldBaseTriplets.java
84
com.mgz.afp.base.StructuredFieldBaseTriplets
false
app
decodeAFP
IAFPDecodeableWriteable.java
64
com.mgz.afp.exceptions.IAFPDecodeableWriteable
false
app
parseNextSFFromBuffer
AFPParser.java
466
com.mgz.afp.parser.AFPParser
false
app
parseNextSF
AFPParser.java
382
com.mgz.afp.parser.AFPParser
false
app
convertToXml
Afp2Xml.java
469
com.mgz.cli.Afp2Xml
false
app
execute
Afp2Xml.java
376
com.mgz.cli.Afp2Xml
false
app
main
Afp2Xml.java
65
com.mgz.cli.Afp2Xml
false
Invalid triplet length: 0
Invalid triplet length: 0
10
Undefined
AADdjUYCmozykg==
app
parseTriplet
TripletParser.java
205
com.mgz.afp.parser.TripletParser
false
app
parseTriplets
TripletParser.java
133
com.mgz.afp.parser.TripletParser
false
app
decodeAFP
StructuredFieldBaseTriplets.java
84
com.mgz.afp.base.StructuredFieldBaseTriplets
false
app
decodeAFP
IAFPDecodeableWriteable.java
64
com.mgz.afp.exceptions.IAFPDecodeableWriteable
false
app
parseNextSFFromBuffer
AFPParser.java
466
com.mgz.afp.parser.AFPParser
false
app
parseNextSF
AFPParser.java
382
com.mgz.afp.parser.AFPParser
false
app
convertToXml
Afp2Xml.java
469
com.mgz.cli.Afp2Xml
false
app
execute
Afp2Xml.java
376
com.mgz.cli.Afp2Xml
false
app
main
Afp2Xml.java
65
com.mgz.cli.Afp2Xml
false
Invalid triplet length: 0
Invalid triplet length: 0
10
Undefined
AADdjUYCmozykg==
app
parseTriplet
TripletParser.java
205
com.mgz.afp.parser.TripletParser
false
app
parseTriplets
TripletParser.java
133
com.mgz.afp.parser.TripletParser
false
app
decodeAFP
StructuredFieldBaseTriplets.java
84
com.mgz.afp.base.StructuredFieldBaseTriplets
false
app
decodeAFP
IAFPDecodeableWriteable.java
64
com.mgz.afp.exceptions.IAFPDecodeableWriteable
false
app
parseNextSFFromBuffer
AFPParser.java
466
com.mgz.afp.parser.AFPParser
false
app
parseNextSF
AFPParser.java
382
com.mgz.afp.parser.AFPParser
false
app
convertToXml
Afp2Xml.java
469
com.mgz.cli.Afp2Xml
false
app
execute
Afp2Xml.java
376
com.mgz.cli.Afp2Xml
false
app
main
Afp2Xml.java
65
com.mgz.cli.Afp2Xml
false
Invalid triplet length: 0
Invalid triplet length: 0
10
Undefined
AADdjUYCmozykg==
app
parseTriplet
TripletParser.java
205
com.mgz.afp.parser.TripletParser
false
app
parseTriplets
TripletParser.java
133
com.mgz.afp.parser.TripletParser
false
app
decodeAFP
StructuredFieldBaseTriplets.java
84
com.mgz.afp.base.StructuredFieldBaseTriplets
false
app
decodeAFP
IAFPDecodeableWriteable.java
64
com.mgz.afp.exceptions.IAFPDecodeableWriteable
false
app
parseNextSFFromBuffer
AFPParser.java
466
com.mgz.afp.parser.AFPParser
false
app
parseNextSF
AFPParser.java
382
com.mgz.afp.parser.AFPParser
false
app
convertToXml
Afp2Xml.java
469
com.mgz.cli.Afp2Xml
false
app
execute
Afp2Xml.java
376
com.mgz.cli.Afp2Xml
false
app
main
Afp2Xml.java
65
com.mgz.cli.Afp2Xml
false
Invalid triplet length: 0
Invalid triplet length: 0
10
Undefined
AADdjUYCmozykg==
app
parseTriplet
TripletParser.java
205
com.mgz.afp.parser.TripletParser
false
app
parseTriplets
TripletParser.java
133
com.mgz.afp.parser.TripletParser
false
app
decodeAFP
StructuredFieldBaseTriplets.java
84
com.mgz.afp.base.StructuredFieldBaseTriplets
false
app
decodeAFP
IAFPDecodeableWriteable.java
64
com.mgz.afp.exceptions.IAFPDecodeableWriteable
false
app
parseNextSFFromBuffer
AFPParser.java
466
com.mgz.afp.parser.AFPParser
false
app
parseNextSF
AFPParser.java
382
com.mgz.afp.parser.AFPParser
false
app
convertToXml
Afp2Xml.java
469
com.mgz.cli.Afp2Xml
false
app
execute
Afp2Xml.java
376
com.mgz.cli.Afp2Xml
false
app
main
Afp2Xml.java
65
com.mgz.cli.Afp2Xml
false
Invalid triplet length: 0
Invalid triplet length: 0
10
Undefined
AADdjUYCmozykg==
app
parseTriplet
TripletParser.java
205
com.mgz.afp.parser.TripletParser
false
app
parseTriplets
TripletParser.java
133
com.mgz.afp.parser.TripletParser
false
app
decodeAFP
StructuredFieldBaseTriplets.java
84
com.mgz.afp.base.StructuredFieldBaseTriplets
false
app
decodeAFP
IAFPDecodeableWriteable.java
64
com.mgz.afp.exceptions.IAFPDecodeableWriteable
false
app
parseNextSFFromBuffer
AFPParser.java
466
com.mgz.afp.parser.AFPParser
false
app
parseNextSF
AFPParser.java
382
com.mgz.afp.parser.AFPParser
false
app
convertToXml
Afp2Xml.java
469
com.mgz.cli.Afp2Xml
false
app
execute
Afp2Xml.java
376
com.mgz.cli.Afp2Xml
false
app
main
Afp2Xml.java
65
com.mgz.cli.Afp2Xml
false
Invalid triplet length: 0
Invalid triplet length: 0
10
Undefined
AADdjUYCmozykg==
app
parseTriplet
TripletParser.java
205
com.mgz.afp.parser.TripletParser
false
app
parseTriplets
TripletParser.java
133
com.mgz.afp.parser.TripletParser
false
app
decodeAFP
StructuredFieldBaseTriplets.java
84
com.mgz.afp.base.StructuredFieldBaseTriplets
false
app
decodeAFP
IAFPDecodeableWriteable.java
64
com.mgz.afp.exceptions.IAFPDecodeableWriteable
false
app
parseNextSFFromBuffer
AFPParser.java
466
com.mgz.afp.parser.AFPParser
false
app
parseNextSF
AFPParser.java
382
com.mgz.afp.parser.AFPParser
false
app
convertToXml
Afp2Xml.java
469
com.mgz.cli.Afp2Xml
false
app
execute
Afp2Xml.java
376
com.mgz.cli.Afp2Xml
false
app
main
Afp2Xml.java
65
com.mgz.cli.Afp2Xml
false
Invalid triplet length: 0
Invalid triplet length: 0
10
Undefined
AADdjUYCmozykg==
app
parseTriplet
TripletParser.java
205
com.mgz.afp.parser.TripletParser
false
app
parseTriplets
TripletParser.java
133
com.mgz.afp.parser.TripletParser
false
app
decodeAFP
StructuredFieldBaseTriplets.java
84
com.mgz.afp.base.StructuredFieldBaseTriplets
false
app
decodeAFP
IAFPDecodeableWriteable.java
64
com.mgz.afp.exceptions.IAFPDecodeableWriteable
false
app
parseNextSFFromBuffer
AFPParser.java
466
com.mgz.afp.parser.AFPParser
false
app
parseNextSF
AFPParser.java
382
com.mgz.afp.parser.AFPParser
false
app
convertToXml
Afp2Xml.java
469
com.mgz.cli.Afp2Xml
false
app
execute
Afp2Xml.java
376
com.mgz.cli.Afp2Xml
false
app
main
Afp2Xml.java
65
com.mgz.cli.Afp2Xml
false
Invalid triplet length: 0
Invalid triplet length: 0
10
Undefined
AADdjUYCmozykg==
app
parseTriplet
TripletParser.java
205
com.mgz.afp.parser.TripletParser
false
app
parseTriplets
TripletParser.java
133
com.mgz.afp.parser.TripletParser
false
app
decodeAFP
StructuredFieldBaseTriplets.java
84
com.mgz.afp.base.StructuredFieldBaseTriplets
false
app
decodeAFP
IAFPDecodeableWriteable.java
64
com.mgz.afp.exceptions.IAFPDecodeableWriteable
false
app
parseNextSFFromBuffer
AFPParser.java
466
com.mgz.afp.parser.AFPParser
false
app
parseNextSF
AFPParser.java
382
com.mgz.afp.parser.AFPParser
false
app
convertToXml
Afp2Xml.java
469
com.mgz.cli.Afp2Xml
false
app
execute
Afp2Xml.java
376
com.mgz.cli.Afp2Xml
false
app
main
Afp2Xml.java
65
com.mgz.cli.Afp2Xml
false
Invalid triplet length: 0
Invalid triplet length: 0
10
Undefined
AADdjUYCmozykg==
app
parseTriplet
TripletParser.java
205
com.mgz.afp.parser.TripletParser
false
app
parseTriplets
TripletParser.java
133
com.mgz.afp.parser.TripletParser
false
app
decodeAFP
StructuredFieldBaseTriplets.java
84
com.mgz.afp.base.StructuredFieldBaseTriplets
false
app
decodeAFP
IAFPDecodeableWriteable.java
64
com.mgz.afp.exceptions.IAFPDecodeableWriteable
false
app
parseNextSFFromBuffer
AFPParser.java
466
com.mgz.afp.parser.AFPParser
false
app
parseNextSF
AFPParser.java
382
com.mgz.afp.parser.AFPParser
false
app
convertToXml
Afp2Xml.java
469
com.mgz.cli.Afp2Xml
false
app
execute
Afp2Xml.java
376
com.mgz.cli.Afp2Xml
false
app
main
Afp2Xml.java
65
com.mgz.cli.Afp2Xml
false
Invalid triplet length: 0
Invalid triplet length: 0
10
Undefined
AADdjUYCmozykg==
app
parseTriplet
TripletParser.java
205
com.mgz.afp.parser.TripletParser
false
app
parseTriplets
TripletParser.java
133
com.mgz.afp.parser.TripletParser
false
app
decodeAFP
StructuredFieldBaseTriplets.java
84
com.mgz.afp.base.StructuredFieldBaseTriplets
false
app
decodeAFP
IAFPDecodeableWriteable.java
64
com.mgz.afp.exceptions.IAFPDecodeableWriteable
false
app
parseNextSFFromBuffer
AFPParser.java
466
com.mgz.afp.parser.AFPParser
false
app
parseNextSF
AFPParser.java
382
com.mgz.afp.parser.AFPParser
false
app
convertToXml
Afp2Xml.java
469
com.mgz.cli.Afp2Xml
false
app
execute
Afp2Xml.java
376
com.mgz.cli.Afp2Xml
false
app
main
Afp2Xml.java
65
com.mgz.cli.Afp2Xml
false
Invalid triplet length: 0
Invalid triplet length: 0
10
Undefined
AADdjUYCmozykg==
app
parseTriplet
TripletParser.java
205
com.mgz.afp.parser.TripletParser
false
app
parseTriplets
TripletParser.java
133
com.mgz.afp.parser.TripletParser
false
app
decodeAFP
StructuredFieldBaseTriplets.java
84
com.mgz.afp.base.StructuredFieldBaseTriplets
false
app
decodeAFP
IAFPDecodeableWriteable.java
64
com.mgz.afp.exceptions.IAFPDecodeableWriteable
false
app
parseNextSFFromBuffer
AFPParser.java
466
com.mgz.afp.parser.AFPParser
false
app
parseNextSF
AFPParser.java
382
com.mgz.afp.parser.AFPParser
false
app
convertToXml
Afp2Xml.java
469
com.mgz.cli.Afp2Xml
false
app
execute
Afp2Xml.java
376
com.mgz.cli.Afp2Xml
false
app
main
Afp2Xml.java
65
com.mgz.cli.Afp2Xml
false
Invalid triplet length: 0
Invalid triplet length: 0
10
Undefined
AADdjUYCmozykg==
app
parseTriplet
TripletParser.java
205
com.mgz.afp.parser.TripletParser
false
app
parseTriplets
TripletParser.java
133
com.mgz.afp.parser.TripletParser
false
app
decodeAFP
StructuredFieldBaseTriplets.java
84
com.mgz.afp.base.StructuredFieldBaseTriplets
false
app
decodeAFP
IAFPDecodeableWriteable.java
64
com.mgz.afp.exceptions.IAFPDecodeableWriteable
false
app
parseNextSFFromBuffer
AFPParser.java
466
com.mgz.afp.parser.AFPParser
false
app
parseNextSF
AFPParser.java
382
com.mgz.afp.parser.AFPParser
false
app
convertToXml
Afp2Xml.java
469
com.mgz.cli.Afp2Xml
false
app
execute
Afp2Xml.java
376
com.mgz.cli.Afp2Xml
false
app
main
Afp2Xml.java
65
com.mgz.cli.Afp2Xml
false
Invalid triplet length: 0
Invalid triplet length: 0
10
Undefined
AADdjUYCmozykg==
app
parseTriplet
TripletParser.java
205
com.mgz.afp.parser.TripletParser
false
app
parseTriplets
TripletParser.java
133
com.mgz.afp.parser.TripletParser
false
app
decodeAFP
StructuredFieldBaseTriplets.java
84
com.mgz.afp.base.StructuredFieldBaseTriplets
false
app
decodeAFP
IAFPDecodeableWriteable.java
64
com.mgz.afp.exceptions.IAFPDecodeableWriteable
false
app
parseNextSFFromBuffer
AFPParser.java
466
com.mgz.afp.parser.AFPParser
false
app
parseNextSF
AFPParser.java
382
com.mgz.afp.parser.AFPParser
false
app
convertToXml
Afp2Xml.java
469
com.mgz.cli.Afp2Xml
false
app
execute
Afp2Xml.java
376
com.mgz.cli.Afp2Xml
false
app
main
Afp2Xml.java
65
com.mgz.cli.Afp2Xml
false
Invalid triplet length: 0
Invalid triplet length: 0
10
Undefined
AADdjUYCmozykg==
app
parseTriplet
TripletParser.java
205
com.mgz.afp.parser.TripletParser
false
app
parseTriplets
TripletParser.java
133
com.mgz.afp.parser.TripletParser
false
app
decodeAFP
StructuredFieldBaseTriplets.java
84
com.mgz.afp.base.StructuredFieldBaseTriplets
false
app
decodeAFP
IAFPDecodeableWriteable.java
64
com.mgz.afp.exceptions.IAFPDecodeableWriteable
false
app
parseNextSFFromBuffer
AFPParser.java
466
com.mgz.afp.parser.AFPParser
false
app
parseNextSF
AFPParser.java
382
com.mgz.afp.parser.AFPParser
false
app
convertToXml
Afp2Xml.java
469
com.mgz.cli.Afp2Xml
false
app
execute
Afp2Xml.java
376
com.mgz.cli.Afp2Xml
false
app
main
Afp2Xml.java
65
com.mgz.cli.Afp2Xml
false
Invalid triplet length: 0
Invalid triplet length: 0
10
Undefined
AADdjUYCmozykg==
app
parseTriplet
TripletParser.java
205
com.mgz.afp.parser.TripletParser
false
app
parseTriplets
TripletParser.java
133
com.mgz.afp.parser.TripletParser
false
app
decodeAFP
StructuredFieldBaseTriplets.java
84
com.mgz.afp.base.StructuredFieldBaseTriplets
false
app
decodeAFP
IAFPDecodeableWriteable.java
64
com.mgz.afp.exceptions.IAFPDecodeableWriteable
false
app
parseNextSFFromBuffer
AFPParser.java
466
com.mgz.afp.parser.AFPParser
false
app
parseNextSF
AFPParser.java
382
com.mgz.afp.parser.AFPParser
false
app
convertToXml
Afp2Xml.java
469
com.mgz.cli.Afp2Xml
false
app
execute
Afp2Xml.java
376
com.mgz.cli.Afp2Xml
false
app
main
Afp2Xml.java
65
com.mgz.cli.Afp2Xml
false
Invalid triplet length: 0
Invalid triplet length: 0
10
Undefined
AADdjUYCmozykg==
app
parseTriplet
TripletParser.java
205
com.mgz.afp.parser.TripletParser
false
app
parseTriplets
TripletParser.java
133
com.mgz.afp.parser.TripletParser
false
app
decodeAFP
StructuredFieldBaseTriplets.java
84
com.mgz.afp.base.StructuredFieldBaseTriplets
false
app
decodeAFP
IAFPDecodeableWriteable.java
64
com.mgz.afp.exceptions.IAFPDecodeableWriteable
false
app
parseNextSFFromBuffer
AFPParser.java
466
com.mgz.afp.parser.AFPParser
false
app
parseNextSF
AFPParser.java
382
com.mgz.afp.parser.AFPParser
false
app
convertToXml
Afp2Xml.java
469
com.mgz.cli.Afp2Xml
false
app
execute
Afp2Xml.java
376
com.mgz.cli.Afp2Xml
false
app
main
Afp2Xml.java
65
com.mgz.cli.Afp2Xml
false
Invalid triplet length: 0
Invalid triplet length: 0
10
Undefined
AADdjUYCmozykg==
app
parseTriplet
TripletParser.java
205
com.mgz.afp.parser.TripletParser
false
app
parseTriplets
TripletParser.java
133
com.mgz.afp.parser.TripletParser
false
app
decodeAFP
StructuredFieldBaseTriplets.java
84
com.mgz.afp.base.StructuredFieldBaseTriplets
false
app
decodeAFP
IAFPDecodeableWriteable.java
64
com.mgz.afp.exceptions.IAFPDecodeableWriteable
false
app
parseNextSFFromBuffer
AFPParser.java
466
com.mgz.afp.parser.AFPParser
false
app
parseNextSF
AFPParser.java
382
com.mgz.afp.parser.AFPParser
false
app
convertToXml
Afp2Xml.java
469
com.mgz.cli.Afp2Xml
false
app
execute
Afp2Xml.java
376
com.mgz.cli.Afp2Xml
false
app
main
Afp2Xml.java
65
com.mgz.cli.Afp2Xml
false
Invalid triplet length: 0
Invalid triplet length: 0
10
Undefined
AADdjUYCmozykg==
app
parseTriplet
TripletParser.java
205
com.mgz.afp.parser.TripletParser
false
app
parseTriplets
TripletParser.java
133
com.mgz.afp.parser.TripletParser
false
app
decodeAFP
StructuredFieldBaseTriplets.java
84
com.mgz.afp.base.StructuredFieldBaseTriplets
false
app
decodeAFP
IAFPDecodeableWriteable.java
64
com.mgz.afp.exceptions.IAFPDecodeableWriteable
false
app
parseNextSFFromBuffer
AFPParser.java
466
com.mgz.afp.parser.AFPParser
false
app
parseNextSF
AFPParser.java
382
com.mgz.afp.parser.AFPParser
false
app
convertToXml
Afp2Xml.java
469
com.mgz.cli.Afp2Xml
false
app
execute
Afp2Xml.java
376
com.mgz.cli.Afp2Xml
false
app
main
Afp2Xml.java
65
com.mgz.cli.Afp2Xml
false
Invalid triplet length: 0
Invalid triplet length: 0
10
Undefined
AADdjUYCmozykg==
app
parseTriplet
TripletParser.java
205
com.mgz.afp.parser.TripletParser
false
app
parseTriplets
TripletParser.java
133
com.mgz.afp.parser.TripletParser
false
app
decodeAFP
StructuredFieldBaseTriplets.java
84
com.mgz.afp.base.StructuredFieldBaseTriplets
false
app
decodeAFP
IAFPDecodeableWriteable.java
64
com.mgz.afp.exceptions.IAFPDecodeableWriteable
false
app
parseNextSFFromBuffer
AFPParser.java
466
com.mgz.afp.parser.AFPParser
false
app
parseNextSF
AFPParser.java
382
com.mgz.afp.parser.AFPParser
false
app
convertToXml
Afp2Xml.java
469
com.mgz.cli.Afp2Xml
false
app
execute
Afp2Xml.java
376
com.mgz.cli.Afp2Xml
false
app
main
Afp2Xml.java
65
com.mgz.cli.Afp2Xml
false
Invalid triplet length: 0
Invalid triplet length: 0
10
Undefined
AADdjUYCmozykg==
app
parseTriplet
TripletParser.java
205
com.mgz.afp.parser.TripletParser
false
app
parseTriplets
TripletParser.java
133
com.mgz.afp.parser.TripletParser
false
app
decodeAFP
StructuredFieldBaseTriplets.java
84
com.mgz.afp.base.StructuredFieldBaseTriplets
false
app
decodeAFP
IAFPDecodeableWriteable.java
64
com.mgz.afp.exceptions.IAFPDecodeableWriteable
false
app
parseNextSFFromBuffer
AFPParser.java
466
com.mgz.afp.parser.AFPParser
false
app
parseNextSF
AFPParser.java
382
com.mgz.afp.parser.AFPParser
false
app
convertToXml
Afp2Xml.java
469
com.mgz.cli.Afp2Xml
false
app
execute
Afp2Xml.java
376
com.mgz.cli.Afp2Xml
false
app
main
Afp2Xml.java
65
com.mgz.cli.Afp2Xml
false
Invalid triplet length: 0
Invalid triplet length: 0
10
Undefined
AADdjUYCmozykg==
app
parseTriplet
TripletParser.java
205
com.mgz.afp.parser.TripletParser
false
app
parseTriplets
TripletParser.java
133
com.mgz.afp.parser.TripletParser
false
app
decodeAFP
StructuredFieldBaseTriplets.java
84
com.mgz.afp.base.StructuredFieldBaseTriplets
false
app
decodeAFP
IAFPDecodeableWriteable.java
64
com.mgz.afp.exceptions.IAFPDecodeableWriteable
false
app
parseNextSFFromBuffer
AFPParser.java
466
com.mgz.afp.parser.AFPParser
false
app
parseNextSF
AFPParser.java
382
com.mgz.afp.parser.AFPParser
false
app
convertToXml
Afp2Xml.java
469
com.mgz.cli.Afp2Xml
false
app
execute
Afp2Xml.java
376
com.mgz.cli.Afp2Xml
false
app
main
Afp2Xml.java
65
com.mgz.cli.Afp2Xml
false
Invalid triplet length: 0
Invalid triplet length: 0
10
Undefined
AADdjUYCmozykg==
app
parseTriplet
TripletParser.java
205
com.mgz.afp.parser.TripletParser
false
app
parseTriplets
TripletParser.java
133
com.mgz.afp.parser.TripletParser
false
app
decodeAFP
StructuredFieldBaseTriplets.java
84
com.mgz.afp.base.StructuredFieldBaseTriplets
false
app
decodeAFP
IAFPDecodeableWriteable.java
64
com.mgz.afp.exceptions.IAFPDecodeableWriteable
false
app
parseNextSFFromBuffer
AFPParser.java
466
com.mgz.afp.parser.AFPParser
false
app
parseNextSF
AFPParser.java
382
com.mgz.afp.parser.AFPParser
false
app
convertToXml
Afp2Xml.java
469
com.mgz.cli.Afp2Xml
false
app
execute
Afp2Xml.java
376
com.mgz.cli.Afp2Xml
false
app
main
Afp2Xml.java
65
com.mgz.cli.Afp2Xml
false
Invalid triplet length: 0
Invalid triplet length: 0
10
Undefined
AADdjUYCmozykg==
app
parseTriplet
TripletParser.java
205
com.mgz.afp.parser.TripletParser
false
app
parseTriplets
TripletParser.java
133
com.mgz.afp.parser.TripletParser
false
app
decodeAFP
StructuredFieldBaseTriplets.java
84
com.mgz.afp.base.StructuredFieldBaseTriplets
false
app
decodeAFP
IAFPDecodeableWriteable.java
64
com.mgz.afp.exceptions.IAFPDecodeableWriteable
false
app
parseNextSFFromBuffer
AFPParser.java
466
com.mgz.afp.parser.AFPParser
false
app
parseNextSF
AFPParser.java
382
com.mgz.afp.parser.AFPParser
false
app
convertToXml
Afp2Xml.java
469
com.mgz.cli.Afp2Xml
false
app
execute
Afp2Xml.java
376
com.mgz.cli.Afp2Xml
false
app
main
Afp2Xml.java
65
com.mgz.cli.Afp2Xml
false
Invalid triplet length: 0
Invalid triplet length: 0
10
Undefined
AADdjUYCmozykg==
app
parseTriplet
TripletParser.java
205
com.mgz.afp.parser.TripletParser
false
app
parseTriplets
TripletParser.java
133
com.mgz.afp.parser.TripletParser
false
app
decodeAFP
StructuredFieldBaseTriplets.java
84
com.mgz.afp.base.StructuredFieldBaseTriplets
false
app
decodeAFP
IAFPDecodeableWriteable.java
64
com.mgz.afp.exceptions.IAFPDecodeableWriteable
false
app
parseNextSFFromBuffer
AFPParser.java
466
com.mgz.afp.parser.AFPParser
false
app
parseNextSF
AFPParser.java
382
com.mgz.afp.parser.AFPParser
false
app
convertToXml
Afp2Xml.java
469
com.mgz.cli.Afp2Xml
false
app
execute
Afp2Xml.java
376
com.mgz.cli.Afp2Xml
false
app
main
Afp2Xml.java
65
com.mgz.cli.Afp2Xml
false
Invalid triplet length: 0
Invalid triplet length: 0
10
Undefined
AADdjUYCmozykg==
app
parseTriplet
TripletParser.java
205
com.mgz.afp.parser.TripletParser
false
app
parseTriplets
TripletParser.java
133
com.mgz.afp.parser.TripletParser
false
app
decodeAFP
StructuredFieldBaseTriplets.java
84
com.mgz.afp.base.StructuredFieldBaseTriplets
false
app
decodeAFP
IAFPDecodeableWriteable.java
64
com.mgz.afp.exceptions.IAFPDecodeableWriteable
false
app
parseNextSFFromBuffer
AFPParser.java
466
com.mgz.afp.parser.AFPParser
false
app
parseNextSF
AFPParser.java
382
com.mgz.afp.parser.AFPParser
false
app
convertToXml
Afp2Xml.java
469
com.mgz.cli.Afp2Xml
false
app
execute
Afp2Xml.java
376
com.mgz.cli.Afp2Xml
false
app
main
Afp2Xml.java
65
com.mgz.cli.Afp2Xml
false
Invalid triplet length: 0
Invalid triplet length: 0
10
Undefined
AADdjUYCmozykg==
app
parseTriplet
TripletParser.java
205
com.mgz.afp.parser.TripletParser
false
app
parseTriplets
TripletParser.java
133
com.mgz.afp.parser.TripletParser
false
app
decodeAFP
StructuredFieldBaseTriplets.java
84
com.mgz.afp.base.StructuredFieldBaseTriplets
false
app
decodeAFP
IAFPDecodeableWriteable.java
64
com.mgz.afp.exceptions.IAFPDecodeableWriteable
false
app
parseNextSFFromBuffer
AFPParser.java
466
com.mgz.afp.parser.AFPParser
false
app
parseNextSF
AFPParser.java
382
com.mgz.afp.parser.AFPParser
false
app
convertToXml
Afp2Xml.java
469
com.mgz.cli.Afp2Xml
false
app
execute
Afp2Xml.java
376
com.mgz.cli.Afp2Xml
false
app
main
Afp2Xml.java
65
com.mgz.cli.Afp2Xml
false
Invalid triplet length: 0
Invalid triplet length: 0
10
Undefined
AADdjUYCmozykg==
app
parseTriplet
TripletParser.java
205
com.mgz.afp.parser.TripletParser
false
app
parseTriplets
TripletParser.java
133
com.mgz.afp.parser.TripletParser
false
app
decodeAFP
StructuredFieldBaseTriplets.java
84
com.mgz.afp.base.StructuredFieldBaseTriplets
false
app
decodeAFP
IAFPDecodeableWriteable.java
64
com.mgz.afp.exceptions.IAFPDecodeableWriteable
false
app
parseNextSFFromBuffer
AFPParser.java
466
com.mgz.afp.parser.AFPParser
false
app
parseNextSF
AFPParser.java
382
com.mgz.afp.parser.AFPParser
false
app
convertToXml
Afp2Xml.java
469
com.mgz.cli.Afp2Xml
false
app
execute
Afp2Xml.java
376
com.mgz.cli.Afp2Xml
false
app
main
Afp2Xml.java
65
com.mgz.cli.Afp2Xml
false
Invalid triplet length: 0
Invalid triplet length: 0
10
Undefined
AADdjUYCmozykg==
app
parseTriplet
TripletParser.java
205
com.mgz.afp.parser.TripletParser
false
app
parseTriplets
TripletParser.java
133
com.mgz.afp.parser.TripletParser
false
app
decodeAFP
StructuredFieldBaseTriplets.java
84
com.mgz.afp.base.StructuredFieldBaseTriplets
false
app
decodeAFP
IAFPDecodeableWriteable.java
64
com.mgz.afp.exceptions.IAFPDecodeableWriteable
false
app
parseNextSFFromBuffer
AFPParser.java
466
com.mgz.afp.parser.AFPParser
false
app
parseNextSF
AFPParser.java
382
com.mgz.afp.parser.AFPParser
false
app
convertToXml
Afp2Xml.java
469
com.mgz.cli.Afp2Xml
false
app
execute
Afp2Xml.java
376
com.mgz.cli.Afp2Xml
false
app
main
Afp2Xml.java
65
com.mgz.cli.Afp2Xml
false
Invalid triplet length: 0
Invalid triplet length: 0
10
Undefined
AADdjUYCmozykg==
app
parseTriplet
TripletParser.java
205
com.mgz.afp.parser.TripletParser
false
app
parseTriplets
TripletParser.java
133
com.mgz.afp.parser.TripletParser
false
app
decodeAFP
StructuredFieldBaseTriplets.java
84
com.mgz.afp.base.StructuredFieldBaseTriplets
false
app
decodeAFP
IAFPDecodeableWriteable.java
64
com.mgz.afp.exceptions.IAFPDecodeableWriteable
false
app
parseNextSFFromBuffer
AFPParser.java
466
com.mgz.afp.parser.AFPParser
false
app
parseNextSF
AFPParser.java
382
com.mgz.afp.parser.AFPParser
false
app
convertToXml
Afp2Xml.java
469
com.mgz.cli.Afp2Xml
false
app
execute
Afp2Xml.java
376
com.mgz.cli.Afp2Xml
false
app
main
Afp2Xml.java
65
com.mgz.cli.Afp2Xml
false
Invalid triplet length: 0
Invalid triplet length: 0
10
Undefined
AADdjUYCmozykg==
app
parseTriplet
TripletParser.java
205
com.mgz.afp.parser.TripletParser
false
app
parseTriplets
TripletParser.java
133
com.mgz.afp.parser.TripletParser
false
app
decodeAFP
StructuredFieldBaseTriplets.java
84
com.mgz.afp.base.StructuredFieldBaseTriplets
false
app
decodeAFP
IAFPDecodeableWriteable.java
64
com.mgz.afp.exceptions.IAFPDecodeableWriteable
false
app
parseNextSFFromBuffer
AFPParser.java
466
com.mgz.afp.parser.AFPParser
false
app
parseNextSF
AFPParser.java
382
com.mgz.afp.parser.AFPParser
false
app
convertToXml
Afp2Xml.java
469
com.mgz.cli.Afp2Xml
false
app
execute
Afp2Xml.java
376
com.mgz.cli.Afp2Xml
false
app
main
Afp2Xml.java
65
com.mgz.cli.Afp2Xml
false
Invalid triplet length: 0
Invalid triplet length: 0
10
Undefined
AADdjUYCmozykg==
app
parseTriplet
TripletParser.java
205
com.mgz.afp.parser.TripletParser
false
app
parseTriplets
TripletParser.java
133
com.mgz.afp.parser.TripletParser
false
app
decodeAFP
StructuredFieldBaseTriplets.java
84
com.mgz.afp.base.StructuredFieldBaseTriplets
false
app
decodeAFP
IAFPDecodeableWriteable.java
64
com.mgz.afp.exceptions.IAFPDecodeableWriteable
false
app
parseNextSFFromBuffer
AFPParser.java
466
com.mgz.afp.parser.AFPParser
false
app
parseNextSF
AFPParser.java
382
com.mgz.afp.parser.AFPParser
false
app
convertToXml
Afp2Xml.java
469
com.mgz.cli.Afp2Xml
false
app
execute
Afp2Xml.java
376
com.mgz.cli.Afp2Xml
false
app
main
Afp2Xml.java
65
com.mgz.cli.Afp2Xml
false
Invalid triplet length: 0
Invalid triplet length: 0
10
Undefined
AADdjUYCmozykg==
app
parseTriplet
TripletParser.java
205
com.mgz.afp.parser.TripletParser
false
app
parseTriplets
TripletParser.java
133
com.mgz.afp.parser.TripletParser
false
app
decodeAFP
StructuredFieldBaseTriplets.java
84
com.mgz.afp.base.StructuredFieldBaseTriplets
false
app
decodeAFP
IAFPDecodeableWriteable.java
64
com.mgz.afp.exceptions.IAFPDecodeableWriteable
false
app
parseNextSFFromBuffer
AFPParser.java
466
com.mgz.afp.parser.AFPParser
false
app
parseNextSF
AFPParser.java
382
com.mgz.afp.parser.AFPParser
false
app
convertToXml
Afp2Xml.java
469
com.mgz.cli.Afp2Xml
false
app
execute
Afp2Xml.java
376
com.mgz.cli.Afp2Xml
false
app
main
Afp2Xml.java
65
com.mgz.cli.Afp2Xml
false
Invalid triplet length: 0
Invalid triplet length: 0
10
Undefined
AADdjUYCmozykg==
app
parseTriplet
TripletParser.java
205
com.mgz.afp.parser.TripletParser
false
app
parseTriplets
TripletParser.java
133
com.mgz.afp.parser.TripletParser
false
app
decodeAFP
StructuredFieldBaseTriplets.java
84
com.mgz.afp.base.StructuredFieldBaseTriplets
false
app
decodeAFP
IAFPDecodeableWriteable.java
64
com.mgz.afp.exceptions.IAFPDecodeableWriteable
false
app
parseNextSFFromBuffer
AFPParser.java
466
com.mgz.afp.parser.AFPParser
false
app
parseNextSF
AFPParser.java
382
com.mgz.afp.parser.AFPParser
false
app
convertToXml
Afp2Xml.java
469
com.mgz.cli.Afp2Xml
false
app
execute
Afp2Xml.java
376
com.mgz.cli.Afp2Xml
false
app
main
Afp2Xml.java
65
com.mgz.cli.Afp2Xml
false
Invalid triplet length: 0
Invalid triplet length: 0
10
Undefined
AADdjUYCmozykg==
app
parseTriplet
TripletParser.java
205
com.mgz.afp.parser.TripletParser
false
app
parseTriplets
TripletParser.java
133
com.mgz.afp.parser.TripletParser
false
app
decodeAFP
StructuredFieldBaseTriplets.java
84
com.mgz.afp.base.StructuredFieldBaseTriplets
false
app
decodeAFP
IAFPDecodeableWriteable.java
64
com.mgz.afp.exceptions.IAFPDecodeableWriteable
false
app
parseNextSFFromBuffer
AFPParser.java
466
com.mgz.afp.parser.AFPParser
false
app
parseNextSF
AFPParser.java
382
com.mgz.afp.parser.AFPParser
false
app
convertToXml
Afp2Xml.java
469
com.mgz.cli.Afp2Xml
false
app
execute
Afp2Xml.java
376
com.mgz.cli.Afp2Xml
false
app
main
Afp2Xml.java
65
com.mgz.cli.Afp2Xml
false
Invalid triplet length: 0
Invalid triplet length: 0
10
Undefined
AADdjUYCmozykg==
app
parseTriplet
TripletParser.java
205
com.mgz.afp.parser.TripletParser
false
app
parseTriplets
TripletParser.java
133
com.mgz.afp.parser.TripletParser
false
app
decodeAFP
StructuredFieldBaseTriplets.java
84
com.mgz.afp.base.StructuredFieldBaseTriplets
false
app
decodeAFP
IAFPDecodeableWriteable.java
64
com.mgz.afp.exceptions.IAFPDecodeableWriteable
false
app
parseNextSFFromBuffer
AFPParser.java
466
com.mgz.afp.parser.AFPParser
false
app
parseNextSF
AFPParser.java
382
com.mgz.afp.parser.AFPParser
false
app
convertToXml
Afp2Xml.java
469
com.mgz.cli.Afp2Xml
false
app
execute
Afp2Xml.java
376
com.mgz.cli.Afp2Xml
false
app
main
Afp2Xml.java
65
com.mgz.cli.Afp2Xml
false
Invalid triplet length: 0
Invalid triplet length: 0
10
Undefined
AADdjUYCmozykg==
app
parseTriplet
TripletParser.java
205
com.mgz.afp.parser.TripletParser
false
app
parseTriplets
TripletParser.java
133
com.mgz.afp.parser.TripletParser
false
app
decodeAFP
StructuredFieldBaseTriplets.java
84
com.mgz.afp.base.StructuredFieldBaseTriplets
false
app
decodeAFP
IAFPDecodeableWriteable.java
64
com.mgz.afp.exceptions.IAFPDecodeableWriteable
false
app
parseNextSFFromBuffer
AFPParser.java
466
com.mgz.afp.parser.AFPParser
false
app
parseNextSF
AFPParser.java
382
com.mgz.afp.parser.AFPParser
false
app
convertToXml
Afp2Xml.java
469
com.mgz.cli.Afp2Xml
false
app
execute
Afp2Xml.java
376
com.mgz.cli.Afp2Xml
false
app
main
Afp2Xml.java
65
com.mgz.cli.Afp2Xml
false
Invalid triplet length: 0
Invalid triplet length: 0
10
Undefined
AADdjUYCmozykg==
app
parseTriplet
TripletParser.java
205
com.mgz.afp.parser.TripletParser
false
app
parseTriplets
TripletParser.java
133
com.mgz.afp.parser.TripletParser
false
app
decodeAFP
StructuredFieldBaseTriplets.java
84
com.mgz.afp.base.StructuredFieldBaseTriplets
false
app
decodeAFP
IAFPDecodeableWriteable.java
64
com.mgz.afp.exceptions.IAFPDecodeableWriteable
false
app
parseNextSFFromBuffer
AFPParser.java
466
com.mgz.afp.parser.AFPParser
false
app
parseNextSF
AFPParser.java
382
com.mgz.afp.parser.AFPParser
false
app
convertToXml
Afp2Xml.java
469
com.mgz.cli.Afp2Xml
false
app
execute
Afp2Xml.java
376
com.mgz.cli.Afp2Xml
false
app
main
Afp2Xml.java
65
com.mgz.cli.Afp2Xml
false
Invalid triplet length: 0
Invalid triplet length: 0
10
Undefined
AADdjUYCmozykg==
app
parseTriplet
TripletParser.java
205
com.mgz.afp.parser.TripletParser
false
app
parseTriplets
TripletParser.java
133
com.mgz.afp.parser.TripletParser
false
app
decodeAFP
StructuredFieldBaseTriplets.java
84
com.mgz.afp.base.StructuredFieldBaseTriplets
false
app
decodeAFP
IAFPDecodeableWriteable.java
64
com.mgz.afp.exceptions.IAFPDecodeableWriteable
false
app
parseNextSFFromBuffer
AFPParser.java
466
com.mgz.afp.parser.AFPParser
false
app
parseNextSF
AFPParser.java
382
com.mgz.afp.parser.AFPParser
false
app
convertToXml
Afp2Xml.java
469
com.mgz.cli.Afp2Xml
false
app
execute
Afp2Xml.java
376
com.mgz.cli.Afp2Xml
false
app
main
Afp2Xml.java
65
com.mgz.cli.Afp2Xml
false
Invalid triplet length: 0
Invalid triplet length: 0
10
Undefined
AADdjUYCmozykg==
app
parseTriplet
TripletParser.java
205
com.mgz.afp.parser.TripletParser
false
app
parseTriplets
TripletParser.java
133
com.mgz.afp.parser.TripletParser
false
app
decodeAFP
StructuredFieldBaseTriplets.java
84
com.mgz.afp.base.StructuredFieldBaseTriplets
false
app
decodeAFP
IAFPDecodeableWriteable.java
64
com.mgz.afp.exceptions.IAFPDecodeableWriteable
false
app
parseNextSFFromBuffer
AFPParser.java
466
com.mgz.afp.parser.AFPParser
false
app
parseNextSF
AFPParser.java
382
com.mgz.afp.parser.AFPParser
false
app
convertToXml
Afp2Xml.java
469
com.mgz.cli.Afp2Xml
false
app
execute
Afp2Xml.java
376
com.mgz.cli.Afp2Xml
false
app
main
Afp2Xml.java
65
com.mgz.cli.Afp2Xml
false
Invalid triplet length: 0
Invalid triplet length: 0
10
Undefined
AADdjUYCmozykg==
app
parseTriplet
TripletParser.java
205
com.mgz.afp.parser.TripletParser
false
app
parseTriplets
TripletParser.java
133
com.mgz.afp.parser.TripletParser
false
app
decodeAFP
StructuredFieldBaseTriplets.java
84
com.mgz.afp.base.StructuredFieldBaseTriplets
false
app
decodeAFP
IAFPDecodeableWriteable.java
64
com.mgz.afp.exceptions.IAFPDecodeableWriteable
false
app
parseNextSFFromBuffer
AFPParser.java
466
com.mgz.afp.parser.AFPParser
false
app
parseNextSF
AFPParser.java
382
com.mgz.afp.parser.AFPParser
false
app
convertToXml
Afp2Xml.java
469
com.mgz.cli.Afp2Xml
false
app
execute
Afp2Xml.java
376
com.mgz.cli.Afp2Xml
false
app
main
Afp2Xml.java
65
com.mgz.cli.Afp2Xml
false
Invalid triplet length: 0
Invalid triplet length: 0
10
Undefined
AADdjUYCmozykg==
app
parseTriplet
TripletParser.java
205
com.mgz.afp.parser.TripletParser
false
app
parseTriplets
TripletParser.java
133
com.mgz.afp.parser.TripletParser
false
app
decodeAFP
StructuredFieldBaseTriplets.java
84
com.mgz.afp.base.StructuredFieldBaseTriplets
false
app
decodeAFP
IAFPDecodeableWriteable.java
64
com.mgz.afp.exceptions.IAFPDecodeableWriteable
false
app
parseNextSFFromBuffer
AFPParser.java
466
com.mgz.afp.parser.AFPParser
false
app
parseNextSF
AFPParser.java
382
com.mgz.afp.parser.AFPParser
false
app
convertToXml
Afp2Xml.java
469
com.mgz.cli.Afp2Xml
false
app
execute
Afp2Xml.java
376
com.mgz.cli.Afp2Xml
false
app
main
Afp2Xml.java
65
com.mgz.cli.Afp2Xml
false
Invalid triplet length: 0
Invalid triplet length: 0
10
Undefined
AADdjUYCmozykg==
app
parseTriplet
TripletParser.java
205
com.mgz.afp.parser.TripletParser
false
app
parseTriplets
TripletParser.java
133
com.mgz.afp.parser.TripletParser
false
app
decodeAFP
StructuredFieldBaseTriplets.java
84
com.mgz.afp.base.StructuredFieldBaseTriplets
false
app
decodeAFP
IAFPDecodeableWriteable.java
64
com.mgz.afp.exceptions.IAFPDecodeableWriteable
false
app
parseNextSFFromBuffer
AFPParser.java
466
com.mgz.afp.parser.AFPParser
false
app
parseNextSF
AFPParser.java
382
com.mgz.afp.parser.AFPParser
false
app
convertToXml
Afp2Xml.java
469
com.mgz.cli.Afp2Xml
false
app
execute
Afp2Xml.java
376
com.mgz.cli.Afp2Xml
false
app
main
Afp2Xml.java
65
com.mgz.cli.Afp2Xml
false
Invalid triplet length: 0
Invalid triplet length: 0
10
Undefined
AADdjUYCmozykg==
app
parseTriplet
TripletParser.java
205
com.mgz.afp.parser.TripletParser
false
app
parseTriplets
TripletParser.java
133
com.mgz.afp.parser.TripletParser
false
app
decodeAFP
StructuredFieldBaseTriplets.java
84
com.mgz.afp.base.StructuredFieldBaseTriplets
false
app
decodeAFP
IAFPDecodeableWriteable.java
64
com.mgz.afp.exceptions.IAFPDecodeableWriteable
false
app
parseNextSFFromBuffer
AFPParser.java
466
com.mgz.afp.parser.AFPParser
false
app
parseNextSF
AFPParser.java
382
com.mgz.afp.parser.AFPParser
false
app
convertToXml
Afp2Xml.java
469
com.mgz.cli.Afp2Xml
false
app
execute
Afp2Xml.java
376
com.mgz.cli.Afp2Xml
false
app
main
Afp2Xml.java
65
com.mgz.cli.Afp2Xml
false
Invalid triplet length: 0
Invalid triplet length: 0
10
Undefined
AADdjUYCmozykg==
app
parseTriplet
TripletParser.java
205
com.mgz.afp.parser.TripletParser
false
app
parseTriplets
TripletParser.java
133
com.mgz.afp.parser.TripletParser
false
app
decodeAFP
StructuredFieldBaseTriplets.java
84
com.mgz.afp.base.StructuredFieldBaseTriplets
false
app
decodeAFP
IAFPDecodeableWriteable.java
64
com.mgz.afp.exceptions.IAFPDecodeableWriteable
false
app
parseNextSFFromBuffer
AFPParser.java
466
com.mgz.afp.parser.AFPParser
false
app
parseNextSF
AFPParser.java
382
com.mgz.afp.parser.AFPParser
false
app
convertToXml
Afp2Xml.java
469
com.mgz.cli.Afp2Xml
false
app
execute
Afp2Xml.java
376
com.mgz.cli.Afp2Xml
false
app
main
Afp2Xml.java
65
com.mgz.cli.Afp2Xml
false
Invalid triplet length: 0
Invalid triplet length: 0
10
Undefined
AADdjUYCmozykg==
app
parseTriplet
TripletParser.java
205
com.mgz.afp.parser.TripletParser
false
app
parseTriplets
TripletParser.java
133
com.mgz.afp.parser.TripletParser
false
app
decodeAFP
StructuredFieldBaseTriplets.java
84
com.mgz.afp.base.StructuredFieldBaseTriplets
false
app
decodeAFP
IAFPDecodeableWriteable.java
64
com.mgz.afp.exceptions.IAFPDecodeableWriteable
false
app
parseNextSFFromBuffer
AFPParser.java
466
com.mgz.afp.parser.AFPParser
false
app
parseNextSF
AFPParser.java
382
com.mgz.afp.parser.AFPParser
false
app
convertToXml
Afp2Xml.java
469
com.mgz.cli.Afp2Xml
false
app
execute
Afp2Xml.java
376
com.mgz.cli.Afp2Xml
false
app
main
Afp2Xml.java
65
com.mgz.cli.Afp2Xml
false
Invalid triplet length: 0
Invalid triplet length: 0
10
Undefined
AADdjUYCmozykg==
app
parseTriplet
TripletParser.java
205
com.mgz.afp.parser.TripletParser
false
app
parseTriplets
TripletParser.java
133
com.mgz.afp.parser.TripletParser
false
app
decodeAFP
StructuredFieldBaseTriplets.java
84
com.mgz.afp.base.StructuredFieldBaseTriplets
false
app
decodeAFP
IAFPDecodeableWriteable.java
64
com.mgz.afp.exceptions.IAFPDecodeableWriteable
false
app
parseNextSFFromBuffer
AFPParser.java
466
com.mgz.afp.parser.AFPParser
false
app
parseNextSF
AFPParser.java
382
com.mgz.afp.parser.AFPParser
false
app
convertToXml
Afp2Xml.java
469
com.mgz.cli.Afp2Xml
false
app
execute
Afp2Xml.java
376
com.mgz.cli.Afp2Xml
false
app
main
Afp2Xml.java
65
com.mgz.cli.Afp2Xml
false
Invalid triplet length: 0
Invalid triplet length: 0
10
Undefined
AADdjUYCmozykg==
app
parseTriplet
TripletParser.java
205
com.mgz.afp.parser.TripletParser
false
app
parseTriplets
TripletParser.java
133
com.mgz.afp.parser.TripletParser
false
app
decodeAFP
StructuredFieldBaseTriplets.java
84
com.mgz.afp.base.StructuredFieldBaseTriplets
false
app
decodeAFP
IAFPDecodeableWriteable.java
64
com.mgz.afp.exceptions.IAFPDecodeableWriteable
false
app
parseNextSFFromBuffer
AFPParser.java
466
com.mgz.afp.parser.AFPParser
false
app
parseNextSF
AFPParser.java
382
com.mgz.afp.parser.AFPParser
false
app
convertToXml
Afp2Xml.java
469
com.mgz.cli.Afp2Xml
false
app
execute
Afp2Xml.java
376
com.mgz.cli.Afp2Xml
false
app
main
Afp2Xml.java
65
com.mgz.cli.Afp2Xml
false
Invalid triplet length: 0
Invalid triplet length: 0
10
Undefined
AADdjUYCmozykg==
app
parseTriplet
TripletParser.java
205
com.mgz.afp.parser.TripletParser
false
app
parseTriplets
TripletParser.java
133
com.mgz.afp.parser.TripletParser
false
app
decodeAFP
StructuredFieldBaseTriplets.java
84
com.mgz.afp.base.StructuredFieldBaseTriplets
false
app
decodeAFP
IAFPDecodeableWriteable.java
64
com.mgz.afp.exceptions.IAFPDecodeableWriteable
false
app
parseNextSFFromBuffer
AFPParser.java
466
com.mgz.afp.parser.AFPParser
false
app
parseNextSF
AFPParser.java
382
com.mgz.afp.parser.AFPParser
false
app
convertToXml
Afp2Xml.java
469
com.mgz.cli.Afp2Xml
false
app
execute
Afp2Xml.java
376
com.mgz.cli.Afp2Xml
false
app
main
Afp2Xml.java
65
com.mgz.cli.Afp2Xml
false
Invalid triplet length: 0
Invalid triplet length: 0
10
Undefined
AADdjUYCmozykg==
app
parseTriplet
TripletParser.java
205
com.mgz.afp.parser.TripletParser
false
app
parseTriplets
TripletParser.java
133
com.mgz.afp.parser.TripletParser
false
app
decodeAFP
StructuredFieldBaseTriplets.java
84
com.mgz.afp.base.StructuredFieldBaseTriplets
false
app
decodeAFP
IAFPDecodeableWriteable.java
64
com.mgz.afp.exceptions.IAFPDecodeableWriteable
false
app
parseNextSFFromBuffer
AFPParser.java
466
com.mgz.afp.parser.AFPParser
false
app
parseNextSF
AFPParser.java
382
com.mgz.afp.parser.AFPParser
false
app
convertToXml
Afp2Xml.java
469
com.mgz.cli.Afp2Xml
false
app
execute
Afp2Xml.java
376
com.mgz.cli.Afp2Xml
false
app
main
Afp2Xml.java
65
com.mgz.cli.Afp2Xml
false
Invalid triplet length: 0
Invalid triplet length: 0
10
Undefined
AADdjUYCmozykg==
app
parseTriplet
TripletParser.java
205
com.mgz.afp.parser.TripletParser
false
app
parseTriplets
TripletParser.java
133
com.mgz.afp.parser.TripletParser
false
app
decodeAFP
StructuredFieldBaseTriplets.java
84
com.mgz.afp.base.StructuredFieldBaseTriplets
false
app
decodeAFP
IAFPDecodeableWriteable.java
64
com.mgz.afp.exceptions.IAFPDecodeableWriteable
false
app
parseNextSFFromBuffer
AFPParser.java
466
com.mgz.afp.parser.AFPParser
false
app
parseNextSF
AFPParser.java
382
com.mgz.afp.parser.AFPParser
false
app
convertToXml
Afp2Xml.java
469
com.mgz.cli.Afp2Xml
false
app
execute
Afp2Xml.java
376
com.mgz.cli.Afp2Xml
false
app
main
Afp2Xml.java
65
com.mgz.cli.Afp2Xml
false
Invalid triplet length: 0
Invalid triplet length: 0
10
Undefined
AADdjUYCmozykg==
app
parseTriplet
TripletParser.java
205
com.mgz.afp.parser.TripletParser
false
app
parseTriplets
TripletParser.java
133
com.mgz.afp.parser.TripletParser
false
app
decodeAFP
StructuredFieldBaseTriplets.java
84
com.mgz.afp.base.StructuredFieldBaseTriplets
false
app
decodeAFP
IAFPDecodeableWriteable.java
64
com.mgz.afp.exceptions.IAFPDecodeableWriteable
false
app
parseNextSFFromBuffer
AFPParser.java
466
com.mgz.afp.parser.AFPParser
false
app
parseNextSF
AFPParser.java
382
com.mgz.afp.parser.AFPParser
false
app
convertToXml
Afp2Xml.java
469
com.mgz.cli.Afp2Xml
false
app
execute
Afp2Xml.java
376
com.mgz.cli.Afp2Xml
false
app
main
Afp2Xml.java
65
com.mgz.cli.Afp2Xml
false
Invalid triplet length: 0
Invalid triplet length: 0
10
Undefined
AADdjUYCmozykg==
app
parseTriplet
TripletParser.java
205
com.mgz.afp.parser.TripletParser
false
app
parseTriplets
TripletParser.java
133
com.mgz.afp.parser.TripletParser
false
app
decodeAFP
StructuredFieldBaseTriplets.java
84
com.mgz.afp.base.StructuredFieldBaseTriplets
false
app
decodeAFP
IAFPDecodeableWriteable.java
64
com.mgz.afp.exceptions.IAFPDecodeableWriteable
false
app
parseNextSFFromBuffer
AFPParser.java
466
com.mgz.afp.parser.AFPParser
false
app
parseNextSF
AFPParser.java
382
com.mgz.afp.parser.AFPParser
false
app
convertToXml
Afp2Xml.java
469
com.mgz.cli.Afp2Xml
false
app
execute
Afp2Xml.java
376
com.mgz.cli.Afp2Xml
false
app
main
Afp2Xml.java
65
com.mgz.cli.Afp2Xml
false
Invalid triplet length: 0
Invalid triplet length: 0
10
Undefined
AADdjUYCmozykg==
app
parseTriplet
TripletParser.java
205
com.mgz.afp.parser.TripletParser
false
app
parseTriplets
TripletParser.java
133
com.mgz.afp.parser.TripletParser
false
app
decodeAFP
StructuredFieldBaseTriplets.java
84
com.mgz.afp.base.StructuredFieldBaseTriplets
false
app
decodeAFP
IAFPDecodeableWriteable.java
64
com.mgz.afp.exceptions.IAFPDecodeableWriteable
false
app
parseNextSFFromBuffer
AFPParser.java
466
com.mgz.afp.parser.AFPParser
false
app
parseNextSF
AFPParser.java
382
com.mgz.afp.parser.AFPParser
false
app
convertToXml
Afp2Xml.java
469
com.mgz.cli.Afp2Xml
false
app
execute
Afp2Xml.java
376
com.mgz.cli.Afp2Xml
false
app
main
Afp2Xml.java
65
com.mgz.cli.Afp2Xml
false
Invalid triplet length: 0
Invalid triplet length: 0
10
Undefined
AADdjUYCmozykg==
app
parseTriplet
TripletParser.java
205
com.mgz.afp.parser.TripletParser
false
app
parseTriplets
TripletParser.java
133
com.mgz.afp.parser.TripletParser
false
app
decodeAFP
StructuredFieldBaseTriplets.java
84
com.mgz.afp.base.StructuredFieldBaseTriplets
false
app
decodeAFP
IAFPDecodeableWriteable.java
64
com.mgz.afp.exceptions.IAFPDecodeableWriteable
false
app
parseNextSFFromBuffer
AFPParser.java
466
com.mgz.afp.parser.AFPParser
false
app
parseNextSF
AFPParser.java
382
com.mgz.afp.parser.AFPParser
false
app
convertToXml
Afp2Xml.java
469
com.mgz.cli.Afp2Xml
false
app
execute
Afp2Xml.java
376
com.mgz.cli.Afp2Xml
false
app
main
Afp2Xml.java
65
com.mgz.cli.Afp2Xml
false
Invalid triplet length: 0
Invalid triplet length: 0
10
Undefined
AADdjUYCmozykg==
app
parseTriplet
TripletParser.java
205
com.mgz.afp.parser.TripletParser
false
app
parseTriplets
TripletParser.java
133
com.mgz.afp.parser.TripletParser
false
app
decodeAFP
StructuredFieldBaseTriplets.java
84
com.mgz.afp.base.StructuredFieldBaseTriplets
false
app
decodeAFP
IAFPDecodeableWriteable.java
64
com.mgz.afp.exceptions.IAFPDecodeableWriteable
false
app
parseNextSFFromBuffer
AFPParser.java
466
com.mgz.afp.parser.AFPParser
false
app
parseNextSF
AFPParser.java
382
com.mgz.afp.parser.AFPParser
false
app
convertToXml
Afp2Xml.java
469
com.mgz.cli.Afp2Xml
false
app
execute
Afp2Xml.java
376
com.mgz.cli.Afp2Xml
false
app
main
Afp2Xml.java
65
com.mgz.cli.Afp2Xml
false
Invalid triplet length: 0
Invalid triplet length: 0
10
Undefined
AADdjUYCmozykg==
app
parseTriplet
TripletParser.java
205
com.mgz.afp.parser.TripletParser
false
app
parseTriplets
TripletParser.java
133
com.mgz.afp.parser.TripletParser
false
app
decodeAFP
StructuredFieldBaseTriplets.java
84
com.mgz.afp.base.StructuredFieldBaseTriplets
false
app
decodeAFP
IAFPDecodeableWriteable.java
64
com.mgz.afp.exceptions.IAFPDecodeableWriteable
false
app
parseNextSFFromBuffer
AFPParser.java
466
com.mgz.afp.parser.AFPParser
false
app
parseNextSF
AFPParser.java
382
com.mgz.afp.parser.AFPParser
false
app
convertToXml
Afp2Xml.java
469
com.mgz.cli.Afp2Xml
false
app
execute
Afp2Xml.java
376
com.mgz.cli.Afp2Xml
false
app
main
Afp2Xml.java
65
com.mgz.cli.Afp2Xml
false
Invalid triplet length: 0
Invalid triplet length: 0
10
Undefined
AADdjUYCmozykg==
app
parseTriplet
TripletParser.java
205
com.mgz.afp.parser.TripletParser
false
app
parseTriplets
TripletParser.java
133
com.mgz.afp.parser.TripletParser
false
app
decodeAFP
StructuredFieldBaseTriplets.java
84
com.mgz.afp.base.StructuredFieldBaseTriplets
false
app
decodeAFP
IAFPDecodeableWriteable.java
64
com.mgz.afp.exceptions.IAFPDecodeableWriteable
false
app
parseNextSFFromBuffer
AFPParser.java
466
com.mgz.afp.parser.AFPParser
false
app
parseNextSF
AFPParser.java
382
com.mgz.afp.parser.AFPParser
false
app
convertToXml
Afp2Xml.java
469
com.mgz.cli.Afp2Xml
false
app
execute
Afp2Xml.java
376
com.mgz.cli.Afp2Xml
false
app
main
Afp2Xml.java
65
com.mgz.cli.Afp2Xml
false
Invalid triplet length: 0
Invalid triplet length: 0
10
Undefined
AADdjUYCmozykg==
app
parseTriplet
TripletParser.java
205
com.mgz.afp.parser.TripletParser
false
app
parseTriplets
TripletParser.java
133
com.mgz.afp.parser.TripletParser
false
app
decodeAFP
StructuredFieldBaseTriplets.java
84
com.mgz.afp.base.StructuredFieldBaseTriplets
false
app
decodeAFP
IAFPDecodeableWriteable.java
64
com.mgz.afp.exceptions.IAFPDecodeableWriteable
false
app
parseNextSFFromBuffer
AFPParser.java
466
com.mgz.afp.parser.AFPParser
false
app
parseNextSF
AFPParser.java
382
com.mgz.afp.parser.AFPParser
false
app
convertToXml
Afp2Xml.java
469
com.mgz.cli.Afp2Xml
false
app
execute
Afp2Xml.java
376
com.mgz.cli.Afp2Xml
false
app
main
Afp2Xml.java
65
com.mgz.cli.Afp2Xml
false
Invalid triplet length: 0
Invalid triplet length: 0
10
Undefined
AADdjUYCmozykg==
app
parseTriplet
TripletParser.java
205
com.mgz.afp.parser.TripletParser
false
app
parseTriplets
TripletParser.java
133
com.mgz.afp.parser.TripletParser
false
app
decodeAFP
StructuredFieldBaseTriplets.java
84
com.mgz.afp.base.StructuredFieldBaseTriplets
false
app
decodeAFP
IAFPDecodeableWriteable.java
64
com.mgz.afp.exceptions.IAFPDecodeableWriteable
false
app
parseNextSFFromBuffer
AFPParser.java
466
com.mgz.afp.parser.AFPParser
false
app
parseNextSF
AFPParser.java
382
com.mgz.afp.parser.AFPParser
false
app
convertToXml
Afp2Xml.java
469
com.mgz.cli.Afp2Xml
false
app
execute
Afp2Xml.java
376
com.mgz.cli.Afp2Xml
false
app
main
Afp2Xml.java
65
com.mgz.cli.Afp2Xml
false
Invalid triplet length: 0
Invalid triplet length: 0
10
Undefined
AADdjUYCmozykg==
app
parseTriplet
TripletParser.java
205
com.mgz.afp.parser.TripletParser
false
app
parseTriplets
TripletParser.java
133
com.mgz.afp.parser.TripletParser
false
app
decodeAFP
StructuredFieldBaseTriplets.java
84
com.mgz.afp.base.StructuredFieldBaseTriplets
false
app
decodeAFP
IAFPDecodeableWriteable.java
64
com.mgz.afp.exceptions.IAFPDecodeableWriteable
false
app
parseNextSFFromBuffer
AFPParser.java
466
com.mgz.afp.parser.AFPParser
false
app
parseNextSF
AFPParser.java
382
com.mgz.afp.parser.AFPParser
false
app
convertToXml
Afp2Xml.java
469
com.mgz.cli.Afp2Xml
false
app
execute
Afp2Xml.java
376
com.mgz.cli.Afp2Xml
false
app
main
Afp2Xml.java
65
com.mgz.cli.Afp2Xml
false
Invalid triplet length: 0
Invalid triplet length: 0
10
Undefined
AADdjUYCmozykg==
app
parseTriplet
TripletParser.java
205
com.mgz.afp.parser.TripletParser
false
app
parseTriplets
TripletParser.java
133
com.mgz.afp.parser.TripletParser
false
app
decodeAFP
StructuredFieldBaseTriplets.java
84
com.mgz.afp.base.StructuredFieldBaseTriplets
false
app
decodeAFP
IAFPDecodeableWriteable.java
64
com.mgz.afp.exceptions.IAFPDecodeableWriteable
false
app
parseNextSFFromBuffer
AFPParser.java
466
com.mgz.afp.parser.AFPParser
false
app
parseNextSF
AFPParser.java
382
com.mgz.afp.parser.AFPParser
false
app
convertToXml
Afp2Xml.java
469
com.mgz.cli.Afp2Xml
false
app
execute
Afp2Xml.java
376
com.mgz.cli.Afp2Xml
false
app
main
Afp2Xml.java
65
com.mgz.cli.Afp2Xml
false
Invalid triplet length: 0
Invalid triplet length: 0
10
Undefined
AADdjUYCmozykg==
app
parseTriplet
TripletParser.java
205
com.mgz.afp.parser.TripletParser
false
app
parseTriplets
TripletParser.java
133
com.mgz.afp.parser.TripletParser
false
app
decodeAFP
StructuredFieldBaseTriplets.java
84
com.mgz.afp.base.StructuredFieldBaseTriplets
false
app
decodeAFP
IAFPDecodeableWriteable.java
64
com.mgz.afp.exceptions.IAFPDecodeableWriteable
false
app
parseNextSFFromBuffer
AFPParser.java
466
com.mgz.afp.parser.AFPParser
false
app
parseNextSF
AFPParser.java
382
com.mgz.afp.parser.AFPParser
false
app
convertToXml
Afp2Xml.java
469
com.mgz.cli.Afp2Xml
false
app
execute
Afp2Xml.java
376
com.mgz.cli.Afp2Xml
false
app
main
Afp2Xml.java
65
com.mgz.cli.Afp2Xml
false
Invalid triplet length: 0
Invalid triplet length: 0
10
Undefined
AADdjUYCmozykg==
app
parseTriplet
TripletParser.java
205
com.mgz.afp.parser.TripletParser
false
app
parseTriplets
TripletParser.java
133
com.mgz.afp.parser.TripletParser
false
app
decodeAFP
StructuredFieldBaseTriplets.java
84
com.mgz.afp.base.StructuredFieldBaseTriplets
false
app
decodeAFP
IAFPDecodeableWriteable.java
64
com.mgz.afp.exceptions.IAFPDecodeableWriteable
false
app
parseNextSFFromBuffer
AFPParser.java
466
com.mgz.afp.parser.AFPParser
false
app
parseNextSF
AFPParser.java
382
com.mgz.afp.parser.AFPParser
false
app
convertToXml
Afp2Xml.java
469
com.mgz.cli.Afp2Xml
false
app
execute
Afp2Xml.java
376
com.mgz.cli.Afp2Xml
false
app
main
Afp2Xml.java
65
com.mgz.cli.Afp2Xml
false
Invalid triplet length: 0
Invalid triplet length: 0
10
Undefined
AADdjUYCmozykg==
app
parseTriplet
TripletParser.java
205
com.mgz.afp.parser.TripletParser
false
app
parseTriplets
TripletParser.java
133
com.mgz.afp.parser.TripletParser
false
app
decodeAFP
StructuredFieldBaseTriplets.java
84
com.mgz.afp.base.StructuredFieldBaseTriplets
false
app
decodeAFP
IAFPDecodeableWriteable.java
64
com.mgz.afp.exceptions.IAFPDecodeableWriteable
false
app
parseNextSFFromBuffer
AFPParser.java
466
com.mgz.afp.parser.AFPParser
false
app
parseNextSF
AFPParser.java
382
com.mgz.afp.parser.AFPParser
false
app
convertToXml
Afp2Xml.java
469
com.mgz.cli.Afp2Xml
false
app
execute
Afp2Xml.java
376
com.mgz.cli.Afp2Xml
false
app
main
Afp2Xml.java
65
com.mgz.cli.Afp2Xml
false
Invalid triplet length: 0
Invalid triplet length: 0
10
Undefined
AADdjUYCmozykg==
app
parseTriplet
TripletParser.java
205
com.mgz.afp.parser.TripletParser
false
app
parseTriplets
TripletParser.java
133
com.mgz.afp.parser.TripletParser
false
app
decodeAFP
StructuredFieldBaseTriplets.java
84
com.mgz.afp.base.StructuredFieldBaseTriplets
false
app
decodeAFP
IAFPDecodeableWriteable.java
64
com.mgz.afp.exceptions.IAFPDecodeableWriteable
false
app
parseNextSFFromBuffer
AFPParser.java
466
com.mgz.afp.parser.AFPParser
false
app
parseNextSF
AFPParser.java
382
com.mgz.afp.parser.AFPParser
false
app
convertToXml
Afp2Xml.java
469
com.mgz.cli.Afp2Xml
false
app
execute
Afp2Xml.java
376
com.mgz.cli.Afp2Xml
false
app
main
Afp2Xml.java
65
com.mgz.cli.Afp2Xml
false
Invalid triplet length: 0
Invalid triplet length: 0
10
Undefined
AADdjUYCmozykg==
app
parseTriplet
TripletParser.java
205
com.mgz.afp.parser.TripletParser
false
app
parseTriplets
TripletParser.java
133
com.mgz.afp.parser.TripletParser
false
app
decodeAFP
StructuredFieldBaseTriplets.java
84
com.mgz.afp.base.StructuredFieldBaseTriplets
false
app
decodeAFP
IAFPDecodeableWriteable.java
64
com.mgz.afp.exceptions.IAFPDecodeableWriteable
false
app
parseNextSFFromBuffer
AFPParser.java
466
com.mgz.afp.parser.AFPParser
false
app
parseNextSF
AFPParser.java
382
com.mgz.afp.parser.AFPParser
false
app
convertToXml
Afp2Xml.java
469
com.mgz.cli.Afp2Xml
false
app
execute
Afp2Xml.java
376
com.mgz.cli.Afp2Xml
false
app
main
Afp2Xml.java
65
com.mgz.cli.Afp2Xml
false
Invalid triplet length: 0
Invalid triplet length: 0
10
Undefined
AADdjUYCmozykg==
app
parseTriplet
TripletParser.java
205
com.mgz.afp.parser.TripletParser
false
app
parseTriplets
TripletParser.java
133
com.mgz.afp.parser.TripletParser
false
app
decodeAFP
StructuredFieldBaseTriplets.java
84
com.mgz.afp.base.StructuredFieldBaseTriplets
false
app
decodeAFP
IAFPDecodeableWriteable.java
64
com.mgz.afp.exceptions.IAFPDecodeableWriteable
false
app
parseNextSFFromBuffer
AFPParser.java
466
com.mgz.afp.parser.AFPParser
false
app
parseNextSF
AFPParser.java
382
com.mgz.afp.parser.AFPParser
false
app
convertToXml
Afp2Xml.java
469
com.mgz.cli.Afp2Xml
false
app
execute
Afp2Xml.java
376
com.mgz.cli.Afp2Xml
false
app
main
Afp2Xml.java
65
com.mgz.cli.Afp2Xml
false
Invalid triplet length: 0
Invalid triplet length: 0
10
Undefined
AADdjUYCmozykg==
app
parseTriplet
TripletParser.java
205
com.mgz.afp.parser.TripletParser
false
app
parseTriplets
TripletParser.java
133
com.mgz.afp.parser.TripletParser
false
app
decodeAFP
StructuredFieldBaseTriplets.java
84
com.mgz.afp.base.StructuredFieldBaseTriplets
false
app
decodeAFP
IAFPDecodeableWriteable.java
64
com.mgz.afp.exceptions.IAFPDecodeableWriteable
false
app
parseNextSFFromBuffer
AFPParser.java
466
com.mgz.afp.parser.AFPParser
false
app
parseNextSF
AFPParser.java
382
com.mgz.afp.parser.AFPParser
false
app
convertToXml
Afp2Xml.java
469
com.mgz.cli.Afp2Xml
false
app
execute
Afp2Xml.java
376
com.mgz.cli.Afp2Xml
false
app
main
Afp2Xml.java
65
com.mgz.cli.Afp2Xml
false
Invalid triplet length: 0
Invalid triplet length: 0
10
Undefined
AADdjUYCmozykg==
app
parseTriplet
TripletParser.java
205
com.mgz.afp.parser.TripletParser
false
app
parseTriplets
TripletParser.java
133
com.mgz.afp.parser.TripletParser
false
app
decodeAFP
StructuredFieldBaseTriplets.java
84
com.mgz.afp.base.StructuredFieldBaseTriplets
false
app
decodeAFP
IAFPDecodeableWriteable.java
64
com.mgz.afp.exceptions.IAFPDecodeableWriteable
false
app
parseNextSFFromBuffer
AFPParser.java
466
com.mgz.afp.parser.AFPParser
false
app
parseNextSF
AFPParser.java
382
com.mgz.afp.parser.AFPParser
false
app
convertToXml
Afp2Xml.java
469
com.mgz.cli.Afp2Xml
false
app
execute
Afp2Xml.java
376
com.mgz.cli.Afp2Xml
false
app
main
Afp2Xml.java
65
com.mgz.cli.Afp2Xml
false
Invalid triplet length: 0
Invalid triplet length: 0
10
Undefined
AADdjUYCmozykg==
app
parseTriplet
TripletParser.java
205
com.mgz.afp.parser.TripletParser
false
app
parseTriplets
TripletParser.java
133
com.mgz.afp.parser.TripletParser
false
app
decodeAFP
StructuredFieldBaseTriplets.java
84
com.mgz.afp.base.StructuredFieldBaseTriplets
false
app
decodeAFP
IAFPDecodeableWriteable.java
64
com.mgz.afp.exceptions.IAFPDecodeableWriteable
false
app
parseNextSFFromBuffer
AFPParser.java
466
com.mgz.afp.parser.AFPParser
false
app
parseNextSF
AFPParser.java
382
com.mgz.afp.parser.AFPParser
false
app
convertToXml
Afp2Xml.java
469
com.mgz.cli.Afp2Xml
false
app
execute
Afp2Xml.java
376
com.mgz.cli.Afp2Xml
false
app
main
Afp2Xml.java
65
com.mgz.cli.Afp2Xml
false
Invalid triplet length: 0
Invalid triplet length: 0
10
Undefined
AADdjUYCmozykg==
app
parseTriplet
TripletParser.java
205
com.mgz.afp.parser.TripletParser
false
app
parseTriplets
TripletParser.java
133
com.mgz.afp.parser.TripletParser
false
app
decodeAFP
StructuredFieldBaseTriplets.java
84
com.mgz.afp.base.StructuredFieldBaseTriplets
false
app
decodeAFP
IAFPDecodeableWriteable.java
64
com.mgz.afp.exceptions.IAFPDecodeableWriteable
false
app
parseNextSFFromBuffer
AFPParser.java
466
com.mgz.afp.parser.AFPParser
false
app
parseNextSF
AFPParser.java
382
com.mgz.afp.parser.AFPParser
false
app
convertToXml
Afp2Xml.java
469
com.mgz.cli.Afp2Xml
false
app
execute
Afp2Xml.java
376
com.mgz.cli.Afp2Xml
false
app
main
Afp2Xml.java
65
com.mgz.cli.Afp2Xml
false
Invalid triplet length: 0
Invalid triplet length: 0
10
Undefined
AADdjUYCmozykg==
app
parseTriplet
TripletParser.java
205
com.mgz.afp.parser.TripletParser
false
app
parseTriplets
TripletParser.java
133
com.mgz.afp.parser.TripletParser
false
app
decodeAFP
StructuredFieldBaseTriplets.java
84
com.mgz.afp.base.StructuredFieldBaseTriplets
false
app
decodeAFP
IAFPDecodeableWriteable.java
64
com.mgz.afp.exceptions.IAFPDecodeableWriteable
false
app
parseNextSFFromBuffer
AFPParser.java
466
com.mgz.afp.parser.AFPParser
false
app
parseNextSF
AFPParser.java
382
com.mgz.afp.parser.AFPParser
false
app
convertToXml
Afp2Xml.java
469
com.mgz.cli.Afp2Xml
false
app
execute
Afp2Xml.java
376
com.mgz.cli.Afp2Xml
false
app
main
Afp2Xml.java
65
com.mgz.cli.Afp2Xml
false
Invalid triplet length: 0
Invalid triplet length: 0
10
Undefined
AADdjUYCmozykg==
app
parseTriplet
TripletParser.java
205
com.mgz.afp.parser.TripletParser
false
app
parseTriplets
TripletParser.java
133
com.mgz.afp.parser.TripletParser
false
app
decodeAFP
StructuredFieldBaseTriplets.java
84
com.mgz.afp.base.StructuredFieldBaseTriplets
false
app
decodeAFP
IAFPDecodeableWriteable.java
64
com.mgz.afp.exceptions.IAFPDecodeableWriteable
false
app
parseNextSFFromBuffer
AFPParser.java
466
com.mgz.afp.parser.AFPParser
false
app
parseNextSF
AFPParser.java
382
com.mgz.afp.parser.AFPParser
false
app
convertToXml
Afp2Xml.java
469
com.mgz.cli.Afp2Xml
false
app
execute
Afp2Xml.java
376
com.mgz.cli.Afp2Xml
false
app
main
Afp2Xml.java
65
com.mgz.cli.Afp2Xml
false
Invalid triplet length: 0
Invalid triplet length: 0
10
Undefined
AADdjUYCmozykg==
app
parseTriplet
TripletParser.java
205
com.mgz.afp.parser.TripletParser
false
app
parseTriplets
TripletParser.java
133
com.mgz.afp.parser.TripletParser
false
app
decodeAFP
StructuredFieldBaseTriplets.java
84
com.mgz.afp.base.StructuredFieldBaseTriplets
false
app
decodeAFP
IAFPDecodeableWriteable.java
64
com.mgz.afp.exceptions.IAFPDecodeableWriteable
false
app
parseNextSFFromBuffer
AFPParser.java
466
com.mgz.afp.parser.AFPParser
false
app
parseNextSF
AFPParser.java
382
com.mgz.afp.parser.AFPParser
false
app
convertToXml
Afp2Xml.java
469
com.mgz.cli.Afp2Xml
false
app
execute
Afp2Xml.java
376
com.mgz.cli.Afp2Xml
false
app
main
Afp2Xml.java
65
com.mgz.cli.Afp2Xml
false
Invalid triplet length: 0
Invalid triplet length: 0
10
Undefined
AADdjUYCmozykg==
app
parseTriplet
TripletParser.java
205
com.mgz.afp.parser.TripletParser
false
app
parseTriplets
TripletParser.java
133
com.mgz.afp.parser.TripletParser
false
app
decodeAFP
StructuredFieldBaseTriplets.java
84
com.mgz.afp.base.StructuredFieldBaseTriplets
false
app
decodeAFP
IAFPDecodeableWriteable.java
64
com.mgz.afp.exceptions.IAFPDecodeableWriteable
false
app
parseNextSFFromBuffer
AFPParser.java
466
com.mgz.afp.parser.AFPParser
false
app
parseNextSF
AFPParser.java
382
com.mgz.afp.parser.AFPParser
false
app
convertToXml
Afp2Xml.java
469
com.mgz.cli.Afp2Xml
false
app
execute
Afp2Xml.java
376
com.mgz.cli.Afp2Xml
false
app
main
Afp2Xml.java
65
com.mgz.cli.Afp2Xml
false
Invalid triplet length: 0
Invalid triplet length: 0
10
Undefined
AADdjUYCmozykg==
app
parseTriplet
TripletParser.java
205
com.mgz.afp.parser.TripletParser
false
app
parseTriplets
TripletParser.java
133
com.mgz.afp.parser.TripletParser
false
app
decodeAFP
StructuredFieldBaseTriplets.java
84
com.mgz.afp.base.StructuredFieldBaseTriplets
false
app
decodeAFP
IAFPDecodeableWriteable.java
64
com.mgz.afp.exceptions.IAFPDecodeableWriteable
false
app
parseNextSFFromBuffer
AFPParser.java
466
com.mgz.afp.parser.AFPParser
false
app
parseNextSF
AFPParser.java
382
com.mgz.afp.parser.AFPParser
false
app
convertToXml
Afp2Xml.java
469
com.mgz.cli.Afp2Xml
false
app
execute
Afp2Xml.java
376
com.mgz.cli.Afp2Xml
false
app
main
Afp2Xml.java
65
com.mgz.cli.Afp2Xml
false
Invalid triplet length: 0
Invalid triplet length: 0
10
Undefined
AADdjUYCmozykg==
app
parseTriplet
TripletParser.java
205
com.mgz.afp.parser.TripletParser
false
app
parseTriplets
TripletParser.java
133
com.mgz.afp.parser.TripletParser
false
app
decodeAFP
StructuredFieldBaseTriplets.java
84
com.mgz.afp.base.StructuredFieldBaseTriplets
false
app
decodeAFP
IAFPDecodeableWriteable.java
64
com.mgz.afp.exceptions.IAFPDecodeableWriteable
false
app
parseNextSFFromBuffer
AFPParser.java
466
com.mgz.afp.parser.AFPParser
false
app
parseNextSF
AFPParser.java
382
com.mgz.afp.parser.AFPParser
false
app
convertToXml
Afp2Xml.java
469
com.mgz.cli.Afp2Xml
false
app
execute
Afp2Xml.java
376
com.mgz.cli.Afp2Xml
false
app
main
Afp2Xml.java
65
com.mgz.cli.Afp2Xml
false
Invalid triplet length: 0
Invalid triplet length: 0
10
Undefined
AADdjUYCmozykg==
app
parseTriplet
TripletParser.java
205
com.mgz.afp.parser.TripletParser
false
app
parseTriplets
TripletParser.java
133
com.mgz.afp.parser.TripletParser
false
app
decodeAFP
StructuredFieldBaseTriplets.java
84
com.mgz.afp.base.StructuredFieldBaseTriplets
false
app
decodeAFP
IAFPDecodeableWriteable.java
64
com.mgz.afp.exceptions.IAFPDecodeableWriteable
false
app
parseNextSFFromBuffer
AFPParser.java
466
com.mgz.afp.parser.AFPParser
false
app
parseNextSF
AFPParser.java
382
com.mgz.afp.parser.AFPParser
false
app
convertToXml
Afp2Xml.java
469
com.mgz.cli.Afp2Xml
false
app
execute
Afp2Xml.java
376
com.mgz.cli.Afp2Xml
false
app
main
Afp2Xml.java
65
com.mgz.cli.Afp2Xml
false
Invalid triplet length: 0
Invalid triplet length: 0
10
Undefined
AADdjUYCmozykg==
app
parseTriplet
TripletParser.java
205
com.mgz.afp.parser.TripletParser
false
app
parseTriplets
TripletParser.java
133
com.mgz.afp.parser.TripletParser
false
app
decodeAFP
StructuredFieldBaseTriplets.java
84
com.mgz.afp.base.StructuredFieldBaseTriplets
false
app
decodeAFP
IAFPDecodeableWriteable.java
64
com.mgz.afp.exceptions.IAFPDecodeableWriteable
false
app
parseNextSFFromBuffer
AFPParser.java
466
com.mgz.afp.parser.AFPParser
false
app
parseNextSF
AFPParser.java
382
com.mgz.afp.parser.AFPParser
false
app
convertToXml
Afp2Xml.java
469
com.mgz.cli.Afp2Xml
false
app
execute
Afp2Xml.java
376
com.mgz.cli.Afp2Xml
false
app
main
Afp2Xml.java
65
com.mgz.cli.Afp2Xml
false
Invalid triplet length: 0
Invalid triplet length: 0
10
Undefined
AADdjUYCmozykg==
app
parseTriplet
TripletParser.java
205
com.mgz.afp.parser.TripletParser
false
app
parseTriplets
TripletParser.java
133
com.mgz.afp.parser.TripletParser
false
app
decodeAFP
StructuredFieldBaseTriplets.java
84
com.mgz.afp.base.StructuredFieldBaseTriplets
false
app
decodeAFP
IAFPDecodeableWriteable.java
64
com.mgz.afp.exceptions.IAFPDecodeableWriteable
false
app
parseNextSFFromBuffer
AFPParser.java
466
com.mgz.afp.parser.AFPParser
false
app
parseNextSF
AFPParser.java
382
com.mgz.afp.parser.AFPParser
false
app
convertToXml
Afp2Xml.java
469
com.mgz.cli.Afp2Xml
false
app
execute
Afp2Xml.java
376
com.mgz.cli.Afp2Xml
false
app
main
Afp2Xml.java
65
com.mgz.cli.Afp2Xml
false
Invalid triplet length: 0
Invalid triplet length: 0
10
Undefined
AADdjUYCmozykg==
app
parseTriplet
TripletParser.java
205
com.mgz.afp.parser.TripletParser
false
app
parseTriplets
TripletParser.java
133
com.mgz.afp.parser.TripletParser
false
app
decodeAFP
StructuredFieldBaseTriplets.java
84
com.mgz.afp.base.StructuredFieldBaseTriplets
false
app
decodeAFP
IAFPDecodeableWriteable.java
64
com.mgz.afp.exceptions.IAFPDecodeableWriteable
false
app
parseNextSFFromBuffer
AFPParser.java
466
com.mgz.afp.parser.AFPParser
false
app
parseNextSF
AFPParser.java
382
com.mgz.afp.parser.AFPParser
false
app
convertToXml
Afp2Xml.java
469
com.mgz.cli.Afp2Xml
false
app
execute
Afp2Xml.java
376
com.mgz.cli.Afp2Xml
false
app
main
Afp2Xml.java
65
com.mgz.cli.Afp2Xml
false
Invalid triplet length: 0
Invalid triplet length: 0
10
Undefined
AADdjUYCmozykg==
app
parseTriplet
TripletParser.java
205
com.mgz.afp.parser.TripletParser
false
app
parseTriplets
TripletParser.java
133
com.mgz.afp.parser.TripletParser
false
app
decodeAFP
StructuredFieldBaseTriplets.java
84
com.mgz.afp.base.StructuredFieldBaseTriplets
false
app
decodeAFP
IAFPDecodeableWriteable.java
64
com.mgz.afp.exceptions.IAFPDecodeableWriteable
false
app
parseNextSFFromBuffer
AFPParser.java
466
com.mgz.afp.parser.AFPParser
false
app
parseNextSF
AFPParser.java
382
com.mgz.afp.parser.AFPParser
false
app
convertToXml
Afp2Xml.java
469
com.mgz.cli.Afp2Xml
false
app
execute
Afp2Xml.java
376
com.mgz.cli.Afp2Xml
false
app
main
Afp2Xml.java
65
com.mgz.cli.Afp2Xml
false
Invalid triplet length: 0
Invalid triplet length: 0
10
Undefined
AADdjUYCmozykg==
app
parseTriplet
TripletParser.java
205
com.mgz.afp.parser.TripletParser
false
app
parseTriplets
TripletParser.java
133
com.mgz.afp.parser.TripletParser
false
app
decodeAFP
StructuredFieldBaseTriplets.java
84
com.mgz.afp.base.StructuredFieldBaseTriplets
false
app
decodeAFP
IAFPDecodeableWriteable.java
64
com.mgz.afp.exceptions.IAFPDecodeableWriteable
false
app
parseNextSFFromBuffer
AFPParser.java
466
com.mgz.afp.parser.AFPParser
false
app
parseNextSF
AFPParser.java
382
com.mgz.afp.parser.AFPParser
false
app
convertToXml
Afp2Xml.java
469
com.mgz.cli.Afp2Xml
false
app
execute
Afp2Xml.java
376
com.mgz.cli.Afp2Xml
false
app
main
Afp2Xml.java
65
com.mgz.cli.Afp2Xml
false
Invalid triplet length: 0
Invalid triplet length: 0
10
Undefined
AADdjUYCmozykg==
app
parseTriplet
TripletParser.java
205
com.mgz.afp.parser.TripletParser
false
app
parseTriplets
TripletParser.java
133
com.mgz.afp.parser.TripletParser
false
app
decodeAFP
StructuredFieldBaseTriplets.java
84
com.mgz.afp.base.StructuredFieldBaseTriplets
false
app
decodeAFP
IAFPDecodeableWriteable.java
64
com.mgz.afp.exceptions.IAFPDecodeableWriteable
false
app
parseNextSFFromBuffer
AFPParser.java
466
com.mgz.afp.parser.AFPParser
false
app
parseNextSF
AFPParser.java
382
com.mgz.afp.parser.AFPParser
false
app
convertToXml
Afp2Xml.java
469
com.mgz.cli.Afp2Xml
false
app
execute
Afp2Xml.java
376
com.mgz.cli.Afp2Xml
false
app
main
Afp2Xml.java
65
com.mgz.cli.Afp2Xml
false
Invalid triplet length: 0
Invalid triplet length: 0
10
Undefined
AADdjUYCmozykg==
app
parseTriplet
TripletParser.java
205
com.mgz.afp.parser.TripletParser
false
app
parseTriplets
TripletParser.java
133
com.mgz.afp.parser.TripletParser
false
app
decodeAFP
StructuredFieldBaseTriplets.java
84
com.mgz.afp.base.StructuredFieldBaseTriplets
false
app
decodeAFP
IAFPDecodeableWriteable.java
64
com.mgz.afp.exceptions.IAFPDecodeableWriteable
false
app
parseNextSFFromBuffer
AFPParser.java
466
com.mgz.afp.parser.AFPParser
false
app
parseNextSF
AFPParser.java
382
com.mgz.afp.parser.AFPParser
false
app
convertToXml
Afp2Xml.java
469
com.mgz.cli.Afp2Xml
false
app
execute
Afp2Xml.java
376
com.mgz.cli.Afp2Xml
false
app
main
Afp2Xml.java
65
com.mgz.cli.Afp2Xml
false
Invalid triplet length: 0
Invalid triplet length: 0
10
Undefined
AADdjUYCmozykg==
app
parseTriplet
TripletParser.java
205
com.mgz.afp.parser.TripletParser
false
app
parseTriplets
TripletParser.java
133
com.mgz.afp.parser.TripletParser
false
app
decodeAFP
StructuredFieldBaseTriplets.java
84
com.mgz.afp.base.StructuredFieldBaseTriplets
false
app
decodeAFP
IAFPDecodeableWriteable.java
64
com.mgz.afp.exceptions.IAFPDecodeableWriteable
false
app
parseNextSFFromBuffer
AFPParser.java
466
com.mgz.afp.parser.AFPParser
false
app
parseNextSF
AFPParser.java
382
com.mgz.afp.parser.AFPParser
false
app
convertToXml
Afp2Xml.java
469
com.mgz.cli.Afp2Xml
false
app
execute
Afp2Xml.java
376
com.mgz.cli.Afp2Xml
false
app
main
Afp2Xml.java
65
com.mgz.cli.Afp2Xml
false
Invalid triplet length: 0
Invalid triplet length: 0
10
Undefined
AADdjUYCmozykg==
app
parseTriplet
TripletParser.java
205
com.mgz.afp.parser.TripletParser
false
app
parseTriplets
TripletParser.java
133
com.mgz.afp.parser.TripletParser
false
app
decodeAFP
StructuredFieldBaseTriplets.java
84
com.mgz.afp.base.StructuredFieldBaseTriplets
false
app
decodeAFP
IAFPDecodeableWriteable.java
64
com.mgz.afp.exceptions.IAFPDecodeableWriteable
false
app
parseNextSFFromBuffer
AFPParser.java
466
com.mgz.afp.parser.AFPParser
false
app
parseNextSF
AFPParser.java
382
com.mgz.afp.parser.AFPParser
false
app
convertToXml
Afp2Xml.java
469
com.mgz.cli.Afp2Xml
false
app
execute
Afp2Xml.java
376
com.mgz.cli.Afp2Xml
false
app
main
Afp2Xml.java
65
com.mgz.cli.Afp2Xml
false
Invalid triplet length: 0
Invalid triplet length: 0
10
Undefined
AADdjUYCmozykg==
app
parseTriplet
TripletParser.java
205
com.mgz.afp.parser.TripletParser
false
app
parseTriplets
TripletParser.java
133
com.mgz.afp.parser.TripletParser
false
app
decodeAFP
StructuredFieldBaseTriplets.java
84
com.mgz.afp.base.StructuredFieldBaseTriplets
false
app
decodeAFP
IAFPDecodeableWriteable.java
64
com.mgz.afp.exceptions.IAFPDecodeableWriteable
false
app
parseNextSFFromBuffer
AFPParser.java
466
com.mgz.afp.parser.AFPParser
false
app
parseNextSF
AFPParser.java
382
com.mgz.afp.parser.AFPParser
false
app
convertToXml
Afp2Xml.java
469
com.mgz.cli.Afp2Xml
false
app
execute
Afp2Xml.java
376
com.mgz.cli.Afp2Xml
false
app
main
Afp2Xml.java
65
com.mgz.cli.Afp2Xml
false
Invalid triplet length: 0
Invalid triplet length: 0
10
Undefined
AADdjUYCmozykg==
app
parseTriplet
TripletParser.java
205
com.mgz.afp.parser.TripletParser
false
app
parseTriplets
TripletParser.java
133
com.mgz.afp.parser.TripletParser
false
app
decodeAFP
StructuredFieldBaseTriplets.java
84
com.mgz.afp.base.StructuredFieldBaseTriplets
false
app
decodeAFP
IAFPDecodeableWriteable.java
64
com.mgz.afp.exceptions.IAFPDecodeableWriteable
false
app
parseNextSFFromBuffer
AFPParser.java
466
com.mgz.afp.parser.AFPParser
false
app
parseNextSF
AFPParser.java
382
com.mgz.afp.parser.AFPParser
false
app
convertToXml
Afp2Xml.java
469
com.mgz.cli.Afp2Xml
false
app
execute
Afp2Xml.java
376
com.mgz.cli.Afp2Xml
false
app
main
Afp2Xml.java
65
com.mgz.cli.Afp2Xml
false
Invalid triplet length: 0
Invalid triplet length: 0
10
Undefined
AADdjUYCmozykg==
app
parseTriplet
TripletParser.java
205
com.mgz.afp.parser.TripletParser
false
app
parseTriplets
TripletParser.java
133
com.mgz.afp.parser.TripletParser
false
app
decodeAFP
StructuredFieldBaseTriplets.java
84
com.mgz.afp.base.StructuredFieldBaseTriplets
false
app
decodeAFP
IAFPDecodeableWriteable.java
64
com.mgz.afp.exceptions.IAFPDecodeableWriteable
false
app
parseNextSFFromBuffer
AFPParser.java
466
com.mgz.afp.parser.AFPParser
false
app
parseNextSF
AFPParser.java
382
com.mgz.afp.parser.AFPParser
false
app
convertToXml
Afp2Xml.java
469
com.mgz.cli.Afp2Xml
false
app
execute
Afp2Xml.java
376
com.mgz.cli.Afp2Xml
false
app
main
Afp2Xml.java
65
com.mgz.cli.Afp2Xml
false
Invalid triplet length: 0
Invalid triplet length: 0
10
Undefined
AADdjUYCmozykg==
app
parseTriplet
TripletParser.java
205
com.mgz.afp.parser.TripletParser
false
app
parseTriplets
TripletParser.java
133
com.mgz.afp.parser.TripletParser
false
app
decodeAFP
StructuredFieldBaseTriplets.java
84
com.mgz.afp.base.StructuredFieldBaseTriplets
false
app
decodeAFP
IAFPDecodeableWriteable.java
64
com.mgz.afp.exceptions.IAFPDecodeableWriteable
false
app
parseNextSFFromBuffer
AFPParser.java
466
com.mgz.afp.parser.AFPParser
false
app
parseNextSF
AFPParser.java
382
com.mgz.afp.parser.AFPParser
false
app
convertToXml
Afp2Xml.java
469
com.mgz.cli.Afp2Xml
false
app
execute
Afp2Xml.java
376
com.mgz.cli.Afp2Xml
false
app
main
Afp2Xml.java
65
com.mgz.cli.Afp2Xml
false
Invalid triplet length: 0
Invalid triplet length: 0
10
Undefined
AADdjUYCmozykg==
app
parseTriplet
TripletParser.java
205
com.mgz.afp.parser.TripletParser
false
app
parseTriplets
TripletParser.java
133
com.mgz.afp.parser.TripletParser
false
app
decodeAFP
StructuredFieldBaseTriplets.java
84
com.mgz.afp.base.StructuredFieldBaseTriplets
false
app
decodeAFP
IAFPDecodeableWriteable.java
64
com.mgz.afp.exceptions.IAFPDecodeableWriteable
false
app
parseNextSFFromBuffer
AFPParser.java
466
com.mgz.afp.parser.AFPParser
false
app
parseNextSF
AFPParser.java
382
com.mgz.afp.parser.AFPParser
false
app
convertToXml
Afp2Xml.java
469
com.mgz.cli.Afp2Xml
false
app
execute
Afp2Xml.java
376
com.mgz.cli.Afp2Xml
false
app
main
Afp2Xml.java
65
com.mgz.cli.Afp2Xml
false
Invalid triplet length: 0
Invalid triplet length: 0
10
Undefined
AADdjUYCmozykg==
app
parseTriplet
TripletParser.java
205
com.mgz.afp.parser.TripletParser
false
app
parseTriplets
TripletParser.java
133
com.mgz.afp.parser.TripletParser
false
app
decodeAFP
StructuredFieldBaseTriplets.java
84
com.mgz.afp.base.StructuredFieldBaseTriplets
false
app
decodeAFP
IAFPDecodeableWriteable.java
64
com.mgz.afp.exceptions.IAFPDecodeableWriteable
false
app
parseNextSFFromBuffer
AFPParser.java
466
com.mgz.afp.parser.AFPParser
false
app
parseNextSF
AFPParser.java
382
com.mgz.afp.parser.AFPParser
false
app
convertToXml
Afp2Xml.java
469
com.mgz.cli.Afp2Xml
false
app
execute
Afp2Xml.java
376
com.mgz.cli.Afp2Xml
false
app
main
Afp2Xml.java
65
com.mgz.cli.Afp2Xml
false
Invalid triplet length: 0
Invalid triplet length: 0
10
Undefined
AADdjUYCmozykg==
app
parseTriplet
TripletParser.java
205
com.mgz.afp.parser.TripletParser
false
app
parseTriplets
TripletParser.java
133
com.mgz.afp.parser.TripletParser
false
app
decodeAFP
StructuredFieldBaseTriplets.java
84
com.mgz.afp.base.StructuredFieldBaseTriplets
false
app
decodeAFP
IAFPDecodeableWriteable.java
64
com.mgz.afp.exceptions.IAFPDecodeableWriteable
false
app
parseNextSFFromBuffer
AFPParser.java
466
com.mgz.afp.parser.AFPParser
false
app
parseNextSF
AFPParser.java
382
com.mgz.afp.parser.AFPParser
false
app
convertToXml
Afp2Xml.java
469
com.mgz.cli.Afp2Xml
false
app
execute
Afp2Xml.java
376
com.mgz.cli.Afp2Xml
false
app
main
Afp2Xml.java
65
com.mgz.cli.Afp2Xml
false
Invalid triplet length: 0
Invalid triplet length: 0
10
Undefined
AADdjUYCmozykg==
app
parseTriplet
TripletParser.java
205
com.mgz.afp.parser.TripletParser
false
app
parseTriplets
TripletParser.java
133
com.mgz.afp.parser.TripletParser
false
app
decodeAFP
StructuredFieldBaseTriplets.java
84
com.mgz.afp.base.StructuredFieldBaseTriplets
false
app
decodeAFP
IAFPDecodeableWriteable.java
64
com.mgz.afp.exceptions.IAFPDecodeableWriteable
false
app
parseNextSFFromBuffer
AFPParser.java
466
com.mgz.afp.parser.AFPParser
false
app
parseNextSF
AFPParser.java
382
com.mgz.afp.parser.AFPParser
false
app
convertToXml
Afp2Xml.java
469
com.mgz.cli.Afp2Xml
false
app
execute
Afp2Xml.java
376
com.mgz.cli.Afp2Xml
false
app
main
Afp2Xml.java
65
com.mgz.cli.Afp2Xml
false
Invalid triplet length: 0
Invalid triplet length: 0
10
Undefined
AADdjUYCmozykg==
app
parseTriplet
TripletParser.java
205
com.mgz.afp.parser.TripletParser
false
app
parseTriplets
TripletParser.java
133
com.mgz.afp.parser.TripletParser
false
app
decodeAFP
StructuredFieldBaseTriplets.java
84
com.mgz.afp.base.StructuredFieldBaseTriplets
false
app
decodeAFP
IAFPDecodeableWriteable.java
64
com.mgz.afp.exceptions.IAFPDecodeableWriteable
false
app
parseNextSFFromBuffer
AFPParser.java
466
com.mgz.afp.parser.AFPParser
false
app
parseNextSF
AFPParser.java
382
com.mgz.afp.parser.AFPParser
false
app
convertToXml
Afp2Xml.java
469
com.mgz.cli.Afp2Xml
false
app
execute
Afp2Xml.java
376
com.mgz.cli.Afp2Xml
false
app
main
Afp2Xml.java
65
com.mgz.cli.Afp2Xml
false
Invalid triplet length: 0
Invalid triplet length: 0
10
Undefined
AADdjUYCmozykg==
app
parseTriplet
TripletParser.java
205
com.mgz.afp.parser.TripletParser
false
app
parseTriplets
TripletParser.java
133
com.mgz.afp.parser.TripletParser
false
app
decodeAFP
StructuredFieldBaseTriplets.java
84
com.mgz.afp.base.StructuredFieldBaseTriplets
false
app
decodeAFP
IAFPDecodeableWriteable.java
64
com.mgz.afp.exceptions.IAFPDecodeableWriteable
false
app
parseNextSFFromBuffer
AFPParser.java
466
com.mgz.afp.parser.AFPParser
false
app
parseNextSF
AFPParser.java
382
com.mgz.afp.parser.AFPParser
false
app
convertToXml
Afp2Xml.java
469
com.mgz.cli.Afp2Xml
false
app
execute
Afp2Xml.java
376
com.mgz.cli.Afp2Xml
false
app
main
Afp2Xml.java
65
com.mgz.cli.Afp2Xml
false
Invalid triplet length: 0
Invalid triplet length: 0
10
Undefined
AADdjUYCmozykg==
app
parseTriplet
TripletParser.java
205
com.mgz.afp.parser.TripletParser
false
app
parseTriplets
TripletParser.java
133
com.mgz.afp.parser.TripletParser
false
app
decodeAFP
StructuredFieldBaseTriplets.java
84
com.mgz.afp.base.StructuredFieldBaseTriplets
false
app
decodeAFP
IAFPDecodeableWriteable.java
64
com.mgz.afp.exceptions.IAFPDecodeableWriteable
false
app
parseNextSFFromBuffer
AFPParser.java
466
com.mgz.afp.parser.AFPParser
false
app
parseNextSF
AFPParser.java
382
com.mgz.afp.parser.AFPParser
false
app
convertToXml
Afp2Xml.java
469
com.mgz.cli.Afp2Xml
false
app
execute
Afp2Xml.java
376
com.mgz.cli.Afp2Xml
false
app
main
Afp2Xml.java
65
com.mgz.cli.Afp2Xml
false
Invalid triplet length: 0
Invalid triplet length: 0
10
Undefined
AADdjUYCmozykg==
app
parseTriplet
TripletParser.java
205
com.mgz.afp.parser.TripletParser
false
app
parseTriplets
TripletParser.java
133
com.mgz.afp.parser.TripletParser
false
app
decodeAFP
StructuredFieldBaseTriplets.java
84
com.mgz.afp.base.StructuredFieldBaseTriplets
false
app
decodeAFP
IAFPDecodeableWriteable.java
64
com.mgz.afp.exceptions.IAFPDecodeableWriteable
false
app
parseNextSFFromBuffer
AFPParser.java
466
com.mgz.afp.parser.AFPParser
false
app
parseNextSF
AFPParser.java
382
com.mgz.afp.parser.AFPParser
false
app
convertToXml
Afp2Xml.java
469
com.mgz.cli.Afp2Xml
false
app
execute
Afp2Xml.java
376
com.mgz.cli.Afp2Xml
false
app
main
Afp2Xml.java
65
com.mgz.cli.Afp2Xml
false
Invalid triplet length: 0
Invalid triplet length: 0
10
Undefined
AADdjUYCmozykg==
app
parseTriplet
TripletParser.java
205
com.mgz.afp.parser.TripletParser
false
app
parseTriplets
TripletParser.java
133
com.mgz.afp.parser.TripletParser
false
app
decodeAFP
StructuredFieldBaseTriplets.java
84
com.mgz.afp.base.StructuredFieldBaseTriplets
false
app
decodeAFP
IAFPDecodeableWriteable.java
64
com.mgz.afp.exceptions.IAFPDecodeableWriteable
false
app
parseNextSFFromBuffer
AFPParser.java
466
com.mgz.afp.parser.AFPParser
false
app
parseNextSF
AFPParser.java
382
com.mgz.afp.parser.AFPParser
false
app
convertToXml
Afp2Xml.java
469
com.mgz.cli.Afp2Xml
false
app
execute
Afp2Xml.java
376
com.mgz.cli.Afp2Xml
false
app
main
Afp2Xml.java
65
com.mgz.cli.Afp2Xml
false
Invalid triplet length: 0
Invalid triplet length: 0
10
Undefined
AADdjUYCmozykg==
app
parseTriplet
TripletParser.java
205
com.mgz.afp.parser.TripletParser
false
app
parseTriplets
TripletParser.java
133
com.mgz.afp.parser.TripletParser
false
app
decodeAFP
StructuredFieldBaseTriplets.java
84
com.mgz.afp.base.StructuredFieldBaseTriplets
false
app
decodeAFP
IAFPDecodeableWriteable.java
64
com.mgz.afp.exceptions.IAFPDecodeableWriteable
false
app
parseNextSFFromBuffer
AFPParser.java
466
com.mgz.afp.parser.AFPParser
false
app
parseNextSF
AFPParser.java
382
com.mgz.afp.parser.AFPParser
false
app
convertToXml
Afp2Xml.java
469
com.mgz.cli.Afp2Xml
false
app
execute
Afp2Xml.java
376
com.mgz.cli.Afp2Xml
false
app
main
Afp2Xml.java
65
com.mgz.cli.Afp2Xml
false
Invalid triplet length: 0
Invalid triplet length: 0
10
Undefined
AADdjUYCmozykg==
app
parseTriplet
TripletParser.java
205
com.mgz.afp.parser.TripletParser
false
app
parseTriplets
TripletParser.java
133
com.mgz.afp.parser.TripletParser
false
app
decodeAFP
StructuredFieldBaseTriplets.java
84
com.mgz.afp.base.StructuredFieldBaseTriplets
false
app
decodeAFP
IAFPDecodeableWriteable.java
64
com.mgz.afp.exceptions.IAFPDecodeableWriteable
false
app
parseNextSFFromBuffer
AFPParser.java
466
com.mgz.afp.parser.AFPParser
false
app
parseNextSF
AFPParser.java
382
com.mgz.afp.parser.AFPParser
false
app
convertToXml
Afp2Xml.java
469
com.mgz.cli.Afp2Xml
false
app
execute
Afp2Xml.java
376
com.mgz.cli.Afp2Xml
false
app
main
Afp2Xml.java
65
com.mgz.cli.Afp2Xml
false
Invalid triplet length: 0
Invalid triplet length: 0
10
Undefined
AADdjUYCmozykg==
app
parseTriplet
TripletParser.java
205
com.mgz.afp.parser.TripletParser
false
app
parseTriplets
TripletParser.java
133
com.mgz.afp.parser.TripletParser
false
app
decodeAFP
StructuredFieldBaseTriplets.java
84
com.mgz.afp.base.StructuredFieldBaseTriplets
false
app
decodeAFP
IAFPDecodeableWriteable.java
64
com.mgz.afp.exceptions.IAFPDecodeableWriteable
false
app
parseNextSFFromBuffer
AFPParser.java
466
com.mgz.afp.parser.AFPParser
false
app
parseNextSF
AFPParser.java
382
com.mgz.afp.parser.AFPParser
false
app
convertToXml
Afp2Xml.java
469
com.mgz.cli.Afp2Xml
false
app
execute
Afp2Xml.java
376
com.mgz.cli.Afp2Xml
false
app
main
Afp2Xml.java
65
com.mgz.cli.Afp2Xml
false
Invalid triplet length: 0
Invalid triplet length: 0
10
Undefined
AADdjUYCmozykg==
app
parseTriplet
TripletParser.java
205
com.mgz.afp.parser.TripletParser
false
app
parseTriplets
TripletParser.java
133
com.mgz.afp.parser.TripletParser
false
app
decodeAFP
StructuredFieldBaseTriplets.java
84
com.mgz.afp.base.StructuredFieldBaseTriplets
false
app
decodeAFP
IAFPDecodeableWriteable.java
64
com.mgz.afp.exceptions.IAFPDecodeableWriteable
false
app
parseNextSFFromBuffer
AFPParser.java
466
com.mgz.afp.parser.AFPParser
false
app
parseNextSF
AFPParser.java
382
com.mgz.afp.parser.AFPParser
false
app
convertToXml
Afp2Xml.java
469
com.mgz.cli.Afp2Xml
false
app
execute
Afp2Xml.java
376
com.mgz.cli.Afp2Xml
false
app
main
Afp2Xml.java
65
com.mgz.cli.Afp2Xml
false
Invalid triplet length: 0
Invalid triplet length: 0
10
Undefined
AADdjUYCmozykg==
app
parseTriplet
TripletParser.java
205
com.mgz.afp.parser.TripletParser
false
app
parseTriplets
TripletParser.java
133
com.mgz.afp.parser.TripletParser
false
app
decodeAFP
StructuredFieldBaseTriplets.java
84
com.mgz.afp.base.StructuredFieldBaseTriplets
false
app
decodeAFP
IAFPDecodeableWriteable.java
64
com.mgz.afp.exceptions.IAFPDecodeableWriteable
false
app
parseNextSFFromBuffer
AFPParser.java
466
com.mgz.afp.parser.AFPParser
false
app
parseNextSF
AFPParser.java
382
com.mgz.afp.parser.AFPParser
false
app
convertToXml
Afp2Xml.java
469
com.mgz.cli.Afp2Xml
false
app
execute
Afp2Xml.java
376
com.mgz.cli.Afp2Xml
false
app
main
Afp2Xml.java
65
com.mgz.cli.Afp2Xml
false
Invalid triplet length: 0
Invalid triplet length: 0
10
Undefined
AADdjUYCmozykg==
app
parseTriplet
TripletParser.java
205
com.mgz.afp.parser.TripletParser
false
app
parseTriplets
TripletParser.java
133
com.mgz.afp.parser.TripletParser
false
app
decodeAFP
StructuredFieldBaseTriplets.java
84
com.mgz.afp.base.StructuredFieldBaseTriplets
false
app
decodeAFP
IAFPDecodeableWriteable.java
64
com.mgz.afp.exceptions.IAFPDecodeableWriteable
false
app
parseNextSFFromBuffer
AFPParser.java
466
com.mgz.afp.parser.AFPParser
false
app
parseNextSF
AFPParser.java
382
com.mgz.afp.parser.AFPParser
false
app
convertToXml
Afp2Xml.java
469
com.mgz.cli.Afp2Xml
false
app
execute
Afp2Xml.java
376
com.mgz.cli.Afp2Xml
false
app
main
Afp2Xml.java
65
com.mgz.cli.Afp2Xml
false
Invalid triplet length: 0
Invalid triplet length: 0
10
Undefined
AADdjUYCmozykg==
app
parseTriplet
TripletParser.java
205
com.mgz.afp.parser.TripletParser
false
app
parseTriplets
TripletParser.java
133
com.mgz.afp.parser.TripletParser
false
app
decodeAFP
StructuredFieldBaseTriplets.java
84
com.mgz.afp.base.StructuredFieldBaseTriplets
false
app
decodeAFP
IAFPDecodeableWriteable.java
64
com.mgz.afp.exceptions.IAFPDecodeableWriteable
false
app
parseNextSFFromBuffer
AFPParser.java
466
com.mgz.afp.parser.AFPParser
false
app
parseNextSF
AFPParser.java
382
com.mgz.afp.parser.AFPParser
false
app
convertToXml
Afp2Xml.java
469
com.mgz.cli.Afp2Xml
false
app
execute
Afp2Xml.java
376
com.mgz.cli.Afp2Xml
false
app
main
Afp2Xml.java
65
com.mgz.cli.Afp2Xml
false
Invalid triplet length: 0
Invalid triplet length: 0
10
Undefined
AADdjUYCmozykg==
app
parseTriplet
TripletParser.java
205
com.mgz.afp.parser.TripletParser
false
app
parseTriplets
TripletParser.java
133
com.mgz.afp.parser.TripletParser
false
app
decodeAFP
StructuredFieldBaseTriplets.java
84
com.mgz.afp.base.StructuredFieldBaseTriplets
false
app
decodeAFP
IAFPDecodeableWriteable.java
64
com.mgz.afp.exceptions.IAFPDecodeableWriteable
false
app
parseNextSFFromBuffer
AFPParser.java
466
com.mgz.afp.parser.AFPParser
false
app
parseNextSF
AFPParser.java
382
com.mgz.afp.parser.AFPParser
false
app
convertToXml
Afp2Xml.java
469
com.mgz.cli.Afp2Xml
false
app
execute
Afp2Xml.java
376
com.mgz.cli.Afp2Xml
false
app
main
Afp2Xml.java
65
com.mgz.cli.Afp2Xml
false
Invalid triplet length: 0
Invalid triplet length: 0
10
Undefined
AADdjUYCmozykg==
app
parseTriplet
TripletParser.java
205
com.mgz.afp.parser.TripletParser
false
app
parseTriplets
TripletParser.java
133
com.mgz.afp.parser.TripletParser
false
app
decodeAFP
StructuredFieldBaseTriplets.java
84
com.mgz.afp.base.StructuredFieldBaseTriplets
false
app
decodeAFP
IAFPDecodeableWriteable.java
64
com.mgz.afp.exceptions.IAFPDecodeableWriteable
false
app
parseNextSFFromBuffer
AFPParser.java
466
com.mgz.afp.parser.AFPParser
false
app
parseNextSF
AFPParser.java
382
com.mgz.afp.parser.AFPParser
false
app
convertToXml
Afp2Xml.java
469
com.mgz.cli.Afp2Xml
false
app
execute
Afp2Xml.java
376
com.mgz.cli.Afp2Xml
false
app
main
Afp2Xml.java
65
com.mgz.cli.Afp2Xml
false
Invalid triplet length: 0
Invalid triplet length: 0
10
Undefined
AADdjUYCmozykg==
app
parseTriplet
TripletParser.java
205
com.mgz.afp.parser.TripletParser
false
app
parseTriplets
TripletParser.java
133
com.mgz.afp.parser.TripletParser
false
app
decodeAFP
StructuredFieldBaseTriplets.java
84
com.mgz.afp.base.StructuredFieldBaseTriplets
false
app
decodeAFP
IAFPDecodeableWriteable.java
64
com.mgz.afp.exceptions.IAFPDecodeableWriteable
false
app
parseNextSFFromBuffer
AFPParser.java
466
com.mgz.afp.parser.AFPParser
false
app
parseNextSF
AFPParser.java
382
com.mgz.afp.parser.AFPParser
false
app
convertToXml
Afp2Xml.java
469
com.mgz.cli.Afp2Xml
false
app
execute
Afp2Xml.java
376
com.mgz.cli.Afp2Xml
false
app
main
Afp2Xml.java
65
com.mgz.cli.Afp2Xml
false
Invalid triplet length: 0
Invalid triplet length: 0
10
Undefined
AADdjUYCmozykg==
app
parseTriplet
TripletParser.java
205
com.mgz.afp.parser.TripletParser
false
app
parseTriplets
TripletParser.java
133
com.mgz.afp.parser.TripletParser
false
app
decodeAFP
StructuredFieldBaseTriplets.java
84
com.mgz.afp.base.StructuredFieldBaseTriplets
false
app
decodeAFP
IAFPDecodeableWriteable.java
64
com.mgz.afp.exceptions.IAFPDecodeableWriteable
false
app
parseNextSFFromBuffer
AFPParser.java
466
com.mgz.afp.parser.AFPParser
false
app
parseNextSF
AFPParser.java
382
com.mgz.afp.parser.AFPParser
false
app
convertToXml
Afp2Xml.java
469
com.mgz.cli.Afp2Xml
false
app
execute
Afp2Xml.java
376
com.mgz.cli.Afp2Xml
false
app
main
Afp2Xml.java
65
com.mgz.cli.Afp2Xml
false
Invalid triplet length: 0
Invalid triplet length: 0
10
Undefined
AADdjUYCmozykg==
app
parseTriplet
TripletParser.java
205
com.mgz.afp.parser.TripletParser
false
app
parseTriplets
TripletParser.java
133
com.mgz.afp.parser.TripletParser
false
app
decodeAFP
StructuredFieldBaseTriplets.java
84
com.mgz.afp.base.StructuredFieldBaseTriplets
false
app
decodeAFP
IAFPDecodeableWriteable.java
64
com.mgz.afp.exceptions.IAFPDecodeableWriteable
false
app
parseNextSFFromBuffer
AFPParser.java
466
com.mgz.afp.parser.AFPParser
false
app
parseNextSF
AFPParser.java
382
com.mgz.afp.parser.AFPParser
false
app
convertToXml
Afp2Xml.java
469
com.mgz.cli.Afp2Xml
false
app
execute
Afp2Xml.java
376
com.mgz.cli.Afp2Xml
false
app
main
Afp2Xml.java
65
com.mgz.cli.Afp2Xml
false
Invalid triplet length: 0
Invalid triplet length: 0
10
Undefined
AADdjUYCmozykg==
app
parseTriplet
TripletParser.java
205
com.mgz.afp.parser.TripletParser
false
app
parseTriplets
TripletParser.java
133
com.mgz.afp.parser.TripletParser
false
app
decodeAFP
StructuredFieldBaseTriplets.java
84
com.mgz.afp.base.StructuredFieldBaseTriplets
false
app
decodeAFP
IAFPDecodeableWriteable.java
64
com.mgz.afp.exceptions.IAFPDecodeableWriteable
false
app
parseNextSFFromBuffer
AFPParser.java
466
com.mgz.afp.parser.AFPParser
false
app
parseNextSF
AFPParser.java
382
com.mgz.afp.parser.AFPParser
false
app
convertToXml
Afp2Xml.java
469
com.mgz.cli.Afp2Xml
false
app
execute
Afp2Xml.java
376
com.mgz.cli.Afp2Xml
false
app
main
Afp2Xml.java
65
com.mgz.cli.Afp2Xml
false
Invalid triplet length: 0
Invalid triplet length: 0
10
Undefined
AADdjUYCmozykg==
app
parseTriplet
TripletParser.java
205
com.mgz.afp.parser.TripletParser
false
app
parseTriplets
TripletParser.java
133
com.mgz.afp.parser.TripletParser
false
app
decodeAFP
StructuredFieldBaseTriplets.java
84
com.mgz.afp.base.StructuredFieldBaseTriplets
false
app
decodeAFP
IAFPDecodeableWriteable.java
64
com.mgz.afp.exceptions.IAFPDecodeableWriteable
false
app
parseNextSFFromBuffer
AFPParser.java
466
com.mgz.afp.parser.AFPParser
false
app
parseNextSF
AFPParser.java
382
com.mgz.afp.parser.AFPParser
false
app
convertToXml
Afp2Xml.java
469
com.mgz.cli.Afp2Xml
false
app
execute
Afp2Xml.java
376
com.mgz.cli.Afp2Xml
false
app
main
Afp2Xml.java
65
com.mgz.cli.Afp2Xml
false
Invalid triplet length: 0
Invalid triplet length: 0
10
Undefined
AADdjUYCmozykg==
app
parseTriplet
TripletParser.java
205
com.mgz.afp.parser.TripletParser
false
app
parseTriplets
TripletParser.java
133
com.mgz.afp.parser.TripletParser
false
app
decodeAFP
StructuredFieldBaseTriplets.java
84
com.mgz.afp.base.StructuredFieldBaseTriplets
false
app
decodeAFP
IAFPDecodeableWriteable.java
64
com.mgz.afp.exceptions.IAFPDecodeableWriteable
false
app
parseNextSFFromBuffer
AFPParser.java
466
com.mgz.afp.parser.AFPParser
false
app
parseNextSF
AFPParser.java
382
com.mgz.afp.parser.AFPParser
false
app
convertToXml
Afp2Xml.java
469
com.mgz.cli.Afp2Xml
false
app
execute
Afp2Xml.java
376
com.mgz.cli.Afp2Xml
false
app
main
Afp2Xml.java
65
com.mgz.cli.Afp2Xml
false
Invalid triplet length: 0
Invalid triplet length: 0
10
Undefined
AADdjUYCmozykg==
app
parseTriplet
TripletParser.java
205
com.mgz.afp.parser.TripletParser
false
app
parseTriplets
TripletParser.java
133
com.mgz.afp.parser.TripletParser
false
app
decodeAFP
StructuredFieldBaseTriplets.java
84
com.mgz.afp.base.StructuredFieldBaseTriplets
false
app
decodeAFP
IAFPDecodeableWriteable.java
64
com.mgz.afp.exceptions.IAFPDecodeableWriteable
false
app
parseNextSFFromBuffer
AFPParser.java
466
com.mgz.afp.parser.AFPParser
false
app
parseNextSF
AFPParser.java
382
com.mgz.afp.parser.AFPParser
false
app
convertToXml
Afp2Xml.java
469
com.mgz.cli.Afp2Xml
false
app
execute
Afp2Xml.java
376
com.mgz.cli.Afp2Xml
false
app
main
Afp2Xml.java
65
com.mgz.cli.Afp2Xml
false
Invalid triplet length: 0
Invalid triplet length: 0
10
Undefined
AADdjUYCmozykg==
app
parseTriplet
TripletParser.java
205
com.mgz.afp.parser.TripletParser
false
app
parseTriplets
TripletParser.java
133
com.mgz.afp.parser.TripletParser
false
app
decodeAFP
StructuredFieldBaseTriplets.java
84
com.mgz.afp.base.StructuredFieldBaseTriplets
false
app
decodeAFP
IAFPDecodeableWriteable.java
64
com.mgz.afp.exceptions.IAFPDecodeableWriteable
false
app
parseNextSFFromBuffer
AFPParser.java
466
com.mgz.afp.parser.AFPParser
false
app
parseNextSF
AFPParser.java
382
com.mgz.afp.parser.AFPParser
false
app
convertToXml
Afp2Xml.java
469
com.mgz.cli.Afp2Xml
false
app
execute
Afp2Xml.java
376
com.mgz.cli.Afp2Xml
false
app
main
Afp2Xml.java
65
com.mgz.cli.Afp2Xml
false
Invalid triplet length: 0
Invalid triplet length: 0
10
Undefined
AADdjUYCmozykg==
app
parseTriplet
TripletParser.java
205
com.mgz.afp.parser.TripletParser
false
app
parseTriplets
TripletParser.java
133
com.mgz.afp.parser.TripletParser
false
app
decodeAFP
StructuredFieldBaseTriplets.java
84
com.mgz.afp.base.StructuredFieldBaseTriplets
false
app
decodeAFP
IAFPDecodeableWriteable.java
64
com.mgz.afp.exceptions.IAFPDecodeableWriteable
false
app
parseNextSFFromBuffer
AFPParser.java
466
com.mgz.afp.parser.AFPParser
false
app
parseNextSF
AFPParser.java
382
com.mgz.afp.parser.AFPParser
false
app
convertToXml
Afp2Xml.java
469
com.mgz.cli.Afp2Xml
false
app
execute
Afp2Xml.java
376
com.mgz.cli.Afp2Xml
false
app
main
Afp2Xml.java
65
com.mgz.cli.Afp2Xml
false
Invalid triplet length: 0
Invalid triplet length: 0
10
Undefined
AADdjUYCmozykg==
app
parseTriplet
TripletParser.java
205
com.mgz.afp.parser.TripletParser
false
app
parseTriplets
TripletParser.java
133
com.mgz.afp.parser.TripletParser
false
app
decodeAFP
StructuredFieldBaseTriplets.java
84
com.mgz.afp.base.StructuredFieldBaseTriplets
false
app
decodeAFP
IAFPDecodeableWriteable.java
64
com.mgz.afp.exceptions.IAFPDecodeableWriteable
false
app
parseNextSFFromBuffer
AFPParser.java
466
com.mgz.afp.parser.AFPParser
false
app
parseNextSF
AFPParser.java
382
com.mgz.afp.parser.AFPParser
false
app
convertToXml
Afp2Xml.java
469
com.mgz.cli.Afp2Xml
false
app
execute
Afp2Xml.java
376
com.mgz.cli.Afp2Xml
false
app
main
Afp2Xml.java
65
com.mgz.cli.Afp2Xml
false
Invalid triplet length: 0
Invalid triplet length: 0
10
Undefined
AADdjUYCmozykg==
app
parseTriplet
TripletParser.java
205
com.mgz.afp.parser.TripletParser
false
app
parseTriplets
TripletParser.java
133
com.mgz.afp.parser.TripletParser
false
app
decodeAFP
StructuredFieldBaseTriplets.java
84
com.mgz.afp.base.StructuredFieldBaseTriplets
false
app
decodeAFP
IAFPDecodeableWriteable.java
64
com.mgz.afp.exceptions.IAFPDecodeableWriteable
false
app
parseNextSFFromBuffer
AFPParser.java
466
com.mgz.afp.parser.AFPParser
false
app
parseNextSF
AFPParser.java
382
com.mgz.afp.parser.AFPParser
false
app
convertToXml
Afp2Xml.java
469
com.mgz.cli.Afp2Xml
false
app
execute
Afp2Xml.java
376
com.mgz.cli.Afp2Xml
false
app
main
Afp2Xml.java
65
com.mgz.cli.Afp2Xml
false
Invalid triplet length: 0
Invalid triplet length: 0
10
Undefined
AADdjUYCmozykg==
app
parseTriplet
TripletParser.java
205
com.mgz.afp.parser.TripletParser
false
app
parseTriplets
TripletParser.java
133
com.mgz.afp.parser.TripletParser
false
app
decodeAFP
StructuredFieldBaseTriplets.java
84
com.mgz.afp.base.StructuredFieldBaseTriplets
false
app
decodeAFP
IAFPDecodeableWriteable.java
64
com.mgz.afp.exceptions.IAFPDecodeableWriteable
false
app
parseNextSFFromBuffer
AFPParser.java
466
com.mgz.afp.parser.AFPParser
false
app
parseNextSF
AFPParser.java
382
com.mgz.afp.parser.AFPParser
false
app
convertToXml
Afp2Xml.java
469
com.mgz.cli.Afp2Xml
false
app
execute
Afp2Xml.java
376
com.mgz.cli.Afp2Xml
false
app
main
Afp2Xml.java
65
com.mgz.cli.Afp2Xml
false
Invalid triplet length: 0
Invalid triplet length: 0
10
Undefined
AADdjUYCmozykg==
app
parseTriplet
TripletParser.java
205
com.mgz.afp.parser.TripletParser
false
app
parseTriplets
TripletParser.java
133
com.mgz.afp.parser.TripletParser
false
app
decodeAFP
StructuredFieldBaseTriplets.java
84
com.mgz.afp.base.StructuredFieldBaseTriplets
false
app
decodeAFP
IAFPDecodeableWriteable.java
64
com.mgz.afp.exceptions.IAFPDecodeableWriteable
false
app
parseNextSFFromBuffer
AFPParser.java
466
com.mgz.afp.parser.AFPParser
false
app
parseNextSF
AFPParser.java
382
com.mgz.afp.parser.AFPParser
false
app
convertToXml
Afp2Xml.java
469
com.mgz.cli.Afp2Xml
false
app
execute
Afp2Xml.java
376
com.mgz.cli.Afp2Xml
false
app
main
Afp2Xml.java
65
com.mgz.cli.Afp2Xml
false
Invalid triplet length: 0
Invalid triplet length: 0
10
Undefined
AADdjUYCmozykg==
app
parseTriplet
TripletParser.java
205
com.mgz.afp.parser.TripletParser
false
app
parseTriplets
TripletParser.java
133
com.mgz.afp.parser.TripletParser
false
app
decodeAFP
StructuredFieldBaseTriplets.java
84
com.mgz.afp.base.StructuredFieldBaseTriplets
false
app
decodeAFP
IAFPDecodeableWriteable.java
64
com.mgz.afp.exceptions.IAFPDecodeableWriteable
false
app
parseNextSFFromBuffer
AFPParser.java
466
com.mgz.afp.parser.AFPParser
false
app
parseNextSF
AFPParser.java
382
com.mgz.afp.parser.AFPParser
false
app
convertToXml
Afp2Xml.java
469
com.mgz.cli.Afp2Xml
false
app
execute
Afp2Xml.java
376
com.mgz.cli.Afp2Xml
false
app
main
Afp2Xml.java
65
com.mgz.cli.Afp2Xml
false
Invalid triplet length: 0
Invalid triplet length: 0
10
Undefined
AADdjUYCmozykg==
app
parseTriplet
TripletParser.java
205
com.mgz.afp.parser.TripletParser
false
app
parseTriplets
TripletParser.java
133
com.mgz.afp.parser.TripletParser
false
app
decodeAFP
StructuredFieldBaseTriplets.java
84
com.mgz.afp.base.StructuredFieldBaseTriplets
false
app
decodeAFP
IAFPDecodeableWriteable.java
64
com.mgz.afp.exceptions.IAFPDecodeableWriteable
false
app
parseNextSFFromBuffer
AFPParser.java
466
com.mgz.afp.parser.AFPParser
false
app
parseNextSF
AFPParser.java
382
com.mgz.afp.parser.AFPParser
false
app
convertToXml
Afp2Xml.java
469
com.mgz.cli.Afp2Xml
false
app
execute
Afp2Xml.java
376
com.mgz.cli.Afp2Xml
false
app
main
Afp2Xml.java
65
com.mgz.cli.Afp2Xml
false
Invalid triplet length: 0
Invalid triplet length: 0
10
Undefined
AADdjUYCmozykg==
app
parseTriplet
TripletParser.java
205
com.mgz.afp.parser.TripletParser
false
app
parseTriplets
TripletParser.java
133
com.mgz.afp.parser.TripletParser
false
app
decodeAFP
StructuredFieldBaseTriplets.java
84
com.mgz.afp.base.StructuredFieldBaseTriplets
false
app
decodeAFP
IAFPDecodeableWriteable.java
64
com.mgz.afp.exceptions.IAFPDecodeableWriteable
false
app
parseNextSFFromBuffer
AFPParser.java
466
com.mgz.afp.parser.AFPParser
false
app
parseNextSF
AFPParser.java
382
com.mgz.afp.parser.AFPParser
false
app
convertToXml
Afp2Xml.java
469
com.mgz.cli.Afp2Xml
false
app
execute
Afp2Xml.java
376
com.mgz.cli.Afp2Xml
false
app
main
Afp2Xml.java
65
com.mgz.cli.Afp2Xml
false
Invalid triplet length: 0
Invalid triplet length: 0
10
Undefined
AADdjUYCmozykg==
app
parseTriplet
TripletParser.java
205
com.mgz.afp.parser.TripletParser
false
app
parseTriplets
TripletParser.java
133
com.mgz.afp.parser.TripletParser
false
app
decodeAFP
StructuredFieldBaseTriplets.java
84
com.mgz.afp.base.StructuredFieldBaseTriplets
false
app
decodeAFP
IAFPDecodeableWriteable.java
64
com.mgz.afp.exceptions.IAFPDecodeableWriteable
false
app
parseNextSFFromBuffer
AFPParser.java
466
com.mgz.afp.parser.AFPParser
false
app
parseNextSF
AFPParser.java
382
com.mgz.afp.parser.AFPParser
false
app
convertToXml
Afp2Xml.java
469
com.mgz.cli.Afp2Xml
false
app
execute
Afp2Xml.java
376
com.mgz.cli.Afp2Xml
false
app
main
Afp2Xml.java
65
com.mgz.cli.Afp2Xml
false
Invalid triplet length: 0
Invalid triplet length: 0
10
Undefined
AADdjUYCmozykg==
app
parseTriplet
TripletParser.java
205
com.mgz.afp.parser.TripletParser
false
app
parseTriplets
TripletParser.java
133
com.mgz.afp.parser.TripletParser
false
app
decodeAFP
StructuredFieldBaseTriplets.java
84
com.mgz.afp.base.StructuredFieldBaseTriplets
false
app
decodeAFP
IAFPDecodeableWriteable.java
64
com.mgz.afp.exceptions.IAFPDecodeableWriteable
false
app
parseNextSFFromBuffer
AFPParser.java
466
com.mgz.afp.parser.AFPParser
false
app
parseNextSF
AFPParser.java
382
com.mgz.afp.parser.AFPParser
false
app
convertToXml
Afp2Xml.java
469
com.mgz.cli.Afp2Xml
false
app
execute
Afp2Xml.java
376
com.mgz.cli.Afp2Xml
false
app
main
Afp2Xml.java
65
com.mgz.cli.Afp2Xml
false
Invalid triplet length: 0
Invalid triplet length: 0
10
Undefined
AADdjUYCmozykg==
app
parseTriplet
TripletParser.java
205
com.mgz.afp.parser.TripletParser
false
app
parseTriplets
TripletParser.java
133
com.mgz.afp.parser.TripletParser
false
app
decodeAFP
StructuredFieldBaseTriplets.java
84
com.mgz.afp.base.StructuredFieldBaseTriplets
false
app
decodeAFP
IAFPDecodeableWriteable.java
64
com.mgz.afp.exceptions.IAFPDecodeableWriteable
false
app
parseNextSFFromBuffer
AFPParser.java
466
com.mgz.afp.parser.AFPParser
false
app
parseNextSF
AFPParser.java
382
com.mgz.afp.parser.AFPParser
false
app
convertToXml
Afp2Xml.java
469
com.mgz.cli.Afp2Xml
false
app
execute
Afp2Xml.java
376
com.mgz.cli.Afp2Xml
false
app
main
Afp2Xml.java
65
com.mgz.cli.Afp2Xml
false
Invalid triplet length: 0
Invalid triplet length: 0
10
Undefined
AADdjUYCmozykg==
app
parseTriplet
TripletParser.java
205
com.mgz.afp.parser.TripletParser
false
app
parseTriplets
TripletParser.java
133
com.mgz.afp.parser.TripletParser
false
app
decodeAFP
StructuredFieldBaseTriplets.java
84
com.mgz.afp.base.StructuredFieldBaseTriplets
false
app
decodeAFP
IAFPDecodeableWriteable.java
64
com.mgz.afp.exceptions.IAFPDecodeableWriteable
false
app
parseNextSFFromBuffer
AFPParser.java
466
com.mgz.afp.parser.AFPParser
false
app
parseNextSF
AFPParser.java
382
com.mgz.afp.parser.AFPParser
false
app
convertToXml
Afp2Xml.java
469
com.mgz.cli.Afp2Xml
false
app
execute
Afp2Xml.java
376
com.mgz.cli.Afp2Xml
false
app
main
Afp2Xml.java
65
com.mgz.cli.Afp2Xml
false
Invalid triplet length: 0
Invalid triplet length: 0
10
Undefined
AADdjUYCmozykg==
app
parseTriplet
TripletParser.java
205
com.mgz.afp.parser.TripletParser
false
app
parseTriplets
TripletParser.java
133
com.mgz.afp.parser.TripletParser
false
app
decodeAFP
StructuredFieldBaseTriplets.java
84
com.mgz.afp.base.StructuredFieldBaseTriplets
false
app
decodeAFP
IAFPDecodeableWriteable.java
64
com.mgz.afp.exceptions.IAFPDecodeableWriteable
false
app
parseNextSFFromBuffer
AFPParser.java
466
com.mgz.afp.parser.AFPParser
false
app
parseNextSF
AFPParser.java
382
com.mgz.afp.parser.AFPParser
false
app
convertToXml
Afp2Xml.java
469
com.mgz.cli.Afp2Xml
false
app
execute
Afp2Xml.java
376
com.mgz.cli.Afp2Xml
false
app
main
Afp2Xml.java
65
com.mgz.cli.Afp2Xml
false
Invalid triplet length: 0
Invalid triplet length: 0
10
Undefined
AADdjUYCmozykg==
app
parseTriplet
TripletParser.java
205
com.mgz.afp.parser.TripletParser
false
app
parseTriplets
TripletParser.java
133
com.mgz.afp.parser.TripletParser
false
app
decodeAFP
StructuredFieldBaseTriplets.java
84
com.mgz.afp.base.StructuredFieldBaseTriplets
false
app
decodeAFP
IAFPDecodeableWriteable.java
64
com.mgz.afp.exceptions.IAFPDecodeableWriteable
false
app
parseNextSFFromBuffer
AFPParser.java
466
com.mgz.afp.parser.AFPParser
false
app
parseNextSF
AFPParser.java
382
com.mgz.afp.parser.AFPParser
false
app
convertToXml
Afp2Xml.java
469
com.mgz.cli.Afp2Xml
false
app
execute
Afp2Xml.java
376
com.mgz.cli.Afp2Xml
false
app
main
Afp2Xml.java
65
com.mgz.cli.Afp2Xml
false
Invalid triplet length: 0
Invalid triplet length: 0
10
Undefined
AADdjUYCmozykg==
app
parseTriplet
TripletParser.java
205
com.mgz.afp.parser.TripletParser
false
app
parseTriplets
TripletParser.java
133
com.mgz.afp.parser.TripletParser
false
app
decodeAFP
StructuredFieldBaseTriplets.java
84
com.mgz.afp.base.StructuredFieldBaseTriplets
false
app
decodeAFP
IAFPDecodeableWriteable.java
64
com.mgz.afp.exceptions.IAFPDecodeableWriteable
false
app
parseNextSFFromBuffer
AFPParser.java
466
com.mgz.afp.parser.AFPParser
false
app
parseNextSF
AFPParser.java
382
com.mgz.afp.parser.AFPParser
false
app
convertToXml
Afp2Xml.java
469
com.mgz.cli.Afp2Xml
false
app
execute
Afp2Xml.java
376
com.mgz.cli.Afp2Xml
false
app
main
Afp2Xml.java
65
com.mgz.cli.Afp2Xml
false
Invalid triplet length: 0
Invalid triplet length: 0
10
Undefined
AADdjUYCmozykg==
app
parseTriplet
TripletParser.java
205
com.mgz.afp.parser.TripletParser
false
app
parseTriplets
TripletParser.java
133
com.mgz.afp.parser.TripletParser
false
app
decodeAFP
StructuredFieldBaseTriplets.java
84
com.mgz.afp.base.StructuredFieldBaseTriplets
false
app
decodeAFP
IAFPDecodeableWriteable.java
64
com.mgz.afp.exceptions.IAFPDecodeableWriteable
false
app
parseNextSFFromBuffer
AFPParser.java
466
com.mgz.afp.parser.AFPParser
false
app
parseNextSF
AFPParser.java
382
com.mgz.afp.parser.AFPParser
false
app
convertToXml
Afp2Xml.java
469
com.mgz.cli.Afp2Xml
false
app
execute
Afp2Xml.java
376
com.mgz.cli.Afp2Xml
false
app
main
Afp2Xml.java
65
com.mgz.cli.Afp2Xml
false
Invalid triplet length: 0
Invalid triplet length: 0
10
Undefined
AADdjUYCmozykg==
app
parseTriplet
TripletParser.java
205
com.mgz.afp.parser.TripletParser
false
app
parseTriplets
TripletParser.java
133
com.mgz.afp.parser.TripletParser
false
app
decodeAFP
StructuredFieldBaseTriplets.java
84
com.mgz.afp.base.StructuredFieldBaseTriplets
false
app
decodeAFP
IAFPDecodeableWriteable.java
64
com.mgz.afp.exceptions.IAFPDecodeableWriteable
false
app
parseNextSFFromBuffer
AFPParser.java
466
com.mgz.afp.parser.AFPParser
false
app
parseNextSF
AFPParser.java
382
com.mgz.afp.parser.AFPParser
false
app
convertToXml
Afp2Xml.java
469
com.mgz.cli.Afp2Xml
false
app
execute
Afp2Xml.java
376
com.mgz.cli.Afp2Xml
false
app
main
Afp2Xml.java
65
com.mgz.cli.Afp2Xml
false
Invalid triplet length: 0
Invalid triplet length: 0
10
Undefined
AADdjUYCmozykg==
app
parseTriplet
TripletParser.java
205
com.mgz.afp.parser.TripletParser
false
app
parseTriplets
TripletParser.java
133
com.mgz.afp.parser.TripletParser
false
app
decodeAFP
StructuredFieldBaseTriplets.java
84
com.mgz.afp.base.StructuredFieldBaseTriplets
false
app
decodeAFP
IAFPDecodeableWriteable.java
64
com.mgz.afp.exceptions.IAFPDecodeableWriteable
false
app
parseNextSFFromBuffer
AFPParser.java
466
com.mgz.afp.parser.AFPParser
false
app
parseNextSF
AFPParser.java
382
com.mgz.afp.parser.AFPParser
false
app
convertToXml
Afp2Xml.java
469
com.mgz.cli.Afp2Xml
false
app
execute
Afp2Xml.java
376
com.mgz.cli.Afp2Xml
false
app
main
Afp2Xml.java
65
com.mgz.cli.Afp2Xml
false
Invalid triplet length: 0
Invalid triplet length: 0
10
Undefined
AADdjUYCmozykg==
app
parseTriplet
TripletParser.java
205
com.mgz.afp.parser.TripletParser
false
app
parseTriplets
TripletParser.java
133
com.mgz.afp.parser.TripletParser
false
app
decodeAFP
StructuredFieldBaseTriplets.java
84
com.mgz.afp.base.StructuredFieldBaseTriplets
false
app
decodeAFP
IAFPDecodeableWriteable.java
64
com.mgz.afp.exceptions.IAFPDecodeableWriteable
false
app
parseNextSFFromBuffer
AFPParser.java
466
com.mgz.afp.parser.AFPParser
false
app
parseNextSF
AFPParser.java
382
com.mgz.afp.parser.AFPParser
false
app
convertToXml
Afp2Xml.java
469
com.mgz.cli.Afp2Xml
false
app
execute
Afp2Xml.java
376
com.mgz.cli.Afp2Xml
false
app
main
Afp2Xml.java
65
com.mgz.cli.Afp2Xml
false
Invalid triplet length: 0
Invalid triplet length: 0
10
Undefined
AADdjUYCmozykg==
app
parseTriplet
TripletParser.java
205
com.mgz.afp.parser.TripletParser
false
app
parseTriplets
TripletParser.java
133
com.mgz.afp.parser.TripletParser
false
app
decodeAFP
StructuredFieldBaseTriplets.java
84
com.mgz.afp.base.StructuredFieldBaseTriplets
false
app
decodeAFP
IAFPDecodeableWriteable.java
64
com.mgz.afp.exceptions.IAFPDecodeableWriteable
false
app
parseNextSFFromBuffer
AFPParser.java
466
com.mgz.afp.parser.AFPParser
false
app
parseNextSF
AFPParser.java
382
com.mgz.afp.parser.AFPParser
false
app
convertToXml
Afp2Xml.java
469
com.mgz.cli.Afp2Xml
false
app
execute
Afp2Xml.java
376
com.mgz.cli.Afp2Xml
false
app
main
Afp2Xml.java
65
com.mgz.cli.Afp2Xml
false
Invalid triplet length: 0
Invalid triplet length: 0
10
Undefined
AADdjUYCmozykg==
app
parseTriplet
TripletParser.java
205
com.mgz.afp.parser.TripletParser
false
app
parseTriplets
TripletParser.java
133
com.mgz.afp.parser.TripletParser
false
app
decodeAFP
StructuredFieldBaseTriplets.java
84
com.mgz.afp.base.StructuredFieldBaseTriplets
false
app
decodeAFP
IAFPDecodeableWriteable.java
64
com.mgz.afp.exceptions.IAFPDecodeableWriteable
false
app
parseNextSFFromBuffer
AFPParser.java
466
com.mgz.afp.parser.AFPParser
false
app
parseNextSF
AFPParser.java
382
com.mgz.afp.parser.AFPParser
false
app
convertToXml
Afp2Xml.java
469
com.mgz.cli.Afp2Xml
false
app
execute
Afp2Xml.java
376
com.mgz.cli.Afp2Xml
false
app
main
Afp2Xml.java
65
com.mgz.cli.Afp2Xml
false
Invalid triplet length: 0
Invalid triplet length: 0
10
Undefined
AADdjUYCmozykg==
app
parseTriplet
TripletParser.java
205
com.mgz.afp.parser.TripletParser
false
app
parseTriplets
TripletParser.java
133
com.mgz.afp.parser.TripletParser
false
app
decodeAFP
StructuredFieldBaseTriplets.java
84
com.mgz.afp.base.StructuredFieldBaseTriplets
false
app
decodeAFP
IAFPDecodeableWriteable.java
64
com.mgz.afp.exceptions.IAFPDecodeableWriteable
false
app
parseNextSFFromBuffer
AFPParser.java
466
com.mgz.afp.parser.AFPParser
false
app
parseNextSF
AFPParser.java
382
com.mgz.afp.parser.AFPParser
false
app
convertToXml
Afp2Xml.java
469
com.mgz.cli.Afp2Xml
false
app
execute
Afp2Xml.java
376
com.mgz.cli.Afp2Xml
false
app
main
Afp2Xml.java
65
com.mgz.cli.Afp2Xml
false
Invalid triplet length: 0
Invalid triplet length: 0
10
Undefined
AADdjUYCmozykg==
app
parseTriplet
TripletParser.java
205
com.mgz.afp.parser.TripletParser
false
app
parseTriplets
TripletParser.java
133
com.mgz.afp.parser.TripletParser
false
app
decodeAFP
StructuredFieldBaseTriplets.java
84
com.mgz.afp.base.StructuredFieldBaseTriplets
false
app
decodeAFP
IAFPDecodeableWriteable.java
64
com.mgz.afp.exceptions.IAFPDecodeableWriteable
false
app
parseNextSFFromBuffer
AFPParser.java
466
com.mgz.afp.parser.AFPParser
false
app
parseNextSF
AFPParser.java
382
com.mgz.afp.parser.AFPParser
false
app
convertToXml
Afp2Xml.java
469
com.mgz.cli.Afp2Xml
false
app
execute
Afp2Xml.java
376
com.mgz.cli.Afp2Xml
false
app
main
Afp2Xml.java
65
com.mgz.cli.Afp2Xml
false
Invalid triplet length: 0
Invalid triplet length: 0
10
Undefined
AADdjUYCmozykg==
app
parseTriplet
TripletParser.java
205
com.mgz.afp.parser.TripletParser
false
app
parseTriplets
TripletParser.java
133
com.mgz.afp.parser.TripletParser
false
app
decodeAFP
StructuredFieldBaseTriplets.java
84
com.mgz.afp.base.StructuredFieldBaseTriplets
false
app
decodeAFP
IAFPDecodeableWriteable.java
64
com.mgz.afp.exceptions.IAFPDecodeableWriteable
false
app
parseNextSFFromBuffer
AFPParser.java
466
com.mgz.afp.parser.AFPParser
false
app
parseNextSF
AFPParser.java
382
com.mgz.afp.parser.AFPParser
false
app
convertToXml
Afp2Xml.java
469
com.mgz.cli.Afp2Xml
false
app
execute
Afp2Xml.java
376
com.mgz.cli.Afp2Xml
false
app
main
Afp2Xml.java
65
com.mgz.cli.Afp2Xml
false
Invalid triplet length: 0
Invalid triplet length: 0
10
Undefined
AADdjUYCmozykg==
app
parseTriplet
TripletParser.java
205
com.mgz.afp.parser.TripletParser
false
app
parseTriplets
TripletParser.java
133
com.mgz.afp.parser.TripletParser
false
app
decodeAFP
StructuredFieldBaseTriplets.java
84
com.mgz.afp.base.StructuredFieldBaseTriplets
false
app
decodeAFP
IAFPDecodeableWriteable.java
64
com.mgz.afp.exceptions.IAFPDecodeableWriteable
false
app
parseNextSFFromBuffer
AFPParser.java
466
com.mgz.afp.parser.AFPParser
false
app
parseNextSF
AFPParser.java
382
com.mgz.afp.parser.AFPParser
false
app
convertToXml
Afp2Xml.java
469
com.mgz.cli.Afp2Xml
false
app
execute
Afp2Xml.java
376
com.mgz.cli.Afp2Xml
false
app
main
Afp2Xml.java
65
com.mgz.cli.Afp2Xml
false
Invalid triplet length: 0
Invalid triplet length: 0
10
Undefined
AADdjUYCmozykg==
app
parseTriplet
TripletParser.java
205
com.mgz.afp.parser.TripletParser
false
app
parseTriplets
TripletParser.java
133
com.mgz.afp.parser.TripletParser
false
app
decodeAFP
StructuredFieldBaseTriplets.java
84
com.mgz.afp.base.StructuredFieldBaseTriplets
false
app
decodeAFP
IAFPDecodeableWriteable.java
64
com.mgz.afp.exceptions.IAFPDecodeableWriteable
false
app
parseNextSFFromBuffer
AFPParser.java
466
com.mgz.afp.parser.AFPParser
false
app
parseNextSF
AFPParser.java
382
com.mgz.afp.parser.AFPParser
false
app
convertToXml
Afp2Xml.java
469
com.mgz.cli.Afp2Xml
false
app
execute
Afp2Xml.java
376
com.mgz.cli.Afp2Xml
false
app
main
Afp2Xml.java
65
com.mgz.cli.Afp2Xml
false
Invalid triplet length: 0
Invalid triplet length: 0
10
Undefined
AADdjUYCmozykg==
app
parseTriplet
TripletParser.java
205
com.mgz.afp.parser.TripletParser
false
app
parseTriplets
TripletParser.java
133
com.mgz.afp.parser.TripletParser
false
app
decodeAFP
StructuredFieldBaseTriplets.java
84
com.mgz.afp.base.StructuredFieldBaseTriplets
false
app
decodeAFP
IAFPDecodeableWriteable.java
64
com.mgz.afp.exceptions.IAFPDecodeableWriteable
false
app
parseNextSFFromBuffer
AFPParser.java
466
com.mgz.afp.parser.AFPParser
false
app
parseNextSF
AFPParser.java
382
com.mgz.afp.parser.AFPParser
false
app
convertToXml
Afp2Xml.java
469
com.mgz.cli.Afp2Xml
false
app
execute
Afp2Xml.java
376
com.mgz.cli.Afp2Xml
false
app
main
Afp2Xml.java
65
com.mgz.cli.Afp2Xml
false
Invalid triplet length: 0
Invalid triplet length: 0
10
Undefined
AADdjUYCmozykg==
app
parseTriplet
TripletParser.java
205
com.mgz.afp.parser.TripletParser
false
app
parseTriplets
TripletParser.java
133
com.mgz.afp.parser.TripletParser
false
app
decodeAFP
StructuredFieldBaseTriplets.java
84
com.mgz.afp.base.StructuredFieldBaseTriplets
false
app
decodeAFP
IAFPDecodeableWriteable.java
64
com.mgz.afp.exceptions.IAFPDecodeableWriteable
false
app
parseNextSFFromBuffer
AFPParser.java
466
com.mgz.afp.parser.AFPParser
false
app
parseNextSF
AFPParser.java
382
com.mgz.afp.parser.AFPParser
false
app
convertToXml
Afp2Xml.java
469
com.mgz.cli.Afp2Xml
false
app
execute
Afp2Xml.java
376
com.mgz.cli.Afp2Xml
false
app
main
Afp2Xml.java
65
com.mgz.cli.Afp2Xml
false
Invalid triplet length: 0
Invalid triplet length: 0
10
Undefined
AADdjUYCmozykg==
app
parseTriplet
TripletParser.java
205
com.mgz.afp.parser.TripletParser
false
app
parseTriplets
TripletParser.java
133
com.mgz.afp.parser.TripletParser
false
app
decodeAFP
StructuredFieldBaseTriplets.java
84
com.mgz.afp.base.StructuredFieldBaseTriplets
false
app
decodeAFP
IAFPDecodeableWriteable.java
64
com.mgz.afp.exceptions.IAFPDecodeableWriteable
false
app
parseNextSFFromBuffer
AFPParser.java
466
com.mgz.afp.parser.AFPParser
false
app
parseNextSF
AFPParser.java
382
com.mgz.afp.parser.AFPParser
false
app
convertToXml
Afp2Xml.java
469
com.mgz.cli.Afp2Xml
false
app
execute
Afp2Xml.java
376
com.mgz.cli.Afp2Xml
false
app
main
Afp2Xml.java
65
com.mgz.cli.Afp2Xml
false
Invalid triplet length: 0
Invalid triplet length: 0
10
Undefined
AADdjUYCmozykg==
app
parseTriplet
TripletParser.java
205
com.mgz.afp.parser.TripletParser
false
app
parseTriplets
TripletParser.java
133
com.mgz.afp.parser.TripletParser
false
app
decodeAFP
StructuredFieldBaseTriplets.java
84
com.mgz.afp.base.StructuredFieldBaseTriplets
false
app
decodeAFP
IAFPDecodeableWriteable.java
64
com.mgz.afp.exceptions.IAFPDecodeableWriteable
false
app
parseNextSFFromBuffer
AFPParser.java
466
com.mgz.afp.parser.AFPParser
false
app
parseNextSF
AFPParser.java
382
com.mgz.afp.parser.AFPParser
false
app
convertToXml
Afp2Xml.java
469
com.mgz.cli.Afp2Xml
false
app
execute
Afp2Xml.java
376
com.mgz.cli.Afp2Xml
false
app
main
Afp2Xml.java
65
com.mgz.cli.Afp2Xml
false
Invalid triplet length: 0
Invalid triplet length: 0
10
Undefined
AADdjUYCmozykg==
app
parseTriplet
TripletParser.java
205
com.mgz.afp.parser.TripletParser
false
app
parseTriplets
TripletParser.java
133
com.mgz.afp.parser.TripletParser
false
app
decodeAFP
StructuredFieldBaseTriplets.java
84
com.mgz.afp.base.StructuredFieldBaseTriplets
false
app
decodeAFP
IAFPDecodeableWriteable.java
64
com.mgz.afp.exceptions.IAFPDecodeableWriteable
false
app
parseNextSFFromBuffer
AFPParser.java
466
com.mgz.afp.parser.AFPParser
false
app
parseNextSF
AFPParser.java
382
com.mgz.afp.parser.AFPParser
false
app
convertToXml
Afp2Xml.java
469
com.mgz.cli.Afp2Xml
false
app
execute
Afp2Xml.java
376
com.mgz.cli.Afp2Xml
false
app
main
Afp2Xml.java
65
com.mgz.cli.Afp2Xml
false
Invalid triplet length: 0
Invalid triplet length: 0
10
Undefined
AADdjUYCmozykg==
app
parseTriplet
TripletParser.java
205
com.mgz.afp.parser.TripletParser
false
app
parseTriplets
TripletParser.java
133
com.mgz.afp.parser.TripletParser
false
app
decodeAFP
StructuredFieldBaseTriplets.java
84
com.mgz.afp.base.StructuredFieldBaseTriplets
false
app
decodeAFP
IAFPDecodeableWriteable.java
64
com.mgz.afp.exceptions.IAFPDecodeableWriteable
false
app
parseNextSFFromBuffer
AFPParser.java
466
com.mgz.afp.parser.AFPParser
false
app
parseNextSF
AFPParser.java
382
com.mgz.afp.parser.AFPParser
false
app
convertToXml
Afp2Xml.java
469
com.mgz.cli.Afp2Xml
false
app
execute
Afp2Xml.java
376
com.mgz.cli.Afp2Xml
false
app
main
Afp2Xml.java
65
com.mgz.cli.Afp2Xml
false
Invalid triplet length: 0
Invalid triplet length: 0
10
Undefined
AADdjUYCmozykg==
app
parseTriplet
TripletParser.java
205
com.mgz.afp.parser.TripletParser
false
app
parseTriplets
TripletParser.java
133
com.mgz.afp.parser.TripletParser
false
app
decodeAFP
StructuredFieldBaseTriplets.java
84
com.mgz.afp.base.StructuredFieldBaseTriplets
false
app
decodeAFP
IAFPDecodeableWriteable.java
64
com.mgz.afp.exceptions.IAFPDecodeableWriteable
false
app
parseNextSFFromBuffer
AFPParser.java
466
com.mgz.afp.parser.AFPParser
false
app
parseNextSF
AFPParser.java
382
com.mgz.afp.parser.AFPParser
false
app
convertToXml
Afp2Xml.java
469
com.mgz.cli.Afp2Xml
false
app
execute
Afp2Xml.java
376
com.mgz.cli.Afp2Xml
false
app
main
Afp2Xml.java
65
com.mgz.cli.Afp2Xml
false
Invalid triplet length: 0
Invalid triplet length: 0
10
Undefined
AADdjUYCmozykg==
app
parseTriplet
TripletParser.java
205
com.mgz.afp.parser.TripletParser
false
app
parseTriplets
TripletParser.java
133
com.mgz.afp.parser.TripletParser
false
app
decodeAFP
StructuredFieldBaseTriplets.java
84
com.mgz.afp.base.StructuredFieldBaseTriplets
false
app
decodeAFP
IAFPDecodeableWriteable.java
64
com.mgz.afp.exceptions.IAFPDecodeableWriteable
false
app
parseNextSFFromBuffer
AFPParser.java
466
com.mgz.afp.parser.AFPParser
false
app
parseNextSF
AFPParser.java
382
com.mgz.afp.parser.AFPParser
false
app
convertToXml
Afp2Xml.java
469
com.mgz.cli.Afp2Xml
false
app
execute
Afp2Xml.java
376
com.mgz.cli.Afp2Xml
false
app
main
Afp2Xml.java
65
com.mgz.cli.Afp2Xml
false
Invalid triplet length: 0
Invalid triplet length: 0
10
Undefined
AADdjUYCmozykg==
app
parseTriplet
TripletParser.java
205
com.mgz.afp.parser.TripletParser
false
app
parseTriplets
TripletParser.java
133
com.mgz.afp.parser.TripletParser
false
app
decodeAFP
StructuredFieldBaseTriplets.java
84
com.mgz.afp.base.StructuredFieldBaseTriplets
false
app
decodeAFP
IAFPDecodeableWriteable.java
64
com.mgz.afp.exceptions.IAFPDecodeableWriteable
false
app
parseNextSFFromBuffer
AFPParser.java
466
com.mgz.afp.parser.AFPParser
false
app
parseNextSF
AFPParser.java
382
com.mgz.afp.parser.AFPParser
false
app
convertToXml
Afp2Xml.java
469
com.mgz.cli.Afp2Xml
false
app
execute
Afp2Xml.java
376
com.mgz.cli.Afp2Xml
false
app
main
Afp2Xml.java
65
com.mgz.cli.Afp2Xml
false
Invalid triplet length: 0
Invalid triplet length: 0
10
Undefined
AADdjUYCmozykg==
app
parseTriplet
TripletParser.java
205
com.mgz.afp.parser.TripletParser
false
app
parseTriplets
TripletParser.java
133
com.mgz.afp.parser.TripletParser
false
app
decodeAFP
StructuredFieldBaseTriplets.java
84
com.mgz.afp.base.StructuredFieldBaseTriplets
false
app
decodeAFP
IAFPDecodeableWriteable.java
64
com.mgz.afp.exceptions.IAFPDecodeableWriteable
false
app
parseNextSFFromBuffer
AFPParser.java
466
com.mgz.afp.parser.AFPParser
false
app
parseNextSF
AFPParser.java
382
com.mgz.afp.parser.AFPParser
false
app
convertToXml
Afp2Xml.java
469
com.mgz.cli.Afp2Xml
false
app
execute
Afp2Xml.java
376
com.mgz.cli.Afp2Xml
false
app
main
Afp2Xml.java
65
com.mgz.cli.Afp2Xml
false
Invalid triplet length: 0
Invalid triplet length: 0
10
Undefined
AADdjUYCmozykg==
app
parseTriplet
TripletParser.java
205
com.mgz.afp.parser.TripletParser
false
app
parseTriplets
TripletParser.java
133
com.mgz.afp.parser.TripletParser
false
app
decodeAFP
StructuredFieldBaseTriplets.java
84
com.mgz.afp.base.StructuredFieldBaseTriplets
false
app
decodeAFP
IAFPDecodeableWriteable.java
64
com.mgz.afp.exceptions.IAFPDecodeableWriteable
false
app
parseNextSFFromBuffer
AFPParser.java
466
com.mgz.afp.parser.AFPParser
false
app
parseNextSF
AFPParser.java
382
com.mgz.afp.parser.AFPParser
false
app
convertToXml
Afp2Xml.java
469
com.mgz.cli.Afp2Xml
false
app
execute
Afp2Xml.java
376
com.mgz.cli.Afp2Xml
false
app
main
Afp2Xml.java
65
com.mgz.cli.Afp2Xml
false
Invalid triplet length: 0
Invalid triplet length: 0
10
Undefined
AADdjUYCmozykg==
app
parseTriplet
TripletParser.java
205
com.mgz.afp.parser.TripletParser
false
app
parseTriplets
TripletParser.java
133
com.mgz.afp.parser.TripletParser
false
app
decodeAFP
StructuredFieldBaseTriplets.java
84
com.mgz.afp.base.StructuredFieldBaseTriplets
false
app
decodeAFP
IAFPDecodeableWriteable.java
64
com.mgz.afp.exceptions.IAFPDecodeableWriteable
false
app
parseNextSFFromBuffer
AFPParser.java
466
com.mgz.afp.parser.AFPParser
false
app
parseNextSF
AFPParser.java
382
com.mgz.afp.parser.AFPParser
false
app
convertToXml
Afp2Xml.java
469
com.mgz.cli.Afp2Xml
false
app
execute
Afp2Xml.java
376
com.mgz.cli.Afp2Xml
false
app
main
Afp2Xml.java
65
com.mgz.cli.Afp2Xml
false
Invalid triplet length: 0
Invalid triplet length: 0
10
Undefined
AADdjUYCmozykg==
app
parseTriplet
TripletParser.java
205
com.mgz.afp.parser.TripletParser
false
app
parseTriplets
TripletParser.java
133
com.mgz.afp.parser.TripletParser
false
app
decodeAFP
StructuredFieldBaseTriplets.java
84
com.mgz.afp.base.StructuredFieldBaseTriplets
false
app
decodeAFP
IAFPDecodeableWriteable.java
64
com.mgz.afp.exceptions.IAFPDecodeableWriteable
false
app
parseNextSFFromBuffer
AFPParser.java
466
com.mgz.afp.parser.AFPParser
false
app
parseNextSF
AFPParser.java
382
com.mgz.afp.parser.AFPParser
false
app
convertToXml
Afp2Xml.java
469
com.mgz.cli.Afp2Xml
false
app
execute
Afp2Xml.java
376
com.mgz.cli.Afp2Xml
false
app
main
Afp2Xml.java
65
com.mgz.cli.Afp2Xml
false
Invalid triplet length: 0
Invalid triplet length: 0
10
Undefined
AADdjUYCmozykg==
app
parseTriplet
TripletParser.java
205
com.mgz.afp.parser.TripletParser
false
app
parseTriplets
TripletParser.java
133
com.mgz.afp.parser.TripletParser
false
app
decodeAFP
StructuredFieldBaseTriplets.java
84
com.mgz.afp.base.StructuredFieldBaseTriplets
false
app
decodeAFP
IAFPDecodeableWriteable.java
64
com.mgz.afp.exceptions.IAFPDecodeableWriteable
false
app
parseNextSFFromBuffer
AFPParser.java
466
com.mgz.afp.parser.AFPParser
false
app
parseNextSF
AFPParser.java
382
com.mgz.afp.parser.AFPParser
false
app
convertToXml
Afp2Xml.java
469
com.mgz.cli.Afp2Xml
false
app
execute
Afp2Xml.java
376
com.mgz.cli.Afp2Xml
false
app
main
Afp2Xml.java
65
com.mgz.cli.Afp2Xml
false
Invalid triplet length: 0
Invalid triplet length: 0
10
Undefined
AADdjUYCmozykg==
app
parseTriplet
TripletParser.java
205
com.mgz.afp.parser.TripletParser
false
app
parseTriplets
TripletParser.java
133
com.mgz.afp.parser.TripletParser
false
app
decodeAFP
StructuredFieldBaseTriplets.java
84
com.mgz.afp.base.StructuredFieldBaseTriplets
false
app
decodeAFP
IAFPDecodeableWriteable.java
64
com.mgz.afp.exceptions.IAFPDecodeableWriteable
false
app
parseNextSFFromBuffer
AFPParser.java
466
com.mgz.afp.parser.AFPParser
false
app
parseNextSF
AFPParser.java
382
com.mgz.afp.parser.AFPParser
false
app
convertToXml
Afp2Xml.java
469
com.mgz.cli.Afp2Xml
false
app
execute
Afp2Xml.java
376
com.mgz.cli.Afp2Xml
false
app
main
Afp2Xml.java
65
com.mgz.cli.Afp2Xml
false
Invalid triplet length: 0
Invalid triplet length: 0
10
Undefined
AADdjUYCmozykg==
app
parseTriplet
TripletParser.java
205
com.mgz.afp.parser.TripletParser
false
app
parseTriplets
TripletParser.java
133
com.mgz.afp.parser.TripletParser
false
app
decodeAFP
StructuredFieldBaseTriplets.java
84
com.mgz.afp.base.StructuredFieldBaseTriplets
false
app
decodeAFP
IAFPDecodeableWriteable.java
64
com.mgz.afp.exceptions.IAFPDecodeableWriteable
false
app
parseNextSFFromBuffer
AFPParser.java
466
com.mgz.afp.parser.AFPParser
false
app
parseNextSF
AFPParser.java
382
com.mgz.afp.parser.AFPParser
false
app
convertToXml
Afp2Xml.java
469
com.mgz.cli.Afp2Xml
false
app
execute
Afp2Xml.java
376
com.mgz.cli.Afp2Xml
false
app
main
Afp2Xml.java
65
com.mgz.cli.Afp2Xml
false
Invalid triplet length: 0
Invalid triplet length: 0
10
Undefined
AADdjUYCmozykg==
app
parseTriplet
TripletParser.java
205
com.mgz.afp.parser.TripletParser
false
app
parseTriplets
TripletParser.java
133
com.mgz.afp.parser.TripletParser
false
app
decodeAFP
StructuredFieldBaseTriplets.java
84
com.mgz.afp.base.StructuredFieldBaseTriplets
false
app
decodeAFP
IAFPDecodeableWriteable.java
64
com.mgz.afp.exceptions.IAFPDecodeableWriteable
false
app
parseNextSFFromBuffer
AFPParser.java
466
com.mgz.afp.parser.AFPParser
false
app
parseNextSF
AFPParser.java
382
com.mgz.afp.parser.AFPParser
false
app
convertToXml
Afp2Xml.java
469
com.mgz.cli.Afp2Xml
false
app
execute
Afp2Xml.java
376
com.mgz.cli.Afp2Xml
false
app
main
Afp2Xml.java
65
com.mgz.cli.Afp2Xml
false
Invalid triplet length: 0
Invalid triplet length: 0
10
Undefined
AADdjUYCmozykg==
app
parseTriplet
TripletParser.java
205
com.mgz.afp.parser.TripletParser
false
app
parseTriplets
TripletParser.java
133
com.mgz.afp.parser.TripletParser
false
app
decodeAFP
StructuredFieldBaseTriplets.java
84
com.mgz.afp.base.StructuredFieldBaseTriplets
false
app
decodeAFP
IAFPDecodeableWriteable.java
64
com.mgz.afp.exceptions.IAFPDecodeableWriteable
false
app
parseNextSFFromBuffer
AFPParser.java
466
com.mgz.afp.parser.AFPParser
false
app
parseNextSF
AFPParser.java
382
com.mgz.afp.parser.AFPParser
false
app
convertToXml
Afp2Xml.java
469
com.mgz.cli.Afp2Xml
false
app
execute
Afp2Xml.java
376
com.mgz.cli.Afp2Xml
false
app
main
Afp2Xml.java
65
com.mgz.cli.Afp2Xml
false
Invalid triplet length: 0
Invalid triplet length: 0
10
Undefined
AADdjUYCmozykg==
app
parseTriplet
TripletParser.java
205
com.mgz.afp.parser.TripletParser
false
app
parseTriplets
TripletParser.java
133
com.mgz.afp.parser.TripletParser
false
app
decodeAFP
StructuredFieldBaseTriplets.java
84
com.mgz.afp.base.StructuredFieldBaseTriplets
false
app
decodeAFP
IAFPDecodeableWriteable.java
64
com.mgz.afp.exceptions.IAFPDecodeableWriteable
false
app
parseNextSFFromBuffer
AFPParser.java
466
com.mgz.afp.parser.AFPParser
false
app
parseNextSF
AFPParser.java
382
com.mgz.afp.parser.AFPParser
false
app
convertToXml
Afp2Xml.java
469
com.mgz.cli.Afp2Xml
false
app
execute
Afp2Xml.java
376
com.mgz.cli.Afp2Xml
false
app
main
Afp2Xml.java
65
com.mgz.cli.Afp2Xml
false
Invalid triplet length: 0
Invalid triplet length: 0
10
Undefined
AADdjUYCmozykg==
app
parseTriplet
TripletParser.java
205
com.mgz.afp.parser.TripletParser
false
app
parseTriplets
TripletParser.java
133
com.mgz.afp.parser.TripletParser
false
app
decodeAFP
StructuredFieldBaseTriplets.java
84
com.mgz.afp.base.StructuredFieldBaseTriplets
false
app
decodeAFP
IAFPDecodeableWriteable.java
64
com.mgz.afp.exceptions.IAFPDecodeableWriteable
false
app
parseNextSFFromBuffer
AFPParser.java
466
com.mgz.afp.parser.AFPParser
false
app
parseNextSF
AFPParser.java
382
com.mgz.afp.parser.AFPParser
false
app
convertToXml
Afp2Xml.java
469
com.mgz.cli.Afp2Xml
false
app
execute
Afp2Xml.java
376
com.mgz.cli.Afp2Xml
false
app
main
Afp2Xml.java
65
com.mgz.cli.Afp2Xml
false
Invalid triplet length: 0
Invalid triplet length: 0
10
Undefined
AADdjUYCmozykg==
app
parseTriplet
TripletParser.java
205
com.mgz.afp.parser.TripletParser
false
app
parseTriplets
TripletParser.java
133
com.mgz.afp.parser.TripletParser
false
app
decodeAFP
StructuredFieldBaseTriplets.java
84
com.mgz.afp.base.StructuredFieldBaseTriplets
false
app
decodeAFP
IAFPDecodeableWriteable.java
64
com.mgz.afp.exceptions.IAFPDecodeableWriteable
false
app
parseNextSFFromBuffer
AFPParser.java
466
com.mgz.afp.parser.AFPParser
false
app
parseNextSF
AFPParser.java
382
com.mgz.afp.parser.AFPParser
false
app
convertToXml
Afp2Xml.java
469
com.mgz.cli.Afp2Xml
false
app
execute
Afp2Xml.java
376
com.mgz.cli.Afp2Xml
false
app
main
Afp2Xml.java
65
com.mgz.cli.Afp2Xml
false
Invalid triplet length: 0
Invalid triplet length: 0
10
Undefined
AADdjUYCmozykg==
app
parseTriplet
TripletParser.java
205
com.mgz.afp.parser.TripletParser
false
app
parseTriplets
TripletParser.java
133
com.mgz.afp.parser.TripletParser
false
app
decodeAFP
StructuredFieldBaseTriplets.java
84
com.mgz.afp.base.StructuredFieldBaseTriplets
false
app
decodeAFP
IAFPDecodeableWriteable.java
64
com.mgz.afp.exceptions.IAFPDecodeableWriteable
false
app
parseNextSFFromBuffer
AFPParser.java
466
com.mgz.afp.parser.AFPParser
false
app
parseNextSF
AFPParser.java
382
com.mgz.afp.parser.AFPParser
false
app
convertToXml
Afp2Xml.java
469
com.mgz.cli.Afp2Xml
false
app
execute
Afp2Xml.java
376
com.mgz.cli.Afp2Xml
false
app
main
Afp2Xml.java
65
com.mgz.cli.Afp2Xml
false
Invalid triplet length: 0
Invalid triplet length: 0
10
Undefined
AADdjUYCmozykg==
app
parseTriplet
TripletParser.java
205
com.mgz.afp.parser.TripletParser
false
app
parseTriplets
TripletParser.java
133
com.mgz.afp.parser.TripletParser
false
app
decodeAFP
StructuredFieldBaseTriplets.java
84
com.mgz.afp.base.StructuredFieldBaseTriplets
false
app
decodeAFP
IAFPDecodeableWriteable.java
64
com.mgz.afp.exceptions.IAFPDecodeableWriteable
false
app
parseNextSFFromBuffer
AFPParser.java
466
com.mgz.afp.parser.AFPParser
false
app
parseNextSF
AFPParser.java
382
com.mgz.afp.parser.AFPParser
false
app
convertToXml
Afp2Xml.java
469
com.mgz.cli.Afp2Xml
false
app
execute
Afp2Xml.java
376
com.mgz.cli.Afp2Xml
false
app
main
Afp2Xml.java
65
com.mgz.cli.Afp2Xml
false
Invalid triplet length: 0
Invalid triplet length: 0
10
Undefined
AADdjUYCmozykg==
app
parseTriplet
TripletParser.java
205
com.mgz.afp.parser.TripletParser
false
app
parseTriplets
TripletParser.java
133
com.mgz.afp.parser.TripletParser
false
app
decodeAFP
StructuredFieldBaseTriplets.java
84
com.mgz.afp.base.StructuredFieldBaseTriplets
false
app
decodeAFP
IAFPDecodeableWriteable.java
64
com.mgz.afp.exceptions.IAFPDecodeableWriteable
false
app
parseNextSFFromBuffer
AFPParser.java
466
com.mgz.afp.parser.AFPParser
false
app
parseNextSF
AFPParser.java
382
com.mgz.afp.parser.AFPParser
false
app
convertToXml
Afp2Xml.java
469
com.mgz.cli.Afp2Xml
false
app
execute
Afp2Xml.java
376
com.mgz.cli.Afp2Xml
false
app
main
Afp2Xml.java
65
com.mgz.cli.Afp2Xml
false
Invalid triplet length: 0
Invalid triplet length: 0
10
Undefined
AADdjUYCmozykg==
app
parseTriplet
TripletParser.java
205
com.mgz.afp.parser.TripletParser
false
app
parseTriplets
TripletParser.java
133
com.mgz.afp.parser.TripletParser
false
app
decodeAFP
StructuredFieldBaseTriplets.java
84
com.mgz.afp.base.StructuredFieldBaseTriplets
false
app
decodeAFP
IAFPDecodeableWriteable.java
64
com.mgz.afp.exceptions.IAFPDecodeableWriteable
false
app
parseNextSFFromBuffer
AFPParser.java
466
com.mgz.afp.parser.AFPParser
false
app
parseNextSF
AFPParser.java
382
com.mgz.afp.parser.AFPParser
false
app
convertToXml
Afp2Xml.java
469
com.mgz.cli.Afp2Xml
false
app
execute
Afp2Xml.java
376
com.mgz.cli.Afp2Xml
false
app
main
Afp2Xml.java
65
com.mgz.cli.Afp2Xml
false
Invalid triplet length: 0
Invalid triplet length: 0
10
Undefined
AADdjUYCmozykg==
app
parseTriplet
TripletParser.java
205
com.mgz.afp.parser.TripletParser
false
app
parseTriplets
TripletParser.java
133
com.mgz.afp.parser.TripletParser
false
app
decodeAFP
StructuredFieldBaseTriplets.java
84
com.mgz.afp.base.StructuredFieldBaseTriplets
false
app
decodeAFP
IAFPDecodeableWriteable.java
64
com.mgz.afp.exceptions.IAFPDecodeableWriteable
false
app
parseNextSFFromBuffer
AFPParser.java
466
com.mgz.afp.parser.AFPParser
false
app
parseNextSF
AFPParser.java
382
com.mgz.afp.parser.AFPParser
false
app
convertToXml
Afp2Xml.java
469
com.mgz.cli.Afp2Xml
false
app
execute
Afp2Xml.java
376
com.mgz.cli.Afp2Xml
false
app
main
Afp2Xml.java
65
com.mgz.cli.Afp2Xml
false
Invalid triplet length: 0
Invalid triplet length: 0
10
Undefined
AADdjUYCmozykg==
app
parseTriplet
TripletParser.java
205
com.mgz.afp.parser.TripletParser
false
app
parseTriplets
TripletParser.java
133
com.mgz.afp.parser.TripletParser
false
app
decodeAFP
StructuredFieldBaseTriplets.java
84
com.mgz.afp.base.StructuredFieldBaseTriplets
false
app
decodeAFP
IAFPDecodeableWriteable.java
64
com.mgz.afp.exceptions.IAFPDecodeableWriteable
false
app
parseNextSFFromBuffer
AFPParser.java
466
com.mgz.afp.parser.AFPParser
false
app
parseNextSF
AFPParser.java
382
com.mgz.afp.parser.AFPParser
false
app
convertToXml
Afp2Xml.java
469
com.mgz.cli.Afp2Xml
false
app
execute
Afp2Xml.java
376
com.mgz.cli.Afp2Xml
false
app
main
Afp2Xml.java
65
com.mgz.cli.Afp2Xml
false
Invalid triplet length: 0
Invalid triplet length: 0
10
Undefined
AADdjUYCmozykg==
app
parseTriplet
TripletParser.java
205
com.mgz.afp.parser.TripletParser
false
app
parseTriplets
TripletParser.java
133
com.mgz.afp.parser.TripletParser
false
app
decodeAFP
StructuredFieldBaseTriplets.java
84
com.mgz.afp.base.StructuredFieldBaseTriplets
false
app
decodeAFP
IAFPDecodeableWriteable.java
64
com.mgz.afp.exceptions.IAFPDecodeableWriteable
false
app
parseNextSFFromBuffer
AFPParser.java
466
com.mgz.afp.parser.AFPParser
false
app
parseNextSF
AFPParser.java
382
com.mgz.afp.parser.AFPParser
false
app
convertToXml
Afp2Xml.java
469
com.mgz.cli.Afp2Xml
false
app
execute
Afp2Xml.java
376
com.mgz.cli.Afp2Xml
false
app
main
Afp2Xml.java
65
com.mgz.cli.Afp2Xml
false
Invalid triplet length: 0
Invalid triplet length: 0
10
Undefined
AADdjUYCmozykg==
app
parseTriplet
TripletParser.java
205
com.mgz.afp.parser.TripletParser
false
app
parseTriplets
TripletParser.java
133
com.mgz.afp.parser.TripletParser
false
app
decodeAFP
StructuredFieldBaseTriplets.java
84
com.mgz.afp.base.StructuredFieldBaseTriplets
false
app
decodeAFP
IAFPDecodeableWriteable.java
64
com.mgz.afp.exceptions.IAFPDecodeableWriteable
false
app
parseNextSFFromBuffer
AFPParser.java
466
com.mgz.afp.parser.AFPParser
false
app
parseNextSF
AFPParser.java
382
com.mgz.afp.parser.AFPParser
false
app
convertToXml
Afp2Xml.java
469
com.mgz.cli.Afp2Xml
false
app
execute
Afp2Xml.java
376
com.mgz.cli.Afp2Xml
false
app
main
Afp2Xml.java
65
com.mgz.cli.Afp2Xml
false
Invalid triplet length: 0
Invalid triplet length: 0
10
Undefined
AADdjUYCmozykg==
app
parseTriplet
TripletParser.java
205
com.mgz.afp.parser.TripletParser
false
app
parseTriplets
TripletParser.java
133
com.mgz.afp.parser.TripletParser
false
app
decodeAFP
StructuredFieldBaseTriplets.java
84
com.mgz.afp.base.StructuredFieldBaseTriplets
false
app
decodeAFP
IAFPDecodeableWriteable.java
64
com.mgz.afp.exceptions.IAFPDecodeableWriteable
false
app
parseNextSFFromBuffer
AFPParser.java
466
com.mgz.afp.parser.AFPParser
false
app
parseNextSF
AFPParser.java
382
com.mgz.afp.parser.AFPParser
false
app
convertToXml
Afp2Xml.java
469
com.mgz.cli.Afp2Xml
false
app
execute
Afp2Xml.java
376
com.mgz.cli.Afp2Xml
false
app
main
Afp2Xml.java
65
com.mgz.cli.Afp2Xml
false
Invalid triplet length: 0
Invalid triplet length: 0
10
Undefined
AADdjUYCmozykg==
app
parseTriplet
TripletParser.java
205
com.mgz.afp.parser.TripletParser
false
app
parseTriplets
TripletParser.java
133
com.mgz.afp.parser.TripletParser
false
app
decodeAFP
StructuredFieldBaseTriplets.java
84
com.mgz.afp.base.StructuredFieldBaseTriplets
false
app
decodeAFP
IAFPDecodeableWriteable.java
64
com.mgz.afp.exceptions.IAFPDecodeableWriteable
false
app
parseNextSFFromBuffer
AFPParser.java
466
com.mgz.afp.parser.AFPParser
false
app
parseNextSF
AFPParser.java
382
com.mgz.afp.parser.AFPParser
false
app
convertToXml
Afp2Xml.java
469
com.mgz.cli.Afp2Xml
false
app
execute
Afp2Xml.java
376
com.mgz.cli.Afp2Xml
false
app
main
Afp2Xml.java
65
com.mgz.cli.Afp2Xml
false
Invalid triplet length: 0
Invalid triplet length: 0
10
Undefined
AADdjUYCmozykg==
app
parseTriplet
TripletParser.java
205
com.mgz.afp.parser.TripletParser
false
app
parseTriplets
TripletParser.java
133
com.mgz.afp.parser.TripletParser
false
app
decodeAFP
StructuredFieldBaseTriplets.java
84
com.mgz.afp.base.StructuredFieldBaseTriplets
false
app
decodeAFP
IAFPDecodeableWriteable.java
64
com.mgz.afp.exceptions.IAFPDecodeableWriteable
false
app
parseNextSFFromBuffer
AFPParser.java
466
com.mgz.afp.parser.AFPParser
false
app
parseNextSF
AFPParser.java
382
com.mgz.afp.parser.AFPParser
false
app
convertToXml
Afp2Xml.java
469
com.mgz.cli.Afp2Xml
false
app
execute
Afp2Xml.java
376
com.mgz.cli.Afp2Xml
false
app
main
Afp2Xml.java
65
com.mgz.cli.Afp2Xml
false
Invalid triplet length: 0
Invalid triplet length: 0
10
Undefined
AADdjUYCmozykg==
app
parseTriplet
TripletParser.java
205
com.mgz.afp.parser.TripletParser
false
app
parseTriplets
TripletParser.java
133
com.mgz.afp.parser.TripletParser
false
app
decodeAFP
StructuredFieldBaseTriplets.java
84
com.mgz.afp.base.StructuredFieldBaseTriplets
false
app
decodeAFP
IAFPDecodeableWriteable.java
64
com.mgz.afp.exceptions.IAFPDecodeableWriteable
false
app
parseNextSFFromBuffer
AFPParser.java
466
com.mgz.afp.parser.AFPParser
false
app
parseNextSF
AFPParser.java
382
com.mgz.afp.parser.AFPParser
false
app
convertToXml
Afp2Xml.java
469
com.mgz.cli.Afp2Xml
false
app
execute
Afp2Xml.java
376
com.mgz.cli.Afp2Xml
false
app
main
Afp2Xml.java
65
com.mgz.cli.Afp2Xml
false
Invalid triplet length: 0
Invalid triplet length: 0
10
Undefined
AADdjUYCmozykg==
app
parseTriplet
TripletParser.java
205
com.mgz.afp.parser.TripletParser
false
app
parseTriplets
TripletParser.java
133
com.mgz.afp.parser.TripletParser
false
app
decodeAFP
StructuredFieldBaseTriplets.java
84
com.mgz.afp.base.StructuredFieldBaseTriplets
false
app
decodeAFP
IAFPDecodeableWriteable.java
64
com.mgz.afp.exceptions.IAFPDecodeableWriteable
false
app
parseNextSFFromBuffer
AFPParser.java
466
com.mgz.afp.parser.AFPParser
false
app
parseNextSF
AFPParser.java
382
com.mgz.afp.parser.AFPParser
false
app
convertToXml
Afp2Xml.java
469
com.mgz.cli.Afp2Xml
false
app
execute
Afp2Xml.java
376
com.mgz.cli.Afp2Xml
false
app
main
Afp2Xml.java
65
com.mgz.cli.Afp2Xml
false
Invalid triplet length: 0
Invalid triplet length: 0
10
Undefined
AADdjUYCmozykg==
app
parseTriplet
TripletParser.java
205
com.mgz.afp.parser.TripletParser
false
app
parseTriplets
TripletParser.java
133
com.mgz.afp.parser.TripletParser
false
app
decodeAFP
StructuredFieldBaseTriplets.java
84
com.mgz.afp.base.StructuredFieldBaseTriplets
false
app
decodeAFP
IAFPDecodeableWriteable.java
64
com.mgz.afp.exceptions.IAFPDecodeableWriteable
false
app
parseNextSFFromBuffer
AFPParser.java
466
com.mgz.afp.parser.AFPParser
false
app
parseNextSF
AFPParser.java
382
com.mgz.afp.parser.AFPParser
false
app
convertToXml
Afp2Xml.java
469
com.mgz.cli.Afp2Xml
false
app
execute
Afp2Xml.java
376
com.mgz.cli.Afp2Xml
false
app
main
Afp2Xml.java
65
com.mgz.cli.Afp2Xml
false
Invalid triplet length: 0
Invalid triplet length: 0
10
Undefined
AADdjUYCmozykg==
app
parseTriplet
TripletParser.java
205
com.mgz.afp.parser.TripletParser
false
app
parseTriplets
TripletParser.java
133
com.mgz.afp.parser.TripletParser
false
app
decodeAFP
StructuredFieldBaseTriplets.java
84
com.mgz.afp.base.StructuredFieldBaseTriplets
false
app
decodeAFP
IAFPDecodeableWriteable.java
64
com.mgz.afp.exceptions.IAFPDecodeableWriteable
false
app
parseNextSFFromBuffer
AFPParser.java
466
com.mgz.afp.parser.AFPParser
false
app
parseNextSF
AFPParser.java
382
com.mgz.afp.parser.AFPParser
false
app
convertToXml
Afp2Xml.java
469
com.mgz.cli.Afp2Xml
false
app
execute
Afp2Xml.java
376
com.mgz.cli.Afp2Xml
false
app
main
Afp2Xml.java
65
com.mgz.cli.Afp2Xml
false
Invalid triplet length: 0
Invalid triplet length: 0
10
Undefined
AADdjUYCmozykg==
app
parseTriplet
TripletParser.java
205
com.mgz.afp.parser.TripletParser
false
app
parseTriplets
TripletParser.java
133
com.mgz.afp.parser.TripletParser
false
app
decodeAFP
StructuredFieldBaseTriplets.java
84
com.mgz.afp.base.StructuredFieldBaseTriplets
false
app
decodeAFP
IAFPDecodeableWriteable.java
64
com.mgz.afp.exceptions.IAFPDecodeableWriteable
false
app
parseNextSFFromBuffer
AFPParser.java
466
com.mgz.afp.parser.AFPParser
false
app
parseNextSF
AFPParser.java
382
com.mgz.afp.parser.AFPParser
false
app
convertToXml
Afp2Xml.java
469
com.mgz.cli.Afp2Xml
false
app
execute
Afp2Xml.java
376
com.mgz.cli.Afp2Xml
false
app
main
Afp2Xml.java
65
com.mgz.cli.Afp2Xml
false
Invalid triplet length: 0
Invalid triplet length: 0
10
Undefined
AADdjUYCmozykg==
app
parseTriplet
TripletParser.java
205
com.mgz.afp.parser.TripletParser
false
app
parseTriplets
TripletParser.java
133
com.mgz.afp.parser.TripletParser
false
app
decodeAFP
StructuredFieldBaseTriplets.java
84
com.mgz.afp.base.StructuredFieldBaseTriplets
false
app
decodeAFP
IAFPDecodeableWriteable.java
64
com.mgz.afp.exceptions.IAFPDecodeableWriteable
false
app
parseNextSFFromBuffer
AFPParser.java
466
com.mgz.afp.parser.AFPParser
false
app
parseNextSF
AFPParser.java
382
com.mgz.afp.parser.AFPParser
false
app
convertToXml
Afp2Xml.java
469
com.mgz.cli.Afp2Xml
false
app
execute
Afp2Xml.java
376
com.mgz.cli.Afp2Xml
false
app
main
Afp2Xml.java
65
com.mgz.cli.Afp2Xml
false
Invalid triplet length: 0
Invalid triplet length: 0
10
Undefined
AADdjUYCmozykg==
app
parseTriplet
TripletParser.java
205
com.mgz.afp.parser.TripletParser
false
app
parseTriplets
TripletParser.java
133
com.mgz.afp.parser.TripletParser
false
app
decodeAFP
StructuredFieldBaseTriplets.java
84
com.mgz.afp.base.StructuredFieldBaseTriplets
false
app
decodeAFP
IAFPDecodeableWriteable.java
64
com.mgz.afp.exceptions.IAFPDecodeableWriteable
false
app
parseNextSFFromBuffer
AFPParser.java
466
com.mgz.afp.parser.AFPParser
false
app
parseNextSF
AFPParser.java
382
com.mgz.afp.parser.AFPParser
false
app
convertToXml
Afp2Xml.java
469
com.mgz.cli.Afp2Xml
false
app
execute
Afp2Xml.java
376
com.mgz.cli.Afp2Xml
false
app
main
Afp2Xml.java
65
com.mgz.cli.Afp2Xml
false
Invalid triplet length: 0
Invalid triplet length: 0
10
Undefined
AADdjUYCmozykg==
app
parseTriplet
TripletParser.java
205
com.mgz.afp.parser.TripletParser
false
app
parseTriplets
TripletParser.java
133
com.mgz.afp.parser.TripletParser
false
app
decodeAFP
StructuredFieldBaseTriplets.java
84
com.mgz.afp.base.StructuredFieldBaseTriplets
false
app
decodeAFP
IAFPDecodeableWriteable.java
64
com.mgz.afp.exceptions.IAFPDecodeableWriteable
false
app
parseNextSFFromBuffer
AFPParser.java
466
com.mgz.afp.parser.AFPParser
false
app
parseNextSF
AFPParser.java
382
com.mgz.afp.parser.AFPParser
false
app
convertToXml
Afp2Xml.java
469
com.mgz.cli.Afp2Xml
false
app
execute
Afp2Xml.java
376
com.mgz.cli.Afp2Xml
false
app
main
Afp2Xml.java
65
com.mgz.cli.Afp2Xml
false
Invalid triplet length: 0
Invalid triplet length: 0
10
Undefined
AADdjUYCmozykg==
app
parseTriplet
TripletParser.java
205
com.mgz.afp.parser.TripletParser
false
app
parseTriplets
TripletParser.java
133
com.mgz.afp.parser.TripletParser
false
app
decodeAFP
StructuredFieldBaseTriplets.java
84
com.mgz.afp.base.StructuredFieldBaseTriplets
false
app
decodeAFP
IAFPDecodeableWriteable.java
64
com.mgz.afp.exceptions.IAFPDecodeableWriteable
false
app
parseNextSFFromBuffer
AFPParser.java
466
com.mgz.afp.parser.AFPParser
false
app
parseNextSF
AFPParser.java
382
com.mgz.afp.parser.AFPParser
false
app
convertToXml
Afp2Xml.java
469
com.mgz.cli.Afp2Xml
false
app
execute
Afp2Xml.java
376
com.mgz.cli.Afp2Xml
false
app
main
Afp2Xml.java
65
com.mgz.cli.Afp2Xml
false
Invalid triplet length: 0
Invalid triplet length: 0
10
Undefined
AADdjUYCmozykg==
app
parseTriplet
TripletParser.java
205
com.mgz.afp.parser.TripletParser
false
app
parseTriplets
TripletParser.java
133
com.mgz.afp.parser.TripletParser
false
app
decodeAFP
StructuredFieldBaseTriplets.java
84
com.mgz.afp.base.StructuredFieldBaseTriplets
false
app
decodeAFP
IAFPDecodeableWriteable.java
64
com.mgz.afp.exceptions.IAFPDecodeableWriteable
false
app
parseNextSFFromBuffer
AFPParser.java
466
com.mgz.afp.parser.AFPParser
false
app
parseNextSF
AFPParser.java
382
com.mgz.afp.parser.AFPParser
false
app
convertToXml
Afp2Xml.java
469
com.mgz.cli.Afp2Xml
false
app
execute
Afp2Xml.java
376
com.mgz.cli.Afp2Xml
false
app
main
Afp2Xml.java
65
com.mgz.cli.Afp2Xml
false
Invalid triplet length: 0
Invalid triplet length: 0
10
Undefined
AADdjUYCmozykg==
app
parseTriplet
TripletParser.java
205
com.mgz.afp.parser.TripletParser
false
app
parseTriplets
TripletParser.java
133
com.mgz.afp.parser.TripletParser
false
app
decodeAFP
StructuredFieldBaseTriplets.java
84
com.mgz.afp.base.StructuredFieldBaseTriplets
false
app
decodeAFP
IAFPDecodeableWriteable.java
64
com.mgz.afp.exceptions.IAFPDecodeableWriteable
false
app
parseNextSFFromBuffer
AFPParser.java
466
com.mgz.afp.parser.AFPParser
false
app
parseNextSF
AFPParser.java
382
com.mgz.afp.parser.AFPParser
false
app
convertToXml
Afp2Xml.java
469
com.mgz.cli.Afp2Xml
false
app
execute
Afp2Xml.java
376
com.mgz.cli.Afp2Xml
false
app
main
Afp2Xml.java
65
com.mgz.cli.Afp2Xml
false
Invalid triplet length: 0
Invalid triplet length: 0
10
Undefined
AADdjUYCmozykg==
app
parseTriplet
TripletParser.java
205
com.mgz.afp.parser.TripletParser
false
app
parseTriplets
TripletParser.java
133
com.mgz.afp.parser.TripletParser
false
app
decodeAFP
StructuredFieldBaseTriplets.java
84
com.mgz.afp.base.StructuredFieldBaseTriplets
false
app
decodeAFP
IAFPDecodeableWriteable.java
64
com.mgz.afp.exceptions.IAFPDecodeableWriteable
false
app
parseNextSFFromBuffer
AFPParser.java
466
com.mgz.afp.parser.AFPParser
false
app
parseNextSF
AFPParser.java
382
com.mgz.afp.parser.AFPParser
false
app
convertToXml
Afp2Xml.java
469
com.mgz.cli.Afp2Xml
false
app
execute
Afp2Xml.java
376
com.mgz.cli.Afp2Xml
false
app
main
Afp2Xml.java
65
com.mgz.cli.Afp2Xml
false
Invalid triplet length: 0
Invalid triplet length: 0
10
Undefined
AADdjUYCmozykg==
app
parseTriplet
TripletParser.java
205
com.mgz.afp.parser.TripletParser
false
app
parseTriplets
TripletParser.java
133
com.mgz.afp.parser.TripletParser
false
app
decodeAFP
StructuredFieldBaseTriplets.java
84
com.mgz.afp.base.StructuredFieldBaseTriplets
false
app
decodeAFP
IAFPDecodeableWriteable.java
64
com.mgz.afp.exceptions.IAFPDecodeableWriteable
false
app
parseNextSFFromBuffer
AFPParser.java
466
com.mgz.afp.parser.AFPParser
false
app
parseNextSF
AFPParser.java
382
com.mgz.afp.parser.AFPParser
false
app
convertToXml
Afp2Xml.java
469
com.mgz.cli.Afp2Xml
false
app
execute
Afp2Xml.java
376
com.mgz.cli.Afp2Xml
false
app
main
Afp2Xml.java
65
com.mgz.cli.Afp2Xml
false
Invalid triplet length: 0
Invalid triplet length: 0
10
Undefined
AADdjUYCmozykg==
app
parseTriplet
TripletParser.java
205
com.mgz.afp.parser.TripletParser
false
app
parseTriplets
TripletParser.java
133
com.mgz.afp.parser.TripletParser
false
app
decodeAFP
StructuredFieldBaseTriplets.java
84
com.mgz.afp.base.StructuredFieldBaseTriplets
false
app
decodeAFP
IAFPDecodeableWriteable.java
64
com.mgz.afp.exceptions.IAFPDecodeableWriteable
false
app
parseNextSFFromBuffer
AFPParser.java
466
com.mgz.afp.parser.AFPParser
false
app
parseNextSF
AFPParser.java
382
com.mgz.afp.parser.AFPParser
false
app
convertToXml
Afp2Xml.java
469
com.mgz.cli.Afp2Xml
false
app
execute
Afp2Xml.java
376
com.mgz.cli.Afp2Xml
false
app
main
Afp2Xml.java
65
com.mgz.cli.Afp2Xml
false
Invalid triplet length: 0
Invalid triplet length: 0
10
Undefined
AADdjUYCmozykg==
app
parseTriplet
TripletParser.java
205
com.mgz.afp.parser.TripletParser
false
app
parseTriplets
TripletParser.java
133
com.mgz.afp.parser.TripletParser
false
app
decodeAFP
StructuredFieldBaseTriplets.java
84
com.mgz.afp.base.StructuredFieldBaseTriplets
false
app
decodeAFP
IAFPDecodeableWriteable.java
64
com.mgz.afp.exceptions.IAFPDecodeableWriteable
false
app
parseNextSFFromBuffer
AFPParser.java
466
com.mgz.afp.parser.AFPParser
false
app
parseNextSF
AFPParser.java
382
com.mgz.afp.parser.AFPParser
false
app
convertToXml
Afp2Xml.java
469
com.mgz.cli.Afp2Xml
false
app
execute
Afp2Xml.java
376
com.mgz.cli.Afp2Xml
false
app
main
Afp2Xml.java
65
com.mgz.cli.Afp2Xml
false
Invalid triplet length: 0
Invalid triplet length: 0
10
Undefined
AADdjUYCmozykg==
app
parseTriplet
TripletParser.java
205
com.mgz.afp.parser.TripletParser
false
app
parseTriplets
TripletParser.java
133
com.mgz.afp.parser.TripletParser
false
app
decodeAFP
StructuredFieldBaseTriplets.java
84
com.mgz.afp.base.StructuredFieldBaseTriplets
false
app
decodeAFP
IAFPDecodeableWriteable.java
64
com.mgz.afp.exceptions.IAFPDecodeableWriteable
false
app
parseNextSFFromBuffer
AFPParser.java
466
com.mgz.afp.parser.AFPParser
false
app
parseNextSF
AFPParser.java
382
com.mgz.afp.parser.AFPParser
false
app
convertToXml
Afp2Xml.java
469
com.mgz.cli.Afp2Xml
false
app
execute
Afp2Xml.java
376
com.mgz.cli.Afp2Xml
false
app
main
Afp2Xml.java
65
com.mgz.cli.Afp2Xml
false
Invalid triplet length: 0
Invalid triplet length: 0
10
Undefined
AADdjUYCmozykg==
app
parseTriplet
TripletParser.java
205
com.mgz.afp.parser.TripletParser
false
app
parseTriplets
TripletParser.java
133
com.mgz.afp.parser.TripletParser
false
app
decodeAFP
StructuredFieldBaseTriplets.java
84
com.mgz.afp.base.StructuredFieldBaseTriplets
false
app
decodeAFP
IAFPDecodeableWriteable.java
64
com.mgz.afp.exceptions.IAFPDecodeableWriteable
false
app
parseNextSFFromBuffer
AFPParser.java
466
com.mgz.afp.parser.AFPParser
false
app
parseNextSF
AFPParser.java
382
com.mgz.afp.parser.AFPParser
false
app
convertToXml
Afp2Xml.java
469
com.mgz.cli.Afp2Xml
false
app
execute
Afp2Xml.java
376
com.mgz.cli.Afp2Xml
false
app
main
Afp2Xml.java
65
com.mgz.cli.Afp2Xml
false
Invalid triplet length: 0
Invalid triplet length: 0
10
Undefined
AADdjUYCmozykg==
app
parseTriplet
TripletParser.java
205
com.mgz.afp.parser.TripletParser
false
app
parseTriplets
TripletParser.java
133
com.mgz.afp.parser.TripletParser
false
app
decodeAFP
StructuredFieldBaseTriplets.java
84
com.mgz.afp.base.StructuredFieldBaseTriplets
false
app
decodeAFP
IAFPDecodeableWriteable.java
64
com.mgz.afp.exceptions.IAFPDecodeableWriteable
false
app
parseNextSFFromBuffer
AFPParser.java
466
com.mgz.afp.parser.AFPParser
false
app
parseNextSF
AFPParser.java
382
com.mgz.afp.parser.AFPParser
false
app
convertToXml
Afp2Xml.java
469
com.mgz.cli.Afp2Xml
false
app
execute
Afp2Xml.java
376
com.mgz.cli.Afp2Xml
false
app
main
Afp2Xml.java
65
com.mgz.cli.Afp2Xml
false
Invalid triplet length: 0
Invalid triplet length: 0
10
Undefined
AADdjUYCmozykg==
app
parseTriplet
TripletParser.java
205
com.mgz.afp.parser.TripletParser
false
app
parseTriplets
TripletParser.java
133
com.mgz.afp.parser.TripletParser
false
app
decodeAFP
StructuredFieldBaseTriplets.java
84
com.mgz.afp.base.StructuredFieldBaseTriplets
false
app
decodeAFP
IAFPDecodeableWriteable.java
64
com.mgz.afp.exceptions.IAFPDecodeableWriteable
false
app
parseNextSFFromBuffer
AFPParser.java
466
com.mgz.afp.parser.AFPParser
false
app
parseNextSF
AFPParser.java
382
com.mgz.afp.parser.AFPParser
false
app
convertToXml
Afp2Xml.java
469
com.mgz.cli.Afp2Xml
false
app
execute
Afp2Xml.java
376
com.mgz.cli.Afp2Xml
false
app
main
Afp2Xml.java
65
com.mgz.cli.Afp2Xml
false
Invalid triplet length: 0
Invalid triplet length: 0
10
Undefined
AADdjUYCmozykg==
app
parseTriplet
TripletParser.java
205
com.mgz.afp.parser.TripletParser
false
app
parseTriplets
TripletParser.java
133
com.mgz.afp.parser.TripletParser
false
app
decodeAFP
StructuredFieldBaseTriplets.java
84
com.mgz.afp.base.StructuredFieldBaseTriplets
false
app
decodeAFP
IAFPDecodeableWriteable.java
64
com.mgz.afp.exceptions.IAFPDecodeableWriteable
false
app
parseNextSFFromBuffer
AFPParser.java
466
com.mgz.afp.parser.AFPParser
false
app
parseNextSF
AFPParser.java
382
com.mgz.afp.parser.AFPParser
false
app
convertToXml
Afp2Xml.java
469
com.mgz.cli.Afp2Xml
false
app
execute
Afp2Xml.java
376
com.mgz.cli.Afp2Xml
false
app
main
Afp2Xml.java
65
com.mgz.cli.Afp2Xml
false
Invalid triplet length: 0
Invalid triplet length: 0
10
Undefined
AADdjUYCmozykg==
app
parseTriplet
TripletParser.java
205
com.mgz.afp.parser.TripletParser
false
app
parseTriplets
TripletParser.java
133
com.mgz.afp.parser.TripletParser
false
app
decodeAFP
StructuredFieldBaseTriplets.java
84
com.mgz.afp.base.StructuredFieldBaseTriplets
false
app
decodeAFP
IAFPDecodeableWriteable.java
64
com.mgz.afp.exceptions.IAFPDecodeableWriteable
false
app
parseNextSFFromBuffer
AFPParser.java
466
com.mgz.afp.parser.AFPParser
false
app
parseNextSF
AFPParser.java
382
com.mgz.afp.parser.AFPParser
false
app
convertToXml
Afp2Xml.java
469
com.mgz.cli.Afp2Xml
false
app
execute
Afp2Xml.java
376
com.mgz.cli.Afp2Xml
false
app
main
Afp2Xml.java
65
com.mgz.cli.Afp2Xml
false
Invalid triplet length: 0
Invalid triplet length: 0
10
Undefined
AADdjUYCmozykg==
app
parseTriplet
TripletParser.java
205
com.mgz.afp.parser.TripletParser
false
app
parseTriplets
TripletParser.java
133
com.mgz.afp.parser.TripletParser
false
app
decodeAFP
StructuredFieldBaseTriplets.java
84
com.mgz.afp.base.StructuredFieldBaseTriplets
false
app
decodeAFP
IAFPDecodeableWriteable.java
64
com.mgz.afp.exceptions.IAFPDecodeableWriteable
false
app
parseNextSFFromBuffer
AFPParser.java
466
com.mgz.afp.parser.AFPParser
false
app
parseNextSF
AFPParser.java
382
com.mgz.afp.parser.AFPParser
false
app
convertToXml
Afp2Xml.java
469
com.mgz.cli.Afp2Xml
false
app
execute
Afp2Xml.java
376
com.mgz.cli.Afp2Xml
false
app
main
Afp2Xml.java
65
com.mgz.cli.Afp2Xml
false
Invalid triplet length: 0
Invalid triplet length: 0
10
Undefined
AADdjUYCmozykg==
app
parseTriplet
TripletParser.java
205
com.mgz.afp.parser.TripletParser
false
app
parseTriplets
TripletParser.java
133
com.mgz.afp.parser.TripletParser
false
app
decodeAFP
StructuredFieldBaseTriplets.java
84
com.mgz.afp.base.StructuredFieldBaseTriplets
false
app
decodeAFP
IAFPDecodeableWriteable.java
64
com.mgz.afp.exceptions.IAFPDecodeableWriteable
false
app
parseNextSFFromBuffer
AFPParser.java
466
com.mgz.afp.parser.AFPParser
false
app
parseNextSF
AFPParser.java
382
com.mgz.afp.parser.AFPParser
false
app
convertToXml
Afp2Xml.java
469
com.mgz.cli.Afp2Xml
false
app
execute
Afp2Xml.java
376
com.mgz.cli.Afp2Xml
false
app
main
Afp2Xml.java
65
com.mgz.cli.Afp2Xml
false
Invalid triplet length: 0
Invalid triplet length: 0
10
Undefined
AADdjUYCmozykg==
app
parseTriplet
TripletParser.java
205
com.mgz.afp.parser.TripletParser
false
app
parseTriplets
TripletParser.java
133
com.mgz.afp.parser.TripletParser
false
app
decodeAFP
StructuredFieldBaseTriplets.java
84
com.mgz.afp.base.StructuredFieldBaseTriplets
false
app
decodeAFP
IAFPDecodeableWriteable.java
64
com.mgz.afp.exceptions.IAFPDecodeableWriteable
false
app
parseNextSFFromBuffer
AFPParser.java
466
com.mgz.afp.parser.AFPParser
false
app
parseNextSF
AFPParser.java
382
com.mgz.afp.parser.AFPParser
false
app
convertToXml
Afp2Xml.java
469
com.mgz.cli.Afp2Xml
false
app
execute
Afp2Xml.java
376
com.mgz.cli.Afp2Xml
false
app
main
Afp2Xml.java
65
com.mgz.cli.Afp2Xml
false
Invalid triplet length: 0
Invalid triplet length: 0
10
Undefined
AADdjUYCmozykg==
app
parseTriplet
TripletParser.java
205
com.mgz.afp.parser.TripletParser
false
app
parseTriplets
TripletParser.java
133
com.mgz.afp.parser.TripletParser
false
app
decodeAFP
StructuredFieldBaseTriplets.java
84
com.mgz.afp.base.StructuredFieldBaseTriplets
false
app
decodeAFP
IAFPDecodeableWriteable.java
64
com.mgz.afp.exceptions.IAFPDecodeableWriteable
false
app
parseNextSFFromBuffer
AFPParser.java
466
com.mgz.afp.parser.AFPParser
false
app
parseNextSF
AFPParser.java
382
com.mgz.afp.parser.AFPParser
false
app
convertToXml
Afp2Xml.java
469
com.mgz.cli.Afp2Xml
false
app
execute
Afp2Xml.java
376
com.mgz.cli.Afp2Xml
false
app
main
Afp2Xml.java
65
com.mgz.cli.Afp2Xml
false
Invalid triplet length: 0
Invalid triplet length: 0
10
Undefined
AADdjUYCmozykg==
app
parseTriplet
TripletParser.java
205
com.mgz.afp.parser.TripletParser
false
app
parseTriplets
TripletParser.java
133
com.mgz.afp.parser.TripletParser
false
app
decodeAFP
StructuredFieldBaseTriplets.java
84
com.mgz.afp.base.StructuredFieldBaseTriplets
false
app
decodeAFP
IAFPDecodeableWriteable.java
64
com.mgz.afp.exceptions.IAFPDecodeableWriteable
false
app
parseNextSFFromBuffer
AFPParser.java
466
com.mgz.afp.parser.AFPParser
false
app
parseNextSF
AFPParser.java
382
com.mgz.afp.parser.AFPParser
false
app
convertToXml
Afp2Xml.java
469
com.mgz.cli.Afp2Xml
false
app
execute
Afp2Xml.java
376
com.mgz.cli.Afp2Xml
false
app
main
Afp2Xml.java
65
com.mgz.cli.Afp2Xml
false
Invalid triplet length: 0
Invalid triplet length: 0
10
Undefined
AADdjUYCmozykg==
app
parseTriplet
TripletParser.java
205
com.mgz.afp.parser.TripletParser
false
app
parseTriplets
TripletParser.java
133
com.mgz.afp.parser.TripletParser
false
app
decodeAFP
StructuredFieldBaseTriplets.java
84
com.mgz.afp.base.StructuredFieldBaseTriplets
false
app
decodeAFP
IAFPDecodeableWriteable.java
64
com.mgz.afp.exceptions.IAFPDecodeableWriteable
false
app
parseNextSFFromBuffer
AFPParser.java
466
com.mgz.afp.parser.AFPParser
false
app
parseNextSF
AFPParser.java
382
com.mgz.afp.parser.AFPParser
false
app
convertToXml
Afp2Xml.java
469
com.mgz.cli.Afp2Xml
false
app
execute
Afp2Xml.java
376
com.mgz.cli.Afp2Xml
false
app
main
Afp2Xml.java
65
com.mgz.cli.Afp2Xml
false
Invalid triplet length: 0
Invalid triplet length: 0
10
Undefined
AADdjUYCmozykg==
app
parseTriplet
TripletParser.java
205
com.mgz.afp.parser.TripletParser
false
app
parseTriplets
TripletParser.java
133
com.mgz.afp.parser.TripletParser
false
app
decodeAFP
StructuredFieldBaseTriplets.java
84
com.mgz.afp.base.StructuredFieldBaseTriplets
false
app
decodeAFP
IAFPDecodeableWriteable.java
64
com.mgz.afp.exceptions.IAFPDecodeableWriteable
false
app
parseNextSFFromBuffer
AFPParser.java
466
com.mgz.afp.parser.AFPParser
false
app
parseNextSF
AFPParser.java
382
com.mgz.afp.parser.AFPParser
false
app
convertToXml
Afp2Xml.java
469
com.mgz.cli.Afp2Xml
false
app
execute
Afp2Xml.java
376
com.mgz.cli.Afp2Xml
false
app
main
Afp2Xml.java
65
com.mgz.cli.Afp2Xml
false
Invalid triplet length: 0
Invalid triplet length: 0
10
Undefined
AADdjUYCmozykg==
app
parseTriplet
TripletParser.java
205
com.mgz.afp.parser.TripletParser
false
app
parseTriplets
TripletParser.java
133
com.mgz.afp.parser.TripletParser
false
app
decodeAFP
StructuredFieldBaseTriplets.java
84
com.mgz.afp.base.StructuredFieldBaseTriplets
false
app
decodeAFP
IAFPDecodeableWriteable.java
64
com.mgz.afp.exceptions.IAFPDecodeableWriteable
false
app
parseNextSFFromBuffer
AFPParser.java
466
com.mgz.afp.parser.AFPParser
false
app
parseNextSF
AFPParser.java
382
com.mgz.afp.parser.AFPParser
false
app
convertToXml
Afp2Xml.java
469
com.mgz.cli.Afp2Xml
false
app
execute
Afp2Xml.java
376
com.mgz.cli.Afp2Xml
false
app
main
Afp2Xml.java
65
com.mgz.cli.Afp2Xml
false
Invalid triplet length: 0
Invalid triplet length: 0
10
Undefined
AADdjUYCmozykg==
app
parseTriplet
TripletParser.java
205
com.mgz.afp.parser.TripletParser
false
app
parseTriplets
TripletParser.java
133
com.mgz.afp.parser.TripletParser
false
app
decodeAFP
StructuredFieldBaseTriplets.java
84
com.mgz.afp.base.StructuredFieldBaseTriplets
false
app
decodeAFP
IAFPDecodeableWriteable.java
64
com.mgz.afp.exceptions.IAFPDecodeableWriteable
false
app
parseNextSFFromBuffer
AFPParser.java
466
com.mgz.afp.parser.AFPParser
false
app
parseNextSF
AFPParser.java
382
com.mgz.afp.parser.AFPParser
false
app
convertToXml
Afp2Xml.java
469
com.mgz.cli.Afp2Xml
false
app
execute
Afp2Xml.java
376
com.mgz.cli.Afp2Xml
false
app
main
Afp2Xml.java
65
com.mgz.cli.Afp2Xml
false
Invalid triplet length: 0
Invalid triplet length: 0
10
Undefined
AADdjUYCmozykg==
app
parseTriplet
TripletParser.java
205
com.mgz.afp.parser.TripletParser
false
app
parseTriplets
TripletParser.java
133
com.mgz.afp.parser.TripletParser
false
app
decodeAFP
StructuredFieldBaseTriplets.java
84
com.mgz.afp.base.StructuredFieldBaseTriplets
false
app
decodeAFP
IAFPDecodeableWriteable.java
64
com.mgz.afp.exceptions.IAFPDecodeableWriteable
false
app
parseNextSFFromBuffer
AFPParser.java
466
com.mgz.afp.parser.AFPParser
false
app
parseNextSF
AFPParser.java
382
com.mgz.afp.parser.AFPParser
false
app
convertToXml
Afp2Xml.java
469
com.mgz.cli.Afp2Xml
false
app
execute
Afp2Xml.java
376
com.mgz.cli.Afp2Xml
false
app
main
Afp2Xml.java
65
com.mgz.cli.Afp2Xml
false
Invalid triplet length: 0
Invalid triplet length: 0
10
Undefined
AADdjUYCmozykg==
app
parseTriplet
TripletParser.java
205
com.mgz.afp.parser.TripletParser
false
app
parseTriplets
TripletParser.java
133
com.mgz.afp.parser.TripletParser
false
app
decodeAFP
StructuredFieldBaseTriplets.java
84
com.mgz.afp.base.StructuredFieldBaseTriplets
false
app
decodeAFP
IAFPDecodeableWriteable.java
64
com.mgz.afp.exceptions.IAFPDecodeableWriteable
false
app
parseNextSFFromBuffer
AFPParser.java
466
com.mgz.afp.parser.AFPParser
false
app
parseNextSF
AFPParser.java
382
com.mgz.afp.parser.AFPParser
false
app
convertToXml
Afp2Xml.java
469
com.mgz.cli.Afp2Xml
false
app
execute
Afp2Xml.java
376
com.mgz.cli.Afp2Xml
false
app
main
Afp2Xml.java
65
com.mgz.cli.Afp2Xml
false
Invalid triplet length: 0
Invalid triplet length: 0
10
Undefined
AADdjUYCmozykg==
app
parseTriplet
TripletParser.java
205
com.mgz.afp.parser.TripletParser
false
app
parseTriplets
TripletParser.java
133
com.mgz.afp.parser.TripletParser
false
app
decodeAFP
StructuredFieldBaseTriplets.java
84
com.mgz.afp.base.StructuredFieldBaseTriplets
false
app
decodeAFP
IAFPDecodeableWriteable.java
64
com.mgz.afp.exceptions.IAFPDecodeableWriteable
false
app
parseNextSFFromBuffer
AFPParser.java
466
com.mgz.afp.parser.AFPParser
false
app
parseNextSF
AFPParser.java
382
com.mgz.afp.parser.AFPParser
false
app
convertToXml
Afp2Xml.java
469
com.mgz.cli.Afp2Xml
false
app
execute
Afp2Xml.java
376
com.mgz.cli.Afp2Xml
false
app
main
Afp2Xml.java
65
com.mgz.cli.Afp2Xml
false
Invalid triplet length: 0
Invalid triplet length: 0
10
Undefined
AADdjUYCmozykg==
app
parseTriplet
TripletParser.java
205
com.mgz.afp.parser.TripletParser
false
app
parseTriplets
TripletParser.java
133
com.mgz.afp.parser.TripletParser
false
app
decodeAFP
StructuredFieldBaseTriplets.java
84
com.mgz.afp.base.StructuredFieldBaseTriplets
false
app
decodeAFP
IAFPDecodeableWriteable.java
64
com.mgz.afp.exceptions.IAFPDecodeableWriteable
false
app
parseNextSFFromBuffer
AFPParser.java
466
com.mgz.afp.parser.AFPParser
false
app
parseNextSF
AFPParser.java
382
com.mgz.afp.parser.AFPParser
false
app
convertToXml
Afp2Xml.java
469
com.mgz.cli.Afp2Xml
false
app
execute
Afp2Xml.java
376
com.mgz.cli.Afp2Xml
false
app
main
Afp2Xml.java
65
com.mgz.cli.Afp2Xml
false
Invalid triplet length: 0
Invalid triplet length: 0
10
Undefined
AADdjUYCmozykg==
app
parseTriplet
TripletParser.java
205
com.mgz.afp.parser.TripletParser
false
app
parseTriplets
TripletParser.java
133
com.mgz.afp.parser.TripletParser
false
app
decodeAFP
StructuredFieldBaseTriplets.java
84
com.mgz.afp.base.StructuredFieldBaseTriplets
false
app
decodeAFP
IAFPDecodeableWriteable.java
64
com.mgz.afp.exceptions.IAFPDecodeableWriteable
false
app
parseNextSFFromBuffer
AFPParser.java
466
com.mgz.afp.parser.AFPParser
false
app
parseNextSF
AFPParser.java
382
com.mgz.afp.parser.AFPParser
false
app
convertToXml
Afp2Xml.java
469
com.mgz.cli.Afp2Xml
false
app
execute
Afp2Xml.java
376
com.mgz.cli.Afp2Xml
false
app
main
Afp2Xml.java
65
com.mgz.cli.Afp2Xml
false
Invalid triplet length: 0
Invalid triplet length: 0
10
Undefined
AADdjUYCmozykg==
app
parseTriplet
TripletParser.java
205
com.mgz.afp.parser.TripletParser
false
app
parseTriplets
TripletParser.java
133
com.mgz.afp.parser.TripletParser
false
app
decodeAFP
StructuredFieldBaseTriplets.java
84
com.mgz.afp.base.StructuredFieldBaseTriplets
false
app
decodeAFP
IAFPDecodeableWriteable.java
64
com.mgz.afp.exceptions.IAFPDecodeableWriteable
false
app
parseNextSFFromBuffer
AFPParser.java
466
com.mgz.afp.parser.AFPParser
false
app
parseNextSF
AFPParser.java
382
com.mgz.afp.parser.AFPParser
false
app
convertToXml
Afp2Xml.java
469
com.mgz.cli.Afp2Xml
false
app
execute
Afp2Xml.java
376
com.mgz.cli.Afp2Xml
false
app
main
Afp2Xml.java
65
com.mgz.cli.Afp2Xml
false
Invalid triplet length: 0
Invalid triplet length: 0
10
Undefined
AADdjUYCmozykg==
app
parseTriplet
TripletParser.java
205
com.mgz.afp.parser.TripletParser
false
app
parseTriplets
TripletParser.java
133
com.mgz.afp.parser.TripletParser
false
app
decodeAFP
StructuredFieldBaseTriplets.java
84
com.mgz.afp.base.StructuredFieldBaseTriplets
false
app
decodeAFP
IAFPDecodeableWriteable.java
64
com.mgz.afp.exceptions.IAFPDecodeableWriteable
false
app
parseNextSFFromBuffer
AFPParser.java
466
com.mgz.afp.parser.AFPParser
false
app
parseNextSF
AFPParser.java
382
com.mgz.afp.parser.AFPParser
false
app
convertToXml
Afp2Xml.java
469
com.mgz.cli.Afp2Xml
false
app
execute
Afp2Xml.java
376
com.mgz.cli.Afp2Xml
false
app
main
Afp2Xml.java
65
com.mgz.cli.Afp2Xml
false
Invalid triplet length: 0
Invalid triplet length: 0
10
Undefined
AADdjUYCmozykg==
app
parseTriplet
TripletParser.java
205
com.mgz.afp.parser.TripletParser
false
app
parseTriplets
TripletParser.java
133
com.mgz.afp.parser.TripletParser
false
app
decodeAFP
StructuredFieldBaseTriplets.java
84
com.mgz.afp.base.StructuredFieldBaseTriplets
false
app
decodeAFP
IAFPDecodeableWriteable.java
64
com.mgz.afp.exceptions.IAFPDecodeableWriteable
false
app
parseNextSFFromBuffer
AFPParser.java
466
com.mgz.afp.parser.AFPParser
false
app
parseNextSF
AFPParser.java
382
com.mgz.afp.parser.AFPParser
false
app
convertToXml
Afp2Xml.java
469
com.mgz.cli.Afp2Xml
false
app
execute
Afp2Xml.java
376
com.mgz.cli.Afp2Xml
false
app
main
Afp2Xml.java
65
com.mgz.cli.Afp2Xml
false
Invalid triplet length: 0
Invalid triplet length: 0
10
Undefined
AADdjUYCmozykg==
app
parseTriplet
TripletParser.java
205
com.mgz.afp.parser.TripletParser
false
app
parseTriplets
TripletParser.java
133
com.mgz.afp.parser.TripletParser
false
app
decodeAFP
StructuredFieldBaseTriplets.java
84
com.mgz.afp.base.StructuredFieldBaseTriplets
false
app
decodeAFP
IAFPDecodeableWriteable.java
64
com.mgz.afp.exceptions.IAFPDecodeableWriteable
false
app
parseNextSFFromBuffer
AFPParser.java
466
com.mgz.afp.parser.AFPParser
false
app
parseNextSF
AFPParser.java
382
com.mgz.afp.parser.AFPParser
false
app
convertToXml
Afp2Xml.java
469
com.mgz.cli.Afp2Xml
false
app
execute
Afp2Xml.java
376
com.mgz.cli.Afp2Xml
false
app
main
Afp2Xml.java
65
com.mgz.cli.Afp2Xml
false
Invalid triplet length: 0
Invalid triplet length: 0
10
Undefined
AADdjUYCmozykg==
app
parseTriplet
TripletParser.java
205
com.mgz.afp.parser.TripletParser
false
app
parseTriplets
TripletParser.java
133
com.mgz.afp.parser.TripletParser
false
app
decodeAFP
StructuredFieldBaseTriplets.java
84
com.mgz.afp.base.StructuredFieldBaseTriplets
false
app
decodeAFP
IAFPDecodeableWriteable.java
64
com.mgz.afp.exceptions.IAFPDecodeableWriteable
false
app
parseNextSFFromBuffer
AFPParser.java
466
com.mgz.afp.parser.AFPParser
false
app
parseNextSF
AFPParser.java
382
com.mgz.afp.parser.AFPParser
false
app
convertToXml
Afp2Xml.java
469
com.mgz.cli.Afp2Xml
false
app
execute
Afp2Xml.java
376
com.mgz.cli.Afp2Xml
false
app
main
Afp2Xml.java
65
com.mgz.cli.Afp2Xml
false
Invalid triplet length: 0
Invalid triplet length: 0
10
Undefined
AADdjUYCmozykg==
app
parseTriplet
TripletParser.java
205
com.mgz.afp.parser.TripletParser
false
app
parseTriplets
TripletParser.java
133
com.mgz.afp.parser.TripletParser
false
app
decodeAFP
StructuredFieldBaseTriplets.java
84
com.mgz.afp.base.StructuredFieldBaseTriplets
false
app
decodeAFP
IAFPDecodeableWriteable.java
64
com.mgz.afp.exceptions.IAFPDecodeableWriteable
false
app
parseNextSFFromBuffer
AFPParser.java
466
com.mgz.afp.parser.AFPParser
false
app
parseNextSF
AFPParser.java
382
com.mgz.afp.parser.AFPParser
false
app
convertToXml
Afp2Xml.java
469
com.mgz.cli.Afp2Xml
false
app
execute
Afp2Xml.java
376
com.mgz.cli.Afp2Xml
false
app
main
Afp2Xml.java
65
com.mgz.cli.Afp2Xml
false
Invalid triplet length: 0
Invalid triplet length: 0
10
Undefined
AADdjUYCmozykg==
app
parseTriplet
TripletParser.java
205
com.mgz.afp.parser.TripletParser
false
app
parseTriplets
TripletParser.java
133
com.mgz.afp.parser.TripletParser
false
app
decodeAFP
StructuredFieldBaseTriplets.java
84
com.mgz.afp.base.StructuredFieldBaseTriplets
false
app
decodeAFP
IAFPDecodeableWriteable.java
64
com.mgz.afp.exceptions.IAFPDecodeableWriteable
false
app
parseNextSFFromBuffer
AFPParser.java
466
com.mgz.afp.parser.AFPParser
false
app
parseNextSF
AFPParser.java
382
com.mgz.afp.parser.AFPParser
false
app
convertToXml
Afp2Xml.java
469
com.mgz.cli.Afp2Xml
false
app
execute
Afp2Xml.java
376
com.mgz.cli.Afp2Xml
false
app
main
Afp2Xml.java
65
com.mgz.cli.Afp2Xml
false
Invalid triplet length: 0
Invalid triplet length: 0
10
Undefined
AADdjUYCmozykg==
app
parseTriplet
TripletParser.java
205
com.mgz.afp.parser.TripletParser
false
app
parseTriplets
TripletParser.java
133
com.mgz.afp.parser.TripletParser
false
app
decodeAFP
StructuredFieldBaseTriplets.java
84
com.mgz.afp.base.StructuredFieldBaseTriplets
false
app
decodeAFP
IAFPDecodeableWriteable.java
64
com.mgz.afp.exceptions.IAFPDecodeableWriteable
false
app
parseNextSFFromBuffer
AFPParser.java
466
com.mgz.afp.parser.AFPParser
false
app
parseNextSF
AFPParser.java
382
com.mgz.afp.parser.AFPParser
false
app
convertToXml
Afp2Xml.java
469
com.mgz.cli.Afp2Xml
false
app
execute
Afp2Xml.java
376
com.mgz.cli.Afp2Xml
false
app
main
Afp2Xml.java
65
com.mgz.cli.Afp2Xml
false
Invalid triplet length: 0
Invalid triplet length: 0
10
Undefined
AADdjUYCmozykg==
app
parseTriplet
TripletParser.java
205
com.mgz.afp.parser.TripletParser
false
app
parseTriplets
TripletParser.java
133
com.mgz.afp.parser.TripletParser
false
app
decodeAFP
StructuredFieldBaseTriplets.java
84
com.mgz.afp.base.StructuredFieldBaseTriplets
false
app
decodeAFP
IAFPDecodeableWriteable.java
64
com.mgz.afp.exceptions.IAFPDecodeableWriteable
false
app
parseNextSFFromBuffer
AFPParser.java
466
com.mgz.afp.parser.AFPParser
false
app
parseNextSF
AFPParser.java
382
com.mgz.afp.parser.AFPParser
false
app
convertToXml
Afp2Xml.java
469
com.mgz.cli.Afp2Xml
false
app
execute
Afp2Xml.java
376
com.mgz.cli.Afp2Xml
false
app
main
Afp2Xml.java
65
com.mgz.cli.Afp2Xml
false
Invalid triplet length: 0
Invalid triplet length: 0
10
Undefined
AADdjUYCmozykg==
app
parseTriplet
TripletParser.java
205
com.mgz.afp.parser.TripletParser
false
app
parseTriplets
TripletParser.java
133
com.mgz.afp.parser.TripletParser
false
app
decodeAFP
StructuredFieldBaseTriplets.java
84
com.mgz.afp.base.StructuredFieldBaseTriplets
false
app
decodeAFP
IAFPDecodeableWriteable.java
64
com.mgz.afp.exceptions.IAFPDecodeableWriteable
false
app
parseNextSFFromBuffer
AFPParser.java
466
com.mgz.afp.parser.AFPParser
false
app
parseNextSF
AFPParser.java
382
com.mgz.afp.parser.AFPParser
false
app
convertToXml
Afp2Xml.java
469
com.mgz.cli.Afp2Xml
false
app
execute
Afp2Xml.java
376
com.mgz.cli.Afp2Xml
false
app
main
Afp2Xml.java
65
com.mgz.cli.Afp2Xml
false
Invalid triplet length: 0
Invalid triplet length: 0
10
Undefined
AADdjUYCmozykg==
app
parseTriplet
TripletParser.java
205
com.mgz.afp.parser.TripletParser
false
app
parseTriplets
TripletParser.java
133
com.mgz.afp.parser.TripletParser
false
app
decodeAFP
StructuredFieldBaseTriplets.java
84
com.mgz.afp.base.StructuredFieldBaseTriplets
false
app
decodeAFP
IAFPDecodeableWriteable.java
64
com.mgz.afp.exceptions.IAFPDecodeableWriteable
false
app
parseNextSFFromBuffer
AFPParser.java
466
com.mgz.afp.parser.AFPParser
false
app
parseNextSF
AFPParser.java
382
com.mgz.afp.parser.AFPParser
false
app
convertToXml
Afp2Xml.java
469
com.mgz.cli.Afp2Xml
false
app
execute
Afp2Xml.java
376
com.mgz.cli.Afp2Xml
false
app
main
Afp2Xml.java
65
com.mgz.cli.Afp2Xml
false
Invalid triplet length: 0
Invalid triplet length: 0
10
Undefined
AADdjUYCmozykg==
app
parseTriplet
TripletParser.java
205
com.mgz.afp.parser.TripletParser
false
app
parseTriplets
TripletParser.java
133
com.mgz.afp.parser.TripletParser
false
app
decodeAFP
StructuredFieldBaseTriplets.java
84
com.mgz.afp.base.StructuredFieldBaseTriplets
false
app
decodeAFP
IAFPDecodeableWriteable.java
64
com.mgz.afp.exceptions.IAFPDecodeableWriteable
false
app
parseNextSFFromBuffer
AFPParser.java
466
com.mgz.afp.parser.AFPParser
false
app
parseNextSF
AFPParser.java
382
com.mgz.afp.parser.AFPParser
false
app
convertToXml
Afp2Xml.java
469
com.mgz.cli.Afp2Xml
false
app
execute
Afp2Xml.java
376
com.mgz.cli.Afp2Xml
false
app
main
Afp2Xml.java
65
com.mgz.cli.Afp2Xml
false
Invalid triplet length: 0
Invalid triplet length: 0
10
Undefined
AADdjUYCmozykg==
app
parseTriplet
TripletParser.java
205
com.mgz.afp.parser.TripletParser
false
app
parseTriplets
TripletParser.java
133
com.mgz.afp.parser.TripletParser
false
app
decodeAFP
StructuredFieldBaseTriplets.java
84
com.mgz.afp.base.StructuredFieldBaseTriplets
false
app
decodeAFP
IAFPDecodeableWriteable.java
64
com.mgz.afp.exceptions.IAFPDecodeableWriteable
false
app
parseNextSFFromBuffer
AFPParser.java
466
com.mgz.afp.parser.AFPParser
false
app
parseNextSF
AFPParser.java
382
com.mgz.afp.parser.AFPParser
false
app
convertToXml
Afp2Xml.java
469
com.mgz.cli.Afp2Xml
false
app
execute
Afp2Xml.java
376
com.mgz.cli.Afp2Xml
false
app
main
Afp2Xml.java
65
com.mgz.cli.Afp2Xml
false
Invalid triplet length: 0
Invalid triplet length: 0
10
Undefined
AADdjUYCmozykg==
app
parseTriplet
TripletParser.java
205
com.mgz.afp.parser.TripletParser
false
app
parseTriplets
TripletParser.java
133
com.mgz.afp.parser.TripletParser
false
app
decodeAFP
StructuredFieldBaseTriplets.java
84
com.mgz.afp.base.StructuredFieldBaseTriplets
false
app
decodeAFP
IAFPDecodeableWriteable.java
64
com.mgz.afp.exceptions.IAFPDecodeableWriteable
false
app
parseNextSFFromBuffer
AFPParser.java
466
com.mgz.afp.parser.AFPParser
false
app
parseNextSF
AFPParser.java
382
com.mgz.afp.parser.AFPParser
false
app
convertToXml
Afp2Xml.java
469
com.mgz.cli.Afp2Xml
false
app
execute
Afp2Xml.java
376
com.mgz.cli.Afp2Xml
false
app
main
Afp2Xml.java
65
com.mgz.cli.Afp2Xml
false
Invalid triplet length: 0
Invalid triplet length: 0
10
Undefined
AADdjUYCmozykg==
app
parseTriplet
TripletParser.java
205
com.mgz.afp.parser.TripletParser
false
app
parseTriplets
TripletParser.java
133
com.mgz.afp.parser.TripletParser
false
app
decodeAFP
StructuredFieldBaseTriplets.java
84
com.mgz.afp.base.StructuredFieldBaseTriplets
false
app
decodeAFP
IAFPDecodeableWriteable.java
64
com.mgz.afp.exceptions.IAFPDecodeableWriteable
false
app
parseNextSFFromBuffer
AFPParser.java
466
com.mgz.afp.parser.AFPParser
false
app
parseNextSF
AFPParser.java
382
com.mgz.afp.parser.AFPParser
false
app
convertToXml
Afp2Xml.java
469
com.mgz.cli.Afp2Xml
false
app
execute
Afp2Xml.java
376
com.mgz.cli.Afp2Xml
false
app
main
Afp2Xml.java
65
com.mgz.cli.Afp2Xml
false
Invalid triplet length: 0
Invalid triplet length: 0
10
Undefined
AADdjUYCmozykg==
app
parseTriplet
TripletParser.java
205
com.mgz.afp.parser.TripletParser
false
app
parseTriplets
TripletParser.java
133
com.mgz.afp.parser.TripletParser
false
app
decodeAFP
StructuredFieldBaseTriplets.java
84
com.mgz.afp.base.StructuredFieldBaseTriplets
false
app
decodeAFP
IAFPDecodeableWriteable.java
64
com.mgz.afp.exceptions.IAFPDecodeableWriteable
false
app
parseNextSFFromBuffer
AFPParser.java
466
com.mgz.afp.parser.AFPParser
false
app
parseNextSF
AFPParser.java
382
com.mgz.afp.parser.AFPParser
false
app
convertToXml
Afp2Xml.java
469
com.mgz.cli.Afp2Xml
false
app
execute
Afp2Xml.java
376
com.mgz.cli.Afp2Xml
false
app
main
Afp2Xml.java
65
com.mgz.cli.Afp2Xml
false
Invalid triplet length: 0
Invalid triplet length: 0
10
Undefined
AADdjUYCmozykg==
app
parseTriplet
TripletParser.java
205
com.mgz.afp.parser.TripletParser
false
app
parseTriplets
TripletParser.java
133
com.mgz.afp.parser.TripletParser
false
app
decodeAFP
StructuredFieldBaseTriplets.java
84
com.mgz.afp.base.StructuredFieldBaseTriplets
false
app
decodeAFP
IAFPDecodeableWriteable.java
64
com.mgz.afp.exceptions.IAFPDecodeableWriteable
false
app
parseNextSFFromBuffer
AFPParser.java
466
com.mgz.afp.parser.AFPParser
false
app
parseNextSF
AFPParser.java
382
com.mgz.afp.parser.AFPParser
false
app
convertToXml
Afp2Xml.java
469
com.mgz.cli.Afp2Xml
false
app
execute
Afp2Xml.java
376
com.mgz.cli.Afp2Xml
false
app
main
Afp2Xml.java
65
com.mgz.cli.Afp2Xml
false
Invalid triplet length: 0
Invalid triplet length: 0
10
Undefined
AADdjUYCmozykg==
app
parseTriplet
TripletParser.java
205
com.mgz.afp.parser.TripletParser
false
app
parseTriplets
TripletParser.java
133
com.mgz.afp.parser.TripletParser
false
app
decodeAFP
StructuredFieldBaseTriplets.java
84
com.mgz.afp.base.StructuredFieldBaseTriplets
false
app
decodeAFP
IAFPDecodeableWriteable.java
64
com.mgz.afp.exceptions.IAFPDecodeableWriteable
false
app
parseNextSFFromBuffer
AFPParser.java
466
com.mgz.afp.parser.AFPParser
false
app
parseNextSF
AFPParser.java
382
com.mgz.afp.parser.AFPParser
false
app
convertToXml
Afp2Xml.java
469
com.mgz.cli.Afp2Xml
false
app
execute
Afp2Xml.java
376
com.mgz.cli.Afp2Xml
false
app
main
Afp2Xml.java
65
com.mgz.cli.Afp2Xml
false
Invalid triplet length: 0
Invalid triplet length: 0
10
Undefined
AADdjUYCmozykg==
app
parseTriplet
TripletParser.java
205
com.mgz.afp.parser.TripletParser
false
app
parseTriplets
TripletParser.java
133
com.mgz.afp.parser.TripletParser
false
app
decodeAFP
StructuredFieldBaseTriplets.java
84
com.mgz.afp.base.StructuredFieldBaseTriplets
false
app
decodeAFP
IAFPDecodeableWriteable.java
64
com.mgz.afp.exceptions.IAFPDecodeableWriteable
false
app
parseNextSFFromBuffer
AFPParser.java
466
com.mgz.afp.parser.AFPParser
false
app
parseNextSF
AFPParser.java
382
com.mgz.afp.parser.AFPParser
false
app
convertToXml
Afp2Xml.java
469
com.mgz.cli.Afp2Xml
false
app
execute
Afp2Xml.java
376
com.mgz.cli.Afp2Xml
false
app
main
Afp2Xml.java
65
com.mgz.cli.Afp2Xml
false
Invalid triplet length: 0
Invalid triplet length: 0
10
Undefined
AADdjUYCmozykg==
app
parseTriplet
TripletParser.java
205
com.mgz.afp.parser.TripletParser
false
app
parseTriplets
TripletParser.java
133
com.mgz.afp.parser.TripletParser
false
app
decodeAFP
StructuredFieldBaseTriplets.java
84
com.mgz.afp.base.StructuredFieldBaseTriplets
false
app
decodeAFP
IAFPDecodeableWriteable.java
64
com.mgz.afp.exceptions.IAFPDecodeableWriteable
false
app
parseNextSFFromBuffer
AFPParser.java
466
com.mgz.afp.parser.AFPParser
false
app
parseNextSF
AFPParser.java
382
com.mgz.afp.parser.AFPParser
false
app
convertToXml
Afp2Xml.java
469
com.mgz.cli.Afp2Xml
false
app
execute
Afp2Xml.java
376
com.mgz.cli.Afp2Xml
false
app
main
Afp2Xml.java
65
com.mgz.cli.Afp2Xml
false
Invalid triplet length: 0
Invalid triplet length: 0
10
Undefined
AADdjUYCmozykg==
app
parseTriplet
TripletParser.java
205
com.mgz.afp.parser.TripletParser
false
app
parseTriplets
TripletParser.java
133
com.mgz.afp.parser.TripletParser
false
app
decodeAFP
StructuredFieldBaseTriplets.java
84
com.mgz.afp.base.StructuredFieldBaseTriplets
false
app
decodeAFP
IAFPDecodeableWriteable.java
64
com.mgz.afp.exceptions.IAFPDecodeableWriteable
false
app
parseNextSFFromBuffer
AFPParser.java
466
com.mgz.afp.parser.AFPParser
false
app
parseNextSF
AFPParser.java
382
com.mgz.afp.parser.AFPParser
false
app
convertToXml
Afp2Xml.java
469
com.mgz.cli.Afp2Xml
false
app
execute
Afp2Xml.java
376
com.mgz.cli.Afp2Xml
false
app
main
Afp2Xml.java
65
com.mgz.cli.Afp2Xml
false
Invalid triplet length: 0
Invalid triplet length: 0
10
Undefined
AADdjUYCmozykg==
app
parseTriplet
TripletParser.java
205
com.mgz.afp.parser.TripletParser
false
app
parseTriplets
TripletParser.java
133
com.mgz.afp.parser.TripletParser
false
app
decodeAFP
StructuredFieldBaseTriplets.java
84
com.mgz.afp.base.StructuredFieldBaseTriplets
false
app
decodeAFP
IAFPDecodeableWriteable.java
64
com.mgz.afp.exceptions.IAFPDecodeableWriteable
false
app
parseNextSFFromBuffer
AFPParser.java
466
com.mgz.afp.parser.AFPParser
false
app
parseNextSF
AFPParser.java
382
com.mgz.afp.parser.AFPParser
false
app
convertToXml
Afp2Xml.java
469
com.mgz.cli.Afp2Xml
false
app
execute
Afp2Xml.java
376
com.mgz.cli.Afp2Xml
false
app
main
Afp2Xml.java
65
com.mgz.cli.Afp2Xml
false
Invalid triplet length: 0
Invalid triplet length: 0
10
Undefined
AADdjUYCmozykg==
app
parseTriplet
TripletParser.java
205
com.mgz.afp.parser.TripletParser
false
app
parseTriplets
TripletParser.java
133
com.mgz.afp.parser.TripletParser
false
app
decodeAFP
StructuredFieldBaseTriplets.java
84
com.mgz.afp.base.StructuredFieldBaseTriplets
false
app
decodeAFP
IAFPDecodeableWriteable.java
64
com.mgz.afp.exceptions.IAFPDecodeableWriteable
false
app
parseNextSFFromBuffer
AFPParser.java
466
com.mgz.afp.parser.AFPParser
false
app
parseNextSF
AFPParser.java
382
com.mgz.afp.parser.AFPParser
false
app
convertToXml
Afp2Xml.java
469
com.mgz.cli.Afp2Xml
false
app
execute
Afp2Xml.java
376
com.mgz.cli.Afp2Xml
false
app
main
Afp2Xml.java
65
com.mgz.cli.Afp2Xml
false
Invalid triplet length: 0
Invalid triplet length: 0
10
Undefined
AADdjUYCmozykg==
app
parseTriplet
TripletParser.java
205
com.mgz.afp.parser.TripletParser
false
app
parseTriplets
TripletParser.java
133
com.mgz.afp.parser.TripletParser
false
app
decodeAFP
StructuredFieldBaseTriplets.java
84
com.mgz.afp.base.StructuredFieldBaseTriplets
false
app
decodeAFP
IAFPDecodeableWriteable.java
64
com.mgz.afp.exceptions.IAFPDecodeableWriteable
false
app
parseNextSFFromBuffer
AFPParser.java
466
com.mgz.afp.parser.AFPParser
false
app
parseNextSF
AFPParser.java
382
com.mgz.afp.parser.AFPParser
false
app
convertToXml
Afp2Xml.java
469
com.mgz.cli.Afp2Xml
false
app
execute
Afp2Xml.java
376
com.mgz.cli.Afp2Xml
false
app
main
Afp2Xml.java
65
com.mgz.cli.Afp2Xml
false
Invalid triplet length: 0
Invalid triplet length: 0
10
Undefined
AADdjUYCmozykg==
app
parseTriplet
TripletParser.java
205
com.mgz.afp.parser.TripletParser
false
app
parseTriplets
TripletParser.java
133
com.mgz.afp.parser.TripletParser
false
app
decodeAFP
StructuredFieldBaseTriplets.java
84
com.mgz.afp.base.StructuredFieldBaseTriplets
false
app
decodeAFP
IAFPDecodeableWriteable.java
64
com.mgz.afp.exceptions.IAFPDecodeableWriteable
false
app
parseNextSFFromBuffer
AFPParser.java
466
com.mgz.afp.parser.AFPParser
false
app
parseNextSF
AFPParser.java
382
com.mgz.afp.parser.AFPParser
false
app
convertToXml
Afp2Xml.java
469
com.mgz.cli.Afp2Xml
false
app
execute
Afp2Xml.java
376
com.mgz.cli.Afp2Xml
false
app
main
Afp2Xml.java
65
com.mgz.cli.Afp2Xml
false
Invalid triplet length: 0
Invalid triplet length: 0
10
Undefined
AADdjUYCmozykg==
app
parseTriplet
TripletParser.java
205
com.mgz.afp.parser.TripletParser
false
app
parseTriplets
TripletParser.java
133
com.mgz.afp.parser.TripletParser
false
app
decodeAFP
StructuredFieldBaseTriplets.java
84
com.mgz.afp.base.StructuredFieldBaseTriplets
false
app
decodeAFP
IAFPDecodeableWriteable.java
64
com.mgz.afp.exceptions.IAFPDecodeableWriteable
false
app
parseNextSFFromBuffer
AFPParser.java
466
com.mgz.afp.parser.AFPParser
false
app
parseNextSF
AFPParser.java
382
com.mgz.afp.parser.AFPParser
false
app
convertToXml
Afp2Xml.java
469
com.mgz.cli.Afp2Xml
false
app
execute
Afp2Xml.java
376
com.mgz.cli.Afp2Xml
false
app
main
Afp2Xml.java
65
com.mgz.cli.Afp2Xml
false
Invalid triplet length: 0
Invalid triplet length: 0
10
Undefined
AADdjUYCmozykg==
app
parseTriplet
TripletParser.java
205
com.mgz.afp.parser.TripletParser
false
app
parseTriplets
TripletParser.java
133
com.mgz.afp.parser.TripletParser
false
app
decodeAFP
StructuredFieldBaseTriplets.java
84
com.mgz.afp.base.StructuredFieldBaseTriplets
false
app
decodeAFP
IAFPDecodeableWriteable.java
64
com.mgz.afp.exceptions.IAFPDecodeableWriteable
false
app
parseNextSFFromBuffer
AFPParser.java
466
com.mgz.afp.parser.AFPParser
false
app
parseNextSF
AFPParser.java
382
com.mgz.afp.parser.AFPParser
false
app
convertToXml
Afp2Xml.java
469
com.mgz.cli.Afp2Xml
false
app
execute
Afp2Xml.java
376
com.mgz.cli.Afp2Xml
false
app
main
Afp2Xml.java
65
com.mgz.cli.Afp2Xml
false
Invalid triplet length: 0
Invalid triplet length: 0
10
Undefined
AADdjUYCmozykg==
app
parseTriplet
TripletParser.java
205
com.mgz.afp.parser.TripletParser
false
app
parseTriplets
TripletParser.java
133
com.mgz.afp.parser.TripletParser
false
app
decodeAFP
StructuredFieldBaseTriplets.java
84
com.mgz.afp.base.StructuredFieldBaseTriplets
false
app
decodeAFP
IAFPDecodeableWriteable.java
64
com.mgz.afp.exceptions.IAFPDecodeableWriteable
false
app
parseNextSFFromBuffer
AFPParser.java
466
com.mgz.afp.parser.AFPParser
false
app
parseNextSF
AFPParser.java
382
com.mgz.afp.parser.AFPParser
false
app
convertToXml
Afp2Xml.java
469
com.mgz.cli.Afp2Xml
false
app
execute
Afp2Xml.java
376
com.mgz.cli.Afp2Xml
false
app
main
Afp2Xml.java
65
com.mgz.cli.Afp2Xml
false
Invalid triplet length: 0
Invalid triplet length: 0
10
Undefined
AADdjUYCmozykg==
app
parseTriplet
TripletParser.java
205
com.mgz.afp.parser.TripletParser
false
app
parseTriplets
TripletParser.java
133
com.mgz.afp.parser.TripletParser
false
app
decodeAFP
StructuredFieldBaseTriplets.java
84
com.mgz.afp.base.StructuredFieldBaseTriplets
false
app
decodeAFP
IAFPDecodeableWriteable.java
64
com.mgz.afp.exceptions.IAFPDecodeableWriteable
false
app
parseNextSFFromBuffer
AFPParser.java
466
com.mgz.afp.parser.AFPParser
false
app
parseNextSF
AFPParser.java
382
com.mgz.afp.parser.AFPParser
false
app
convertToXml
Afp2Xml.java
469
com.mgz.cli.Afp2Xml
false
app
execute
Afp2Xml.java
376
com.mgz.cli.Afp2Xml
false
app
main
Afp2Xml.java
65
com.mgz.cli.Afp2Xml
false
Invalid triplet length: 0
Invalid triplet length: 0
10
Undefined
AADdjUYCmozykg==
app
parseTriplet
TripletParser.java
205
com.mgz.afp.parser.TripletParser
false
app
parseTriplets
TripletParser.java
133
com.mgz.afp.parser.TripletParser
false
app
decodeAFP
StructuredFieldBaseTriplets.java
84
com.mgz.afp.base.StructuredFieldBaseTriplets
false
app
decodeAFP
IAFPDecodeableWriteable.java
64
com.mgz.afp.exceptions.IAFPDecodeableWriteable
false
app
parseNextSFFromBuffer
AFPParser.java
466
com.mgz.afp.parser.AFPParser
false
app
parseNextSF
AFPParser.java
382
com.mgz.afp.parser.AFPParser
false
app
convertToXml
Afp2Xml.java
469
com.mgz.cli.Afp2Xml
false
app
execute
Afp2Xml.java
376
com.mgz.cli.Afp2Xml
false
app
main
Afp2Xml.java
65
com.mgz.cli.Afp2Xml
false
Invalid triplet length: 0
Invalid triplet length: 0
10
Undefined
AADdjUYCmozykg==
app
parseTriplet
TripletParser.java
205
com.mgz.afp.parser.TripletParser
false
app
parseTriplets
TripletParser.java
133
com.mgz.afp.parser.TripletParser
false
app
decodeAFP
StructuredFieldBaseTriplets.java
84
com.mgz.afp.base.StructuredFieldBaseTriplets
false
app
decodeAFP
IAFPDecodeableWriteable.java
64
com.mgz.afp.exceptions.IAFPDecodeableWriteable
false
app
parseNextSFFromBuffer
AFPParser.java
466
com.mgz.afp.parser.AFPParser
false
app
parseNextSF
AFPParser.java
382
com.mgz.afp.parser.AFPParser
false
app
convertToXml
Afp2Xml.java
469
com.mgz.cli.Afp2Xml
false
app
execute
Afp2Xml.java
376
com.mgz.cli.Afp2Xml
false
app
main
Afp2Xml.java
65
com.mgz.cli.Afp2Xml
false
Invalid triplet length: 0
Invalid triplet length: 0
10
Undefined
AADdjUYCmozykg==
app
parseTriplet
TripletParser.java
205
com.mgz.afp.parser.TripletParser
false
app
parseTriplets
TripletParser.java
133
com.mgz.afp.parser.TripletParser
false
app
decodeAFP
StructuredFieldBaseTriplets.java
84
com.mgz.afp.base.StructuredFieldBaseTriplets
false
app
decodeAFP
IAFPDecodeableWriteable.java
64
com.mgz.afp.exceptions.IAFPDecodeableWriteable
false
app
parseNextSFFromBuffer
AFPParser.java
466
com.mgz.afp.parser.AFPParser
false
app
parseNextSF
AFPParser.java
382
com.mgz.afp.parser.AFPParser
false
app
convertToXml
Afp2Xml.java
469
com.mgz.cli.Afp2Xml
false
app
execute
Afp2Xml.java
376
com.mgz.cli.Afp2Xml
false
app
main
Afp2Xml.java
65
com.mgz.cli.Afp2Xml
false
Invalid triplet length: 0
Invalid triplet length: 0
10
Undefined
AADdjUYCmozykg==
app
parseTriplet
TripletParser.java
205
com.mgz.afp.parser.TripletParser
false
app
parseTriplets
TripletParser.java
133
com.mgz.afp.parser.TripletParser
false
app
decodeAFP
StructuredFieldBaseTriplets.java
84
com.mgz.afp.base.StructuredFieldBaseTriplets
false
app
decodeAFP
IAFPDecodeableWriteable.java
64
com.mgz.afp.exceptions.IAFPDecodeableWriteable
false
app
parseNextSFFromBuffer
AFPParser.java
466
com.mgz.afp.parser.AFPParser
false
app
parseNextSF
AFPParser.java
382
com.mgz.afp.parser.AFPParser
false
app
convertToXml
Afp2Xml.java
469
com.mgz.cli.Afp2Xml
false
app
execute
Afp2Xml.java
376
com.mgz.cli.Afp2Xml
false
app
main
Afp2Xml.java
65
com.mgz.cli.Afp2Xml
false
Invalid triplet length: 0
Invalid triplet length: 0
10
Undefined
AADdjUYCmozykg==
app
parseTriplet
TripletParser.java
205
com.mgz.afp.parser.TripletParser
false
app
parseTriplets
TripletParser.java
133
com.mgz.afp.parser.TripletParser
false
app
decodeAFP
StructuredFieldBaseTriplets.java
84
com.mgz.afp.base.StructuredFieldBaseTriplets
false
app
decodeAFP
IAFPDecodeableWriteable.java
64
com.mgz.afp.exceptions.IAFPDecodeableWriteable
false
app
parseNextSFFromBuffer
AFPParser.java
466
com.mgz.afp.parser.AFPParser
false
app
parseNextSF
AFPParser.java
382
com.mgz.afp.parser.AFPParser
false
app
convertToXml
Afp2Xml.java
469
com.mgz.cli.Afp2Xml
false
app
execute
Afp2Xml.java
376
com.mgz.cli.Afp2Xml
false
app
main
Afp2Xml.java
65
com.mgz.cli.Afp2Xml
false
Invalid triplet length: 0
Invalid triplet length: 0
10
Undefined
AADdjUYCmozykg==
app
parseTriplet
TripletParser.java
205
com.mgz.afp.parser.TripletParser
false
app
parseTriplets
TripletParser.java
133
com.mgz.afp.parser.TripletParser
false
app
decodeAFP
StructuredFieldBaseTriplets.java
84
com.mgz.afp.base.StructuredFieldBaseTriplets
false
app
decodeAFP
IAFPDecodeableWriteable.java
64
com.mgz.afp.exceptions.IAFPDecodeableWriteable
false
app
parseNextSFFromBuffer
AFPParser.java
466
com.mgz.afp.parser.AFPParser
false
app
parseNextSF
AFPParser.java
382
com.mgz.afp.parser.AFPParser
false
app
convertToXml
Afp2Xml.java
469
com.mgz.cli.Afp2Xml
false
app
execute
Afp2Xml.java
376
com.mgz.cli.Afp2Xml
false
app
main
Afp2Xml.java
65
com.mgz.cli.Afp2Xml
false
Invalid triplet length: 0
Invalid triplet length: 0
10
Undefined
AADdjUYCmozykg==
app
parseTriplet
TripletParser.java
205
com.mgz.afp.parser.TripletParser
false
app
parseTriplets
TripletParser.java
133
com.mgz.afp.parser.TripletParser
false
app
decodeAFP
StructuredFieldBaseTriplets.java
84
com.mgz.afp.base.StructuredFieldBaseTriplets
false
app
decodeAFP
IAFPDecodeableWriteable.java
64
com.mgz.afp.exceptions.IAFPDecodeableWriteable
false
app
parseNextSFFromBuffer
AFPParser.java
466
com.mgz.afp.parser.AFPParser
false
app
parseNextSF
AFPParser.java
382
com.mgz.afp.parser.AFPParser
false
app
convertToXml
Afp2Xml.java
469
com.mgz.cli.Afp2Xml
false
app
execute
Afp2Xml.java
376
com.mgz.cli.Afp2Xml
false
app
main
Afp2Xml.java
65
com.mgz.cli.Afp2Xml
false
Invalid triplet length: 0
Invalid triplet length: 0
10
Undefined
AADdjUYCmozykg==
app
parseTriplet
TripletParser.java
205
com.mgz.afp.parser.TripletParser
false
app
parseTriplets
TripletParser.java
133
com.mgz.afp.parser.TripletParser
false
app
decodeAFP
StructuredFieldBaseTriplets.java
84
com.mgz.afp.base.StructuredFieldBaseTriplets
false
app
decodeAFP
IAFPDecodeableWriteable.java
64
com.mgz.afp.exceptions.IAFPDecodeableWriteable
false
app
parseNextSFFromBuffer
AFPParser.java
466
com.mgz.afp.parser.AFPParser
false
app
parseNextSF
AFPParser.java
382
com.mgz.afp.parser.AFPParser
false
app
convertToXml
Afp2Xml.java
469
com.mgz.cli.Afp2Xml
false
app
execute
Afp2Xml.java
376
com.mgz.cli.Afp2Xml
false
app
main
Afp2Xml.java
65
com.mgz.cli.Afp2Xml
false
Invalid triplet length: 0
Invalid triplet length: 0
10
Undefined
AADdjUYCmozykg==
app
parseTriplet
TripletParser.java
205
com.mgz.afp.parser.TripletParser
false
app
parseTriplets
TripletParser.java
133
com.mgz.afp.parser.TripletParser
false
app
decodeAFP
StructuredFieldBaseTriplets.java
84
com.mgz.afp.base.StructuredFieldBaseTriplets
false
app
decodeAFP
IAFPDecodeableWriteable.java
64
com.mgz.afp.exceptions.IAFPDecodeableWriteable
false
app
parseNextSFFromBuffer
AFPParser.java
466
com.mgz.afp.parser.AFPParser
false
app
parseNextSF
AFPParser.java
382
com.mgz.afp.parser.AFPParser
false
app
convertToXml
Afp2Xml.java
469
com.mgz.cli.Afp2Xml
false
app
execute
Afp2Xml.java
376
com.mgz.cli.Afp2Xml
false
app
main
Afp2Xml.java
65
com.mgz.cli.Afp2Xml
false
Invalid triplet length: 0
Invalid triplet length: 0
10
Undefined
AADdjUYCmozykg==
app
parseTriplet
TripletParser.java
205
com.mgz.afp.parser.TripletParser
false
app
parseTriplets
TripletParser.java
133
com.mgz.afp.parser.TripletParser
false
app
decodeAFP
StructuredFieldBaseTriplets.java
84
com.mgz.afp.base.StructuredFieldBaseTriplets
false
app
decodeAFP
IAFPDecodeableWriteable.java
64
com.mgz.afp.exceptions.IAFPDecodeableWriteable
false
app
parseNextSFFromBuffer
AFPParser.java
466
com.mgz.afp.parser.AFPParser
false
app
parseNextSF
AFPParser.java
382
com.mgz.afp.parser.AFPParser
false
app
convertToXml
Afp2Xml.java
469
com.mgz.cli.Afp2Xml
false
app
execute
Afp2Xml.java
376
com.mgz.cli.Afp2Xml
false
app
main
Afp2Xml.java
65
com.mgz.cli.Afp2Xml
false
Invalid triplet length: 0
Invalid triplet length: 0
10
Undefined
AADdjUYCmozykg==
app
parseTriplet
TripletParser.java
205
com.mgz.afp.parser.TripletParser
false
app
parseTriplets
TripletParser.java
133
com.mgz.afp.parser.TripletParser
false
app
decodeAFP
StructuredFieldBaseTriplets.java
84
com.mgz.afp.base.StructuredFieldBaseTriplets
false
app
decodeAFP
IAFPDecodeableWriteable.java
64
com.mgz.afp.exceptions.IAFPDecodeableWriteable
false
app
parseNextSFFromBuffer
AFPParser.java
466
com.mgz.afp.parser.AFPParser
false
app
parseNextSF
AFPParser.java
382
com.mgz.afp.parser.AFPParser
false
app
convertToXml
Afp2Xml.java
469
com.mgz.cli.Afp2Xml
false
app
execute
Afp2Xml.java
376
com.mgz.cli.Afp2Xml
false
app
main
Afp2Xml.java
65
com.mgz.cli.Afp2Xml
false
Invalid triplet length: 0
Invalid triplet length: 0
10
Undefined
AADdjUYCmozykg==
app
parseTriplet
TripletParser.java
205
com.mgz.afp.parser.TripletParser
false
app
parseTriplets
TripletParser.java
133
com.mgz.afp.parser.TripletParser
false
app
decodeAFP
StructuredFieldBaseTriplets.java
84
com.mgz.afp.base.StructuredFieldBaseTriplets
false
app
decodeAFP
IAFPDecodeableWriteable.java
64
com.mgz.afp.exceptions.IAFPDecodeableWriteable
false
app
parseNextSFFromBuffer
AFPParser.java
466
com.mgz.afp.parser.AFPParser
false
app
parseNextSF
AFPParser.java
382
com.mgz.afp.parser.AFPParser
false
app
convertToXml
Afp2Xml.java
469
com.mgz.cli.Afp2Xml
false
app
execute
Afp2Xml.java
376
com.mgz.cli.Afp2Xml
false
app
main
Afp2Xml.java
65
com.mgz.cli.Afp2Xml
false
Invalid triplet length: 0
Invalid triplet length: 0
10
Undefined
AADdjUYCmozykg==
app
parseTriplet
TripletParser.java
205
com.mgz.afp.parser.TripletParser
false
app
parseTriplets
TripletParser.java
133
com.mgz.afp.parser.TripletParser
false
app
decodeAFP
StructuredFieldBaseTriplets.java
84
com.mgz.afp.base.StructuredFieldBaseTriplets
false
app
decodeAFP
IAFPDecodeableWriteable.java
64
com.mgz.afp.exceptions.IAFPDecodeableWriteable
false
app
parseNextSFFromBuffer
AFPParser.java
466
com.mgz.afp.parser.AFPParser
false
app
parseNextSF
AFPParser.java
382
com.mgz.afp.parser.AFPParser
false
app
convertToXml
Afp2Xml.java
469
com.mgz.cli.Afp2Xml
false
app
execute
Afp2Xml.java
376
com.mgz.cli.Afp2Xml
false
app
main
Afp2Xml.java
65
com.mgz.cli.Afp2Xml
false
Invalid triplet length: 0
Invalid triplet length: 0
10
Undefined
AADdjUYCmozykg==
app
parseTriplet
TripletParser.java
205
com.mgz.afp.parser.TripletParser
false
app
parseTriplets
TripletParser.java
133
com.mgz.afp.parser.TripletParser
false
app
decodeAFP
StructuredFieldBaseTriplets.java
84
com.mgz.afp.base.StructuredFieldBaseTriplets
false
app
decodeAFP
IAFPDecodeableWriteable.java
64
com.mgz.afp.exceptions.IAFPDecodeableWriteable
false
app
parseNextSFFromBuffer
AFPParser.java
466
com.mgz.afp.parser.AFPParser
false
app
parseNextSF
AFPParser.java
382
com.mgz.afp.parser.AFPParser
false
app
convertToXml
Afp2Xml.java
469
com.mgz.cli.Afp2Xml
false
app
execute
Afp2Xml.java
376
com.mgz.cli.Afp2Xml
false
app
main
Afp2Xml.java
65
com.mgz.cli.Afp2Xml
false
Invalid triplet length: 0
Invalid triplet length: 0
10
Undefined
AADdjUYCmozykg==
app
parseTriplet
TripletParser.java
205
com.mgz.afp.parser.TripletParser
false
app
parseTriplets
TripletParser.java
133
com.mgz.afp.parser.TripletParser
false
app
decodeAFP
StructuredFieldBaseTriplets.java
84
com.mgz.afp.base.StructuredFieldBaseTriplets
false
app
decodeAFP
IAFPDecodeableWriteable.java
64
com.mgz.afp.exceptions.IAFPDecodeableWriteable
false
app
parseNextSFFromBuffer
AFPParser.java
466
com.mgz.afp.parser.AFPParser
false
app
parseNextSF
AFPParser.java
382
com.mgz.afp.parser.AFPParser
false
app
convertToXml
Afp2Xml.java
469
com.mgz.cli.Afp2Xml
false
app
execute
Afp2Xml.java
376
com.mgz.cli.Afp2Xml
false
app
main
Afp2Xml.java
65
com.mgz.cli.Afp2Xml
false
Invalid triplet length: 0
Invalid triplet length: 0
10
Undefined
AADdjUYCmozykg==
app
parseTriplet
TripletParser.java
205
com.mgz.afp.parser.TripletParser
false
app
parseTriplets
TripletParser.java
133
com.mgz.afp.parser.TripletParser
false
app
decodeAFP
StructuredFieldBaseTriplets.java
84
com.mgz.afp.base.StructuredFieldBaseTriplets
false
app
decodeAFP
IAFPDecodeableWriteable.java
64
com.mgz.afp.exceptions.IAFPDecodeableWriteable
false
app
parseNextSFFromBuffer
AFPParser.java
466
com.mgz.afp.parser.AFPParser
false
app
parseNextSF
AFPParser.java
382
com.mgz.afp.parser.AFPParser
false
app
convertToXml
Afp2Xml.java
469
com.mgz.cli.Afp2Xml
false
app
execute
Afp2Xml.java
376
com.mgz.cli.Afp2Xml
false
app
main
Afp2Xml.java
65
com.mgz.cli.Afp2Xml
false
Invalid triplet length: 0
Invalid triplet length: 0
10
Undefined
AADdjUYCmozykg==
app
parseTriplet
TripletParser.java
205
com.mgz.afp.parser.TripletParser
false
app
parseTriplets
TripletParser.java
133
com.mgz.afp.parser.TripletParser
false
app
decodeAFP
StructuredFieldBaseTriplets.java
84
com.mgz.afp.base.StructuredFieldBaseTriplets
false
app
decodeAFP
IAFPDecodeableWriteable.java
64
com.mgz.afp.exceptions.IAFPDecodeableWriteable
false
app
parseNextSFFromBuffer
AFPParser.java
466
com.mgz.afp.parser.AFPParser
false
app
parseNextSF
AFPParser.java
382
com.mgz.afp.parser.AFPParser
false
app
convertToXml
Afp2Xml.java
469
com.mgz.cli.Afp2Xml
false
app
execute
Afp2Xml.java
376
com.mgz.cli.Afp2Xml
false
app
main
Afp2Xml.java
65
com.mgz.cli.Afp2Xml
false
Invalid triplet length: 0
Invalid triplet length: 0
10
Undefined
AADdjUYCmozykg==
app
parseTriplet
TripletParser.java
205
com.mgz.afp.parser.TripletParser
false
app
parseTriplets
TripletParser.java
133
com.mgz.afp.parser.TripletParser
false
app
decodeAFP
StructuredFieldBaseTriplets.java
84
com.mgz.afp.base.StructuredFieldBaseTriplets
false
app
decodeAFP
IAFPDecodeableWriteable.java
64
com.mgz.afp.exceptions.IAFPDecodeableWriteable
false
app
parseNextSFFromBuffer
AFPParser.java
466
com.mgz.afp.parser.AFPParser
false
app
parseNextSF
AFPParser.java
382
com.mgz.afp.parser.AFPParser
false
app
convertToXml
Afp2Xml.java
469
com.mgz.cli.Afp2Xml
false
app
execute
Afp2Xml.java
376
com.mgz.cli.Afp2Xml
false
app
main
Afp2Xml.java
65
com.mgz.cli.Afp2Xml
false
Invalid triplet length: 0
Invalid triplet length: 0
10
Undefined
AADdjUYCmozykg==
app
parseTriplet
TripletParser.java
205
com.mgz.afp.parser.TripletParser
false
app
parseTriplets
TripletParser.java
133
com.mgz.afp.parser.TripletParser
false
app
decodeAFP
StructuredFieldBaseTriplets.java
84
com.mgz.afp.base.StructuredFieldBaseTriplets
false
app
decodeAFP
IAFPDecodeableWriteable.java
64
com.mgz.afp.exceptions.IAFPDecodeableWriteable
false
app
parseNextSFFromBuffer
AFPParser.java
466
com.mgz.afp.parser.AFPParser
false
app
parseNextSF
AFPParser.java
382
com.mgz.afp.parser.AFPParser
false
app
convertToXml
Afp2Xml.java
469
com.mgz.cli.Afp2Xml
false
app
execute
Afp2Xml.java
376
com.mgz.cli.Afp2Xml
false
app
main
Afp2Xml.java
65
com.mgz.cli.Afp2Xml
false
Invalid triplet length: 0
Invalid triplet length: 0
10
Undefined
AADdjUYCmozykg==
app
parseTriplet
TripletParser.java
205
com.mgz.afp.parser.TripletParser
false
app
parseTriplets
TripletParser.java
133
com.mgz.afp.parser.TripletParser
false
app
decodeAFP
StructuredFieldBaseTriplets.java
84
com.mgz.afp.base.StructuredFieldBaseTriplets
false
app
decodeAFP
IAFPDecodeableWriteable.java
64
com.mgz.afp.exceptions.IAFPDecodeableWriteable
false
app
parseNextSFFromBuffer
AFPParser.java
466
com.mgz.afp.parser.AFPParser
false
app
parseNextSF
AFPParser.java
382
com.mgz.afp.parser.AFPParser
false
app
convertToXml
Afp2Xml.java
469
com.mgz.cli.Afp2Xml
false
app
execute
Afp2Xml.java
376
com.mgz.cli.Afp2Xml
false
app
main
Afp2Xml.java
65
com.mgz.cli.Afp2Xml
false
Invalid triplet length: 0
Invalid triplet length: 0
10
Undefined
AADdjUYCmozykg==
app
parseTriplet
TripletParser.java
205
com.mgz.afp.parser.TripletParser
false
app
parseTriplets
TripletParser.java
133
com.mgz.afp.parser.TripletParser
false
app
decodeAFP
StructuredFieldBaseTriplets.java
84
com.mgz.afp.base.StructuredFieldBaseTriplets
false
app
decodeAFP
IAFPDecodeableWriteable.java
64
com.mgz.afp.exceptions.IAFPDecodeableWriteable
false
app
parseNextSFFromBuffer
AFPParser.java
466
com.mgz.afp.parser.AFPParser
false
app
parseNextSF
AFPParser.java
382
com.mgz.afp.parser.AFPParser
false
app
convertToXml
Afp2Xml.java
469
com.mgz.cli.Afp2Xml
false
app
execute
Afp2Xml.java
376
com.mgz.cli.Afp2Xml
false
app
main
Afp2Xml.java
65
com.mgz.cli.Afp2Xml
false
Invalid triplet length: 0
Invalid triplet length: 0
10
Undefined
AADdjUYCmozykg==
app
parseTriplet
TripletParser.java
205
com.mgz.afp.parser.TripletParser
false
app
parseTriplets
TripletParser.java
133
com.mgz.afp.parser.TripletParser
false
app
decodeAFP
StructuredFieldBaseTriplets.java
84
com.mgz.afp.base.StructuredFieldBaseTriplets
false
app
decodeAFP
IAFPDecodeableWriteable.java
64
com.mgz.afp.exceptions.IAFPDecodeableWriteable
false
app
parseNextSFFromBuffer
AFPParser.java
466
com.mgz.afp.parser.AFPParser
false
app
parseNextSF
AFPParser.java
382
com.mgz.afp.parser.AFPParser
false
app
convertToXml
Afp2Xml.java
469
com.mgz.cli.Afp2Xml
false
app
execute
Afp2Xml.java
376
com.mgz.cli.Afp2Xml
false
app
main
Afp2Xml.java
65
com.mgz.cli.Afp2Xml
false
Invalid triplet length: 0
Invalid triplet length: 0
10
Undefined
AADdjUYCmozykg==
app
parseTriplet
TripletParser.java
205
com.mgz.afp.parser.TripletParser
false
app
parseTriplets
TripletParser.java
133
com.mgz.afp.parser.TripletParser
false
app
decodeAFP
StructuredFieldBaseTriplets.java
84
com.mgz.afp.base.StructuredFieldBaseTriplets
false
app
decodeAFP
IAFPDecodeableWriteable.java
64
com.mgz.afp.exceptions.IAFPDecodeableWriteable
false
app
parseNextSFFromBuffer
AFPParser.java
466
com.mgz.afp.parser.AFPParser
false
app
parseNextSF
AFPParser.java
382
com.mgz.afp.parser.AFPParser
false
app
convertToXml
Afp2Xml.java
469
com.mgz.cli.Afp2Xml
false
app
execute
Afp2Xml.java
376
com.mgz.cli.Afp2Xml
false
app
main
Afp2Xml.java
65
com.mgz.cli.Afp2Xml
false
Invalid triplet length: 0
Invalid triplet length: 0
10
Undefined
AADdjUYCmozykg==
app
parseTriplet
TripletParser.java
205
com.mgz.afp.parser.TripletParser
false
app
parseTriplets
TripletParser.java
133
com.mgz.afp.parser.TripletParser
false
app
decodeAFP
StructuredFieldBaseTriplets.java
84
com.mgz.afp.base.StructuredFieldBaseTriplets
false
app
decodeAFP
IAFPDecodeableWriteable.java
64
com.mgz.afp.exceptions.IAFPDecodeableWriteable
false
app
parseNextSFFromBuffer
AFPParser.java
466
com.mgz.afp.parser.AFPParser
false
app
parseNextSF
AFPParser.java
382
com.mgz.afp.parser.AFPParser
false
app
convertToXml
Afp2Xml.java
469
com.mgz.cli.Afp2Xml
false
app
execute
Afp2Xml.java
376
com.mgz.cli.Afp2Xml
false
app
main
Afp2Xml.java
65
com.mgz.cli.Afp2Xml
false
Invalid triplet length: 0
Invalid triplet length: 0
10
Undefined
AADdjUYCmozykg==
app
parseTriplet
TripletParser.java
205
com.mgz.afp.parser.TripletParser
false
app
parseTriplets
TripletParser.java
133
com.mgz.afp.parser.TripletParser
false
app
decodeAFP
StructuredFieldBaseTriplets.java
84
com.mgz.afp.base.StructuredFieldBaseTriplets
false
app
decodeAFP
IAFPDecodeableWriteable.java
64
com.mgz.afp.exceptions.IAFPDecodeableWriteable
false
app
parseNextSFFromBuffer
AFPParser.java
466
com.mgz.afp.parser.AFPParser
false
app
parseNextSF
AFPParser.java
382
com.mgz.afp.parser.AFPParser
false
app
convertToXml
Afp2Xml.java
469
com.mgz.cli.Afp2Xml
false
app
execute
Afp2Xml.java
376
com.mgz.cli.Afp2Xml
false
app
main
Afp2Xml.java
65
com.mgz.cli.Afp2Xml
false
Invalid triplet length: 0
Invalid triplet length: 0
10
Undefined
AADdjUYCmozykg==
app
parseTriplet
TripletParser.java
205
com.mgz.afp.parser.TripletParser
false
app
parseTriplets
TripletParser.java
133
com.mgz.afp.parser.TripletParser
false
app
decodeAFP
StructuredFieldBaseTriplets.java
84
com.mgz.afp.base.StructuredFieldBaseTriplets
false
app
decodeAFP
IAFPDecodeableWriteable.java
64
com.mgz.afp.exceptions.IAFPDecodeableWriteable
false
app
parseNextSFFromBuffer
AFPParser.java
466
com.mgz.afp.parser.AFPParser
false
app
parseNextSF
AFPParser.java
382
com.mgz.afp.parser.AFPParser
false
app
convertToXml
Afp2Xml.java
469
com.mgz.cli.Afp2Xml
false
app
execute
Afp2Xml.java
376
com.mgz.cli.Afp2Xml
false
app
main
Afp2Xml.java
65
com.mgz.cli.Afp2Xml
false
Invalid triplet length: 0
Invalid triplet length: 0
10
Undefined
AADdjUYCmozykg==
app
parseTriplet
TripletParser.java
205
com.mgz.afp.parser.TripletParser
false
app
parseTriplets
TripletParser.java
133
com.mgz.afp.parser.TripletParser
false
app
decodeAFP
StructuredFieldBaseTriplets.java
84
com.mgz.afp.base.StructuredFieldBaseTriplets
false
app
decodeAFP
IAFPDecodeableWriteable.java
64
com.mgz.afp.exceptions.IAFPDecodeableWriteable
false
app
parseNextSFFromBuffer
AFPParser.java
466
com.mgz.afp.parser.AFPParser
false
app
parseNextSF
AFPParser.java
382
com.mgz.afp.parser.AFPParser
false
app
convertToXml
Afp2Xml.java
469
com.mgz.cli.Afp2Xml
false
app
execute
Afp2Xml.java
376
com.mgz.cli.Afp2Xml
false
app
main
Afp2Xml.java
65
com.mgz.cli.Afp2Xml
false
Invalid triplet length: 0
Invalid triplet length: 0
10
Undefined
AADdjUYCmozykg==
app
parseTriplet
TripletParser.java
205
com.mgz.afp.parser.TripletParser
false
app
parseTriplets
TripletParser.java
133
com.mgz.afp.parser.TripletParser
false
app
decodeAFP
StructuredFieldBaseTriplets.java
84
com.mgz.afp.base.StructuredFieldBaseTriplets
false
app
decodeAFP
IAFPDecodeableWriteable.java
64
com.mgz.afp.exceptions.IAFPDecodeableWriteable
false
app
parseNextSFFromBuffer
AFPParser.java
466
com.mgz.afp.parser.AFPParser
false
app
parseNextSF
AFPParser.java
382
com.mgz.afp.parser.AFPParser
false
app
convertToXml
Afp2Xml.java
469
com.mgz.cli.Afp2Xml
false
app
execute
Afp2Xml.java
376
com.mgz.cli.Afp2Xml
false
app
main
Afp2Xml.java
65
com.mgz.cli.Afp2Xml
false
Invalid triplet length: 0
Invalid triplet length: 0
10
Undefined
AADdjUYCmozykg==
app
parseTriplet
TripletParser.java
205
com.mgz.afp.parser.TripletParser
false
app
parseTriplets
TripletParser.java
133
com.mgz.afp.parser.TripletParser
false
app
decodeAFP
StructuredFieldBaseTriplets.java
84
com.mgz.afp.base.StructuredFieldBaseTriplets
false
app
decodeAFP
IAFPDecodeableWriteable.java
64
com.mgz.afp.exceptions.IAFPDecodeableWriteable
false
app
parseNextSFFromBuffer
AFPParser.java
466
com.mgz.afp.parser.AFPParser
false
app
parseNextSF
AFPParser.java
382
com.mgz.afp.parser.AFPParser
false
app
convertToXml
Afp2Xml.java
469
com.mgz.cli.Afp2Xml
false
app
execute
Afp2Xml.java
376
com.mgz.cli.Afp2Xml
false
app
main
Afp2Xml.java
65
com.mgz.cli.Afp2Xml
false
Invalid triplet length: 0
Invalid triplet length: 0
10
Undefined
AADdjUYCmozykg==
app
parseTriplet
TripletParser.java
205
com.mgz.afp.parser.TripletParser
false
app
parseTriplets
TripletParser.java
133
com.mgz.afp.parser.TripletParser
false
app
decodeAFP
StructuredFieldBaseTriplets.java
84
com.mgz.afp.base.StructuredFieldBaseTriplets
false
app
decodeAFP
IAFPDecodeableWriteable.java
64
com.mgz.afp.exceptions.IAFPDecodeableWriteable
false
app
parseNextSFFromBuffer
AFPParser.java
466
com.mgz.afp.parser.AFPParser
false
app
parseNextSF
AFPParser.java
382
com.mgz.afp.parser.AFPParser
false
app
convertToXml
Afp2Xml.java
469
com.mgz.cli.Afp2Xml
false
app
execute
Afp2Xml.java
376
com.mgz.cli.Afp2Xml
false
app
main
Afp2Xml.java
65
com.mgz.cli.Afp2Xml
false
Invalid triplet length: 0
Invalid triplet length: 0
10
Undefined
AADdjUYCmozykg==
app
parseTriplet
TripletParser.java
205
com.mgz.afp.parser.TripletParser
false
app
parseTriplets
TripletParser.java
133
com.mgz.afp.parser.TripletParser
false
app
decodeAFP
StructuredFieldBaseTriplets.java
84
com.mgz.afp.base.StructuredFieldBaseTriplets
false
app
decodeAFP
IAFPDecodeableWriteable.java
64
com.mgz.afp.exceptions.IAFPDecodeableWriteable
false
app
parseNextSFFromBuffer
AFPParser.java
466
com.mgz.afp.parser.AFPParser
false
app
parseNextSF
AFPParser.java
382
com.mgz.afp.parser.AFPParser
false
app
convertToXml
Afp2Xml.java
469
com.mgz.cli.Afp2Xml
false
app
execute
Afp2Xml.java
376
com.mgz.cli.Afp2Xml
false
app
main
Afp2Xml.java
65
com.mgz.cli.Afp2Xml
false
Invalid triplet length: 0
Invalid triplet length: 0
10
Undefined
AADdjUYCmozykg==
app
parseTriplet
TripletParser.java
205
com.mgz.afp.parser.TripletParser
false
app
parseTriplets
TripletParser.java
133
com.mgz.afp.parser.TripletParser
false
app
decodeAFP
StructuredFieldBaseTriplets.java
84
com.mgz.afp.base.StructuredFieldBaseTriplets
false
app
decodeAFP
IAFPDecodeableWriteable.java
64
com.mgz.afp.exceptions.IAFPDecodeableWriteable
false
app
parseNextSFFromBuffer
AFPParser.java
466
com.mgz.afp.parser.AFPParser
false
app
parseNextSF
AFPParser.java
382
com.mgz.afp.parser.AFPParser
false
app
convertToXml
Afp2Xml.java
469
com.mgz.cli.Afp2Xml
false
app
execute
Afp2Xml.java
376
com.mgz.cli.Afp2Xml
false
app
main
Afp2Xml.java
65
com.mgz.cli.Afp2Xml
false
Invalid triplet length: 0
Invalid triplet length: 0
10
Undefined
AADdjUYCmozykg==
app
parseTriplet
TripletParser.java
205
com.mgz.afp.parser.TripletParser
false
app
parseTriplets
TripletParser.java
133
com.mgz.afp.parser.TripletParser
false
app
decodeAFP
StructuredFieldBaseTriplets.java
84
com.mgz.afp.base.StructuredFieldBaseTriplets
false
app
decodeAFP
IAFPDecodeableWriteable.java
64
com.mgz.afp.exceptions.IAFPDecodeableWriteable
false
app
parseNextSFFromBuffer
AFPParser.java
466
com.mgz.afp.parser.AFPParser
false
app
parseNextSF
AFPParser.java
382
com.mgz.afp.parser.AFPParser
false
app
convertToXml
Afp2Xml.java
469
com.mgz.cli.Afp2Xml
false
app
execute
Afp2Xml.java
376
com.mgz.cli.Afp2Xml
false
app
main
Afp2Xml.java
65
com.mgz.cli.Afp2Xml
false
Invalid triplet length: 0
Invalid triplet length: 0
10
Undefined
AADdjUYCmozykg==
app
parseTriplet
TripletParser.java
205
com.mgz.afp.parser.TripletParser
false
app
parseTriplets
TripletParser.java
133
com.mgz.afp.parser.TripletParser
false
app
decodeAFP
StructuredFieldBaseTriplets.java
84
com.mgz.afp.base.StructuredFieldBaseTriplets
false
app
decodeAFP
IAFPDecodeableWriteable.java
64
com.mgz.afp.exceptions.IAFPDecodeableWriteable
false
app
parseNextSFFromBuffer
AFPParser.java
466
com.mgz.afp.parser.AFPParser
false
app
parseNextSF
AFPParser.java
382
com.mgz.afp.parser.AFPParser
false
app
convertToXml
Afp2Xml.java
469
com.mgz.cli.Afp2Xml
false
app
execute
Afp2Xml.java
376
com.mgz.cli.Afp2Xml
false
app
main
Afp2Xml.java
65
com.mgz.cli.Afp2Xml
false
Invalid triplet length: 0
Invalid triplet length: 0
10
Undefined
AADdjUYCmozykg==
app
parseTriplet
TripletParser.java
205
com.mgz.afp.parser.TripletParser
false
app
parseTriplets
TripletParser.java
133
com.mgz.afp.parser.TripletParser
false
app
decodeAFP
StructuredFieldBaseTriplets.java
84
com.mgz.afp.base.StructuredFieldBaseTriplets
false
app
decodeAFP
IAFPDecodeableWriteable.java
64
com.mgz.afp.exceptions.IAFPDecodeableWriteable
false
app
parseNextSFFromBuffer
AFPParser.java
466
com.mgz.afp.parser.AFPParser
false
app
parseNextSF
AFPParser.java
382
com.mgz.afp.parser.AFPParser
false
app
convertToXml
Afp2Xml.java
469
com.mgz.cli.Afp2Xml
false
app
execute
Afp2Xml.java
376
com.mgz.cli.Afp2Xml
false
app
main
Afp2Xml.java
65
com.mgz.cli.Afp2Xml
false
Invalid triplet length: 0
Invalid triplet length: 0
10
Undefined
AADdjUYCmozykg==
app
parseTriplet
TripletParser.java
205
com.mgz.afp.parser.TripletParser
false
app
parseTriplets
TripletParser.java
133
com.mgz.afp.parser.TripletParser
false
app
decodeAFP
StructuredFieldBaseTriplets.java
84
com.mgz.afp.base.StructuredFieldBaseTriplets
false
app
decodeAFP
IAFPDecodeableWriteable.java
64
com.mgz.afp.exceptions.IAFPDecodeableWriteable
false
app
parseNextSFFromBuffer
AFPParser.java
466
com.mgz.afp.parser.AFPParser
false
app
parseNextSF
AFPParser.java
382
com.mgz.afp.parser.AFPParser
false
app
convertToXml
Afp2Xml.java
469
com.mgz.cli.Afp2Xml
false
app
execute
Afp2Xml.java
376
com.mgz.cli.Afp2Xml
false
app
main
Afp2Xml.java
65
com.mgz.cli.Afp2Xml
false
Invalid triplet length: 0
Invalid triplet length: 0
10
Undefined
AADdjUYCmozykg==
app
parseTriplet
TripletParser.java
205
com.mgz.afp.parser.TripletParser
false
app
parseTriplets
TripletParser.java
133
com.mgz.afp.parser.TripletParser
false
app
decodeAFP
StructuredFieldBaseTriplets.java
84
com.mgz.afp.base.StructuredFieldBaseTriplets
false
app
decodeAFP
IAFPDecodeableWriteable.java
64
com.mgz.afp.exceptions.IAFPDecodeableWriteable
false
app
parseNextSFFromBuffer
AFPParser.java
466
com.mgz.afp.parser.AFPParser
false
app
parseNextSF
AFPParser.java
382
com.mgz.afp.parser.AFPParser
false
app
convertToXml
Afp2Xml.java
469
com.mgz.cli.Afp2Xml
false
app
execute
Afp2Xml.java
376
com.mgz.cli.Afp2Xml
false
app
main
Afp2Xml.java
65
com.mgz.cli.Afp2Xml
false
Invalid triplet length: 0
Invalid triplet length: 0
10
Undefined
AADdjUYCmozykg==
app
parseTriplet
TripletParser.java
205
com.mgz.afp.parser.TripletParser
false
app
parseTriplets
TripletParser.java
133
com.mgz.afp.parser.TripletParser
false
app
decodeAFP
StructuredFieldBaseTriplets.java
84
com.mgz.afp.base.StructuredFieldBaseTriplets
false
app
decodeAFP
IAFPDecodeableWriteable.java
64
com.mgz.afp.exceptions.IAFPDecodeableWriteable
false
app
parseNextSFFromBuffer
AFPParser.java
466
com.mgz.afp.parser.AFPParser
false
app
parseNextSF
AFPParser.java
382
com.mgz.afp.parser.AFPParser
false
app
convertToXml
Afp2Xml.java
469
com.mgz.cli.Afp2Xml
false
app
execute
Afp2Xml.java
376
com.mgz.cli.Afp2Xml
false
app
main
Afp2Xml.java
65
com.mgz.cli.Afp2Xml
false
Invalid triplet length: 0
Invalid triplet length: 0
10
Undefined
AADdjUYCmozykg==
app
parseTriplet
TripletParser.java
205
com.mgz.afp.parser.TripletParser
false
app
parseTriplets
TripletParser.java
133
com.mgz.afp.parser.TripletParser
false
app
decodeAFP
StructuredFieldBaseTriplets.java
84
com.mgz.afp.base.StructuredFieldBaseTriplets
false
app
decodeAFP
IAFPDecodeableWriteable.java
64
com.mgz.afp.exceptions.IAFPDecodeableWriteable
false
app
parseNextSFFromBuffer
AFPParser.java
466
com.mgz.afp.parser.AFPParser
false
app
parseNextSF
AFPParser.java
382
com.mgz.afp.parser.AFPParser
false
app
convertToXml
Afp2Xml.java
469
com.mgz.cli.Afp2Xml
false
app
execute
Afp2Xml.java
376
com.mgz.cli.Afp2Xml
false
app
main
Afp2Xml.java
65
com.mgz.cli.Afp2Xml
false
Invalid triplet length: 0
Invalid triplet length: 0
10
Undefined
AADdjUYCmozykg==
app
parseTriplet
TripletParser.java
205
com.mgz.afp.parser.TripletParser
false
app
parseTriplets
TripletParser.java
133
com.mgz.afp.parser.TripletParser
false
app
decodeAFP
StructuredFieldBaseTriplets.java
84
com.mgz.afp.base.StructuredFieldBaseTriplets
false
app
decodeAFP
IAFPDecodeableWriteable.java
64
com.mgz.afp.exceptions.IAFPDecodeableWriteable
false
app
parseNextSFFromBuffer
AFPParser.java
466
com.mgz.afp.parser.AFPParser
false
app
parseNextSF
AFPParser.java
382
com.mgz.afp.parser.AFPParser
false
app
convertToXml
Afp2Xml.java
469
com.mgz.cli.Afp2Xml
false
app
execute
Afp2Xml.java
376
com.mgz.cli.Afp2Xml
false
app
main
Afp2Xml.java
65
com.mgz.cli.Afp2Xml
false
Invalid triplet length: 0
Invalid triplet length: 0
10
Undefined
AADdjUYCmozykg==
app
parseTriplet
TripletParser.java
205
com.mgz.afp.parser.TripletParser
false
app
parseTriplets
TripletParser.java
133
com.mgz.afp.parser.TripletParser
false
app
decodeAFP
StructuredFieldBaseTriplets.java
84
com.mgz.afp.base.StructuredFieldBaseTriplets
false
app
decodeAFP
IAFPDecodeableWriteable.java
64
com.mgz.afp.exceptions.IAFPDecodeableWriteable
false
app
parseNextSFFromBuffer
AFPParser.java
466
com.mgz.afp.parser.AFPParser
false
app
parseNextSF
AFPParser.java
382
com.mgz.afp.parser.AFPParser
false
app
convertToXml
Afp2Xml.java
469
com.mgz.cli.Afp2Xml
false
app
execute
Afp2Xml.java
376
com.mgz.cli.Afp2Xml
false
app
main
Afp2Xml.java
65
com.mgz.cli.Afp2Xml
false
Invalid triplet length: 0
Invalid triplet length: 0
10
Undefined
AADdjUYCmozykg==
app
parseTriplet
TripletParser.java
205
com.mgz.afp.parser.TripletParser
false
app
parseTriplets
TripletParser.java
133
com.mgz.afp.parser.TripletParser
false
app
decodeAFP
StructuredFieldBaseTriplets.java
84
com.mgz.afp.base.StructuredFieldBaseTriplets
false
app
decodeAFP
IAFPDecodeableWriteable.java
64
com.mgz.afp.exceptions.IAFPDecodeableWriteable
false
app
parseNextSFFromBuffer
AFPParser.java
466
com.mgz.afp.parser.AFPParser
false
app
parseNextSF
AFPParser.java
382
com.mgz.afp.parser.AFPParser
false
app
convertToXml
Afp2Xml.java
469
com.mgz.cli.Afp2Xml
false
app
execute
Afp2Xml.java
376
com.mgz.cli.Afp2Xml
false
app
main
Afp2Xml.java
65
com.mgz.cli.Afp2Xml
false
Invalid triplet length: 0
Invalid triplet length: 0
10
Undefined
AADdjUYCmozykg==
app
parseTriplet
TripletParser.java
205
com.mgz.afp.parser.TripletParser
false
app
parseTriplets
TripletParser.java
133
com.mgz.afp.parser.TripletParser
false
app
decodeAFP
StructuredFieldBaseTriplets.java
84
com.mgz.afp.base.StructuredFieldBaseTriplets
false
app
decodeAFP
IAFPDecodeableWriteable.java
64
com.mgz.afp.exceptions.IAFPDecodeableWriteable
false
app
parseNextSFFromBuffer
AFPParser.java
466
com.mgz.afp.parser.AFPParser
false
app
parseNextSF
AFPParser.java
382
com.mgz.afp.parser.AFPParser
false
app
convertToXml
Afp2Xml.java
469
com.mgz.cli.Afp2Xml
false
app
execute
Afp2Xml.java
376
com.mgz.cli.Afp2Xml
false
app
main
Afp2Xml.java
65
com.mgz.cli.Afp2Xml
false
Invalid triplet length: 0
Invalid triplet length: 0
10
Undefined
AADdjUYCmozykg==
app
parseTriplet
TripletParser.java
205
com.mgz.afp.parser.TripletParser
false
app
parseTriplets
TripletParser.java
133
com.mgz.afp.parser.TripletParser
false
app
decodeAFP
StructuredFieldBaseTriplets.java
84
com.mgz.afp.base.StructuredFieldBaseTriplets
false
app
decodeAFP
IAFPDecodeableWriteable.java
64
com.mgz.afp.exceptions.IAFPDecodeableWriteable
false
app
parseNextSFFromBuffer
AFPParser.java
466
com.mgz.afp.parser.AFPParser
false
app
parseNextSF
AFPParser.java
382
com.mgz.afp.parser.AFPParser
false
app
convertToXml
Afp2Xml.java
469
com.mgz.cli.Afp2Xml
false
app
execute
Afp2Xml.java
376
com.mgz.cli.Afp2Xml
false
app
main
Afp2Xml.java
65
com.mgz.cli.Afp2Xml
false
Invalid triplet length: 0
Invalid triplet length: 0
10
Undefined
AADdjUYCmozykg==
app
parseTriplet
TripletParser.java
205
com.mgz.afp.parser.TripletParser
false
app
parseTriplets
TripletParser.java
133
com.mgz.afp.parser.TripletParser
false
app
decodeAFP
StructuredFieldBaseTriplets.java
84
com.mgz.afp.base.StructuredFieldBaseTriplets
false
app
decodeAFP
IAFPDecodeableWriteable.java
64
com.mgz.afp.exceptions.IAFPDecodeableWriteable
false
app
parseNextSFFromBuffer
AFPParser.java
466
com.mgz.afp.parser.AFPParser
false
app
parseNextSF
AFPParser.java
382
com.mgz.afp.parser.AFPParser
false
app
convertToXml
Afp2Xml.java
469
com.mgz.cli.Afp2Xml
false
app
execute
Afp2Xml.java
376
com.mgz.cli.Afp2Xml
false
app
main
Afp2Xml.java
65
com.mgz.cli.Afp2Xml
false
Invalid triplet length: 0
Invalid triplet length: 0
10
Undefined
AADdjUYCmozykg==
app
parseTriplet
TripletParser.java
205
com.mgz.afp.parser.TripletParser
false
app
parseTriplets
TripletParser.java
133
com.mgz.afp.parser.TripletParser
false
app
decodeAFP
StructuredFieldBaseTriplets.java
84
com.mgz.afp.base.StructuredFieldBaseTriplets
false
app
decodeAFP
IAFPDecodeableWriteable.java
64
com.mgz.afp.exceptions.IAFPDecodeableWriteable
false
app
parseNextSFFromBuffer
AFPParser.java
466
com.mgz.afp.parser.AFPParser
false
app
parseNextSF
AFPParser.java
382
com.mgz.afp.parser.AFPParser
false
app
convertToXml
Afp2Xml.java
469
com.mgz.cli.Afp2Xml
false
app
execute
Afp2Xml.java
376
com.mgz.cli.Afp2Xml
false
app
main
Afp2Xml.java
65
com.mgz.cli.Afp2Xml
false
Invalid triplet length: 0
Invalid triplet length: 0
10
Undefined
AADdjUYCmozykg==
app
parseTriplet
TripletParser.java
205
com.mgz.afp.parser.TripletParser
false
app
parseTriplets
TripletParser.java
133
com.mgz.afp.parser.TripletParser
false
app
decodeAFP
StructuredFieldBaseTriplets.java
84
com.mgz.afp.base.StructuredFieldBaseTriplets
false
app
decodeAFP
IAFPDecodeableWriteable.java
64
com.mgz.afp.exceptions.IAFPDecodeableWriteable
false
app
parseNextSFFromBuffer
AFPParser.java
466
com.mgz.afp.parser.AFPParser
false
app
parseNextSF
AFPParser.java
382
com.mgz.afp.parser.AFPParser
false
app
convertToXml
Afp2Xml.java
469
com.mgz.cli.Afp2Xml
false
app
execute
Afp2Xml.java
376
com.mgz.cli.Afp2Xml
false
app
main
Afp2Xml.java
65
com.mgz.cli.Afp2Xml
false
Invalid triplet length: 0
Invalid triplet length: 0
10
Undefined
AADdjUYCmozykg==
app
parseTriplet
TripletParser.java
205
com.mgz.afp.parser.TripletParser
false
app
parseTriplets
TripletParser.java
133
com.mgz.afp.parser.TripletParser
false
app
decodeAFP
StructuredFieldBaseTriplets.java
84
com.mgz.afp.base.StructuredFieldBaseTriplets
false
app
decodeAFP
IAFPDecodeableWriteable.java
64
com.mgz.afp.exceptions.IAFPDecodeableWriteable
false
app
parseNextSFFromBuffer
AFPParser.java
466
com.mgz.afp.parser.AFPParser
false
app
parseNextSF
AFPParser.java
382
com.mgz.afp.parser.AFPParser
false
app
convertToXml
Afp2Xml.java
469
com.mgz.cli.Afp2Xml
false
app
execute
Afp2Xml.java
376
com.mgz.cli.Afp2Xml
false
app
main
Afp2Xml.java
65
com.mgz.cli.Afp2Xml
false
Invalid triplet length: 0
Invalid triplet length: 0
10
Undefined
AADdjUYCmozykg==
app
parseTriplet
TripletParser.java
205
com.mgz.afp.parser.TripletParser
false
app
parseTriplets
TripletParser.java
133
com.mgz.afp.parser.TripletParser
false
app
decodeAFP
StructuredFieldBaseTriplets.java
84
com.mgz.afp.base.StructuredFieldBaseTriplets
false
app
decodeAFP
IAFPDecodeableWriteable.java
64
com.mgz.afp.exceptions.IAFPDecodeableWriteable
false
app
parseNextSFFromBuffer
AFPParser.java
466
com.mgz.afp.parser.AFPParser
false
app
parseNextSF
AFPParser.java
382
com.mgz.afp.parser.AFPParser
false
app
convertToXml
Afp2Xml.java
469
com.mgz.cli.Afp2Xml
false
app
execute
Afp2Xml.java
376
com.mgz.cli.Afp2Xml
false
app
main
Afp2Xml.java
65
com.mgz.cli.Afp2Xml
false
Invalid triplet length: 0
Invalid triplet length: 0
10
Undefined
AADdjUYCmozykg==
app
parseTriplet
TripletParser.java
205
com.mgz.afp.parser.TripletParser
false
app
parseTriplets
TripletParser.java
133
com.mgz.afp.parser.TripletParser
false
app
decodeAFP
StructuredFieldBaseTriplets.java
84
com.mgz.afp.base.StructuredFieldBaseTriplets
false
app
decodeAFP
IAFPDecodeableWriteable.java
64
com.mgz.afp.exceptions.IAFPDecodeableWriteable
false
app
parseNextSFFromBuffer
AFPParser.java
466
com.mgz.afp.parser.AFPParser
false
app
parseNextSF
AFPParser.java
382
com.mgz.afp.parser.AFPParser
false
app
convertToXml
Afp2Xml.java
469
com.mgz.cli.Afp2Xml
false
app
execute
Afp2Xml.java
376
com.mgz.cli.Afp2Xml
false
app
main
Afp2Xml.java
65
com.mgz.cli.Afp2Xml
false
Invalid triplet length: 0
Invalid triplet length: 0
10
Undefined
AADdjUYCmozykg==
app
parseTriplet
TripletParser.java
205
com.mgz.afp.parser.TripletParser
false
app
parseTriplets
TripletParser.java
133
com.mgz.afp.parser.TripletParser
false
app
decodeAFP
StructuredFieldBaseTriplets.java
84
com.mgz.afp.base.StructuredFieldBaseTriplets
false
app
decodeAFP
IAFPDecodeableWriteable.java
64
com.mgz.afp.exceptions.IAFPDecodeableWriteable
false
app
parseNextSFFromBuffer
AFPParser.java
466
com.mgz.afp.parser.AFPParser
false
app
parseNextSF
AFPParser.java
382
com.mgz.afp.parser.AFPParser
false
app
convertToXml
Afp2Xml.java
469
com.mgz.cli.Afp2Xml
false
app
execute
Afp2Xml.java
376
com.mgz.cli.Afp2Xml
false
app
main
Afp2Xml.java
65
com.mgz.cli.Afp2Xml
false
Invalid triplet length: 0
Invalid triplet length: 0
10
Undefined
AADdjUYCmozykg==
app
parseTriplet
TripletParser.java
205
com.mgz.afp.parser.TripletParser
false
app
parseTriplets
TripletParser.java
133
com.mgz.afp.parser.TripletParser
false
app
decodeAFP
StructuredFieldBaseTriplets.java
84
com.mgz.afp.base.StructuredFieldBaseTriplets
false
app
decodeAFP
IAFPDecodeableWriteable.java
64
com.mgz.afp.exceptions.IAFPDecodeableWriteable
false
app
parseNextSFFromBuffer
AFPParser.java
466
com.mgz.afp.parser.AFPParser
false
app
parseNextSF
AFPParser.java
382
com.mgz.afp.parser.AFPParser
false
app
convertToXml
Afp2Xml.java
469
com.mgz.cli.Afp2Xml
false
app
execute
Afp2Xml.java
376
com.mgz.cli.Afp2Xml
false
app
main
Afp2Xml.java
65
com.mgz.cli.Afp2Xml
false
Invalid triplet length: 0
Invalid triplet length: 0
10
Undefined
AADdjUYCmozykg==
app
parseTriplet
TripletParser.java
205
com.mgz.afp.parser.TripletParser
false
app
parseTriplets
TripletParser.java
133
com.mgz.afp.parser.TripletParser
false
app
decodeAFP
StructuredFieldBaseTriplets.java
84
com.mgz.afp.base.StructuredFieldBaseTriplets
false
app
decodeAFP
IAFPDecodeableWriteable.java
64
com.mgz.afp.exceptions.IAFPDecodeableWriteable
false
app
parseNextSFFromBuffer
AFPParser.java
466
com.mgz.afp.parser.AFPParser
false
app
parseNextSF
AFPParser.java
382
com.mgz.afp.parser.AFPParser
false
app
convertToXml
Afp2Xml.java
469
com.mgz.cli.Afp2Xml
false
app
execute
Afp2Xml.java
376
com.mgz.cli.Afp2Xml
false
app
main
Afp2Xml.java
65
com.mgz.cli.Afp2Xml
false
Invalid triplet length: 0
Invalid triplet length: 0
10
Undefined
AADdjUYCmozykg==
app
parseTriplet
TripletParser.java
205
com.mgz.afp.parser.TripletParser
false
app
parseTriplets
TripletParser.java
133
com.mgz.afp.parser.TripletParser
false
app
decodeAFP
StructuredFieldBaseTriplets.java
84
com.mgz.afp.base.StructuredFieldBaseTriplets
false
app
decodeAFP
IAFPDecodeableWriteable.java
64
com.mgz.afp.exceptions.IAFPDecodeableWriteable
false
app
parseNextSFFromBuffer
AFPParser.java
466
com.mgz.afp.parser.AFPParser
false
app
parseNextSF
AFPParser.java
382
com.mgz.afp.parser.AFPParser
false
app
convertToXml
Afp2Xml.java
469
com.mgz.cli.Afp2Xml
false
app
execute
Afp2Xml.java
376
com.mgz.cli.Afp2Xml
false
app
main
Afp2Xml.java
65
com.mgz.cli.Afp2Xml
false
Invalid triplet length: 0
Invalid triplet length: 0
10
Undefined
AADdjUYCmozykg==
app
parseTriplet
TripletParser.java
205
com.mgz.afp.parser.TripletParser
false
app
parseTriplets
TripletParser.java
133
com.mgz.afp.parser.TripletParser
false
app
decodeAFP
StructuredFieldBaseTriplets.java
84
com.mgz.afp.base.StructuredFieldBaseTriplets
false
app
decodeAFP
IAFPDecodeableWriteable.java
64
com.mgz.afp.exceptions.IAFPDecodeableWriteable
false
app
parseNextSFFromBuffer
AFPParser.java
466
com.mgz.afp.parser.AFPParser
false
app
parseNextSF
AFPParser.java
382
com.mgz.afp.parser.AFPParser
false
app
convertToXml
Afp2Xml.java
469
com.mgz.cli.Afp2Xml
false
app
execute
Afp2Xml.java
376
com.mgz.cli.Afp2Xml
false
app
main
Afp2Xml.java
65
com.mgz.cli.Afp2Xml
false
Invalid triplet length: 0
Invalid triplet length: 0
10
Undefined
AADdjUYCmozykg==
app
parseTriplet
TripletParser.java
205
com.mgz.afp.parser.TripletParser
false
app
parseTriplets
TripletParser.java
133
com.mgz.afp.parser.TripletParser
false
app
decodeAFP
StructuredFieldBaseTriplets.java
84
com.mgz.afp.base.StructuredFieldBaseTriplets
false
app
decodeAFP
IAFPDecodeableWriteable.java
64
com.mgz.afp.exceptions.IAFPDecodeableWriteable
false
app
parseNextSFFromBuffer
AFPParser.java
466
com.mgz.afp.parser.AFPParser
false
app
parseNextSF
AFPParser.java
382
com.mgz.afp.parser.AFPParser
false
app
convertToXml
Afp2Xml.java
469
com.mgz.cli.Afp2Xml
false
app
execute
Afp2Xml.java
376
com.mgz.cli.Afp2Xml
false
app
main
Afp2Xml.java
65
com.mgz.cli.Afp2Xml
false
Invalid triplet length: 0
Invalid triplet length: 0
10
Undefined
AADdjUYCmozykg==
app
parseTriplet
TripletParser.java
205
com.mgz.afp.parser.TripletParser
false
app
parseTriplets
TripletParser.java
133
com.mgz.afp.parser.TripletParser
false
app
decodeAFP
StructuredFieldBaseTriplets.java
84
com.mgz.afp.base.StructuredFieldBaseTriplets
false
app
decodeAFP
IAFPDecodeableWriteable.java
64
com.mgz.afp.exceptions.IAFPDecodeableWriteable
false
app
parseNextSFFromBuffer
AFPParser.java
466
com.mgz.afp.parser.AFPParser
false
app
parseNextSF
AFPParser.java
382
com.mgz.afp.parser.AFPParser
false
app
convertToXml
Afp2Xml.java
469
com.mgz.cli.Afp2Xml
false
app
execute
Afp2Xml.java
376
com.mgz.cli.Afp2Xml
false
app
main
Afp2Xml.java
65
com.mgz.cli.Afp2Xml
false
Invalid triplet length: 0
Invalid triplet length: 0
10
Undefined
AADdjUYCmozykg==
app
parseTriplet
TripletParser.java
205
com.mgz.afp.parser.TripletParser
false
app
parseTriplets
TripletParser.java
133
com.mgz.afp.parser.TripletParser
false
app
decodeAFP
StructuredFieldBaseTriplets.java
84
com.mgz.afp.base.StructuredFieldBaseTriplets
false
app
decodeAFP
IAFPDecodeableWriteable.java
64
com.mgz.afp.exceptions.IAFPDecodeableWriteable
false
app
parseNextSFFromBuffer
AFPParser.java
466
com.mgz.afp.parser.AFPParser
false
app
parseNextSF
AFPParser.java
382
com.mgz.afp.parser.AFPParser
false
app
convertToXml
Afp2Xml.java
469
com.mgz.cli.Afp2Xml
false
app
execute
Afp2Xml.java
376
com.mgz.cli.Afp2Xml
false
app
main
Afp2Xml.java
65
com.mgz.cli.Afp2Xml
false
Invalid triplet length: 0
Invalid triplet length: 0
10
Undefined
AADdjUYCmozykg==
app
parseTriplet
TripletParser.java
205
com.mgz.afp.parser.TripletParser
false
app
parseTriplets
TripletParser.java
133
com.mgz.afp.parser.TripletParser
false
app
decodeAFP
StructuredFieldBaseTriplets.java
84
com.mgz.afp.base.StructuredFieldBaseTriplets
false
app
decodeAFP
IAFPDecodeableWriteable.java
64
com.mgz.afp.exceptions.IAFPDecodeableWriteable
false
app
parseNextSFFromBuffer
AFPParser.java
466
com.mgz.afp.parser.AFPParser
false
app
parseNextSF
AFPParser.java
382
com.mgz.afp.parser.AFPParser
false
app
convertToXml
Afp2Xml.java
469
com.mgz.cli.Afp2Xml
false
app
execute
Afp2Xml.java
376
com.mgz.cli.Afp2Xml
false
app
main
Afp2Xml.java
65
com.mgz.cli.Afp2Xml
false
Invalid triplet length: 0
Invalid triplet length: 0
10
Undefined
AADdjUYCmozykg==
app
parseTriplet
TripletParser.java
205
com.mgz.afp.parser.TripletParser
false
app
parseTriplets
TripletParser.java
133
com.mgz.afp.parser.TripletParser
false
app
decodeAFP
StructuredFieldBaseTriplets.java
84
com.mgz.afp.base.StructuredFieldBaseTriplets
false
app
decodeAFP
IAFPDecodeableWriteable.java
64
com.mgz.afp.exceptions.IAFPDecodeableWriteable
false
app
parseNextSFFromBuffer
AFPParser.java
466
com.mgz.afp.parser.AFPParser
false
app
parseNextSF
AFPParser.java
382
com.mgz.afp.parser.AFPParser
false
app
convertToXml
Afp2Xml.java
469
com.mgz.cli.Afp2Xml
false
app
execute
Afp2Xml.java
376
com.mgz.cli.Afp2Xml
false
app
main
Afp2Xml.java
65
com.mgz.cli.Afp2Xml
false
Invalid triplet length: 0
Invalid triplet length: 0
10
Undefined
AADdjUYCmozykg==
app
parseTriplet
TripletParser.java
205
com.mgz.afp.parser.TripletParser
false
app
parseTriplets
TripletParser.java
133
com.mgz.afp.parser.TripletParser
false
app
decodeAFP
StructuredFieldBaseTriplets.java
84
com.mgz.afp.base.StructuredFieldBaseTriplets
false
app
decodeAFP
IAFPDecodeableWriteable.java
64
com.mgz.afp.exceptions.IAFPDecodeableWriteable
false
app
parseNextSFFromBuffer
AFPParser.java
466
com.mgz.afp.parser.AFPParser
false
app
parseNextSF
AFPParser.java
382
com.mgz.afp.parser.AFPParser
false
app
convertToXml
Afp2Xml.java
469
com.mgz.cli.Afp2Xml
false
app
execute
Afp2Xml.java
376
com.mgz.cli.Afp2Xml
false
app
main
Afp2Xml.java
65
com.mgz.cli.Afp2Xml
false
Invalid triplet length: 0
Invalid triplet length: 0
10
Undefined
AADdjUYCmozykg==
app
parseTriplet
TripletParser.java
205
com.mgz.afp.parser.TripletParser
false
app
parseTriplets
TripletParser.java
133
com.mgz.afp.parser.TripletParser
false
app
decodeAFP
StructuredFieldBaseTriplets.java
84
com.mgz.afp.base.StructuredFieldBaseTriplets
false
app
decodeAFP
IAFPDecodeableWriteable.java
64
com.mgz.afp.exceptions.IAFPDecodeableWriteable
false
app
parseNextSFFromBuffer
AFPParser.java
466
com.mgz.afp.parser.AFPParser
false
app
parseNextSF
AFPParser.java
382
com.mgz.afp.parser.AFPParser
false
app
convertToXml
Afp2Xml.java
469
com.mgz.cli.Afp2Xml
false
app
execute
Afp2Xml.java
376
com.mgz.cli.Afp2Xml
false
app
main
Afp2Xml.java
65
com.mgz.cli.Afp2Xml
false
Invalid triplet length: 0
Invalid triplet length: 0
10
Undefined
AADdjUYCmozykg==
app
parseTriplet
TripletParser.java
205
com.mgz.afp.parser.TripletParser
false
app
parseTriplets
TripletParser.java
133
com.mgz.afp.parser.TripletParser
false
app
decodeAFP
StructuredFieldBaseTriplets.java
84
com.mgz.afp.base.StructuredFieldBaseTriplets
false
app
decodeAFP
IAFPDecodeableWriteable.java
64
com.mgz.afp.exceptions.IAFPDecodeableWriteable
false
app
parseNextSFFromBuffer
AFPParser.java
466
com.mgz.afp.parser.AFPParser
false
app
parseNextSF
AFPParser.java
382
com.mgz.afp.parser.AFPParser
false
app
convertToXml
Afp2Xml.java
469
com.mgz.cli.Afp2Xml
false
app
execute
Afp2Xml.java
376
com.mgz.cli.Afp2Xml
false
app
main
Afp2Xml.java
65
com.mgz.cli.Afp2Xml
false
Invalid triplet length: 0
Invalid triplet length: 0
10
Undefined
AADdjUYCmozykg==
app
parseTriplet
TripletParser.java
205
com.mgz.afp.parser.TripletParser
false
app
parseTriplets
TripletParser.java
133
com.mgz.afp.parser.TripletParser
false
app
decodeAFP
StructuredFieldBaseTriplets.java
84
com.mgz.afp.base.StructuredFieldBaseTriplets
false
app
decodeAFP
IAFPDecodeableWriteable.java
64
com.mgz.afp.exceptions.IAFPDecodeableWriteable
false
app
parseNextSFFromBuffer
AFPParser.java
466
com.mgz.afp.parser.AFPParser
false
app
parseNextSF
AFPParser.java
382
com.mgz.afp.parser.AFPParser
false
app
convertToXml
Afp2Xml.java
469
com.mgz.cli.Afp2Xml
false
app
execute
Afp2Xml.java
376
com.mgz.cli.Afp2Xml
false
app
main
Afp2Xml.java
65
com.mgz.cli.Afp2Xml
false
Invalid triplet length: 0
Invalid triplet length: 0
10
Undefined
AADdjUYCmozykg==
app
parseTriplet
TripletParser.java
205
com.mgz.afp.parser.TripletParser
false
app
parseTriplets
TripletParser.java
133
com.mgz.afp.parser.TripletParser
false
app
decodeAFP
StructuredFieldBaseTriplets.java
84
com.mgz.afp.base.StructuredFieldBaseTriplets
false
app
decodeAFP
IAFPDecodeableWriteable.java
64
com.mgz.afp.exceptions.IAFPDecodeableWriteable
false
app
parseNextSFFromBuffer
AFPParser.java
466
com.mgz.afp.parser.AFPParser
false
app
parseNextSF
AFPParser.java
382
com.mgz.afp.parser.AFPParser
false
app
convertToXml
Afp2Xml.java
469
com.mgz.cli.Afp2Xml
false
app
execute
Afp2Xml.java
376
com.mgz.cli.Afp2Xml
false
app
main
Afp2Xml.java
65
com.mgz.cli.Afp2Xml
false
Invalid triplet length: 0
Invalid triplet length: 0
10
Undefined
AADdjUYCmozykg==
app
parseTriplet
TripletParser.java
205
com.mgz.afp.parser.TripletParser
false
app
parseTriplets
TripletParser.java
133
com.mgz.afp.parser.TripletParser
false
app
decodeAFP
StructuredFieldBaseTriplets.java
84
com.mgz.afp.base.StructuredFieldBaseTriplets
false
app
decodeAFP
IAFPDecodeableWriteable.java
64
com.mgz.afp.exceptions.IAFPDecodeableWriteable
false
app
parseNextSFFromBuffer
AFPParser.java
466
com.mgz.afp.parser.AFPParser
false
app
parseNextSF
AFPParser.java
382
com.mgz.afp.parser.AFPParser
false
app
convertToXml
Afp2Xml.java
469
com.mgz.cli.Afp2Xml
false
app
execute
Afp2Xml.java
376
com.mgz.cli.Afp2Xml
false
app
main
Afp2Xml.java
65
com.mgz.cli.Afp2Xml
false
Invalid triplet length: 0
Invalid triplet length: 0
10
Undefined
AADdjUYCmozykg==
app
parseTriplet
TripletParser.java
205
com.mgz.afp.parser.TripletParser
false
app
parseTriplets
TripletParser.java
133
com.mgz.afp.parser.TripletParser
false
app
decodeAFP
StructuredFieldBaseTriplets.java
84
com.mgz.afp.base.StructuredFieldBaseTriplets
false
app
decodeAFP
IAFPDecodeableWriteable.java
64
com.mgz.afp.exceptions.IAFPDecodeableWriteable
false
app
parseNextSFFromBuffer
AFPParser.java
466
com.mgz.afp.parser.AFPParser
false
app
parseNextSF
AFPParser.java
382
com.mgz.afp.parser.AFPParser
false
app
convertToXml
Afp2Xml.java
469
com.mgz.cli.Afp2Xml
false
app
execute
Afp2Xml.java
376
com.mgz.cli.Afp2Xml
false
app
main
Afp2Xml.java
65
com.mgz.cli.Afp2Xml
false
Invalid triplet length: 0
Invalid triplet length: 0
10
Undefined
AADdjUYCmozykg==
app
parseTriplet
TripletParser.java
205
com.mgz.afp.parser.TripletParser
false
app
parseTriplets
TripletParser.java
133
com.mgz.afp.parser.TripletParser
false
app
decodeAFP
StructuredFieldBaseTriplets.java
84
com.mgz.afp.base.StructuredFieldBaseTriplets
false
app
decodeAFP
IAFPDecodeableWriteable.java
64
com.mgz.afp.exceptions.IAFPDecodeableWriteable
false
app
parseNextSFFromBuffer
AFPParser.java
466
com.mgz.afp.parser.AFPParser
false
app
parseNextSF
AFPParser.java
382
com.mgz.afp.parser.AFPParser
false
app
convertToXml
Afp2Xml.java
469
com.mgz.cli.Afp2Xml
false
app
execute
Afp2Xml.java
376
com.mgz.cli.Afp2Xml
false
app
main
Afp2Xml.java
65
com.mgz.cli.Afp2Xml
false
Invalid triplet length: 0
Invalid triplet length: 0
10
Undefined
AADdjUYCmozykg==
app
parseTriplet
TripletParser.java
205
com.mgz.afp.parser.TripletParser
false
app
parseTriplets
TripletParser.java
133
com.mgz.afp.parser.TripletParser
false
app
decodeAFP
StructuredFieldBaseTriplets.java
84
com.mgz.afp.base.StructuredFieldBaseTriplets
false
app
decodeAFP
IAFPDecodeableWriteable.java
64
com.mgz.afp.exceptions.IAFPDecodeableWriteable
false
app
parseNextSFFromBuffer
AFPParser.java
466
com.mgz.afp.parser.AFPParser
false
app
parseNextSF
AFPParser.java
382
com.mgz.afp.parser.AFPParser
false
app
convertToXml
Afp2Xml.java
469
com.mgz.cli.Afp2Xml
false
app
execute
Afp2Xml.java
376
com.mgz.cli.Afp2Xml
false
app
main
Afp2Xml.java
65
com.mgz.cli.Afp2Xml
false
Invalid triplet length: 0
Invalid triplet length: 0
10
Undefined
AADdjUYCmozykg==
app
parseTriplet
TripletParser.java
205
com.mgz.afp.parser.TripletParser
false
app
parseTriplets
TripletParser.java
133
com.mgz.afp.parser.TripletParser
false
app
decodeAFP
StructuredFieldBaseTriplets.java
84
com.mgz.afp.base.StructuredFieldBaseTriplets
false
app
decodeAFP
IAFPDecodeableWriteable.java
64
com.mgz.afp.exceptions.IAFPDecodeableWriteable
false
app
parseNextSFFromBuffer
AFPParser.java
466
com.mgz.afp.parser.AFPParser
false
app
parseNextSF
AFPParser.java
382
com.mgz.afp.parser.AFPParser
false
app
convertToXml
Afp2Xml.java
469
com.mgz.cli.Afp2Xml
false
app
execute
Afp2Xml.java
376
com.mgz.cli.Afp2Xml
false
app
main
Afp2Xml.java
65
com.mgz.cli.Afp2Xml
false
Invalid triplet length: 0
Invalid triplet length: 0
10
Undefined
AADdjUYCmozykg==
app
parseTriplet
TripletParser.java
205
com.mgz.afp.parser.TripletParser
false
app
parseTriplets
TripletParser.java
133
com.mgz.afp.parser.TripletParser
false
app
decodeAFP
StructuredFieldBaseTriplets.java
84
com.mgz.afp.base.StructuredFieldBaseTriplets
false
app
decodeAFP
IAFPDecodeableWriteable.java
64
com.mgz.afp.exceptions.IAFPDecodeableWriteable
false
app
parseNextSFFromBuffer
AFPParser.java
466
com.mgz.afp.parser.AFPParser
false
app
parseNextSF
AFPParser.java
382
com.mgz.afp.parser.AFPParser
false
app
convertToXml
Afp2Xml.java
469
com.mgz.cli.Afp2Xml
false
app
execute
Afp2Xml.java
376
com.mgz.cli.Afp2Xml
false
app
main
Afp2Xml.java
65
com.mgz.cli.Afp2Xml
false
Invalid triplet length: 0
Invalid triplet length: 0
10
Undefined
AADdjUYCmozykg==
app
parseTriplet
TripletParser.java
205
com.mgz.afp.parser.TripletParser
false
app
parseTriplets
TripletParser.java
133
com.mgz.afp.parser.TripletParser
false
app
decodeAFP
StructuredFieldBaseTriplets.java
84
com.mgz.afp.base.StructuredFieldBaseTriplets
false
app
decodeAFP
IAFPDecodeableWriteable.java
64
com.mgz.afp.exceptions.IAFPDecodeableWriteable
false
app
parseNextSFFromBuffer
AFPParser.java
466
com.mgz.afp.parser.AFPParser
false
app
parseNextSF
AFPParser.java
382
com.mgz.afp.parser.AFPParser
false
app
convertToXml
Afp2Xml.java
469
com.mgz.cli.Afp2Xml
false
app
execute
Afp2Xml.java
376
com.mgz.cli.Afp2Xml
false
app
main
Afp2Xml.java
65
com.mgz.cli.Afp2Xml
false
Invalid triplet length: 0
Invalid triplet length: 0
10
Undefined
AADdjUYCmozykg==
app
parseTriplet
TripletParser.java
205
com.mgz.afp.parser.TripletParser
false
app
parseTriplets
TripletParser.java
133
com.mgz.afp.parser.TripletParser
false
app
decodeAFP
StructuredFieldBaseTriplets.java
84
com.mgz.afp.base.StructuredFieldBaseTriplets
false
app
decodeAFP
IAFPDecodeableWriteable.java
64
com.mgz.afp.exceptions.IAFPDecodeableWriteable
false
app
parseNextSFFromBuffer
AFPParser.java
466
com.mgz.afp.parser.AFPParser
false
app
parseNextSF
AFPParser.java
382
com.mgz.afp.parser.AFPParser
false
app
convertToXml
Afp2Xml.java
469
com.mgz.cli.Afp2Xml
false
app
execute
Afp2Xml.java
376
com.mgz.cli.Afp2Xml
false
app
main
Afp2Xml.java
65
com.mgz.cli.Afp2Xml
false
Invalid triplet length: 0
Invalid triplet length: 0
10
Undefined
AADdjUYCmozykg==
app
parseTriplet
TripletParser.java
205
com.mgz.afp.parser.TripletParser
false
app
parseTriplets
TripletParser.java
133
com.mgz.afp.parser.TripletParser
false
app
decodeAFP
StructuredFieldBaseTriplets.java
84
com.mgz.afp.base.StructuredFieldBaseTriplets
false
app
decodeAFP
IAFPDecodeableWriteable.java
64
com.mgz.afp.exceptions.IAFPDecodeableWriteable
false
app
parseNextSFFromBuffer
AFPParser.java
466
com.mgz.afp.parser.AFPParser
false
app
parseNextSF
AFPParser.java
382
com.mgz.afp.parser.AFPParser
false
app
convertToXml
Afp2Xml.java
469
com.mgz.cli.Afp2Xml
false
app
execute
Afp2Xml.java
376
com.mgz.cli.Afp2Xml
false
app
main
Afp2Xml.java
65
com.mgz.cli.Afp2Xml
false
Invalid triplet length: 0
Invalid triplet length: 0
10
Undefined
AADdjUYCmozykg==
app
parseTriplet
TripletParser.java
205
com.mgz.afp.parser.TripletParser
false
app
parseTriplets
TripletParser.java
133
com.mgz.afp.parser.TripletParser
false
app
decodeAFP
StructuredFieldBaseTriplets.java
84
com.mgz.afp.base.StructuredFieldBaseTriplets
false
app
decodeAFP
IAFPDecodeableWriteable.java
64
com.mgz.afp.exceptions.IAFPDecodeableWriteable
false
app
parseNextSFFromBuffer
AFPParser.java
466
com.mgz.afp.parser.AFPParser
false
app
parseNextSF
AFPParser.java
382
com.mgz.afp.parser.AFPParser
false
app
convertToXml
Afp2Xml.java
469
com.mgz.cli.Afp2Xml
false
app
execute
Afp2Xml.java
376
com.mgz.cli.Afp2Xml
false
app
main
Afp2Xml.java
65
com.mgz.cli.Afp2Xml
false
Invalid triplet length: 0
Invalid triplet length: 0
10
Undefined
AADdjUYCmozykg==
app
parseTriplet
TripletParser.java
205
com.mgz.afp.parser.TripletParser
false
app
parseTriplets
TripletParser.java
133
com.mgz.afp.parser.TripletParser
false
app
decodeAFP
StructuredFieldBaseTriplets.java
84
com.mgz.afp.base.StructuredFieldBaseTriplets
false
app
decodeAFP
IAFPDecodeableWriteable.java
64
com.mgz.afp.exceptions.IAFPDecodeableWriteable
false
app
parseNextSFFromBuffer
AFPParser.java
466
com.mgz.afp.parser.AFPParser
false
app
parseNextSF
AFPParser.java
382
com.mgz.afp.parser.AFPParser
false
app
convertToXml
Afp2Xml.java
469
com.mgz.cli.Afp2Xml
false
app
execute
Afp2Xml.java
376
com.mgz.cli.Afp2Xml
false
app
main
Afp2Xml.java
65
com.mgz.cli.Afp2Xml
false
Invalid triplet length: 0
Invalid triplet length: 0
10
Undefined
AADdjUYCmozykg==
app
parseTriplet
TripletParser.java
205
com.mgz.afp.parser.TripletParser
false
app
parseTriplets
TripletParser.java
133
com.mgz.afp.parser.TripletParser
false
app
decodeAFP
StructuredFieldBaseTriplets.java
84
com.mgz.afp.base.StructuredFieldBaseTriplets
false
app
decodeAFP
IAFPDecodeableWriteable.java
64
com.mgz.afp.exceptions.IAFPDecodeableWriteable
false
app
parseNextSFFromBuffer
AFPParser.java
466
com.mgz.afp.parser.AFPParser
false
app
parseNextSF
AFPParser.java
382
com.mgz.afp.parser.AFPParser
false
app
convertToXml
Afp2Xml.java
469
com.mgz.cli.Afp2Xml
false
app
execute
Afp2Xml.java
376
com.mgz.cli.Afp2Xml
false
app
main
Afp2Xml.java
65
com.mgz.cli.Afp2Xml
false
Invalid triplet length: 0
Invalid triplet length: 0
10
Undefined
AADdjUYCmozykg==
app
parseTriplet
TripletParser.java
205
com.mgz.afp.parser.TripletParser
false
app
parseTriplets
TripletParser.java
133
com.mgz.afp.parser.TripletParser
false
app
decodeAFP
StructuredFieldBaseTriplets.java
84
com.mgz.afp.base.StructuredFieldBaseTriplets
false
app
decodeAFP
IAFPDecodeableWriteable.java
64
com.mgz.afp.exceptions.IAFPDecodeableWriteable
false
app
parseNextSFFromBuffer
AFPParser.java
466
com.mgz.afp.parser.AFPParser
false
app
parseNextSF
AFPParser.java
382
com.mgz.afp.parser.AFPParser
false
app
convertToXml
Afp2Xml.java
469
com.mgz.cli.Afp2Xml
false
app
execute
Afp2Xml.java
376
com.mgz.cli.Afp2Xml
false
app
main
Afp2Xml.java
65
com.mgz.cli.Afp2Xml
false
Invalid triplet length: 0
Invalid triplet length: 0
10
Undefined
AADdjUYCmozykg==
app
parseTriplet
TripletParser.java
205
com.mgz.afp.parser.TripletParser
false
app
parseTriplets
TripletParser.java
133
com.mgz.afp.parser.TripletParser
false
app
decodeAFP
StructuredFieldBaseTriplets.java
84
com.mgz.afp.base.StructuredFieldBaseTriplets
false
app
decodeAFP
IAFPDecodeableWriteable.java
64
com.mgz.afp.exceptions.IAFPDecodeableWriteable
false
app
parseNextSFFromBuffer
AFPParser.java
466
com.mgz.afp.parser.AFPParser
false
app
parseNextSF
AFPParser.java
382
com.mgz.afp.parser.AFPParser
false
app
convertToXml
Afp2Xml.java
469
com.mgz.cli.Afp2Xml
false
app
execute
Afp2Xml.java
376
com.mgz.cli.Afp2Xml
false
app
main
Afp2Xml.java
65
com.mgz.cli.Afp2Xml
false
Invalid triplet length: 0
Invalid triplet length: 0
10
Undefined
AADdjUYCmozykg==
app
parseTriplet
TripletParser.java
205
com.mgz.afp.parser.TripletParser
false
app
parseTriplets
TripletParser.java
133
com.mgz.afp.parser.TripletParser
false
app
decodeAFP
StructuredFieldBaseTriplets.java
84
com.mgz.afp.base.StructuredFieldBaseTriplets
false
app
decodeAFP
IAFPDecodeableWriteable.java
64
com.mgz.afp.exceptions.IAFPDecodeableWriteable
false
app
parseNextSFFromBuffer
AFPParser.java
466
com.mgz.afp.parser.AFPParser
false
app
parseNextSF
AFPParser.java
382
com.mgz.afp.parser.AFPParser
false
app
convertToXml
Afp2Xml.java
469
com.mgz.cli.Afp2Xml
false
app
execute
Afp2Xml.java
376
com.mgz.cli.Afp2Xml
false
app
main
Afp2Xml.java
65
com.mgz.cli.Afp2Xml
false
Invalid triplet length: 0
Invalid triplet length: 0
10
Undefined
AADdjUYCmozykg==
app
parseTriplet
TripletParser.java
205
com.mgz.afp.parser.TripletParser
false
app
parseTriplets
TripletParser.java
133
com.mgz.afp.parser.TripletParser
false
app
decodeAFP
StructuredFieldBaseTriplets.java
84
com.mgz.afp.base.StructuredFieldBaseTriplets
false
app
decodeAFP
IAFPDecodeableWriteable.java
64
com.mgz.afp.exceptions.IAFPDecodeableWriteable
false
app
parseNextSFFromBuffer
AFPParser.java
466
com.mgz.afp.parser.AFPParser
false
app
parseNextSF
AFPParser.java
382
com.mgz.afp.parser.AFPParser
false
app
convertToXml
Afp2Xml.java
469
com.mgz.cli.Afp2Xml
false
app
execute
Afp2Xml.java
376
com.mgz.cli.Afp2Xml
false
app
main
Afp2Xml.java
65
com.mgz.cli.Afp2Xml
false
Invalid triplet length: 0
Invalid triplet length: 0
10
Undefined
AADdjUYCmozykg==
app
parseTriplet
TripletParser.java
205
com.mgz.afp.parser.TripletParser
false
app
parseTriplets
TripletParser.java
133
com.mgz.afp.parser.TripletParser
false
app
decodeAFP
StructuredFieldBaseTriplets.java
84
com.mgz.afp.base.StructuredFieldBaseTriplets
false
app
decodeAFP
IAFPDecodeableWriteable.java
64
com.mgz.afp.exceptions.IAFPDecodeableWriteable
false
app
parseNextSFFromBuffer
AFPParser.java
466
com.mgz.afp.parser.AFPParser
false
app
parseNextSF
AFPParser.java
382
com.mgz.afp.parser.AFPParser
false
app
convertToXml
Afp2Xml.java
469
com.mgz.cli.Afp2Xml
false
app
execute
Afp2Xml.java
376
com.mgz.cli.Afp2Xml
false
app
main
Afp2Xml.java
65
com.mgz.cli.Afp2Xml
false
Invalid triplet length: 0
Invalid triplet length: 0
10
Undefined
AADdjUYCmozykg==
app
parseTriplet
TripletParser.java
205
com.mgz.afp.parser.TripletParser
false
app
parseTriplets
TripletParser.java
133
com.mgz.afp.parser.TripletParser
false
app
decodeAFP
StructuredFieldBaseTriplets.java
84
com.mgz.afp.base.StructuredFieldBaseTriplets
false
app
decodeAFP
IAFPDecodeableWriteable.java
64
com.mgz.afp.exceptions.IAFPDecodeableWriteable
false
app
parseNextSFFromBuffer
AFPParser.java
466
com.mgz.afp.parser.AFPParser
false
app
parseNextSF
AFPParser.java
382
com.mgz.afp.parser.AFPParser
false
app
convertToXml
Afp2Xml.java
469
com.mgz.cli.Afp2Xml
false
app
execute
Afp2Xml.java
376
com.mgz.cli.Afp2Xml
false
app
main
Afp2Xml.java
65
com.mgz.cli.Afp2Xml
false
Invalid triplet length: 0
Invalid triplet length: 0
10
Undefined
AADdjUYCmozykg==
app
parseTriplet
TripletParser.java
205
com.mgz.afp.parser.TripletParser
false
app
parseTriplets
TripletParser.java
133
com.mgz.afp.parser.TripletParser
false
app
decodeAFP
StructuredFieldBaseTriplets.java
84
com.mgz.afp.base.StructuredFieldBaseTriplets
false
app
decodeAFP
IAFPDecodeableWriteable.java
64
com.mgz.afp.exceptions.IAFPDecodeableWriteable
false
app
parseNextSFFromBuffer
AFPParser.java
466
com.mgz.afp.parser.AFPParser
false
app
parseNextSF
AFPParser.java
382
com.mgz.afp.parser.AFPParser
false
app
convertToXml
Afp2Xml.java
469
com.mgz.cli.Afp2Xml
false
app
execute
Afp2Xml.java
376
com.mgz.cli.Afp2Xml
false
app
main
Afp2Xml.java
65
com.mgz.cli.Afp2Xml
false
Invalid triplet length: 0
Invalid triplet length: 0
10
Undefined
AADdjUYCmozykg==
app
parseTriplet
TripletParser.java
205
com.mgz.afp.parser.TripletParser
false
app
parseTriplets
TripletParser.java
133
com.mgz.afp.parser.TripletParser
false
app
decodeAFP
StructuredFieldBaseTriplets.java
84
com.mgz.afp.base.StructuredFieldBaseTriplets
false
app
decodeAFP
IAFPDecodeableWriteable.java
64
com.mgz.afp.exceptions.IAFPDecodeableWriteable
false
app
parseNextSFFromBuffer
AFPParser.java
466
com.mgz.afp.parser.AFPParser
false
app
parseNextSF
AFPParser.java
382
com.mgz.afp.parser.AFPParser
false
app
convertToXml
Afp2Xml.java
469
com.mgz.cli.Afp2Xml
false
app
execute
Afp2Xml.java
376
com.mgz.cli.Afp2Xml
false
app
main
Afp2Xml.java
65
com.mgz.cli.Afp2Xml
false
Invalid triplet length: 0
Invalid triplet length: 0
10
Undefined
AADdjUYCmozykg==
app
parseTriplet
TripletParser.java
205
com.mgz.afp.parser.TripletParser
false
app
parseTriplets
TripletParser.java
133
com.mgz.afp.parser.TripletParser
false
app
decodeAFP
StructuredFieldBaseTriplets.java
84
com.mgz.afp.base.StructuredFieldBaseTriplets
false
app
decodeAFP
IAFPDecodeableWriteable.java
64
com.mgz.afp.exceptions.IAFPDecodeableWriteable
false
app
parseNextSFFromBuffer
AFPParser.java
466
com.mgz.afp.parser.AFPParser
false
app
parseNextSF
AFPParser.java
382
com.mgz.afp.parser.AFPParser
false
app
convertToXml
Afp2Xml.java
469
com.mgz.cli.Afp2Xml
false
app
execute
Afp2Xml.java
376
com.mgz.cli.Afp2Xml
false
app
main
Afp2Xml.java
65
com.mgz.cli.Afp2Xml
false
Invalid triplet length: 0
Invalid triplet length: 0
10
Undefined
AADdjUYCmozykg==
app
parseTriplet
TripletParser.java
205
com.mgz.afp.parser.TripletParser
false
app
parseTriplets
TripletParser.java
133
com.mgz.afp.parser.TripletParser
false
app
decodeAFP
StructuredFieldBaseTriplets.java
84
com.mgz.afp.base.StructuredFieldBaseTriplets
false
app
decodeAFP
IAFPDecodeableWriteable.java
64
com.mgz.afp.exceptions.IAFPDecodeableWriteable
false
app
parseNextSFFromBuffer
AFPParser.java
466
com.mgz.afp.parser.AFPParser
false
app
parseNextSF
AFPParser.java
382
com.mgz.afp.parser.AFPParser
false
app
convertToXml
Afp2Xml.java
469
com.mgz.cli.Afp2Xml
false
app
execute
Afp2Xml.java
376
com.mgz.cli.Afp2Xml
false
app
main
Afp2Xml.java
65
com.mgz.cli.Afp2Xml
false
Invalid triplet length: 0
Invalid triplet length: 0
10
Undefined
AADdjUYCmozykg==
app
parseTriplet
TripletParser.java
205
com.mgz.afp.parser.TripletParser
false
app
parseTriplets
TripletParser.java
133
com.mgz.afp.parser.TripletParser
false
app
decodeAFP
StructuredFieldBaseTriplets.java
84
com.mgz.afp.base.StructuredFieldBaseTriplets
false
app
decodeAFP
IAFPDecodeableWriteable.java
64
com.mgz.afp.exceptions.IAFPDecodeableWriteable
false
app
parseNextSFFromBuffer
AFPParser.java
466
com.mgz.afp.parser.AFPParser
false
app
parseNextSF
AFPParser.java
382
com.mgz.afp.parser.AFPParser
false
app
convertToXml
Afp2Xml.java
469
com.mgz.cli.Afp2Xml
false
app
execute
Afp2Xml.java
376
com.mgz.cli.Afp2Xml
false
app
main
Afp2Xml.java
65
com.mgz.cli.Afp2Xml
false
Invalid triplet length: 0
Invalid triplet length: 0
10
Undefined
AADdjUYCmozykg==
app
parseTriplet
TripletParser.java
205
com.mgz.afp.parser.TripletParser
false
app
parseTriplets
TripletParser.java
133
com.mgz.afp.parser.TripletParser
false
app
decodeAFP
StructuredFieldBaseTriplets.java
84
com.mgz.afp.base.StructuredFieldBaseTriplets
false
app
decodeAFP
IAFPDecodeableWriteable.java
64
com.mgz.afp.exceptions.IAFPDecodeableWriteable
false
app
parseNextSFFromBuffer
AFPParser.java
466
com.mgz.afp.parser.AFPParser
false
app
parseNextSF
AFPParser.java
382
com.mgz.afp.parser.AFPParser
false
app
convertToXml
Afp2Xml.java
469
com.mgz.cli.Afp2Xml
false
app
execute
Afp2Xml.java
376
com.mgz.cli.Afp2Xml
false
app
main
Afp2Xml.java
65
com.mgz.cli.Afp2Xml
false
Invalid triplet length: 0
Invalid triplet length: 0
10
Undefined
AADdjUYCmozykg==
app
parseTriplet
TripletParser.java
205
com.mgz.afp.parser.TripletParser
false
app
parseTriplets
TripletParser.java
133
com.mgz.afp.parser.TripletParser
false
app
decodeAFP
StructuredFieldBaseTriplets.java
84
com.mgz.afp.base.StructuredFieldBaseTriplets
false
app
decodeAFP
IAFPDecodeableWriteable.java
64
com.mgz.afp.exceptions.IAFPDecodeableWriteable
false
app
parseNextSFFromBuffer
AFPParser.java
466
com.mgz.afp.parser.AFPParser
false
app
parseNextSF
AFPParser.java
382
com.mgz.afp.parser.AFPParser
false
app
convertToXml
Afp2Xml.java
469
com.mgz.cli.Afp2Xml
false
app
execute
Afp2Xml.java
376
com.mgz.cli.Afp2Xml
false
app
main
Afp2Xml.java
65
com.mgz.cli.Afp2Xml
false
Invalid triplet length: 0
Invalid triplet length: 0
10
Undefined
AADdjUYCmozykg==
app
parseTriplet
TripletParser.java
205
com.mgz.afp.parser.TripletParser
false
app
parseTriplets
TripletParser.java
133
com.mgz.afp.parser.TripletParser
false
app
decodeAFP
StructuredFieldBaseTriplets.java
84
com.mgz.afp.base.StructuredFieldBaseTriplets
false
app
decodeAFP
IAFPDecodeableWriteable.java
64
com.mgz.afp.exceptions.IAFPDecodeableWriteable
false
app
parseNextSFFromBuffer
AFPParser.java
466
com.mgz.afp.parser.AFPParser
false
app
parseNextSF
AFPParser.java
382
com.mgz.afp.parser.AFPParser
false
app
convertToXml
Afp2Xml.java
469
com.mgz.cli.Afp2Xml
false
app
execute
Afp2Xml.java
376
com.mgz.cli.Afp2Xml
false
app
main
Afp2Xml.java
65
com.mgz.cli.Afp2Xml
false
Invalid triplet length: 0
Invalid triplet length: 0
10
Undefined
AADdjUYCmozykg==
app
parseTriplet
TripletParser.java
205
com.mgz.afp.parser.TripletParser
false
app
parseTriplets
TripletParser.java
133
com.mgz.afp.parser.TripletParser
false
app
decodeAFP
StructuredFieldBaseTriplets.java
84
com.mgz.afp.base.StructuredFieldBaseTriplets
false
app
decodeAFP
IAFPDecodeableWriteable.java
64
com.mgz.afp.exceptions.IAFPDecodeableWriteable
false
app
parseNextSFFromBuffer
AFPParser.java
466
com.mgz.afp.parser.AFPParser
false
app
parseNextSF
AFPParser.java
382
com.mgz.afp.parser.AFPParser
false
app
convertToXml
Afp2Xml.java
469
com.mgz.cli.Afp2Xml
false
app
execute
Afp2Xml.java
376
com.mgz.cli.Afp2Xml
false
app
main
Afp2Xml.java
65
com.mgz.cli.Afp2Xml
false
Invalid triplet length: 0
Invalid triplet length: 0
10
Undefined
AADdjUYCmozykg==
app
parseTriplet
TripletParser.java
205
com.mgz.afp.parser.TripletParser
false
app
parseTriplets
TripletParser.java
133
com.mgz.afp.parser.TripletParser
false
app
decodeAFP
StructuredFieldBaseTriplets.java
84
com.mgz.afp.base.StructuredFieldBaseTriplets
false
app
decodeAFP
IAFPDecodeableWriteable.java
64
com.mgz.afp.exceptions.IAFPDecodeableWriteable
false
app
parseNextSFFromBuffer
AFPParser.java
466
com.mgz.afp.parser.AFPParser
false
app
parseNextSF
AFPParser.java
382
com.mgz.afp.parser.AFPParser
false
app
convertToXml
Afp2Xml.java
469
com.mgz.cli.Afp2Xml
false
app
execute
Afp2Xml.java
376
com.mgz.cli.Afp2Xml
false
app
main
Afp2Xml.java
65
com.mgz.cli.Afp2Xml
false
Invalid triplet length: 0
Invalid triplet length: 0
10
Undefined
AADdjUYCmozykg==
app
parseTriplet
TripletParser.java
205
com.mgz.afp.parser.TripletParser
false
app
parseTriplets
TripletParser.java
133
com.mgz.afp.parser.TripletParser
false
app
decodeAFP
StructuredFieldBaseTriplets.java
84
com.mgz.afp.base.StructuredFieldBaseTriplets
false
app
decodeAFP
IAFPDecodeableWriteable.java
64
com.mgz.afp.exceptions.IAFPDecodeableWriteable
false
app
parseNextSFFromBuffer
AFPParser.java
466
com.mgz.afp.parser.AFPParser
false
app
parseNextSF
AFPParser.java
382
com.mgz.afp.parser.AFPParser
false
app
convertToXml
Afp2Xml.java
469
com.mgz.cli.Afp2Xml
false
app
execute
Afp2Xml.java
376
com.mgz.cli.Afp2Xml
false
app
main
Afp2Xml.java
65
com.mgz.cli.Afp2Xml
false
Invalid triplet length: 0
Invalid triplet length: 0
10
Undefined
AADdjUYCmozykg==
app
parseTriplet
TripletParser.java
205
com.mgz.afp.parser.TripletParser
false
app
parseTriplets
TripletParser.java
133
com.mgz.afp.parser.TripletParser
false
app
decodeAFP
StructuredFieldBaseTriplets.java
84
com.mgz.afp.base.StructuredFieldBaseTriplets
false
app
decodeAFP
IAFPDecodeableWriteable.java
64
com.mgz.afp.exceptions.IAFPDecodeableWriteable
false
app
parseNextSFFromBuffer
AFPParser.java
466
com.mgz.afp.parser.AFPParser
false
app
parseNextSF
AFPParser.java
382
com.mgz.afp.parser.AFPParser
false
app
convertToXml
Afp2Xml.java
469
com.mgz.cli.Afp2Xml
false
app
execute
Afp2Xml.java
376
com.mgz.cli.Afp2Xml
false
app
main
Afp2Xml.java
65
com.mgz.cli.Afp2Xml
false
Invalid triplet length: 0
Invalid triplet length: 0
10
Undefined
AADdjUYCmozykg==
app
parseTriplet
TripletParser.java
205
com.mgz.afp.parser.TripletParser
false
app
parseTriplets
TripletParser.java
133
com.mgz.afp.parser.TripletParser
false
app
decodeAFP
StructuredFieldBaseTriplets.java
84
com.mgz.afp.base.StructuredFieldBaseTriplets
false
app
decodeAFP
IAFPDecodeableWriteable.java
64
com.mgz.afp.exceptions.IAFPDecodeableWriteable
false
app
parseNextSFFromBuffer
AFPParser.java
466
com.mgz.afp.parser.AFPParser
false
app
parseNextSF
AFPParser.java
382
com.mgz.afp.parser.AFPParser
false
app
convertToXml
Afp2Xml.java
469
com.mgz.cli.Afp2Xml
false
app
execute
Afp2Xml.java
376
com.mgz.cli.Afp2Xml
false
app
main
Afp2Xml.java
65
com.mgz.cli.Afp2Xml
false
Invalid triplet length: 0
Invalid triplet length: 0
10
Undefined
AADdjUYCmozykg==
app
parseTriplet
TripletParser.java
205
com.mgz.afp.parser.TripletParser
false
app
parseTriplets
TripletParser.java
133
com.mgz.afp.parser.TripletParser
false
app
decodeAFP
StructuredFieldBaseTriplets.java
84
com.mgz.afp.base.StructuredFieldBaseTriplets
false
app
decodeAFP
IAFPDecodeableWriteable.java
64
com.mgz.afp.exceptions.IAFPDecodeableWriteable
false
app
parseNextSFFromBuffer
AFPParser.java
466
com.mgz.afp.parser.AFPParser
false
app
parseNextSF
AFPParser.java
382
com.mgz.afp.parser.AFPParser
false
app
convertToXml
Afp2Xml.java
469
com.mgz.cli.Afp2Xml
false
app
execute
Afp2Xml.java
376
com.mgz.cli.Afp2Xml
false
app
main
Afp2Xml.java
65
com.mgz.cli.Afp2Xml
false
Invalid triplet length: 0
Invalid triplet length: 0
10
Undefined
AADdjUYCmozykg==
app
parseTriplet
TripletParser.java
205
com.mgz.afp.parser.TripletParser
false
app
parseTriplets
TripletParser.java
133
com.mgz.afp.parser.TripletParser
false
app
decodeAFP
StructuredFieldBaseTriplets.java
84
com.mgz.afp.base.StructuredFieldBaseTriplets
false
app
decodeAFP
IAFPDecodeableWriteable.java
64
com.mgz.afp.exceptions.IAFPDecodeableWriteable
false
app
parseNextSFFromBuffer
AFPParser.java
466
com.mgz.afp.parser.AFPParser
false
app
parseNextSF
AFPParser.java
382
com.mgz.afp.parser.AFPParser
false
app
convertToXml
Afp2Xml.java
469
com.mgz.cli.Afp2Xml
false
app
execute
Afp2Xml.java
376
com.mgz.cli.Afp2Xml
false
app
main
Afp2Xml.java
65
com.mgz.cli.Afp2Xml
false
Invalid triplet length: 0
Invalid triplet length: 0
10
Undefined
AADdjUYCmozykg==
app
parseTriplet
TripletParser.java
205
com.mgz.afp.parser.TripletParser
false
app
parseTriplets
TripletParser.java
133
com.mgz.afp.parser.TripletParser
false
app
decodeAFP
StructuredFieldBaseTriplets.java
84
com.mgz.afp.base.StructuredFieldBaseTriplets
false
app
decodeAFP
IAFPDecodeableWriteable.java
64
com.mgz.afp.exceptions.IAFPDecodeableWriteable
false
app
parseNextSFFromBuffer
AFPParser.java
466
com.mgz.afp.parser.AFPParser
false
app
parseNextSF
AFPParser.java
382
com.mgz.afp.parser.AFPParser
false
app
convertToXml
Afp2Xml.java
469
com.mgz.cli.Afp2Xml
false
app
execute
Afp2Xml.java
376
com.mgz.cli.Afp2Xml
false
app
main
Afp2Xml.java
65
com.mgz.cli.Afp2Xml
false
Invalid triplet length: 0
Invalid triplet length: 0
10
Undefined
AADdjUYCmozykg==
app
parseTriplet
TripletParser.java
205
com.mgz.afp.parser.TripletParser
false
app
parseTriplets
TripletParser.java
133
com.mgz.afp.parser.TripletParser
false
app
decodeAFP
StructuredFieldBaseTriplets.java
84
com.mgz.afp.base.StructuredFieldBaseTriplets
false
app
decodeAFP
IAFPDecodeableWriteable.java
64
com.mgz.afp.exceptions.IAFPDecodeableWriteable
false
app
parseNextSFFromBuffer
AFPParser.java
466
com.mgz.afp.parser.AFPParser
false
app
parseNextSF
AFPParser.java
382
com.mgz.afp.parser.AFPParser
false
app
convertToXml
Afp2Xml.java
469
com.mgz.cli.Afp2Xml
false
app
execute
Afp2Xml.java
376
com.mgz.cli.Afp2Xml
false
app
main
Afp2Xml.java
65
com.mgz.cli.Afp2Xml
false
Invalid triplet length: 0
Invalid triplet length: 0
10
Undefined
AADdjUYCmozykg==
app
parseTriplet
TripletParser.java
205
com.mgz.afp.parser.TripletParser
false
app
parseTriplets
TripletParser.java
133
com.mgz.afp.parser.TripletParser
false
app
decodeAFP
StructuredFieldBaseTriplets.java
84
com.mgz.afp.base.StructuredFieldBaseTriplets
false
app
decodeAFP
IAFPDecodeableWriteable.java
64
com.mgz.afp.exceptions.IAFPDecodeableWriteable
false
app
parseNextSFFromBuffer
AFPParser.java
466
com.mgz.afp.parser.AFPParser
false
app
parseNextSF
AFPParser.java
382
com.mgz.afp.parser.AFPParser
false
app
convertToXml
Afp2Xml.java
469
com.mgz.cli.Afp2Xml
false
app
execute
Afp2Xml.java
376
com.mgz.cli.Afp2Xml
false
app
main
Afp2Xml.java
65
com.mgz.cli.Afp2Xml
false
Invalid triplet length: 0
Invalid triplet length: 0
10
Undefined
AADdjUYCmozykg==
app
parseTriplet
TripletParser.java
205
com.mgz.afp.parser.TripletParser
false
app
parseTriplets
TripletParser.java
133
com.mgz.afp.parser.TripletParser
false
app
decodeAFP
StructuredFieldBaseTriplets.java
84
com.mgz.afp.base.StructuredFieldBaseTriplets
false
app
decodeAFP
IAFPDecodeableWriteable.java
64
com.mgz.afp.exceptions.IAFPDecodeableWriteable
false
app
parseNextSFFromBuffer
AFPParser.java
466
com.mgz.afp.parser.AFPParser
false
app
parseNextSF
AFPParser.java
382
com.mgz.afp.parser.AFPParser
false
app
convertToXml
Afp2Xml.java
469
com.mgz.cli.Afp2Xml
false
app
execute
Afp2Xml.java
376
com.mgz.cli.Afp2Xml
false
app
main
Afp2Xml.java
65
com.mgz.cli.Afp2Xml
false
Invalid triplet length: 0
Invalid triplet length: 0
10
Undefined
AADdjUYCmozykg==
app
parseTriplet
TripletParser.java
205
com.mgz.afp.parser.TripletParser
false
app
parseTriplets
TripletParser.java
133
com.mgz.afp.parser.TripletParser
false
app
decodeAFP
StructuredFieldBaseTriplets.java
84
com.mgz.afp.base.StructuredFieldBaseTriplets
false
app
decodeAFP
IAFPDecodeableWriteable.java
64
com.mgz.afp.exceptions.IAFPDecodeableWriteable
false
app
parseNextSFFromBuffer
AFPParser.java
466
com.mgz.afp.parser.AFPParser
false
app
parseNextSF
AFPParser.java
382
com.mgz.afp.parser.AFPParser
false
app
convertToXml
Afp2Xml.java
469
com.mgz.cli.Afp2Xml
false
app
execute
Afp2Xml.java
376
com.mgz.cli.Afp2Xml
false
app
main
Afp2Xml.java
65
com.mgz.cli.Afp2Xml
false
Invalid triplet length: 0
Invalid triplet length: 0
10
Undefined
AADdjUYCmozykg==
app
parseTriplet
TripletParser.java
205
com.mgz.afp.parser.TripletParser
false
app
parseTriplets
TripletParser.java
133
com.mgz.afp.parser.TripletParser
false
app
decodeAFP
StructuredFieldBaseTriplets.java
84
com.mgz.afp.base.StructuredFieldBaseTriplets
false
app
decodeAFP
IAFPDecodeableWriteable.java
64
com.mgz.afp.exceptions.IAFPDecodeableWriteable
false
app
parseNextSFFromBuffer
AFPParser.java
466
com.mgz.afp.parser.AFPParser
false
app
parseNextSF
AFPParser.java
382
com.mgz.afp.parser.AFPParser
false
app
convertToXml
Afp2Xml.java
469
com.mgz.cli.Afp2Xml
false
app
execute
Afp2Xml.java
376
com.mgz.cli.Afp2Xml
false
app
main
Afp2Xml.java
65
com.mgz.cli.Afp2Xml
false
Invalid triplet length: 0
Invalid triplet length: 0
10
Undefined
AADdjUYCmozykg==
app
parseTriplet
TripletParser.java
205
com.mgz.afp.parser.TripletParser
false
app
parseTriplets
TripletParser.java
133
com.mgz.afp.parser.TripletParser
false
app
decodeAFP
StructuredFieldBaseTriplets.java
84
com.mgz.afp.base.StructuredFieldBaseTriplets
false
app
decodeAFP
IAFPDecodeableWriteable.java
64
com.mgz.afp.exceptions.IAFPDecodeableWriteable
false
app
parseNextSFFromBuffer
AFPParser.java
466
com.mgz.afp.parser.AFPParser
false
app
parseNextSF
AFPParser.java
382
com.mgz.afp.parser.AFPParser
false
app
convertToXml
Afp2Xml.java
469
com.mgz.cli.Afp2Xml
false
app
execute
Afp2Xml.java
376
com.mgz.cli.Afp2Xml
false
app
main
Afp2Xml.java
65
com.mgz.cli.Afp2Xml
false
Invalid triplet length: 0
Invalid triplet length: 0
10
Undefined
AADdjUYCmozykg==
app
parseTriplet
TripletParser.java
205
com.mgz.afp.parser.TripletParser
false
app
parseTriplets
TripletParser.java
133
com.mgz.afp.parser.TripletParser
false
app
decodeAFP
StructuredFieldBaseTriplets.java
84
com.mgz.afp.base.StructuredFieldBaseTriplets
false
app
decodeAFP
IAFPDecodeableWriteable.java
64
com.mgz.afp.exceptions.IAFPDecodeableWriteable
false
app
parseNextSFFromBuffer
AFPParser.java
466
com.mgz.afp.parser.AFPParser
false
app
parseNextSF
AFPParser.java
382
com.mgz.afp.parser.AFPParser
false
app
convertToXml
Afp2Xml.java
469
com.mgz.cli.Afp2Xml
false
app
execute
Afp2Xml.java
376
com.mgz.cli.Afp2Xml
false
app
main
Afp2Xml.java
65
com.mgz.cli.Afp2Xml
false
Invalid triplet length: 0
Invalid triplet length: 0
10
Undefined
AADdjUYCmozykg==
app
parseTriplet
TripletParser.java
205
com.mgz.afp.parser.TripletParser
false
app
parseTriplets
TripletParser.java
133
com.mgz.afp.parser.TripletParser
false
app
decodeAFP
StructuredFieldBaseTriplets.java
84
com.mgz.afp.base.StructuredFieldBaseTriplets
false
app
decodeAFP
IAFPDecodeableWriteable.java
64
com.mgz.afp.exceptions.IAFPDecodeableWriteable
false
app
parseNextSFFromBuffer
AFPParser.java
466
com.mgz.afp.parser.AFPParser
false
app
parseNextSF
AFPParser.java
382
com.mgz.afp.parser.AFPParser
false
app
convertToXml
Afp2Xml.java
469
com.mgz.cli.Afp2Xml
false
app
execute
Afp2Xml.java
376
com.mgz.cli.Afp2Xml
false
app
main
Afp2Xml.java
65
com.mgz.cli.Afp2Xml
false
Invalid triplet length: 0
Invalid triplet length: 0
10
Undefined
AADdjUYCmozykg==
app
parseTriplet
TripletParser.java
205
com.mgz.afp.parser.TripletParser
false
app
parseTriplets
TripletParser.java
133
com.mgz.afp.parser.TripletParser
false
app
decodeAFP
StructuredFieldBaseTriplets.java
84
com.mgz.afp.base.StructuredFieldBaseTriplets
false
app
decodeAFP
IAFPDecodeableWriteable.java
64
com.mgz.afp.exceptions.IAFPDecodeableWriteable
false
app
parseNextSFFromBuffer
AFPParser.java
466
com.mgz.afp.parser.AFPParser
false
app
parseNextSF
AFPParser.java
382
com.mgz.afp.parser.AFPParser
false
app
convertToXml
Afp2Xml.java
469
com.mgz.cli.Afp2Xml
false
app
execute
Afp2Xml.java
376
com.mgz.cli.Afp2Xml
false
app
main
Afp2Xml.java
65
com.mgz.cli.Afp2Xml
false
Invalid triplet length: 0
Invalid triplet length: 0
10
Undefined
AADdjUYCmozykg==
app
parseTriplet
TripletParser.java
205
com.mgz.afp.parser.TripletParser
false
app
parseTriplets
TripletParser.java
133
com.mgz.afp.parser.TripletParser
false
app
decodeAFP
StructuredFieldBaseTriplets.java
84
com.mgz.afp.base.StructuredFieldBaseTriplets
false
app
decodeAFP
IAFPDecodeableWriteable.java
64
com.mgz.afp.exceptions.IAFPDecodeableWriteable
false
app
parseNextSFFromBuffer
AFPParser.java
466
com.mgz.afp.parser.AFPParser
false
app
parseNextSF
AFPParser.java
382
com.mgz.afp.parser.AFPParser
false
app
convertToXml
Afp2Xml.java
469
com.mgz.cli.Afp2Xml
false
app
execute
Afp2Xml.java
376
com.mgz.cli.Afp2Xml
false
app
main
Afp2Xml.java
65
com.mgz.cli.Afp2Xml
false
Invalid triplet length: 0
Invalid triplet length: 0
10
Undefined
AADdjUYCmozykg==
app
parseTriplet
TripletParser.java
205
com.mgz.afp.parser.TripletParser
false
app
parseTriplets
TripletParser.java
133
com.mgz.afp.parser.TripletParser
false
app
decodeAFP
StructuredFieldBaseTriplets.java
84
com.mgz.afp.base.StructuredFieldBaseTriplets
false
app
decodeAFP
IAFPDecodeableWriteable.java
64
com.mgz.afp.exceptions.IAFPDecodeableWriteable
false
app
parseNextSFFromBuffer
AFPParser.java
466
com.mgz.afp.parser.AFPParser
false
app
parseNextSF
AFPParser.java
382
com.mgz.afp.parser.AFPParser
false
app
convertToXml
Afp2Xml.java
469
com.mgz.cli.Afp2Xml
false
app
execute
Afp2Xml.java
376
com.mgz.cli.Afp2Xml
false
app
main
Afp2Xml.java
65
com.mgz.cli.Afp2Xml
false
Invalid triplet length: 0
Invalid triplet length: 0
10
Undefined
AADdjUYCmozykg==
app
parseTriplet
TripletParser.java
205
com.mgz.afp.parser.TripletParser
false
app
parseTriplets
TripletParser.java
133
com.mgz.afp.parser.TripletParser
false
app
decodeAFP
StructuredFieldBaseTriplets.java
84
com.mgz.afp.base.StructuredFieldBaseTriplets
false
app
decodeAFP
IAFPDecodeableWriteable.java
64
com.mgz.afp.exceptions.IAFPDecodeableWriteable
false
app
parseNextSFFromBuffer
AFPParser.java
466
com.mgz.afp.parser.AFPParser
false
app
parseNextSF
AFPParser.java
382
com.mgz.afp.parser.AFPParser
false
app
convertToXml
Afp2Xml.java
469
com.mgz.cli.Afp2Xml
false
app
execute
Afp2Xml.java
376
com.mgz.cli.Afp2Xml
false
app
main
Afp2Xml.java
65
com.mgz.cli.Afp2Xml
false
Invalid triplet length: 0
Invalid triplet length: 0
10
Undefined
AADdjUYCmozykg==
app
parseTriplet
TripletParser.java
205
com.mgz.afp.parser.TripletParser
false
app
parseTriplets
TripletParser.java
133
com.mgz.afp.parser.TripletParser
false
app
decodeAFP
StructuredFieldBaseTriplets.java
84
com.mgz.afp.base.StructuredFieldBaseTriplets
false
app
decodeAFP
IAFPDecodeableWriteable.java
64
com.mgz.afp.exceptions.IAFPDecodeableWriteable
false
app
parseNextSFFromBuffer
AFPParser.java
466
com.mgz.afp.parser.AFPParser
false
app
parseNextSF
AFPParser.java
382
com.mgz.afp.parser.AFPParser
false
app
convertToXml
Afp2Xml.java
469
com.mgz.cli.Afp2Xml
false
app
execute
Afp2Xml.java
376
com.mgz.cli.Afp2Xml
false
app
main
Afp2Xml.java
65
com.mgz.cli.Afp2Xml
false
Invalid triplet length: 0
Invalid triplet length: 0
10
Undefined
AADdjUYCmozykg==
app
parseTriplet
TripletParser.java
205
com.mgz.afp.parser.TripletParser
false
app
parseTriplets
TripletParser.java
133
com.mgz.afp.parser.TripletParser
false
app
decodeAFP
StructuredFieldBaseTriplets.java
84
com.mgz.afp.base.StructuredFieldBaseTriplets
false
app
decodeAFP
IAFPDecodeableWriteable.java
64
com.mgz.afp.exceptions.IAFPDecodeableWriteable
false
app
parseNextSFFromBuffer
AFPParser.java
466
com.mgz.afp.parser.AFPParser
false
app
parseNextSF
AFPParser.java
382
com.mgz.afp.parser.AFPParser
false
app
convertToXml
Afp2Xml.java
469
com.mgz.cli.Afp2Xml
false
app
execute
Afp2Xml.java
376
com.mgz.cli.Afp2Xml
false
app
main
Afp2Xml.java
65
com.mgz.cli.Afp2Xml
false
Invalid triplet length: 0
Invalid triplet length: 0
10
Undefined
AADdjUYCmozykg==
app
parseTriplet
TripletParser.java
205
com.mgz.afp.parser.TripletParser
false
app
parseTriplets
TripletParser.java
133
com.mgz.afp.parser.TripletParser
false
app
decodeAFP
StructuredFieldBaseTriplets.java
84
com.mgz.afp.base.StructuredFieldBaseTriplets
false
app
decodeAFP
IAFPDecodeableWriteable.java
64
com.mgz.afp.exceptions.IAFPDecodeableWriteable
false
app
parseNextSFFromBuffer
AFPParser.java
466
com.mgz.afp.parser.AFPParser
false
app
parseNextSF
AFPParser.java
382
com.mgz.afp.parser.AFPParser
false
app
convertToXml
Afp2Xml.java
469
com.mgz.cli.Afp2Xml
false
app
execute
Afp2Xml.java
376
com.mgz.cli.Afp2Xml
false
app
main
Afp2Xml.java
65
com.mgz.cli.Afp2Xml
false
Invalid triplet length: 0
Invalid triplet length: 0
10
Undefined
AADdjUYCmozykg==
app
parseTriplet
TripletParser.java
205
com.mgz.afp.parser.TripletParser
false
app
parseTriplets
TripletParser.java
133
com.mgz.afp.parser.TripletParser
false
app
decodeAFP
StructuredFieldBaseTriplets.java
84
com.mgz.afp.base.StructuredFieldBaseTriplets
false
app
decodeAFP
IAFPDecodeableWriteable.java
64
com.mgz.afp.exceptions.IAFPDecodeableWriteable
false
app
parseNextSFFromBuffer
AFPParser.java
466
com.mgz.afp.parser.AFPParser
false
app
parseNextSF
AFPParser.java
382
com.mgz.afp.parser.AFPParser
false
app
convertToXml
Afp2Xml.java
469
com.mgz.cli.Afp2Xml
false
app
execute
Afp2Xml.java
376
com.mgz.cli.Afp2Xml
false
app
main
Afp2Xml.java
65
com.mgz.cli.Afp2Xml
false
Invalid triplet length: 0
Invalid triplet length: 0
10
Undefined
AADdjUYCmozykg==
app
parseTriplet
TripletParser.java
205
com.mgz.afp.parser.TripletParser
false
app
parseTriplets
TripletParser.java
133
com.mgz.afp.parser.TripletParser
false
app
decodeAFP
StructuredFieldBaseTriplets.java
84
com.mgz.afp.base.StructuredFieldBaseTriplets
false
app
decodeAFP
IAFPDecodeableWriteable.java
64
com.mgz.afp.exceptions.IAFPDecodeableWriteable
false
app
parseNextSFFromBuffer
AFPParser.java
466
com.mgz.afp.parser.AFPParser
false
app
parseNextSF
AFPParser.java
382
com.mgz.afp.parser.AFPParser
false
app
convertToXml
Afp2Xml.java
469
com.mgz.cli.Afp2Xml
false
app
execute
Afp2Xml.java
376
com.mgz.cli.Afp2Xml
false
app
main
Afp2Xml.java
65
com.mgz.cli.Afp2Xml
false
Invalid triplet length: 0
Invalid triplet length: 0
10
Undefined
AADdjUYCmozykg==
app
parseTriplet
TripletParser.java
205
com.mgz.afp.parser.TripletParser
false
app
parseTriplets
TripletParser.java
133
com.mgz.afp.parser.TripletParser
false
app
decodeAFP
StructuredFieldBaseTriplets.java
84
com.mgz.afp.base.StructuredFieldBaseTriplets
false
app
decodeAFP
IAFPDecodeableWriteable.java
64
com.mgz.afp.exceptions.IAFPDecodeableWriteable
false
app
parseNextSFFromBuffer
AFPParser.java
466
com.mgz.afp.parser.AFPParser
false
app
parseNextSF
AFPParser.java
382
com.mgz.afp.parser.AFPParser
false
app
convertToXml
Afp2Xml.java
469
com.mgz.cli.Afp2Xml
false
app
execute
Afp2Xml.java
376
com.mgz.cli.Afp2Xml
false
app
main
Afp2Xml.java
65
com.mgz.cli.Afp2Xml
false
Invalid triplet length: 0
Invalid triplet length: 0
10
Undefined
AADdjUYCmozykg==
app
parseTriplet
TripletParser.java
205
com.mgz.afp.parser.TripletParser
false
app
parseTriplets
TripletParser.java
133
com.mgz.afp.parser.TripletParser
false
app
decodeAFP
StructuredFieldBaseTriplets.java
84
com.mgz.afp.base.StructuredFieldBaseTriplets
false
app
decodeAFP
IAFPDecodeableWriteable.java
64
com.mgz.afp.exceptions.IAFPDecodeableWriteable
false
app
parseNextSFFromBuffer
AFPParser.java
466
com.mgz.afp.parser.AFPParser
false
app
parseNextSF
AFPParser.java
382
com.mgz.afp.parser.AFPParser
false
app
convertToXml
Afp2Xml.java
469
com.mgz.cli.Afp2Xml
false
app
execute
Afp2Xml.java
376
com.mgz.cli.Afp2Xml
false
app
main
Afp2Xml.java
65
com.mgz.cli.Afp2Xml
false
Invalid triplet length: 0
Invalid triplet length: 0
10
Undefined
AADdjUYCmozykg==
app
parseTriplet
TripletParser.java
205
com.mgz.afp.parser.TripletParser
false
app
parseTriplets
TripletParser.java
133
com.mgz.afp.parser.TripletParser
false
app
decodeAFP
StructuredFieldBaseTriplets.java
84
com.mgz.afp.base.StructuredFieldBaseTriplets
false
app
decodeAFP
IAFPDecodeableWriteable.java
64
com.mgz.afp.exceptions.IAFPDecodeableWriteable
false
app
parseNextSFFromBuffer
AFPParser.java
466
com.mgz.afp.parser.AFPParser
false
app
parseNextSF
AFPParser.java
382
com.mgz.afp.parser.AFPParser
false
app
convertToXml
Afp2Xml.java
469
com.mgz.cli.Afp2Xml
false
app
execute
Afp2Xml.java
376
com.mgz.cli.Afp2Xml
false
app
main
Afp2Xml.java
65
com.mgz.cli.Afp2Xml
false
Invalid triplet length: 0
Invalid triplet length: 0
10
Undefined
AADdjUYCmozykg==
app
parseTriplet
TripletParser.java
205
com.mgz.afp.parser.TripletParser
false
app
parseTriplets
TripletParser.java
133
com.mgz.afp.parser.TripletParser
false
app
decodeAFP
StructuredFieldBaseTriplets.java
84
com.mgz.afp.base.StructuredFieldBaseTriplets
false
app
decodeAFP
IAFPDecodeableWriteable.java
64
com.mgz.afp.exceptions.IAFPDecodeableWriteable
false
app
parseNextSFFromBuffer
AFPParser.java
466
com.mgz.afp.parser.AFPParser
false
app
parseNextSF
AFPParser.java
382
com.mgz.afp.parser.AFPParser
false
app
convertToXml
Afp2Xml.java
469
com.mgz.cli.Afp2Xml
false
app
execute
Afp2Xml.java
376
com.mgz.cli.Afp2Xml
false
app
main
Afp2Xml.java
65
com.mgz.cli.Afp2Xml
false
Invalid triplet length: 0
Invalid triplet length: 0
10
Undefined
AADdjUYCmozykg==
app
parseTriplet
TripletParser.java
205
com.mgz.afp.parser.TripletParser
false
app
parseTriplets
TripletParser.java
133
com.mgz.afp.parser.TripletParser
false
app
decodeAFP
StructuredFieldBaseTriplets.java
84
com.mgz.afp.base.StructuredFieldBaseTriplets
false
app
decodeAFP
IAFPDecodeableWriteable.java
64
com.mgz.afp.exceptions.IAFPDecodeableWriteable
false
app
parseNextSFFromBuffer
AFPParser.java
466
com.mgz.afp.parser.AFPParser
false
app
parseNextSF
AFPParser.java
382
com.mgz.afp.parser.AFPParser
false
app
convertToXml
Afp2Xml.java
469
com.mgz.cli.Afp2Xml
false
app
execute
Afp2Xml.java
376
com.mgz.cli.Afp2Xml
false
app
main
Afp2Xml.java
65
com.mgz.cli.Afp2Xml
false
Invalid triplet length: 0
Invalid triplet length: 0
10
Undefined
AADdjUYCmozykg==
app
parseTriplet
TripletParser.java
205
com.mgz.afp.parser.TripletParser
false
app
parseTriplets
TripletParser.java
133
com.mgz.afp.parser.TripletParser
false
app
decodeAFP
StructuredFieldBaseTriplets.java
84
com.mgz.afp.base.StructuredFieldBaseTriplets
false
app
decodeAFP
IAFPDecodeableWriteable.java
64
com.mgz.afp.exceptions.IAFPDecodeableWriteable
false
app
parseNextSFFromBuffer
AFPParser.java
466
com.mgz.afp.parser.AFPParser
false
app
parseNextSF
AFPParser.java
382
com.mgz.afp.parser.AFPParser
false
app
convertToXml
Afp2Xml.java
469
com.mgz.cli.Afp2Xml
false
app
execute
Afp2Xml.java
376
com.mgz.cli.Afp2Xml
false
app
main
Afp2Xml.java
65
com.mgz.cli.Afp2Xml
false
Invalid triplet length: 0
Invalid triplet length: 0
10
Undefined
AADdjUYCmozykg==
app
parseTriplet
TripletParser.java
205
com.mgz.afp.parser.TripletParser
false
app
parseTriplets
TripletParser.java
133
com.mgz.afp.parser.TripletParser
false
app
decodeAFP
StructuredFieldBaseTriplets.java
84
com.mgz.afp.base.StructuredFieldBaseTriplets
false
app
decodeAFP
IAFPDecodeableWriteable.java
64
com.mgz.afp.exceptions.IAFPDecodeableWriteable
false
app
parseNextSFFromBuffer
AFPParser.java
466
com.mgz.afp.parser.AFPParser
false
app
parseNextSF
AFPParser.java
382
com.mgz.afp.parser.AFPParser
false
app
convertToXml
Afp2Xml.java
469
com.mgz.cli.Afp2Xml
false
app
execute
Afp2Xml.java
376
com.mgz.cli.Afp2Xml
false
app
main
Afp2Xml.java
65
com.mgz.cli.Afp2Xml
false
Invalid triplet length: 0
Invalid triplet length: 0
10
Undefined
AADdjUYCmozykg==
app
parseTriplet
TripletParser.java
205
com.mgz.afp.parser.TripletParser
false
app
parseTriplets
TripletParser.java
133
com.mgz.afp.parser.TripletParser
false
app
decodeAFP
StructuredFieldBaseTriplets.java
84
com.mgz.afp.base.StructuredFieldBaseTriplets
false
app
decodeAFP
IAFPDecodeableWriteable.java
64
com.mgz.afp.exceptions.IAFPDecodeableWriteable
false
app
parseNextSFFromBuffer
AFPParser.java
466
com.mgz.afp.parser.AFPParser
false
app
parseNextSF
AFPParser.java
382
com.mgz.afp.parser.AFPParser
false
app
convertToXml
Afp2Xml.java
469
com.mgz.cli.Afp2Xml
false
app
execute
Afp2Xml.java
376
com.mgz.cli.Afp2Xml
false
app
main
Afp2Xml.java
65
com.mgz.cli.Afp2Xml
false
Invalid triplet length: 0
Invalid triplet length: 0
10
Undefined
AADdjUYCmozykg==
app
parseTriplet
TripletParser.java
205
com.mgz.afp.parser.TripletParser
false
app
parseTriplets
TripletParser.java
133
com.mgz.afp.parser.TripletParser
false
app
decodeAFP
StructuredFieldBaseTriplets.java
84
com.mgz.afp.base.StructuredFieldBaseTriplets
false
app
decodeAFP
IAFPDecodeableWriteable.java
64
com.mgz.afp.exceptions.IAFPDecodeableWriteable
false
app
parseNextSFFromBuffer
AFPParser.java
466
com.mgz.afp.parser.AFPParser
false
app
parseNextSF
AFPParser.java
382
com.mgz.afp.parser.AFPParser
false
app
convertToXml
Afp2Xml.java
469
com.mgz.cli.Afp2Xml
false
app
execute
Afp2Xml.java
376
com.mgz.cli.Afp2Xml
false
app
main
Afp2Xml.java
65
com.mgz.cli.Afp2Xml
false
Invalid triplet length: 0
Invalid triplet length: 0
10
Undefined
AADdjUYCmozykg==
app
parseTriplet
TripletParser.java
205
com.mgz.afp.parser.TripletParser
false
app
parseTriplets
TripletParser.java
133
com.mgz.afp.parser.TripletParser
false
app
decodeAFP
StructuredFieldBaseTriplets.java
84
com.mgz.afp.base.StructuredFieldBaseTriplets
false
app
decodeAFP
IAFPDecodeableWriteable.java
64
com.mgz.afp.exceptions.IAFPDecodeableWriteable
false
app
parseNextSFFromBuffer
AFPParser.java
466
com.mgz.afp.parser.AFPParser
false
app
parseNextSF
AFPParser.java
382
com.mgz.afp.parser.AFPParser
false
app
convertToXml
Afp2Xml.java
469
com.mgz.cli.Afp2Xml
false
app
execute
Afp2Xml.java
376
com.mgz.cli.Afp2Xml
false
app
main
Afp2Xml.java
65
com.mgz.cli.Afp2Xml
false
Invalid triplet length: 0
Invalid triplet length: 0
10
Undefined
AADdjUYCmozykg==
app
parseTriplet
TripletParser.java
205
com.mgz.afp.parser.TripletParser
false
app
parseTriplets
TripletParser.java
133
com.mgz.afp.parser.TripletParser
false
app
decodeAFP
StructuredFieldBaseTriplets.java
84
com.mgz.afp.base.StructuredFieldBaseTriplets
false
app
decodeAFP
IAFPDecodeableWriteable.java
64
com.mgz.afp.exceptions.IAFPDecodeableWriteable
false
app
parseNextSFFromBuffer
AFPParser.java
466
com.mgz.afp.parser.AFPParser
false
app
parseNextSF
AFPParser.java
382
com.mgz.afp.parser.AFPParser
false
app
convertToXml
Afp2Xml.java
469
com.mgz.cli.Afp2Xml
false
app
execute
Afp2Xml.java
376
com.mgz.cli.Afp2Xml
false
app
main
Afp2Xml.java
65
com.mgz.cli.Afp2Xml
false
Invalid triplet length: 0
Invalid triplet length: 0
10
Undefined
AADdjUYCmozykg==
app
parseTriplet
TripletParser.java
205
com.mgz.afp.parser.TripletParser
false
app
parseTriplets
TripletParser.java
133
com.mgz.afp.parser.TripletParser
false
app
decodeAFP
StructuredFieldBaseTriplets.java
84
com.mgz.afp.base.StructuredFieldBaseTriplets
false
app
decodeAFP
IAFPDecodeableWriteable.java
64
com.mgz.afp.exceptions.IAFPDecodeableWriteable
false
app
parseNextSFFromBuffer
AFPParser.java
466
com.mgz.afp.parser.AFPParser
false
app
parseNextSF
AFPParser.java
382
com.mgz.afp.parser.AFPParser
false
app
convertToXml
Afp2Xml.java
469
com.mgz.cli.Afp2Xml
false
app
execute
Afp2Xml.java
376
com.mgz.cli.Afp2Xml
false
app
main
Afp2Xml.java
65
com.mgz.cli.Afp2Xml
false
Invalid triplet length: 0
Invalid triplet length: 0
10
Undefined
AADdjUYCmozykg==
app
parseTriplet
TripletParser.java
205
com.mgz.afp.parser.TripletParser
false
app
parseTriplets
TripletParser.java
133
com.mgz.afp.parser.TripletParser
false
app
decodeAFP
StructuredFieldBaseTriplets.java
84
com.mgz.afp.base.StructuredFieldBaseTriplets
false
app
decodeAFP
IAFPDecodeableWriteable.java
64
com.mgz.afp.exceptions.IAFPDecodeableWriteable
false
app
parseNextSFFromBuffer
AFPParser.java
466
com.mgz.afp.parser.AFPParser
false
app
parseNextSF
AFPParser.java
382
com.mgz.afp.parser.AFPParser
false
app
convertToXml
Afp2Xml.java
469
com.mgz.cli.Afp2Xml
false
app
execute
Afp2Xml.java
376
com.mgz.cli.Afp2Xml
false
app
main
Afp2Xml.java
65
com.mgz.cli.Afp2Xml
false
Invalid triplet length: 0
Invalid triplet length: 0
10
Undefined
AADdjUYCmozykg==
app
parseTriplet
TripletParser.java
205
com.mgz.afp.parser.TripletParser
false
app
parseTriplets
TripletParser.java
133
com.mgz.afp.parser.TripletParser
false
app
decodeAFP
StructuredFieldBaseTriplets.java
84
com.mgz.afp.base.StructuredFieldBaseTriplets
false
app
decodeAFP
IAFPDecodeableWriteable.java
64
com.mgz.afp.exceptions.IAFPDecodeableWriteable
false
app
parseNextSFFromBuffer
AFPParser.java
466
com.mgz.afp.parser.AFPParser
false
app
parseNextSF
AFPParser.java
382
com.mgz.afp.parser.AFPParser
false
app
convertToXml
Afp2Xml.java
469
com.mgz.cli.Afp2Xml
false
app
execute
Afp2Xml.java
376
com.mgz.cli.Afp2Xml
false
app
main
Afp2Xml.java
65
com.mgz.cli.Afp2Xml
false
Invalid triplet length: 0
Invalid triplet length: 0
10
Undefined
AADdjUYCmozykg==
app
parseTriplet
TripletParser.java
205
com.mgz.afp.parser.TripletParser
false
app
parseTriplets
TripletParser.java
133
com.mgz.afp.parser.TripletParser
false
app
decodeAFP
StructuredFieldBaseTriplets.java
84
com.mgz.afp.base.StructuredFieldBaseTriplets
false
app
decodeAFP
IAFPDecodeableWriteable.java
64
com.mgz.afp.exceptions.IAFPDecodeableWriteable
false
app
parseNextSFFromBuffer
AFPParser.java
466
com.mgz.afp.parser.AFPParser
false
app
parseNextSF
AFPParser.java
382
com.mgz.afp.parser.AFPParser
false
app
convertToXml
Afp2Xml.java
469
com.mgz.cli.Afp2Xml
false
app
execute
Afp2Xml.java
376
com.mgz.cli.Afp2Xml
false
app
main
Afp2Xml.java
65
com.mgz.cli.Afp2Xml
false
Invalid triplet length: 0
Invalid triplet length: 0
10
Undefined
AADdjUYCmozykg==
app
parseTriplet
TripletParser.java
205
com.mgz.afp.parser.TripletParser
false
app
parseTriplets
TripletParser.java
133
com.mgz.afp.parser.TripletParser
false
app
decodeAFP
StructuredFieldBaseTriplets.java
84
com.mgz.afp.base.StructuredFieldBaseTriplets
false
app
decodeAFP
IAFPDecodeableWriteable.java
64
com.mgz.afp.exceptions.IAFPDecodeableWriteable
false
app
parseNextSFFromBuffer
AFPParser.java
466
com.mgz.afp.parser.AFPParser
false
app
parseNextSF
AFPParser.java
382
com.mgz.afp.parser.AFPParser
false
app
convertToXml
Afp2Xml.java
469
com.mgz.cli.Afp2Xml
false
app
execute
Afp2Xml.java
376
com.mgz.cli.Afp2Xml
false
app
main
Afp2Xml.java
65
com.mgz.cli.Afp2Xml
false
Invalid triplet length: 0
Invalid triplet length: 0
10
Undefined
AADdjUYCmozykg==
app
parseTriplet
TripletParser.java
205
com.mgz.afp.parser.TripletParser
false
app
parseTriplets
TripletParser.java
133
com.mgz.afp.parser.TripletParser
false
app
decodeAFP
StructuredFieldBaseTriplets.java
84
com.mgz.afp.base.StructuredFieldBaseTriplets
false
app
decodeAFP
IAFPDecodeableWriteable.java
64
com.mgz.afp.exceptions.IAFPDecodeableWriteable
false
app
parseNextSFFromBuffer
AFPParser.java
466
com.mgz.afp.parser.AFPParser
false
app
parseNextSF
AFPParser.java
382
com.mgz.afp.parser.AFPParser
false
app
convertToXml
Afp2Xml.java
469
com.mgz.cli.Afp2Xml
false
app
execute
Afp2Xml.java
376
com.mgz.cli.Afp2Xml
false
app
main
Afp2Xml.java
65
com.mgz.cli.Afp2Xml
false
Invalid triplet length: 0
Invalid triplet length: 0
10
Undefined
AADdjUYCmozykg==
app
parseTriplet
TripletParser.java
205
com.mgz.afp.parser.TripletParser
false
app
parseTriplets
TripletParser.java
133
com.mgz.afp.parser.TripletParser
false
app
decodeAFP
StructuredFieldBaseTriplets.java
84
com.mgz.afp.base.StructuredFieldBaseTriplets
false
app
decodeAFP
IAFPDecodeableWriteable.java
64
com.mgz.afp.exceptions.IAFPDecodeableWriteable
false
app
parseNextSFFromBuffer
AFPParser.java
466
com.mgz.afp.parser.AFPParser
false
app
parseNextSF
AFPParser.java
382
com.mgz.afp.parser.AFPParser
false
app
convertToXml
Afp2Xml.java
469
com.mgz.cli.Afp2Xml
false
app
execute
Afp2Xml.java
376
com.mgz.cli.Afp2Xml
false
app
main
Afp2Xml.java
65
com.mgz.cli.Afp2Xml
false
Invalid triplet length: 0
Invalid triplet length: 0
10
Undefined
AADdjUYCmozykg==
app
parseTriplet
TripletParser.java
205
com.mgz.afp.parser.TripletParser
false
app
parseTriplets
TripletParser.java
133
com.mgz.afp.parser.TripletParser
false
app
decodeAFP
StructuredFieldBaseTriplets.java
84
com.mgz.afp.base.StructuredFieldBaseTriplets
false
app
decodeAFP
IAFPDecodeableWriteable.java
64
com.mgz.afp.exceptions.IAFPDecodeableWriteable
false
app
parseNextSFFromBuffer
AFPParser.java
466
com.mgz.afp.parser.AFPParser
false
app
parseNextSF
AFPParser.java
382
com.mgz.afp.parser.AFPParser
false
app
convertToXml
Afp2Xml.java
469
com.mgz.cli.Afp2Xml
false
app
execute
Afp2Xml.java
376
com.mgz.cli.Afp2Xml
false
app
main
Afp2Xml.java
65
com.mgz.cli.Afp2Xml
false
Invalid triplet length: 0
Invalid triplet length: 0
10
Undefined
AADdjUYCmozykg==
app
parseTriplet
TripletParser.java
205
com.mgz.afp.parser.TripletParser
false
app
parseTriplets
TripletParser.java
133
com.mgz.afp.parser.TripletParser
false
app
decodeAFP
StructuredFieldBaseTriplets.java
84
com.mgz.afp.base.StructuredFieldBaseTriplets
false
app
decodeAFP
IAFPDecodeableWriteable.java
64
com.mgz.afp.exceptions.IAFPDecodeableWriteable
false
app
parseNextSFFromBuffer
AFPParser.java
466
com.mgz.afp.parser.AFPParser
false
app
parseNextSF
AFPParser.java
382
com.mgz.afp.parser.AFPParser
false
app
convertToXml
Afp2Xml.java
469
com.mgz.cli.Afp2Xml
false
app
execute
Afp2Xml.java
376
com.mgz.cli.Afp2Xml
false
app
main
Afp2Xml.java
65
com.mgz.cli.Afp2Xml
false
Invalid triplet length: 0
Invalid triplet length: 0
10
Undefined
AADdjUYCmozykg==
app
parseTriplet
TripletParser.java
205
com.mgz.afp.parser.TripletParser
false
app
parseTriplets
TripletParser.java
133
com.mgz.afp.parser.TripletParser
false
app
decodeAFP
StructuredFieldBaseTriplets.java
84
com.mgz.afp.base.StructuredFieldBaseTriplets
false
app
decodeAFP
IAFPDecodeableWriteable.java
64
com.mgz.afp.exceptions.IAFPDecodeableWriteable
false
app
parseNextSFFromBuffer
AFPParser.java
466
com.mgz.afp.parser.AFPParser
false
app
parseNextSF
AFPParser.java
382
com.mgz.afp.parser.AFPParser
false
app
convertToXml
Afp2Xml.java
469
com.mgz.cli.Afp2Xml
false
app
execute
Afp2Xml.java
376
com.mgz.cli.Afp2Xml
false
app
main
Afp2Xml.java
65
com.mgz.cli.Afp2Xml
false
Invalid triplet length: 0
Invalid triplet length: 0
10
Undefined
AADdjUYCmozykg==
app
parseTriplet
TripletParser.java
205
com.mgz.afp.parser.TripletParser
false
app
parseTriplets
TripletParser.java
133
com.mgz.afp.parser.TripletParser
false
app
decodeAFP
StructuredFieldBaseTriplets.java
84
com.mgz.afp.base.StructuredFieldBaseTriplets
false
app
decodeAFP
IAFPDecodeableWriteable.java
64
com.mgz.afp.exceptions.IAFPDecodeableWriteable
false
app
parseNextSFFromBuffer
AFPParser.java
466
com.mgz.afp.parser.AFPParser
false
app
parseNextSF
AFPParser.java
382
com.mgz.afp.parser.AFPParser
false
app
convertToXml
Afp2Xml.java
469
com.mgz.cli.Afp2Xml
false
app
execute
Afp2Xml.java
376
com.mgz.cli.Afp2Xml
false
app
main
Afp2Xml.java
65
com.mgz.cli.Afp2Xml
false
Invalid triplet length: 0
Invalid triplet length: 0
10
Undefined
AADdjUYCmozykg==
app
parseTriplet
TripletParser.java
205
com.mgz.afp.parser.TripletParser
false
app
parseTriplets
TripletParser.java
133
com.mgz.afp.parser.TripletParser
false
app
decodeAFP
StructuredFieldBaseTriplets.java
84
com.mgz.afp.base.StructuredFieldBaseTriplets
false
app
decodeAFP
IAFPDecodeableWriteable.java
64
com.mgz.afp.exceptions.IAFPDecodeableWriteable
false
app
parseNextSFFromBuffer
AFPParser.java
466
com.mgz.afp.parser.AFPParser
false
app
parseNextSF
AFPParser.java
382
com.mgz.afp.parser.AFPParser
false
app
convertToXml
Afp2Xml.java
469
com.mgz.cli.Afp2Xml
false
app
execute
Afp2Xml.java
376
com.mgz.cli.Afp2Xml
false
app
main
Afp2Xml.java
65
com.mgz.cli.Afp2Xml
false
Invalid triplet length: 0
Invalid triplet length: 0
10
Undefined
AADdjUYCmozykg==
app
parseTriplet
TripletParser.java
205
com.mgz.afp.parser.TripletParser
false
app
parseTriplets
TripletParser.java
133
com.mgz.afp.parser.TripletParser
false
app
decodeAFP
StructuredFieldBaseTriplets.java
84
com.mgz.afp.base.StructuredFieldBaseTriplets
false
app
decodeAFP
IAFPDecodeableWriteable.java
64
com.mgz.afp.exceptions.IAFPDecodeableWriteable
false
app
parseNextSFFromBuffer
AFPParser.java
466
com.mgz.afp.parser.AFPParser
false
app
parseNextSF
AFPParser.java
382
com.mgz.afp.parser.AFPParser
false
app
convertToXml
Afp2Xml.java
469
com.mgz.cli.Afp2Xml
false
app
execute
Afp2Xml.java
376
com.mgz.cli.Afp2Xml
false
app
main
Afp2Xml.java
65
com.mgz.cli.Afp2Xml
false
Invalid triplet length: 0
Invalid triplet length: 0
10
Undefined
AADdjUYCmozykg==
app
parseTriplet
TripletParser.java
205
com.mgz.afp.parser.TripletParser
false
app
parseTriplets
TripletParser.java
133
com.mgz.afp.parser.TripletParser
false
app
decodeAFP
StructuredFieldBaseTriplets.java
84
com.mgz.afp.base.StructuredFieldBaseTriplets
false
app
decodeAFP
IAFPDecodeableWriteable.java
64
com.mgz.afp.exceptions.IAFPDecodeableWriteable
false
app
parseNextSFFromBuffer
AFPParser.java
466
com.mgz.afp.parser.AFPParser
false
app
parseNextSF
AFPParser.java
382
com.mgz.afp.parser.AFPParser
false
app
convertToXml
Afp2Xml.java
469
com.mgz.cli.Afp2Xml
false
app
execute
Afp2Xml.java
376
com.mgz.cli.Afp2Xml
false
app
main
Afp2Xml.java
65
com.mgz.cli.Afp2Xml
false
Invalid triplet length: 0
Invalid triplet length: 0
10
Undefined
AADdjUYCmozykg==
app
parseTriplet
TripletParser.java
205
com.mgz.afp.parser.TripletParser
false
app
parseTriplets
TripletParser.java
133
com.mgz.afp.parser.TripletParser
false
app
decodeAFP
StructuredFieldBaseTriplets.java
84
com.mgz.afp.base.StructuredFieldBaseTriplets
false
app
decodeAFP
IAFPDecodeableWriteable.java
64
com.mgz.afp.exceptions.IAFPDecodeableWriteable
false
app
parseNextSFFromBuffer
AFPParser.java
466
com.mgz.afp.parser.AFPParser
false
app
parseNextSF
AFPParser.java
382
com.mgz.afp.parser.AFPParser
false
app
convertToXml
Afp2Xml.java
469
com.mgz.cli.Afp2Xml
false
app
execute
Afp2Xml.java
376
com.mgz.cli.Afp2Xml
false
app
main
Afp2Xml.java
65
com.mgz.cli.Afp2Xml
false
Invalid triplet length: 0
Invalid triplet length: 0
10
Undefined
AADdjUYCmozykg==
app
parseTriplet
TripletParser.java
205
com.mgz.afp.parser.TripletParser
false
app
parseTriplets
TripletParser.java
133
com.mgz.afp.parser.TripletParser
false
app
decodeAFP
StructuredFieldBaseTriplets.java
84
com.mgz.afp.base.StructuredFieldBaseTriplets
false
app
decodeAFP
IAFPDecodeableWriteable.java
64
com.mgz.afp.exceptions.IAFPDecodeableWriteable
false
app
parseNextSFFromBuffer
AFPParser.java
466
com.mgz.afp.parser.AFPParser
false
app
parseNextSF
AFPParser.java
382
com.mgz.afp.parser.AFPParser
false
app
convertToXml
Afp2Xml.java
469
com.mgz.cli.Afp2Xml
false
app
execute
Afp2Xml.java
376
com.mgz.cli.Afp2Xml
false
app
main
Afp2Xml.java
65
com.mgz.cli.Afp2Xml
false
Invalid triplet length: 0
Invalid triplet length: 0
10
Undefined
AADdjUYCmozykg==
app
parseTriplet
TripletParser.java
205
com.mgz.afp.parser.TripletParser
false
app
parseTriplets
TripletParser.java
133
com.mgz.afp.parser.TripletParser
false
app
decodeAFP
StructuredFieldBaseTriplets.java
84
com.mgz.afp.base.StructuredFieldBaseTriplets
false
app
decodeAFP
IAFPDecodeableWriteable.java
64
com.mgz.afp.exceptions.IAFPDecodeableWriteable
false
app
parseNextSFFromBuffer
AFPParser.java
466
com.mgz.afp.parser.AFPParser
false
app
parseNextSF
AFPParser.java
382
com.mgz.afp.parser.AFPParser
false
app
convertToXml
Afp2Xml.java
469
com.mgz.cli.Afp2Xml
false
app
execute
Afp2Xml.java
376
com.mgz.cli.Afp2Xml
false
app
main
Afp2Xml.java
65
com.mgz.cli.Afp2Xml
false
Invalid triplet length: 0
Invalid triplet length: 0
10
Undefined
AADdjUYCmozykg==
app
parseTriplet
TripletParser.java
205
com.mgz.afp.parser.TripletParser
false
app
parseTriplets
TripletParser.java
133
com.mgz.afp.parser.TripletParser
false
app
decodeAFP
StructuredFieldBaseTriplets.java
84
com.mgz.afp.base.StructuredFieldBaseTriplets
false
app
decodeAFP
IAFPDecodeableWriteable.java
64
com.mgz.afp.exceptions.IAFPDecodeableWriteable
false
app
parseNextSFFromBuffer
AFPParser.java
466
com.mgz.afp.parser.AFPParser
false
app
parseNextSF
AFPParser.java
382
com.mgz.afp.parser.AFPParser
false
app
convertToXml
Afp2Xml.java
469
com.mgz.cli.Afp2Xml
false
app
execute
Afp2Xml.java
376
com.mgz.cli.Afp2Xml
false
app
main
Afp2Xml.java
65
com.mgz.cli.Afp2Xml
false
Invalid triplet length: 0
Invalid triplet length: 0
10
Undefined
AADdjUYCmozykg==
app
parseTriplet
TripletParser.java
205
com.mgz.afp.parser.TripletParser
false
app
parseTriplets
TripletParser.java
133
com.mgz.afp.parser.TripletParser
false
app
decodeAFP
StructuredFieldBaseTriplets.java
84
com.mgz.afp.base.StructuredFieldBaseTriplets
false
app
decodeAFP
IAFPDecodeableWriteable.java
64
com.mgz.afp.exceptions.IAFPDecodeableWriteable
false
app
parseNextSFFromBuffer
AFPParser.java
466
com.mgz.afp.parser.AFPParser
false
app
parseNextSF
AFPParser.java
382
com.mgz.afp.parser.AFPParser
false
app
convertToXml
Afp2Xml.java
469
com.mgz.cli.Afp2Xml
false
app
execute
Afp2Xml.java
376
com.mgz.cli.Afp2Xml
false
app
main
Afp2Xml.java
65
com.mgz.cli.Afp2Xml
false
Invalid triplet length: 0
Invalid triplet length: 0
10
Undefined
AADdjUYCmozykg==
app
parseTriplet
TripletParser.java
205
com.mgz.afp.parser.TripletParser
false
app
parseTriplets
TripletParser.java
133
com.mgz.afp.parser.TripletParser
false
app
decodeAFP
StructuredFieldBaseTriplets.java
84
com.mgz.afp.base.StructuredFieldBaseTriplets
false
app
decodeAFP
IAFPDecodeableWriteable.java
64
com.mgz.afp.exceptions.IAFPDecodeableWriteable
false
app
parseNextSFFromBuffer
AFPParser.java
466
com.mgz.afp.parser.AFPParser
false
app
parseNextSF
AFPParser.java
382
com.mgz.afp.parser.AFPParser
false
app
convertToXml
Afp2Xml.java
469
com.mgz.cli.Afp2Xml
false
app
execute
Afp2Xml.java
376
com.mgz.cli.Afp2Xml
false
app
main
Afp2Xml.java
65
com.mgz.cli.Afp2Xml
false
Invalid triplet length: 0
Invalid triplet length: 0
10
Undefined
AADdjUYCmozykg==
app
parseTriplet
TripletParser.java
205
com.mgz.afp.parser.TripletParser
false
app
parseTriplets
TripletParser.java
133
com.mgz.afp.parser.TripletParser
false
app
decodeAFP
StructuredFieldBaseTriplets.java
84
com.mgz.afp.base.StructuredFieldBaseTriplets
false
app
decodeAFP
IAFPDecodeableWriteable.java
64
com.mgz.afp.exceptions.IAFPDecodeableWriteable
false
app
parseNextSFFromBuffer
AFPParser.java
466
com.mgz.afp.parser.AFPParser
false
app
parseNextSF
AFPParser.java
382
com.mgz.afp.parser.AFPParser
false
app
convertToXml
Afp2Xml.java
469
com.mgz.cli.Afp2Xml
false
app
execute
Afp2Xml.java
376
com.mgz.cli.Afp2Xml
false
app
main
Afp2Xml.java
65
com.mgz.cli.Afp2Xml
false
Invalid triplet length: 0
Invalid triplet length: 0
10
Undefined
AADdjUYCmozykg==
app
parseTriplet
TripletParser.java
205
com.mgz.afp.parser.TripletParser
false
app
parseTriplets
TripletParser.java
133
com.mgz.afp.parser.TripletParser
false
app
decodeAFP
StructuredFieldBaseTriplets.java
84
com.mgz.afp.base.StructuredFieldBaseTriplets
false
app
decodeAFP
IAFPDecodeableWriteable.java
64
com.mgz.afp.exceptions.IAFPDecodeableWriteable
false
app
parseNextSFFromBuffer
AFPParser.java
466
com.mgz.afp.parser.AFPParser
false
app
parseNextSF
AFPParser.java
382
com.mgz.afp.parser.AFPParser
false
app
convertToXml
Afp2Xml.java
469
com.mgz.cli.Afp2Xml
false
app
execute
Afp2Xml.java
376
com.mgz.cli.Afp2Xml
false
app
main
Afp2Xml.java
65
com.mgz.cli.Afp2Xml
false
Invalid triplet length: 0
Invalid triplet length: 0
10
Undefined
AADdjUYCmozykg==
app
parseTriplet
TripletParser.java
205
com.mgz.afp.parser.TripletParser
false
app
parseTriplets
TripletParser.java
133
com.mgz.afp.parser.TripletParser
false
app
decodeAFP
StructuredFieldBaseTriplets.java
84
com.mgz.afp.base.StructuredFieldBaseTriplets
false
app
decodeAFP
IAFPDecodeableWriteable.java
64
com.mgz.afp.exceptions.IAFPDecodeableWriteable
false
app
parseNextSFFromBuffer
AFPParser.java
466
com.mgz.afp.parser.AFPParser
false
app
parseNextSF
AFPParser.java
382
com.mgz.afp.parser.AFPParser
false
app
convertToXml
Afp2Xml.java
469
com.mgz.cli.Afp2Xml
false
app
execute
Afp2Xml.java
376
com.mgz.cli.Afp2Xml
false
app
main
Afp2Xml.java
65
com.mgz.cli.Afp2Xml
false
Invalid triplet length: 0
Invalid triplet length: 0
10
Undefined
AADdjUYCmozykg==
app
parseTriplet
TripletParser.java
205
com.mgz.afp.parser.TripletParser
false
app
parseTriplets
TripletParser.java
133
com.mgz.afp.parser.TripletParser
false
app
decodeAFP
StructuredFieldBaseTriplets.java
84
com.mgz.afp.base.StructuredFieldBaseTriplets
false
app
decodeAFP
IAFPDecodeableWriteable.java
64
com.mgz.afp.exceptions.IAFPDecodeableWriteable
false
app
parseNextSFFromBuffer
AFPParser.java
466
com.mgz.afp.parser.AFPParser
false
app
parseNextSF
AFPParser.java
382
com.mgz.afp.parser.AFPParser
false
app
convertToXml
Afp2Xml.java
469
com.mgz.cli.Afp2Xml
false
app
execute
Afp2Xml.java
376
com.mgz.cli.Afp2Xml
false
app
main
Afp2Xml.java
65
com.mgz.cli.Afp2Xml
false
Invalid triplet length: 0
Invalid triplet length: 0
10
Undefined
AADdjUYCmozykg==
app
parseTriplet
TripletParser.java
205
com.mgz.afp.parser.TripletParser
false
app
parseTriplets
TripletParser.java
133
com.mgz.afp.parser.TripletParser
false
app
decodeAFP
StructuredFieldBaseTriplets.java
84
com.mgz.afp.base.StructuredFieldBaseTriplets
false
app
decodeAFP
IAFPDecodeableWriteable.java
64
com.mgz.afp.exceptions.IAFPDecodeableWriteable
false
app
parseNextSFFromBuffer
AFPParser.java
466
com.mgz.afp.parser.AFPParser
false
app
parseNextSF
AFPParser.java
382
com.mgz.afp.parser.AFPParser
false
app
convertToXml
Afp2Xml.java
469
com.mgz.cli.Afp2Xml
false
app
execute
Afp2Xml.java
376
com.mgz.cli.Afp2Xml
false
app
main
Afp2Xml.java
65
com.mgz.cli.Afp2Xml
false
Invalid triplet length: 0
Invalid triplet length: 0
10
Undefined
AADdjUYCmozykg==
app
parseTriplet
TripletParser.java
205
com.mgz.afp.parser.TripletParser
false
app
parseTriplets
TripletParser.java
133
com.mgz.afp.parser.TripletParser
false
app
decodeAFP
StructuredFieldBaseTriplets.java
84
com.mgz.afp.base.StructuredFieldBaseTriplets
false
app
decodeAFP
IAFPDecodeableWriteable.java
64
com.mgz.afp.exceptions.IAFPDecodeableWriteable
false
app
parseNextSFFromBuffer
AFPParser.java
466
com.mgz.afp.parser.AFPParser
false
app
parseNextSF
AFPParser.java
382
com.mgz.afp.parser.AFPParser
false
app
convertToXml
Afp2Xml.java
469
com.mgz.cli.Afp2Xml
false
app
execute
Afp2Xml.java
376
com.mgz.cli.Afp2Xml
false
app
main
Afp2Xml.java
65
com.mgz.cli.Afp2Xml
false
Invalid triplet length: 0
Invalid triplet length: 0
10
Undefined
AADdjUYCmozykg==
app
parseTriplet
TripletParser.java
205
com.mgz.afp.parser.TripletParser
false
app
parseTriplets
TripletParser.java
133
com.mgz.afp.parser.TripletParser
false
app
decodeAFP
StructuredFieldBaseTriplets.java
84
com.mgz.afp.base.StructuredFieldBaseTriplets
false
app
decodeAFP
IAFPDecodeableWriteable.java
64
com.mgz.afp.exceptions.IAFPDecodeableWriteable
false
app
parseNextSFFromBuffer
AFPParser.java
466
com.mgz.afp.parser.AFPParser
false
app
parseNextSF
AFPParser.java
382
com.mgz.afp.parser.AFPParser
false
app
convertToXml
Afp2Xml.java
469
com.mgz.cli.Afp2Xml
false
app
execute
Afp2Xml.java
376
com.mgz.cli.Afp2Xml
false
app
main
Afp2Xml.java
65
com.mgz.cli.Afp2Xml
false
Invalid triplet length: 0
Invalid triplet length: 0
10
Undefined
AADdjUYCmozykg==
app
parseTriplet
TripletParser.java
205
com.mgz.afp.parser.TripletParser
false
app
parseTriplets
TripletParser.java
133
com.mgz.afp.parser.TripletParser
false
app
decodeAFP
StructuredFieldBaseTriplets.java
84
com.mgz.afp.base.StructuredFieldBaseTriplets
false
app
decodeAFP
IAFPDecodeableWriteable.java
64
com.mgz.afp.exceptions.IAFPDecodeableWriteable
false
app
parseNextSFFromBuffer
AFPParser.java
466
com.mgz.afp.parser.AFPParser
false
app
parseNextSF
AFPParser.java
382
com.mgz.afp.parser.AFPParser
false
app
convertToXml
Afp2Xml.java
469
com.mgz.cli.Afp2Xml
false
app
execute
Afp2Xml.java
376
com.mgz.cli.Afp2Xml
false
app
main
Afp2Xml.java
65
com.mgz.cli.Afp2Xml
false
Invalid triplet length: 0
Invalid triplet length: 0
10
Undefined
AADdjUYCmozykg==
app
parseTriplet
TripletParser.java
205
com.mgz.afp.parser.TripletParser
false
app
parseTriplets
TripletParser.java
133
com.mgz.afp.parser.TripletParser
false
app
decodeAFP
StructuredFieldBaseTriplets.java
84
com.mgz.afp.base.StructuredFieldBaseTriplets
false
app
decodeAFP
IAFPDecodeableWriteable.java
64
com.mgz.afp.exceptions.IAFPDecodeableWriteable
false
app
parseNextSFFromBuffer
AFPParser.java
466
com.mgz.afp.parser.AFPParser
false
app
parseNextSF
AFPParser.java
382
com.mgz.afp.parser.AFPParser
false
app
convertToXml
Afp2Xml.java
469
com.mgz.cli.Afp2Xml
false
app
execute
Afp2Xml.java
376
com.mgz.cli.Afp2Xml
false
app
main
Afp2Xml.java
65
com.mgz.cli.Afp2Xml
false
Invalid triplet length: 0
Invalid triplet length: 0
10
Undefined
AADdjUYCmozykg==
app
parseTriplet
TripletParser.java
205
com.mgz.afp.parser.TripletParser
false
app
parseTriplets
TripletParser.java
133
com.mgz.afp.parser.TripletParser
false
app
decodeAFP
StructuredFieldBaseTriplets.java
84
com.mgz.afp.base.StructuredFieldBaseTriplets
false
app
decodeAFP
IAFPDecodeableWriteable.java
64
com.mgz.afp.exceptions.IAFPDecodeableWriteable
false
app
parseNextSFFromBuffer
AFPParser.java
466
com.mgz.afp.parser.AFPParser
false
app
parseNextSF
AFPParser.java
382
com.mgz.afp.parser.AFPParser
false
app
convertToXml
Afp2Xml.java
469
com.mgz.cli.Afp2Xml
false
app
execute
Afp2Xml.java
376
com.mgz.cli.Afp2Xml
false
app
main
Afp2Xml.java
65
com.mgz.cli.Afp2Xml
false
Invalid triplet length: 0
Invalid triplet length: 0
10
Undefined
AADdjUYCmozykg==
app
parseTriplet
TripletParser.java
205
com.mgz.afp.parser.TripletParser
false
app
parseTriplets
TripletParser.java
133
com.mgz.afp.parser.TripletParser
false
app
decodeAFP
StructuredFieldBaseTriplets.java
84
com.mgz.afp.base.StructuredFieldBaseTriplets
false
app
decodeAFP
IAFPDecodeableWriteable.java
64
com.mgz.afp.exceptions.IAFPDecodeableWriteable
false
app
parseNextSFFromBuffer
AFPParser.java
466
com.mgz.afp.parser.AFPParser
false
app
parseNextSF
AFPParser.java
382
com.mgz.afp.parser.AFPParser
false
app
convertToXml
Afp2Xml.java
469
com.mgz.cli.Afp2Xml
false
app
execute
Afp2Xml.java
376
com.mgz.cli.Afp2Xml
false
app
main
Afp2Xml.java
65
com.mgz.cli.Afp2Xml
false
Invalid triplet length: 0
Invalid triplet length: 0
10
Undefined
AADdjUYCmozykg==
app
parseTriplet
TripletParser.java
205
com.mgz.afp.parser.TripletParser
false
app
parseTriplets
TripletParser.java
133
com.mgz.afp.parser.TripletParser
false
app
decodeAFP
StructuredFieldBaseTriplets.java
84
com.mgz.afp.base.StructuredFieldBaseTriplets
false
app
decodeAFP
IAFPDecodeableWriteable.java
64
com.mgz.afp.exceptions.IAFPDecodeableWriteable
false
app
parseNextSFFromBuffer
AFPParser.java
466
com.mgz.afp.parser.AFPParser
false
app
parseNextSF
AFPParser.java
382
com.mgz.afp.parser.AFPParser
false
app
convertToXml
Afp2Xml.java
469
com.mgz.cli.Afp2Xml
false
app
execute
Afp2Xml.java
376
com.mgz.cli.Afp2Xml
false
app
main
Afp2Xml.java
65
com.mgz.cli.Afp2Xml
false
Invalid triplet length: 0
Invalid triplet length: 0
10
Undefined
AADdjUYCmozykg==
app
parseTriplet
TripletParser.java
205
com.mgz.afp.parser.TripletParser
false
app
parseTriplets
TripletParser.java
133
com.mgz.afp.parser.TripletParser
false
app
decodeAFP
StructuredFieldBaseTriplets.java
84
com.mgz.afp.base.StructuredFieldBaseTriplets
false
app
decodeAFP
IAFPDecodeableWriteable.java
64
com.mgz.afp.exceptions.IAFPDecodeableWriteable
false
app
parseNextSFFromBuffer
AFPParser.java
466
com.mgz.afp.parser.AFPParser
false
app
parseNextSF
AFPParser.java
382
com.mgz.afp.parser.AFPParser
false
app
convertToXml
Afp2Xml.java
469
com.mgz.cli.Afp2Xml
false
app
execute
Afp2Xml.java
376
com.mgz.cli.Afp2Xml
false
app
main
Afp2Xml.java
65
com.mgz.cli.Afp2Xml
false
Invalid triplet length: 0
Invalid triplet length: 0
10
Undefined
AADdjUYCmozykg==
app
parseTriplet
TripletParser.java
205
com.mgz.afp.parser.TripletParser
false
app
parseTriplets
TripletParser.java
133
com.mgz.afp.parser.TripletParser
false
app
decodeAFP
StructuredFieldBaseTriplets.java
84
com.mgz.afp.base.StructuredFieldBaseTriplets
false
app
decodeAFP
IAFPDecodeableWriteable.java
64
com.mgz.afp.exceptions.IAFPDecodeableWriteable
false
app
parseNextSFFromBuffer
AFPParser.java
466
com.mgz.afp.parser.AFPParser
false
app
parseNextSF
AFPParser.java
382
com.mgz.afp.parser.AFPParser
false
app
convertToXml
Afp2Xml.java
469
com.mgz.cli.Afp2Xml
false
app
execute
Afp2Xml.java
376
com.mgz.cli.Afp2Xml
false
app
main
Afp2Xml.java
65
com.mgz.cli.Afp2Xml
false
Invalid triplet length: 0
Invalid triplet length: 0
10
Undefined
AADdjUYCmozykg==
app
parseTriplet
TripletParser.java
205
com.mgz.afp.parser.TripletParser
false
app
parseTriplets
TripletParser.java
133
com.mgz.afp.parser.TripletParser
false
app
decodeAFP
StructuredFieldBaseTriplets.java
84
com.mgz.afp.base.StructuredFieldBaseTriplets
false
app
decodeAFP
IAFPDecodeableWriteable.java
64
com.mgz.afp.exceptions.IAFPDecodeableWriteable
false
app
parseNextSFFromBuffer
AFPParser.java
466
com.mgz.afp.parser.AFPParser
false
app
parseNextSF
AFPParser.java
382
com.mgz.afp.parser.AFPParser
false
app
convertToXml
Afp2Xml.java
469
com.mgz.cli.Afp2Xml
false
app
execute
Afp2Xml.java
376
com.mgz.cli.Afp2Xml
false
app
main
Afp2Xml.java
65
com.mgz.cli.Afp2Xml
false
Invalid triplet length: 0
Invalid triplet length: 0
10
Undefined
AADdjUYCmozykg==
app
parseTriplet
TripletParser.java
205
com.mgz.afp.parser.TripletParser
false
app
parseTriplets
TripletParser.java
133
com.mgz.afp.parser.TripletParser
false
app
decodeAFP
StructuredFieldBaseTriplets.java
84
com.mgz.afp.base.StructuredFieldBaseTriplets
false
app
decodeAFP
IAFPDecodeableWriteable.java
64
com.mgz.afp.exceptions.IAFPDecodeableWriteable
false
app
parseNextSFFromBuffer
AFPParser.java
466
com.mgz.afp.parser.AFPParser
false
app
parseNextSF
AFPParser.java
382
com.mgz.afp.parser.AFPParser
false
app
convertToXml
Afp2Xml.java
469
com.mgz.cli.Afp2Xml
false
app
execute
Afp2Xml.java
376
com.mgz.cli.Afp2Xml
false
app
main
Afp2Xml.java
65
com.mgz.cli.Afp2Xml
false
Invalid triplet length: 0
Invalid triplet length: 0
10
Undefined
AADdjUYCmozykg==
app
parseTriplet
TripletParser.java
205
com.mgz.afp.parser.TripletParser
false
app
parseTriplets
TripletParser.java
133
com.mgz.afp.parser.TripletParser
false
app
decodeAFP
StructuredFieldBaseTriplets.java
84
com.mgz.afp.base.StructuredFieldBaseTriplets
false
app
decodeAFP
IAFPDecodeableWriteable.java
64
com.mgz.afp.exceptions.IAFPDecodeableWriteable
false
app
parseNextSFFromBuffer
AFPParser.java
466
com.mgz.afp.parser.AFPParser
false
app
parseNextSF
AFPParser.java
382
com.mgz.afp.parser.AFPParser
false
app
convertToXml
Afp2Xml.java
469
com.mgz.cli.Afp2Xml
false
app
execute
Afp2Xml.java
376
com.mgz.cli.Afp2Xml
false
app
main
Afp2Xml.java
65
com.mgz.cli.Afp2Xml
false
Invalid triplet length: 0
Invalid triplet length: 0
10
Undefined
AADdjUYCmozykg==
app
parseTriplet
TripletParser.java
205
com.mgz.afp.parser.TripletParser
false
app
parseTriplets
TripletParser.java
133
com.mgz.afp.parser.TripletParser
false
app
decodeAFP
StructuredFieldBaseTriplets.java
84
com.mgz.afp.base.StructuredFieldBaseTriplets
false
app
decodeAFP
IAFPDecodeableWriteable.java
64
com.mgz.afp.exceptions.IAFPDecodeableWriteable
false
app
parseNextSFFromBuffer
AFPParser.java
466
com.mgz.afp.parser.AFPParser
false
app
parseNextSF
AFPParser.java
382
com.mgz.afp.parser.AFPParser
false
app
convertToXml
Afp2Xml.java
469
com.mgz.cli.Afp2Xml
false
app
execute
Afp2Xml.java
376
com.mgz.cli.Afp2Xml
false
app
main
Afp2Xml.java
65
com.mgz.cli.Afp2Xml
false
Invalid triplet length: 0
Invalid triplet length: 0
10
Undefined
AADdjUYCmozykg==
app
parseTriplet
TripletParser.java
205
com.mgz.afp.parser.TripletParser
false
app
parseTriplets
TripletParser.java
133
com.mgz.afp.parser.TripletParser
false
app
decodeAFP
StructuredFieldBaseTriplets.java
84
com.mgz.afp.base.StructuredFieldBaseTriplets
false
app
decodeAFP
IAFPDecodeableWriteable.java
64
com.mgz.afp.exceptions.IAFPDecodeableWriteable
false
app
parseNextSFFromBuffer
AFPParser.java
466
com.mgz.afp.parser.AFPParser
false
app
parseNextSF
AFPParser.java
382
com.mgz.afp.parser.AFPParser
false
app
convertToXml
Afp2Xml.java
469
com.mgz.cli.Afp2Xml
false
app
execute
Afp2Xml.java
376
com.mgz.cli.Afp2Xml
false
app
main
Afp2Xml.java
65
com.mgz.cli.Afp2Xml
false
Invalid triplet length: 0
Invalid triplet length: 0
10
Undefined
AADdjUYCmozykg==
app
parseTriplet
TripletParser.java
205
com.mgz.afp.parser.TripletParser
false
app
parseTriplets
TripletParser.java
133
com.mgz.afp.parser.TripletParser
false
app
decodeAFP
StructuredFieldBaseTriplets.java
84
com.mgz.afp.base.StructuredFieldBaseTriplets
false
app
decodeAFP
IAFPDecodeableWriteable.java
64
com.mgz.afp.exceptions.IAFPDecodeableWriteable
false
app
parseNextSFFromBuffer
AFPParser.java
466
com.mgz.afp.parser.AFPParser
false
app
parseNextSF
AFPParser.java
382
com.mgz.afp.parser.AFPParser
false
app
convertToXml
Afp2Xml.java
469
com.mgz.cli.Afp2Xml
false
app
execute
Afp2Xml.java
376
com.mgz.cli.Afp2Xml
false
app
main
Afp2Xml.java
65
com.mgz.cli.Afp2Xml
false
Invalid triplet length: 0
Invalid triplet length: 0
10
Undefined
AADdjUYCmozykg==
app
parseTriplet
TripletParser.java
205
com.mgz.afp.parser.TripletParser
false
app
parseTriplets
TripletParser.java
133
com.mgz.afp.parser.TripletParser
false
app
decodeAFP
StructuredFieldBaseTriplets.java
84
com.mgz.afp.base.StructuredFieldBaseTriplets
false
app
decodeAFP
IAFPDecodeableWriteable.java
64
com.mgz.afp.exceptions.IAFPDecodeableWriteable
false
app
parseNextSFFromBuffer
AFPParser.java
466
com.mgz.afp.parser.AFPParser
false
app
parseNextSF
AFPParser.java
382
com.mgz.afp.parser.AFPParser
false
app
convertToXml
Afp2Xml.java
469
com.mgz.cli.Afp2Xml
false
app
execute
Afp2Xml.java
376
com.mgz.cli.Afp2Xml
false
app
main
Afp2Xml.java
65
com.mgz.cli.Afp2Xml
false
Invalid triplet length: 0
Invalid triplet length: 0
10
Undefined
AADdjUYCmozykg==
app
parseTriplet
TripletParser.java
205
com.mgz.afp.parser.TripletParser
false
app
parseTriplets
TripletParser.java
133
com.mgz.afp.parser.TripletParser
false
app
decodeAFP
StructuredFieldBaseTriplets.java
84
com.mgz.afp.base.StructuredFieldBaseTriplets
false
app
decodeAFP
IAFPDecodeableWriteable.java
64
com.mgz.afp.exceptions.IAFPDecodeableWriteable
false
app
parseNextSFFromBuffer
AFPParser.java
466
com.mgz.afp.parser.AFPParser
false
app
parseNextSF
AFPParser.java
382
com.mgz.afp.parser.AFPParser
false
app
convertToXml
Afp2Xml.java
469
com.mgz.cli.Afp2Xml
false
app
execute
Afp2Xml.java
376
com.mgz.cli.Afp2Xml
false
app
main
Afp2Xml.java
65
com.mgz.cli.Afp2Xml
false
Invalid triplet length: 0
Invalid triplet length: 0
10
Undefined
AADdjUYCmozykg==
app
parseTriplet
TripletParser.java
205
com.mgz.afp.parser.TripletParser
false
app
parseTriplets
TripletParser.java
133
com.mgz.afp.parser.TripletParser
false
app
decodeAFP
StructuredFieldBaseTriplets.java
84
com.mgz.afp.base.StructuredFieldBaseTriplets
false
app
decodeAFP
IAFPDecodeableWriteable.java
64
com.mgz.afp.exceptions.IAFPDecodeableWriteable
false
app
parseNextSFFromBuffer
AFPParser.java
466
com.mgz.afp.parser.AFPParser
false
app
parseNextSF
AFPParser.java
382
com.mgz.afp.parser.AFPParser
false
app
convertToXml
Afp2Xml.java
469
com.mgz.cli.Afp2Xml
false
app
execute
Afp2Xml.java
376
com.mgz.cli.Afp2Xml
false
app
main
Afp2Xml.java
65
com.mgz.cli.Afp2Xml
false
Invalid triplet length: 0
Invalid triplet length: 0
10
Undefined
AADdjUYCmozykg==
app
parseTriplet
TripletParser.java
205
com.mgz.afp.parser.TripletParser
false
app
parseTriplets
TripletParser.java
133
com.mgz.afp.parser.TripletParser
false
app
decodeAFP
StructuredFieldBaseTriplets.java
84
com.mgz.afp.base.StructuredFieldBaseTriplets
false
app
decodeAFP
IAFPDecodeableWriteable.java
64
com.mgz.afp.exceptions.IAFPDecodeableWriteable
false
app
parseNextSFFromBuffer
AFPParser.java
466
com.mgz.afp.parser.AFPParser
false
app
parseNextSF
AFPParser.java
382
com.mgz.afp.parser.AFPParser
false
app
convertToXml
Afp2Xml.java
469
com.mgz.cli.Afp2Xml
false
app
execute
Afp2Xml.java
376
com.mgz.cli.Afp2Xml
false
app
main
Afp2Xml.java
65
com.mgz.cli.Afp2Xml
false
Invalid triplet length: 0
Invalid triplet length: 0
10
Undefined
AADdjUYCmozykg==
app
parseTriplet
TripletParser.java
205
com.mgz.afp.parser.TripletParser
false
app
parseTriplets
TripletParser.java
133
com.mgz.afp.parser.TripletParser
false
app
decodeAFP
StructuredFieldBaseTriplets.java
84
com.mgz.afp.base.StructuredFieldBaseTriplets
false
app
decodeAFP
IAFPDecodeableWriteable.java
64
com.mgz.afp.exceptions.IAFPDecodeableWriteable
false
app
parseNextSFFromBuffer
AFPParser.java
466
com.mgz.afp.parser.AFPParser
false
app
parseNextSF
AFPParser.java
382
com.mgz.afp.parser.AFPParser
false
app
convertToXml
Afp2Xml.java
469
com.mgz.cli.Afp2Xml
false
app
execute
Afp2Xml.java
376
com.mgz.cli.Afp2Xml
false
app
main
Afp2Xml.java
65
com.mgz.cli.Afp2Xml
false
Invalid triplet length: 0
Invalid triplet length: 0
10
Undefined
AADdjUYCmozykg==
app
parseTriplet
TripletParser.java
205
com.mgz.afp.parser.TripletParser
false
app
parseTriplets
TripletParser.java
133
com.mgz.afp.parser.TripletParser
false
app
decodeAFP
StructuredFieldBaseTriplets.java
84
com.mgz.afp.base.StructuredFieldBaseTriplets
false
app
decodeAFP
IAFPDecodeableWriteable.java
64
com.mgz.afp.exceptions.IAFPDecodeableWriteable
false
app
parseNextSFFromBuffer
AFPParser.java
466
com.mgz.afp.parser.AFPParser
false
app
parseNextSF
AFPParser.java
382
com.mgz.afp.parser.AFPParser
false
app
convertToXml
Afp2Xml.java
469
com.mgz.cli.Afp2Xml
false
app
execute
Afp2Xml.java
376
com.mgz.cli.Afp2Xml
false
app
main
Afp2Xml.java
65
com.mgz.cli.Afp2Xml
false
Invalid triplet length: 0
Invalid triplet length: 0
10
Undefined
AADdjUYCmozykg==
app
parseTriplet
TripletParser.java
205
com.mgz.afp.parser.TripletParser
false
app
parseTriplets
TripletParser.java
133
com.mgz.afp.parser.TripletParser
false
app
decodeAFP
StructuredFieldBaseTriplets.java
84
com.mgz.afp.base.StructuredFieldBaseTriplets
false
app
decodeAFP
IAFPDecodeableWriteable.java
64
com.mgz.afp.exceptions.IAFPDecodeableWriteable
false
app
parseNextSFFromBuffer
AFPParser.java
466
com.mgz.afp.parser.AFPParser
false
app
parseNextSF
AFPParser.java
382
com.mgz.afp.parser.AFPParser
false
app
convertToXml
Afp2Xml.java
469
com.mgz.cli.Afp2Xml
false
app
execute
Afp2Xml.java
376
com.mgz.cli.Afp2Xml
false
app
main
Afp2Xml.java
65
com.mgz.cli.Afp2Xml
false
Invalid triplet length: 0
Invalid triplet length: 0
10
Undefined
AADdjUYCmozykg==
app
parseTriplet
TripletParser.java
205
com.mgz.afp.parser.TripletParser
false
app
parseTriplets
TripletParser.java
133
com.mgz.afp.parser.TripletParser
false
app
decodeAFP
StructuredFieldBaseTriplets.java
84
com.mgz.afp.base.StructuredFieldBaseTriplets
false
app
decodeAFP
IAFPDecodeableWriteable.java
64
com.mgz.afp.exceptions.IAFPDecodeableWriteable
false
app
parseNextSFFromBuffer
AFPParser.java
466
com.mgz.afp.parser.AFPParser
false
app
parseNextSF
AFPParser.java
382
com.mgz.afp.parser.AFPParser
false
app
convertToXml
Afp2Xml.java
469
com.mgz.cli.Afp2Xml
false
app
execute
Afp2Xml.java
376
com.mgz.cli.Afp2Xml
false
app
main
Afp2Xml.java
65
com.mgz.cli.Afp2Xml
false
Invalid triplet length: 0
Invalid triplet length: 0
10
Undefined
AADdjUYCmozykg==
app
parseTriplet
TripletParser.java
205
com.mgz.afp.parser.TripletParser
false
app
parseTriplets
TripletParser.java
133
com.mgz.afp.parser.TripletParser
false
app
decodeAFP
StructuredFieldBaseTriplets.java
84
com.mgz.afp.base.StructuredFieldBaseTriplets
false
app
decodeAFP
IAFPDecodeableWriteable.java
64
com.mgz.afp.exceptions.IAFPDecodeableWriteable
false
app
parseNextSFFromBuffer
AFPParser.java
466
com.mgz.afp.parser.AFPParser
false
app
parseNextSF
AFPParser.java
382
com.mgz.afp.parser.AFPParser
false
app
convertToXml
Afp2Xml.java
469
com.mgz.cli.Afp2Xml
false
app
execute
Afp2Xml.java
376
com.mgz.cli.Afp2Xml
false
app
main
Afp2Xml.java
65
com.mgz.cli.Afp2Xml
false
Invalid triplet length: 0
Invalid triplet length: 0
10
Undefined
AADdjUYCmozykg==
app
parseTriplet
TripletParser.java
205
com.mgz.afp.parser.TripletParser
false
app
parseTriplets
TripletParser.java
133
com.mgz.afp.parser.TripletParser
false
app
decodeAFP
StructuredFieldBaseTriplets.java
84
com.mgz.afp.base.StructuredFieldBaseTriplets
false
app
decodeAFP
IAFPDecodeableWriteable.java
64
com.mgz.afp.exceptions.IAFPDecodeableWriteable
false
app
parseNextSFFromBuffer
AFPParser.java
466
com.mgz.afp.parser.AFPParser
false
app
parseNextSF
AFPParser.java
382
com.mgz.afp.parser.AFPParser
false
app
convertToXml
Afp2Xml.java
469
com.mgz.cli.Afp2Xml
false
app
execute
Afp2Xml.java
376
com.mgz.cli.Afp2Xml
false
app
main
Afp2Xml.java
65
com.mgz.cli.Afp2Xml
false
Invalid triplet length: 0
Invalid triplet length: 0
10
Undefined
AADdjUYCmozykg==
app
parseTriplet
TripletParser.java
205
com.mgz.afp.parser.TripletParser
false
app
parseTriplets
TripletParser.java
133
com.mgz.afp.parser.TripletParser
false
app
decodeAFP
StructuredFieldBaseTriplets.java
84
com.mgz.afp.base.StructuredFieldBaseTriplets
false
app
decodeAFP
IAFPDecodeableWriteable.java
64
com.mgz.afp.exceptions.IAFPDecodeableWriteable
false
app
parseNextSFFromBuffer
AFPParser.java
466
com.mgz.afp.parser.AFPParser
false
app
parseNextSF
AFPParser.java
382
com.mgz.afp.parser.AFPParser
false
app
convertToXml
Afp2Xml.java
469
com.mgz.cli.Afp2Xml
false
app
execute
Afp2Xml.java
376
com.mgz.cli.Afp2Xml
false
app
main
Afp2Xml.java
65
com.mgz.cli.Afp2Xml
false
Invalid triplet length: 0
Invalid triplet length: 0
10
Undefined
AADdjUYCmozykg==
app
parseTriplet
TripletParser.java
205
com.mgz.afp.parser.TripletParser
false
app
parseTriplets
TripletParser.java
133
com.mgz.afp.parser.TripletParser
false
app
decodeAFP
StructuredFieldBaseTriplets.java
84
com.mgz.afp.base.StructuredFieldBaseTriplets
false
app
decodeAFP
IAFPDecodeableWriteable.java
64
com.mgz.afp.exceptions.IAFPDecodeableWriteable
false
app
parseNextSFFromBuffer
AFPParser.java
466
com.mgz.afp.parser.AFPParser
false
app
parseNextSF
AFPParser.java
382
com.mgz.afp.parser.AFPParser
false
app
convertToXml
Afp2Xml.java
469
com.mgz.cli.Afp2Xml
false
app
execute
Afp2Xml.java
376
com.mgz.cli.Afp2Xml
false
app
main
Afp2Xml.java
65
com.mgz.cli.Afp2Xml
false
Invalid triplet length: 0
Invalid triplet length: 0
10
Undefined
AADdjUYCmozykg==
app
parseTriplet
TripletParser.java
205
com.mgz.afp.parser.TripletParser
false
app
parseTriplets
TripletParser.java
133
com.mgz.afp.parser.TripletParser
false
app
decodeAFP
StructuredFieldBaseTriplets.java
84
com.mgz.afp.base.StructuredFieldBaseTriplets
false
app
decodeAFP
IAFPDecodeableWriteable.java
64
com.mgz.afp.exceptions.IAFPDecodeableWriteable
false
app
parseNextSFFromBuffer
AFPParser.java
466
com.mgz.afp.parser.AFPParser
false
app
parseNextSF
AFPParser.java
382
com.mgz.afp.parser.AFPParser
false
app
convertToXml
Afp2Xml.java
469
com.mgz.cli.Afp2Xml
false
app
execute
Afp2Xml.java
376
com.mgz.cli.Afp2Xml
false
app
main
Afp2Xml.java
65
com.mgz.cli.Afp2Xml
false
Invalid triplet length: 0
Invalid triplet length: 0
10
Undefined
AADdjUYCmozykg==
app
parseTriplet
TripletParser.java
205
com.mgz.afp.parser.TripletParser
false
app
parseTriplets
TripletParser.java
133
com.mgz.afp.parser.TripletParser
false
app
decodeAFP
StructuredFieldBaseTriplets.java
84
com.mgz.afp.base.StructuredFieldBaseTriplets
false
app
decodeAFP
IAFPDecodeableWriteable.java
64
com.mgz.afp.exceptions.IAFPDecodeableWriteable
false
app
parseNextSFFromBuffer
AFPParser.java
466
com.mgz.afp.parser.AFPParser
false
app
parseNextSF
AFPParser.java
382
com.mgz.afp.parser.AFPParser
false
app
convertToXml
Afp2Xml.java
469
com.mgz.cli.Afp2Xml
false
app
execute
Afp2Xml.java
376
com.mgz.cli.Afp2Xml
false
app
main
Afp2Xml.java
65
com.mgz.cli.Afp2Xml
false
Invalid triplet length: 0
Invalid triplet length: 0
10
Undefined
AADdjUYCmozykg==
app
parseTriplet
TripletParser.java
205
com.mgz.afp.parser.TripletParser
false
app
parseTriplets
TripletParser.java
133
com.mgz.afp.parser.TripletParser
false
app
decodeAFP
StructuredFieldBaseTriplets.java
84
com.mgz.afp.base.StructuredFieldBaseTriplets
false
app
decodeAFP
IAFPDecodeableWriteable.java
64
com.mgz.afp.exceptions.IAFPDecodeableWriteable
false
app
parseNextSFFromBuffer
AFPParser.java
466
com.mgz.afp.parser.AFPParser
false
app
parseNextSF
AFPParser.java
382
com.mgz.afp.parser.AFPParser
false
app
convertToXml
Afp2Xml.java
469
com.mgz.cli.Afp2Xml
false
app
execute
Afp2Xml.java
376
com.mgz.cli.Afp2Xml
false
app
main
Afp2Xml.java
65
com.mgz.cli.Afp2Xml
false
Invalid triplet length: 0
Invalid triplet length: 0
10
Undefined
AADdjUYCmozykg==
app
parseTriplet
TripletParser.java
205
com.mgz.afp.parser.TripletParser
false
app
parseTriplets
TripletParser.java
133
com.mgz.afp.parser.TripletParser
false
app
decodeAFP
StructuredFieldBaseTriplets.java
84
com.mgz.afp.base.StructuredFieldBaseTriplets
false
app
decodeAFP
IAFPDecodeableWriteable.java
64
com.mgz.afp.exceptions.IAFPDecodeableWriteable
false
app
parseNextSFFromBuffer
AFPParser.java
466
com.mgz.afp.parser.AFPParser
false
app
parseNextSF
AFPParser.java
382
com.mgz.afp.parser.AFPParser
false
app
convertToXml
Afp2Xml.java
469
com.mgz.cli.Afp2Xml
false
app
execute
Afp2Xml.java
376
com.mgz.cli.Afp2Xml
false
app
main
Afp2Xml.java
65
com.mgz.cli.Afp2Xml
false
Invalid triplet length: 0
Invalid triplet length: 0
10
Undefined
AADdjUYCmozykg==
app
parseTriplet
TripletParser.java
205
com.mgz.afp.parser.TripletParser
false
app
parseTriplets
TripletParser.java
133
com.mgz.afp.parser.TripletParser
false
app
decodeAFP
StructuredFieldBaseTriplets.java
84
com.mgz.afp.base.StructuredFieldBaseTriplets
false
app
decodeAFP
IAFPDecodeableWriteable.java
64
com.mgz.afp.exceptions.IAFPDecodeableWriteable
false
app
parseNextSFFromBuffer
AFPParser.java
466
com.mgz.afp.parser.AFPParser
false
app
parseNextSF
AFPParser.java
382
com.mgz.afp.parser.AFPParser
false
app
convertToXml
Afp2Xml.java
469
com.mgz.cli.Afp2Xml
false
app
execute
Afp2Xml.java
376
com.mgz.cli.Afp2Xml
false
app
main
Afp2Xml.java
65
com.mgz.cli.Afp2Xml
false
Invalid triplet length: 0
Invalid triplet length: 0
10
Undefined
AADdjUYCmozykg==
app
parseTriplet
TripletParser.java
205
com.mgz.afp.parser.TripletParser
false
app
parseTriplets
TripletParser.java
133
com.mgz.afp.parser.TripletParser
false
app
decodeAFP
StructuredFieldBaseTriplets.java
84
com.mgz.afp.base.StructuredFieldBaseTriplets
false
app
decodeAFP
IAFPDecodeableWriteable.java
64
com.mgz.afp.exceptions.IAFPDecodeableWriteable
false
app
parseNextSFFromBuffer
AFPParser.java
466
com.mgz.afp.parser.AFPParser
false
app
parseNextSF
AFPParser.java
382
com.mgz.afp.parser.AFPParser
false
app
convertToXml
Afp2Xml.java
469
com.mgz.cli.Afp2Xml
false
app
execute
Afp2Xml.java
376
com.mgz.cli.Afp2Xml
false
app
main
Afp2Xml.java
65
com.mgz.cli.Afp2Xml
false
Invalid triplet length: 0
Invalid triplet length: 0
10
Undefined
AADdjUYCmozykg==
app
parseTriplet
TripletParser.java
205
com.mgz.afp.parser.TripletParser
false
app
parseTriplets
TripletParser.java
133
com.mgz.afp.parser.TripletParser
false
app
decodeAFP
StructuredFieldBaseTriplets.java
84
com.mgz.afp.base.StructuredFieldBaseTriplets
false
app
decodeAFP
IAFPDecodeableWriteable.java
64
com.mgz.afp.exceptions.IAFPDecodeableWriteable
false
app
parseNextSFFromBuffer
AFPParser.java
466
com.mgz.afp.parser.AFPParser
false
app
parseNextSF
AFPParser.java
382
com.mgz.afp.parser.AFPParser
false
app
convertToXml
Afp2Xml.java
469
com.mgz.cli.Afp2Xml
false
app
execute
Afp2Xml.java
376
com.mgz.cli.Afp2Xml
false
app
main
Afp2Xml.java
65
com.mgz.cli.Afp2Xml
false
Invalid triplet length: 0
Invalid triplet length: 0
10
Undefined
AADdjUYCmozykg==
app
parseTriplet
TripletParser.java
205
com.mgz.afp.parser.TripletParser
false
app
parseTriplets
TripletParser.java
133
com.mgz.afp.parser.TripletParser
false
app
decodeAFP
StructuredFieldBaseTriplets.java
84
com.mgz.afp.base.StructuredFieldBaseTriplets
false
app
decodeAFP
IAFPDecodeableWriteable.java
64
com.mgz.afp.exceptions.IAFPDecodeableWriteable
false
app
parseNextSFFromBuffer
AFPParser.java
466
com.mgz.afp.parser.AFPParser
false
app
parseNextSF
AFPParser.java
382
com.mgz.afp.parser.AFPParser
false
app
convertToXml
Afp2Xml.java
469
com.mgz.cli.Afp2Xml
false
app
execute
Afp2Xml.java
376
com.mgz.cli.Afp2Xml
false
app
main
Afp2Xml.java
65
com.mgz.cli.Afp2Xml
false
Invalid triplet length: 0
Invalid triplet length: 0
10
Undefined
AADdjUYCmozykg==
app
parseTriplet
TripletParser.java
205
com.mgz.afp.parser.TripletParser
false
app
parseTriplets
TripletParser.java
133
com.mgz.afp.parser.TripletParser
false
app
decodeAFP
StructuredFieldBaseTriplets.java
84
com.mgz.afp.base.StructuredFieldBaseTriplets
false
app
decodeAFP
IAFPDecodeableWriteable.java
64
com.mgz.afp.exceptions.IAFPDecodeableWriteable
false
app
parseNextSFFromBuffer
AFPParser.java
466
com.mgz.afp.parser.AFPParser
false
app
parseNextSF
AFPParser.java
382
com.mgz.afp.parser.AFPParser
false
app
convertToXml
Afp2Xml.java
469
com.mgz.cli.Afp2Xml
false
app
execute
Afp2Xml.java
376
com.mgz.cli.Afp2Xml
false
app
main
Afp2Xml.java
65
com.mgz.cli.Afp2Xml
false
Invalid triplet length: 0
Invalid triplet length: 0
10
Undefined
AADdjUYCmozykg==
app
parseTriplet
TripletParser.java
205
com.mgz.afp.parser.TripletParser
false
app
parseTriplets
TripletParser.java
133
com.mgz.afp.parser.TripletParser
false
app
decodeAFP
StructuredFieldBaseTriplets.java
84
com.mgz.afp.base.StructuredFieldBaseTriplets
false
app
decodeAFP
IAFPDecodeableWriteable.java
64
com.mgz.afp.exceptions.IAFPDecodeableWriteable
false
app
parseNextSFFromBuffer
AFPParser.java
466
com.mgz.afp.parser.AFPParser
false
app
parseNextSF
AFPParser.java
382
com.mgz.afp.parser.AFPParser
false
app
convertToXml
Afp2Xml.java
469
com.mgz.cli.Afp2Xml
false
app
execute
Afp2Xml.java
376
com.mgz.cli.Afp2Xml
false
app
main
Afp2Xml.java
65
com.mgz.cli.Afp2Xml
false
Invalid triplet length: 0
Invalid triplet length: 0
10
Undefined
AADdjUYCmozykg==
app
parseTriplet
TripletParser.java
205
com.mgz.afp.parser.TripletParser
false
app
parseTriplets
TripletParser.java
133
com.mgz.afp.parser.TripletParser
false
app
decodeAFP
StructuredFieldBaseTriplets.java
84
com.mgz.afp.base.StructuredFieldBaseTriplets
false
app
decodeAFP
IAFPDecodeableWriteable.java
64
com.mgz.afp.exceptions.IAFPDecodeableWriteable
false
app
parseNextSFFromBuffer
AFPParser.java
466
com.mgz.afp.parser.AFPParser
false
app
parseNextSF
AFPParser.java
382
com.mgz.afp.parser.AFPParser
false
app
convertToXml
Afp2Xml.java
469
com.mgz.cli.Afp2Xml
false
app
execute
Afp2Xml.java
376
com.mgz.cli.Afp2Xml
false
app
main
Afp2Xml.java
65
com.mgz.cli.Afp2Xml
false
Invalid triplet length: 0
Invalid triplet length: 0
10
Undefined
AADdjUYCmozykg==
app
parseTriplet
TripletParser.java
205
com.mgz.afp.parser.TripletParser
false
app
parseTriplets
TripletParser.java
133
com.mgz.afp.parser.TripletParser
false
app
decodeAFP
StructuredFieldBaseTriplets.java
84
com.mgz.afp.base.StructuredFieldBaseTriplets
false
app
decodeAFP
IAFPDecodeableWriteable.java
64
com.mgz.afp.exceptions.IAFPDecodeableWriteable
false
app
parseNextSFFromBuffer
AFPParser.java
466
com.mgz.afp.parser.AFPParser
false
app
parseNextSF
AFPParser.java
382
com.mgz.afp.parser.AFPParser
false
app
convertToXml
Afp2Xml.java
469
com.mgz.cli.Afp2Xml
false
app
execute
Afp2Xml.java
376
com.mgz.cli.Afp2Xml
false
app
main
Afp2Xml.java
65
com.mgz.cli.Afp2Xml
false
Invalid triplet length: 0
Invalid triplet length: 0
10
Undefined
AADdjUYCmozykg==
app
parseTriplet
TripletParser.java
205
com.mgz.afp.parser.TripletParser
false
app
parseTriplets
TripletParser.java
133
com.mgz.afp.parser.TripletParser
false
app
decodeAFP
StructuredFieldBaseTriplets.java
84
com.mgz.afp.base.StructuredFieldBaseTriplets
false
app
decodeAFP
IAFPDecodeableWriteable.java
64
com.mgz.afp.exceptions.IAFPDecodeableWriteable
false
app
parseNextSFFromBuffer
AFPParser.java
466
com.mgz.afp.parser.AFPParser
false
app
parseNextSF
AFPParser.java
382
com.mgz.afp.parser.AFPParser
false
app
convertToXml
Afp2Xml.java
469
com.mgz.cli.Afp2Xml
false
app
execute
Afp2Xml.java
376
com.mgz.cli.Afp2Xml
false
app
main
Afp2Xml.java
65
com.mgz.cli.Afp2Xml
false
Invalid triplet length: 0
Invalid triplet length: 0
10
Undefined
AADdjUYCmozykg==
app
parseTriplet
TripletParser.java
205
com.mgz.afp.parser.TripletParser
false
app
parseTriplets
TripletParser.java
133
com.mgz.afp.parser.TripletParser
false
app
decodeAFP
StructuredFieldBaseTriplets.java
84
com.mgz.afp.base.StructuredFieldBaseTriplets
false
app
decodeAFP
IAFPDecodeableWriteable.java
64
com.mgz.afp.exceptions.IAFPDecodeableWriteable
false
app
parseNextSFFromBuffer
AFPParser.java
466
com.mgz.afp.parser.AFPParser
false
app
parseNextSF
AFPParser.java
382
com.mgz.afp.parser.AFPParser
false
app
convertToXml
Afp2Xml.java
469
com.mgz.cli.Afp2Xml
false
app
execute
Afp2Xml.java
376
com.mgz.cli.Afp2Xml
false
app
main
Afp2Xml.java
65
com.mgz.cli.Afp2Xml
false
Invalid triplet length: 0
Invalid triplet length: 0
10
Undefined
AADdjUYCmozykg==
app
parseTriplet
TripletParser.java
205
com.mgz.afp.parser.TripletParser
false
app
parseTriplets
TripletParser.java
133
com.mgz.afp.parser.TripletParser
false
app
decodeAFP
StructuredFieldBaseTriplets.java
84
com.mgz.afp.base.StructuredFieldBaseTriplets
false
app
decodeAFP
IAFPDecodeableWriteable.java
64
com.mgz.afp.exceptions.IAFPDecodeableWriteable
false
app
parseNextSFFromBuffer
AFPParser.java
466
com.mgz.afp.parser.AFPParser
false
app
parseNextSF
AFPParser.java
382
com.mgz.afp.parser.AFPParser
false
app
convertToXml
Afp2Xml.java
469
com.mgz.cli.Afp2Xml
false
app
execute
Afp2Xml.java
376
com.mgz.cli.Afp2Xml
false
app
main
Afp2Xml.java
65
com.mgz.cli.Afp2Xml
false
Invalid triplet length: 0
Invalid triplet length: 0
10
Undefined
AADdjUYCmozykg==
app
parseTriplet
TripletParser.java
205
com.mgz.afp.parser.TripletParser
false
app
parseTriplets
TripletParser.java
133
com.mgz.afp.parser.TripletParser
false
app
decodeAFP
StructuredFieldBaseTriplets.java
84
com.mgz.afp.base.StructuredFieldBaseTriplets
false
app
decodeAFP
IAFPDecodeableWriteable.java
64
com.mgz.afp.exceptions.IAFPDecodeableWriteable
false
app
parseNextSFFromBuffer
AFPParser.java
466
com.mgz.afp.parser.AFPParser
false
app
parseNextSF
AFPParser.java
382
com.mgz.afp.parser.AFPParser
false
app
convertToXml
Afp2Xml.java
469
com.mgz.cli.Afp2Xml
false
app
execute
Afp2Xml.java
376
com.mgz.cli.Afp2Xml
false
app
main
Afp2Xml.java
65
com.mgz.cli.Afp2Xml
false
Invalid triplet length: 0
Invalid triplet length: 0
10
Undefined
AADdjUYCmozykg==
app
parseTriplet
TripletParser.java
205
com.mgz.afp.parser.TripletParser
false
app
parseTriplets
TripletParser.java
133
com.mgz.afp.parser.TripletParser
false
app
decodeAFP
StructuredFieldBaseTriplets.java
84
com.mgz.afp.base.StructuredFieldBaseTriplets
false
app
decodeAFP
IAFPDecodeableWriteable.java
64
com.mgz.afp.exceptions.IAFPDecodeableWriteable
false
app
parseNextSFFromBuffer
AFPParser.java
466
com.mgz.afp.parser.AFPParser
false
app
parseNextSF
AFPParser.java
382
com.mgz.afp.parser.AFPParser
false
app
convertToXml
Afp2Xml.java
469
com.mgz.cli.Afp2Xml
false
app
execute
Afp2Xml.java
376
com.mgz.cli.Afp2Xml
false
app
main
Afp2Xml.java
65
com.mgz.cli.Afp2Xml
false
Invalid triplet length: 0
Invalid triplet length: 0
10
Undefined
AADdjUYCmozykg==
app
parseTriplet
TripletParser.java
205
com.mgz.afp.parser.TripletParser
false
app
parseTriplets
TripletParser.java
133
com.mgz.afp.parser.TripletParser
false
app
decodeAFP
StructuredFieldBaseTriplets.java
84
com.mgz.afp.base.StructuredFieldBaseTriplets
false
app
decodeAFP
IAFPDecodeableWriteable.java
64
com.mgz.afp.exceptions.IAFPDecodeableWriteable
false
app
parseNextSFFromBuffer
AFPParser.java
466
com.mgz.afp.parser.AFPParser
false
app
parseNextSF
AFPParser.java
382
com.mgz.afp.parser.AFPParser
false
app
convertToXml
Afp2Xml.java
469
com.mgz.cli.Afp2Xml
false
app
execute
Afp2Xml.java
376
com.mgz.cli.Afp2Xml
false
app
main
Afp2Xml.java
65
com.mgz.cli.Afp2Xml
false
Invalid triplet length: 0
Invalid triplet length: 0
10
Undefined
AADdjUYCmozykg==
app
parseTriplet
TripletParser.java
205
com.mgz.afp.parser.TripletParser
false
app
parseTriplets
TripletParser.java
133
com.mgz.afp.parser.TripletParser
false
app
decodeAFP
StructuredFieldBaseTriplets.java
84
com.mgz.afp.base.StructuredFieldBaseTriplets
false
app
decodeAFP
IAFPDecodeableWriteable.java
64
com.mgz.afp.exceptions.IAFPDecodeableWriteable
false
app
parseNextSFFromBuffer
AFPParser.java
466
com.mgz.afp.parser.AFPParser
false
app
parseNextSF
AFPParser.java
382
com.mgz.afp.parser.AFPParser
false
app
convertToXml
Afp2Xml.java
469
com.mgz.cli.Afp2Xml
false
app
execute
Afp2Xml.java
376
com.mgz.cli.Afp2Xml
false
app
main
Afp2Xml.java
65
com.mgz.cli.Afp2Xml
false
Invalid triplet length: 0
Invalid triplet length: 0
10
Undefined
AADdjUYCmozykg==
app
parseTriplet
TripletParser.java
205
com.mgz.afp.parser.TripletParser
false
app
parseTriplets
TripletParser.java
133
com.mgz.afp.parser.TripletParser
false
app
decodeAFP
StructuredFieldBaseTriplets.java
84
com.mgz.afp.base.StructuredFieldBaseTriplets
false
app
decodeAFP
IAFPDecodeableWriteable.java
64
com.mgz.afp.exceptions.IAFPDecodeableWriteable
false
app
parseNextSFFromBuffer
AFPParser.java
466
com.mgz.afp.parser.AFPParser
false
app
parseNextSF
AFPParser.java
382
com.mgz.afp.parser.AFPParser
false
app
convertToXml
Afp2Xml.java
469
com.mgz.cli.Afp2Xml
false
app
execute
Afp2Xml.java
376
com.mgz.cli.Afp2Xml
false
app
main
Afp2Xml.java
65
com.mgz.cli.Afp2Xml
false
Invalid triplet length: 0
Invalid triplet length: 0
10
Undefined
AADdjUYCmozykg==
app
parseTriplet
TripletParser.java
205
com.mgz.afp.parser.TripletParser
false
app
parseTriplets
TripletParser.java
133
com.mgz.afp.parser.TripletParser
false
app
decodeAFP
StructuredFieldBaseTriplets.java
84
com.mgz.afp.base.StructuredFieldBaseTriplets
false
app
decodeAFP
IAFPDecodeableWriteable.java
64
com.mgz.afp.exceptions.IAFPDecodeableWriteable
false
app
parseNextSFFromBuffer
AFPParser.java
466
com.mgz.afp.parser.AFPParser
false
app
parseNextSF
AFPParser.java
382
com.mgz.afp.parser.AFPParser
false
app
convertToXml
Afp2Xml.java
469
com.mgz.cli.Afp2Xml
false
app
execute
Afp2Xml.java
376
com.mgz.cli.Afp2Xml
false
app
main
Afp2Xml.java
65
com.mgz.cli.Afp2Xml
false
Invalid triplet length: 0
Invalid triplet length: 0
10
Undefined
AADdjUYCmozykg==
app
parseTriplet
TripletParser.java
205
com.mgz.afp.parser.TripletParser
false
app
parseTriplets
TripletParser.java
133
com.mgz.afp.parser.TripletParser
false
app
decodeAFP
StructuredFieldBaseTriplets.java
84
com.mgz.afp.base.StructuredFieldBaseTriplets
false
app
decodeAFP
IAFPDecodeableWriteable.java
64
com.mgz.afp.exceptions.IAFPDecodeableWriteable
false
app
parseNextSFFromBuffer
AFPParser.java
466
com.mgz.afp.parser.AFPParser
false
app
parseNextSF
AFPParser.java
382
com.mgz.afp.parser.AFPParser
false
app
convertToXml
Afp2Xml.java
469
com.mgz.cli.Afp2Xml
false
app
execute
Afp2Xml.java
376
com.mgz.cli.Afp2Xml
false
app
main
Afp2Xml.java
65
com.mgz.cli.Afp2Xml
false
Invalid triplet length: 0
Invalid triplet length: 0
10
Undefined
AADdjUYCmozykg==
app
parseTriplet
TripletParser.java
205
com.mgz.afp.parser.TripletParser
false
app
parseTriplets
TripletParser.java
133
com.mgz.afp.parser.TripletParser
false
app
decodeAFP
StructuredFieldBaseTriplets.java
84
com.mgz.afp.base.StructuredFieldBaseTriplets
false
app
decodeAFP
IAFPDecodeableWriteable.java
64
com.mgz.afp.exceptions.IAFPDecodeableWriteable
false
app
parseNextSFFromBuffer
AFPParser.java
466
com.mgz.afp.parser.AFPParser
false
app
parseNextSF
AFPParser.java
382
com.mgz.afp.parser.AFPParser
false
app
convertToXml
Afp2Xml.java
469
com.mgz.cli.Afp2Xml
false
app
execute
Afp2Xml.java
376
com.mgz.cli.Afp2Xml
false
app
main
Afp2Xml.java
65
com.mgz.cli.Afp2Xml
false
Invalid triplet length: 0
Invalid triplet length: 0
10
Undefined
AADdjUYCmozykg==
app
parseTriplet
TripletParser.java
205
com.mgz.afp.parser.TripletParser
false
app
parseTriplets
TripletParser.java
133
com.mgz.afp.parser.TripletParser
false
app
decodeAFP
StructuredFieldBaseTriplets.java
84
com.mgz.afp.base.StructuredFieldBaseTriplets
false
app
decodeAFP
IAFPDecodeableWriteable.java
64
com.mgz.afp.exceptions.IAFPDecodeableWriteable
false
app
parseNextSFFromBuffer
AFPParser.java
466
com.mgz.afp.parser.AFPParser
false
app
parseNextSF
AFPParser.java
382
com.mgz.afp.parser.AFPParser
false
app
convertToXml
Afp2Xml.java
469
com.mgz.cli.Afp2Xml
false
app
execute
Afp2Xml.java
376
com.mgz.cli.Afp2Xml
false
app
main
Afp2Xml.java
65
com.mgz.cli.Afp2Xml
false
Invalid triplet length: 0
Invalid triplet length: 0
10
Undefined
AADdjUYCmozykg==
app
parseTriplet
TripletParser.java
205
com.mgz.afp.parser.TripletParser
false
app
parseTriplets
TripletParser.java
133
com.mgz.afp.parser.TripletParser
false
app
decodeAFP
StructuredFieldBaseTriplets.java
84
com.mgz.afp.base.StructuredFieldBaseTriplets
false
app
decodeAFP
IAFPDecodeableWriteable.java
64
com.mgz.afp.exceptions.IAFPDecodeableWriteable
false
app
parseNextSFFromBuffer
AFPParser.java
466
com.mgz.afp.parser.AFPParser
false
app
parseNextSF
AFPParser.java
382
com.mgz.afp.parser.AFPParser
false
app
convertToXml
Afp2Xml.java
469
com.mgz.cli.Afp2Xml
false
app
execute
Afp2Xml.java
376
com.mgz.cli.Afp2Xml
false
app
main
Afp2Xml.java
65
com.mgz.cli.Afp2Xml
false
Invalid triplet length: 0
Invalid triplet length: 0
10
Undefined
AADdjUYCmozykg==
app
parseTriplet
TripletParser.java
205
com.mgz.afp.parser.TripletParser
false
app
parseTriplets
TripletParser.java
133
com.mgz.afp.parser.TripletParser
false
app
decodeAFP
StructuredFieldBaseTriplets.java
84
com.mgz.afp.base.StructuredFieldBaseTriplets
false
app
decodeAFP
IAFPDecodeableWriteable.java
64
com.mgz.afp.exceptions.IAFPDecodeableWriteable
false
app
parseNextSFFromBuffer
AFPParser.java
466
com.mgz.afp.parser.AFPParser
false
app
parseNextSF
AFPParser.java
382
com.mgz.afp.parser.AFPParser
false
app
convertToXml
Afp2Xml.java
469
com.mgz.cli.Afp2Xml
false
app
execute
Afp2Xml.java
376
com.mgz.cli.Afp2Xml
false
app
main
Afp2Xml.java
65
com.mgz.cli.Afp2Xml
false
Invalid triplet length: 0
Invalid triplet length: 0
AAA=
AAA=
AAA=
AAA=
AAA=
AAA=
AAA=
AAA=
AAA=
AAA=
AAA=
AAA=
AAA=
AAA=
AAA=
AAA=
AAA=
AAA=
AAA=
AAA=
AAA=
AAA=
AAA=
AAA=
AAA=
AAA=
AAA=
AAA=
AAA=
AAA=
AAA=
AAA=
AAA=
AAA=
AAA=
AAA=
AAA=
AAA=
AAA=
AAA=
AAA=
AAA=
AAA=
AAA=
AAA=
AAA=
AAA=
AAA=
AAA=
AAA=
AAA=
AAA=
AAA=
AAA=
AAA=
AAA=
AAA=
AAA=
AAA=
AAA=
AAA=
AAA=
AAA=
AAA=
AAA=
AAA=
AAA=
AAA=
AAA=
AAA=
AAA=
AAA=
AAA=
AAA=
AAA=
AAA=
AAA=
AAA=
AAA=
AAA=
AAA=
AAA=
AAA=
AAA=
AAA=
AAA=
AAA=
AAA=
AAA=
AAA=
AAA=
AAA=
AAA=
AAA=
AAA=
AAA=
AAA=
AAA=
AAA=
AAA=
AAA=
AAA=
AAA=
AAA=
AAA=
AAA=
AAA=
AAA=
AAA=
AAA=
AAA=
AAA=
AAA=
AAA=
AAA=
AAA=
AAA=
AAA=
AAA=
AAA=
AAA=
AAA=
AAA=
AAA=
AAA=
AAA=
AAA=
AAA=
AAA=
AAA=
AAA=
AAA=
AAA=
AAA=
AAA=
AAA=
AAA=
AAA=
AAA=
AAA=
AAA=
AAA=
AAA=
AAA=
AAA=
AAA=
AAA=
AAA=
AAA=
AAA=
AAA=
AAA=
AAA=
AAA=
AAA=
AAA=
AAA=
AAA=
AAA=
AAA=
AAA=
AAA=
AAA=
AAA=
AAA=
AAA=
AAA=
AAA=
AAA=
AAA=
AAA=
AAA=
AAA=
AAA=
AAA=
AAA=
AAA=
AAA=
AAA=
AAA=
AAA=
AAA=
AAA=
AAA=
AAA=
AAA=
AAA=
AAA=
AAA=
AAA=
AAA=
AAA=
AAA=
AAA=
AAA=
AAA=
AAA=
AAA=
AAA=
AAA=
AAA=
AAA=
AAA=
AAA=
AAA=
AAA=
AAA=
AAA=
AAA=
AAA=
AAA=
AAA=
AAA=
AAA=
AAA=
AAA=
AAA=
AAA=
AAA=
AAA=
AAA=
AAA=
AAA=
AAA=
AAA=
AAA=
AAA=
AAA=
AAA=
AAA=
AAA=
AAA=
AAA=
AAA=
AAA=
AAA=
AAA=
AAA=
AAA=
AAA=
AAA=
AAA=
AAA=
AAA=
AAA=
AAA=
AAA=
AAA=
AAA=
AAA=
AAA=
AAA=
AAA=
AAA=
AAA=
AAA=
AAA=
AAA=
AAA=
AAA=
AAA=
AAA=
AAA=
AAA=
AAA=
AAA=
AAA=
AAA=
AAA=
AAA=
AAA=
AAA=
AAA=
AAA=
AAA=
AAA=
AAA=
AAA=
AAA=
AAA=
AAA=
AAA=
AAA=
AAA=
AAA=
AAA=
AAA=
AAA=
AAA=
AAA=
AAA=
AAA=
AAA=
AAA=
AAA=
AAA=
AAA=
AAA=
AAA=
AAA=
AAA=
AAA=
AAA=
AAA=
AAA=
AAA=
AAA=
AAA=
AAA=
AAA=
AAA=
AAA=
AAA=
AAA=
AAA=
AAA=
AAA=
AAA=
AAA=
AAA=
AAA=
AAA=
AAA=
AAA=
AAA=
AAA=
AAA=
AAA=
AAA=
AAA=
AAA=
AAA=
AAA=
AAA=
AAA=
AAA=
AAA=
AAA=
AAA=
AAA=
AAA=
AAA=
AAA=
AAA=
AAA=
AAA=
AAA=
AAA=
AAA=
AAA=
AAA=
AAA=
AAA=
AAA=
AAA=
AAA=
AAA=
AAA=
AAA=
AAA=
AAA=
AAA=
AAA=
AAA=
AAA=
AAA=
AAA=
AAA=
AAA=
AAA=
AAA=
AAA=
AAA=
AAA=
AAA=
AAA=
AAA=
AAA=
AAA=
AAA=
AAA=
AAA=
AAA=
AAA=
AAA=
AAA=
AAA=
AAA=
AAA=
AAA=
AAA=
AAA=
AAA=
AAA=
AAA=
AAA=
AAA=
AAA=
AAA=
AAA=
AAA=
AAA=
AAA=
AAA=
AAA=
AAA=
AAA=
AAA=
AAA=
AAA=
AAA=
AAA=
AAA=
AAA=
AAA=
AAA=
AAA=
AAA=
AAA=
AAA=
AAA=
AAA=
AAA=
AAA=
AAA=
AAA=
AAA=
AAA=
AAA=
AAA=
AAA=
AAA=
AAA=
AAA=
AAA=
AAA=
AAA=
AAA=
AAA=
AAA=
AAA=
AAA=
AAA=
AAA=
AAA=
AAA=
AAA=
AAA=
AAA=
AAA=
AAA=
AAA=
AAA=
AAA=
AAA=
AAA=
AAA=
AAA=
AAA=
AAA=
AAA=
AAA=
AAA=
AAA=
AAA=
AAA=
AAA=
AAA=
AAA=
AAA=
AAA=
AAA=
AAA=
AAA=
AAA=
AAA=
AAA=
AAA=
AAA=
AAA=
AAA=
AAA=
AAA=
AAA=
AAA=
AAA=
AAA=
AAA=
AAA=
AAA=
AAA=
AAA=
AAA=
AAA=
AAA=
AAA=
AAA=
AAA=
AAA=
AAA=
AAA=
AAA=
AAA=
AAA=
AAA=
AAA=
AAA=
AAA=
AAA=
AAA=
AAA=
AAA=
AAA=
AAA=
AAA=
AAA=
AAA=
AAA=
AAA=
AAA=
AAA=
AAA=
AAA=
AAA=
AAA=
AAA=
AAA=
AAA=
AAA=
AAA=
AAA=
AAA=
AAA=
AAA=
AAA=
AAA=
AAA=
AAA=
AAA=
AAA=
AAA=
AAA=
AAA=
AAA=
AAA=
AAA=
AAA=
AAA=
AAA=
AAA=
AAA=
AAA=
AAA=
AAA=
AAA=
AAA=
AAA=
AAA=
AAA=
AAA=
AAA=
AAA=
AAA=
AAA=
AAA=
AAA=
AAA=
AAA=
AAA=
AAA=
AAA=
AAA=
AAA=
AAA=
AAA=
AAA=
AAA=
AAA=
AAA=
AAA=
AAA=
AAA=
AAA=
AAA=
AAA=
AAA=
AAA=
AAA=
AAA=
AAA=
AAA=
AAA=
AAA=
AAA=
AAA=
AAA=
AAA=
AAA=
AAA=
AAA=
AAA=
AAA=
AAA=
AAA=
AAA=
AAA=
AAA=
AAA=
AAA=
AAA=
AAA=
AAA=
AAA=
AAA=
AAA=
AAA=
AAA=
AAA=
AAA=
AAA=
AAA=
AAA=
AAA=
AAA=
AAA=
AAA=
AAA=
AAA=
AAA=
AAA=
AAA=
AAA=
AAA=
AAA=
AAA=
AAA=
AAA=
AAA=
AAA=
AAA=
AAA=
AAA=
AAA=
AAA=
AAA=
AAA=
AAA=
AAA=
AAA=
AAA=
AAA=
AAA=
AAA=
AAA=
AAA=
AAA=
AAA=
AAA=
AAA=
AAA=
AAA=
AAA=
AAA=
AAA=
AAA=
AAA=
AAA=
AAA=
AAA=
AAA=
AAA=
AAA=
AAA=
AAA=
AAA=
AAA=
AAA=
AAA=
AAA=
AAA=
AAA=
AAA=
AAA=
AAA=
AAA=
AAA=
AAA=
AAA=
AAA=
AAA=
AAA=
AAA=
AAA=
AAA=
AAA=
AAA=
AAA=
AAA=
AAA=
AAA=
AAA=
AAA=
AAA=
AAA=
AAA=
AAA=
AAA=
AAA=
AAA=
AAA=
AAA=
AAA=
AAA=
AAA=
AAA=
AAA=
AAA=
AAA=
AAA=
AAA=
AAA=
AAA=
AAA=
AAA=
AAA=
AAA=
AAA=
AAA=
AAA=
AAA=
AAA=
AAA=
AAA=
AAA=
AAA=
AAA=
AAA=
AAA=
AAA=
AAA=
AAA=
AAA=
AAA=
AAA=
AAA=
AAA=
AAA=
AAA=
AAA=
AAA=
AAA=
AAA=
AAA=
AAA=
AAA=
AAA=
AAA=
AAA=
AAA=
AAA=
AAA=
AAA=
AAA=
AAA=
AAA=
AAA=
AAA=
AAA=
AAA=
AAA=
AAA=
AAA=
AAA=
AAA=
AAA=
AAA=
AAA=
AAA=
AAA=
AAA=
AAA=
AAA=
AAA=
AAA=
AAA=
AAA=
AAA=
AAA=
AAA=
AAA=
AAA=
AAA=
AAA=
AAA=
AAA=
AAA=
AAA=
AAA=
AAA=
AAA=
AAA=
AAA=
AAA=
AAA=
AAA=
AAA=
AAA=
AAA=
AAA=
AAA=
AAA=
AAA=
AAA=
AAA=
AAA=
AAA=
AAA=
AAA=
AAA=
AAA=
AAA=
AAA=
AAA=
AAA=
AAA=
AAA=
AAA=
AAA=
AAA=
AAA=
AAA=
AAA=
AAA=
AAA=
AAA=
AAA=
AAA=
AAA=
AAA=
AAA=
AAA=
AAA=
AAA=
AAA=
AAA=
AAA=
ABjTsYoAAAAAAAAAAAjI7UHG0I35QoZ2
app
decodeAFP
MCF_MapCodedFont_Format1.java
56
com.mgz.afp.modca.MCF_MapCodedFont_Format1
false
app
decodeAFP
IAFPDecodeableWriteable.java
64
com.mgz.afp.exceptions.IAFPDecodeableWriteable
false
app
parseNextSFFromBuffer
AFPParser.java
466
com.mgz.afp.parser.AFPParser
false
app
parseNextSF
AFPParser.java
382
com.mgz.afp.parser.AFPParser
false
app
convertToXml
Afp2Xml.java
469
com.mgz.cli.Afp2Xml
false
app
execute
Afp2Xml.java
376
com.mgz.cli.Afp2Xml
false
app
main
Afp2Xml.java
65
com.mgz.cli.Afp2Xml
false
Invalid length of repeating group: 0
Invalid length of repeating group: 0
24481
MCF_MapCodedFont_Format1
Error at file offset 0x5FA1 (MCF_MapCodedFont_Format1): Invalid length of repeating group: 0
false
false
false
ABjTsYoAAAAAAAAAAAjI7UHG0I35QoZ2
app
decodeAFP
MCF_MapCodedFont_Format1.java
56
com.mgz.afp.modca.MCF_MapCodedFont_Format1
false
app
decodeAFP
IAFPDecodeableWriteable.java
64
com.mgz.afp.exceptions.IAFPDecodeableWriteable
false
app
parseNextSFFromBuffer
AFPParser.java
466
com.mgz.afp.parser.AFPParser
false
app
parseNextSF
AFPParser.java
382
com.mgz.afp.parser.AFPParser
false
app
convertToXml
Afp2Xml.java
469
com.mgz.cli.Afp2Xml
false
app
execute
Afp2Xml.java
376
com.mgz.cli.Afp2Xml
false
app
main
Afp2Xml.java
65
com.mgz.cli.Afp2Xml
false
Invalid length of repeating group: 0
Invalid length of repeating group: 0
24506
MCF_MapCodedFont_Format1
Error at file offset 0x5FBA (MCF_MapCodedFont_Format1): Invalid length of repeating group: 0
false
false
false
ABjTsYoAAAAAAAAAAAjI7UHG0I35QoZ2
app
decodeAFP
MCF_MapCodedFont_Format1.java
56
com.mgz.afp.modca.MCF_MapCodedFont_Format1
false
app
decodeAFP
IAFPDecodeableWriteable.java
64
com.mgz.afp.exceptions.IAFPDecodeableWriteable
false
app
parseNextSFFromBuffer
AFPParser.java
466
com.mgz.afp.parser.AFPParser
false
app
parseNextSF
AFPParser.java
382
com.mgz.afp.parser.AFPParser
false
app
convertToXml
Afp2Xml.java
469
com.mgz.cli.Afp2Xml
false
app
execute
Afp2Xml.java
376
com.mgz.cli.Afp2Xml
false
app
main
Afp2Xml.java
65
com.mgz.cli.Afp2Xml
false
Invalid length of repeating group: 0
Invalid length of repeating group: 0
24531
MCF_MapCodedFont_Format1
Error at file offset 0x5FD3 (MCF_MapCodedFont_Format1): Invalid length of repeating group: 0
false
false
false
ABjTsYoAAAAAAAAAAAjI7UHG0I35QoZ2
app
decodeAFP
MCF_MapCodedFont_Format1.java
56
com.mgz.afp.modca.MCF_MapCodedFont_Format1
false
app
decodeAFP
IAFPDecodeableWriteable.java
64
com.mgz.afp.exceptions.IAFPDecodeableWriteable
false
app
parseNextSFFromBuffer
AFPParser.java
466
com.mgz.afp.parser.AFPParser
false
app
parseNextSF
AFPParser.java
382
com.mgz.afp.parser.AFPParser
false
app
convertToXml
Afp2Xml.java
469
com.mgz.cli.Afp2Xml
false
app
execute
Afp2Xml.java
376
com.mgz.cli.Afp2Xml
false
app
main
Afp2Xml.java
65
com.mgz.cli.Afp2Xml
false
Invalid length of repeating group: 0
Invalid length of repeating group: 0
24556
MCF_MapCodedFont_Format1
Error at file offset 0x5FEC (MCF_MapCodedFont_Format1): Invalid length of repeating group: 0
false
false
false
ABjTsYoAAAAAAAAAAAjI7UHG0I35QoZ2
app
decodeAFP
MCF_MapCodedFont_Format1.java
56
com.mgz.afp.modca.MCF_MapCodedFont_Format1
false
app
decodeAFP
IAFPDecodeableWriteable.java
64
com.mgz.afp.exceptions.IAFPDecodeableWriteable
false
app
parseNextSFFromBuffer
AFPParser.java
466
com.mgz.afp.parser.AFPParser
false
app
parseNextSF
AFPParser.java
382
com.mgz.afp.parser.AFPParser
false
app
convertToXml
Afp2Xml.java
469
com.mgz.cli.Afp2Xml
false
app
execute
Afp2Xml.java
376
com.mgz.cli.Afp2Xml
false
app
main
Afp2Xml.java
65
com.mgz.cli.Afp2Xml
false
Invalid length of repeating group: 0
Invalid length of repeating group: 0
24581
MCF_MapCodedFont_Format1
Error at file offset 0x6005 (MCF_MapCodedFont_Format1): Invalid length of repeating group: 0
false
false
false
ABjTsYoAAAAAAAAAAAjI7UHG0I35QoZ2
app
decodeAFP
MCF_MapCodedFont_Format1.java
56
com.mgz.afp.modca.MCF_MapCodedFont_Format1
false
app
decodeAFP
IAFPDecodeableWriteable.java
64
com.mgz.afp.exceptions.IAFPDecodeableWriteable
false
app
parseNextSFFromBuffer
AFPParser.java
466
com.mgz.afp.parser.AFPParser
false
app
parseNextSF
AFPParser.java
382
com.mgz.afp.parser.AFPParser
false
app
convertToXml
Afp2Xml.java
469
com.mgz.cli.Afp2Xml
false
app
execute
Afp2Xml.java
376
com.mgz.cli.Afp2Xml
false
app
main
Afp2Xml.java
65
com.mgz.cli.Afp2Xml
false
Invalid length of repeating group: 0
Invalid length of repeating group: 0
24606
MCF_MapCodedFont_Format1
Error at file offset 0x601E (MCF_MapCodedFont_Format1): Invalid length of repeating group: 0
false
false
false
ABjTsYoAAAAAAAAAAAjI7UHG0I35QoZ2
app
decodeAFP
MCF_MapCodedFont_Format1.java
56
com.mgz.afp.modca.MCF_MapCodedFont_Format1
false
app
decodeAFP
IAFPDecodeableWriteable.java
64
com.mgz.afp.exceptions.IAFPDecodeableWriteable
false
app
parseNextSFFromBuffer
AFPParser.java
466
com.mgz.afp.parser.AFPParser
false
app
parseNextSF
AFPParser.java
382
com.mgz.afp.parser.AFPParser
false
app
convertToXml
Afp2Xml.java
469
com.mgz.cli.Afp2Xml
false
app
execute
Afp2Xml.java
376
com.mgz.cli.Afp2Xml
false
app
main
Afp2Xml.java
65
com.mgz.cli.Afp2Xml
false
Invalid length of repeating group: 0
Invalid length of repeating group: 0
24631
MCF_MapCodedFont_Format1
Error at file offset 0x6037 (MCF_MapCodedFont_Format1): Invalid length of repeating group: 0
false
false
false
ABjTsYoAAAAAAAAAAAjI7UHG0I35QoZ2
app
decodeAFP
MCF_MapCodedFont_Format1.java
56
com.mgz.afp.modca.MCF_MapCodedFont_Format1
false
app
decodeAFP
IAFPDecodeableWriteable.java
64
com.mgz.afp.exceptions.IAFPDecodeableWriteable
false
app
parseNextSFFromBuffer
AFPParser.java
466
com.mgz.afp.parser.AFPParser
false
app
parseNextSF
AFPParser.java
382
com.mgz.afp.parser.AFPParser
false
app
convertToXml
Afp2Xml.java
469
com.mgz.cli.Afp2Xml
false
app
execute
Afp2Xml.java
376
com.mgz.cli.Afp2Xml
false
app
main
Afp2Xml.java
65
com.mgz.cli.Afp2Xml
false
Invalid length of repeating group: 0
Invalid length of repeating group: 0
24656
MCF_MapCodedFont_Format1
Error at file offset 0x6050 (MCF_MapCodedFont_Format1): Invalid length of repeating group: 0
false
false
false
ABjTsYoAAAAAAAAAAAjI7UHG0I35QoZ2
app
decodeAFP
MCF_MapCodedFont_Format1.java
56
com.mgz.afp.modca.MCF_MapCodedFont_Format1
false
app
decodeAFP
IAFPDecodeableWriteable.java
64
com.mgz.afp.exceptions.IAFPDecodeableWriteable
false
app
parseNextSFFromBuffer
AFPParser.java
466
com.mgz.afp.parser.AFPParser
false
app
parseNextSF
AFPParser.java
382
com.mgz.afp.parser.AFPParser
false
app
convertToXml
Afp2Xml.java
469
com.mgz.cli.Afp2Xml
false
app
execute
Afp2Xml.java
376
com.mgz.cli.Afp2Xml
false
app
main
Afp2Xml.java
65
com.mgz.cli.Afp2Xml
false
Invalid length of repeating group: 0
Invalid length of repeating group: 0
24681
MCF_MapCodedFont_Format1
Error at file offset 0x6069 (MCF_MapCodedFont_Format1): Invalid length of repeating group: 0
false
false
false
ABjTsYoAAAAAAAAAAAjI7UHG0I35QoZ2
app
decodeAFP
MCF_MapCodedFont_Format1.java
56
com.mgz.afp.modca.MCF_MapCodedFont_Format1
false
app
decodeAFP
IAFPDecodeableWriteable.java
64
com.mgz.afp.exceptions.IAFPDecodeableWriteable
false
app
parseNextSFFromBuffer
AFPParser.java
466
com.mgz.afp.parser.AFPParser
false
app
parseNextSF
AFPParser.java
382
com.mgz.afp.parser.AFPParser
false
app
convertToXml
Afp2Xml.java
469
com.mgz.cli.Afp2Xml
false
app
execute
Afp2Xml.java
376
com.mgz.cli.Afp2Xml
false
app
main
Afp2Xml.java
65
com.mgz.cli.Afp2Xml
false
Invalid length of repeating group: 0
Invalid length of repeating group: 0
24706
MCF_MapCodedFont_Format1
Error at file offset 0x6082 (MCF_MapCodedFont_Format1): Invalid length of repeating group: 0
false
false
false
ABjTsYoAAAAAAAAAAAjI7UHG0I35QoZ2
app
decodeAFP
MCF_MapCodedFont_Format1.java
56
com.mgz.afp.modca.MCF_MapCodedFont_Format1
false
app
decodeAFP
IAFPDecodeableWriteable.java
64
com.mgz.afp.exceptions.IAFPDecodeableWriteable
false
app
parseNextSFFromBuffer
AFPParser.java
466
com.mgz.afp.parser.AFPParser
false
app
parseNextSF
AFPParser.java
382
com.mgz.afp.parser.AFPParser
false
app
convertToXml
Afp2Xml.java
469
com.mgz.cli.Afp2Xml
false
app
execute
Afp2Xml.java
376
com.mgz.cli.Afp2Xml
false
app
main
Afp2Xml.java
65
com.mgz.cli.Afp2Xml
false
Invalid length of repeating group: 0
Invalid length of repeating group: 0
24731
MCF_MapCodedFont_Format1
Error at file offset 0x609B (MCF_MapCodedFont_Format1): Invalid length of repeating group: 0
false
false
false
ABjTsYoAAAAAAAAAAAjI7UHG0I35QoZ2
app
decodeAFP
MCF_MapCodedFont_Format1.java
56
com.mgz.afp.modca.MCF_MapCodedFont_Format1
false
app
decodeAFP
IAFPDecodeableWriteable.java
64
com.mgz.afp.exceptions.IAFPDecodeableWriteable
false
app
parseNextSFFromBuffer
AFPParser.java
466
com.mgz.afp.parser.AFPParser
false
app
parseNextSF
AFPParser.java
382
com.mgz.afp.parser.AFPParser
false
app
convertToXml
Afp2Xml.java
469
com.mgz.cli.Afp2Xml
false
app
execute
Afp2Xml.java
376
com.mgz.cli.Afp2Xml
false
app
main
Afp2Xml.java
65
com.mgz.cli.Afp2Xml
false
Invalid length of repeating group: 0
Invalid length of repeating group: 0
24756
MCF_MapCodedFont_Format1
Error at file offset 0x60B4 (MCF_MapCodedFont_Format1): Invalid length of repeating group: 0
false
false
false
ABjTsYoAAAAAAAAAAAjI7UHG0I35QoZ2
app
decodeAFP
MCF_MapCodedFont_Format1.java
56
com.mgz.afp.modca.MCF_MapCodedFont_Format1
false
app
decodeAFP
IAFPDecodeableWriteable.java
64
com.mgz.afp.exceptions.IAFPDecodeableWriteable
false
app
parseNextSFFromBuffer
AFPParser.java
466
com.mgz.afp.parser.AFPParser
false
app
parseNextSF
AFPParser.java
382
com.mgz.afp.parser.AFPParser
false
app
convertToXml
Afp2Xml.java
469
com.mgz.cli.Afp2Xml
false
app
execute
Afp2Xml.java
376
com.mgz.cli.Afp2Xml
false
app
main
Afp2Xml.java
65
com.mgz.cli.Afp2Xml
false
Invalid length of repeating group: 0
Invalid length of repeating group: 0
24781
MCF_MapCodedFont_Format1
Error at file offset 0x60CD (MCF_MapCodedFont_Format1): Invalid length of repeating group: 0
false
false
false
ABjTsYoAAAAAAAAAAAjI7UHG0I35QoZ2
app
decodeAFP
MCF_MapCodedFont_Format1.java
56
com.mgz.afp.modca.MCF_MapCodedFont_Format1
false
app
decodeAFP
IAFPDecodeableWriteable.java
64
com.mgz.afp.exceptions.IAFPDecodeableWriteable
false
app
parseNextSFFromBuffer
AFPParser.java
466
com.mgz.afp.parser.AFPParser
false
app
parseNextSF
AFPParser.java
382
com.mgz.afp.parser.AFPParser
false
app
convertToXml
Afp2Xml.java
469
com.mgz.cli.Afp2Xml
false
app
execute
Afp2Xml.java
376
com.mgz.cli.Afp2Xml
false
app
main
Afp2Xml.java
65
com.mgz.cli.Afp2Xml
false
Invalid length of repeating group: 0
Invalid length of repeating group: 0
24806
MCF_MapCodedFont_Format1
Error at file offset 0x60E6 (MCF_MapCodedFont_Format1): Invalid length of repeating group: 0
false
false
false
ABjTsYoAAAAAAAAAAAjI7UHG0I35QoZ2
app
decodeAFP
MCF_MapCodedFont_Format1.java
56
com.mgz.afp.modca.MCF_MapCodedFont_Format1
false
app
decodeAFP
IAFPDecodeableWriteable.java
64
com.mgz.afp.exceptions.IAFPDecodeableWriteable
false
app
parseNextSFFromBuffer
AFPParser.java
466
com.mgz.afp.parser.AFPParser
false
app
parseNextSF
AFPParser.java
382
com.mgz.afp.parser.AFPParser
false
app
convertToXml
Afp2Xml.java
469
com.mgz.cli.Afp2Xml
false
app
execute
Afp2Xml.java
376
com.mgz.cli.Afp2Xml
false
app
main
Afp2Xml.java
65
com.mgz.cli.Afp2Xml
false
Invalid length of repeating group: 0
Invalid length of repeating group: 0
24831
MCF_MapCodedFont_Format1
Error at file offset 0x60FF (MCF_MapCodedFont_Format1): Invalid length of repeating group: 0
false
false
false
ABjTsYoAAAAAAAAAAAjI7UHG0I35QoZ2
app
decodeAFP
MCF_MapCodedFont_Format1.java
56
com.mgz.afp.modca.MCF_MapCodedFont_Format1
false
app
decodeAFP
IAFPDecodeableWriteable.java
64
com.mgz.afp.exceptions.IAFPDecodeableWriteable
false
app
parseNextSFFromBuffer
AFPParser.java
466
com.mgz.afp.parser.AFPParser
false
app
parseNextSF
AFPParser.java
382
com.mgz.afp.parser.AFPParser
false
app
convertToXml
Afp2Xml.java
469
com.mgz.cli.Afp2Xml
false
app
execute
Afp2Xml.java
376
com.mgz.cli.Afp2Xml
false
app
main
Afp2Xml.java
65
com.mgz.cli.Afp2Xml
false
Invalid length of repeating group: 0
Invalid length of repeating group: 0
24856
MCF_MapCodedFont_Format1
Error at file offset 0x6118 (MCF_MapCodedFont_Format1): Invalid length of repeating group: 0
false
false
false
ABjTsYoAAAAAAAAAAAjI7UHG0I35QoZ2
app
decodeAFP
MCF_MapCodedFont_Format1.java
56
com.mgz.afp.modca.MCF_MapCodedFont_Format1
false
app
decodeAFP
IAFPDecodeableWriteable.java
64
com.mgz.afp.exceptions.IAFPDecodeableWriteable
false
app
parseNextSFFromBuffer
AFPParser.java
466
com.mgz.afp.parser.AFPParser
false
app
parseNextSF
AFPParser.java
382
com.mgz.afp.parser.AFPParser
false
app
convertToXml
Afp2Xml.java
469
com.mgz.cli.Afp2Xml
false
app
execute
Afp2Xml.java
376
com.mgz.cli.Afp2Xml
false
app
main
Afp2Xml.java
65
com.mgz.cli.Afp2Xml
false
Invalid length of repeating group: 0
Invalid length of repeating group: 0
24881
MCF_MapCodedFont_Format1
Error at file offset 0x6131 (MCF_MapCodedFont_Format1): Invalid length of repeating group: 0
false
false
false
ABjTsYoAAAAAAAAAAAjI7UHG0I35QoZ2
app
decodeAFP
MCF_MapCodedFont_Format1.java
56
com.mgz.afp.modca.MCF_MapCodedFont_Format1
false
app
decodeAFP
IAFPDecodeableWriteable.java
64
com.mgz.afp.exceptions.IAFPDecodeableWriteable
false
app
parseNextSFFromBuffer
AFPParser.java
466
com.mgz.afp.parser.AFPParser
false
app
parseNextSF
AFPParser.java
382
com.mgz.afp.parser.AFPParser
false
app
convertToXml
Afp2Xml.java
469
com.mgz.cli.Afp2Xml
false
app
execute
Afp2Xml.java
376
com.mgz.cli.Afp2Xml
false
app
main
Afp2Xml.java
65
com.mgz.cli.Afp2Xml
false
Invalid length of repeating group: 0
Invalid length of repeating group: 0
24906
MCF_MapCodedFont_Format1
Error at file offset 0x614A (MCF_MapCodedFont_Format1): Invalid length of repeating group: 0
false
false
false
ABjTsYoAAAAAAAAAAAjI7UHG0I35QoZ2
app
decodeAFP
MCF_MapCodedFont_Format1.java
56
com.mgz.afp.modca.MCF_MapCodedFont_Format1
false
app
decodeAFP
IAFPDecodeableWriteable.java
64
com.mgz.afp.exceptions.IAFPDecodeableWriteable
false
app
parseNextSFFromBuffer
AFPParser.java
466
com.mgz.afp.parser.AFPParser
false
app
parseNextSF
AFPParser.java
382
com.mgz.afp.parser.AFPParser
false
app
convertToXml
Afp2Xml.java
469
com.mgz.cli.Afp2Xml
false
app
execute
Afp2Xml.java
376
com.mgz.cli.Afp2Xml
false
app
main
Afp2Xml.java
65
com.mgz.cli.Afp2Xml
false
Invalid length of repeating group: 0
Invalid length of repeating group: 0
24931
MCF_MapCodedFont_Format1
Error at file offset 0x6163 (MCF_MapCodedFont_Format1): Invalid length of repeating group: 0
false
false
false
ABjTsYoAAAAAAAAAAAjI7UHG0I35QoZ2
app
decodeAFP
MCF_MapCodedFont_Format1.java
56
com.mgz.afp.modca.MCF_MapCodedFont_Format1
false
app
decodeAFP
IAFPDecodeableWriteable.java
64
com.mgz.afp.exceptions.IAFPDecodeableWriteable
false
app
parseNextSFFromBuffer
AFPParser.java
466
com.mgz.afp.parser.AFPParser
false
app
parseNextSF
AFPParser.java
382
com.mgz.afp.parser.AFPParser
false
app
convertToXml
Afp2Xml.java
469
com.mgz.cli.Afp2Xml
false
app
execute
Afp2Xml.java
376
com.mgz.cli.Afp2Xml
false
app
main
Afp2Xml.java
65
com.mgz.cli.Afp2Xml
false
Invalid length of repeating group: 0
Invalid length of repeating group: 0
24956
MCF_MapCodedFont_Format1
Error at file offset 0x617C (MCF_MapCodedFont_Format1): Invalid length of repeating group: 0
false
false
false
ABjTsYoAAAAAAAAAAAjI7UHG0I35QoZ2
app
decodeAFP
MCF_MapCodedFont_Format1.java
56
com.mgz.afp.modca.MCF_MapCodedFont_Format1
false
app
decodeAFP
IAFPDecodeableWriteable.java
64
com.mgz.afp.exceptions.IAFPDecodeableWriteable
false
app
parseNextSFFromBuffer
AFPParser.java
466
com.mgz.afp.parser.AFPParser
false
app
parseNextSF
AFPParser.java
382
com.mgz.afp.parser.AFPParser
false
app
convertToXml
Afp2Xml.java
469
com.mgz.cli.Afp2Xml
false
app
execute
Afp2Xml.java
376
com.mgz.cli.Afp2Xml
false
app
main
Afp2Xml.java
65
com.mgz.cli.Afp2Xml
false
Invalid length of repeating group: 0
Invalid length of repeating group: 0
24981
MCF_MapCodedFont_Format1
Error at file offset 0x6195 (MCF_MapCodedFont_Format1): Invalid length of repeating group: 0
false
false
false
ABjTsYoAAAAAAAAAAAjI7UHG0I35QoZ2
app
decodeAFP
MCF_MapCodedFont_Format1.java
56
com.mgz.afp.modca.MCF_MapCodedFont_Format1
false
app
decodeAFP
IAFPDecodeableWriteable.java
64
com.mgz.afp.exceptions.IAFPDecodeableWriteable
false
app
parseNextSFFromBuffer
AFPParser.java
466
com.mgz.afp.parser.AFPParser
false
app
parseNextSF
AFPParser.java
382
com.mgz.afp.parser.AFPParser
false
app
convertToXml
Afp2Xml.java
469
com.mgz.cli.Afp2Xml
false
app
execute
Afp2Xml.java
376
com.mgz.cli.Afp2Xml
false
app
main
Afp2Xml.java
65
com.mgz.cli.Afp2Xml
false
Invalid length of repeating group: 0
Invalid length of repeating group: 0
25006
MCF_MapCodedFont_Format1
Error at file offset 0x61AE (MCF_MapCodedFont_Format1): Invalid length of repeating group: 0
false
false
false
ABjTsYoAAAAAAAAAAAjI7UHG0I35QoZ2
app
decodeAFP
MCF_MapCodedFont_Format1.java
56
com.mgz.afp.modca.MCF_MapCodedFont_Format1
false
app
decodeAFP
IAFPDecodeableWriteable.java
64
com.mgz.afp.exceptions.IAFPDecodeableWriteable
false
app
parseNextSFFromBuffer
AFPParser.java
466
com.mgz.afp.parser.AFPParser
false
app
parseNextSF
AFPParser.java
382
com.mgz.afp.parser.AFPParser
false
app
convertToXml
Afp2Xml.java
469
com.mgz.cli.Afp2Xml
false
app
execute
Afp2Xml.java
376
com.mgz.cli.Afp2Xml
false
app
main
Afp2Xml.java
65
com.mgz.cli.Afp2Xml
false
Invalid length of repeating group: 0
Invalid length of repeating group: 0
25031
MCF_MapCodedFont_Format1
Error at file offset 0x61C7 (MCF_MapCodedFont_Format1): Invalid length of repeating group: 0
false
false
false
ABjTsYoAAAAAAAAAAAjI7UHG0I35QoZ2
app
decodeAFP
MCF_MapCodedFont_Format1.java
56
com.mgz.afp.modca.MCF_MapCodedFont_Format1
false
app
decodeAFP
IAFPDecodeableWriteable.java
64
com.mgz.afp.exceptions.IAFPDecodeableWriteable
false
app
parseNextSFFromBuffer
AFPParser.java
466
com.mgz.afp.parser.AFPParser
false
app
parseNextSF
AFPParser.java
382
com.mgz.afp.parser.AFPParser
false
app
convertToXml
Afp2Xml.java
469
com.mgz.cli.Afp2Xml
false
app
execute
Afp2Xml.java
376
com.mgz.cli.Afp2Xml
false
app
main
Afp2Xml.java
65
com.mgz.cli.Afp2Xml
false
Invalid length of repeating group: 0
Invalid length of repeating group: 0
25056
MCF_MapCodedFont_Format1
Error at file offset 0x61E0 (MCF_MapCodedFont_Format1): Invalid length of repeating group: 0
false
false
false
ABjTsYoAAAAAAAAAAAjI7UHG0I35QoZ2
app
decodeAFP
MCF_MapCodedFont_Format1.java
56
com.mgz.afp.modca.MCF_MapCodedFont_Format1
false
app
decodeAFP
IAFPDecodeableWriteable.java
64
com.mgz.afp.exceptions.IAFPDecodeableWriteable
false
app
parseNextSFFromBuffer
AFPParser.java
466
com.mgz.afp.parser.AFPParser
false
app
parseNextSF
AFPParser.java
382
com.mgz.afp.parser.AFPParser
false
app
convertToXml
Afp2Xml.java
469
com.mgz.cli.Afp2Xml
false
app
execute
Afp2Xml.java
376
com.mgz.cli.Afp2Xml
false
app
main
Afp2Xml.java
65
com.mgz.cli.Afp2Xml
false
Invalid length of repeating group: 0
Invalid length of repeating group: 0
25081
MCF_MapCodedFont_Format1
Error at file offset 0x61F9 (MCF_MapCodedFont_Format1): Invalid length of repeating group: 0
false
false
false
ABjTsYoAAAAAAAAAAAjI7UHG0I35QoZ2
app
decodeAFP
MCF_MapCodedFont_Format1.java
56
com.mgz.afp.modca.MCF_MapCodedFont_Format1
false
app
decodeAFP
IAFPDecodeableWriteable.java
64
com.mgz.afp.exceptions.IAFPDecodeableWriteable
false
app
parseNextSFFromBuffer
AFPParser.java
466
com.mgz.afp.parser.AFPParser
false
app
parseNextSF
AFPParser.java
382
com.mgz.afp.parser.AFPParser
false
app
convertToXml
Afp2Xml.java
469
com.mgz.cli.Afp2Xml
false
app
execute
Afp2Xml.java
376
com.mgz.cli.Afp2Xml
false
app
main
Afp2Xml.java
65
com.mgz.cli.Afp2Xml
false
Invalid length of repeating group: 0
Invalid length of repeating group: 0
25106
MCF_MapCodedFont_Format1
Error at file offset 0x6212 (MCF_MapCodedFont_Format1): Invalid length of repeating group: 0
false
false
false
ABjTsYoAAAAAAAAAAAjI7UHG0I35QoZ2
app
decodeAFP
MCF_MapCodedFont_Format1.java
56
com.mgz.afp.modca.MCF_MapCodedFont_Format1
false
app
decodeAFP
IAFPDecodeableWriteable.java
64
com.mgz.afp.exceptions.IAFPDecodeableWriteable
false
app
parseNextSFFromBuffer
AFPParser.java
466
com.mgz.afp.parser.AFPParser
false
app
parseNextSF
AFPParser.java
382
com.mgz.afp.parser.AFPParser
false
app
convertToXml
Afp2Xml.java
469
com.mgz.cli.Afp2Xml
false
app
execute
Afp2Xml.java
376
com.mgz.cli.Afp2Xml
false
app
main
Afp2Xml.java
65
com.mgz.cli.Afp2Xml
false
Invalid length of repeating group: 0
Invalid length of repeating group: 0
25131
MCF_MapCodedFont_Format1
Error at file offset 0x622B (MCF_MapCodedFont_Format1): Invalid length of repeating group: 0
false
false
false
ABjTsYoAAAAAAAAAAAjI7UHG0I35QoZ2
app
decodeAFP
MCF_MapCodedFont_Format1.java
56
com.mgz.afp.modca.MCF_MapCodedFont_Format1
false
app
decodeAFP
IAFPDecodeableWriteable.java
64
com.mgz.afp.exceptions.IAFPDecodeableWriteable
false
app
parseNextSFFromBuffer
AFPParser.java
466
com.mgz.afp.parser.AFPParser
false
app
parseNextSF
AFPParser.java
382
com.mgz.afp.parser.AFPParser
false
app
convertToXml
Afp2Xml.java
469
com.mgz.cli.Afp2Xml
false
app
execute
Afp2Xml.java
376
com.mgz.cli.Afp2Xml
false
app
main
Afp2Xml.java
65
com.mgz.cli.Afp2Xml
false
Invalid length of repeating group: 0
Invalid length of repeating group: 0
25156
MCF_MapCodedFont_Format1
Error at file offset 0x6244 (MCF_MapCodedFont_Format1): Invalid length of repeating group: 0
false
false
false
ABjTsYoAAAAAAAAAAAjI7UHG0I35QoZ2
app
decodeAFP
MCF_MapCodedFont_Format1.java
56
com.mgz.afp.modca.MCF_MapCodedFont_Format1
false
app
decodeAFP
IAFPDecodeableWriteable.java
64
com.mgz.afp.exceptions.IAFPDecodeableWriteable
false
app
parseNextSFFromBuffer
AFPParser.java
466
com.mgz.afp.parser.AFPParser
false
app
parseNextSF
AFPParser.java
382
com.mgz.afp.parser.AFPParser
false
app
convertToXml
Afp2Xml.java
469
com.mgz.cli.Afp2Xml
false
app
execute
Afp2Xml.java
376
com.mgz.cli.Afp2Xml
false
app
main
Afp2Xml.java
65
com.mgz.cli.Afp2Xml
false
Invalid length of repeating group: 0
Invalid length of repeating group: 0
25181
MCF_MapCodedFont_Format1
Error at file offset 0x625D (MCF_MapCodedFont_Format1): Invalid length of repeating group: 0
false
false
false
ABjTsYoAAAAAAAAAAAjI7UHG0I35QoZ2
app
decodeAFP
MCF_MapCodedFont_Format1.java
56
com.mgz.afp.modca.MCF_MapCodedFont_Format1
false
app
decodeAFP
IAFPDecodeableWriteable.java
64
com.mgz.afp.exceptions.IAFPDecodeableWriteable
false
app
parseNextSFFromBuffer
AFPParser.java
466
com.mgz.afp.parser.AFPParser
false
app
parseNextSF
AFPParser.java
382
com.mgz.afp.parser.AFPParser
false
app
convertToXml
Afp2Xml.java
469
com.mgz.cli.Afp2Xml
false
app
execute
Afp2Xml.java
376
com.mgz.cli.Afp2Xml
false
app
main
Afp2Xml.java
65
com.mgz.cli.Afp2Xml
false
Invalid length of repeating group: 0
Invalid length of repeating group: 0
25206
MCF_MapCodedFont_Format1
Error at file offset 0x6276 (MCF_MapCodedFont_Format1): Invalid length of repeating group: 0
false
false
false
ABjTsYoAAAAAAAAAAAjI7UHG0I35QoZ2
app
decodeAFP
MCF_MapCodedFont_Format1.java
56
com.mgz.afp.modca.MCF_MapCodedFont_Format1
false
app
decodeAFP
IAFPDecodeableWriteable.java
64
com.mgz.afp.exceptions.IAFPDecodeableWriteable
false
app
parseNextSFFromBuffer
AFPParser.java
466
com.mgz.afp.parser.AFPParser
false
app
parseNextSF
AFPParser.java
382
com.mgz.afp.parser.AFPParser
false
app
convertToXml
Afp2Xml.java
469
com.mgz.cli.Afp2Xml
false
app
execute
Afp2Xml.java
376
com.mgz.cli.Afp2Xml
false
app
main
Afp2Xml.java
65
com.mgz.cli.Afp2Xml
false
Invalid length of repeating group: 0
Invalid length of repeating group: 0
25231
MCF_MapCodedFont_Format1
Error at file offset 0x628F (MCF_MapCodedFont_Format1): Invalid length of repeating group: 0
false
false
false
ABjTsYoAAAAAAAAAAAjI7UHG0I35QoZ2
app
decodeAFP
MCF_MapCodedFont_Format1.java
56
com.mgz.afp.modca.MCF_MapCodedFont_Format1
false
app
decodeAFP
IAFPDecodeableWriteable.java
64
com.mgz.afp.exceptions.IAFPDecodeableWriteable
false
app
parseNextSFFromBuffer
AFPParser.java
466
com.mgz.afp.parser.AFPParser
false
app
parseNextSF
AFPParser.java
382
com.mgz.afp.parser.AFPParser
false
app
convertToXml
Afp2Xml.java
469
com.mgz.cli.Afp2Xml
false
app
execute
Afp2Xml.java
376
com.mgz.cli.Afp2Xml
false
app
main
Afp2Xml.java
65
com.mgz.cli.Afp2Xml
false
Invalid length of repeating group: 0
Invalid length of repeating group: 0
25256
MCF_MapCodedFont_Format1
Error at file offset 0x62A8 (MCF_MapCodedFont_Format1): Invalid length of repeating group: 0
false
false
false
ABjTsYoAAAAAAAAAAAjI7UHG0I35QoZ2
app
decodeAFP
MCF_MapCodedFont_Format1.java
56
com.mgz.afp.modca.MCF_MapCodedFont_Format1
false
app
decodeAFP
IAFPDecodeableWriteable.java
64
com.mgz.afp.exceptions.IAFPDecodeableWriteable
false
app
parseNextSFFromBuffer
AFPParser.java
466
com.mgz.afp.parser.AFPParser
false
app
parseNextSF
AFPParser.java
382
com.mgz.afp.parser.AFPParser
false
app
convertToXml
Afp2Xml.java
469
com.mgz.cli.Afp2Xml
false
app
execute
Afp2Xml.java
376
com.mgz.cli.Afp2Xml
false
app
main
Afp2Xml.java
65
com.mgz.cli.Afp2Xml
false
Invalid length of repeating group: 0
Invalid length of repeating group: 0
25281
MCF_MapCodedFont_Format1
Error at file offset 0x62C1 (MCF_MapCodedFont_Format1): Invalid length of repeating group: 0
false
false
false
ABjTsYoAAAAAAAAAAAjI7UHG0I35QoZ2
app
decodeAFP
MCF_MapCodedFont_Format1.java
56
com.mgz.afp.modca.MCF_MapCodedFont_Format1
false
app
decodeAFP
IAFPDecodeableWriteable.java
64
com.mgz.afp.exceptions.IAFPDecodeableWriteable
false
app
parseNextSFFromBuffer
AFPParser.java
466
com.mgz.afp.parser.AFPParser
false
app
parseNextSF
AFPParser.java
382
com.mgz.afp.parser.AFPParser
false
app
convertToXml
Afp2Xml.java
469
com.mgz.cli.Afp2Xml
false
app
execute
Afp2Xml.java
376
com.mgz.cli.Afp2Xml
false
app
main
Afp2Xml.java
65
com.mgz.cli.Afp2Xml
false
Invalid length of repeating group: 0
Invalid length of repeating group: 0
25306
MCF_MapCodedFont_Format1
Error at file offset 0x62DA (MCF_MapCodedFont_Format1): Invalid length of repeating group: 0
false
false
false
ABjTsYoAAAAAAAAAAAjI7UHG0I35QoZ2
app
decodeAFP
MCF_MapCodedFont_Format1.java
56
com.mgz.afp.modca.MCF_MapCodedFont_Format1
false
app
decodeAFP
IAFPDecodeableWriteable.java
64
com.mgz.afp.exceptions.IAFPDecodeableWriteable
false
app
parseNextSFFromBuffer
AFPParser.java
466
com.mgz.afp.parser.AFPParser
false
app
parseNextSF
AFPParser.java
382
com.mgz.afp.parser.AFPParser
false
app
convertToXml
Afp2Xml.java
469
com.mgz.cli.Afp2Xml
false
app
execute
Afp2Xml.java
376
com.mgz.cli.Afp2Xml
false
app
main
Afp2Xml.java
65
com.mgz.cli.Afp2Xml
false
Invalid length of repeating group: 0
Invalid length of repeating group: 0
25331
MCF_MapCodedFont_Format1
Error at file offset 0x62F3 (MCF_MapCodedFont_Format1): Invalid length of repeating group: 0
false
false
false
ABjTsYoAAAAAAAAAAAjI7UHG0I35QoZ2
app
decodeAFP
MCF_MapCodedFont_Format1.java
56
com.mgz.afp.modca.MCF_MapCodedFont_Format1
false
app
decodeAFP
IAFPDecodeableWriteable.java
64
com.mgz.afp.exceptions.IAFPDecodeableWriteable
false
app
parseNextSFFromBuffer
AFPParser.java
466
com.mgz.afp.parser.AFPParser
false
app
parseNextSF
AFPParser.java
382
com.mgz.afp.parser.AFPParser
false
app
convertToXml
Afp2Xml.java
469
com.mgz.cli.Afp2Xml
false
app
execute
Afp2Xml.java
376
com.mgz.cli.Afp2Xml
false
app
main
Afp2Xml.java
65
com.mgz.cli.Afp2Xml
false
Invalid length of repeating group: 0
Invalid length of repeating group: 0
25356
MCF_MapCodedFont_Format1
Error at file offset 0x630C (MCF_MapCodedFont_Format1): Invalid length of repeating group: 0
false
false
false
ABjTsYoAAAAAAAAAAAjI7UHG0I35QoZ2
app
decodeAFP
MCF_MapCodedFont_Format1.java
56
com.mgz.afp.modca.MCF_MapCodedFont_Format1
false
app
decodeAFP
IAFPDecodeableWriteable.java
64
com.mgz.afp.exceptions.IAFPDecodeableWriteable
false
app
parseNextSFFromBuffer
AFPParser.java
466
com.mgz.afp.parser.AFPParser
false
app
parseNextSF
AFPParser.java
382
com.mgz.afp.parser.AFPParser
false
app
convertToXml
Afp2Xml.java
469
com.mgz.cli.Afp2Xml
false
app
execute
Afp2Xml.java
376
com.mgz.cli.Afp2Xml
false
app
main
Afp2Xml.java
65
com.mgz.cli.Afp2Xml
false
Invalid length of repeating group: 0
Invalid length of repeating group: 0
25381
MCF_MapCodedFont_Format1
Error at file offset 0x6325 (MCF_MapCodedFont_Format1): Invalid length of repeating group: 0
false
false
false
ABjTsYoAAAAAAAAAAAjI7UHG0I35QoZ2
app
decodeAFP
MCF_MapCodedFont_Format1.java
56
com.mgz.afp.modca.MCF_MapCodedFont_Format1
false
app
decodeAFP
IAFPDecodeableWriteable.java
64
com.mgz.afp.exceptions.IAFPDecodeableWriteable
false
app
parseNextSFFromBuffer
AFPParser.java
466
com.mgz.afp.parser.AFPParser
false
app
parseNextSF
AFPParser.java
382
com.mgz.afp.parser.AFPParser
false
app
convertToXml
Afp2Xml.java
469
com.mgz.cli.Afp2Xml
false
app
execute
Afp2Xml.java
376
com.mgz.cli.Afp2Xml
false
app
main
Afp2Xml.java
65
com.mgz.cli.Afp2Xml
false
Invalid length of repeating group: 0
Invalid length of repeating group: 0
25406
MCF_MapCodedFont_Format1
Error at file offset 0x633E (MCF_MapCodedFont_Format1): Invalid length of repeating group: 0
false
false
false
ABjTsYoAAAAAAAAAAAjI7UHG0I35QoZ2
app
decodeAFP
MCF_MapCodedFont_Format1.java
56
com.mgz.afp.modca.MCF_MapCodedFont_Format1
false
app
decodeAFP
IAFPDecodeableWriteable.java
64
com.mgz.afp.exceptions.IAFPDecodeableWriteable
false
app
parseNextSFFromBuffer
AFPParser.java
466
com.mgz.afp.parser.AFPParser
false
app
parseNextSF
AFPParser.java
382
com.mgz.afp.parser.AFPParser
false
app
convertToXml
Afp2Xml.java
469
com.mgz.cli.Afp2Xml
false
app
execute
Afp2Xml.java
376
com.mgz.cli.Afp2Xml
false
app
main
Afp2Xml.java
65
com.mgz.cli.Afp2Xml
false
Invalid length of repeating group: 0
Invalid length of repeating group: 0
25431
MCF_MapCodedFont_Format1
Error at file offset 0x6357 (MCF_MapCodedFont_Format1): Invalid length of repeating group: 0
false
false
false
ABjTsYoAAAAAAAAAAAjI7UHG0I35QoZ2
app
decodeAFP
MCF_MapCodedFont_Format1.java
56
com.mgz.afp.modca.MCF_MapCodedFont_Format1
false
app
decodeAFP
IAFPDecodeableWriteable.java
64
com.mgz.afp.exceptions.IAFPDecodeableWriteable
false
app
parseNextSFFromBuffer
AFPParser.java
466
com.mgz.afp.parser.AFPParser
false
app
parseNextSF
AFPParser.java
382
com.mgz.afp.parser.AFPParser
false
app
convertToXml
Afp2Xml.java
469
com.mgz.cli.Afp2Xml
false
app
execute
Afp2Xml.java
376
com.mgz.cli.Afp2Xml
false
app
main
Afp2Xml.java
65
com.mgz.cli.Afp2Xml
false
Invalid length of repeating group: 0
Invalid length of repeating group: 0
25456
MCF_MapCodedFont_Format1
Error at file offset 0x6370 (MCF_MapCodedFont_Format1): Invalid length of repeating group: 0
false
false
false
ABjTsYoAAAAAAAAAAAjI7UHG0I35QoZ2
app
decodeAFP
MCF_MapCodedFont_Format1.java
56
com.mgz.afp.modca.MCF_MapCodedFont_Format1
false
app
decodeAFP
IAFPDecodeableWriteable.java
64
com.mgz.afp.exceptions.IAFPDecodeableWriteable
false
app
parseNextSFFromBuffer
AFPParser.java
466
com.mgz.afp.parser.AFPParser
false
app
parseNextSF
AFPParser.java
382
com.mgz.afp.parser.AFPParser
false
app
convertToXml
Afp2Xml.java
469
com.mgz.cli.Afp2Xml
false
app
execute
Afp2Xml.java
376
com.mgz.cli.Afp2Xml
false
app
main
Afp2Xml.java
65
com.mgz.cli.Afp2Xml
false
Invalid length of repeating group: 0
Invalid length of repeating group: 0
25481
MCF_MapCodedFont_Format1
Error at file offset 0x6389 (MCF_MapCodedFont_Format1): Invalid length of repeating group: 0
false
false
false
ABjTsYoAAAAAAAAAAAjI7UHG0I35QoZ2
app
decodeAFP
MCF_MapCodedFont_Format1.java
56
com.mgz.afp.modca.MCF_MapCodedFont_Format1
false
app
decodeAFP
IAFPDecodeableWriteable.java
64
com.mgz.afp.exceptions.IAFPDecodeableWriteable
false
app
parseNextSFFromBuffer
AFPParser.java
466
com.mgz.afp.parser.AFPParser
false
app
parseNextSF
AFPParser.java
382
com.mgz.afp.parser.AFPParser
false
app
convertToXml
Afp2Xml.java
469
com.mgz.cli.Afp2Xml
false
app
execute
Afp2Xml.java
376
com.mgz.cli.Afp2Xml
false
app
main
Afp2Xml.java
65
com.mgz.cli.Afp2Xml
false
Invalid length of repeating group: 0
Invalid length of repeating group: 0
25506
MCF_MapCodedFont_Format1
Error at file offset 0x63A2 (MCF_MapCodedFont_Format1): Invalid length of repeating group: 0
false
false
false
ABjTsYoAAAAAAAAAAAjI7UHG0I35QoZ2
app
decodeAFP
MCF_MapCodedFont_Format1.java
56
com.mgz.afp.modca.MCF_MapCodedFont_Format1
false
app
decodeAFP
IAFPDecodeableWriteable.java
64
com.mgz.afp.exceptions.IAFPDecodeableWriteable
false
app
parseNextSFFromBuffer
AFPParser.java
466
com.mgz.afp.parser.AFPParser
false
app
parseNextSF
AFPParser.java
382
com.mgz.afp.parser.AFPParser
false
app
convertToXml
Afp2Xml.java
469
com.mgz.cli.Afp2Xml
false
app
execute
Afp2Xml.java
376
com.mgz.cli.Afp2Xml
false
app
main
Afp2Xml.java
65
com.mgz.cli.Afp2Xml
false
Invalid length of repeating group: 0
Invalid length of repeating group: 0
25531
MCF_MapCodedFont_Format1
Error at file offset 0x63BB (MCF_MapCodedFont_Format1): Invalid length of repeating group: 0
false
false
false
ABjTsYoAAAAAAAAAAAjI7UHG0I35QoZ2
app
decodeAFP
MCF_MapCodedFont_Format1.java
56
com.mgz.afp.modca.MCF_MapCodedFont_Format1
false
app
decodeAFP
IAFPDecodeableWriteable.java
64
com.mgz.afp.exceptions.IAFPDecodeableWriteable
false
app
parseNextSFFromBuffer
AFPParser.java
466
com.mgz.afp.parser.AFPParser
false
app
parseNextSF
AFPParser.java
382
com.mgz.afp.parser.AFPParser
false
app
convertToXml
Afp2Xml.java
469
com.mgz.cli.Afp2Xml
false
app
execute
Afp2Xml.java
376
com.mgz.cli.Afp2Xml
false
app
main
Afp2Xml.java
65
com.mgz.cli.Afp2Xml
false
Invalid length of repeating group: 0
Invalid length of repeating group: 0
25556
MCF_MapCodedFont_Format1
Error at file offset 0x63D4 (MCF_MapCodedFont_Format1): Invalid length of repeating group: 0
false
false
false
ABjTsYoAAAAAAAAAAAjI7UHG0I35QoZ2
app
decodeAFP
MCF_MapCodedFont_Format1.java
56
com.mgz.afp.modca.MCF_MapCodedFont_Format1
false
app
decodeAFP
IAFPDecodeableWriteable.java
64
com.mgz.afp.exceptions.IAFPDecodeableWriteable
false
app
parseNextSFFromBuffer
AFPParser.java
466
com.mgz.afp.parser.AFPParser
false
app
parseNextSF
AFPParser.java
382
com.mgz.afp.parser.AFPParser
false
app
convertToXml
Afp2Xml.java
469
com.mgz.cli.Afp2Xml
false
app
execute
Afp2Xml.java
376
com.mgz.cli.Afp2Xml
false
app
main
Afp2Xml.java
65
com.mgz.cli.Afp2Xml
false
Invalid length of repeating group: 0
Invalid length of repeating group: 0
25581
MCF_MapCodedFont_Format1
Error at file offset 0x63ED (MCF_MapCodedFont_Format1): Invalid length of repeating group: 0
false
false
false
ABjTsYoAAAAAAAAAAAjI7UHG0I35QoZ2
app
decodeAFP
MCF_MapCodedFont_Format1.java
56
com.mgz.afp.modca.MCF_MapCodedFont_Format1
false
app
decodeAFP
IAFPDecodeableWriteable.java
64
com.mgz.afp.exceptions.IAFPDecodeableWriteable
false
app
parseNextSFFromBuffer
AFPParser.java
466
com.mgz.afp.parser.AFPParser
false
app
parseNextSF
AFPParser.java
382
com.mgz.afp.parser.AFPParser
false
app
convertToXml
Afp2Xml.java
469
com.mgz.cli.Afp2Xml
false
app
execute
Afp2Xml.java
376
com.mgz.cli.Afp2Xml
false
app
main
Afp2Xml.java
65
com.mgz.cli.Afp2Xml
false
Invalid length of repeating group: 0
Invalid length of repeating group: 0
25606
MCF_MapCodedFont_Format1
Error at file offset 0x6406 (MCF_MapCodedFont_Format1): Invalid length of repeating group: 0
false
false
false
ABjTsYoAAAAAAAAAAAjI7UHG0I35QoZ2
app
decodeAFP
MCF_MapCodedFont_Format1.java
56
com.mgz.afp.modca.MCF_MapCodedFont_Format1
false
app
decodeAFP
IAFPDecodeableWriteable.java
64
com.mgz.afp.exceptions.IAFPDecodeableWriteable
false
app
parseNextSFFromBuffer
AFPParser.java
466
com.mgz.afp.parser.AFPParser
false
app
parseNextSF
AFPParser.java
382
com.mgz.afp.parser.AFPParser
false
app
convertToXml
Afp2Xml.java
469
com.mgz.cli.Afp2Xml
false
app
execute
Afp2Xml.java
376
com.mgz.cli.Afp2Xml
false
app
main
Afp2Xml.java
65
com.mgz.cli.Afp2Xml
false
Invalid length of repeating group: 0
Invalid length of repeating group: 0
25631
MCF_MapCodedFont_Format1
Error at file offset 0x641F (MCF_MapCodedFont_Format1): Invalid length of repeating group: 0
false
false
false
ABjTsYoAAAAAAAAAAAjI7UHG0I35QoZ2
app
decodeAFP
MCF_MapCodedFont_Format1.java
56
com.mgz.afp.modca.MCF_MapCodedFont_Format1
false
app
decodeAFP
IAFPDecodeableWriteable.java
64
com.mgz.afp.exceptions.IAFPDecodeableWriteable
false
app
parseNextSFFromBuffer
AFPParser.java
466
com.mgz.afp.parser.AFPParser
false
app
parseNextSF
AFPParser.java
382
com.mgz.afp.parser.AFPParser
false
app
convertToXml
Afp2Xml.java
469
com.mgz.cli.Afp2Xml
false
app
execute
Afp2Xml.java
376
com.mgz.cli.Afp2Xml
false
app
main
Afp2Xml.java
65
com.mgz.cli.Afp2Xml
false
Invalid length of repeating group: 0
Invalid length of repeating group: 0
25656
MCF_MapCodedFont_Format1
Error at file offset 0x6438 (MCF_MapCodedFont_Format1): Invalid length of repeating group: 0
false
false
false
ABjTsYoAAAAAAAAAAAjI7UHG0I35QoZ2
app
decodeAFP
MCF_MapCodedFont_Format1.java
56
com.mgz.afp.modca.MCF_MapCodedFont_Format1
false
app
decodeAFP
IAFPDecodeableWriteable.java
64
com.mgz.afp.exceptions.IAFPDecodeableWriteable
false
app
parseNextSFFromBuffer
AFPParser.java
466
com.mgz.afp.parser.AFPParser
false
app
parseNextSF
AFPParser.java
382
com.mgz.afp.parser.AFPParser
false
app
convertToXml
Afp2Xml.java
469
com.mgz.cli.Afp2Xml
false
app
execute
Afp2Xml.java
376
com.mgz.cli.Afp2Xml
false
app
main
Afp2Xml.java
65
com.mgz.cli.Afp2Xml
false
Invalid length of repeating group: 0
Invalid length of repeating group: 0
25681
MCF_MapCodedFont_Format1
Error at file offset 0x6451 (MCF_MapCodedFont_Format1): Invalid length of repeating group: 0
false
false
false
ABjTsYoAAAAAAAAAAAjI7UHG0I35QoZ2
app
decodeAFP
MCF_MapCodedFont_Format1.java
56
com.mgz.afp.modca.MCF_MapCodedFont_Format1
false
app
decodeAFP
IAFPDecodeableWriteable.java
64
com.mgz.afp.exceptions.IAFPDecodeableWriteable
false
app
parseNextSFFromBuffer
AFPParser.java
466
com.mgz.afp.parser.AFPParser
false
app
parseNextSF
AFPParser.java
382
com.mgz.afp.parser.AFPParser
false
app
convertToXml
Afp2Xml.java
469
com.mgz.cli.Afp2Xml
false
app
execute
Afp2Xml.java
376
com.mgz.cli.Afp2Xml
false
app
main
Afp2Xml.java
65
com.mgz.cli.Afp2Xml
false
Invalid length of repeating group: 0
Invalid length of repeating group: 0
25706
MCF_MapCodedFont_Format1
Error at file offset 0x646A (MCF_MapCodedFont_Format1): Invalid length of repeating group: 0
false
false
false
ABjTsYoAAAAAAAAAAAjI7UHG0I35QoZ2
app
decodeAFP
MCF_MapCodedFont_Format1.java
56
com.mgz.afp.modca.MCF_MapCodedFont_Format1
false
app
decodeAFP
IAFPDecodeableWriteable.java
64
com.mgz.afp.exceptions.IAFPDecodeableWriteable
false
app
parseNextSFFromBuffer
AFPParser.java
466
com.mgz.afp.parser.AFPParser
false
app
parseNextSF
AFPParser.java
382
com.mgz.afp.parser.AFPParser
false
app
convertToXml
Afp2Xml.java
469
com.mgz.cli.Afp2Xml
false
app
execute
Afp2Xml.java
376
com.mgz.cli.Afp2Xml
false
app
main
Afp2Xml.java
65
com.mgz.cli.Afp2Xml
false
Invalid length of repeating group: 0
Invalid length of repeating group: 0
25731
MCF_MapCodedFont_Format1
Error at file offset 0x6483 (MCF_MapCodedFont_Format1): Invalid length of repeating group: 0
false
false
false
ABjTsYoAAAAAAAAAAAjI7UHG0I35QoZ2
app
decodeAFP
MCF_MapCodedFont_Format1.java
56
com.mgz.afp.modca.MCF_MapCodedFont_Format1
false
app
decodeAFP
IAFPDecodeableWriteable.java
64
com.mgz.afp.exceptions.IAFPDecodeableWriteable
false
app
parseNextSFFromBuffer
AFPParser.java
466
com.mgz.afp.parser.AFPParser
false
app
parseNextSF
AFPParser.java
382
com.mgz.afp.parser.AFPParser
false
app
convertToXml
Afp2Xml.java
469
com.mgz.cli.Afp2Xml
false
app
execute
Afp2Xml.java
376
com.mgz.cli.Afp2Xml
false
app
main
Afp2Xml.java
65
com.mgz.cli.Afp2Xml
false
Invalid length of repeating group: 0
Invalid length of repeating group: 0
25756
MCF_MapCodedFont_Format1
Error at file offset 0x649C (MCF_MapCodedFont_Format1): Invalid length of repeating group: 0
false
false
false
ABjTsYoAAAAAAAAAAAjI7UHG0I35QoZ2
app
decodeAFP
MCF_MapCodedFont_Format1.java
56
com.mgz.afp.modca.MCF_MapCodedFont_Format1
false
app
decodeAFP
IAFPDecodeableWriteable.java
64
com.mgz.afp.exceptions.IAFPDecodeableWriteable
false
app
parseNextSFFromBuffer
AFPParser.java
466
com.mgz.afp.parser.AFPParser
false
app
parseNextSF
AFPParser.java
382
com.mgz.afp.parser.AFPParser
false
app
convertToXml
Afp2Xml.java
469
com.mgz.cli.Afp2Xml
false
app
execute
Afp2Xml.java
376
com.mgz.cli.Afp2Xml
false
app
main
Afp2Xml.java
65
com.mgz.cli.Afp2Xml
false
Invalid length of repeating group: 0
Invalid length of repeating group: 0
25781
MCF_MapCodedFont_Format1
Error at file offset 0x64B5 (MCF_MapCodedFont_Format1): Invalid length of repeating group: 0
false
false
false
ABjTsYoAAAAAAAAAAAjI7UHG0I35QoZ2
app
decodeAFP
MCF_MapCodedFont_Format1.java
56
com.mgz.afp.modca.MCF_MapCodedFont_Format1
false
app
decodeAFP
IAFPDecodeableWriteable.java
64
com.mgz.afp.exceptions.IAFPDecodeableWriteable
false
app
parseNextSFFromBuffer
AFPParser.java
466
com.mgz.afp.parser.AFPParser
false
app
parseNextSF
AFPParser.java
382
com.mgz.afp.parser.AFPParser
false
app
convertToXml
Afp2Xml.java
469
com.mgz.cli.Afp2Xml
false
app
execute
Afp2Xml.java
376
com.mgz.cli.Afp2Xml
false
app
main
Afp2Xml.java
65
com.mgz.cli.Afp2Xml
false
Invalid length of repeating group: 0
Invalid length of repeating group: 0
25806
MCF_MapCodedFont_Format1
Error at file offset 0x64CE (MCF_MapCodedFont_Format1): Invalid length of repeating group: 0
false
false
false
ABjTsYoAAAAAAAAAAAjI7UHG0I35QoZ2
app
decodeAFP
MCF_MapCodedFont_Format1.java
56
com.mgz.afp.modca.MCF_MapCodedFont_Format1
false
app
decodeAFP
IAFPDecodeableWriteable.java
64
com.mgz.afp.exceptions.IAFPDecodeableWriteable
false
app
parseNextSFFromBuffer
AFPParser.java
466
com.mgz.afp.parser.AFPParser
false
app
parseNextSF
AFPParser.java
382
com.mgz.afp.parser.AFPParser
false
app
convertToXml
Afp2Xml.java
469
com.mgz.cli.Afp2Xml
false
app
execute
Afp2Xml.java
376
com.mgz.cli.Afp2Xml
false
app
main
Afp2Xml.java
65
com.mgz.cli.Afp2Xml
false
Invalid length of repeating group: 0
Invalid length of repeating group: 0
25831
MCF_MapCodedFont_Format1
Error at file offset 0x64E7 (MCF_MapCodedFont_Format1): Invalid length of repeating group: 0
false
false
false
ABjTsYoAAAAAAAAAAAjI7UHG0I35QoZ2
app
decodeAFP
MCF_MapCodedFont_Format1.java
56
com.mgz.afp.modca.MCF_MapCodedFont_Format1
false
app
decodeAFP
IAFPDecodeableWriteable.java
64
com.mgz.afp.exceptions.IAFPDecodeableWriteable
false
app
parseNextSFFromBuffer
AFPParser.java
466
com.mgz.afp.parser.AFPParser
false
app
parseNextSF
AFPParser.java
382
com.mgz.afp.parser.AFPParser
false
app
convertToXml
Afp2Xml.java
469
com.mgz.cli.Afp2Xml
false
app
execute
Afp2Xml.java
376
com.mgz.cli.Afp2Xml
false
app
main
Afp2Xml.java
65
com.mgz.cli.Afp2Xml
false
Invalid length of repeating group: 0
Invalid length of repeating group: 0
25856
MCF_MapCodedFont_Format1
Error at file offset 0x6500 (MCF_MapCodedFont_Format1): Invalid length of repeating group: 0
false
false
false
ABjTsYoAAAAAAAAAAAjI7UHG0I35QoZ2
app
decodeAFP
MCF_MapCodedFont_Format1.java
56
com.mgz.afp.modca.MCF_MapCodedFont_Format1
false
app
decodeAFP
IAFPDecodeableWriteable.java
64
com.mgz.afp.exceptions.IAFPDecodeableWriteable
false
app
parseNextSFFromBuffer
AFPParser.java
466
com.mgz.afp.parser.AFPParser
false
app
parseNextSF
AFPParser.java
382
com.mgz.afp.parser.AFPParser
false
app
convertToXml
Afp2Xml.java
469
com.mgz.cli.Afp2Xml
false
app
execute
Afp2Xml.java
376
com.mgz.cli.Afp2Xml
false
app
main
Afp2Xml.java
65
com.mgz.cli.Afp2Xml
false
Invalid length of repeating group: 0
Invalid length of repeating group: 0
25881
MCF_MapCodedFont_Format1
Error at file offset 0x6519 (MCF_MapCodedFont_Format1): Invalid length of repeating group: 0
false
false
false
ABjTsYoAAAAAAAAAAAjI7UHG0I35QoZ2
app
decodeAFP
MCF_MapCodedFont_Format1.java
56
com.mgz.afp.modca.MCF_MapCodedFont_Format1
false
app
decodeAFP
IAFPDecodeableWriteable.java
64
com.mgz.afp.exceptions.IAFPDecodeableWriteable
false
app
parseNextSFFromBuffer
AFPParser.java
466
com.mgz.afp.parser.AFPParser
false
app
parseNextSF
AFPParser.java
382
com.mgz.afp.parser.AFPParser
false
app
convertToXml
Afp2Xml.java
469
com.mgz.cli.Afp2Xml
false
app
execute
Afp2Xml.java
376
com.mgz.cli.Afp2Xml
false
app
main
Afp2Xml.java
65
com.mgz.cli.Afp2Xml
false
Invalid length of repeating group: 0
Invalid length of repeating group: 0
25906
MCF_MapCodedFont_Format1
Error at file offset 0x6532 (MCF_MapCodedFont_Format1): Invalid length of repeating group: 0
false
false
false
ABjTsYoAAAAAAAAAAAjI7UHG0I35QoZ2
app
decodeAFP
MCF_MapCodedFont_Format1.java
56
com.mgz.afp.modca.MCF_MapCodedFont_Format1
false
app
decodeAFP
IAFPDecodeableWriteable.java
64
com.mgz.afp.exceptions.IAFPDecodeableWriteable
false
app
parseNextSFFromBuffer
AFPParser.java
466
com.mgz.afp.parser.AFPParser
false
app
parseNextSF
AFPParser.java
382
com.mgz.afp.parser.AFPParser
false
app
convertToXml
Afp2Xml.java
469
com.mgz.cli.Afp2Xml
false
app
execute
Afp2Xml.java
376
com.mgz.cli.Afp2Xml
false
app
main
Afp2Xml.java
65
com.mgz.cli.Afp2Xml
false
Invalid length of repeating group: 0
Invalid length of repeating group: 0
25931
MCF_MapCodedFont_Format1
Error at file offset 0x654B (MCF_MapCodedFont_Format1): Invalid length of repeating group: 0
false
false
false
ABjTsYoAAAAAAAAAAAjI7UHG0I35QoZ2
app
decodeAFP
MCF_MapCodedFont_Format1.java
56
com.mgz.afp.modca.MCF_MapCodedFont_Format1
false
app
decodeAFP
IAFPDecodeableWriteable.java
64
com.mgz.afp.exceptions.IAFPDecodeableWriteable
false
app
parseNextSFFromBuffer
AFPParser.java
466
com.mgz.afp.parser.AFPParser
false
app
parseNextSF
AFPParser.java
382
com.mgz.afp.parser.AFPParser
false
app
convertToXml
Afp2Xml.java
469
com.mgz.cli.Afp2Xml
false
app
execute
Afp2Xml.java
376
com.mgz.cli.Afp2Xml
false
app
main
Afp2Xml.java
65
com.mgz.cli.Afp2Xml
false
Invalid length of repeating group: 0
Invalid length of repeating group: 0
25956
MCF_MapCodedFont_Format1
Error at file offset 0x6564 (MCF_MapCodedFont_Format1): Invalid length of repeating group: 0
false
false
false
ABjTsYoAAAAAAAAAAAjI7UHG0I35QoZ2
app
decodeAFP
MCF_MapCodedFont_Format1.java
56
com.mgz.afp.modca.MCF_MapCodedFont_Format1
false
app
decodeAFP
IAFPDecodeableWriteable.java
64
com.mgz.afp.exceptions.IAFPDecodeableWriteable
false
app
parseNextSFFromBuffer
AFPParser.java
466
com.mgz.afp.parser.AFPParser
false
app
parseNextSF
AFPParser.java
382
com.mgz.afp.parser.AFPParser
false
app
convertToXml
Afp2Xml.java
469
com.mgz.cli.Afp2Xml
false
app
execute
Afp2Xml.java
376
com.mgz.cli.Afp2Xml
false
app
main
Afp2Xml.java
65
com.mgz.cli.Afp2Xml
false
Invalid length of repeating group: 0
Invalid length of repeating group: 0
25981
MCF_MapCodedFont_Format1
Error at file offset 0x657D (MCF_MapCodedFont_Format1): Invalid length of repeating group: 0
false
false
false
ABjTsYoAAAAAAAAAAAjI7UHG0I35QoZ2
app
decodeAFP
MCF_MapCodedFont_Format1.java
56
com.mgz.afp.modca.MCF_MapCodedFont_Format1
false
app
decodeAFP
IAFPDecodeableWriteable.java
64
com.mgz.afp.exceptions.IAFPDecodeableWriteable
false
app
parseNextSFFromBuffer
AFPParser.java
466
com.mgz.afp.parser.AFPParser
false
app
parseNextSF
AFPParser.java
382
com.mgz.afp.parser.AFPParser
false
app
convertToXml
Afp2Xml.java
469
com.mgz.cli.Afp2Xml
false
app
execute
Afp2Xml.java
376
com.mgz.cli.Afp2Xml
false
app
main
Afp2Xml.java
65
com.mgz.cli.Afp2Xml
false
Invalid length of repeating group: 0
Invalid length of repeating group: 0
26006
MCF_MapCodedFont_Format1
Error at file offset 0x6596 (MCF_MapCodedFont_Format1): Invalid length of repeating group: 0
false
false
false
ABjTsYoAAAAAAAAAAAjI7UHG0I35QoZ2
app
decodeAFP
MCF_MapCodedFont_Format1.java
56
com.mgz.afp.modca.MCF_MapCodedFont_Format1
false
app
decodeAFP
IAFPDecodeableWriteable.java
64
com.mgz.afp.exceptions.IAFPDecodeableWriteable
false
app
parseNextSFFromBuffer
AFPParser.java
466
com.mgz.afp.parser.AFPParser
false
app
parseNextSF
AFPParser.java
382
com.mgz.afp.parser.AFPParser
false
app
convertToXml
Afp2Xml.java
469
com.mgz.cli.Afp2Xml
false
app
execute
Afp2Xml.java
376
com.mgz.cli.Afp2Xml
false
app
main
Afp2Xml.java
65
com.mgz.cli.Afp2Xml
false
Invalid length of repeating group: 0
Invalid length of repeating group: 0
26031
MCF_MapCodedFont_Format1
Error at file offset 0x65AF (MCF_MapCodedFont_Format1): Invalid length of repeating group: 0
false
false
false
ABjTsYoAAAAAAAAAAAjI7UHG0I35QoZ2
app
decodeAFP
MCF_MapCodedFont_Format1.java
56
com.mgz.afp.modca.MCF_MapCodedFont_Format1
false
app
decodeAFP
IAFPDecodeableWriteable.java
64
com.mgz.afp.exceptions.IAFPDecodeableWriteable
false
app
parseNextSFFromBuffer
AFPParser.java
466
com.mgz.afp.parser.AFPParser
false
app
parseNextSF
AFPParser.java
382
com.mgz.afp.parser.AFPParser
false
app
convertToXml
Afp2Xml.java
469
com.mgz.cli.Afp2Xml
false
app
execute
Afp2Xml.java
376
com.mgz.cli.Afp2Xml
false
app
main
Afp2Xml.java
65
com.mgz.cli.Afp2Xml
false
Invalid length of repeating group: 0
Invalid length of repeating group: 0
26056
MCF_MapCodedFont_Format1
Error at file offset 0x65C8 (MCF_MapCodedFont_Format1): Invalid length of repeating group: 0
false
false
false
ABjTsYoAAAAAAAAAAAjI7UHG0I35QoZ2
app
decodeAFP
MCF_MapCodedFont_Format1.java
56
com.mgz.afp.modca.MCF_MapCodedFont_Format1
false
app
decodeAFP
IAFPDecodeableWriteable.java
64
com.mgz.afp.exceptions.IAFPDecodeableWriteable
false
app
parseNextSFFromBuffer
AFPParser.java
466
com.mgz.afp.parser.AFPParser
false
app
parseNextSF
AFPParser.java
382
com.mgz.afp.parser.AFPParser
false
app
convertToXml
Afp2Xml.java
469
com.mgz.cli.Afp2Xml
false
app
execute
Afp2Xml.java
376
com.mgz.cli.Afp2Xml
false
app
main
Afp2Xml.java
65
com.mgz.cli.Afp2Xml
false
Invalid length of repeating group: 0
Invalid length of repeating group: 0
26081
MCF_MapCodedFont_Format1
Error at file offset 0x65E1 (MCF_MapCodedFont_Format1): Invalid length of repeating group: 0
false
false
false
ABjTsYoAAAAAAAAAAAjI7UHG0I35QoZ2
app
decodeAFP
MCF_MapCodedFont_Format1.java
56
com.mgz.afp.modca.MCF_MapCodedFont_Format1
false
app
decodeAFP
IAFPDecodeableWriteable.java
64
com.mgz.afp.exceptions.IAFPDecodeableWriteable
false
app
parseNextSFFromBuffer
AFPParser.java
466
com.mgz.afp.parser.AFPParser
false
app
parseNextSF
AFPParser.java
382
com.mgz.afp.parser.AFPParser
false
app
convertToXml
Afp2Xml.java
469
com.mgz.cli.Afp2Xml
false
app
execute
Afp2Xml.java
376
com.mgz.cli.Afp2Xml
false
app
main
Afp2Xml.java
65
com.mgz.cli.Afp2Xml
false
Invalid length of repeating group: 0
Invalid length of repeating group: 0
26106
MCF_MapCodedFont_Format1
Error at file offset 0x65FA (MCF_MapCodedFont_Format1): Invalid length of repeating group: 0
false
false
false
ABjTsYoAAAAAAAAAAAjI7UHG0I35QoZ2
app
decodeAFP
MCF_MapCodedFont_Format1.java
56
com.mgz.afp.modca.MCF_MapCodedFont_Format1
false
app
decodeAFP
IAFPDecodeableWriteable.java
64
com.mgz.afp.exceptions.IAFPDecodeableWriteable
false
app
parseNextSFFromBuffer
AFPParser.java
466
com.mgz.afp.parser.AFPParser
false
app
parseNextSF
AFPParser.java
382
com.mgz.afp.parser.AFPParser
false
app
convertToXml
Afp2Xml.java
469
com.mgz.cli.Afp2Xml
false
app
execute
Afp2Xml.java
376
com.mgz.cli.Afp2Xml
false
app
main
Afp2Xml.java
65
com.mgz.cli.Afp2Xml
false
Invalid length of repeating group: 0
Invalid length of repeating group: 0
26131
MCF_MapCodedFont_Format1
Error at file offset 0x6613 (MCF_MapCodedFont_Format1): Invalid length of repeating group: 0
false
false
false
ABjTsYoAAAAAAAAAAAjI7UHG0I35QoZ2
app
decodeAFP
MCF_MapCodedFont_Format1.java
56
com.mgz.afp.modca.MCF_MapCodedFont_Format1
false
app
decodeAFP
IAFPDecodeableWriteable.java
64
com.mgz.afp.exceptions.IAFPDecodeableWriteable
false
app
parseNextSFFromBuffer
AFPParser.java
466
com.mgz.afp.parser.AFPParser
false
app
parseNextSF
AFPParser.java
382
com.mgz.afp.parser.AFPParser
false
app
convertToXml
Afp2Xml.java
469
com.mgz.cli.Afp2Xml
false
app
execute
Afp2Xml.java
376
com.mgz.cli.Afp2Xml
false
app
main
Afp2Xml.java
65
com.mgz.cli.Afp2Xml
false
Invalid length of repeating group: 0
Invalid length of repeating group: 0
26156
MCF_MapCodedFont_Format1
Error at file offset 0x662C (MCF_MapCodedFont_Format1): Invalid length of repeating group: 0
false
false
false
ABjTsYoAAAAAAAAAAAjI7UHG0I35QoZ2
app
decodeAFP
MCF_MapCodedFont_Format1.java
56
com.mgz.afp.modca.MCF_MapCodedFont_Format1
false
app
decodeAFP
IAFPDecodeableWriteable.java
64
com.mgz.afp.exceptions.IAFPDecodeableWriteable
false
app
parseNextSFFromBuffer
AFPParser.java
466
com.mgz.afp.parser.AFPParser
false
app
parseNextSF
AFPParser.java
382
com.mgz.afp.parser.AFPParser
false
app
convertToXml
Afp2Xml.java
469
com.mgz.cli.Afp2Xml
false
app
execute
Afp2Xml.java
376
com.mgz.cli.Afp2Xml
false
app
main
Afp2Xml.java
65
com.mgz.cli.Afp2Xml
false
Invalid length of repeating group: 0
Invalid length of repeating group: 0
26181
MCF_MapCodedFont_Format1
Error at file offset 0x6645 (MCF_MapCodedFont_Format1): Invalid length of repeating group: 0
false
false
false
ABjTsYoAAAAAAAAAAAjI7UHG0I35QoZ2
app
decodeAFP
MCF_MapCodedFont_Format1.java
56
com.mgz.afp.modca.MCF_MapCodedFont_Format1
false
app
decodeAFP
IAFPDecodeableWriteable.java
64
com.mgz.afp.exceptions.IAFPDecodeableWriteable
false
app
parseNextSFFromBuffer
AFPParser.java
466
com.mgz.afp.parser.AFPParser
false
app
parseNextSF
AFPParser.java
382
com.mgz.afp.parser.AFPParser
false
app
convertToXml
Afp2Xml.java
469
com.mgz.cli.Afp2Xml
false
app
execute
Afp2Xml.java
376
com.mgz.cli.Afp2Xml
false
app
main
Afp2Xml.java
65
com.mgz.cli.Afp2Xml
false
Invalid length of repeating group: 0
Invalid length of repeating group: 0
26206
MCF_MapCodedFont_Format1
Error at file offset 0x665E (MCF_MapCodedFont_Format1): Invalid length of repeating group: 0
false
false
false
ABjTsYoAAAAAAAAAAAjI7UHG0I35QoZ2
app
decodeAFP
MCF_MapCodedFont_Format1.java
56
com.mgz.afp.modca.MCF_MapCodedFont_Format1
false
app
decodeAFP
IAFPDecodeableWriteable.java
64
com.mgz.afp.exceptions.IAFPDecodeableWriteable
false
app
parseNextSFFromBuffer
AFPParser.java
466
com.mgz.afp.parser.AFPParser
false
app
parseNextSF
AFPParser.java
382
com.mgz.afp.parser.AFPParser
false
app
convertToXml
Afp2Xml.java
469
com.mgz.cli.Afp2Xml
false
app
execute
Afp2Xml.java
376
com.mgz.cli.Afp2Xml
false
app
main
Afp2Xml.java
65
com.mgz.cli.Afp2Xml
false
Invalid length of repeating group: 0
Invalid length of repeating group: 0
26231
MCF_MapCodedFont_Format1
Error at file offset 0x6677 (MCF_MapCodedFont_Format1): Invalid length of repeating group: 0
false
false
false
ABjTsYoAAAAAAAAAAAjI7UHG0I35QoZ2
app
decodeAFP
MCF_MapCodedFont_Format1.java
56
com.mgz.afp.modca.MCF_MapCodedFont_Format1
false
app
decodeAFP
IAFPDecodeableWriteable.java
64
com.mgz.afp.exceptions.IAFPDecodeableWriteable
false
app
parseNextSFFromBuffer
AFPParser.java
466
com.mgz.afp.parser.AFPParser
false
app
parseNextSF
AFPParser.java
382
com.mgz.afp.parser.AFPParser
false
app
convertToXml
Afp2Xml.java
469
com.mgz.cli.Afp2Xml
false
app
execute
Afp2Xml.java
376
com.mgz.cli.Afp2Xml
false
app
main
Afp2Xml.java
65
com.mgz.cli.Afp2Xml
false
Invalid length of repeating group: 0
Invalid length of repeating group: 0
26256
MCF_MapCodedFont_Format1
Error at file offset 0x6690 (MCF_MapCodedFont_Format1): Invalid length of repeating group: 0
false
false
false
ABjTsYoAAAAAAAAAAAjI7UHG0I35QoZ2
app
decodeAFP
MCF_MapCodedFont_Format1.java
56
com.mgz.afp.modca.MCF_MapCodedFont_Format1
false
app
decodeAFP
IAFPDecodeableWriteable.java
64
com.mgz.afp.exceptions.IAFPDecodeableWriteable
false
app
parseNextSFFromBuffer
AFPParser.java
466
com.mgz.afp.parser.AFPParser
false
app
parseNextSF
AFPParser.java
382
com.mgz.afp.parser.AFPParser
false
app
convertToXml
Afp2Xml.java
469
com.mgz.cli.Afp2Xml
false
app
execute
Afp2Xml.java
376
com.mgz.cli.Afp2Xml
false
app
main
Afp2Xml.java
65
com.mgz.cli.Afp2Xml
false
Invalid length of repeating group: 0
Invalid length of repeating group: 0
26281
MCF_MapCodedFont_Format1
Error at file offset 0x66A9 (MCF_MapCodedFont_Format1): Invalid length of repeating group: 0
false
false
false
ABjTsYoAAAAAAAAAAAjI7UHG0I35QoZ2
app
decodeAFP
MCF_MapCodedFont_Format1.java
56
com.mgz.afp.modca.MCF_MapCodedFont_Format1
false
app
decodeAFP
IAFPDecodeableWriteable.java
64
com.mgz.afp.exceptions.IAFPDecodeableWriteable
false
app
parseNextSFFromBuffer
AFPParser.java
466
com.mgz.afp.parser.AFPParser
false
app
parseNextSF
AFPParser.java
382
com.mgz.afp.parser.AFPParser
false
app
convertToXml
Afp2Xml.java
469
com.mgz.cli.Afp2Xml
false
app
execute
Afp2Xml.java
376
com.mgz.cli.Afp2Xml
false
app
main
Afp2Xml.java
65
com.mgz.cli.Afp2Xml
false
Invalid length of repeating group: 0
Invalid length of repeating group: 0
26306
MCF_MapCodedFont_Format1
Error at file offset 0x66C2 (MCF_MapCodedFont_Format1): Invalid length of repeating group: 0
false
false
false
ABjTsYoAAAAAAAAAAAjI7UHG0I35QoZ2
app
decodeAFP
MCF_MapCodedFont_Format1.java
56
com.mgz.afp.modca.MCF_MapCodedFont_Format1
false
app
decodeAFP
IAFPDecodeableWriteable.java
64
com.mgz.afp.exceptions.IAFPDecodeableWriteable
false
app
parseNextSFFromBuffer
AFPParser.java
466
com.mgz.afp.parser.AFPParser
false
app
parseNextSF
AFPParser.java
382
com.mgz.afp.parser.AFPParser
false
app
convertToXml
Afp2Xml.java
469
com.mgz.cli.Afp2Xml
false
app
execute
Afp2Xml.java
376
com.mgz.cli.Afp2Xml
false
app
main
Afp2Xml.java
65
com.mgz.cli.Afp2Xml
false
Invalid length of repeating group: 0
Invalid length of repeating group: 0
26331
MCF_MapCodedFont_Format1
Error at file offset 0x66DB (MCF_MapCodedFont_Format1): Invalid length of repeating group: 0
false
false
false
ABjTsYoAAAAAAAAAAAjI7UHG0I35QoZ2
app
decodeAFP
MCF_MapCodedFont_Format1.java
56
com.mgz.afp.modca.MCF_MapCodedFont_Format1
false
app
decodeAFP
IAFPDecodeableWriteable.java
64
com.mgz.afp.exceptions.IAFPDecodeableWriteable
false
app
parseNextSFFromBuffer
AFPParser.java
466
com.mgz.afp.parser.AFPParser
false
app
parseNextSF
AFPParser.java
382
com.mgz.afp.parser.AFPParser
false
app
convertToXml
Afp2Xml.java
469
com.mgz.cli.Afp2Xml
false
app
execute
Afp2Xml.java
376
com.mgz.cli.Afp2Xml
false
app
main
Afp2Xml.java
65
com.mgz.cli.Afp2Xml
false
Invalid length of repeating group: 0
Invalid length of repeating group: 0
26356
MCF_MapCodedFont_Format1
Error at file offset 0x66F4 (MCF_MapCodedFont_Format1): Invalid length of repeating group: 0
false
false
false
ABjTsYoAAAAAAAAAAAjI7UHG0I35QoZ2
app
decodeAFP
MCF_MapCodedFont_Format1.java
56
com.mgz.afp.modca.MCF_MapCodedFont_Format1
false
app
decodeAFP
IAFPDecodeableWriteable.java
64
com.mgz.afp.exceptions.IAFPDecodeableWriteable
false
app
parseNextSFFromBuffer
AFPParser.java
466
com.mgz.afp.parser.AFPParser
false
app
parseNextSF
AFPParser.java
382
com.mgz.afp.parser.AFPParser
false
app
convertToXml
Afp2Xml.java
469
com.mgz.cli.Afp2Xml
false
app
execute
Afp2Xml.java
376
com.mgz.cli.Afp2Xml
false
app
main
Afp2Xml.java
65
com.mgz.cli.Afp2Xml
false
Invalid length of repeating group: 0
Invalid length of repeating group: 0
26381
MCF_MapCodedFont_Format1
Error at file offset 0x670D (MCF_MapCodedFont_Format1): Invalid length of repeating group: 0
false
false
false
Inches10
Inches10
0
0
0
0
000000
15
Undefined
AAAAAAAAAAAAAAAAAAAA
app
parseTriplet
TripletParser.java
205
com.mgz.afp.parser.TripletParser
false
app
parseTriplets
TripletParser.java
133
com.mgz.afp.parser.TripletParser
false
app
decodeAFP
StructuredFieldBaseTriplets.java
84
com.mgz.afp.base.StructuredFieldBaseTriplets
false
app
decodeAFP
PGD_PageDescriptor.java
64
com.mgz.afp.modca.PGD_PageDescriptor
false
app
decodeAFP
IAFPDecodeableWriteable.java
64
com.mgz.afp.exceptions.IAFPDecodeableWriteable
false
app
parseNextSFFromBuffer
AFPParser.java
466
com.mgz.afp.parser.AFPParser
false
app
parseNextSF
AFPParser.java
382
com.mgz.afp.parser.AFPParser
false
app
convertToXml
Afp2Xml.java
469
com.mgz.cli.Afp2Xml
false
app
execute
Afp2Xml.java
376
com.mgz.cli.Afp2Xml
false
app
main
Afp2Xml.java
65
com.mgz.cli.Afp2Xml
false
Invalid triplet length: 0
Invalid triplet length: 0
Inches10
Inches10
0
0
0
0
000000
15
Undefined
AAAAAAAAAAAAAAAAAAAA
app
parseTriplet
TripletParser.java
205
com.mgz.afp.parser.TripletParser
false
app
parseTriplets
TripletParser.java
133
com.mgz.afp.parser.TripletParser
false
app
decodeAFP
StructuredFieldBaseTriplets.java
84
com.mgz.afp.base.StructuredFieldBaseTriplets
false
app
decodeAFP
PGD_PageDescriptor.java
64
com.mgz.afp.modca.PGD_PageDescriptor
false
app
decodeAFP
IAFPDecodeableWriteable.java
64
com.mgz.afp.exceptions.IAFPDecodeableWriteable
false
app
parseNextSFFromBuffer
AFPParser.java
466
com.mgz.afp.parser.AFPParser
false
app
parseNextSF
AFPParser.java
382
com.mgz.afp.parser.AFPParser
false
app
convertToXml
Afp2Xml.java
469
com.mgz.cli.Afp2Xml
false
app
execute
Afp2Xml.java
376
com.mgz.cli.Afp2Xml
false
app
main
Afp2Xml.java
65
com.mgz.cli.Afp2Xml
false
Invalid triplet length: 0
Invalid triplet length: 0
Inches10
Inches10
0
0
0
0
000000
15
Undefined
AAAAAAAAAAAAAAAAAAAA
app
parseTriplet
TripletParser.java
205
com.mgz.afp.parser.TripletParser
false
app
parseTriplets
TripletParser.java
133
com.mgz.afp.parser.TripletParser
false
app
decodeAFP
StructuredFieldBaseTriplets.java
84
com.mgz.afp.base.StructuredFieldBaseTriplets
false
app
decodeAFP
PGD_PageDescriptor.java
64
com.mgz.afp.modca.PGD_PageDescriptor
false
app
decodeAFP
IAFPDecodeableWriteable.java
64
com.mgz.afp.exceptions.IAFPDecodeableWriteable
false
app
parseNextSFFromBuffer
AFPParser.java
466
com.mgz.afp.parser.AFPParser
false
app
parseNextSF
AFPParser.java
382
com.mgz.afp.parser.AFPParser
false
app
convertToXml
Afp2Xml.java
469
com.mgz.cli.Afp2Xml
false
app
execute
Afp2Xml.java
376
com.mgz.cli.Afp2Xml
false
app
main
Afp2Xml.java
65
com.mgz.cli.Afp2Xml
false
Invalid triplet length: 0
Invalid triplet length: 0
Inches10
Inches10
0
0
0
0
000000
15
Undefined
AAAAAAAAAAAAAAAAAAAA
app
parseTriplet
TripletParser.java
205
com.mgz.afp.parser.TripletParser
false
app
parseTriplets
TripletParser.java
133
com.mgz.afp.parser.TripletParser
false
app
decodeAFP
StructuredFieldBaseTriplets.java
84
com.mgz.afp.base.StructuredFieldBaseTriplets
false
app
decodeAFP
PGD_PageDescriptor.java
64
com.mgz.afp.modca.PGD_PageDescriptor
false
app
decodeAFP
IAFPDecodeableWriteable.java
64
com.mgz.afp.exceptions.IAFPDecodeableWriteable
false
app
parseNextSFFromBuffer
AFPParser.java
466
com.mgz.afp.parser.AFPParser
false
app
parseNextSF
AFPParser.java
382
com.mgz.afp.parser.AFPParser
false
app
convertToXml
Afp2Xml.java
469
com.mgz.cli.Afp2Xml
false
app
execute
Afp2Xml.java
376
com.mgz.cli.Afp2Xml
false
app
main
Afp2Xml.java
65
com.mgz.cli.Afp2Xml
false
Invalid triplet length: 0
Invalid triplet length: 0
Inches10
Inches10
0
0
0
0
000000
15
Undefined
AAAAAAAAAAAAAAAAAAAA
app
parseTriplet
TripletParser.java
205
com.mgz.afp.parser.TripletParser
false
app
parseTriplets
TripletParser.java
133
com.mgz.afp.parser.TripletParser
false
app
decodeAFP
StructuredFieldBaseTriplets.java
84
com.mgz.afp.base.StructuredFieldBaseTriplets
false
app
decodeAFP
PGD_PageDescriptor.java
64
com.mgz.afp.modca.PGD_PageDescriptor
false
app
decodeAFP
IAFPDecodeableWriteable.java
64
com.mgz.afp.exceptions.IAFPDecodeableWriteable
false
app
parseNextSFFromBuffer
AFPParser.java
466
com.mgz.afp.parser.AFPParser
false
app
parseNextSF
AFPParser.java
382
com.mgz.afp.parser.AFPParser
false
app
convertToXml
Afp2Xml.java
469
com.mgz.cli.Afp2Xml
false
app
execute
Afp2Xml.java
376
com.mgz.cli.Afp2Xml
false
app
main
Afp2Xml.java
65
com.mgz.cli.Afp2Xml
false
Invalid triplet length: 0
Invalid triplet length: 0
Inches10
Inches10
0
0
0
0
000000
15
Undefined
AAAAAAAAAAAAAAAAAAAA
app
parseTriplet
TripletParser.java
205
com.mgz.afp.parser.TripletParser
false
app
parseTriplets
TripletParser.java
133
com.mgz.afp.parser.TripletParser
false
app
decodeAFP
StructuredFieldBaseTriplets.java
84
com.mgz.afp.base.StructuredFieldBaseTriplets
false
app
decodeAFP
PGD_PageDescriptor.java
64
com.mgz.afp.modca.PGD_PageDescriptor
false
app
decodeAFP
IAFPDecodeableWriteable.java
64
com.mgz.afp.exceptions.IAFPDecodeableWriteable
false
app
parseNextSFFromBuffer
AFPParser.java
466
com.mgz.afp.parser.AFPParser
false
app
parseNextSF
AFPParser.java
382
com.mgz.afp.parser.AFPParser
false
app
convertToXml
Afp2Xml.java
469
com.mgz.cli.Afp2Xml
false
app
execute
Afp2Xml.java
376
com.mgz.cli.Afp2Xml
false
app
main
Afp2Xml.java
65
com.mgz.cli.Afp2Xml
false
Invalid triplet length: 0
Invalid triplet length: 0
Inches10
Inches10
0
0
0
0
000000
15
Undefined
AAAAAAAAAAAAAAAAAAAA
app
parseTriplet
TripletParser.java
205
com.mgz.afp.parser.TripletParser
false
app
parseTriplets
TripletParser.java
133
com.mgz.afp.parser.TripletParser
false
app
decodeAFP
StructuredFieldBaseTriplets.java
84
com.mgz.afp.base.StructuredFieldBaseTriplets
false
app
decodeAFP
PGD_PageDescriptor.java
64
com.mgz.afp.modca.PGD_PageDescriptor
false
app
decodeAFP
IAFPDecodeableWriteable.java
64
com.mgz.afp.exceptions.IAFPDecodeableWriteable
false
app
parseNextSFFromBuffer
AFPParser.java
466
com.mgz.afp.parser.AFPParser
false
app
parseNextSF
AFPParser.java
382
com.mgz.afp.parser.AFPParser
false
app
convertToXml
Afp2Xml.java
469
com.mgz.cli.Afp2Xml
false
app
execute
Afp2Xml.java
376
com.mgz.cli.Afp2Xml
false
app
main
Afp2Xml.java
65
com.mgz.cli.Afp2Xml
false
Invalid triplet length: 0
Invalid triplet length: 0
Inches10
Inches10
0
0
0
0
000000
15
Undefined
AAAAAAAAAAAAAAAAAAAA
app
parseTriplet
TripletParser.java
205
com.mgz.afp.parser.TripletParser
false
app
parseTriplets
TripletParser.java
133
com.mgz.afp.parser.TripletParser
false
app
decodeAFP
StructuredFieldBaseTriplets.java
84
com.mgz.afp.base.StructuredFieldBaseTriplets
false
app
decodeAFP
PGD_PageDescriptor.java
64
com.mgz.afp.modca.PGD_PageDescriptor
false
app
decodeAFP
IAFPDecodeableWriteable.java
64
com.mgz.afp.exceptions.IAFPDecodeableWriteable
false
app
parseNextSFFromBuffer
AFPParser.java
466
com.mgz.afp.parser.AFPParser
false
app
parseNextSF
AFPParser.java
382
com.mgz.afp.parser.AFPParser
false
app
convertToXml
Afp2Xml.java
469
com.mgz.cli.Afp2Xml
false
app
execute
Afp2Xml.java
376
com.mgz.cli.Afp2Xml
false
app
main
Afp2Xml.java
65
com.mgz.cli.Afp2Xml
false
Invalid triplet length: 0
Invalid triplet length: 0
Inches10
Inches10
0
0
0
0
000000
15
Undefined
AAAAAAAAAAAAAAAAAAAA
app
parseTriplet
TripletParser.java
205
com.mgz.afp.parser.TripletParser
false
app
parseTriplets
TripletParser.java
133
com.mgz.afp.parser.TripletParser
false
app
decodeAFP
StructuredFieldBaseTriplets.java
84
com.mgz.afp.base.StructuredFieldBaseTriplets
false
app
decodeAFP
PGD_PageDescriptor.java
64
com.mgz.afp.modca.PGD_PageDescriptor
false
app
decodeAFP
IAFPDecodeableWriteable.java
64
com.mgz.afp.exceptions.IAFPDecodeableWriteable
false
app
parseNextSFFromBuffer
AFPParser.java
466
com.mgz.afp.parser.AFPParser
false
app
parseNextSF
AFPParser.java
382
com.mgz.afp.parser.AFPParser
false
app
convertToXml
Afp2Xml.java
469
com.mgz.cli.Afp2Xml
false
app
execute
Afp2Xml.java
376
com.mgz.cli.Afp2Xml
false
app
main
Afp2Xml.java
65
com.mgz.cli.Afp2Xml
false
Invalid triplet length: 0
Invalid triplet length: 0
Inches10
Inches10
0
0
0
0
000000
15
Undefined
AAAAAAAAAAAAAAAAAAAA
app
parseTriplet
TripletParser.java
205
com.mgz.afp.parser.TripletParser
false
app
parseTriplets
TripletParser.java
133
com.mgz.afp.parser.TripletParser
false
app
decodeAFP
StructuredFieldBaseTriplets.java
84
com.mgz.afp.base.StructuredFieldBaseTriplets
false
app
decodeAFP
PGD_PageDescriptor.java
64
com.mgz.afp.modca.PGD_PageDescriptor
false
app
decodeAFP
IAFPDecodeableWriteable.java
64
com.mgz.afp.exceptions.IAFPDecodeableWriteable
false
app
parseNextSFFromBuffer
AFPParser.java
466
com.mgz.afp.parser.AFPParser
false
app
parseNextSF
AFPParser.java
382
com.mgz.afp.parser.AFPParser
false
app
convertToXml
Afp2Xml.java
469
com.mgz.cli.Afp2Xml
false
app
execute
Afp2Xml.java
376
com.mgz.cli.Afp2Xml
false
app
main
Afp2Xml.java
65
com.mgz.cli.Afp2Xml
false
Invalid triplet length: 0
Invalid triplet length: 0
Inches10
Inches10
0
0
0
0
000000
15
Undefined
AAAAAAAAAAAAAAAAAAAA
app
parseTriplet
TripletParser.java
205
com.mgz.afp.parser.TripletParser
false
app
parseTriplets
TripletParser.java
133
com.mgz.afp.parser.TripletParser
false
app
decodeAFP
StructuredFieldBaseTriplets.java
84
com.mgz.afp.base.StructuredFieldBaseTriplets
false
app
decodeAFP
PGD_PageDescriptor.java
64
com.mgz.afp.modca.PGD_PageDescriptor
false
app
decodeAFP
IAFPDecodeableWriteable.java
64
com.mgz.afp.exceptions.IAFPDecodeableWriteable
false
app
parseNextSFFromBuffer
AFPParser.java
466
com.mgz.afp.parser.AFPParser
false
app
parseNextSF
AFPParser.java
382
com.mgz.afp.parser.AFPParser
false
app
convertToXml
Afp2Xml.java
469
com.mgz.cli.Afp2Xml
false
app
execute
Afp2Xml.java
376
com.mgz.cli.Afp2Xml
false
app
main
Afp2Xml.java
65
com.mgz.cli.Afp2Xml
false
Invalid triplet length: 0
Invalid triplet length: 0
Inches10
Inches10
0
0
0
0
000000
15
Undefined
AAAAAAAAAAAAAAAAAAAA
app
parseTriplet
TripletParser.java
205
com.mgz.afp.parser.TripletParser
false
app
parseTriplets
TripletParser.java
133
com.mgz.afp.parser.TripletParser
false
app
decodeAFP
StructuredFieldBaseTriplets.java
84
com.mgz.afp.base.StructuredFieldBaseTriplets
false
app
decodeAFP
PGD_PageDescriptor.java
64
com.mgz.afp.modca.PGD_PageDescriptor
false
app
decodeAFP
IAFPDecodeableWriteable.java
64
com.mgz.afp.exceptions.IAFPDecodeableWriteable
false
app
parseNextSFFromBuffer
AFPParser.java
466
com.mgz.afp.parser.AFPParser
false
app
parseNextSF
AFPParser.java
382
com.mgz.afp.parser.AFPParser
false
app
convertToXml
Afp2Xml.java
469
com.mgz.cli.Afp2Xml
false
app
execute
Afp2Xml.java
376
com.mgz.cli.Afp2Xml
false
app
main
Afp2Xml.java
65
com.mgz.cli.Afp2Xml
false
Invalid triplet length: 0
Invalid triplet length: 0
Inches10
Inches10
0
0
0
0
000000
15
Undefined
AAAAAAAAAAAAAAAAAAAA
app
parseTriplet
TripletParser.java
205
com.mgz.afp.parser.TripletParser
false
app
parseTriplets
TripletParser.java
133
com.mgz.afp.parser.TripletParser
false
app
decodeAFP
StructuredFieldBaseTriplets.java
84
com.mgz.afp.base.StructuredFieldBaseTriplets
false
app
decodeAFP
PGD_PageDescriptor.java
64
com.mgz.afp.modca.PGD_PageDescriptor
false
app
decodeAFP
IAFPDecodeableWriteable.java
64
com.mgz.afp.exceptions.IAFPDecodeableWriteable
false
app
parseNextSFFromBuffer
AFPParser.java
466
com.mgz.afp.parser.AFPParser
false
app
parseNextSF
AFPParser.java
382
com.mgz.afp.parser.AFPParser
false
app
convertToXml
Afp2Xml.java
469
com.mgz.cli.Afp2Xml
false
app
execute
Afp2Xml.java
376
com.mgz.cli.Afp2Xml
false
app
main
Afp2Xml.java
65
com.mgz.cli.Afp2Xml
false
Invalid triplet length: 0
Invalid triplet length: 0
Inches10
Inches10
0
0
0
0
000000
15
Undefined
AAAAAAAAAAAAAAAAAAAA
app
parseTriplet
TripletParser.java
205
com.mgz.afp.parser.TripletParser
false
app
parseTriplets
TripletParser.java
133
com.mgz.afp.parser.TripletParser
false
app
decodeAFP
StructuredFieldBaseTriplets.java
84
com.mgz.afp.base.StructuredFieldBaseTriplets
false
app
decodeAFP
PGD_PageDescriptor.java
64
com.mgz.afp.modca.PGD_PageDescriptor
false
app
decodeAFP
IAFPDecodeableWriteable.java
64
com.mgz.afp.exceptions.IAFPDecodeableWriteable
false
app
parseNextSFFromBuffer
AFPParser.java
466
com.mgz.afp.parser.AFPParser
false
app
parseNextSF
AFPParser.java
382
com.mgz.afp.parser.AFPParser
false
app
convertToXml
Afp2Xml.java
469
com.mgz.cli.Afp2Xml
false
app
execute
Afp2Xml.java
376
com.mgz.cli.Afp2Xml
false
app
main
Afp2Xml.java
65
com.mgz.cli.Afp2Xml
false
Invalid triplet length: 0
Invalid triplet length: 0
Inches10
Inches10
0
0
0
0
000000
15
Undefined
AAAAAAAAAAAAAAAAAAAA
app
parseTriplet
TripletParser.java
205
com.mgz.afp.parser.TripletParser
false
app
parseTriplets
TripletParser.java
133
com.mgz.afp.parser.TripletParser
false
app
decodeAFP
StructuredFieldBaseTriplets.java
84
com.mgz.afp.base.StructuredFieldBaseTriplets
false
app
decodeAFP
PGD_PageDescriptor.java
64
com.mgz.afp.modca.PGD_PageDescriptor
false
app
decodeAFP
IAFPDecodeableWriteable.java
64
com.mgz.afp.exceptions.IAFPDecodeableWriteable
false
app
parseNextSFFromBuffer
AFPParser.java
466
com.mgz.afp.parser.AFPParser
false
app
parseNextSF
AFPParser.java
382
com.mgz.afp.parser.AFPParser
false
app
convertToXml
Afp2Xml.java
469
com.mgz.cli.Afp2Xml
false
app
execute
Afp2Xml.java
376
com.mgz.cli.Afp2Xml
false
app
main
Afp2Xml.java
65
com.mgz.cli.Afp2Xml
false
Invalid triplet length: 0
Invalid triplet length: 0
Inches10
Inches10
0
0
0
0
000000
15
Undefined
AAAAAAAAAAAAAAAAAAAA
app
parseTriplet
TripletParser.java
205
com.mgz.afp.parser.TripletParser
false
app
parseTriplets
TripletParser.java
133
com.mgz.afp.parser.TripletParser
false
app
decodeAFP
StructuredFieldBaseTriplets.java
84
com.mgz.afp.base.StructuredFieldBaseTriplets
false
app
decodeAFP
PGD_PageDescriptor.java
64
com.mgz.afp.modca.PGD_PageDescriptor
false
app
decodeAFP
IAFPDecodeableWriteable.java
64
com.mgz.afp.exceptions.IAFPDecodeableWriteable
false
app
parseNextSFFromBuffer
AFPParser.java
466
com.mgz.afp.parser.AFPParser
false
app
parseNextSF
AFPParser.java
382
com.mgz.afp.parser.AFPParser
false
app
convertToXml
Afp2Xml.java
469
com.mgz.cli.Afp2Xml
false
app
execute
Afp2Xml.java
376
com.mgz.cli.Afp2Xml
false
app
main
Afp2Xml.java
65
com.mgz.cli.Afp2Xml
false
Invalid triplet length: 0
Invalid triplet length: 0
Inches10
Inches10
0
0
0
0
000000
15
Undefined
AAAAAAAAAAAAAAAAAAAA
app
parseTriplet
TripletParser.java
205
com.mgz.afp.parser.TripletParser
false
app
parseTriplets
TripletParser.java
133
com.mgz.afp.parser.TripletParser
false
app
decodeAFP
StructuredFieldBaseTriplets.java
84
com.mgz.afp.base.StructuredFieldBaseTriplets
false
app
decodeAFP
PGD_PageDescriptor.java
64
com.mgz.afp.modca.PGD_PageDescriptor
false
app
decodeAFP
IAFPDecodeableWriteable.java
64
com.mgz.afp.exceptions.IAFPDecodeableWriteable
false
app
parseNextSFFromBuffer
AFPParser.java
466
com.mgz.afp.parser.AFPParser
false
app
parseNextSF
AFPParser.java
382
com.mgz.afp.parser.AFPParser
false
app
convertToXml
Afp2Xml.java
469
com.mgz.cli.Afp2Xml
false
app
execute
Afp2Xml.java
376
com.mgz.cli.Afp2Xml
false
app
main
Afp2Xml.java
65
com.mgz.cli.Afp2Xml
false
Invalid triplet length: 0
Invalid triplet length: 0
Inches10
Inches10
0
0
0
0
000000
15
Undefined
AAAAAAAAAAAAAAAAAAAA
app
parseTriplet
TripletParser.java
205
com.mgz.afp.parser.TripletParser
false
app
parseTriplets
TripletParser.java
133
com.mgz.afp.parser.TripletParser
false
app
decodeAFP
StructuredFieldBaseTriplets.java
84
com.mgz.afp.base.StructuredFieldBaseTriplets
false
app
decodeAFP
PGD_PageDescriptor.java
64
com.mgz.afp.modca.PGD_PageDescriptor
false
app
decodeAFP
IAFPDecodeableWriteable.java
64
com.mgz.afp.exceptions.IAFPDecodeableWriteable
false
app
parseNextSFFromBuffer
AFPParser.java
466
com.mgz.afp.parser.AFPParser
false
app
parseNextSF
AFPParser.java
382
com.mgz.afp.parser.AFPParser
false
app
convertToXml
Afp2Xml.java
469
com.mgz.cli.Afp2Xml
false
app
execute
Afp2Xml.java
376
com.mgz.cli.Afp2Xml
false
app
main
Afp2Xml.java
65
com.mgz.cli.Afp2Xml
false
Invalid triplet length: 0
Invalid triplet length: 0
Inches10
Inches10
0
0
0
0
000000
15
Undefined
AAAAAAAAAAAAAAAAAAAA
app
parseTriplet
TripletParser.java
205
com.mgz.afp.parser.TripletParser
false
app
parseTriplets
TripletParser.java
133
com.mgz.afp.parser.TripletParser
false
app
decodeAFP
StructuredFieldBaseTriplets.java
84
com.mgz.afp.base.StructuredFieldBaseTriplets
false
app
decodeAFP
PGD_PageDescriptor.java
64
com.mgz.afp.modca.PGD_PageDescriptor
false
app
decodeAFP
IAFPDecodeableWriteable.java
64
com.mgz.afp.exceptions.IAFPDecodeableWriteable
false
app
parseNextSFFromBuffer
AFPParser.java
466
com.mgz.afp.parser.AFPParser
false
app
parseNextSF
AFPParser.java
382
com.mgz.afp.parser.AFPParser
false
app
convertToXml
Afp2Xml.java
469
com.mgz.cli.Afp2Xml
false
app
execute
Afp2Xml.java
376
com.mgz.cli.Afp2Xml
false
app
main
Afp2Xml.java
65
com.mgz.cli.Afp2Xml
false
Invalid triplet length: 0
Invalid triplet length: 0
Inches10
Inches10
0
0
0
0
000000
15
Undefined
AAAAAAAAAAAAAAAAAAAA
app
parseTriplet
TripletParser.java
205
com.mgz.afp.parser.TripletParser
false
app
parseTriplets
TripletParser.java
133
com.mgz.afp.parser.TripletParser
false
app
decodeAFP
StructuredFieldBaseTriplets.java
84
com.mgz.afp.base.StructuredFieldBaseTriplets
false
app
decodeAFP
PGD_PageDescriptor.java
64
com.mgz.afp.modca.PGD_PageDescriptor
false
app
decodeAFP
IAFPDecodeableWriteable.java
64
com.mgz.afp.exceptions.IAFPDecodeableWriteable
false
app
parseNextSFFromBuffer
AFPParser.java
466
com.mgz.afp.parser.AFPParser
false
app
parseNextSF
AFPParser.java
382
com.mgz.afp.parser.AFPParser
false
app
convertToXml
Afp2Xml.java
469
com.mgz.cli.Afp2Xml
false
app
execute
Afp2Xml.java
376
com.mgz.cli.Afp2Xml
false
app
main
Afp2Xml.java
65
com.mgz.cli.Afp2Xml
false
Invalid triplet length: 0
Invalid triplet length: 0
Inches10
Inches10
0
0
0
0
000000
15
Undefined
AAAAAAAAAAAAAAAAAAAA
app
parseTriplet
TripletParser.java
205
com.mgz.afp.parser.TripletParser
false
app
parseTriplets
TripletParser.java
133
com.mgz.afp.parser.TripletParser
false
app
decodeAFP
StructuredFieldBaseTriplets.java
84
com.mgz.afp.base.StructuredFieldBaseTriplets
false
app
decodeAFP
PGD_PageDescriptor.java
64
com.mgz.afp.modca.PGD_PageDescriptor
false
app
decodeAFP
IAFPDecodeableWriteable.java
64
com.mgz.afp.exceptions.IAFPDecodeableWriteable
false
app
parseNextSFFromBuffer
AFPParser.java
466
com.mgz.afp.parser.AFPParser
false
app
parseNextSF
AFPParser.java
382
com.mgz.afp.parser.AFPParser
false
app
convertToXml
Afp2Xml.java
469
com.mgz.cli.Afp2Xml
false
app
execute
Afp2Xml.java
376
com.mgz.cli.Afp2Xml
false
app
main
Afp2Xml.java
65
com.mgz.cli.Afp2Xml
false
Invalid triplet length: 0
Invalid triplet length: 0
Inches10
Inches10
0
0
0
0
000000
15
Undefined
AAAAAAAAAAAAAAAAAAAA
app
parseTriplet
TripletParser.java
205
com.mgz.afp.parser.TripletParser
false
app
parseTriplets
TripletParser.java
133
com.mgz.afp.parser.TripletParser
false
app
decodeAFP
StructuredFieldBaseTriplets.java
84
com.mgz.afp.base.StructuredFieldBaseTriplets
false
app
decodeAFP
PGD_PageDescriptor.java
64
com.mgz.afp.modca.PGD_PageDescriptor
false
app
decodeAFP
IAFPDecodeableWriteable.java
64
com.mgz.afp.exceptions.IAFPDecodeableWriteable
false
app
parseNextSFFromBuffer
AFPParser.java
466
com.mgz.afp.parser.AFPParser
false
app
parseNextSF
AFPParser.java
382
com.mgz.afp.parser.AFPParser
false
app
convertToXml
Afp2Xml.java
469
com.mgz.cli.Afp2Xml
false
app
execute
Afp2Xml.java
376
com.mgz.cli.Afp2Xml
false
app
main
Afp2Xml.java
65
com.mgz.cli.Afp2Xml
false
Invalid triplet length: 0
Invalid triplet length: 0
Inches10
Inches10
0
0
0
0
000000
15
Undefined
AAAAAAAAAAAAAAAAAAAA
app
parseTriplet
TripletParser.java
205
com.mgz.afp.parser.TripletParser
false
app
parseTriplets
TripletParser.java
133
com.mgz.afp.parser.TripletParser
false
app
decodeAFP
StructuredFieldBaseTriplets.java
84
com.mgz.afp.base.StructuredFieldBaseTriplets
false
app
decodeAFP
PGD_PageDescriptor.java
64
com.mgz.afp.modca.PGD_PageDescriptor
false
app
decodeAFP
IAFPDecodeableWriteable.java
64
com.mgz.afp.exceptions.IAFPDecodeableWriteable
false
app
parseNextSFFromBuffer
AFPParser.java
466
com.mgz.afp.parser.AFPParser
false
app
parseNextSF
AFPParser.java
382
com.mgz.afp.parser.AFPParser
false
app
convertToXml
Afp2Xml.java
469
com.mgz.cli.Afp2Xml
false
app
execute
Afp2Xml.java
376
com.mgz.cli.Afp2Xml
false
app
main
Afp2Xml.java
65
com.mgz.cli.Afp2Xml
false
Invalid triplet length: 0
Invalid triplet length: 0
Inches10
Inches10
0
0
0
0
000000
15
Undefined
AAAAAAAAAAAAAAAAAAAA
app
parseTriplet
TripletParser.java
205
com.mgz.afp.parser.TripletParser
false
app
parseTriplets
TripletParser.java
133
com.mgz.afp.parser.TripletParser
false
app
decodeAFP
StructuredFieldBaseTriplets.java
84
com.mgz.afp.base.StructuredFieldBaseTriplets
false
app
decodeAFP
PGD_PageDescriptor.java
64
com.mgz.afp.modca.PGD_PageDescriptor
false
app
decodeAFP
IAFPDecodeableWriteable.java
64
com.mgz.afp.exceptions.IAFPDecodeableWriteable
false
app
parseNextSFFromBuffer
AFPParser.java
466
com.mgz.afp.parser.AFPParser
false
app
parseNextSF
AFPParser.java
382
com.mgz.afp.parser.AFPParser
false
app
convertToXml
Afp2Xml.java
469
com.mgz.cli.Afp2Xml
false
app
execute
Afp2Xml.java
376
com.mgz.cli.Afp2Xml
false
app
main
Afp2Xml.java
65
com.mgz.cli.Afp2Xml
false
Invalid triplet length: 0
Invalid triplet length: 0
Inches10
Inches10
0
0
0
0
000000
15
Undefined
AAAAAAAAAAAAAAAAAAAA
app
parseTriplet
TripletParser.java
205
com.mgz.afp.parser.TripletParser
false
app
parseTriplets
TripletParser.java
133
com.mgz.afp.parser.TripletParser
false
app
decodeAFP
StructuredFieldBaseTriplets.java
84
com.mgz.afp.base.StructuredFieldBaseTriplets
false
app
decodeAFP
PGD_PageDescriptor.java
64
com.mgz.afp.modca.PGD_PageDescriptor
false
app
decodeAFP
IAFPDecodeableWriteable.java
64
com.mgz.afp.exceptions.IAFPDecodeableWriteable
false
app
parseNextSFFromBuffer
AFPParser.java
466
com.mgz.afp.parser.AFPParser
false
app
parseNextSF
AFPParser.java
382
com.mgz.afp.parser.AFPParser
false
app
convertToXml
Afp2Xml.java
469
com.mgz.cli.Afp2Xml
false
app
execute
Afp2Xml.java
376
com.mgz.cli.Afp2Xml
false
app
main
Afp2Xml.java
65
com.mgz.cli.Afp2Xml
false
Invalid triplet length: 0
Invalid triplet length: 0
Inches10
Inches10
0
0
0
0
000000
15
Undefined
AAAAAAAAAAAAAAAAAAAA
app
parseTriplet
TripletParser.java
205
com.mgz.afp.parser.TripletParser
false
app
parseTriplets
TripletParser.java
133
com.mgz.afp.parser.TripletParser
false
app
decodeAFP
StructuredFieldBaseTriplets.java
84
com.mgz.afp.base.StructuredFieldBaseTriplets
false
app
decodeAFP
PGD_PageDescriptor.java
64
com.mgz.afp.modca.PGD_PageDescriptor
false
app
decodeAFP
IAFPDecodeableWriteable.java
64
com.mgz.afp.exceptions.IAFPDecodeableWriteable
false
app
parseNextSFFromBuffer
AFPParser.java
466
com.mgz.afp.parser.AFPParser
false
app
parseNextSF
AFPParser.java
382
com.mgz.afp.parser.AFPParser
false
app
convertToXml
Afp2Xml.java
469
com.mgz.cli.Afp2Xml
false
app
execute
Afp2Xml.java
376
com.mgz.cli.Afp2Xml
false
app
main
Afp2Xml.java
65
com.mgz.cli.Afp2Xml
false
Invalid triplet length: 0
Invalid triplet length: 0
Inches10
Inches10
0
0
0
0
000000
15
Undefined
AAAAAAAAAAAAAAAAAAAA
app
parseTriplet
TripletParser.java
205
com.mgz.afp.parser.TripletParser
false
app
parseTriplets
TripletParser.java
133
com.mgz.afp.parser.TripletParser
false
app
decodeAFP
StructuredFieldBaseTriplets.java
84
com.mgz.afp.base.StructuredFieldBaseTriplets
false
app
decodeAFP
PGD_PageDescriptor.java
64
com.mgz.afp.modca.PGD_PageDescriptor
false
app
decodeAFP
IAFPDecodeableWriteable.java
64
com.mgz.afp.exceptions.IAFPDecodeableWriteable
false
app
parseNextSFFromBuffer
AFPParser.java
466
com.mgz.afp.parser.AFPParser
false
app
parseNextSF
AFPParser.java
382
com.mgz.afp.parser.AFPParser
false
app
convertToXml
Afp2Xml.java
469
com.mgz.cli.Afp2Xml
false
app
execute
Afp2Xml.java
376
com.mgz.cli.Afp2Xml
false
app
main
Afp2Xml.java
65
com.mgz.cli.Afp2Xml
false
Invalid triplet length: 0
Invalid triplet length: 0
Inches10
Inches10
0
0
0
0
000000
15
Undefined
AAAAAAAAAAAAAAAAAAAA
app
parseTriplet
TripletParser.java
205
com.mgz.afp.parser.TripletParser
false
app
parseTriplets
TripletParser.java
133
com.mgz.afp.parser.TripletParser
false
app
decodeAFP
StructuredFieldBaseTriplets.java
84
com.mgz.afp.base.StructuredFieldBaseTriplets
false
app
decodeAFP
PGD_PageDescriptor.java
64
com.mgz.afp.modca.PGD_PageDescriptor
false
app
decodeAFP
IAFPDecodeableWriteable.java
64
com.mgz.afp.exceptions.IAFPDecodeableWriteable
false
app
parseNextSFFromBuffer
AFPParser.java
466
com.mgz.afp.parser.AFPParser
false
app
parseNextSF
AFPParser.java
382
com.mgz.afp.parser.AFPParser
false
app
convertToXml
Afp2Xml.java
469
com.mgz.cli.Afp2Xml
false
app
execute
Afp2Xml.java
376
com.mgz.cli.Afp2Xml
false
app
main
Afp2Xml.java
65
com.mgz.cli.Afp2Xml
false
Invalid triplet length: 0
Invalid triplet length: 0
Inches10
Inches10
0
0
0
0
000000
15
Undefined
AAAAAAAAAAAAAAAAAAAA
app
parseTriplet
TripletParser.java
205
com.mgz.afp.parser.TripletParser
false
app
parseTriplets
TripletParser.java
133
com.mgz.afp.parser.TripletParser
false
app
decodeAFP
StructuredFieldBaseTriplets.java
84
com.mgz.afp.base.StructuredFieldBaseTriplets
false
app
decodeAFP
PGD_PageDescriptor.java
64
com.mgz.afp.modca.PGD_PageDescriptor
false
app
decodeAFP
IAFPDecodeableWriteable.java
64
com.mgz.afp.exceptions.IAFPDecodeableWriteable
false
app
parseNextSFFromBuffer
AFPParser.java
466
com.mgz.afp.parser.AFPParser
false
app
parseNextSF
AFPParser.java
382
com.mgz.afp.parser.AFPParser
false
app
convertToXml
Afp2Xml.java
469
com.mgz.cli.Afp2Xml
false
app
execute
Afp2Xml.java
376
com.mgz.cli.Afp2Xml
false
app
main
Afp2Xml.java
65
com.mgz.cli.Afp2Xml
false
Invalid triplet length: 0
Invalid triplet length: 0
Inches10
Inches10
0
0
0
0
000000
15
Undefined
AAAAAAAAAAAAAAAAAAAA
app
parseTriplet
TripletParser.java
205
com.mgz.afp.parser.TripletParser
false
app
parseTriplets
TripletParser.java
133
com.mgz.afp.parser.TripletParser
false
app
decodeAFP
StructuredFieldBaseTriplets.java
84
com.mgz.afp.base.StructuredFieldBaseTriplets
false
app
decodeAFP
PGD_PageDescriptor.java
64
com.mgz.afp.modca.PGD_PageDescriptor
false
app
decodeAFP
IAFPDecodeableWriteable.java
64
com.mgz.afp.exceptions.IAFPDecodeableWriteable
false
app
parseNextSFFromBuffer
AFPParser.java
466
com.mgz.afp.parser.AFPParser
false
app
parseNextSF
AFPParser.java
382
com.mgz.afp.parser.AFPParser
false
app
convertToXml
Afp2Xml.java
469
com.mgz.cli.Afp2Xml
false
app
execute
Afp2Xml.java
376
com.mgz.cli.Afp2Xml
false
app
main
Afp2Xml.java
65
com.mgz.cli.Afp2Xml
false
Invalid triplet length: 0
Invalid triplet length: 0
Inches10
Inches10
0
0
0
0
000000
15
Undefined
AAAAAAAAAAAAAAAAAAAA
app
parseTriplet
TripletParser.java
205
com.mgz.afp.parser.TripletParser
false
app
parseTriplets
TripletParser.java
133
com.mgz.afp.parser.TripletParser
false
app
decodeAFP
StructuredFieldBaseTriplets.java
84
com.mgz.afp.base.StructuredFieldBaseTriplets
false
app
decodeAFP
PGD_PageDescriptor.java
64
com.mgz.afp.modca.PGD_PageDescriptor
false
app
decodeAFP
IAFPDecodeableWriteable.java
64
com.mgz.afp.exceptions.IAFPDecodeableWriteable
false
app
parseNextSFFromBuffer
AFPParser.java
466
com.mgz.afp.parser.AFPParser
false
app
parseNextSF
AFPParser.java
382
com.mgz.afp.parser.AFPParser
false
app
convertToXml
Afp2Xml.java
469
com.mgz.cli.Afp2Xml
false
app
execute
Afp2Xml.java
376
com.mgz.cli.Afp2Xml
false
app
main
Afp2Xml.java
65
com.mgz.cli.Afp2Xml
false
Invalid triplet length: 0
Invalid triplet length: 0
Inches10
Inches10
0
0
0
0
000000
15
Undefined
AAAAAAAAAAAAAAAAAAAA
app
parseTriplet
TripletParser.java
205
com.mgz.afp.parser.TripletParser
false
app
parseTriplets
TripletParser.java
133
com.mgz.afp.parser.TripletParser
false
app
decodeAFP
StructuredFieldBaseTriplets.java
84
com.mgz.afp.base.StructuredFieldBaseTriplets
false
app
decodeAFP
PGD_PageDescriptor.java
64
com.mgz.afp.modca.PGD_PageDescriptor
false
app
decodeAFP
IAFPDecodeableWriteable.java
64
com.mgz.afp.exceptions.IAFPDecodeableWriteable
false
app
parseNextSFFromBuffer
AFPParser.java
466
com.mgz.afp.parser.AFPParser
false
app
parseNextSF
AFPParser.java
382
com.mgz.afp.parser.AFPParser
false
app
convertToXml
Afp2Xml.java
469
com.mgz.cli.Afp2Xml
false
app
execute
Afp2Xml.java
376
com.mgz.cli.Afp2Xml
false
app
main
Afp2Xml.java
65
com.mgz.cli.Afp2Xml
false
Invalid triplet length: 0
Invalid triplet length: 0
Inches10
Inches10
0
0
0
0
000000
15
Undefined
AAAAAAAAAAAAAAAAAAAA
app
parseTriplet
TripletParser.java
205
com.mgz.afp.parser.TripletParser
false
app
parseTriplets
TripletParser.java
133
com.mgz.afp.parser.TripletParser
false
app
decodeAFP
StructuredFieldBaseTriplets.java
84
com.mgz.afp.base.StructuredFieldBaseTriplets
false
app
decodeAFP
PGD_PageDescriptor.java
64
com.mgz.afp.modca.PGD_PageDescriptor
false
app
decodeAFP
IAFPDecodeableWriteable.java
64
com.mgz.afp.exceptions.IAFPDecodeableWriteable
false
app
parseNextSFFromBuffer
AFPParser.java
466
com.mgz.afp.parser.AFPParser
false
app
parseNextSF
AFPParser.java
382
com.mgz.afp.parser.AFPParser
false
app
convertToXml
Afp2Xml.java
469
com.mgz.cli.Afp2Xml
false
app
execute
Afp2Xml.java
376
com.mgz.cli.Afp2Xml
false
app
main
Afp2Xml.java
65
com.mgz.cli.Afp2Xml
false
Invalid triplet length: 0
Invalid triplet length: 0
Inches10
Inches10
0
0
0
0
000000
15
Undefined
AAAAAAAAAAAAAAAAAAAA
app
parseTriplet
TripletParser.java
205
com.mgz.afp.parser.TripletParser
false
app
parseTriplets
TripletParser.java
133
com.mgz.afp.parser.TripletParser
false
app
decodeAFP
StructuredFieldBaseTriplets.java
84
com.mgz.afp.base.StructuredFieldBaseTriplets
false
app
decodeAFP
PGD_PageDescriptor.java
64
com.mgz.afp.modca.PGD_PageDescriptor
false
app
decodeAFP
IAFPDecodeableWriteable.java
64
com.mgz.afp.exceptions.IAFPDecodeableWriteable
false
app
parseNextSFFromBuffer
AFPParser.java
466
com.mgz.afp.parser.AFPParser
false
app
parseNextSF
AFPParser.java
382
com.mgz.afp.parser.AFPParser
false
app
convertToXml
Afp2Xml.java
469
com.mgz.cli.Afp2Xml
false
app
execute
Afp2Xml.java
376
com.mgz.cli.Afp2Xml
false
app
main
Afp2Xml.java
65
com.mgz.cli.Afp2Xml
false
Invalid triplet length: 0
Invalid triplet length: 0
Inches10
Inches10
0
0
0
0
000000
15
Undefined
AAAAAAAAAAAAAAAAAAAA
app
parseTriplet
TripletParser.java
205
com.mgz.afp.parser.TripletParser
false
app
parseTriplets
TripletParser.java
133
com.mgz.afp.parser.TripletParser
false
app
decodeAFP
StructuredFieldBaseTriplets.java
84
com.mgz.afp.base.StructuredFieldBaseTriplets
false
app
decodeAFP
PGD_PageDescriptor.java
64
com.mgz.afp.modca.PGD_PageDescriptor
false
app
decodeAFP
IAFPDecodeableWriteable.java
64
com.mgz.afp.exceptions.IAFPDecodeableWriteable
false
app
parseNextSFFromBuffer
AFPParser.java
466
com.mgz.afp.parser.AFPParser
false
app
parseNextSF
AFPParser.java
382
com.mgz.afp.parser.AFPParser
false
app
convertToXml
Afp2Xml.java
469
com.mgz.cli.Afp2Xml
false
app
execute
Afp2Xml.java
376
com.mgz.cli.Afp2Xml
false
app
main
Afp2Xml.java
65
com.mgz.cli.Afp2Xml
false
Invalid triplet length: 0
Invalid triplet length: 0
Inches10
Inches10
0
0
0
0
000000
15
Undefined
AAAAAAAAAAAAAAAAAAAA
app
parseTriplet
TripletParser.java
205
com.mgz.afp.parser.TripletParser
false
app
parseTriplets
TripletParser.java
133
com.mgz.afp.parser.TripletParser
false
app
decodeAFP
StructuredFieldBaseTriplets.java
84
com.mgz.afp.base.StructuredFieldBaseTriplets
false
app
decodeAFP
PGD_PageDescriptor.java
64
com.mgz.afp.modca.PGD_PageDescriptor
false
app
decodeAFP
IAFPDecodeableWriteable.java
64
com.mgz.afp.exceptions.IAFPDecodeableWriteable
false
app
parseNextSFFromBuffer
AFPParser.java
466
com.mgz.afp.parser.AFPParser
false
app
parseNextSF
AFPParser.java
382
com.mgz.afp.parser.AFPParser
false
app
convertToXml
Afp2Xml.java
469
com.mgz.cli.Afp2Xml
false
app
execute
Afp2Xml.java
376
com.mgz.cli.Afp2Xml
false
app
main
Afp2Xml.java
65
com.mgz.cli.Afp2Xml
false
Invalid triplet length: 0
Invalid triplet length: 0
Inches10
Inches10
0
0
0
0
000000
15
Undefined
AAAAAAAAAAAAAAAAAAAA
app
parseTriplet
TripletParser.java
205
com.mgz.afp.parser.TripletParser
false
app
parseTriplets
TripletParser.java
133
com.mgz.afp.parser.TripletParser
false
app
decodeAFP
StructuredFieldBaseTriplets.java
84
com.mgz.afp.base.StructuredFieldBaseTriplets
false
app
decodeAFP
PGD_PageDescriptor.java
64
com.mgz.afp.modca.PGD_PageDescriptor
false
app
decodeAFP
IAFPDecodeableWriteable.java
64
com.mgz.afp.exceptions.IAFPDecodeableWriteable
false
app
parseNextSFFromBuffer
AFPParser.java
466
com.mgz.afp.parser.AFPParser
false
app
parseNextSF
AFPParser.java
382
com.mgz.afp.parser.AFPParser
false
app
convertToXml
Afp2Xml.java
469
com.mgz.cli.Afp2Xml
false
app
execute
Afp2Xml.java
376
com.mgz.cli.Afp2Xml
false
app
main
Afp2Xml.java
65
com.mgz.cli.Afp2Xml
false
Invalid triplet length: 0
Invalid triplet length: 0
Inches10
Inches10
0
0
0
0
000000
15
Undefined
AAAAAAAAAAAAAAAAAAAA
app
parseTriplet
TripletParser.java
205
com.mgz.afp.parser.TripletParser
false
app
parseTriplets
TripletParser.java
133
com.mgz.afp.parser.TripletParser
false
app
decodeAFP
StructuredFieldBaseTriplets.java
84
com.mgz.afp.base.StructuredFieldBaseTriplets
false
app
decodeAFP
PGD_PageDescriptor.java
64
com.mgz.afp.modca.PGD_PageDescriptor
false
app
decodeAFP
IAFPDecodeableWriteable.java
64
com.mgz.afp.exceptions.IAFPDecodeableWriteable
false
app
parseNextSFFromBuffer
AFPParser.java
466
com.mgz.afp.parser.AFPParser
false
app
parseNextSF
AFPParser.java
382
com.mgz.afp.parser.AFPParser
false
app
convertToXml
Afp2Xml.java
469
com.mgz.cli.Afp2Xml
false
app
execute
Afp2Xml.java
376
com.mgz.cli.Afp2Xml
false
app
main
Afp2Xml.java
65
com.mgz.cli.Afp2Xml
false
Invalid triplet length: 0
Invalid triplet length: 0
Inches10
Inches10
0
0
0
0
000000
15
Undefined
AAAAAAAAAAAAAAAAAAAA
app
parseTriplet
TripletParser.java
205
com.mgz.afp.parser.TripletParser
false
app
parseTriplets
TripletParser.java
133
com.mgz.afp.parser.TripletParser
false
app
decodeAFP
StructuredFieldBaseTriplets.java
84
com.mgz.afp.base.StructuredFieldBaseTriplets
false
app
decodeAFP
PGD_PageDescriptor.java
64
com.mgz.afp.modca.PGD_PageDescriptor
false
app
decodeAFP
IAFPDecodeableWriteable.java
64
com.mgz.afp.exceptions.IAFPDecodeableWriteable
false
app
parseNextSFFromBuffer
AFPParser.java
466
com.mgz.afp.parser.AFPParser
false
app
parseNextSF
AFPParser.java
382
com.mgz.afp.parser.AFPParser
false
app
convertToXml
Afp2Xml.java
469
com.mgz.cli.Afp2Xml
false
app
execute
Afp2Xml.java
376
com.mgz.cli.Afp2Xml
false
app
main
Afp2Xml.java
65
com.mgz.cli.Afp2Xml
false
Invalid triplet length: 0
Invalid triplet length: 0
Inches10
Inches10
0
0
0
0
000000
15
Undefined
AAAAAAAAAAAAAAAAAAAA
app
parseTriplet
TripletParser.java
205
com.mgz.afp.parser.TripletParser
false
app
parseTriplets
TripletParser.java
133
com.mgz.afp.parser.TripletParser
false
app
decodeAFP
StructuredFieldBaseTriplets.java
84
com.mgz.afp.base.StructuredFieldBaseTriplets
false
app
decodeAFP
PGD_PageDescriptor.java
64
com.mgz.afp.modca.PGD_PageDescriptor
false
app
decodeAFP
IAFPDecodeableWriteable.java
64
com.mgz.afp.exceptions.IAFPDecodeableWriteable
false
app
parseNextSFFromBuffer
AFPParser.java
466
com.mgz.afp.parser.AFPParser
false
app
parseNextSF
AFPParser.java
382
com.mgz.afp.parser.AFPParser
false
app
convertToXml
Afp2Xml.java
469
com.mgz.cli.Afp2Xml
false
app
execute
Afp2Xml.java
376
com.mgz.cli.Afp2Xml
false
app
main
Afp2Xml.java
65
com.mgz.cli.Afp2Xml
false
Invalid triplet length: 0
Invalid triplet length: 0
Inches10
Inches10
0
0
0
0
000000
15
Undefined
AAAAAAAAAAAAAAAAAAAA
app
parseTriplet
TripletParser.java
205
com.mgz.afp.parser.TripletParser
false
app
parseTriplets
TripletParser.java
133
com.mgz.afp.parser.TripletParser
false
app
decodeAFP
StructuredFieldBaseTriplets.java
84
com.mgz.afp.base.StructuredFieldBaseTriplets
false
app
decodeAFP
PGD_PageDescriptor.java
64
com.mgz.afp.modca.PGD_PageDescriptor
false
app
decodeAFP
IAFPDecodeableWriteable.java
64
com.mgz.afp.exceptions.IAFPDecodeableWriteable
false
app
parseNextSFFromBuffer
AFPParser.java
466
com.mgz.afp.parser.AFPParser
false
app
parseNextSF
AFPParser.java
382
com.mgz.afp.parser.AFPParser
false
app
convertToXml
Afp2Xml.java
469
com.mgz.cli.Afp2Xml
false
app
execute
Afp2Xml.java
376
com.mgz.cli.Afp2Xml
false
app
main
Afp2Xml.java
65
com.mgz.cli.Afp2Xml
false
Invalid triplet length: 0
Invalid triplet length: 0
Inches10
Inches10
0
0
0
0
000000
15
Undefined
AAAAAAAAAAAAAAAAAAAA
app
parseTriplet
TripletParser.java
205
com.mgz.afp.parser.TripletParser
false
app
parseTriplets
TripletParser.java
133
com.mgz.afp.parser.TripletParser
false
app
decodeAFP
StructuredFieldBaseTriplets.java
84
com.mgz.afp.base.StructuredFieldBaseTriplets
false
app
decodeAFP
PGD_PageDescriptor.java
64
com.mgz.afp.modca.PGD_PageDescriptor
false
app
decodeAFP
IAFPDecodeableWriteable.java
64
com.mgz.afp.exceptions.IAFPDecodeableWriteable
false
app
parseNextSFFromBuffer
AFPParser.java
466
com.mgz.afp.parser.AFPParser
false
app
parseNextSF
AFPParser.java
382
com.mgz.afp.parser.AFPParser
false
app
convertToXml
Afp2Xml.java
469
com.mgz.cli.Afp2Xml
false
app
execute
Afp2Xml.java
376
com.mgz.cli.Afp2Xml
false
app
main
Afp2Xml.java
65
com.mgz.cli.Afp2Xml
false
Invalid triplet length: 0
Invalid triplet length: 0
Inches10
Inches10
0
0
0
0
000000
15
Undefined
AAAAAAAAAAAAAAAAAAAA
app
parseTriplet
TripletParser.java
205
com.mgz.afp.parser.TripletParser
false
app
parseTriplets
TripletParser.java
133
com.mgz.afp.parser.TripletParser
false
app
decodeAFP
StructuredFieldBaseTriplets.java
84
com.mgz.afp.base.StructuredFieldBaseTriplets
false
app
decodeAFP
PGD_PageDescriptor.java
64
com.mgz.afp.modca.PGD_PageDescriptor
false
app
decodeAFP
IAFPDecodeableWriteable.java
64
com.mgz.afp.exceptions.IAFPDecodeableWriteable
false
app
parseNextSFFromBuffer
AFPParser.java
466
com.mgz.afp.parser.AFPParser
false
app
parseNextSF
AFPParser.java
382
com.mgz.afp.parser.AFPParser
false
app
convertToXml
Afp2Xml.java
469
com.mgz.cli.Afp2Xml
false
app
execute
Afp2Xml.java
376
com.mgz.cli.Afp2Xml
false
app
main
Afp2Xml.java
65
com.mgz.cli.Afp2Xml
false
Invalid triplet length: 0
Invalid triplet length: 0
Inches10
Inches10
0
0
0
0
000000
15
Undefined
AAAAAAAAAAAAAAAAAAAA
app
parseTriplet
TripletParser.java
205
com.mgz.afp.parser.TripletParser
false
app
parseTriplets
TripletParser.java
133
com.mgz.afp.parser.TripletParser
false
app
decodeAFP
StructuredFieldBaseTriplets.java
84
com.mgz.afp.base.StructuredFieldBaseTriplets
false
app
decodeAFP
PGD_PageDescriptor.java
64
com.mgz.afp.modca.PGD_PageDescriptor
false
app
decodeAFP
IAFPDecodeableWriteable.java
64
com.mgz.afp.exceptions.IAFPDecodeableWriteable
false
app
parseNextSFFromBuffer
AFPParser.java
466
com.mgz.afp.parser.AFPParser
false
app
parseNextSF
AFPParser.java
382
com.mgz.afp.parser.AFPParser
false
app
convertToXml
Afp2Xml.java
469
com.mgz.cli.Afp2Xml
false
app
execute
Afp2Xml.java
376
com.mgz.cli.Afp2Xml
false
app
main
Afp2Xml.java
65
com.mgz.cli.Afp2Xml
false
Invalid triplet length: 0
Invalid triplet length: 0
Inches10
Inches10
0
0
0
0
000000
15
Undefined
AAAAAAAAAAAAAAAAAAAA
app
parseTriplet
TripletParser.java
205
com.mgz.afp.parser.TripletParser
false
app
parseTriplets
TripletParser.java
133
com.mgz.afp.parser.TripletParser
false
app
decodeAFP
StructuredFieldBaseTriplets.java
84
com.mgz.afp.base.StructuredFieldBaseTriplets
false
app
decodeAFP
PGD_PageDescriptor.java
64
com.mgz.afp.modca.PGD_PageDescriptor
false
app
decodeAFP
IAFPDecodeableWriteable.java
64
com.mgz.afp.exceptions.IAFPDecodeableWriteable
false
app
parseNextSFFromBuffer
AFPParser.java
466
com.mgz.afp.parser.AFPParser
false
app
parseNextSF
AFPParser.java
382
com.mgz.afp.parser.AFPParser
false
app
convertToXml
Afp2Xml.java
469
com.mgz.cli.Afp2Xml
false
app
execute
Afp2Xml.java
376
com.mgz.cli.Afp2Xml
false
app
main
Afp2Xml.java
65
com.mgz.cli.Afp2Xml
false
Invalid triplet length: 0
Invalid triplet length: 0
Inches10
Inches10
0
0
0
0
000000
15
Undefined
AAAAAAAAAAAAAAAAAAAA
app
parseTriplet
TripletParser.java
205
com.mgz.afp.parser.TripletParser
false
app
parseTriplets
TripletParser.java
133
com.mgz.afp.parser.TripletParser
false
app
decodeAFP
StructuredFieldBaseTriplets.java
84
com.mgz.afp.base.StructuredFieldBaseTriplets
false
app
decodeAFP
PGD_PageDescriptor.java
64
com.mgz.afp.modca.PGD_PageDescriptor
false
app
decodeAFP
IAFPDecodeableWriteable.java
64
com.mgz.afp.exceptions.IAFPDecodeableWriteable
false
app
parseNextSFFromBuffer
AFPParser.java
466
com.mgz.afp.parser.AFPParser
false
app
parseNextSF
AFPParser.java
382
com.mgz.afp.parser.AFPParser
false
app
convertToXml
Afp2Xml.java
469
com.mgz.cli.Afp2Xml
false
app
execute
Afp2Xml.java
376
com.mgz.cli.Afp2Xml
false
app
main
Afp2Xml.java
65
com.mgz.cli.Afp2Xml
false
Invalid triplet length: 0
Invalid triplet length: 0
Inches10
Inches10
0
0
0
0
000000
15
Undefined
AAAAAAAAAAAAAAAAAAAA
app
parseTriplet
TripletParser.java
205
com.mgz.afp.parser.TripletParser
false
app
parseTriplets
TripletParser.java
133
com.mgz.afp.parser.TripletParser
false
app
decodeAFP
StructuredFieldBaseTriplets.java
84
com.mgz.afp.base.StructuredFieldBaseTriplets
false
app
decodeAFP
PGD_PageDescriptor.java
64
com.mgz.afp.modca.PGD_PageDescriptor
false
app
decodeAFP
IAFPDecodeableWriteable.java
64
com.mgz.afp.exceptions.IAFPDecodeableWriteable
false
app
parseNextSFFromBuffer
AFPParser.java
466
com.mgz.afp.parser.AFPParser
false
app
parseNextSF
AFPParser.java
382
com.mgz.afp.parser.AFPParser
false
app
convertToXml
Afp2Xml.java
469
com.mgz.cli.Afp2Xml
false
app
execute
Afp2Xml.java
376
com.mgz.cli.Afp2Xml
false
app
main
Afp2Xml.java
65
com.mgz.cli.Afp2Xml
false
Invalid triplet length: 0
Invalid triplet length: 0
Inches10
Inches10
0
0
0
0
000000
15
Undefined
AAAAAAAAAAAAAAAAAAAA
app
parseTriplet
TripletParser.java
205
com.mgz.afp.parser.TripletParser
false
app
parseTriplets
TripletParser.java
133
com.mgz.afp.parser.TripletParser
false
app
decodeAFP
StructuredFieldBaseTriplets.java
84
com.mgz.afp.base.StructuredFieldBaseTriplets
false
app
decodeAFP
PGD_PageDescriptor.java
64
com.mgz.afp.modca.PGD_PageDescriptor
false
app
decodeAFP
IAFPDecodeableWriteable.java
64
com.mgz.afp.exceptions.IAFPDecodeableWriteable
false
app
parseNextSFFromBuffer
AFPParser.java
466
com.mgz.afp.parser.AFPParser
false
app
parseNextSF
AFPParser.java
382
com.mgz.afp.parser.AFPParser
false
app
convertToXml
Afp2Xml.java
469
com.mgz.cli.Afp2Xml
false
app
execute
Afp2Xml.java
376
com.mgz.cli.Afp2Xml
false
app
main
Afp2Xml.java
65
com.mgz.cli.Afp2Xml
false
Invalid triplet length: 0
Invalid triplet length: 0
Inches10
Inches10
0
0
0
0
000000
15
Undefined
AAAAAAAAAAAAAAAAAAAA
app
parseTriplet
TripletParser.java
205
com.mgz.afp.parser.TripletParser
false
app
parseTriplets
TripletParser.java
133
com.mgz.afp.parser.TripletParser
false
app
decodeAFP
StructuredFieldBaseTriplets.java
84
com.mgz.afp.base.StructuredFieldBaseTriplets
false
app
decodeAFP
PGD_PageDescriptor.java
64
com.mgz.afp.modca.PGD_PageDescriptor
false
app
decodeAFP
IAFPDecodeableWriteable.java
64
com.mgz.afp.exceptions.IAFPDecodeableWriteable
false
app
parseNextSFFromBuffer
AFPParser.java
466
com.mgz.afp.parser.AFPParser
false
app
parseNextSF
AFPParser.java
382
com.mgz.afp.parser.AFPParser
false
app
convertToXml
Afp2Xml.java
469
com.mgz.cli.Afp2Xml
false
app
execute
Afp2Xml.java
376
com.mgz.cli.Afp2Xml
false
app
main
Afp2Xml.java
65
com.mgz.cli.Afp2Xml
false
Invalid triplet length: 0
Invalid triplet length: 0
Inches10
Inches10
0
0
0
0
000000
15
Undefined
AAAAAAAAAAAAAAAAAAAA
app
parseTriplet
TripletParser.java
205
com.mgz.afp.parser.TripletParser
false
app
parseTriplets
TripletParser.java
133
com.mgz.afp.parser.TripletParser
false
app
decodeAFP
StructuredFieldBaseTriplets.java
84
com.mgz.afp.base.StructuredFieldBaseTriplets
false
app
decodeAFP
PGD_PageDescriptor.java
64
com.mgz.afp.modca.PGD_PageDescriptor
false
app
decodeAFP
IAFPDecodeableWriteable.java
64
com.mgz.afp.exceptions.IAFPDecodeableWriteable
false
app
parseNextSFFromBuffer
AFPParser.java
466
com.mgz.afp.parser.AFPParser
false
app
parseNextSF
AFPParser.java
382
com.mgz.afp.parser.AFPParser
false
app
convertToXml
Afp2Xml.java
469
com.mgz.cli.Afp2Xml
false
app
execute
Afp2Xml.java
376
com.mgz.cli.Afp2Xml
false
app
main
Afp2Xml.java
65
com.mgz.cli.Afp2Xml
false
Invalid triplet length: 0
Invalid triplet length: 0
Inches10
Inches10
0
0
0
0
000000
15
Undefined
AAAAAAAAAAAAAAAAAAAA
app
parseTriplet
TripletParser.java
205
com.mgz.afp.parser.TripletParser
false
app
parseTriplets
TripletParser.java
133
com.mgz.afp.parser.TripletParser
false
app
decodeAFP
StructuredFieldBaseTriplets.java
84
com.mgz.afp.base.StructuredFieldBaseTriplets
false
app
decodeAFP
PGD_PageDescriptor.java
64
com.mgz.afp.modca.PGD_PageDescriptor
false
app
decodeAFP
IAFPDecodeableWriteable.java
64
com.mgz.afp.exceptions.IAFPDecodeableWriteable
false
app
parseNextSFFromBuffer
AFPParser.java
466
com.mgz.afp.parser.AFPParser
false
app
parseNextSF
AFPParser.java
382
com.mgz.afp.parser.AFPParser
false
app
convertToXml
Afp2Xml.java
469
com.mgz.cli.Afp2Xml
false
app
execute
Afp2Xml.java
376
com.mgz.cli.Afp2Xml
false
app
main
Afp2Xml.java
65
com.mgz.cli.Afp2Xml
false
Invalid triplet length: 0
Invalid triplet length: 0
Inches10
Inches10
0
0
0
0
000000
15
Undefined
AAAAAAAAAAAAAAAAAAAA
app
parseTriplet
TripletParser.java
205
com.mgz.afp.parser.TripletParser
false
app
parseTriplets
TripletParser.java
133
com.mgz.afp.parser.TripletParser
false
app
decodeAFP
StructuredFieldBaseTriplets.java
84
com.mgz.afp.base.StructuredFieldBaseTriplets
false
app
decodeAFP
PGD_PageDescriptor.java
64
com.mgz.afp.modca.PGD_PageDescriptor
false
app
decodeAFP
IAFPDecodeableWriteable.java
64
com.mgz.afp.exceptions.IAFPDecodeableWriteable
false
app
parseNextSFFromBuffer
AFPParser.java
466
com.mgz.afp.parser.AFPParser
false
app
parseNextSF
AFPParser.java
382
com.mgz.afp.parser.AFPParser
false
app
convertToXml
Afp2Xml.java
469
com.mgz.cli.Afp2Xml
false
app
execute
Afp2Xml.java
376
com.mgz.cli.Afp2Xml
false
app
main
Afp2Xml.java
65
com.mgz.cli.Afp2Xml
false
Invalid triplet length: 0
Invalid triplet length: 0
Inches10
Inches10
0
0
0
0
000000
15
Undefined
AAAAAAAAAAAAAAAAAAAA
app
parseTriplet
TripletParser.java
205
com.mgz.afp.parser.TripletParser
false
app
parseTriplets
TripletParser.java
133
com.mgz.afp.parser.TripletParser
false
app
decodeAFP
StructuredFieldBaseTriplets.java
84
com.mgz.afp.base.StructuredFieldBaseTriplets
false
app
decodeAFP
PGD_PageDescriptor.java
64
com.mgz.afp.modca.PGD_PageDescriptor
false
app
decodeAFP
IAFPDecodeableWriteable.java
64
com.mgz.afp.exceptions.IAFPDecodeableWriteable
false
app
parseNextSFFromBuffer
AFPParser.java
466
com.mgz.afp.parser.AFPParser
false
app
parseNextSF
AFPParser.java
382
com.mgz.afp.parser.AFPParser
false
app
convertToXml
Afp2Xml.java
469
com.mgz.cli.Afp2Xml
false
app
execute
Afp2Xml.java
376
com.mgz.cli.Afp2Xml
false
app
main
Afp2Xml.java
65
com.mgz.cli.Afp2Xml
false
Invalid triplet length: 0
Invalid triplet length: 0
Inches10
Inches10
0
0
0
0
000000
15
Undefined
AAAAAAAAAAAAAAAAAAAA
app
parseTriplet
TripletParser.java
205
com.mgz.afp.parser.TripletParser
false
app
parseTriplets
TripletParser.java
133
com.mgz.afp.parser.TripletParser
false
app
decodeAFP
StructuredFieldBaseTriplets.java
84
com.mgz.afp.base.StructuredFieldBaseTriplets
false
app
decodeAFP
PGD_PageDescriptor.java
64
com.mgz.afp.modca.PGD_PageDescriptor
false
app
decodeAFP
IAFPDecodeableWriteable.java
64
com.mgz.afp.exceptions.IAFPDecodeableWriteable
false
app
parseNextSFFromBuffer
AFPParser.java
466
com.mgz.afp.parser.AFPParser
false
app
parseNextSF
AFPParser.java
382
com.mgz.afp.parser.AFPParser
false
app
convertToXml
Afp2Xml.java
469
com.mgz.cli.Afp2Xml
false
app
execute
Afp2Xml.java
376
com.mgz.cli.Afp2Xml
false
app
main
Afp2Xml.java
65
com.mgz.cli.Afp2Xml
false
Invalid triplet length: 0
Invalid triplet length: 0
Inches10
Inches10
0
0
0
0
000000
15
Undefined
AAAAAAAAAAAAAAAAAAAA
app
parseTriplet
TripletParser.java
205
com.mgz.afp.parser.TripletParser
false
app
parseTriplets
TripletParser.java
133
com.mgz.afp.parser.TripletParser
false
app
decodeAFP
StructuredFieldBaseTriplets.java
84
com.mgz.afp.base.StructuredFieldBaseTriplets
false
app
decodeAFP
PGD_PageDescriptor.java
64
com.mgz.afp.modca.PGD_PageDescriptor
false
app
decodeAFP
IAFPDecodeableWriteable.java
64
com.mgz.afp.exceptions.IAFPDecodeableWriteable
false
app
parseNextSFFromBuffer
AFPParser.java
466
com.mgz.afp.parser.AFPParser
false
app
parseNextSF
AFPParser.java
382
com.mgz.afp.parser.AFPParser
false
app
convertToXml
Afp2Xml.java
469
com.mgz.cli.Afp2Xml
false
app
execute
Afp2Xml.java
376
com.mgz.cli.Afp2Xml
false
app
main
Afp2Xml.java
65
com.mgz.cli.Afp2Xml
false
Invalid triplet length: 0
Invalid triplet length: 0
Inches10
Inches10
0
0
0
0
000000
15
Undefined
AAAAAAAAAAAAAAAAAAAA
app
parseTriplet
TripletParser.java
205
com.mgz.afp.parser.TripletParser
false
app
parseTriplets
TripletParser.java
133
com.mgz.afp.parser.TripletParser
false
app
decodeAFP
StructuredFieldBaseTriplets.java
84
com.mgz.afp.base.StructuredFieldBaseTriplets
false
app
decodeAFP
PGD_PageDescriptor.java
64
com.mgz.afp.modca.PGD_PageDescriptor
false
app
decodeAFP
IAFPDecodeableWriteable.java
64
com.mgz.afp.exceptions.IAFPDecodeableWriteable
false
app
parseNextSFFromBuffer
AFPParser.java
466
com.mgz.afp.parser.AFPParser
false
app
parseNextSF
AFPParser.java
382
com.mgz.afp.parser.AFPParser
false
app
convertToXml
Afp2Xml.java
469
com.mgz.cli.Afp2Xml
false
app
execute
Afp2Xml.java
376
com.mgz.cli.Afp2Xml
false
app
main
Afp2Xml.java
65
com.mgz.cli.Afp2Xml
false
Invalid triplet length: 0
Invalid triplet length: 0
Inches10
Inches10
0
0
0
0
000000
15
Undefined
AAAAAAAAAAAAAAAAAAAA
app
parseTriplet
TripletParser.java
205
com.mgz.afp.parser.TripletParser
false
app
parseTriplets
TripletParser.java
133
com.mgz.afp.parser.TripletParser
false
app
decodeAFP
StructuredFieldBaseTriplets.java
84
com.mgz.afp.base.StructuredFieldBaseTriplets
false
app
decodeAFP
PGD_PageDescriptor.java
64
com.mgz.afp.modca.PGD_PageDescriptor
false
app
decodeAFP
IAFPDecodeableWriteable.java
64
com.mgz.afp.exceptions.IAFPDecodeableWriteable
false
app
parseNextSFFromBuffer
AFPParser.java
466
com.mgz.afp.parser.AFPParser
false
app
parseNextSF
AFPParser.java
382
com.mgz.afp.parser.AFPParser
false
app
convertToXml
Afp2Xml.java
469
com.mgz.cli.Afp2Xml
false
app
execute
Afp2Xml.java
376
com.mgz.cli.Afp2Xml
false
app
main
Afp2Xml.java
65
com.mgz.cli.Afp2Xml
false
Invalid triplet length: 0
Invalid triplet length: 0
Inches10
Inches10
0
0
0
0
000000
15
Undefined
AAAAAAAAAAAAAAAAAAAA
app
parseTriplet
TripletParser.java
205
com.mgz.afp.parser.TripletParser
false
app
parseTriplets
TripletParser.java
133
com.mgz.afp.parser.TripletParser
false
app
decodeAFP
StructuredFieldBaseTriplets.java
84
com.mgz.afp.base.StructuredFieldBaseTriplets
false
app
decodeAFP
PGD_PageDescriptor.java
64
com.mgz.afp.modca.PGD_PageDescriptor
false
app
decodeAFP
IAFPDecodeableWriteable.java
64
com.mgz.afp.exceptions.IAFPDecodeableWriteable
false
app
parseNextSFFromBuffer
AFPParser.java
466
com.mgz.afp.parser.AFPParser
false
app
parseNextSF
AFPParser.java
382
com.mgz.afp.parser.AFPParser
false
app
convertToXml
Afp2Xml.java
469
com.mgz.cli.Afp2Xml
false
app
execute
Afp2Xml.java
376
com.mgz.cli.Afp2Xml
false
app
main
Afp2Xml.java
65
com.mgz.cli.Afp2Xml
false
Invalid triplet length: 0
Invalid triplet length: 0
Inches10
Inches10
0
0
0
0
000000
15
Undefined
AAAAAAAAAAAAAAAAAAAA
app
parseTriplet
TripletParser.java
205
com.mgz.afp.parser.TripletParser
false
app
parseTriplets
TripletParser.java
133
com.mgz.afp.parser.TripletParser
false
app
decodeAFP
StructuredFieldBaseTriplets.java
84
com.mgz.afp.base.StructuredFieldBaseTriplets
false
app
decodeAFP
PGD_PageDescriptor.java
64
com.mgz.afp.modca.PGD_PageDescriptor
false
app
decodeAFP
IAFPDecodeableWriteable.java
64
com.mgz.afp.exceptions.IAFPDecodeableWriteable
false
app
parseNextSFFromBuffer
AFPParser.java
466
com.mgz.afp.parser.AFPParser
false
app
parseNextSF
AFPParser.java
382
com.mgz.afp.parser.AFPParser
false
app
convertToXml
Afp2Xml.java
469
com.mgz.cli.Afp2Xml
false
app
execute
Afp2Xml.java
376
com.mgz.cli.Afp2Xml
false
app
main
Afp2Xml.java
65
com.mgz.cli.Afp2Xml
false
Invalid triplet length: 0
Invalid triplet length: 0
Inches10
Inches10
0
0
0
0
000000
15
Undefined
AAAAAAAAAAAAAAAAAAAA
app
parseTriplet
TripletParser.java
205
com.mgz.afp.parser.TripletParser
false
app
parseTriplets
TripletParser.java
133
com.mgz.afp.parser.TripletParser
false
app
decodeAFP
StructuredFieldBaseTriplets.java
84
com.mgz.afp.base.StructuredFieldBaseTriplets
false
app
decodeAFP
PGD_PageDescriptor.java
64
com.mgz.afp.modca.PGD_PageDescriptor
false
app
decodeAFP
IAFPDecodeableWriteable.java
64
com.mgz.afp.exceptions.IAFPDecodeableWriteable
false
app
parseNextSFFromBuffer
AFPParser.java
466
com.mgz.afp.parser.AFPParser
false
app
parseNextSF
AFPParser.java
382
com.mgz.afp.parser.AFPParser
false
app
convertToXml
Afp2Xml.java
469
com.mgz.cli.Afp2Xml
false
app
execute
Afp2Xml.java
376
com.mgz.cli.Afp2Xml
false
app
main
Afp2Xml.java
65
com.mgz.cli.Afp2Xml
false
Invalid triplet length: 0
Invalid triplet length: 0
Inches10
Inches10
0
0
0
0
000000
15
Undefined
AAAAAAAAAAAAAAAAAAAA
app
parseTriplet
TripletParser.java
205
com.mgz.afp.parser.TripletParser
false
app
parseTriplets
TripletParser.java
133
com.mgz.afp.parser.TripletParser
false
app
decodeAFP
StructuredFieldBaseTriplets.java
84
com.mgz.afp.base.StructuredFieldBaseTriplets
false
app
decodeAFP
PGD_PageDescriptor.java
64
com.mgz.afp.modca.PGD_PageDescriptor
false
app
decodeAFP
IAFPDecodeableWriteable.java
64
com.mgz.afp.exceptions.IAFPDecodeableWriteable
false
app
parseNextSFFromBuffer
AFPParser.java
466
com.mgz.afp.parser.AFPParser
false
app
parseNextSF
AFPParser.java
382
com.mgz.afp.parser.AFPParser
false
app
convertToXml
Afp2Xml.java
469
com.mgz.cli.Afp2Xml
false
app
execute
Afp2Xml.java
376
com.mgz.cli.Afp2Xml
false
app
main
Afp2Xml.java
65
com.mgz.cli.Afp2Xml
false
Invalid triplet length: 0
Invalid triplet length: 0
Inches10
Inches10
0
0
0
0
000000
15
Undefined
AAAAAAAAAAAAAAAAAAAA
app
parseTriplet
TripletParser.java
205
com.mgz.afp.parser.TripletParser
false
app
parseTriplets
TripletParser.java
133
com.mgz.afp.parser.TripletParser
false
app
decodeAFP
StructuredFieldBaseTriplets.java
84
com.mgz.afp.base.StructuredFieldBaseTriplets
false
app
decodeAFP
PGD_PageDescriptor.java
64
com.mgz.afp.modca.PGD_PageDescriptor
false
app
decodeAFP
IAFPDecodeableWriteable.java
64
com.mgz.afp.exceptions.IAFPDecodeableWriteable
false
app
parseNextSFFromBuffer
AFPParser.java
466
com.mgz.afp.parser.AFPParser
false
app
parseNextSF
AFPParser.java
382
com.mgz.afp.parser.AFPParser
false
app
convertToXml
Afp2Xml.java
469
com.mgz.cli.Afp2Xml
false
app
execute
Afp2Xml.java
376
com.mgz.cli.Afp2Xml
false
app
main
Afp2Xml.java
65
com.mgz.cli.Afp2Xml
false
Invalid triplet length: 0
Invalid triplet length: 0
Inches10
Inches10
0
0
0
0
000000
15
Undefined
AAAAAAAAAAAAAAAAAAAA
app
parseTriplet
TripletParser.java
205
com.mgz.afp.parser.TripletParser
false
app
parseTriplets
TripletParser.java
133
com.mgz.afp.parser.TripletParser
false
app
decodeAFP
StructuredFieldBaseTriplets.java
84
com.mgz.afp.base.StructuredFieldBaseTriplets
false
app
decodeAFP
PGD_PageDescriptor.java
64
com.mgz.afp.modca.PGD_PageDescriptor
false
app
decodeAFP
IAFPDecodeableWriteable.java
64
com.mgz.afp.exceptions.IAFPDecodeableWriteable
false
app
parseNextSFFromBuffer
AFPParser.java
466
com.mgz.afp.parser.AFPParser
false
app
parseNextSF
AFPParser.java
382
com.mgz.afp.parser.AFPParser
false
app
convertToXml
Afp2Xml.java
469
com.mgz.cli.Afp2Xml
false
app
execute
Afp2Xml.java
376
com.mgz.cli.Afp2Xml
false
app
main
Afp2Xml.java
65
com.mgz.cli.Afp2Xml
false
Invalid triplet length: 0
Invalid triplet length: 0
Inches10
Inches10
0
0
0
0
000000
15
Undefined
AAAAAAAAAAAAAAAAAAAA
app
parseTriplet
TripletParser.java
205
com.mgz.afp.parser.TripletParser
false
app
parseTriplets
TripletParser.java
133
com.mgz.afp.parser.TripletParser
false
app
decodeAFP
StructuredFieldBaseTriplets.java
84
com.mgz.afp.base.StructuredFieldBaseTriplets
false
app
decodeAFP
PGD_PageDescriptor.java
64
com.mgz.afp.modca.PGD_PageDescriptor
false
app
decodeAFP
IAFPDecodeableWriteable.java
64
com.mgz.afp.exceptions.IAFPDecodeableWriteable
false
app
parseNextSFFromBuffer
AFPParser.java
466
com.mgz.afp.parser.AFPParser
false
app
parseNextSF
AFPParser.java
382
com.mgz.afp.parser.AFPParser
false
app
convertToXml
Afp2Xml.java
469
com.mgz.cli.Afp2Xml
false
app
execute
Afp2Xml.java
376
com.mgz.cli.Afp2Xml
false
app
main
Afp2Xml.java
65
com.mgz.cli.Afp2Xml
false
Invalid triplet length: 0
Invalid triplet length: 0
Inches10
Inches10
0
0
0
0
000000
15
Undefined
AAAAAAAAAAAAAAAAAAAA
app
parseTriplet
TripletParser.java
205
com.mgz.afp.parser.TripletParser
false
app
parseTriplets
TripletParser.java
133
com.mgz.afp.parser.TripletParser
false
app
decodeAFP
StructuredFieldBaseTriplets.java
84
com.mgz.afp.base.StructuredFieldBaseTriplets
false
app
decodeAFP
PGD_PageDescriptor.java
64
com.mgz.afp.modca.PGD_PageDescriptor
false
app
decodeAFP
IAFPDecodeableWriteable.java
64
com.mgz.afp.exceptions.IAFPDecodeableWriteable
false
app
parseNextSFFromBuffer
AFPParser.java
466
com.mgz.afp.parser.AFPParser
false
app
parseNextSF
AFPParser.java
382
com.mgz.afp.parser.AFPParser
false
app
convertToXml
Afp2Xml.java
469
com.mgz.cli.Afp2Xml
false
app
execute
Afp2Xml.java
376
com.mgz.cli.Afp2Xml
false
app
main
Afp2Xml.java
65
com.mgz.cli.Afp2Xml
false
Invalid triplet length: 0
Invalid triplet length: 0
Inches10
Inches10
0
0
0
0
000000
15
Undefined
AAAAAAAAAAAAAAAAAAAA
app
parseTriplet
TripletParser.java
205
com.mgz.afp.parser.TripletParser
false
app
parseTriplets
TripletParser.java
133
com.mgz.afp.parser.TripletParser
false
app
decodeAFP
StructuredFieldBaseTriplets.java
84
com.mgz.afp.base.StructuredFieldBaseTriplets
false
app
decodeAFP
PGD_PageDescriptor.java
64
com.mgz.afp.modca.PGD_PageDescriptor
false
app
decodeAFP
IAFPDecodeableWriteable.java
64
com.mgz.afp.exceptions.IAFPDecodeableWriteable
false
app
parseNextSFFromBuffer
AFPParser.java
466
com.mgz.afp.parser.AFPParser
false
app
parseNextSF
AFPParser.java
382
com.mgz.afp.parser.AFPParser
false
app
convertToXml
Afp2Xml.java
469
com.mgz.cli.Afp2Xml
false
app
execute
Afp2Xml.java
376
com.mgz.cli.Afp2Xml
false
app
main
Afp2Xml.java
65
com.mgz.cli.Afp2Xml
false
Invalid triplet length: 0
Invalid triplet length: 0
Inches10
Inches10
0
0
0
0
000000
15
Undefined
AAAAAAAAAAAAAAAAAAAA
app
parseTriplet
TripletParser.java
205
com.mgz.afp.parser.TripletParser
false
app
parseTriplets
TripletParser.java
133
com.mgz.afp.parser.TripletParser
false
app
decodeAFP
StructuredFieldBaseTriplets.java
84
com.mgz.afp.base.StructuredFieldBaseTriplets
false
app
decodeAFP
PGD_PageDescriptor.java
64
com.mgz.afp.modca.PGD_PageDescriptor
false
app
decodeAFP
IAFPDecodeableWriteable.java
64
com.mgz.afp.exceptions.IAFPDecodeableWriteable
false
app
parseNextSFFromBuffer
AFPParser.java
466
com.mgz.afp.parser.AFPParser
false
app
parseNextSF
AFPParser.java
382
com.mgz.afp.parser.AFPParser
false
app
convertToXml
Afp2Xml.java
469
com.mgz.cli.Afp2Xml
false
app
execute
Afp2Xml.java
376
com.mgz.cli.Afp2Xml
false
app
main
Afp2Xml.java
65
com.mgz.cli.Afp2Xml
false
Invalid triplet length: 0
Invalid triplet length: 0
Inches10
Inches10
0
0
0
0
000000
15
Undefined
AAAAAAAAAAAAAAAAAAAA
app
parseTriplet
TripletParser.java
205
com.mgz.afp.parser.TripletParser
false
app
parseTriplets
TripletParser.java
133
com.mgz.afp.parser.TripletParser
false
app
decodeAFP
StructuredFieldBaseTriplets.java
84
com.mgz.afp.base.StructuredFieldBaseTriplets
false
app
decodeAFP
PGD_PageDescriptor.java
64
com.mgz.afp.modca.PGD_PageDescriptor
false
app
decodeAFP
IAFPDecodeableWriteable.java
64
com.mgz.afp.exceptions.IAFPDecodeableWriteable
false
app
parseNextSFFromBuffer
AFPParser.java
466
com.mgz.afp.parser.AFPParser
false
app
parseNextSF
AFPParser.java
382
com.mgz.afp.parser.AFPParser
false
app
convertToXml
Afp2Xml.java
469
com.mgz.cli.Afp2Xml
false
app
execute
Afp2Xml.java
376
com.mgz.cli.Afp2Xml
false
app
main
Afp2Xml.java
65
com.mgz.cli.Afp2Xml
false
Invalid triplet length: 0
Invalid triplet length: 0
Inches10
Inches10
0
0
0
0
000000
15
Undefined
AAAAAAAAAAAAAAAAAAAA
app
parseTriplet
TripletParser.java
205
com.mgz.afp.parser.TripletParser
false
app
parseTriplets
TripletParser.java
133
com.mgz.afp.parser.TripletParser
false
app
decodeAFP
StructuredFieldBaseTriplets.java
84
com.mgz.afp.base.StructuredFieldBaseTriplets
false
app
decodeAFP
PGD_PageDescriptor.java
64
com.mgz.afp.modca.PGD_PageDescriptor
false
app
decodeAFP
IAFPDecodeableWriteable.java
64
com.mgz.afp.exceptions.IAFPDecodeableWriteable
false
app
parseNextSFFromBuffer
AFPParser.java
466
com.mgz.afp.parser.AFPParser
false
app
parseNextSF
AFPParser.java
382
com.mgz.afp.parser.AFPParser
false
app
convertToXml
Afp2Xml.java
469
com.mgz.cli.Afp2Xml
false
app
execute
Afp2Xml.java
376
com.mgz.cli.Afp2Xml
false
app
main
Afp2Xml.java
65
com.mgz.cli.Afp2Xml
false
Invalid triplet length: 0
Invalid triplet length: 0
Inches10
Inches10
0
0
0
0
000000
15
Undefined
AAAAAAAAAAAAAAAAAAAA
app
parseTriplet
TripletParser.java
205
com.mgz.afp.parser.TripletParser
false
app
parseTriplets
TripletParser.java
133
com.mgz.afp.parser.TripletParser
false
app
decodeAFP
StructuredFieldBaseTriplets.java
84
com.mgz.afp.base.StructuredFieldBaseTriplets
false
app
decodeAFP
PGD_PageDescriptor.java
64
com.mgz.afp.modca.PGD_PageDescriptor
false
app
decodeAFP
IAFPDecodeableWriteable.java
64
com.mgz.afp.exceptions.IAFPDecodeableWriteable
false
app
parseNextSFFromBuffer
AFPParser.java
466
com.mgz.afp.parser.AFPParser
false
app
parseNextSF
AFPParser.java
382
com.mgz.afp.parser.AFPParser
false
app
convertToXml
Afp2Xml.java
469
com.mgz.cli.Afp2Xml
false
app
execute
Afp2Xml.java
376
com.mgz.cli.Afp2Xml
false
app
main
Afp2Xml.java
65
com.mgz.cli.Afp2Xml
false
Invalid triplet length: 0
Invalid triplet length: 0
Inches10
Inches10
0
0
0
0
000000
15
Undefined
AAAAAAAAAAAAAAAAAAAA
app
parseTriplet
TripletParser.java
205
com.mgz.afp.parser.TripletParser
false
app
parseTriplets
TripletParser.java
133
com.mgz.afp.parser.TripletParser
false
app
decodeAFP
StructuredFieldBaseTriplets.java
84
com.mgz.afp.base.StructuredFieldBaseTriplets
false
app
decodeAFP
PGD_PageDescriptor.java
64
com.mgz.afp.modca.PGD_PageDescriptor
false
app
decodeAFP
IAFPDecodeableWriteable.java
64
com.mgz.afp.exceptions.IAFPDecodeableWriteable
false
app
parseNextSFFromBuffer
AFPParser.java
466
com.mgz.afp.parser.AFPParser
false
app
parseNextSF
AFPParser.java
382
com.mgz.afp.parser.AFPParser
false
app
convertToXml
Afp2Xml.java
469
com.mgz.cli.Afp2Xml
false
app
execute
Afp2Xml.java
376
com.mgz.cli.Afp2Xml
false
app
main
Afp2Xml.java
65
com.mgz.cli.Afp2Xml
false
Invalid triplet length: 0
Invalid triplet length: 0
Inches10
Inches10
0
0
0
0
000000
15
Undefined
AAAAAAAAAAAAAAAAAAAA
app
parseTriplet
TripletParser.java
205
com.mgz.afp.parser.TripletParser
false
app
parseTriplets
TripletParser.java
133
com.mgz.afp.parser.TripletParser
false
app
decodeAFP
StructuredFieldBaseTriplets.java
84
com.mgz.afp.base.StructuredFieldBaseTriplets
false
app
decodeAFP
PGD_PageDescriptor.java
64
com.mgz.afp.modca.PGD_PageDescriptor
false
app
decodeAFP
IAFPDecodeableWriteable.java
64
com.mgz.afp.exceptions.IAFPDecodeableWriteable
false
app
parseNextSFFromBuffer
AFPParser.java
466
com.mgz.afp.parser.AFPParser
false
app
parseNextSF
AFPParser.java
382
com.mgz.afp.parser.AFPParser
false
app
convertToXml
Afp2Xml.java
469
com.mgz.cli.Afp2Xml
false
app
execute
Afp2Xml.java
376
com.mgz.cli.Afp2Xml
false
app
main
Afp2Xml.java
65
com.mgz.cli.Afp2Xml
false
Invalid triplet length: 0
Invalid triplet length: 0
Inches10
Inches10
0
0
0
0
000000
15
Undefined
AAAAAAAAAAAAAAAAAAAA
app
parseTriplet
TripletParser.java
205
com.mgz.afp.parser.TripletParser
false
app
parseTriplets
TripletParser.java
133
com.mgz.afp.parser.TripletParser
false
app
decodeAFP
StructuredFieldBaseTriplets.java
84
com.mgz.afp.base.StructuredFieldBaseTriplets
false
app
decodeAFP
PGD_PageDescriptor.java
64
com.mgz.afp.modca.PGD_PageDescriptor
false
app
decodeAFP
IAFPDecodeableWriteable.java
64
com.mgz.afp.exceptions.IAFPDecodeableWriteable
false
app
parseNextSFFromBuffer
AFPParser.java
466
com.mgz.afp.parser.AFPParser
false
app
parseNextSF
AFPParser.java
382
com.mgz.afp.parser.AFPParser
false
app
convertToXml
Afp2Xml.java
469
com.mgz.cli.Afp2Xml
false
app
execute
Afp2Xml.java
376
com.mgz.cli.Afp2Xml
false
app
main
Afp2Xml.java
65
com.mgz.cli.Afp2Xml
false
Invalid triplet length: 0
Invalid triplet length: 0
Inches10
Inches10
0
0
0
0
000000
15
Undefined
AAAAAAAAAAAAAAAAAAAA
app
parseTriplet
TripletParser.java
205
com.mgz.afp.parser.TripletParser
false
app
parseTriplets
TripletParser.java
133
com.mgz.afp.parser.TripletParser
false
app
decodeAFP
StructuredFieldBaseTriplets.java
84
com.mgz.afp.base.StructuredFieldBaseTriplets
false
app
decodeAFP
PGD_PageDescriptor.java
64
com.mgz.afp.modca.PGD_PageDescriptor
false
app
decodeAFP
IAFPDecodeableWriteable.java
64
com.mgz.afp.exceptions.IAFPDecodeableWriteable
false
app
parseNextSFFromBuffer
AFPParser.java
466
com.mgz.afp.parser.AFPParser
false
app
parseNextSF
AFPParser.java
382
com.mgz.afp.parser.AFPParser
false
app
convertToXml
Afp2Xml.java
469
com.mgz.cli.Afp2Xml
false
app
execute
Afp2Xml.java
376
com.mgz.cli.Afp2Xml
false
app
main
Afp2Xml.java
65
com.mgz.cli.Afp2Xml
false
Invalid triplet length: 0
Invalid triplet length: 0
Inches10
Inches10
0
0
0
0
000000
15
Undefined
AAAAAAAAAAAAAAAAAAAA
app
parseTriplet
TripletParser.java
205
com.mgz.afp.parser.TripletParser
false
app
parseTriplets
TripletParser.java
133
com.mgz.afp.parser.TripletParser
false
app
decodeAFP
StructuredFieldBaseTriplets.java
84
com.mgz.afp.base.StructuredFieldBaseTriplets
false
app
decodeAFP
PGD_PageDescriptor.java
64
com.mgz.afp.modca.PGD_PageDescriptor
false
app
decodeAFP
IAFPDecodeableWriteable.java
64
com.mgz.afp.exceptions.IAFPDecodeableWriteable
false
app
parseNextSFFromBuffer
AFPParser.java
466
com.mgz.afp.parser.AFPParser
false
app
parseNextSF
AFPParser.java
382
com.mgz.afp.parser.AFPParser
false
app
convertToXml
Afp2Xml.java
469
com.mgz.cli.Afp2Xml
false
app
execute
Afp2Xml.java
376
com.mgz.cli.Afp2Xml
false
app
main
Afp2Xml.java
65
com.mgz.cli.Afp2Xml
false
Invalid triplet length: 0
Invalid triplet length: 0
Inches10
Inches10
0
0
0
0
000000
15
Undefined
AAAAAAAAAAAAAAAAAAAA
app
parseTriplet
TripletParser.java
205
com.mgz.afp.parser.TripletParser
false
app
parseTriplets
TripletParser.java
133
com.mgz.afp.parser.TripletParser
false
app
decodeAFP
StructuredFieldBaseTriplets.java
84
com.mgz.afp.base.StructuredFieldBaseTriplets
false
app
decodeAFP
PGD_PageDescriptor.java
64
com.mgz.afp.modca.PGD_PageDescriptor
false
app
decodeAFP
IAFPDecodeableWriteable.java
64
com.mgz.afp.exceptions.IAFPDecodeableWriteable
false
app
parseNextSFFromBuffer
AFPParser.java
466
com.mgz.afp.parser.AFPParser
false
app
parseNextSF
AFPParser.java
382
com.mgz.afp.parser.AFPParser
false
app
convertToXml
Afp2Xml.java
469
com.mgz.cli.Afp2Xml
false
app
execute
Afp2Xml.java
376
com.mgz.cli.Afp2Xml
false
app
main
Afp2Xml.java
65
com.mgz.cli.Afp2Xml
false
Invalid triplet length: 0
Invalid triplet length: 0
Inches10
Inches10
0
0
0
0
AAA=
Inches10
Inches10
0
0
0
0
AAA=
Inches10
Inches10
0
0
0
0
AAA=
Inches10
Inches10
0
0
0
0
AAA=
Inches10
Inches10
0
0
0
0
AAA=
Inches10
Inches10
0
0
0
0
AAA=
Inches10
Inches10
0
0
0
0
AAA=
Inches10
Inches10
0
0
0
0
AAA=
Inches10
Inches10
0
0
0
0
AAA=
Inches10
Inches10
0
0
0
0
AAA=
Inches10
Inches10
0
0
0
0
AAA=
Inches10
Inches10
0
0
0
0
AAA=
Inches10
Inches10
0
0
0
0
AAA=
Inches10
Inches10
0
0
0
0
AAA=
Inches10
Inches10
0
0
0
0
AAA=
Inches10
Inches10
0
0
0
0
AAA=
Inches10
Inches10
0
0
0
0
AAA=
Inches10
Inches10
0
0
0
0
AAA=
Inches10
Inches10
0
0
0
0
AAA=
Inches10
Inches10
0
0
0
0
AAA=
Inches10
Inches10
0
0
0
0
AAA=
Inches10
Inches10
0
0
0
0
AAA=
Inches10
Inches10
0
0
0
0
AAA=
Inches10
Inches10
0
0
0
0
AAA=
Inches10
Inches10
0
0
0
0
AAA=
Inches10
Inches10
0
0
0
0
AAA=
Inches10
Inches10
0
0
0
0
AAA=
Inches10
Inches10
0
0
0
0
AAA=
Inches10
Inches10
0
0
0
0
AAA=
Inches10
Inches10
0
0
0
0
AAA=
Inches10
Inches10
0
0
0
0
AAA=
Inches10
Inches10
0
0
0
0
AAA=
Inches10
Inches10
0
0
0
0
AAA=
Inches10
Inches10
0
0
0
0
AAA=
Inches10
Inches10
0
0
0
0
AAA=
Inches10
Inches10
0
0
0
0
AAA=
Inches10
Inches10
0
0
0
0
AAA=
Inches10
Inches10
0
0
0
0
AAA=
Inches10
Inches10
0
0
0
0
AAA=
Inches10
Inches10
0
0
0
0
AAA=
Inches10
Inches10
0
0
0
0
AAA=
Inches10
Inches10
0
0
0
0
AAA=
Inches10
Inches10
0
0
0
0
AAA=
Inches10
Inches10
0
0
0
0
AAA=
Inches10
Inches10
0
0
0
0
AAA=
Inches10
Inches10
0
0
0
0
AAA=
Inches10
Inches10
0
0
0
0
AAA=
Inches10
Inches10
0
0
0
0
AAA=
Inches10
Inches10
0
0
0
0
AAA=
Inches10
Inches10
0
0
0
0
AAA=
Inches10
Inches10
0
0
0
0
AAA=
Inches10
Inches10
0
0
0
0
AAA=
Inches10
Inches10
0
0
0
0
AAA=
Inches10
Inches10
0
0
0
0
AAA=
Inches10
Inches10
0
0
0
0
AAA=
Inches10
Inches10
0
0
0
0
AAA=
Inches10
Inches10
0
0
0
0
AAA=
Inches10
Inches10
0
0
0
0
AAA=
Inches10
Inches10
0
0
0
0
AAA=
Inches10
Inches10
0
0
0
0
AAA=
Inches10
Inches10
0
0
0
0
AAA=
Inches10
Inches10
0
0
0
0
AAA=
Inches10
Inches10
0
0
0
0
AAA=
Inches10
Inches10
0
0
0
0
AAA=
Inches10
Inches10
0
0
0
0
AAA=
Inches10
Inches10
0
0
0
0
AAA=
Inches10
Inches10
0
0
0
0
AAA=
Inches10
Inches10
0
0
0
0
AAA=
Inches10
Inches10
0
0
0
0
AAA=
Inches10
Inches10
0
0
0
0
AAA=
Inches10
Inches10
0
0
0
0
AAA=
Inches10
Inches10
0
0
0
0
AAA=
Inches10
Inches10
0
0
0
0
AAA=
Inches10
Inches10
0
0
0
0
AAA=
Inches10
Inches10
0
0
0
0
AAA=
Inches10
Inches10
0
0
0
0
AAA=
10
Undefined
AAAAAAAAAAAAAA==
app
parseTriplet
TripletParser.java
205
com.mgz.afp.parser.TripletParser
false
app
parseTriplets
TripletParser.java
133
com.mgz.afp.parser.TripletParser
false
app
decodeAFP
StructuredFieldBaseTriplets.java
84
com.mgz.afp.base.StructuredFieldBaseTriplets
false
app
decodeAFP
IAFPDecodeableWriteable.java
64
com.mgz.afp.exceptions.IAFPDecodeableWriteable
false
app
parseNextSFFromBuffer
AFPParser.java
466
com.mgz.afp.parser.AFPParser
false
app
parseNextSF
AFPParser.java
382
com.mgz.afp.parser.AFPParser
false
app
convertToXml
Afp2Xml.java
469
com.mgz.cli.Afp2Xml
false
app
execute
Afp2Xml.java
376
com.mgz.cli.Afp2Xml
false
app
main
Afp2Xml.java
65
com.mgz.cli.Afp2Xml
false
Invalid triplet length: 0
Invalid triplet length: 0
10
Undefined
AAAAAAAAAAAAAA==
app
parseTriplet
TripletParser.java
205
com.mgz.afp.parser.TripletParser
false
app
parseTriplets
TripletParser.java
133
com.mgz.afp.parser.TripletParser
false
app
decodeAFP
StructuredFieldBaseTriplets.java
84
com.mgz.afp.base.StructuredFieldBaseTriplets
false
app
decodeAFP
IAFPDecodeableWriteable.java
64
com.mgz.afp.exceptions.IAFPDecodeableWriteable
false
app
parseNextSFFromBuffer
AFPParser.java
466
com.mgz.afp.parser.AFPParser
false
app
parseNextSF
AFPParser.java
382
com.mgz.afp.parser.AFPParser
false
app
convertToXml
Afp2Xml.java
469
com.mgz.cli.Afp2Xml
false
app
execute
Afp2Xml.java
376
com.mgz.cli.Afp2Xml
false
app
main
Afp2Xml.java
65
com.mgz.cli.Afp2Xml
false
Invalid triplet length: 0
Invalid triplet length: 0
10
Undefined
AAAAAAAAAAAAAA==
app
parseTriplet
TripletParser.java
205
com.mgz.afp.parser.TripletParser
false
app
parseTriplets
TripletParser.java
133
com.mgz.afp.parser.TripletParser
false
app
decodeAFP
StructuredFieldBaseTriplets.java
84
com.mgz.afp.base.StructuredFieldBaseTriplets
false
app
decodeAFP
IAFPDecodeableWriteable.java
64
com.mgz.afp.exceptions.IAFPDecodeableWriteable
false
app
parseNextSFFromBuffer
AFPParser.java
466
com.mgz.afp.parser.AFPParser
false
app
parseNextSF
AFPParser.java
382
com.mgz.afp.parser.AFPParser
false
app
convertToXml
Afp2Xml.java
469
com.mgz.cli.Afp2Xml
false
app
execute
Afp2Xml.java
376
com.mgz.cli.Afp2Xml
false
app
main
Afp2Xml.java
65
com.mgz.cli.Afp2Xml
false
Invalid triplet length: 0
Invalid triplet length: 0
10
Undefined
AAAAAAAAAAAAAA==
app
parseTriplet
TripletParser.java
205
com.mgz.afp.parser.TripletParser
false
app
parseTriplets
TripletParser.java
133
com.mgz.afp.parser.TripletParser
false
app
decodeAFP
StructuredFieldBaseTriplets.java
84
com.mgz.afp.base.StructuredFieldBaseTriplets
false
app
decodeAFP
IAFPDecodeableWriteable.java
64
com.mgz.afp.exceptions.IAFPDecodeableWriteable
false
app
parseNextSFFromBuffer
AFPParser.java
466
com.mgz.afp.parser.AFPParser
false
app
parseNextSF
AFPParser.java
382
com.mgz.afp.parser.AFPParser
false
app
convertToXml
Afp2Xml.java
469
com.mgz.cli.Afp2Xml
false
app
execute
Afp2Xml.java
376
com.mgz.cli.Afp2Xml
false
app
main
Afp2Xml.java
65
com.mgz.cli.Afp2Xml
false
Invalid triplet length: 0
Invalid triplet length: 0
10
Undefined
AAAAAAAAAAAAAA==
app
parseTriplet
TripletParser.java
205
com.mgz.afp.parser.TripletParser
false
app
parseTriplets
TripletParser.java
133
com.mgz.afp.parser.TripletParser
false
app
decodeAFP
StructuredFieldBaseTriplets.java
84
com.mgz.afp.base.StructuredFieldBaseTriplets
false
app
decodeAFP
IAFPDecodeableWriteable.java
64
com.mgz.afp.exceptions.IAFPDecodeableWriteable
false
app
parseNextSFFromBuffer
AFPParser.java
466
com.mgz.afp.parser.AFPParser
false
app
parseNextSF
AFPParser.java
382
com.mgz.afp.parser.AFPParser
false
app
convertToXml
Afp2Xml.java
469
com.mgz.cli.Afp2Xml
false
app
execute
Afp2Xml.java
376
com.mgz.cli.Afp2Xml
false
app
main
Afp2Xml.java
65
com.mgz.cli.Afp2Xml
false
Invalid triplet length: 0
Invalid triplet length: 0
10
Undefined
AAAAAAAAAAAAAA==
app
parseTriplet
TripletParser.java
205
com.mgz.afp.parser.TripletParser
false
app
parseTriplets
TripletParser.java
133
com.mgz.afp.parser.TripletParser
false
app
decodeAFP
StructuredFieldBaseTriplets.java
84
com.mgz.afp.base.StructuredFieldBaseTriplets
false
app
decodeAFP
IAFPDecodeableWriteable.java
64
com.mgz.afp.exceptions.IAFPDecodeableWriteable
false
app
parseNextSFFromBuffer
AFPParser.java
466
com.mgz.afp.parser.AFPParser
false
app
parseNextSF
AFPParser.java
382
com.mgz.afp.parser.AFPParser
false
app
convertToXml
Afp2Xml.java
469
com.mgz.cli.Afp2Xml
false
app
execute
Afp2Xml.java
376
com.mgz.cli.Afp2Xml
false
app
main
Afp2Xml.java
65
com.mgz.cli.Afp2Xml
false
Invalid triplet length: 0
Invalid triplet length: 0
10
Undefined
AAAAAAAAAAAAAA==
app
parseTriplet
TripletParser.java
205
com.mgz.afp.parser.TripletParser
false
app
parseTriplets
TripletParser.java
133
com.mgz.afp.parser.TripletParser
false
app
decodeAFP
StructuredFieldBaseTriplets.java
84
com.mgz.afp.base.StructuredFieldBaseTriplets
false
app
decodeAFP
IAFPDecodeableWriteable.java
64
com.mgz.afp.exceptions.IAFPDecodeableWriteable
false
app
parseNextSFFromBuffer
AFPParser.java
466
com.mgz.afp.parser.AFPParser
false
app
parseNextSF
AFPParser.java
382
com.mgz.afp.parser.AFPParser
false
app
convertToXml
Afp2Xml.java
469
com.mgz.cli.Afp2Xml
false
app
execute
Afp2Xml.java
376
com.mgz.cli.Afp2Xml
false
app
main
Afp2Xml.java
65
com.mgz.cli.Afp2Xml
false
Invalid triplet length: 0
Invalid triplet length: 0
10
Undefined
AAAAAAAAAAAAAA==
app
parseTriplet
TripletParser.java
205
com.mgz.afp.parser.TripletParser
false
app
parseTriplets
TripletParser.java
133
com.mgz.afp.parser.TripletParser
false
app
decodeAFP
StructuredFieldBaseTriplets.java
84
com.mgz.afp.base.StructuredFieldBaseTriplets
false
app
decodeAFP
IAFPDecodeableWriteable.java
64
com.mgz.afp.exceptions.IAFPDecodeableWriteable
false
app
parseNextSFFromBuffer
AFPParser.java
466
com.mgz.afp.parser.AFPParser
false
app
parseNextSF
AFPParser.java
382
com.mgz.afp.parser.AFPParser
false
app
convertToXml
Afp2Xml.java
469
com.mgz.cli.Afp2Xml
false
app
execute
Afp2Xml.java
376
com.mgz.cli.Afp2Xml
false
app
main
Afp2Xml.java
65
com.mgz.cli.Afp2Xml
false
Invalid triplet length: 0
Invalid triplet length: 0
10
Undefined
AAAAAAAAAAAAAA==
app
parseTriplet
TripletParser.java
205
com.mgz.afp.parser.TripletParser
false
app
parseTriplets
TripletParser.java
133
com.mgz.afp.parser.TripletParser
false
app
decodeAFP
StructuredFieldBaseTriplets.java
84
com.mgz.afp.base.StructuredFieldBaseTriplets
false
app
decodeAFP
IAFPDecodeableWriteable.java
64
com.mgz.afp.exceptions.IAFPDecodeableWriteable
false
app
parseNextSFFromBuffer
AFPParser.java
466
com.mgz.afp.parser.AFPParser
false
app
parseNextSF
AFPParser.java
382
com.mgz.afp.parser.AFPParser
false
app
convertToXml
Afp2Xml.java
469
com.mgz.cli.Afp2Xml
false
app
execute
Afp2Xml.java
376
com.mgz.cli.Afp2Xml
false
app
main
Afp2Xml.java
65
com.mgz.cli.Afp2Xml
false
Invalid triplet length: 0
Invalid triplet length: 0
10
Undefined
AAAAAAAAAAAAAA==
app
parseTriplet
TripletParser.java
205
com.mgz.afp.parser.TripletParser
false
app
parseTriplets
TripletParser.java
133
com.mgz.afp.parser.TripletParser
false
app
decodeAFP
StructuredFieldBaseTriplets.java
84
com.mgz.afp.base.StructuredFieldBaseTriplets
false
app
decodeAFP
IAFPDecodeableWriteable.java
64
com.mgz.afp.exceptions.IAFPDecodeableWriteable
false
app
parseNextSFFromBuffer
AFPParser.java
466
com.mgz.afp.parser.AFPParser
false
app
parseNextSF
AFPParser.java
382
com.mgz.afp.parser.AFPParser
false
app
convertToXml
Afp2Xml.java
469
com.mgz.cli.Afp2Xml
false
app
execute
Afp2Xml.java
376
com.mgz.cli.Afp2Xml
false
app
main
Afp2Xml.java
65
com.mgz.cli.Afp2Xml
false
Invalid triplet length: 0
Invalid triplet length: 0
10
Undefined
AAAAAAAAAAAAAA==
app
parseTriplet
TripletParser.java
205
com.mgz.afp.parser.TripletParser
false
app
parseTriplets
TripletParser.java
133
com.mgz.afp.parser.TripletParser
false
app
decodeAFP
StructuredFieldBaseTriplets.java
84
com.mgz.afp.base.StructuredFieldBaseTriplets
false
app
decodeAFP
IAFPDecodeableWriteable.java
64
com.mgz.afp.exceptions.IAFPDecodeableWriteable
false
app
parseNextSFFromBuffer
AFPParser.java
466
com.mgz.afp.parser.AFPParser
false
app
parseNextSF
AFPParser.java
382
com.mgz.afp.parser.AFPParser
false
app
convertToXml
Afp2Xml.java
469
com.mgz.cli.Afp2Xml
false
app
execute
Afp2Xml.java
376
com.mgz.cli.Afp2Xml
false
app
main
Afp2Xml.java
65
com.mgz.cli.Afp2Xml
false
Invalid triplet length: 0
Invalid triplet length: 0
10
Undefined
AAAAAAAAAAAAAA==
app
parseTriplet
TripletParser.java
205
com.mgz.afp.parser.TripletParser
false
app
parseTriplets
TripletParser.java
133
com.mgz.afp.parser.TripletParser
false
app
decodeAFP
StructuredFieldBaseTriplets.java
84
com.mgz.afp.base.StructuredFieldBaseTriplets
false
app
decodeAFP
IAFPDecodeableWriteable.java
64
com.mgz.afp.exceptions.IAFPDecodeableWriteable
false
app
parseNextSFFromBuffer
AFPParser.java
466
com.mgz.afp.parser.AFPParser
false
app
parseNextSF
AFPParser.java
382
com.mgz.afp.parser.AFPParser
false
app
convertToXml
Afp2Xml.java
469
com.mgz.cli.Afp2Xml
false
app
execute
Afp2Xml.java
376
com.mgz.cli.Afp2Xml
false
app
main
Afp2Xml.java
65
com.mgz.cli.Afp2Xml
false
Invalid triplet length: 0
Invalid triplet length: 0
10
Undefined
AAAAAAAAAAAAAA==
app
parseTriplet
TripletParser.java
205
com.mgz.afp.parser.TripletParser
false
app
parseTriplets
TripletParser.java
133
com.mgz.afp.parser.TripletParser
false
app
decodeAFP
StructuredFieldBaseTriplets.java
84
com.mgz.afp.base.StructuredFieldBaseTriplets
false
app
decodeAFP
IAFPDecodeableWriteable.java
64
com.mgz.afp.exceptions.IAFPDecodeableWriteable
false
app
parseNextSFFromBuffer
AFPParser.java
466
com.mgz.afp.parser.AFPParser
false
app
parseNextSF
AFPParser.java
382
com.mgz.afp.parser.AFPParser
false
app
convertToXml
Afp2Xml.java
469
com.mgz.cli.Afp2Xml
false
app
execute
Afp2Xml.java
376
com.mgz.cli.Afp2Xml
false
app
main
Afp2Xml.java
65
com.mgz.cli.Afp2Xml
false
Invalid triplet length: 0
Invalid triplet length: 0
10
Undefined
AAAAAAAAAAAAAA==
app
parseTriplet
TripletParser.java
205
com.mgz.afp.parser.TripletParser
false
app
parseTriplets
TripletParser.java
133
com.mgz.afp.parser.TripletParser
false
app
decodeAFP
StructuredFieldBaseTriplets.java
84
com.mgz.afp.base.StructuredFieldBaseTriplets
false
app
decodeAFP
IAFPDecodeableWriteable.java
64
com.mgz.afp.exceptions.IAFPDecodeableWriteable
false
app
parseNextSFFromBuffer
AFPParser.java
466
com.mgz.afp.parser.AFPParser
false
app
parseNextSF
AFPParser.java
382
com.mgz.afp.parser.AFPParser
false
app
convertToXml
Afp2Xml.java
469
com.mgz.cli.Afp2Xml
false
app
execute
Afp2Xml.java
376
com.mgz.cli.Afp2Xml
false
app
main
Afp2Xml.java
65
com.mgz.cli.Afp2Xml
false
Invalid triplet length: 0
Invalid triplet length: 0
10
Undefined
AAAAAAAAAAAAAA==
app
parseTriplet
TripletParser.java
205
com.mgz.afp.parser.TripletParser
false
app
parseTriplets
TripletParser.java
133
com.mgz.afp.parser.TripletParser
false
app
decodeAFP
StructuredFieldBaseTriplets.java
84
com.mgz.afp.base.StructuredFieldBaseTriplets
false
app
decodeAFP
IAFPDecodeableWriteable.java
64
com.mgz.afp.exceptions.IAFPDecodeableWriteable
false
app
parseNextSFFromBuffer
AFPParser.java
466
com.mgz.afp.parser.AFPParser
false
app
parseNextSF
AFPParser.java
382
com.mgz.afp.parser.AFPParser
false
app
convertToXml
Afp2Xml.java
469
com.mgz.cli.Afp2Xml
false
app
execute
Afp2Xml.java
376
com.mgz.cli.Afp2Xml
false
app
main
Afp2Xml.java
65
com.mgz.cli.Afp2Xml
false
Invalid triplet length: 0
Invalid triplet length: 0
10
Undefined
AAAAAAAAAAAAAA==
app
parseTriplet
TripletParser.java
205
com.mgz.afp.parser.TripletParser
false
app
parseTriplets
TripletParser.java
133
com.mgz.afp.parser.TripletParser
false
app
decodeAFP
StructuredFieldBaseTriplets.java
84
com.mgz.afp.base.StructuredFieldBaseTriplets
false
app
decodeAFP
IAFPDecodeableWriteable.java
64
com.mgz.afp.exceptions.IAFPDecodeableWriteable
false
app
parseNextSFFromBuffer
AFPParser.java
466
com.mgz.afp.parser.AFPParser
false
app
parseNextSF
AFPParser.java
382
com.mgz.afp.parser.AFPParser
false
app
convertToXml
Afp2Xml.java
469
com.mgz.cli.Afp2Xml
false
app
execute
Afp2Xml.java
376
com.mgz.cli.Afp2Xml
false
app
main
Afp2Xml.java
65
com.mgz.cli.Afp2Xml
false
Invalid triplet length: 0
Invalid triplet length: 0
10
Undefined
AAAAAAAAAAAAAA==
app
parseTriplet
TripletParser.java
205
com.mgz.afp.parser.TripletParser
false
app
parseTriplets
TripletParser.java
133
com.mgz.afp.parser.TripletParser
false
app
decodeAFP
StructuredFieldBaseTriplets.java
84
com.mgz.afp.base.StructuredFieldBaseTriplets
false
app
decodeAFP
IAFPDecodeableWriteable.java
64
com.mgz.afp.exceptions.IAFPDecodeableWriteable
false
app
parseNextSFFromBuffer
AFPParser.java
466
com.mgz.afp.parser.AFPParser
false
app
parseNextSF
AFPParser.java
382
com.mgz.afp.parser.AFPParser
false
app
convertToXml
Afp2Xml.java
469
com.mgz.cli.Afp2Xml
false
app
execute
Afp2Xml.java
376
com.mgz.cli.Afp2Xml
false
app
main
Afp2Xml.java
65
com.mgz.cli.Afp2Xml
false
Invalid triplet length: 0
Invalid triplet length: 0
10
Undefined
AAAAAAAAAAAAAA==
app
parseTriplet
TripletParser.java
205
com.mgz.afp.parser.TripletParser
false
app
parseTriplets
TripletParser.java
133
com.mgz.afp.parser.TripletParser
false
app
decodeAFP
StructuredFieldBaseTriplets.java
84
com.mgz.afp.base.StructuredFieldBaseTriplets
false
app
decodeAFP
IAFPDecodeableWriteable.java
64
com.mgz.afp.exceptions.IAFPDecodeableWriteable
false
app
parseNextSFFromBuffer
AFPParser.java
466
com.mgz.afp.parser.AFPParser
false
app
parseNextSF
AFPParser.java
382
com.mgz.afp.parser.AFPParser
false
app
convertToXml
Afp2Xml.java
469
com.mgz.cli.Afp2Xml
false
app
execute
Afp2Xml.java
376
com.mgz.cli.Afp2Xml
false
app
main
Afp2Xml.java
65
com.mgz.cli.Afp2Xml
false
Invalid triplet length: 0
Invalid triplet length: 0
10
Undefined
AAAAAAAAAAAAAA==
app
parseTriplet
TripletParser.java
205
com.mgz.afp.parser.TripletParser
false
app
parseTriplets
TripletParser.java
133
com.mgz.afp.parser.TripletParser
false
app
decodeAFP
StructuredFieldBaseTriplets.java
84
com.mgz.afp.base.StructuredFieldBaseTriplets
false
app
decodeAFP
IAFPDecodeableWriteable.java
64
com.mgz.afp.exceptions.IAFPDecodeableWriteable
false
app
parseNextSFFromBuffer
AFPParser.java
466
com.mgz.afp.parser.AFPParser
false
app
parseNextSF
AFPParser.java
382
com.mgz.afp.parser.AFPParser
false
app
convertToXml
Afp2Xml.java
469
com.mgz.cli.Afp2Xml
false
app
execute
Afp2Xml.java
376
com.mgz.cli.Afp2Xml
false
app
main
Afp2Xml.java
65
com.mgz.cli.Afp2Xml
false
Invalid triplet length: 0
Invalid triplet length: 0
10
Undefined
AAAAAAAAAAAAAA==
app
parseTriplet
TripletParser.java
205
com.mgz.afp.parser.TripletParser
false
app
parseTriplets
TripletParser.java
133
com.mgz.afp.parser.TripletParser
false
app
decodeAFP
StructuredFieldBaseTriplets.java
84
com.mgz.afp.base.StructuredFieldBaseTriplets
false
app
decodeAFP
IAFPDecodeableWriteable.java
64
com.mgz.afp.exceptions.IAFPDecodeableWriteable
false
app
parseNextSFFromBuffer
AFPParser.java
466
com.mgz.afp.parser.AFPParser
false
app
parseNextSF
AFPParser.java
382
com.mgz.afp.parser.AFPParser
false
app
convertToXml
Afp2Xml.java
469
com.mgz.cli.Afp2Xml
false
app
execute
Afp2Xml.java
376
com.mgz.cli.Afp2Xml
false
app
main
Afp2Xml.java
65
com.mgz.cli.Afp2Xml
false
Invalid triplet length: 0
Invalid triplet length: 0
10
Undefined
AAAAAAAAAAAAAA==
app
parseTriplet
TripletParser.java
205
com.mgz.afp.parser.TripletParser
false
app
parseTriplets
TripletParser.java
133
com.mgz.afp.parser.TripletParser
false
app
decodeAFP
StructuredFieldBaseTriplets.java
84
com.mgz.afp.base.StructuredFieldBaseTriplets
false
app
decodeAFP
IAFPDecodeableWriteable.java
64
com.mgz.afp.exceptions.IAFPDecodeableWriteable
false
app
parseNextSFFromBuffer
AFPParser.java
466
com.mgz.afp.parser.AFPParser
false
app
parseNextSF
AFPParser.java
382
com.mgz.afp.parser.AFPParser
false
app
convertToXml
Afp2Xml.java
469
com.mgz.cli.Afp2Xml
false
app
execute
Afp2Xml.java
376
com.mgz.cli.Afp2Xml
false
app
main
Afp2Xml.java
65
com.mgz.cli.Afp2Xml
false
Invalid triplet length: 0
Invalid triplet length: 0
10
Undefined
AAAAAAAAAAAAAA==
app
parseTriplet
TripletParser.java
205
com.mgz.afp.parser.TripletParser
false
app
parseTriplets
TripletParser.java
133
com.mgz.afp.parser.TripletParser
false
app
decodeAFP
StructuredFieldBaseTriplets.java
84
com.mgz.afp.base.StructuredFieldBaseTriplets
false
app
decodeAFP
IAFPDecodeableWriteable.java
64
com.mgz.afp.exceptions.IAFPDecodeableWriteable
false
app
parseNextSFFromBuffer
AFPParser.java
466
com.mgz.afp.parser.AFPParser
false
app
parseNextSF
AFPParser.java
382
com.mgz.afp.parser.AFPParser
false
app
convertToXml
Afp2Xml.java
469
com.mgz.cli.Afp2Xml
false
app
execute
Afp2Xml.java
376
com.mgz.cli.Afp2Xml
false
app
main
Afp2Xml.java
65
com.mgz.cli.Afp2Xml
false
Invalid triplet length: 0
Invalid triplet length: 0
10
Undefined
AAAAAAAAAAAAAA==
app
parseTriplet
TripletParser.java
205
com.mgz.afp.parser.TripletParser
false
app
parseTriplets
TripletParser.java
133
com.mgz.afp.parser.TripletParser
false
app
decodeAFP
StructuredFieldBaseTriplets.java
84
com.mgz.afp.base.StructuredFieldBaseTriplets
false
app
decodeAFP
IAFPDecodeableWriteable.java
64
com.mgz.afp.exceptions.IAFPDecodeableWriteable
false
app
parseNextSFFromBuffer
AFPParser.java
466
com.mgz.afp.parser.AFPParser
false
app
parseNextSF
AFPParser.java
382
com.mgz.afp.parser.AFPParser
false
app
convertToXml
Afp2Xml.java
469
com.mgz.cli.Afp2Xml
false
app
execute
Afp2Xml.java
376
com.mgz.cli.Afp2Xml
false
app
main
Afp2Xml.java
65
com.mgz.cli.Afp2Xml
false
Invalid triplet length: 0
Invalid triplet length: 0
10
Undefined
AAAAAAAAAAAAAA==
app
parseTriplet
TripletParser.java
205
com.mgz.afp.parser.TripletParser
false
app
parseTriplets
TripletParser.java
133
com.mgz.afp.parser.TripletParser
false
app
decodeAFP
StructuredFieldBaseTriplets.java
84
com.mgz.afp.base.StructuredFieldBaseTriplets
false
app
decodeAFP
IAFPDecodeableWriteable.java
64
com.mgz.afp.exceptions.IAFPDecodeableWriteable
false
app
parseNextSFFromBuffer
AFPParser.java
466
com.mgz.afp.parser.AFPParser
false
app
parseNextSF
AFPParser.java
382
com.mgz.afp.parser.AFPParser
false
app
convertToXml
Afp2Xml.java
469
com.mgz.cli.Afp2Xml
false
app
execute
Afp2Xml.java
376
com.mgz.cli.Afp2Xml
false
app
main
Afp2Xml.java
65
com.mgz.cli.Afp2Xml
false
Invalid triplet length: 0
Invalid triplet length: 0
10
Undefined
AAAAAAAAAAAAAA==
app
parseTriplet
TripletParser.java
205
com.mgz.afp.parser.TripletParser
false
app
parseTriplets
TripletParser.java
133
com.mgz.afp.parser.TripletParser
false
app
decodeAFP
StructuredFieldBaseTriplets.java
84
com.mgz.afp.base.StructuredFieldBaseTriplets
false
app
decodeAFP
IAFPDecodeableWriteable.java
64
com.mgz.afp.exceptions.IAFPDecodeableWriteable
false
app
parseNextSFFromBuffer
AFPParser.java
466
com.mgz.afp.parser.AFPParser
false
app
parseNextSF
AFPParser.java
382
com.mgz.afp.parser.AFPParser
false
app
convertToXml
Afp2Xml.java
469
com.mgz.cli.Afp2Xml
false
app
execute
Afp2Xml.java
376
com.mgz.cli.Afp2Xml
false
app
main
Afp2Xml.java
65
com.mgz.cli.Afp2Xml
false
Invalid triplet length: 0
Invalid triplet length: 0
10
Undefined
AAAAAAAAAAAAAA==
app
parseTriplet
TripletParser.java
205
com.mgz.afp.parser.TripletParser
false
app
parseTriplets
TripletParser.java
133
com.mgz.afp.parser.TripletParser
false
app
decodeAFP
StructuredFieldBaseTriplets.java
84
com.mgz.afp.base.StructuredFieldBaseTriplets
false
app
decodeAFP
IAFPDecodeableWriteable.java
64
com.mgz.afp.exceptions.IAFPDecodeableWriteable
false
app
parseNextSFFromBuffer
AFPParser.java
466
com.mgz.afp.parser.AFPParser
false
app
parseNextSF
AFPParser.java
382
com.mgz.afp.parser.AFPParser
false
app
convertToXml
Afp2Xml.java
469
com.mgz.cli.Afp2Xml
false
app
execute
Afp2Xml.java
376
com.mgz.cli.Afp2Xml
false
app
main
Afp2Xml.java
65
com.mgz.cli.Afp2Xml
false
Invalid triplet length: 0
Invalid triplet length: 0
10
Undefined
AAAAAAAAAAAAAA==
app
parseTriplet
TripletParser.java
205
com.mgz.afp.parser.TripletParser
false
app
parseTriplets
TripletParser.java
133
com.mgz.afp.parser.TripletParser
false
app
decodeAFP
StructuredFieldBaseTriplets.java
84
com.mgz.afp.base.StructuredFieldBaseTriplets
false
app
decodeAFP
IAFPDecodeableWriteable.java
64
com.mgz.afp.exceptions.IAFPDecodeableWriteable
false
app
parseNextSFFromBuffer
AFPParser.java
466
com.mgz.afp.parser.AFPParser
false
app
parseNextSF
AFPParser.java
382
com.mgz.afp.parser.AFPParser
false
app
convertToXml
Afp2Xml.java
469
com.mgz.cli.Afp2Xml
false
app
execute
Afp2Xml.java
376
com.mgz.cli.Afp2Xml
false
app
main
Afp2Xml.java
65
com.mgz.cli.Afp2Xml
false
Invalid triplet length: 0
Invalid triplet length: 0
10
Undefined
AAAAAAAAAAAAAA==
app
parseTriplet
TripletParser.java
205
com.mgz.afp.parser.TripletParser
false
app
parseTriplets
TripletParser.java
133
com.mgz.afp.parser.TripletParser
false
app
decodeAFP
StructuredFieldBaseTriplets.java
84
com.mgz.afp.base.StructuredFieldBaseTriplets
false
app
decodeAFP
IAFPDecodeableWriteable.java
64
com.mgz.afp.exceptions.IAFPDecodeableWriteable
false
app
parseNextSFFromBuffer
AFPParser.java
466
com.mgz.afp.parser.AFPParser
false
app
parseNextSF
AFPParser.java
382
com.mgz.afp.parser.AFPParser
false
app
convertToXml
Afp2Xml.java
469
com.mgz.cli.Afp2Xml
false
app
execute
Afp2Xml.java
376
com.mgz.cli.Afp2Xml
false
app
main
Afp2Xml.java
65
com.mgz.cli.Afp2Xml
false
Invalid triplet length: 0
Invalid triplet length: 0
10
Undefined
AAAAAAAAAAAAAA==
app
parseTriplet
TripletParser.java
205
com.mgz.afp.parser.TripletParser
false
app
parseTriplets
TripletParser.java
133
com.mgz.afp.parser.TripletParser
false
app
decodeAFP
StructuredFieldBaseTriplets.java
84
com.mgz.afp.base.StructuredFieldBaseTriplets
false
app
decodeAFP
IAFPDecodeableWriteable.java
64
com.mgz.afp.exceptions.IAFPDecodeableWriteable
false
app
parseNextSFFromBuffer
AFPParser.java
466
com.mgz.afp.parser.AFPParser
false
app
parseNextSF
AFPParser.java
382
com.mgz.afp.parser.AFPParser
false
app
convertToXml
Afp2Xml.java
469
com.mgz.cli.Afp2Xml
false
app
execute
Afp2Xml.java
376
com.mgz.cli.Afp2Xml
false
app
main
Afp2Xml.java
65
com.mgz.cli.Afp2Xml
false
Invalid triplet length: 0
Invalid triplet length: 0
10
Undefined
AAAAAAAAAAAAAA==
app
parseTriplet
TripletParser.java
205
com.mgz.afp.parser.TripletParser
false
app
parseTriplets
TripletParser.java
133
com.mgz.afp.parser.TripletParser
false
app
decodeAFP
StructuredFieldBaseTriplets.java
84
com.mgz.afp.base.StructuredFieldBaseTriplets
false
app
decodeAFP
IAFPDecodeableWriteable.java
64
com.mgz.afp.exceptions.IAFPDecodeableWriteable
false
app
parseNextSFFromBuffer
AFPParser.java
466
com.mgz.afp.parser.AFPParser
false
app
parseNextSF
AFPParser.java
382
com.mgz.afp.parser.AFPParser
false
app
convertToXml
Afp2Xml.java
469
com.mgz.cli.Afp2Xml
false
app
execute
Afp2Xml.java
376
com.mgz.cli.Afp2Xml
false
app
main
Afp2Xml.java
65
com.mgz.cli.Afp2Xml
false
Invalid triplet length: 0
Invalid triplet length: 0
10
Undefined
AAAAAAAAAAAAAA==
app
parseTriplet
TripletParser.java
205
com.mgz.afp.parser.TripletParser
false
app
parseTriplets
TripletParser.java
133
com.mgz.afp.parser.TripletParser
false
app
decodeAFP
StructuredFieldBaseTriplets.java
84
com.mgz.afp.base.StructuredFieldBaseTriplets
false
app
decodeAFP
IAFPDecodeableWriteable.java
64
com.mgz.afp.exceptions.IAFPDecodeableWriteable
false
app
parseNextSFFromBuffer
AFPParser.java
466
com.mgz.afp.parser.AFPParser
false
app
parseNextSF
AFPParser.java
382
com.mgz.afp.parser.AFPParser
false
app
convertToXml
Afp2Xml.java
469
com.mgz.cli.Afp2Xml
false
app
execute
Afp2Xml.java
376
com.mgz.cli.Afp2Xml
false
app
main
Afp2Xml.java
65
com.mgz.cli.Afp2Xml
false
Invalid triplet length: 0
Invalid triplet length: 0
10
Undefined
AAAAAAAAAAAAAA==
app
parseTriplet
TripletParser.java
205
com.mgz.afp.parser.TripletParser
false
app
parseTriplets
TripletParser.java
133
com.mgz.afp.parser.TripletParser
false
app
decodeAFP
StructuredFieldBaseTriplets.java
84
com.mgz.afp.base.StructuredFieldBaseTriplets
false
app
decodeAFP
IAFPDecodeableWriteable.java
64
com.mgz.afp.exceptions.IAFPDecodeableWriteable
false
app
parseNextSFFromBuffer
AFPParser.java
466
com.mgz.afp.parser.AFPParser
false
app
parseNextSF
AFPParser.java
382
com.mgz.afp.parser.AFPParser
false
app
convertToXml
Afp2Xml.java
469
com.mgz.cli.Afp2Xml
false
app
execute
Afp2Xml.java
376
com.mgz.cli.Afp2Xml
false
app
main
Afp2Xml.java
65
com.mgz.cli.Afp2Xml
false
Invalid triplet length: 0
Invalid triplet length: 0
10
Undefined
AAAAAAAAAAAAAA==
app
parseTriplet
TripletParser.java
205
com.mgz.afp.parser.TripletParser
false
app
parseTriplets
TripletParser.java
133
com.mgz.afp.parser.TripletParser
false
app
decodeAFP
StructuredFieldBaseTriplets.java
84
com.mgz.afp.base.StructuredFieldBaseTriplets
false
app
decodeAFP
IAFPDecodeableWriteable.java
64
com.mgz.afp.exceptions.IAFPDecodeableWriteable
false
app
parseNextSFFromBuffer
AFPParser.java
466
com.mgz.afp.parser.AFPParser
false
app
parseNextSF
AFPParser.java
382
com.mgz.afp.parser.AFPParser
false
app
convertToXml
Afp2Xml.java
469
com.mgz.cli.Afp2Xml
false
app
execute
Afp2Xml.java
376
com.mgz.cli.Afp2Xml
false
app
main
Afp2Xml.java
65
com.mgz.cli.Afp2Xml
false
Invalid triplet length: 0
Invalid triplet length: 0
10
Undefined
AAAAAAAAAAAAAA==
app
parseTriplet
TripletParser.java
205
com.mgz.afp.parser.TripletParser
false
app
parseTriplets
TripletParser.java
133
com.mgz.afp.parser.TripletParser
false
app
decodeAFP
StructuredFieldBaseTriplets.java
84
com.mgz.afp.base.StructuredFieldBaseTriplets
false
app
decodeAFP
IAFPDecodeableWriteable.java
64
com.mgz.afp.exceptions.IAFPDecodeableWriteable
false
app
parseNextSFFromBuffer
AFPParser.java
466
com.mgz.afp.parser.AFPParser
false
app
parseNextSF
AFPParser.java
382
com.mgz.afp.parser.AFPParser
false
app
convertToXml
Afp2Xml.java
469
com.mgz.cli.Afp2Xml
false
app
execute
Afp2Xml.java
376
com.mgz.cli.Afp2Xml
false
app
main
Afp2Xml.java
65
com.mgz.cli.Afp2Xml
false
Invalid triplet length: 0
Invalid triplet length: 0
10
Undefined
AAAAAAAAAAAAAA==
app
parseTriplet
TripletParser.java
205
com.mgz.afp.parser.TripletParser
false
app
parseTriplets
TripletParser.java
133
com.mgz.afp.parser.TripletParser
false
app
decodeAFP
StructuredFieldBaseTriplets.java
84
com.mgz.afp.base.StructuredFieldBaseTriplets
false
app
decodeAFP
IAFPDecodeableWriteable.java
64
com.mgz.afp.exceptions.IAFPDecodeableWriteable
false
app
parseNextSFFromBuffer
AFPParser.java
466
com.mgz.afp.parser.AFPParser
false
app
parseNextSF
AFPParser.java
382
com.mgz.afp.parser.AFPParser
false
app
convertToXml
Afp2Xml.java
469
com.mgz.cli.Afp2Xml
false
app
execute
Afp2Xml.java
376
com.mgz.cli.Afp2Xml
false
app
main
Afp2Xml.java
65
com.mgz.cli.Afp2Xml
false
Invalid triplet length: 0
Invalid triplet length: 0
10
Undefined
AAAAAAAAAAAAAA==
app
parseTriplet
TripletParser.java
205
com.mgz.afp.parser.TripletParser
false
app
parseTriplets
TripletParser.java
133
com.mgz.afp.parser.TripletParser
false
app
decodeAFP
StructuredFieldBaseTriplets.java
84
com.mgz.afp.base.StructuredFieldBaseTriplets
false
app
decodeAFP
IAFPDecodeableWriteable.java
64
com.mgz.afp.exceptions.IAFPDecodeableWriteable
false
app
parseNextSFFromBuffer
AFPParser.java
466
com.mgz.afp.parser.AFPParser
false
app
parseNextSF
AFPParser.java
382
com.mgz.afp.parser.AFPParser
false
app
convertToXml
Afp2Xml.java
469
com.mgz.cli.Afp2Xml
false
app
execute
Afp2Xml.java
376
com.mgz.cli.Afp2Xml
false
app
main
Afp2Xml.java
65
com.mgz.cli.Afp2Xml
false
Invalid triplet length: 0
Invalid triplet length: 0
10
Undefined
AAAAAAAAAAAAAA==
app
parseTriplet
TripletParser.java
205
com.mgz.afp.parser.TripletParser
false
app
parseTriplets
TripletParser.java
133
com.mgz.afp.parser.TripletParser
false
app
decodeAFP
StructuredFieldBaseTriplets.java
84
com.mgz.afp.base.StructuredFieldBaseTriplets
false
app
decodeAFP
IAFPDecodeableWriteable.java
64
com.mgz.afp.exceptions.IAFPDecodeableWriteable
false
app
parseNextSFFromBuffer
AFPParser.java
466
com.mgz.afp.parser.AFPParser
false
app
parseNextSF
AFPParser.java
382
com.mgz.afp.parser.AFPParser
false
app
convertToXml
Afp2Xml.java
469
com.mgz.cli.Afp2Xml
false
app
execute
Afp2Xml.java
376
com.mgz.cli.Afp2Xml
false
app
main
Afp2Xml.java
65
com.mgz.cli.Afp2Xml
false
Invalid triplet length: 0
Invalid triplet length: 0
10
Undefined
AAAAAAAAAAAAAA==
app
parseTriplet
TripletParser.java
205
com.mgz.afp.parser.TripletParser
false
app
parseTriplets
TripletParser.java
133
com.mgz.afp.parser.TripletParser
false
app
decodeAFP
StructuredFieldBaseTriplets.java
84
com.mgz.afp.base.StructuredFieldBaseTriplets
false
app
decodeAFP
IAFPDecodeableWriteable.java
64
com.mgz.afp.exceptions.IAFPDecodeableWriteable
false
app
parseNextSFFromBuffer
AFPParser.java
466
com.mgz.afp.parser.AFPParser
false
app
parseNextSF
AFPParser.java
382
com.mgz.afp.parser.AFPParser
false
app
convertToXml
Afp2Xml.java
469
com.mgz.cli.Afp2Xml
false
app
execute
Afp2Xml.java
376
com.mgz.cli.Afp2Xml
false
app
main
Afp2Xml.java
65
com.mgz.cli.Afp2Xml
false
Invalid triplet length: 0
Invalid triplet length: 0
10
Undefined
AAAAAAAAAAAAAA==
app
parseTriplet
TripletParser.java
205
com.mgz.afp.parser.TripletParser
false
app
parseTriplets
TripletParser.java
133
com.mgz.afp.parser.TripletParser
false
app
decodeAFP
StructuredFieldBaseTriplets.java
84
com.mgz.afp.base.StructuredFieldBaseTriplets
false
app
decodeAFP
IAFPDecodeableWriteable.java
64
com.mgz.afp.exceptions.IAFPDecodeableWriteable
false
app
parseNextSFFromBuffer
AFPParser.java
466
com.mgz.afp.parser.AFPParser
false
app
parseNextSF
AFPParser.java
382
com.mgz.afp.parser.AFPParser
false
app
convertToXml
Afp2Xml.java
469
com.mgz.cli.Afp2Xml
false
app
execute
Afp2Xml.java
376
com.mgz.cli.Afp2Xml
false
app
main
Afp2Xml.java
65
com.mgz.cli.Afp2Xml
false
Invalid triplet length: 0
Invalid triplet length: 0
10
Undefined
AAAAAAAAAAAAAA==
app
parseTriplet
TripletParser.java
205
com.mgz.afp.parser.TripletParser
false
app
parseTriplets
TripletParser.java
133
com.mgz.afp.parser.TripletParser
false
app
decodeAFP
StructuredFieldBaseTriplets.java
84
com.mgz.afp.base.StructuredFieldBaseTriplets
false
app
decodeAFP
IAFPDecodeableWriteable.java
64
com.mgz.afp.exceptions.IAFPDecodeableWriteable
false
app
parseNextSFFromBuffer
AFPParser.java
466
com.mgz.afp.parser.AFPParser
false
app
parseNextSF
AFPParser.java
382
com.mgz.afp.parser.AFPParser
false
app
convertToXml
Afp2Xml.java
469
com.mgz.cli.Afp2Xml
false
app
execute
Afp2Xml.java
376
com.mgz.cli.Afp2Xml
false
app
main
Afp2Xml.java
65
com.mgz.cli.Afp2Xml
false
Invalid triplet length: 0
Invalid triplet length: 0
10
Undefined
AAAAAAAAAAAAAA==
app
parseTriplet
TripletParser.java
205
com.mgz.afp.parser.TripletParser
false
app
parseTriplets
TripletParser.java
133
com.mgz.afp.parser.TripletParser
false
app
decodeAFP
StructuredFieldBaseTriplets.java
84
com.mgz.afp.base.StructuredFieldBaseTriplets
false
app
decodeAFP
IAFPDecodeableWriteable.java
64
com.mgz.afp.exceptions.IAFPDecodeableWriteable
false
app
parseNextSFFromBuffer
AFPParser.java
466
com.mgz.afp.parser.AFPParser
false
app
parseNextSF
AFPParser.java
382
com.mgz.afp.parser.AFPParser
false
app
convertToXml
Afp2Xml.java
469
com.mgz.cli.Afp2Xml
false
app
execute
Afp2Xml.java
376
com.mgz.cli.Afp2Xml
false
app
main
Afp2Xml.java
65
com.mgz.cli.Afp2Xml
false
Invalid triplet length: 0
Invalid triplet length: 0
10
Undefined
AAAAAAAAAAAAAA==
app
parseTriplet
TripletParser.java
205
com.mgz.afp.parser.TripletParser
false
app
parseTriplets
TripletParser.java
133
com.mgz.afp.parser.TripletParser
false
app
decodeAFP
StructuredFieldBaseTriplets.java
84
com.mgz.afp.base.StructuredFieldBaseTriplets
false
app
decodeAFP
IAFPDecodeableWriteable.java
64
com.mgz.afp.exceptions.IAFPDecodeableWriteable
false
app
parseNextSFFromBuffer
AFPParser.java
466
com.mgz.afp.parser.AFPParser
false
app
parseNextSF
AFPParser.java
382
com.mgz.afp.parser.AFPParser
false
app
convertToXml
Afp2Xml.java
469
com.mgz.cli.Afp2Xml
false
app
execute
Afp2Xml.java
376
com.mgz.cli.Afp2Xml
false
app
main
Afp2Xml.java
65
com.mgz.cli.Afp2Xml
false
Invalid triplet length: 0
Invalid triplet length: 0
10
Undefined
AAAAAAAAAAAAAA==
app
parseTriplet
TripletParser.java
205
com.mgz.afp.parser.TripletParser
false
app
parseTriplets
TripletParser.java
133
com.mgz.afp.parser.TripletParser
false
app
decodeAFP
StructuredFieldBaseTriplets.java
84
com.mgz.afp.base.StructuredFieldBaseTriplets
false
app
decodeAFP
IAFPDecodeableWriteable.java
64
com.mgz.afp.exceptions.IAFPDecodeableWriteable
false
app
parseNextSFFromBuffer
AFPParser.java
466
com.mgz.afp.parser.AFPParser
false
app
parseNextSF
AFPParser.java
382
com.mgz.afp.parser.AFPParser
false
app
convertToXml
Afp2Xml.java
469
com.mgz.cli.Afp2Xml
false
app
execute
Afp2Xml.java
376
com.mgz.cli.Afp2Xml
false
app
main
Afp2Xml.java
65
com.mgz.cli.Afp2Xml
false
Invalid triplet length: 0
Invalid triplet length: 0
10
Undefined
AAAAAAAAAAAAAA==
app
parseTriplet
TripletParser.java
205
com.mgz.afp.parser.TripletParser
false
app
parseTriplets
TripletParser.java
133
com.mgz.afp.parser.TripletParser
false
app
decodeAFP
StructuredFieldBaseTriplets.java
84
com.mgz.afp.base.StructuredFieldBaseTriplets
false
app
decodeAFP
IAFPDecodeableWriteable.java
64
com.mgz.afp.exceptions.IAFPDecodeableWriteable
false
app
parseNextSFFromBuffer
AFPParser.java
466
com.mgz.afp.parser.AFPParser
false
app
parseNextSF
AFPParser.java
382
com.mgz.afp.parser.AFPParser
false
app
convertToXml
Afp2Xml.java
469
com.mgz.cli.Afp2Xml
false
app
execute
Afp2Xml.java
376
com.mgz.cli.Afp2Xml
false
app
main
Afp2Xml.java
65
com.mgz.cli.Afp2Xml
false
Invalid triplet length: 0
Invalid triplet length: 0
10
Undefined
AAAAAAAAAAAAAA==
app
parseTriplet
TripletParser.java
205
com.mgz.afp.parser.TripletParser
false
app
parseTriplets
TripletParser.java
133
com.mgz.afp.parser.TripletParser
false
app
decodeAFP
StructuredFieldBaseTriplets.java
84
com.mgz.afp.base.StructuredFieldBaseTriplets
false
app
decodeAFP
IAFPDecodeableWriteable.java
64
com.mgz.afp.exceptions.IAFPDecodeableWriteable
false
app
parseNextSFFromBuffer
AFPParser.java
466
com.mgz.afp.parser.AFPParser
false
app
parseNextSF
AFPParser.java
382
com.mgz.afp.parser.AFPParser
false
app
convertToXml
Afp2Xml.java
469
com.mgz.cli.Afp2Xml
false
app
execute
Afp2Xml.java
376
com.mgz.cli.Afp2Xml
false
app
main
Afp2Xml.java
65
com.mgz.cli.Afp2Xml
false
Invalid triplet length: 0
Invalid triplet length: 0
10
Undefined
AAAAAAAAAAAAAA==
app
parseTriplet
TripletParser.java
205
com.mgz.afp.parser.TripletParser
false
app
parseTriplets
TripletParser.java
133
com.mgz.afp.parser.TripletParser
false
app
decodeAFP
StructuredFieldBaseTriplets.java
84
com.mgz.afp.base.StructuredFieldBaseTriplets
false
app
decodeAFP
IAFPDecodeableWriteable.java
64
com.mgz.afp.exceptions.IAFPDecodeableWriteable
false
app
parseNextSFFromBuffer
AFPParser.java
466
com.mgz.afp.parser.AFPParser
false
app
parseNextSF
AFPParser.java
382
com.mgz.afp.parser.AFPParser
false
app
convertToXml
Afp2Xml.java
469
com.mgz.cli.Afp2Xml
false
app
execute
Afp2Xml.java
376
com.mgz.cli.Afp2Xml
false
app
main
Afp2Xml.java
65
com.mgz.cli.Afp2Xml
false
Invalid triplet length: 0
Invalid triplet length: 0
10
Undefined
AAAAAAAAAAAAAA==
app
parseTriplet
TripletParser.java
205
com.mgz.afp.parser.TripletParser
false
app
parseTriplets
TripletParser.java
133
com.mgz.afp.parser.TripletParser
false
app
decodeAFP
StructuredFieldBaseTriplets.java
84
com.mgz.afp.base.StructuredFieldBaseTriplets
false
app
decodeAFP
IAFPDecodeableWriteable.java
64
com.mgz.afp.exceptions.IAFPDecodeableWriteable
false
app
parseNextSFFromBuffer
AFPParser.java
466
com.mgz.afp.parser.AFPParser
false
app
parseNextSF
AFPParser.java
382
com.mgz.afp.parser.AFPParser
false
app
convertToXml
Afp2Xml.java
469
com.mgz.cli.Afp2Xml
false
app
execute
Afp2Xml.java
376
com.mgz.cli.Afp2Xml
false
app
main
Afp2Xml.java
65
com.mgz.cli.Afp2Xml
false
Invalid triplet length: 0
Invalid triplet length: 0
10
Undefined
AAAAAAAAAAAAAA==
app
parseTriplet
TripletParser.java
205
com.mgz.afp.parser.TripletParser
false
app
parseTriplets
TripletParser.java
133
com.mgz.afp.parser.TripletParser
false
app
decodeAFP
StructuredFieldBaseTriplets.java
84
com.mgz.afp.base.StructuredFieldBaseTriplets
false
app
decodeAFP
IAFPDecodeableWriteable.java
64
com.mgz.afp.exceptions.IAFPDecodeableWriteable
false
app
parseNextSFFromBuffer
AFPParser.java
466
com.mgz.afp.parser.AFPParser
false
app
parseNextSF
AFPParser.java
382
com.mgz.afp.parser.AFPParser
false
app
convertToXml
Afp2Xml.java
469
com.mgz.cli.Afp2Xml
false
app
execute
Afp2Xml.java
376
com.mgz.cli.Afp2Xml
false
app
main
Afp2Xml.java
65
com.mgz.cli.Afp2Xml
false
Invalid triplet length: 0
Invalid triplet length: 0
10
Undefined
AAAAAAAAAAAAAA==
app
parseTriplet
TripletParser.java
205
com.mgz.afp.parser.TripletParser
false
app
parseTriplets
TripletParser.java
133
com.mgz.afp.parser.TripletParser
false
app
decodeAFP
StructuredFieldBaseTriplets.java
84
com.mgz.afp.base.StructuredFieldBaseTriplets
false
app
decodeAFP
IAFPDecodeableWriteable.java
64
com.mgz.afp.exceptions.IAFPDecodeableWriteable
false
app
parseNextSFFromBuffer
AFPParser.java
466
com.mgz.afp.parser.AFPParser
false
app
parseNextSF
AFPParser.java
382
com.mgz.afp.parser.AFPParser
false
app
convertToXml
Afp2Xml.java
469
com.mgz.cli.Afp2Xml
false
app
execute
Afp2Xml.java
376
com.mgz.cli.Afp2Xml
false
app
main
Afp2Xml.java
65
com.mgz.cli.Afp2Xml
false
Invalid triplet length: 0
Invalid triplet length: 0
10
Undefined
AAAAAAAAAAAAAA==
app
parseTriplet
TripletParser.java
205
com.mgz.afp.parser.TripletParser
false
app
parseTriplets
TripletParser.java
133
com.mgz.afp.parser.TripletParser
false
app
decodeAFP
StructuredFieldBaseTriplets.java
84
com.mgz.afp.base.StructuredFieldBaseTriplets
false
app
decodeAFP
IAFPDecodeableWriteable.java
64
com.mgz.afp.exceptions.IAFPDecodeableWriteable
false
app
parseNextSFFromBuffer
AFPParser.java
466
com.mgz.afp.parser.AFPParser
false
app
parseNextSF
AFPParser.java
382
com.mgz.afp.parser.AFPParser
false
app
convertToXml
Afp2Xml.java
469
com.mgz.cli.Afp2Xml
false
app
execute
Afp2Xml.java
376
com.mgz.cli.Afp2Xml
false
app
main
Afp2Xml.java
65
com.mgz.cli.Afp2Xml
false
Invalid triplet length: 0
Invalid triplet length: 0
10
Undefined
AAAAAAAAAAAAAA==
app
parseTriplet
TripletParser.java
205
com.mgz.afp.parser.TripletParser
false
app
parseTriplets
TripletParser.java
133
com.mgz.afp.parser.TripletParser
false
app
decodeAFP
StructuredFieldBaseTriplets.java
84
com.mgz.afp.base.StructuredFieldBaseTriplets
false
app
decodeAFP
IAFPDecodeableWriteable.java
64
com.mgz.afp.exceptions.IAFPDecodeableWriteable
false
app
parseNextSFFromBuffer
AFPParser.java
466
com.mgz.afp.parser.AFPParser
false
app
parseNextSF
AFPParser.java
382
com.mgz.afp.parser.AFPParser
false
app
convertToXml
Afp2Xml.java
469
com.mgz.cli.Afp2Xml
false
app
execute
Afp2Xml.java
376
com.mgz.cli.Afp2Xml
false
app
main
Afp2Xml.java
65
com.mgz.cli.Afp2Xml
false
Invalid triplet length: 0
Invalid triplet length: 0
10
Undefined
AAAAAAAAAAAAAA==
app
parseTriplet
TripletParser.java
205
com.mgz.afp.parser.TripletParser
false
app
parseTriplets
TripletParser.java
133
com.mgz.afp.parser.TripletParser
false
app
decodeAFP
StructuredFieldBaseTriplets.java
84
com.mgz.afp.base.StructuredFieldBaseTriplets
false
app
decodeAFP
IAFPDecodeableWriteable.java
64
com.mgz.afp.exceptions.IAFPDecodeableWriteable
false
app
parseNextSFFromBuffer
AFPParser.java
466
com.mgz.afp.parser.AFPParser
false
app
parseNextSF
AFPParser.java
382
com.mgz.afp.parser.AFPParser
false
app
convertToXml
Afp2Xml.java
469
com.mgz.cli.Afp2Xml
false
app
execute
Afp2Xml.java
376
com.mgz.cli.Afp2Xml
false
app
main
Afp2Xml.java
65
com.mgz.cli.Afp2Xml
false
Invalid triplet length: 0
Invalid triplet length: 0
10
Undefined
AAAAAAAAAAAAAA==
app
parseTriplet
TripletParser.java
205
com.mgz.afp.parser.TripletParser
false
app
parseTriplets
TripletParser.java
133
com.mgz.afp.parser.TripletParser
false
app
decodeAFP
StructuredFieldBaseTriplets.java
84
com.mgz.afp.base.StructuredFieldBaseTriplets
false
app
decodeAFP
IAFPDecodeableWriteable.java
64
com.mgz.afp.exceptions.IAFPDecodeableWriteable
false
app
parseNextSFFromBuffer
AFPParser.java
466
com.mgz.afp.parser.AFPParser
false
app
parseNextSF
AFPParser.java
382
com.mgz.afp.parser.AFPParser
false
app
convertToXml
Afp2Xml.java
469
com.mgz.cli.Afp2Xml
false
app
execute
Afp2Xml.java
376
com.mgz.cli.Afp2Xml
false
app
main
Afp2Xml.java
65
com.mgz.cli.Afp2Xml
false
Invalid triplet length: 0
Invalid triplet length: 0
10
Undefined
AAAAAAAAAAAAAA==
app
parseTriplet
TripletParser.java
205
com.mgz.afp.parser.TripletParser
false
app
parseTriplets
TripletParser.java
133
com.mgz.afp.parser.TripletParser
false
app
decodeAFP
StructuredFieldBaseTriplets.java
84
com.mgz.afp.base.StructuredFieldBaseTriplets
false
app
decodeAFP
IAFPDecodeableWriteable.java
64
com.mgz.afp.exceptions.IAFPDecodeableWriteable
false
app
parseNextSFFromBuffer
AFPParser.java
466
com.mgz.afp.parser.AFPParser
false
app
parseNextSF
AFPParser.java
382
com.mgz.afp.parser.AFPParser
false
app
convertToXml
Afp2Xml.java
469
com.mgz.cli.Afp2Xml
false
app
execute
Afp2Xml.java
376
com.mgz.cli.Afp2Xml
false
app
main
Afp2Xml.java
65
com.mgz.cli.Afp2Xml
false
Invalid triplet length: 0
Invalid triplet length: 0
10
Undefined
AAAAAAAAAAAAAA==
app
parseTriplet
TripletParser.java
205
com.mgz.afp.parser.TripletParser
false
app
parseTriplets
TripletParser.java
133
com.mgz.afp.parser.TripletParser
false
app
decodeAFP
StructuredFieldBaseTriplets.java
84
com.mgz.afp.base.StructuredFieldBaseTriplets
false
app
decodeAFP
IAFPDecodeableWriteable.java
64
com.mgz.afp.exceptions.IAFPDecodeableWriteable
false
app
parseNextSFFromBuffer
AFPParser.java
466
com.mgz.afp.parser.AFPParser
false
app
parseNextSF
AFPParser.java
382
com.mgz.afp.parser.AFPParser
false
app
convertToXml
Afp2Xml.java
469
com.mgz.cli.Afp2Xml
false
app
execute
Afp2Xml.java
376
com.mgz.cli.Afp2Xml
false
app
main
Afp2Xml.java
65
com.mgz.cli.Afp2Xml
false
Invalid triplet length: 0
Invalid triplet length: 0
10
Undefined
AAAAAAAAAAAAAA==
app
parseTriplet
TripletParser.java
205
com.mgz.afp.parser.TripletParser
false
app
parseTriplets
TripletParser.java
133
com.mgz.afp.parser.TripletParser
false
app
decodeAFP
StructuredFieldBaseTriplets.java
84
com.mgz.afp.base.StructuredFieldBaseTriplets
false
app
decodeAFP
IAFPDecodeableWriteable.java
64
com.mgz.afp.exceptions.IAFPDecodeableWriteable
false
app
parseNextSFFromBuffer
AFPParser.java
466
com.mgz.afp.parser.AFPParser
false
app
parseNextSF
AFPParser.java
382
com.mgz.afp.parser.AFPParser
false
app
convertToXml
Afp2Xml.java
469
com.mgz.cli.Afp2Xml
false
app
execute
Afp2Xml.java
376
com.mgz.cli.Afp2Xml
false
app
main
Afp2Xml.java
65
com.mgz.cli.Afp2Xml
false
Invalid triplet length: 0
Invalid triplet length: 0
10
Undefined
AAAAAAAAAAAAAA==
app
parseTriplet
TripletParser.java
205
com.mgz.afp.parser.TripletParser
false
app
parseTriplets
TripletParser.java
133
com.mgz.afp.parser.TripletParser
false
app
decodeAFP
StructuredFieldBaseTriplets.java
84
com.mgz.afp.base.StructuredFieldBaseTriplets
false
app
decodeAFP
IAFPDecodeableWriteable.java
64
com.mgz.afp.exceptions.IAFPDecodeableWriteable
false
app
parseNextSFFromBuffer
AFPParser.java
466
com.mgz.afp.parser.AFPParser
false
app
parseNextSF
AFPParser.java
382
com.mgz.afp.parser.AFPParser
false
app
convertToXml
Afp2Xml.java
469
com.mgz.cli.Afp2Xml
false
app
execute
Afp2Xml.java
376
com.mgz.cli.Afp2Xml
false
app
main
Afp2Xml.java
65
com.mgz.cli.Afp2Xml
false
Invalid triplet length: 0
Invalid triplet length: 0
10
Undefined
AAAAAAAAAAAAAA==
app
parseTriplet
TripletParser.java
205
com.mgz.afp.parser.TripletParser
false
app
parseTriplets
TripletParser.java
133
com.mgz.afp.parser.TripletParser
false
app
decodeAFP
StructuredFieldBaseTriplets.java
84
com.mgz.afp.base.StructuredFieldBaseTriplets
false
app
decodeAFP
IAFPDecodeableWriteable.java
64
com.mgz.afp.exceptions.IAFPDecodeableWriteable
false
app
parseNextSFFromBuffer
AFPParser.java
466
com.mgz.afp.parser.AFPParser
false
app
parseNextSF
AFPParser.java
382
com.mgz.afp.parser.AFPParser
false
app
convertToXml
Afp2Xml.java
469
com.mgz.cli.Afp2Xml
false
app
execute
Afp2Xml.java
376
com.mgz.cli.Afp2Xml
false
app
main
Afp2Xml.java
65
com.mgz.cli.Afp2Xml
false
Invalid triplet length: 0
Invalid triplet length: 0
10
Undefined
AAAAAAAAAAAAAA==
app
parseTriplet
TripletParser.java
205
com.mgz.afp.parser.TripletParser
false
app
parseTriplets
TripletParser.java
133
com.mgz.afp.parser.TripletParser
false
app
decodeAFP
StructuredFieldBaseTriplets.java
84
com.mgz.afp.base.StructuredFieldBaseTriplets
false
app
decodeAFP
IAFPDecodeableWriteable.java
64
com.mgz.afp.exceptions.IAFPDecodeableWriteable
false
app
parseNextSFFromBuffer
AFPParser.java
466
com.mgz.afp.parser.AFPParser
false
app
parseNextSF
AFPParser.java
382
com.mgz.afp.parser.AFPParser
false
app
convertToXml
Afp2Xml.java
469
com.mgz.cli.Afp2Xml
false
app
execute
Afp2Xml.java
376
com.mgz.cli.Afp2Xml
false
app
main
Afp2Xml.java
65
com.mgz.cli.Afp2Xml
false
Invalid triplet length: 0
Invalid triplet length: 0
10
Undefined
AAAAAAAAAAAAAA==
app
parseTriplet
TripletParser.java
205
com.mgz.afp.parser.TripletParser
false
app
parseTriplets
TripletParser.java
133
com.mgz.afp.parser.TripletParser
false
app
decodeAFP
StructuredFieldBaseTriplets.java
84
com.mgz.afp.base.StructuredFieldBaseTriplets
false
app
decodeAFP
IAFPDecodeableWriteable.java
64
com.mgz.afp.exceptions.IAFPDecodeableWriteable
false
app
parseNextSFFromBuffer
AFPParser.java
466
com.mgz.afp.parser.AFPParser
false
app
parseNextSF
AFPParser.java
382
com.mgz.afp.parser.AFPParser
false
app
convertToXml
Afp2Xml.java
469
com.mgz.cli.Afp2Xml
false
app
execute
Afp2Xml.java
376
com.mgz.cli.Afp2Xml
false
app
main
Afp2Xml.java
65
com.mgz.cli.Afp2Xml
false
Invalid triplet length: 0
Invalid triplet length: 0
10
Undefined
AAAAAAAAAAAAAA==
app
parseTriplet
TripletParser.java
205
com.mgz.afp.parser.TripletParser
false
app
parseTriplets
TripletParser.java
133
com.mgz.afp.parser.TripletParser
false
app
decodeAFP
StructuredFieldBaseTriplets.java
84
com.mgz.afp.base.StructuredFieldBaseTriplets
false
app
decodeAFP
IAFPDecodeableWriteable.java
64
com.mgz.afp.exceptions.IAFPDecodeableWriteable
false
app
parseNextSFFromBuffer
AFPParser.java
466
com.mgz.afp.parser.AFPParser
false
app
parseNextSF
AFPParser.java
382
com.mgz.afp.parser.AFPParser
false
app
convertToXml
Afp2Xml.java
469
com.mgz.cli.Afp2Xml
false
app
execute
Afp2Xml.java
376
com.mgz.cli.Afp2Xml
false
app
main
Afp2Xml.java
65
com.mgz.cli.Afp2Xml
false
Invalid triplet length: 0
Invalid triplet length: 0
10
Undefined
AAAAAAAAAAAAAA==
app
parseTriplet
TripletParser.java
205
com.mgz.afp.parser.TripletParser
false
app
parseTriplets
TripletParser.java
133
com.mgz.afp.parser.TripletParser
false
app
decodeAFP
StructuredFieldBaseTriplets.java
84
com.mgz.afp.base.StructuredFieldBaseTriplets
false
app
decodeAFP
IAFPDecodeableWriteable.java
64
com.mgz.afp.exceptions.IAFPDecodeableWriteable
false
app
parseNextSFFromBuffer
AFPParser.java
466
com.mgz.afp.parser.AFPParser
false
app
parseNextSF
AFPParser.java
382
com.mgz.afp.parser.AFPParser
false
app
convertToXml
Afp2Xml.java
469
com.mgz.cli.Afp2Xml
false
app
execute
Afp2Xml.java
376
com.mgz.cli.Afp2Xml
false
app
main
Afp2Xml.java
65
com.mgz.cli.Afp2Xml
false
Invalid triplet length: 0
Invalid triplet length: 0
10
Undefined
AAAAAAAAAAAAAA==
app
parseTriplet
TripletParser.java
205
com.mgz.afp.parser.TripletParser
false
app
parseTriplets
TripletParser.java
133
com.mgz.afp.parser.TripletParser
false
app
decodeAFP
StructuredFieldBaseTriplets.java
84
com.mgz.afp.base.StructuredFieldBaseTriplets
false
app
decodeAFP
IAFPDecodeableWriteable.java
64
com.mgz.afp.exceptions.IAFPDecodeableWriteable
false
app
parseNextSFFromBuffer
AFPParser.java
466
com.mgz.afp.parser.AFPParser
false
app
parseNextSF
AFPParser.java
382
com.mgz.afp.parser.AFPParser
false
app
convertToXml
Afp2Xml.java
469
com.mgz.cli.Afp2Xml
false
app
execute
Afp2Xml.java
376
com.mgz.cli.Afp2Xml
false
app
main
Afp2Xml.java
65
com.mgz.cli.Afp2Xml
false
Invalid triplet length: 0
Invalid triplet length: 0
10
Undefined
AAAAAAAAAAAAAA==
app
parseTriplet
TripletParser.java
205
com.mgz.afp.parser.TripletParser
false
app
parseTriplets
TripletParser.java
133
com.mgz.afp.parser.TripletParser
false
app
decodeAFP
StructuredFieldBaseTriplets.java
84
com.mgz.afp.base.StructuredFieldBaseTriplets
false
app
decodeAFP
IAFPDecodeableWriteable.java
64
com.mgz.afp.exceptions.IAFPDecodeableWriteable
false
app
parseNextSFFromBuffer
AFPParser.java
466
com.mgz.afp.parser.AFPParser
false
app
parseNextSF
AFPParser.java
382
com.mgz.afp.parser.AFPParser
false
app
convertToXml
Afp2Xml.java
469
com.mgz.cli.Afp2Xml
false
app
execute
Afp2Xml.java
376
com.mgz.cli.Afp2Xml
false
app
main
Afp2Xml.java
65
com.mgz.cli.Afp2Xml
false
Invalid triplet length: 0
Invalid triplet length: 0
10
Undefined
AAAAAAAAAAAAAA==
app
parseTriplet
TripletParser.java
205
com.mgz.afp.parser.TripletParser
false
app
parseTriplets
TripletParser.java
133
com.mgz.afp.parser.TripletParser
false
app
decodeAFP
StructuredFieldBaseTriplets.java
84
com.mgz.afp.base.StructuredFieldBaseTriplets
false
app
decodeAFP
IAFPDecodeableWriteable.java
64
com.mgz.afp.exceptions.IAFPDecodeableWriteable
false
app
parseNextSFFromBuffer
AFPParser.java
466
com.mgz.afp.parser.AFPParser
false
app
parseNextSF
AFPParser.java
382
com.mgz.afp.parser.AFPParser
false
app
convertToXml
Afp2Xml.java
469
com.mgz.cli.Afp2Xml
false
app
execute
Afp2Xml.java
376
com.mgz.cli.Afp2Xml
false
app
main
Afp2Xml.java
65
com.mgz.cli.Afp2Xml
false
Invalid triplet length: 0
Invalid triplet length: 0
10
Undefined
AAAAAAAAAAAAAA==
app
parseTriplet
TripletParser.java
205
com.mgz.afp.parser.TripletParser
false
app
parseTriplets
TripletParser.java
133
com.mgz.afp.parser.TripletParser
false
app
decodeAFP
StructuredFieldBaseTriplets.java
84
com.mgz.afp.base.StructuredFieldBaseTriplets
false
app
decodeAFP
IAFPDecodeableWriteable.java
64
com.mgz.afp.exceptions.IAFPDecodeableWriteable
false
app
parseNextSFFromBuffer
AFPParser.java
466
com.mgz.afp.parser.AFPParser
false
app
parseNextSF
AFPParser.java
382
com.mgz.afp.parser.AFPParser
false
app
convertToXml
Afp2Xml.java
469
com.mgz.cli.Afp2Xml
false
app
execute
Afp2Xml.java
376
com.mgz.cli.Afp2Xml
false
app
main
Afp2Xml.java
65
com.mgz.cli.Afp2Xml
false
Invalid triplet length: 0
Invalid triplet length: 0
10
Undefined
AAAAAAAAAAAAAA==
app
parseTriplet
TripletParser.java
205
com.mgz.afp.parser.TripletParser
false
app
parseTriplets
TripletParser.java
133
com.mgz.afp.parser.TripletParser
false
app
decodeAFP
StructuredFieldBaseTriplets.java
84
com.mgz.afp.base.StructuredFieldBaseTriplets
false
app
decodeAFP
IAFPDecodeableWriteable.java
64
com.mgz.afp.exceptions.IAFPDecodeableWriteable
false
app
parseNextSFFromBuffer
AFPParser.java
466
com.mgz.afp.parser.AFPParser
false
app
parseNextSF
AFPParser.java
382
com.mgz.afp.parser.AFPParser
false
app
convertToXml
Afp2Xml.java
469
com.mgz.cli.Afp2Xml
false
app
execute
Afp2Xml.java
376
com.mgz.cli.Afp2Xml
false
app
main
Afp2Xml.java
65
com.mgz.cli.Afp2Xml
false
Invalid triplet length: 0
Invalid triplet length: 0
10
Undefined
AAAAAAAAAAAAAA==
app
parseTriplet
TripletParser.java
205
com.mgz.afp.parser.TripletParser
false
app
parseTriplets
TripletParser.java
133
com.mgz.afp.parser.TripletParser
false
app
decodeAFP
StructuredFieldBaseTriplets.java
84
com.mgz.afp.base.StructuredFieldBaseTriplets
false
app
decodeAFP
IAFPDecodeableWriteable.java
64
com.mgz.afp.exceptions.IAFPDecodeableWriteable
false
app
parseNextSFFromBuffer
AFPParser.java
466
com.mgz.afp.parser.AFPParser
false
app
parseNextSF
AFPParser.java
382
com.mgz.afp.parser.AFPParser
false
app
convertToXml
Afp2Xml.java
469
com.mgz.cli.Afp2Xml
false
app
execute
Afp2Xml.java
376
com.mgz.cli.Afp2Xml
false
app
main
Afp2Xml.java
65
com.mgz.cli.Afp2Xml
false
Invalid triplet length: 0
Invalid triplet length: 0
10
Undefined
AAAAAAAAAAAAAA==
app
parseTriplet
TripletParser.java
205
com.mgz.afp.parser.TripletParser
false
app
parseTriplets
TripletParser.java
133
com.mgz.afp.parser.TripletParser
false
app
decodeAFP
StructuredFieldBaseTriplets.java
84
com.mgz.afp.base.StructuredFieldBaseTriplets
false
app
decodeAFP
IAFPDecodeableWriteable.java
64
com.mgz.afp.exceptions.IAFPDecodeableWriteable
false
app
parseNextSFFromBuffer
AFPParser.java
466
com.mgz.afp.parser.AFPParser
false
app
parseNextSF
AFPParser.java
382
com.mgz.afp.parser.AFPParser
false
app
convertToXml
Afp2Xml.java
469
com.mgz.cli.Afp2Xml
false
app
execute
Afp2Xml.java
376
com.mgz.cli.Afp2Xml
false
app
main
Afp2Xml.java
65
com.mgz.cli.Afp2Xml
false
Invalid triplet length: 0
Invalid triplet length: 0
10
Undefined
AAAAAAAAAAAAAA==
app
parseTriplet
TripletParser.java
205
com.mgz.afp.parser.TripletParser
false
app
parseTriplets
TripletParser.java
133
com.mgz.afp.parser.TripletParser
false
app
decodeAFP
StructuredFieldBaseTriplets.java
84
com.mgz.afp.base.StructuredFieldBaseTriplets
false
app
decodeAFP
IAFPDecodeableWriteable.java
64
com.mgz.afp.exceptions.IAFPDecodeableWriteable
false
app
parseNextSFFromBuffer
AFPParser.java
466
com.mgz.afp.parser.AFPParser
false
app
parseNextSF
AFPParser.java
382
com.mgz.afp.parser.AFPParser
false
app
convertToXml
Afp2Xml.java
469
com.mgz.cli.Afp2Xml
false
app
execute
Afp2Xml.java
376
com.mgz.cli.Afp2Xml
false
app
main
Afp2Xml.java
65
com.mgz.cli.Afp2Xml
false
Invalid triplet length: 0
Invalid triplet length: 0
10
Undefined
AAAAAAAAAAAAAA==
app
parseTriplet
TripletParser.java
205
com.mgz.afp.parser.TripletParser
false
app
parseTriplets
TripletParser.java
133
com.mgz.afp.parser.TripletParser
false
app
decodeAFP
StructuredFieldBaseTriplets.java
84
com.mgz.afp.base.StructuredFieldBaseTriplets
false
app
decodeAFP
IAFPDecodeableWriteable.java
64
com.mgz.afp.exceptions.IAFPDecodeableWriteable
false
app
parseNextSFFromBuffer
AFPParser.java
466
com.mgz.afp.parser.AFPParser
false
app
parseNextSF
AFPParser.java
382
com.mgz.afp.parser.AFPParser
false
app
convertToXml
Afp2Xml.java
469
com.mgz.cli.Afp2Xml
false
app
execute
Afp2Xml.java
376
com.mgz.cli.Afp2Xml
false
app
main
Afp2Xml.java
65
com.mgz.cli.Afp2Xml
false
Invalid triplet length: 0
Invalid triplet length: 0
10
Undefined
AAAAAAAAAAAAAA==
app
parseTriplet
TripletParser.java
205
com.mgz.afp.parser.TripletParser
false
app
parseTriplets
TripletParser.java
133
com.mgz.afp.parser.TripletParser
false
app
decodeAFP
StructuredFieldBaseTriplets.java
84
com.mgz.afp.base.StructuredFieldBaseTriplets
false
app
decodeAFP
IAFPDecodeableWriteable.java
64
com.mgz.afp.exceptions.IAFPDecodeableWriteable
false
app
parseNextSFFromBuffer
AFPParser.java
466
com.mgz.afp.parser.AFPParser
false
app
parseNextSF
AFPParser.java
382
com.mgz.afp.parser.AFPParser
false
app
convertToXml
Afp2Xml.java
469
com.mgz.cli.Afp2Xml
false
app
execute
Afp2Xml.java
376
com.mgz.cli.Afp2Xml
false
app
main
Afp2Xml.java
65
com.mgz.cli.Afp2Xml
false
Invalid triplet length: 0
Invalid triplet length: 0
10
Undefined
AAAAAAAAAAAAAA==
app
parseTriplet
TripletParser.java
205
com.mgz.afp.parser.TripletParser
false
app
parseTriplets
TripletParser.java
133
com.mgz.afp.parser.TripletParser
false
app
decodeAFP
StructuredFieldBaseTriplets.java
84
com.mgz.afp.base.StructuredFieldBaseTriplets
false
app
decodeAFP
IAFPDecodeableWriteable.java
64
com.mgz.afp.exceptions.IAFPDecodeableWriteable
false
app
parseNextSFFromBuffer
AFPParser.java
466
com.mgz.afp.parser.AFPParser
false
app
parseNextSF
AFPParser.java
382
com.mgz.afp.parser.AFPParser
false
app
convertToXml
Afp2Xml.java
469
com.mgz.cli.Afp2Xml
false
app
execute
Afp2Xml.java
376
com.mgz.cli.Afp2Xml
false
app
main
Afp2Xml.java
65
com.mgz.cli.Afp2Xml
false
Invalid triplet length: 0
Invalid triplet length: 0
10
Undefined
AAAAAAAAAAAAAA==
app
parseTriplet
TripletParser.java
205
com.mgz.afp.parser.TripletParser
false
app
parseTriplets
TripletParser.java
133
com.mgz.afp.parser.TripletParser
false
app
decodeAFP
StructuredFieldBaseTriplets.java
84
com.mgz.afp.base.StructuredFieldBaseTriplets
false
app
decodeAFP
IAFPDecodeableWriteable.java
64
com.mgz.afp.exceptions.IAFPDecodeableWriteable
false
app
parseNextSFFromBuffer
AFPParser.java
466
com.mgz.afp.parser.AFPParser
false
app
parseNextSF
AFPParser.java
382
com.mgz.afp.parser.AFPParser
false
app
convertToXml
Afp2Xml.java
469
com.mgz.cli.Afp2Xml
false
app
execute
Afp2Xml.java
376
com.mgz.cli.Afp2Xml
false
app
main
Afp2Xml.java
65
com.mgz.cli.Afp2Xml
false
Invalid triplet length: 0
Invalid triplet length: 0
10
Undefined
AAAAAAAAAAAAAA==
app
parseTriplet
TripletParser.java
205
com.mgz.afp.parser.TripletParser
false
app
parseTriplets
TripletParser.java
133
com.mgz.afp.parser.TripletParser
false
app
decodeAFP
StructuredFieldBaseTriplets.java
84
com.mgz.afp.base.StructuredFieldBaseTriplets
false
app
decodeAFP
IAFPDecodeableWriteable.java
64
com.mgz.afp.exceptions.IAFPDecodeableWriteable
false
app
parseNextSFFromBuffer
AFPParser.java
466
com.mgz.afp.parser.AFPParser
false
app
parseNextSF
AFPParser.java
382
com.mgz.afp.parser.AFPParser
false
app
convertToXml
Afp2Xml.java
469
com.mgz.cli.Afp2Xml
false
app
execute
Afp2Xml.java
376
com.mgz.cli.Afp2Xml
false
app
main
Afp2Xml.java
65
com.mgz.cli.Afp2Xml
false
Invalid triplet length: 0
Invalid triplet length: 0
10
Undefined
AAAAAAAAAAAAAA==
app
parseTriplet
TripletParser.java
205
com.mgz.afp.parser.TripletParser
false
app
parseTriplets
TripletParser.java
133
com.mgz.afp.parser.TripletParser
false
app
decodeAFP
StructuredFieldBaseTriplets.java
84
com.mgz.afp.base.StructuredFieldBaseTriplets
false
app
decodeAFP
IAFPDecodeableWriteable.java
64
com.mgz.afp.exceptions.IAFPDecodeableWriteable
false
app
parseNextSFFromBuffer
AFPParser.java
466
com.mgz.afp.parser.AFPParser
false
app
parseNextSF
AFPParser.java
382
com.mgz.afp.parser.AFPParser
false
app
convertToXml
Afp2Xml.java
469
com.mgz.cli.Afp2Xml
false
app
execute
Afp2Xml.java
376
com.mgz.cli.Afp2Xml
false
app
main
Afp2Xml.java
65
com.mgz.cli.Afp2Xml
false
Invalid triplet length: 0
Invalid triplet length: 0
10
Undefined
AAAAAAAAAAAAAA==
app
parseTriplet
TripletParser.java
205
com.mgz.afp.parser.TripletParser
false
app
parseTriplets
TripletParser.java
133
com.mgz.afp.parser.TripletParser
false
app
decodeAFP
StructuredFieldBaseTriplets.java
84
com.mgz.afp.base.StructuredFieldBaseTriplets
false
app
decodeAFP
IAFPDecodeableWriteable.java
64
com.mgz.afp.exceptions.IAFPDecodeableWriteable
false
app
parseNextSFFromBuffer
AFPParser.java
466
com.mgz.afp.parser.AFPParser
false
app
parseNextSF
AFPParser.java
382
com.mgz.afp.parser.AFPParser
false
app
convertToXml
Afp2Xml.java
469
com.mgz.cli.Afp2Xml
false
app
execute
Afp2Xml.java
376
com.mgz.cli.Afp2Xml
false
app
main
Afp2Xml.java
65
com.mgz.cli.Afp2Xml
false
Invalid triplet length: 0
Invalid triplet length: 0
10
Undefined
AAAAAAAAAAAAAA==
app
parseTriplet
TripletParser.java
205
com.mgz.afp.parser.TripletParser
false
app
parseTriplets
TripletParser.java
133
com.mgz.afp.parser.TripletParser
false
app
decodeAFP
StructuredFieldBaseTriplets.java
84
com.mgz.afp.base.StructuredFieldBaseTriplets
false
app
decodeAFP
IAFPDecodeableWriteable.java
64
com.mgz.afp.exceptions.IAFPDecodeableWriteable
false
app
parseNextSFFromBuffer
AFPParser.java
466
com.mgz.afp.parser.AFPParser
false
app
parseNextSF
AFPParser.java
382
com.mgz.afp.parser.AFPParser
false
app
convertToXml
Afp2Xml.java
469
com.mgz.cli.Afp2Xml
false
app
execute
Afp2Xml.java
376
com.mgz.cli.Afp2Xml
false
app
main
Afp2Xml.java
65
com.mgz.cli.Afp2Xml
false
Invalid triplet length: 0
Invalid triplet length: 0
10
Undefined
AAAAAAAAAAAAAA==
app
parseTriplet
TripletParser.java
205
com.mgz.afp.parser.TripletParser
false
app
parseTriplets
TripletParser.java
133
com.mgz.afp.parser.TripletParser
false
app
decodeAFP
StructuredFieldBaseTriplets.java
84
com.mgz.afp.base.StructuredFieldBaseTriplets
false
app
decodeAFP
IAFPDecodeableWriteable.java
64
com.mgz.afp.exceptions.IAFPDecodeableWriteable
false
app
parseNextSFFromBuffer
AFPParser.java
466
com.mgz.afp.parser.AFPParser
false
app
parseNextSF
AFPParser.java
382
com.mgz.afp.parser.AFPParser
false
app
convertToXml
Afp2Xml.java
469
com.mgz.cli.Afp2Xml
false
app
execute
Afp2Xml.java
376
com.mgz.cli.Afp2Xml
false
app
main
Afp2Xml.java
65
com.mgz.cli.Afp2Xml
false
Invalid triplet length: 0
Invalid triplet length: 0
10
Undefined
AAAAAAAAAAAAAA==
app
parseTriplet
TripletParser.java
205
com.mgz.afp.parser.TripletParser
false
app
parseTriplets
TripletParser.java
133
com.mgz.afp.parser.TripletParser
false
app
decodeAFP
StructuredFieldBaseTriplets.java
84
com.mgz.afp.base.StructuredFieldBaseTriplets
false
app
decodeAFP
IAFPDecodeableWriteable.java
64
com.mgz.afp.exceptions.IAFPDecodeableWriteable
false
app
parseNextSFFromBuffer
AFPParser.java
466
com.mgz.afp.parser.AFPParser
false
app
parseNextSF
AFPParser.java
382
com.mgz.afp.parser.AFPParser
false
app
convertToXml
Afp2Xml.java
469
com.mgz.cli.Afp2Xml
false
app
execute
Afp2Xml.java
376
com.mgz.cli.Afp2Xml
false
app
main
Afp2Xml.java
65
com.mgz.cli.Afp2Xml
false
Invalid triplet length: 0
Invalid triplet length: 0
10
Undefined
AAAAAAAAAAAAAA==
app
parseTriplet
TripletParser.java
205
com.mgz.afp.parser.TripletParser
false
app
parseTriplets
TripletParser.java
133
com.mgz.afp.parser.TripletParser
false
app
decodeAFP
StructuredFieldBaseTriplets.java
84
com.mgz.afp.base.StructuredFieldBaseTriplets
false
app
decodeAFP
IAFPDecodeableWriteable.java
64
com.mgz.afp.exceptions.IAFPDecodeableWriteable
false
app
parseNextSFFromBuffer
AFPParser.java
466
com.mgz.afp.parser.AFPParser
false
app
parseNextSF
AFPParser.java
382
com.mgz.afp.parser.AFPParser
false
app
convertToXml
Afp2Xml.java
469
com.mgz.cli.Afp2Xml
false
app
execute
Afp2Xml.java
376
com.mgz.cli.Afp2Xml
false
app
main
Afp2Xml.java
65
com.mgz.cli.Afp2Xml
false
Invalid triplet length: 0
Invalid triplet length: 0
10
Undefined
AAAAAAAAAAAAAA==
app
parseTriplet
TripletParser.java
205
com.mgz.afp.parser.TripletParser
false
app
parseTriplets
TripletParser.java
133
com.mgz.afp.parser.TripletParser
false
app
decodeAFP
StructuredFieldBaseTriplets.java
84
com.mgz.afp.base.StructuredFieldBaseTriplets
false
app
decodeAFP
IAFPDecodeableWriteable.java
64
com.mgz.afp.exceptions.IAFPDecodeableWriteable
false
app
parseNextSFFromBuffer
AFPParser.java
466
com.mgz.afp.parser.AFPParser
false
app
parseNextSF
AFPParser.java
382
com.mgz.afp.parser.AFPParser
false
app
convertToXml
Afp2Xml.java
469
com.mgz.cli.Afp2Xml
false
app
execute
Afp2Xml.java
376
com.mgz.cli.Afp2Xml
false
app
main
Afp2Xml.java
65
com.mgz.cli.Afp2Xml
false
Invalid triplet length: 0
Invalid triplet length: 0
10
Undefined
AAAAAAAAAAAAAA==
app
parseTriplet
TripletParser.java
205
com.mgz.afp.parser.TripletParser
false
app
parseTriplets
TripletParser.java
133
com.mgz.afp.parser.TripletParser
false
app
decodeAFP
StructuredFieldBaseTriplets.java
84
com.mgz.afp.base.StructuredFieldBaseTriplets
false
app
decodeAFP
IAFPDecodeableWriteable.java
64
com.mgz.afp.exceptions.IAFPDecodeableWriteable
false
app
parseNextSFFromBuffer
AFPParser.java
466
com.mgz.afp.parser.AFPParser
false
app
parseNextSF
AFPParser.java
382
com.mgz.afp.parser.AFPParser
false
app
convertToXml
Afp2Xml.java
469
com.mgz.cli.Afp2Xml
false
app
execute
Afp2Xml.java
376
com.mgz.cli.Afp2Xml
false
app
main
Afp2Xml.java
65
com.mgz.cli.Afp2Xml
false
Invalid triplet length: 0
Invalid triplet length: 0
10
Undefined
AAAAAAAAAAAAAA==
app
parseTriplet
TripletParser.java
205
com.mgz.afp.parser.TripletParser
false
app
parseTriplets
TripletParser.java
133
com.mgz.afp.parser.TripletParser
false
app
decodeAFP
StructuredFieldBaseTriplets.java
84
com.mgz.afp.base.StructuredFieldBaseTriplets
false
app
decodeAFP
IAFPDecodeableWriteable.java
64
com.mgz.afp.exceptions.IAFPDecodeableWriteable
false
app
parseNextSFFromBuffer
AFPParser.java
466
com.mgz.afp.parser.AFPParser
false
app
parseNextSF
AFPParser.java
382
com.mgz.afp.parser.AFPParser
false
app
convertToXml
Afp2Xml.java
469
com.mgz.cli.Afp2Xml
false
app
execute
Afp2Xml.java
376
com.mgz.cli.Afp2Xml
false
app
main
Afp2Xml.java
65
com.mgz.cli.Afp2Xml
false
Invalid triplet length: 0
Invalid triplet length: 0
10
Undefined
AAAAAAAAAAAAAA==
app
parseTriplet
TripletParser.java
205
com.mgz.afp.parser.TripletParser
false
app
parseTriplets
TripletParser.java
133
com.mgz.afp.parser.TripletParser
false
app
decodeAFP
StructuredFieldBaseTriplets.java
84
com.mgz.afp.base.StructuredFieldBaseTriplets
false
app
decodeAFP
IAFPDecodeableWriteable.java
64
com.mgz.afp.exceptions.IAFPDecodeableWriteable
false
app
parseNextSFFromBuffer
AFPParser.java
466
com.mgz.afp.parser.AFPParser
false
app
parseNextSF
AFPParser.java
382
com.mgz.afp.parser.AFPParser
false
app
convertToXml
Afp2Xml.java
469
com.mgz.cli.Afp2Xml
false
app
execute
Afp2Xml.java
376
com.mgz.cli.Afp2Xml
false
app
main
Afp2Xml.java
65
com.mgz.cli.Afp2Xml
false
Invalid triplet length: 0
Invalid triplet length: 0
10
Undefined
AAAAAAAAAAAAAA==
app
parseTriplet
TripletParser.java
205
com.mgz.afp.parser.TripletParser
false
app
parseTriplets
TripletParser.java
133
com.mgz.afp.parser.TripletParser
false
app
decodeAFP
StructuredFieldBaseTriplets.java
84
com.mgz.afp.base.StructuredFieldBaseTriplets
false
app
decodeAFP
IAFPDecodeableWriteable.java
64
com.mgz.afp.exceptions.IAFPDecodeableWriteable
false
app
parseNextSFFromBuffer
AFPParser.java
466
com.mgz.afp.parser.AFPParser
false
app
parseNextSF
AFPParser.java
382
com.mgz.afp.parser.AFPParser
false
app
convertToXml
Afp2Xml.java
469
com.mgz.cli.Afp2Xml
false
app
execute
Afp2Xml.java
376
com.mgz.cli.Afp2Xml
false
app
main
Afp2Xml.java
65
com.mgz.cli.Afp2Xml
false
Invalid triplet length: 0
Invalid triplet length: 0
10
Undefined
AAAAAAAAAAAAAA==
app
parseTriplet
TripletParser.java
205
com.mgz.afp.parser.TripletParser
false
app
parseTriplets
TripletParser.java
133
com.mgz.afp.parser.TripletParser
false
app
decodeAFP
StructuredFieldBaseTriplets.java
84
com.mgz.afp.base.StructuredFieldBaseTriplets
false
app
decodeAFP
IAFPDecodeableWriteable.java
64
com.mgz.afp.exceptions.IAFPDecodeableWriteable
false
app
parseNextSFFromBuffer
AFPParser.java
466
com.mgz.afp.parser.AFPParser
false
app
parseNextSF
AFPParser.java
382
com.mgz.afp.parser.AFPParser
false
app
convertToXml
Afp2Xml.java
469
com.mgz.cli.Afp2Xml
false
app
execute
Afp2Xml.java
376
com.mgz.cli.Afp2Xml
false
app
main
Afp2Xml.java
65
com.mgz.cli.Afp2Xml
false
Invalid triplet length: 0
Invalid triplet length: 0
10
Undefined
AAAAAAAAAAAAAA==
app
parseTriplet
TripletParser.java
205
com.mgz.afp.parser.TripletParser
false
app
parseTriplets
TripletParser.java
133
com.mgz.afp.parser.TripletParser
false
app
decodeAFP
StructuredFieldBaseTriplets.java
84
com.mgz.afp.base.StructuredFieldBaseTriplets
false
app
decodeAFP
IAFPDecodeableWriteable.java
64
com.mgz.afp.exceptions.IAFPDecodeableWriteable
false
app
parseNextSFFromBuffer
AFPParser.java
466
com.mgz.afp.parser.AFPParser
false
app
parseNextSF
AFPParser.java
382
com.mgz.afp.parser.AFPParser
false
app
convertToXml
Afp2Xml.java
469
com.mgz.cli.Afp2Xml
false
app
execute
Afp2Xml.java
376
com.mgz.cli.Afp2Xml
false
app
main
Afp2Xml.java
65
com.mgz.cli.Afp2Xml
false
Invalid triplet length: 0
Invalid triplet length: 0
10
Undefined
AAAAAAAAAAAAAA==
app
parseTriplet
TripletParser.java
205
com.mgz.afp.parser.TripletParser
false
app
parseTriplets
TripletParser.java
133
com.mgz.afp.parser.TripletParser
false
app
decodeAFP
StructuredFieldBaseTriplets.java
84
com.mgz.afp.base.StructuredFieldBaseTriplets
false
app
decodeAFP
IAFPDecodeableWriteable.java
64
com.mgz.afp.exceptions.IAFPDecodeableWriteable
false
app
parseNextSFFromBuffer
AFPParser.java
466
com.mgz.afp.parser.AFPParser
false
app
parseNextSF
AFPParser.java
382
com.mgz.afp.parser.AFPParser
false
app
convertToXml
Afp2Xml.java
469
com.mgz.cli.Afp2Xml
false
app
execute
Afp2Xml.java
376
com.mgz.cli.Afp2Xml
false
app
main
Afp2Xml.java
65
com.mgz.cli.Afp2Xml
false
Invalid triplet length: 0
Invalid triplet length: 0
10
Undefined
AAAAAAAAAAAAAA==
app
parseTriplet
TripletParser.java
205
com.mgz.afp.parser.TripletParser
false
app
parseTriplets
TripletParser.java
133
com.mgz.afp.parser.TripletParser
false
app
decodeAFP
StructuredFieldBaseTriplets.java
84
com.mgz.afp.base.StructuredFieldBaseTriplets
false
app
decodeAFP
IAFPDecodeableWriteable.java
64
com.mgz.afp.exceptions.IAFPDecodeableWriteable
false
app
parseNextSFFromBuffer
AFPParser.java
466
com.mgz.afp.parser.AFPParser
false
app
parseNextSF
AFPParser.java
382
com.mgz.afp.parser.AFPParser
false
app
convertToXml
Afp2Xml.java
469
com.mgz.cli.Afp2Xml
false
app
execute
Afp2Xml.java
376
com.mgz.cli.Afp2Xml
false
app
main
Afp2Xml.java
65
com.mgz.cli.Afp2Xml
false
Invalid triplet length: 0
Invalid triplet length: 0
10
Undefined
AAAAAAAAAAAAAA==
app
parseTriplet
TripletParser.java
205
com.mgz.afp.parser.TripletParser
false
app
parseTriplets
TripletParser.java
133
com.mgz.afp.parser.TripletParser
false
app
decodeAFP
StructuredFieldBaseTriplets.java
84
com.mgz.afp.base.StructuredFieldBaseTriplets
false
app
decodeAFP
IAFPDecodeableWriteable.java
64
com.mgz.afp.exceptions.IAFPDecodeableWriteable
false
app
parseNextSFFromBuffer
AFPParser.java
466
com.mgz.afp.parser.AFPParser
false
app
parseNextSF
AFPParser.java
382
com.mgz.afp.parser.AFPParser
false
app
convertToXml
Afp2Xml.java
469
com.mgz.cli.Afp2Xml
false
app
execute
Afp2Xml.java
376
com.mgz.cli.Afp2Xml
false
app
main
Afp2Xml.java
65
com.mgz.cli.Afp2Xml
false
Invalid triplet length: 0
Invalid triplet length: 0
10
Undefined
AAAAAAAAAAAAAA==
app
parseTriplet
TripletParser.java
205
com.mgz.afp.parser.TripletParser
false
app
parseTriplets
TripletParser.java
133
com.mgz.afp.parser.TripletParser
false
app
decodeAFP
StructuredFieldBaseTriplets.java
84
com.mgz.afp.base.StructuredFieldBaseTriplets
false
app
decodeAFP
IAFPDecodeableWriteable.java
64
com.mgz.afp.exceptions.IAFPDecodeableWriteable
false
app
parseNextSFFromBuffer
AFPParser.java
466
com.mgz.afp.parser.AFPParser
false
app
parseNextSF
AFPParser.java
382
com.mgz.afp.parser.AFPParser
false
app
convertToXml
Afp2Xml.java
469
com.mgz.cli.Afp2Xml
false
app
execute
Afp2Xml.java
376
com.mgz.cli.Afp2Xml
false
app
main
Afp2Xml.java
65
com.mgz.cli.Afp2Xml
false
Invalid triplet length: 0
Invalid triplet length: 0
10
Undefined
AAAAAAAAAAAAAA==
app
parseTriplet
TripletParser.java
205
com.mgz.afp.parser.TripletParser
false
app
parseTriplets
TripletParser.java
133
com.mgz.afp.parser.TripletParser
false
app
decodeAFP
StructuredFieldBaseTriplets.java
84
com.mgz.afp.base.StructuredFieldBaseTriplets
false
app
decodeAFP
IAFPDecodeableWriteable.java
64
com.mgz.afp.exceptions.IAFPDecodeableWriteable
false
app
parseNextSFFromBuffer
AFPParser.java
466
com.mgz.afp.parser.AFPParser
false
app
parseNextSF
AFPParser.java
382
com.mgz.afp.parser.AFPParser
false
app
convertToXml
Afp2Xml.java
469
com.mgz.cli.Afp2Xml
false
app
execute
Afp2Xml.java
376
com.mgz.cli.Afp2Xml
false
app
main
Afp2Xml.java
65
com.mgz.cli.Afp2Xml
false
Invalid triplet length: 0
Invalid triplet length: 0
10
Undefined
AAAAAAAAAAAAAA==
app
parseTriplet
TripletParser.java
205
com.mgz.afp.parser.TripletParser
false
app
parseTriplets
TripletParser.java
133
com.mgz.afp.parser.TripletParser
false
app
decodeAFP
StructuredFieldBaseTriplets.java
84
com.mgz.afp.base.StructuredFieldBaseTriplets
false
app
decodeAFP
IAFPDecodeableWriteable.java
64
com.mgz.afp.exceptions.IAFPDecodeableWriteable
false
app
parseNextSFFromBuffer
AFPParser.java
466
com.mgz.afp.parser.AFPParser
false
app
parseNextSF
AFPParser.java
382
com.mgz.afp.parser.AFPParser
false
app
convertToXml
Afp2Xml.java
469
com.mgz.cli.Afp2Xml
false
app
execute
Afp2Xml.java
376
com.mgz.cli.Afp2Xml
false
app
main
Afp2Xml.java
65
com.mgz.cli.Afp2Xml
false
Invalid triplet length: 0
Invalid triplet length: 0
10
Undefined
AAAAAAAAAAAAAA==
app
parseTriplet
TripletParser.java
205
com.mgz.afp.parser.TripletParser
false
app
parseTriplets
TripletParser.java
133
com.mgz.afp.parser.TripletParser
false
app
decodeAFP
StructuredFieldBaseTriplets.java
84
com.mgz.afp.base.StructuredFieldBaseTriplets
false
app
decodeAFP
IAFPDecodeableWriteable.java
64
com.mgz.afp.exceptions.IAFPDecodeableWriteable
false
app
parseNextSFFromBuffer
AFPParser.java
466
com.mgz.afp.parser.AFPParser
false
app
parseNextSF
AFPParser.java
382
com.mgz.afp.parser.AFPParser
false
app
convertToXml
Afp2Xml.java
469
com.mgz.cli.Afp2Xml
false
app
execute
Afp2Xml.java
376
com.mgz.cli.Afp2Xml
false
app
main
Afp2Xml.java
65
com.mgz.cli.Afp2Xml
false
Invalid triplet length: 0
Invalid triplet length: 0
10
Undefined
AAAAAAAAAAAAAA==
app
parseTriplet
TripletParser.java
205
com.mgz.afp.parser.TripletParser
false
app
parseTriplets
TripletParser.java
133
com.mgz.afp.parser.TripletParser
false
app
decodeAFP
StructuredFieldBaseTriplets.java
84
com.mgz.afp.base.StructuredFieldBaseTriplets
false
app
decodeAFP
IAFPDecodeableWriteable.java
64
com.mgz.afp.exceptions.IAFPDecodeableWriteable
false
app
parseNextSFFromBuffer
AFPParser.java
466
com.mgz.afp.parser.AFPParser
false
app
parseNextSF
AFPParser.java
382
com.mgz.afp.parser.AFPParser
false
app
convertToXml
Afp2Xml.java
469
com.mgz.cli.Afp2Xml
false
app
execute
Afp2Xml.java
376
com.mgz.cli.Afp2Xml
false
app
main
Afp2Xml.java
65
com.mgz.cli.Afp2Xml
false
Invalid triplet length: 0
Invalid triplet length: 0
0
0
0
0
ori0
ori0
0
0
0
ori0
ori0
AsDefined_PageOverlayIPS
0
0
0
0
ori0
ori0
0
0
0
ori0
ori0
AsDefined_PageOverlayIPS
0
0
0
0
ori0
ori0
0
0
0
ori0
ori0
AsDefined_PageOverlayIPS
0
0
0
0
ori0
ori0
0
0
0
ori0
ori0
AsDefined_PageOverlayIPS
0
0
0
0
ori0
ori0
0
0
0
ori0
ori0
AsDefined_PageOverlayIPS
0
0
0
0
ori0
ori0
0
0
0
ori0
ori0
AsDefined_PageOverlayIPS
0
0
0
0
ori0
ori0
0
0
0
ori0
ori0
AsDefined_PageOverlayIPS
0
0
0
0
ori0
ori0
0
0
0
ori0
ori0
AsDefined_PageOverlayIPS
0
0
0
0
ori0
ori0
0
0
0
ori0
ori0
AsDefined_PageOverlayIPS
0
0
0
0
ori0
ori0
0
0
0
ori0
ori0
AsDefined_PageOverlayIPS
0
0
0
0
ori0
ori0
0
0
0
ori0
ori0
AsDefined_PageOverlayIPS
0
0
0
0
ori0
ori0
0
0
0
ori0
ori0
AsDefined_PageOverlayIPS
0
0
0
0
ori0
ori0
0
0
0
ori0
ori0
AsDefined_PageOverlayIPS
0
0
0
0
ori0
ori0
0
0
0
ori0
ori0
AsDefined_PageOverlayIPS
0
0
0
0
ori0
ori0
0
0
0
ori0
ori0
AsDefined_PageOverlayIPS
0
0
0
0
ori0
ori0
0
0
0
ori0
ori0
AsDefined_PageOverlayIPS
0
0
0
0
ori0
ori0
0
0
0
ori0
ori0
AsDefined_PageOverlayIPS
0
0
0
0
ori0
ori0
0
0
0
ori0
ori0
AsDefined_PageOverlayIPS
0
0
0
0
ori0
ori0
0
0
0
ori0
ori0
AsDefined_PageOverlayIPS
0
0
0
0
ori0
ori0
0
0
0
ori0
ori0
AsDefined_PageOverlayIPS
0
0
0
0
ori0
ori0
0
0
0
ori0
ori0
AsDefined_PageOverlayIPS
0
0
0
0
ori0
ori0
0
0
0
ori0
ori0
AsDefined_PageOverlayIPS
0
0
0
0
ori0
ori0
0
0
0
ori0
ori0
AsDefined_PageOverlayIPS
0
0
0
0
ori0
ori0
0
0
0
ori0
ori0
AsDefined_PageOverlayIPS
0
0
0
0
ori0
ori0
0
0
0
ori0
ori0
AsDefined_PageOverlayIPS
0
0
0
0
ori0
ori0
0
0
0
ori0
ori0
AsDefined_PageOverlayIPS
0
0
0
0
ori0
ori0
0
0
0
ori0
ori0
AsDefined_PageOverlayIPS
0
0
0
0
ori0
ori0
0
0
0
ori0
ori0
AsDefined_PageOverlayIPS
0
0
0
0
ori0
ori0
0
0
0
ori0
ori0
AsDefined_PageOverlayIPS
0
0
0
0
ori0
ori0
0
0
0
ori0
ori0
AsDefined_PageOverlayIPS
0
0
0
0
ori0
ori0
0
0
0
ori0
ori0
AsDefined_PageOverlayIPS
0
0
0
0
ori0
ori0
0
0
0
ori0
ori0
AsDefined_PageOverlayIPS
0
0
0
0
ori0
ori0
0
0
0
ori0
ori0
AsDefined_PageOverlayIPS
0
0
0
0
ori0
ori0
0
0
0
ori0
ori0
AsDefined_PageOverlayIPS
0
0
0
0
ori0
ori0
0
0
0
ori0
ori0
AsDefined_PageOverlayIPS
0
0
0
0
ori0
ori0
0
0
0
ori0
ori0
AsDefined_PageOverlayIPS
0
0
0
0
ori0
ori0
0
0
0
ori0
ori0
AsDefined_PageOverlayIPS
0
0
0
0
ori0
ori0
0
0
0
ori0
ori0
AsDefined_PageOverlayIPS
0
0
0
0
ori0
ori0
0
0
0
ori0
ori0
AsDefined_PageOverlayIPS
0
0
0
0
ori0
ori0
0
0
0
ori0
ori0
AsDefined_PageOverlayIPS
0
0
0
0
ori0
ori0
0
0
0
ori0
ori0
AsDefined_PageOverlayIPS
0
0
0
0
ori0
ori0
0
0
0
ori0
ori0
AsDefined_PageOverlayIPS
0
0
0
0
ori0
ori0
0
0
0
ori0
ori0
AsDefined_PageOverlayIPS
0
0
0
0
ori0
ori0
0
0
0
ori0
ori0
AsDefined_PageOverlayIPS
0
0
0
0
ori0
ori0
0
0
0
ori0
ori0
AsDefined_PageOverlayIPS
0
0
0
0
ori0
ori0
0
0
0
ori0
ori0
AsDefined_PageOverlayIPS
0
0
0
0
ori0
ori0
0
0
0
ori0
ori0
AsDefined_PageOverlayIPS
0
0
0
0
ori0
ori0
0
0
0
ori0
ori0
AsDefined_PageOverlayIPS
0
0
0
0
ori0
ori0
0
0
0
ori0
ori0
AsDefined_PageOverlayIPS
0
0
0
0
ori0
ori0
0
0
0
ori0
ori0
AsDefined_PageOverlayIPS
0
0
0
0
ori0
ori0
0
0
0
ori0
ori0
AsDefined_PageOverlayIPS
0
0
0
0
ori0
ori0
0
0
0
ori0
ori0
AsDefined_PageOverlayIPS
0
0
0
0
ori0
ori0
0
0
0
ori0
ori0
AsDefined_PageOverlayIPS
0
0
0
0
ori0
ori0
0
0
0
ori0
ori0
AsDefined_PageOverlayIPS
0
0
0
0
ori0
ori0
0
0
0
ori0
ori0
AsDefined_PageOverlayIPS
0
0
0
0
ori0
ori0
0
0
0
ori0
ori0
AsDefined_PageOverlayIPS
0
0
0
0
ori0
ori0
0
0
0
ori0
ori0
AsDefined_PageOverlayIPS
0
0
0
0
ori0
ori0
0
0
0
ori0
ori0
AsDefined_PageOverlayIPS
0
0
0
0
ori0
ori0
0
0
0
ori0
ori0
AsDefined_PageOverlayIPS
0
0
0
0
ori0
ori0
0
0
0
ori0
ori0
AsDefined_PageOverlayIPS
0
0
0
0
ori0
ori0
0
0
0
ori0
ori0
AsDefined_PageOverlayIPS
0
0
0
0
ori0
ori0
0
0
0
ori0
ori0
AsDefined_PageOverlayIPS
0
0
0
0
ori0
ori0
0
0
0
ori0
ori0
AsDefined_PageOverlayIPS
0
0
0
0
ori0
ori0
0
0
0
ori0
ori0
AsDefined_PageOverlayIPS
0
0
0
0
ori0
ori0
0
0
0
ori0
ori0
AsDefined_PageOverlayIPS
0
0
0
0
ori0
ori0
0
0
0
ori0
ori0
AsDefined_PageOverlayIPS
0
0
0
0
ori0
ori0
0
0
0
ori0
ori0
AsDefined_PageOverlayIPS
0
0
0
0
ori0
ori0
0
0
0
ori0
ori0
AsDefined_PageOverlayIPS
0
0
0
0
ori0
ori0
0
0
0
ori0
ori0
AsDefined_PageOverlayIPS
0
0
0
0
ori0
ori0
0
0
0
ori0
ori0
AsDefined_PageOverlayIPS
0
0
0
0
ori0
ori0
0
0
0
ori0
ori0
AsDefined_PageOverlayIPS
0
0
0
0
ori0
ori0
0
0
0
ori0
ori0
AsDefined_PageOverlayIPS
0
0
0
0
ori0
ori0
0
0
0
ori0
ori0
AsDefined_PageOverlayIPS
0
0
0
0
ori0
ori0
0
0
0
ori0
ori0
AsDefined_PageOverlayIPS
0
0
0
0
ori0
ori0
0
0
0
ori0
ori0
AsDefined_PageOverlayIPS
0
0
0
0
ori0
ori0
0
0
0
ori0
ori0
AsDefined_PageOverlayIPS
0
0
0
0
ori0
ori0
0
0
0
ori0
ori0
AsDefined_PageOverlayIPS
0
0
0
0
ori0
ori0
0
0
0
ori0
ori0
AsDefined_PageOverlayIPS
0
0
0
0
ori0
ori0
0
0
0
ori0
ori0
AsDefined_PageOverlayIPS
0
0
0
0
ori0
ori0
0
0
0
ori0
ori0
AsDefined_PageOverlayIPS
0
0
0
0
ori0
ori0
0
0
0
ori0
ori0
AsDefined_PageOverlayIPS
0
0
0
0
ori0
ori0
0
0
0
ori0
ori0
AsDefined_PageOverlayIPS
0
0
0
0
ori0
ori0
0
0
0
ori0
ori0
AsDefined_PageOverlayIPS
0
0
0
0
ori0
ori0
0
0
0
ori0
ori0
AsDefined_PageOverlayIPS
0
0
0
0
ori0
ori0
0
0
0
ori0
ori0
AsDefined_PageOverlayIPS
0
0
0
0
ori0
ori0
0
0
0
ori0
ori0
AsDefined_PageOverlayIPS
0
0
0
0
ori0
ori0
0
0
0
ori0
ori0
AsDefined_PageOverlayIPS
0
0
0
0
ori0
ori0
0
0
0
ori0
ori0
AsDefined_PageOverlayIPS
0
0
0
0
ori0
ori0
0
0
0
ori0
ori0
AsDefined_PageOverlayIPS
0
0
0
0
ori0
ori0
0
0
0
ori0
ori0
AsDefined_PageOverlayIPS
0
0
0
0
ori0
ori0
0
0
0
ori0
ori0
AsDefined_PageOverlayIPS
0
0
0
0
ori0
ori0
0
0
0
ori0
ori0
AsDefined_PageOverlayIPS
0
0
0
0
ori0
ori0
0
0
0
ori0
ori0
AsDefined_PageOverlayIPS
0
0
0
0
ori0
ori0
0
0
0
ori0
ori0
AsDefined_PageOverlayIPS
0
0
0
0
ori0
ori0
0
0
0
ori0
ori0
AsDefined_PageOverlayIPS
0
0
0
0
ori0
ori0
0
0
0
ori0
ori0
AsDefined_PageOverlayIPS
ABLTprsAAAAAAAAAAAAAAAAA
app
buildGDDParameter
GDD_Parameter.java
70
com.mgz.afp.goca.GDD_Parameter
false
app
decodeAFP
GDD_GraphicsDataDescriptor.java
50
com.mgz.afp.goca.GDD_GraphicsDataDescriptor
false
app
decodeAFP
IAFPDecodeableWriteable.java
64
com.mgz.afp.exceptions.IAFPDecodeableWriteable
false
app
parseNextSFFromBuffer
AFPParser.java
466
com.mgz.afp.parser.AFPParser
false
app
parseNextSF
AFPParser.java
382
com.mgz.afp.parser.AFPParser
false
app
convertToXml
Afp2Xml.java
469
com.mgz.cli.Afp2Xml
false
app
execute
Afp2Xml.java
376
com.mgz.cli.Afp2Xml
false
app
main
Afp2Xml.java
65
com.mgz.cli.Afp2Xml
false
GDD parameter type 0x0 is unknown.
GDD parameter type 0x0 is unknown.
37142
GDD_GraphicsDataDescriptor
Error at file offset 0x9116 (GDD_GraphicsDataDescriptor): GDD parameter type 0x0 is unknown.
false
false
false
ABLTprsAAAAAAAAAAAAAAAAA
app
buildGDDParameter
GDD_Parameter.java
70
com.mgz.afp.goca.GDD_Parameter
false
app
decodeAFP
GDD_GraphicsDataDescriptor.java
50
com.mgz.afp.goca.GDD_GraphicsDataDescriptor
false
app
decodeAFP
IAFPDecodeableWriteable.java
64
com.mgz.afp.exceptions.IAFPDecodeableWriteable
false
app
parseNextSFFromBuffer
AFPParser.java
466
com.mgz.afp.parser.AFPParser
false
app
parseNextSF
AFPParser.java
382
com.mgz.afp.parser.AFPParser
false
app
convertToXml
Afp2Xml.java
469
com.mgz.cli.Afp2Xml
false
app
execute
Afp2Xml.java
376
com.mgz.cli.Afp2Xml
false
app
main
Afp2Xml.java
65
com.mgz.cli.Afp2Xml
false
GDD parameter type 0x0 is unknown.
GDD parameter type 0x0 is unknown.
37161
GDD_GraphicsDataDescriptor
Error at file offset 0x9129 (GDD_GraphicsDataDescriptor): GDD parameter type 0x0 is unknown.
false
false
false
ABLTprsAAAAAAAAAAAAAAAAA
app
buildGDDParameter
GDD_Parameter.java
70
com.mgz.afp.goca.GDD_Parameter
false
app
decodeAFP
GDD_GraphicsDataDescriptor.java
50
com.mgz.afp.goca.GDD_GraphicsDataDescriptor
false
app
decodeAFP
IAFPDecodeableWriteable.java
64
com.mgz.afp.exceptions.IAFPDecodeableWriteable
false
app
parseNextSFFromBuffer
AFPParser.java
466
com.mgz.afp.parser.AFPParser
false
app
parseNextSF
AFPParser.java
382
com.mgz.afp.parser.AFPParser
false
app
convertToXml
Afp2Xml.java
469
com.mgz.cli.Afp2Xml
false
app
execute
Afp2Xml.java
376
com.mgz.cli.Afp2Xml
false
app
main
Afp2Xml.java
65
com.mgz.cli.Afp2Xml
false
GDD parameter type 0x0 is unknown.
GDD parameter type 0x0 is unknown.
37180
GDD_GraphicsDataDescriptor
Error at file offset 0x913C (GDD_GraphicsDataDescriptor): GDD parameter type 0x0 is unknown.
false
false
false
ABLTprsAAAAAAAAAAAAAAAAA
app
buildGDDParameter
GDD_Parameter.java
70
com.mgz.afp.goca.GDD_Parameter
false
app
decodeAFP
GDD_GraphicsDataDescriptor.java
50
com.mgz.afp.goca.GDD_GraphicsDataDescriptor
false
app
decodeAFP
IAFPDecodeableWriteable.java
64
com.mgz.afp.exceptions.IAFPDecodeableWriteable
false
app
parseNextSFFromBuffer
AFPParser.java
466
com.mgz.afp.parser.AFPParser
false
app
parseNextSF
AFPParser.java
382
com.mgz.afp.parser.AFPParser
false
app
convertToXml
Afp2Xml.java
469
com.mgz.cli.Afp2Xml
false
app
execute
Afp2Xml.java
376
com.mgz.cli.Afp2Xml
false
app
main
Afp2Xml.java
65
com.mgz.cli.Afp2Xml
false
GDD parameter type 0x0 is unknown.
GDD parameter type 0x0 is unknown.
37199
GDD_GraphicsDataDescriptor
Error at file offset 0x914F (GDD_GraphicsDataDescriptor): GDD parameter type 0x0 is unknown.
false
false
false
ABLTprsAAAAAAAAAAAAAAAAA
app
buildGDDParameter
GDD_Parameter.java
70
com.mgz.afp.goca.GDD_Parameter
false
app
decodeAFP
GDD_GraphicsDataDescriptor.java
50
com.mgz.afp.goca.GDD_GraphicsDataDescriptor
false
app
decodeAFP
IAFPDecodeableWriteable.java
64
com.mgz.afp.exceptions.IAFPDecodeableWriteable
false
app
parseNextSFFromBuffer
AFPParser.java
466
com.mgz.afp.parser.AFPParser
false
app
parseNextSF
AFPParser.java
382
com.mgz.afp.parser.AFPParser
false
app
convertToXml
Afp2Xml.java
469
com.mgz.cli.Afp2Xml
false
app
execute
Afp2Xml.java
376
com.mgz.cli.Afp2Xml
false
app
main
Afp2Xml.java
65
com.mgz.cli.Afp2Xml
false
GDD parameter type 0x0 is unknown.
GDD parameter type 0x0 is unknown.
37218
GDD_GraphicsDataDescriptor
Error at file offset 0x9162 (GDD_GraphicsDataDescriptor): GDD parameter type 0x0 is unknown.
false
false
false
ABLTprsAAAAAAAAAAAAAAAAA
app
buildGDDParameter
GDD_Parameter.java
70
com.mgz.afp.goca.GDD_Parameter
false
app
decodeAFP
GDD_GraphicsDataDescriptor.java
50
com.mgz.afp.goca.GDD_GraphicsDataDescriptor
false
app
decodeAFP
IAFPDecodeableWriteable.java
64
com.mgz.afp.exceptions.IAFPDecodeableWriteable
false
app
parseNextSFFromBuffer
AFPParser.java
466
com.mgz.afp.parser.AFPParser
false
app
parseNextSF
AFPParser.java
382
com.mgz.afp.parser.AFPParser
false
app
convertToXml
Afp2Xml.java
469
com.mgz.cli.Afp2Xml
false
app
execute
Afp2Xml.java
376
com.mgz.cli.Afp2Xml
false
app
main
Afp2Xml.java
65
com.mgz.cli.Afp2Xml
false
GDD parameter type 0x0 is unknown.
GDD parameter type 0x0 is unknown.
37237
GDD_GraphicsDataDescriptor
Error at file offset 0x9175 (GDD_GraphicsDataDescriptor): GDD parameter type 0x0 is unknown.
false
false
false
ABLTprsAAAAAAAAAAAAAAAAA
app
buildGDDParameter
GDD_Parameter.java
70
com.mgz.afp.goca.GDD_Parameter
false
app
decodeAFP
GDD_GraphicsDataDescriptor.java
50
com.mgz.afp.goca.GDD_GraphicsDataDescriptor
false
app
decodeAFP
IAFPDecodeableWriteable.java
64
com.mgz.afp.exceptions.IAFPDecodeableWriteable
false
app
parseNextSFFromBuffer
AFPParser.java
466
com.mgz.afp.parser.AFPParser
false
app
parseNextSF
AFPParser.java
382
com.mgz.afp.parser.AFPParser
false
app
convertToXml
Afp2Xml.java
469
com.mgz.cli.Afp2Xml
false
app
execute
Afp2Xml.java
376
com.mgz.cli.Afp2Xml
false
app
main
Afp2Xml.java
65
com.mgz.cli.Afp2Xml
false
GDD parameter type 0x0 is unknown.
GDD parameter type 0x0 is unknown.
37256
GDD_GraphicsDataDescriptor
Error at file offset 0x9188 (GDD_GraphicsDataDescriptor): GDD parameter type 0x0 is unknown.
false
false
false
4
Undefined
AAAAAA==
app
parseTriplet
TripletParser.java
205
com.mgz.afp.parser.TripletParser
false
app
parseTriplets
TripletParser.java
133
com.mgz.afp.parser.TripletParser
false
app
decodeAFP
StructuredFieldBaseTriplets.java
84
com.mgz.afp.base.StructuredFieldBaseTriplets
false
app
decodeAFP
IPS_IncludePageSegment.java
59
com.mgz.afp.modca.IPS_IncludePageSegment
false
app
decodeAFP
IAFPDecodeableWriteable.java
64
com.mgz.afp.exceptions.IAFPDecodeableWriteable
false
app
parseNextSFFromBuffer
AFPParser.java
466
com.mgz.afp.parser.AFPParser
false
app
parseNextSF
AFPParser.java
382
com.mgz.afp.parser.AFPParser
false
app
convertToXml
Afp2Xml.java
469
com.mgz.cli.Afp2Xml
false
app
execute
Afp2Xml.java
376
com.mgz.cli.Afp2Xml
false
app
main
Afp2Xml.java
65
com.mgz.cli.Afp2Xml
false
Invalid triplet length: 0
Invalid triplet length: 0
4
Undefined
AAAAAA==
app
parseTriplet
TripletParser.java
205
com.mgz.afp.parser.TripletParser
false
app
parseTriplets
TripletParser.java
133
com.mgz.afp.parser.TripletParser
false
app
decodeAFP
StructuredFieldBaseTriplets.java
84
com.mgz.afp.base.StructuredFieldBaseTriplets
false
app
decodeAFP
IPS_IncludePageSegment.java
59
com.mgz.afp.modca.IPS_IncludePageSegment
false
app
decodeAFP
IAFPDecodeableWriteable.java
64
com.mgz.afp.exceptions.IAFPDecodeableWriteable
false
app
parseNextSFFromBuffer
AFPParser.java
466
com.mgz.afp.parser.AFPParser
false
app
parseNextSF
AFPParser.java
382
com.mgz.afp.parser.AFPParser
false
app
convertToXml
Afp2Xml.java
469
com.mgz.cli.Afp2Xml
false
app
execute
Afp2Xml.java
376
com.mgz.cli.Afp2Xml
false
app
main
Afp2Xml.java
65
com.mgz.cli.Afp2Xml
false
Invalid triplet length: 0
Invalid triplet length: 0
4
Undefined
AAAAAA==
app
parseTriplet
TripletParser.java
205
com.mgz.afp.parser.TripletParser
false
app
parseTriplets
TripletParser.java
133
com.mgz.afp.parser.TripletParser
false
app
decodeAFP
StructuredFieldBaseTriplets.java
84
com.mgz.afp.base.StructuredFieldBaseTriplets
false
app
decodeAFP
IPS_IncludePageSegment.java
59
com.mgz.afp.modca.IPS_IncludePageSegment
false
app
decodeAFP
IAFPDecodeableWriteable.java
64
com.mgz.afp.exceptions.IAFPDecodeableWriteable
false
app
parseNextSFFromBuffer
AFPParser.java
466
com.mgz.afp.parser.AFPParser
false
app
parseNextSF
AFPParser.java
382
com.mgz.afp.parser.AFPParser
false
app
convertToXml
Afp2Xml.java
469
com.mgz.cli.Afp2Xml
false
app
execute
Afp2Xml.java
376
com.mgz.cli.Afp2Xml
false
app
main
Afp2Xml.java
65
com.mgz.cli.Afp2Xml
false
Invalid triplet length: 0
Invalid triplet length: 0
4
Undefined
AAAAAA==
app
parseTriplet
TripletParser.java
205
com.mgz.afp.parser.TripletParser
false
app
parseTriplets
TripletParser.java
133
com.mgz.afp.parser.TripletParser
false
app
decodeAFP
StructuredFieldBaseTriplets.java
84
com.mgz.afp.base.StructuredFieldBaseTriplets
false
app
decodeAFP
IPS_IncludePageSegment.java
59
com.mgz.afp.modca.IPS_IncludePageSegment
false
app
decodeAFP
IAFPDecodeableWriteable.java
64
com.mgz.afp.exceptions.IAFPDecodeableWriteable
false
app
parseNextSFFromBuffer
AFPParser.java
466
com.mgz.afp.parser.AFPParser
false
app
parseNextSF
AFPParser.java
382
com.mgz.afp.parser.AFPParser
false
app
convertToXml
Afp2Xml.java
469
com.mgz.cli.Afp2Xml
false
app
execute
Afp2Xml.java
376
com.mgz.cli.Afp2Xml
false
app
main
Afp2Xml.java
65
com.mgz.cli.Afp2Xml
false
Invalid triplet length: 0
Invalid triplet length: 0
4
Undefined
AAAAAA==
app
parseTriplet
TripletParser.java
205
com.mgz.afp.parser.TripletParser
false
app
parseTriplets
TripletParser.java
133
com.mgz.afp.parser.TripletParser
false
app
decodeAFP
StructuredFieldBaseTriplets.java
84
com.mgz.afp.base.StructuredFieldBaseTriplets
false
app
decodeAFP
IPS_IncludePageSegment.java
59
com.mgz.afp.modca.IPS_IncludePageSegment
false
app
decodeAFP
IAFPDecodeableWriteable.java
64
com.mgz.afp.exceptions.IAFPDecodeableWriteable
false
app
parseNextSFFromBuffer
AFPParser.java
466
com.mgz.afp.parser.AFPParser
false
app
parseNextSF
AFPParser.java
382
com.mgz.afp.parser.AFPParser
false
app
convertToXml
Afp2Xml.java
469
com.mgz.cli.Afp2Xml
false
app
execute
Afp2Xml.java
376
com.mgz.cli.Afp2Xml
false
app
main
Afp2Xml.java
65
com.mgz.cli.Afp2Xml
false
Invalid triplet length: 0
Invalid triplet length: 0
4
Undefined
AAAAAA==
app
parseTriplet
TripletParser.java
205
com.mgz.afp.parser.TripletParser
false
app
parseTriplets
TripletParser.java
133
com.mgz.afp.parser.TripletParser
false
app
decodeAFP
StructuredFieldBaseTriplets.java
84
com.mgz.afp.base.StructuredFieldBaseTriplets
false
app
decodeAFP
IPS_IncludePageSegment.java
59
com.mgz.afp.modca.IPS_IncludePageSegment
false
app
decodeAFP
IAFPDecodeableWriteable.java
64
com.mgz.afp.exceptions.IAFPDecodeableWriteable
false
app
parseNextSFFromBuffer
AFPParser.java
466
com.mgz.afp.parser.AFPParser
false
app
parseNextSF
AFPParser.java
382
com.mgz.afp.parser.AFPParser
false
app
convertToXml
Afp2Xml.java
469
com.mgz.cli.Afp2Xml
false
app
execute
Afp2Xml.java
376
com.mgz.cli.Afp2Xml
false
app
main
Afp2Xml.java
65
com.mgz.cli.Afp2Xml
false
Invalid triplet length: 0
Invalid triplet length: 0
4
Undefined
AAAAAA==
app
parseTriplet
TripletParser.java
205
com.mgz.afp.parser.TripletParser
false
app
parseTriplets
TripletParser.java
133
com.mgz.afp.parser.TripletParser
false
app
decodeAFP
StructuredFieldBaseTriplets.java
84
com.mgz.afp.base.StructuredFieldBaseTriplets
false
app
decodeAFP
IPS_IncludePageSegment.java
59
com.mgz.afp.modca.IPS_IncludePageSegment
false
app
decodeAFP
IAFPDecodeableWriteable.java
64
com.mgz.afp.exceptions.IAFPDecodeableWriteable
false
app
parseNextSFFromBuffer
AFPParser.java
466
com.mgz.afp.parser.AFPParser
false
app
parseNextSF
AFPParser.java
382
com.mgz.afp.parser.AFPParser
false
app
convertToXml
Afp2Xml.java
469
com.mgz.cli.Afp2Xml
false
app
execute
Afp2Xml.java
376
com.mgz.cli.Afp2Xml
false
app
main
Afp2Xml.java
65
com.mgz.cli.Afp2Xml
false
Invalid triplet length: 0
Invalid triplet length: 0
4
Undefined
AAAAAA==
app
parseTriplet
TripletParser.java
205
com.mgz.afp.parser.TripletParser
false
app
parseTriplets
TripletParser.java
133
com.mgz.afp.parser.TripletParser
false
app
decodeAFP
StructuredFieldBaseTriplets.java
84
com.mgz.afp.base.StructuredFieldBaseTriplets
false
app
decodeAFP
IPS_IncludePageSegment.java
59
com.mgz.afp.modca.IPS_IncludePageSegment
false
app
decodeAFP
IAFPDecodeableWriteable.java
64
com.mgz.afp.exceptions.IAFPDecodeableWriteable
false
app
parseNextSFFromBuffer
AFPParser.java
466
com.mgz.afp.parser.AFPParser
false
app
parseNextSF
AFPParser.java
382
com.mgz.afp.parser.AFPParser
false
app
convertToXml
Afp2Xml.java
469
com.mgz.cli.Afp2Xml
false
app
execute
Afp2Xml.java
376
com.mgz.cli.Afp2Xml
false
app
main
Afp2Xml.java
65
com.mgz.cli.Afp2Xml
false
Invalid triplet length: 0
Invalid triplet length: 0
4
Undefined
AAAAAA==
app
parseTriplet
TripletParser.java
205
com.mgz.afp.parser.TripletParser
false
app
parseTriplets
TripletParser.java
133
com.mgz.afp.parser.TripletParser
false
app
decodeAFP
StructuredFieldBaseTriplets.java
84
com.mgz.afp.base.StructuredFieldBaseTriplets
false
app
decodeAFP
IPS_IncludePageSegment.java
59
com.mgz.afp.modca.IPS_IncludePageSegment
false
app
decodeAFP
IAFPDecodeableWriteable.java
64
com.mgz.afp.exceptions.IAFPDecodeableWriteable
false
app
parseNextSFFromBuffer
AFPParser.java
466
com.mgz.afp.parser.AFPParser
false
app
parseNextSF
AFPParser.java
382
com.mgz.afp.parser.AFPParser
false
app
convertToXml
Afp2Xml.java
469
com.mgz.cli.Afp2Xml
false
app
execute
Afp2Xml.java
376
com.mgz.cli.Afp2Xml
false
app
main
Afp2Xml.java
65
com.mgz.cli.Afp2Xml
false
Invalid triplet length: 0
Invalid triplet length: 0
4
Undefined
AAAAAA==
app
parseTriplet
TripletParser.java
205
com.mgz.afp.parser.TripletParser
false
app
parseTriplets
TripletParser.java
133
com.mgz.afp.parser.TripletParser
false
app
decodeAFP
StructuredFieldBaseTriplets.java
84
com.mgz.afp.base.StructuredFieldBaseTriplets
false
app
decodeAFP
IPS_IncludePageSegment.java
59
com.mgz.afp.modca.IPS_IncludePageSegment
false
app
decodeAFP
IAFPDecodeableWriteable.java
64
com.mgz.afp.exceptions.IAFPDecodeableWriteable
false
app
parseNextSFFromBuffer
AFPParser.java
466
com.mgz.afp.parser.AFPParser
false
app
parseNextSF
AFPParser.java
382
com.mgz.afp.parser.AFPParser
false
app
convertToXml
Afp2Xml.java
469
com.mgz.cli.Afp2Xml
false
app
execute
Afp2Xml.java
376
com.mgz.cli.Afp2Xml
false
app
main
Afp2Xml.java
65
com.mgz.cli.Afp2Xml
false
Invalid triplet length: 0
Invalid triplet length: 0
4
Undefined
AAAAAA==
app
parseTriplet
TripletParser.java
205
com.mgz.afp.parser.TripletParser
false
app
parseTriplets
TripletParser.java
133
com.mgz.afp.parser.TripletParser
false
app
decodeAFP
StructuredFieldBaseTriplets.java
84
com.mgz.afp.base.StructuredFieldBaseTriplets
false
app
decodeAFP
IPS_IncludePageSegment.java
59
com.mgz.afp.modca.IPS_IncludePageSegment
false
app
decodeAFP
IAFPDecodeableWriteable.java
64
com.mgz.afp.exceptions.IAFPDecodeableWriteable
false
app
parseNextSFFromBuffer
AFPParser.java
466
com.mgz.afp.parser.AFPParser
false
app
parseNextSF
AFPParser.java
382
com.mgz.afp.parser.AFPParser
false
app
convertToXml
Afp2Xml.java
469
com.mgz.cli.Afp2Xml
false
app
execute
Afp2Xml.java
376
com.mgz.cli.Afp2Xml
false
app
main
Afp2Xml.java
65
com.mgz.cli.Afp2Xml
false
Invalid triplet length: 0
Invalid triplet length: 0
4
Undefined
AAAAAA==
app
parseTriplet
TripletParser.java
205
com.mgz.afp.parser.TripletParser
false
app
parseTriplets
TripletParser.java
133
com.mgz.afp.parser.TripletParser
false
app
decodeAFP
StructuredFieldBaseTriplets.java
84
com.mgz.afp.base.StructuredFieldBaseTriplets
false
app
decodeAFP
IPS_IncludePageSegment.java
59
com.mgz.afp.modca.IPS_IncludePageSegment
false
app
decodeAFP
IAFPDecodeableWriteable.java
64
com.mgz.afp.exceptions.IAFPDecodeableWriteable
false
app
parseNextSFFromBuffer
AFPParser.java
466
com.mgz.afp.parser.AFPParser
false
app
parseNextSF
AFPParser.java
382
com.mgz.afp.parser.AFPParser
false
app
convertToXml
Afp2Xml.java
469
com.mgz.cli.Afp2Xml
false
app
execute
Afp2Xml.java
376
com.mgz.cli.Afp2Xml
false
app
main
Afp2Xml.java
65
com.mgz.cli.Afp2Xml
false
Invalid triplet length: 0
Invalid triplet length: 0
4
Undefined
AAAAAA==
app
parseTriplet
TripletParser.java
205
com.mgz.afp.parser.TripletParser
false
app
parseTriplets
TripletParser.java
133
com.mgz.afp.parser.TripletParser
false
app
decodeAFP
StructuredFieldBaseTriplets.java
84
com.mgz.afp.base.StructuredFieldBaseTriplets
false
app
decodeAFP
IPS_IncludePageSegment.java
59
com.mgz.afp.modca.IPS_IncludePageSegment
false
app
decodeAFP
IAFPDecodeableWriteable.java
64
com.mgz.afp.exceptions.IAFPDecodeableWriteable
false
app
parseNextSFFromBuffer
AFPParser.java
466
com.mgz.afp.parser.AFPParser
false
app
parseNextSF
AFPParser.java
382
com.mgz.afp.parser.AFPParser
false
app
convertToXml
Afp2Xml.java
469
com.mgz.cli.Afp2Xml
false
app
execute
Afp2Xml.java
376
com.mgz.cli.Afp2Xml
false
app
main
Afp2Xml.java
65
com.mgz.cli.Afp2Xml
false
Invalid triplet length: 0
Invalid triplet length: 0
4
Undefined
AAAAAA==
app
parseTriplet
TripletParser.java
205
com.mgz.afp.parser.TripletParser
false
app
parseTriplets
TripletParser.java
133
com.mgz.afp.parser.TripletParser
false
app
decodeAFP
StructuredFieldBaseTriplets.java
84
com.mgz.afp.base.StructuredFieldBaseTriplets
false
app
decodeAFP
IPS_IncludePageSegment.java
59
com.mgz.afp.modca.IPS_IncludePageSegment
false
app
decodeAFP
IAFPDecodeableWriteable.java
64
com.mgz.afp.exceptions.IAFPDecodeableWriteable
false
app
parseNextSFFromBuffer
AFPParser.java
466
com.mgz.afp.parser.AFPParser
false
app
parseNextSF
AFPParser.java
382
com.mgz.afp.parser.AFPParser
false
app
convertToXml
Afp2Xml.java
469
com.mgz.cli.Afp2Xml
false
app
execute
Afp2Xml.java
376
com.mgz.cli.Afp2Xml
false
app
main
Afp2Xml.java
65
com.mgz.cli.Afp2Xml
false
Invalid triplet length: 0
Invalid triplet length: 0
4
Undefined
AAAAAA==
app
parseTriplet
TripletParser.java
205
com.mgz.afp.parser.TripletParser
false
app
parseTriplets
TripletParser.java
133
com.mgz.afp.parser.TripletParser
false
app
decodeAFP
StructuredFieldBaseTriplets.java
84
com.mgz.afp.base.StructuredFieldBaseTriplets
false
app
decodeAFP
IPS_IncludePageSegment.java
59
com.mgz.afp.modca.IPS_IncludePageSegment
false
app
decodeAFP
IAFPDecodeableWriteable.java
64
com.mgz.afp.exceptions.IAFPDecodeableWriteable
false
app
parseNextSFFromBuffer
AFPParser.java
466
com.mgz.afp.parser.AFPParser
false
app
parseNextSF
AFPParser.java
382
com.mgz.afp.parser.AFPParser
false
app
convertToXml
Afp2Xml.java
469
com.mgz.cli.Afp2Xml
false
app
execute
Afp2Xml.java
376
com.mgz.cli.Afp2Xml
false
app
main
Afp2Xml.java
65
com.mgz.cli.Afp2Xml
false
Invalid triplet length: 0
Invalid triplet length: 0
4
Undefined
AAAAAA==
app
parseTriplet
TripletParser.java
205
com.mgz.afp.parser.TripletParser
false
app
parseTriplets
TripletParser.java
133
com.mgz.afp.parser.TripletParser
false
app
decodeAFP
StructuredFieldBaseTriplets.java
84
com.mgz.afp.base.StructuredFieldBaseTriplets
false
app
decodeAFP
IPS_IncludePageSegment.java
59
com.mgz.afp.modca.IPS_IncludePageSegment
false
app
decodeAFP
IAFPDecodeableWriteable.java
64
com.mgz.afp.exceptions.IAFPDecodeableWriteable
false
app
parseNextSFFromBuffer
AFPParser.java
466
com.mgz.afp.parser.AFPParser
false
app
parseNextSF
AFPParser.java
382
com.mgz.afp.parser.AFPParser
false
app
convertToXml
Afp2Xml.java
469
com.mgz.cli.Afp2Xml
false
app
execute
Afp2Xml.java
376
com.mgz.cli.Afp2Xml
false
app
main
Afp2Xml.java
65
com.mgz.cli.Afp2Xml
false
Invalid triplet length: 0
Invalid triplet length: 0
4
Undefined
AAAAAA==
app
parseTriplet
TripletParser.java
205
com.mgz.afp.parser.TripletParser
false
app
parseTriplets
TripletParser.java
133
com.mgz.afp.parser.TripletParser
false
app
decodeAFP
StructuredFieldBaseTriplets.java
84
com.mgz.afp.base.StructuredFieldBaseTriplets
false
app
decodeAFP
IPS_IncludePageSegment.java
59
com.mgz.afp.modca.IPS_IncludePageSegment
false
app
decodeAFP
IAFPDecodeableWriteable.java
64
com.mgz.afp.exceptions.IAFPDecodeableWriteable
false
app
parseNextSFFromBuffer
AFPParser.java
466
com.mgz.afp.parser.AFPParser
false
app
parseNextSF
AFPParser.java
382
com.mgz.afp.parser.AFPParser
false
app
convertToXml
Afp2Xml.java
469
com.mgz.cli.Afp2Xml
false
app
execute
Afp2Xml.java
376
com.mgz.cli.Afp2Xml
false
app
main
Afp2Xml.java
65
com.mgz.cli.Afp2Xml
false
Invalid triplet length: 0
Invalid triplet length: 0
4
Undefined
AAAAAA==
app
parseTriplet
TripletParser.java
205
com.mgz.afp.parser.TripletParser
false
app
parseTriplets
TripletParser.java
133
com.mgz.afp.parser.TripletParser
false
app
decodeAFP
StructuredFieldBaseTriplets.java
84
com.mgz.afp.base.StructuredFieldBaseTriplets
false
app
decodeAFP
IPS_IncludePageSegment.java
59
com.mgz.afp.modca.IPS_IncludePageSegment
false
app
decodeAFP
IAFPDecodeableWriteable.java
64
com.mgz.afp.exceptions.IAFPDecodeableWriteable
false
app
parseNextSFFromBuffer
AFPParser.java
466
com.mgz.afp.parser.AFPParser
false
app
parseNextSF
AFPParser.java
382
com.mgz.afp.parser.AFPParser
false
app
convertToXml
Afp2Xml.java
469
com.mgz.cli.Afp2Xml
false
app
execute
Afp2Xml.java
376
com.mgz.cli.Afp2Xml
false
app
main
Afp2Xml.java
65
com.mgz.cli.Afp2Xml
false
Invalid triplet length: 0
Invalid triplet length: 0
4
Undefined
AAAAAA==
app
parseTriplet
TripletParser.java
205
com.mgz.afp.parser.TripletParser
false
app
parseTriplets
TripletParser.java
133
com.mgz.afp.parser.TripletParser
false
app
decodeAFP
StructuredFieldBaseTriplets.java
84
com.mgz.afp.base.StructuredFieldBaseTriplets
false
app
decodeAFP
IPS_IncludePageSegment.java
59
com.mgz.afp.modca.IPS_IncludePageSegment
false
app
decodeAFP
IAFPDecodeableWriteable.java
64
com.mgz.afp.exceptions.IAFPDecodeableWriteable
false
app
parseNextSFFromBuffer
AFPParser.java
466
com.mgz.afp.parser.AFPParser
false
app
parseNextSF
AFPParser.java
382
com.mgz.afp.parser.AFPParser
false
app
convertToXml
Afp2Xml.java
469
com.mgz.cli.Afp2Xml
false
app
execute
Afp2Xml.java
376
com.mgz.cli.Afp2Xml
false
app
main
Afp2Xml.java
65
com.mgz.cli.Afp2Xml
false
Invalid triplet length: 0
Invalid triplet length: 0
4
Undefined
AAAAAA==
app
parseTriplet
TripletParser.java
205
com.mgz.afp.parser.TripletParser
false
app
parseTriplets
TripletParser.java
133
com.mgz.afp.parser.TripletParser
false
app
decodeAFP
StructuredFieldBaseTriplets.java
84
com.mgz.afp.base.StructuredFieldBaseTriplets
false
app
decodeAFP
IPS_IncludePageSegment.java
59
com.mgz.afp.modca.IPS_IncludePageSegment
false
app
decodeAFP
IAFPDecodeableWriteable.java
64
com.mgz.afp.exceptions.IAFPDecodeableWriteable
false
app
parseNextSFFromBuffer
AFPParser.java
466
com.mgz.afp.parser.AFPParser
false
app
parseNextSF
AFPParser.java
382
com.mgz.afp.parser.AFPParser
false
app
convertToXml
Afp2Xml.java
469
com.mgz.cli.Afp2Xml
false
app
execute
Afp2Xml.java
376
com.mgz.cli.Afp2Xml
false
app
main
Afp2Xml.java
65
com.mgz.cli.Afp2Xml
false
Invalid triplet length: 0
Invalid triplet length: 0
4
Undefined
AAAAAA==
app
parseTriplet
TripletParser.java
205
com.mgz.afp.parser.TripletParser
false
app
parseTriplets
TripletParser.java
133
com.mgz.afp.parser.TripletParser
false
app
decodeAFP
StructuredFieldBaseTriplets.java
84
com.mgz.afp.base.StructuredFieldBaseTriplets
false
app
decodeAFP
IPS_IncludePageSegment.java
59
com.mgz.afp.modca.IPS_IncludePageSegment
false
app
decodeAFP
IAFPDecodeableWriteable.java
64
com.mgz.afp.exceptions.IAFPDecodeableWriteable
false
app
parseNextSFFromBuffer
AFPParser.java
466
com.mgz.afp.parser.AFPParser
false
app
parseNextSF
AFPParser.java
382
com.mgz.afp.parser.AFPParser
false
app
convertToXml
Afp2Xml.java
469
com.mgz.cli.Afp2Xml
false
app
execute
Afp2Xml.java
376
com.mgz.cli.Afp2Xml
false
app
main
Afp2Xml.java
65
com.mgz.cli.Afp2Xml
false
Invalid triplet length: 0
Invalid triplet length: 0
4
Undefined
AAAAAA==
app
parseTriplet
TripletParser.java
205
com.mgz.afp.parser.TripletParser
false
app
parseTriplets
TripletParser.java
133
com.mgz.afp.parser.TripletParser
false
app
decodeAFP
StructuredFieldBaseTriplets.java
84
com.mgz.afp.base.StructuredFieldBaseTriplets
false
app
decodeAFP
IPS_IncludePageSegment.java
59
com.mgz.afp.modca.IPS_IncludePageSegment
false
app
decodeAFP
IAFPDecodeableWriteable.java
64
com.mgz.afp.exceptions.IAFPDecodeableWriteable
false
app
parseNextSFFromBuffer
AFPParser.java
466
com.mgz.afp.parser.AFPParser
false
app
parseNextSF
AFPParser.java
382
com.mgz.afp.parser.AFPParser
false
app
convertToXml
Afp2Xml.java
469
com.mgz.cli.Afp2Xml
false
app
execute
Afp2Xml.java
376
com.mgz.cli.Afp2Xml
false
app
main
Afp2Xml.java
65
com.mgz.cli.Afp2Xml
false
Invalid triplet length: 0
Invalid triplet length: 0
4
Undefined
AAAAAA==
app
parseTriplet
TripletParser.java
205
com.mgz.afp.parser.TripletParser
false
app
parseTriplets
TripletParser.java
133
com.mgz.afp.parser.TripletParser
false
app
decodeAFP
StructuredFieldBaseTriplets.java
84
com.mgz.afp.base.StructuredFieldBaseTriplets
false
app
decodeAFP
IPS_IncludePageSegment.java
59
com.mgz.afp.modca.IPS_IncludePageSegment
false
app
decodeAFP
IAFPDecodeableWriteable.java
64
com.mgz.afp.exceptions.IAFPDecodeableWriteable
false
app
parseNextSFFromBuffer
AFPParser.java
466
com.mgz.afp.parser.AFPParser
false
app
parseNextSF
AFPParser.java
382
com.mgz.afp.parser.AFPParser
false
app
convertToXml
Afp2Xml.java
469
com.mgz.cli.Afp2Xml
false
app
execute
Afp2Xml.java
376
com.mgz.cli.Afp2Xml
false
app
main
Afp2Xml.java
65
com.mgz.cli.Afp2Xml
false
Invalid triplet length: 0
Invalid triplet length: 0
4
Undefined
AAAAAA==
app
parseTriplet
TripletParser.java
205
com.mgz.afp.parser.TripletParser
false
app
parseTriplets
TripletParser.java
133
com.mgz.afp.parser.TripletParser
false
app
decodeAFP
StructuredFieldBaseTriplets.java
84
com.mgz.afp.base.StructuredFieldBaseTriplets
false
app
decodeAFP
IPS_IncludePageSegment.java
59
com.mgz.afp.modca.IPS_IncludePageSegment
false
app
decodeAFP
IAFPDecodeableWriteable.java
64
com.mgz.afp.exceptions.IAFPDecodeableWriteable
false
app
parseNextSFFromBuffer
AFPParser.java
466
com.mgz.afp.parser.AFPParser
false
app
parseNextSF
AFPParser.java
382
com.mgz.afp.parser.AFPParser
false
app
convertToXml
Afp2Xml.java
469
com.mgz.cli.Afp2Xml
false
app
execute
Afp2Xml.java
376
com.mgz.cli.Afp2Xml
false
app
main
Afp2Xml.java
65
com.mgz.cli.Afp2Xml
false
Invalid triplet length: 0
Invalid triplet length: 0
4
Undefined
AAAAAA==
app
parseTriplet
TripletParser.java
205
com.mgz.afp.parser.TripletParser
false
app
parseTriplets
TripletParser.java
133
com.mgz.afp.parser.TripletParser
false
app
decodeAFP
StructuredFieldBaseTriplets.java
84
com.mgz.afp.base.StructuredFieldBaseTriplets
false
app
decodeAFP
IPS_IncludePageSegment.java
59
com.mgz.afp.modca.IPS_IncludePageSegment
false
app
decodeAFP
IAFPDecodeableWriteable.java
64
com.mgz.afp.exceptions.IAFPDecodeableWriteable
false
app
parseNextSFFromBuffer
AFPParser.java
466
com.mgz.afp.parser.AFPParser
false
app
parseNextSF
AFPParser.java
382
com.mgz.afp.parser.AFPParser
false
app
convertToXml
Afp2Xml.java
469
com.mgz.cli.Afp2Xml
false
app
execute
Afp2Xml.java
376
com.mgz.cli.Afp2Xml
false
app
main
Afp2Xml.java
65
com.mgz.cli.Afp2Xml
false
Invalid triplet length: 0
Invalid triplet length: 0
4
Undefined
AAAAAA==
app
parseTriplet
TripletParser.java
205
com.mgz.afp.parser.TripletParser
false
app
parseTriplets
TripletParser.java
133
com.mgz.afp.parser.TripletParser
false
app
decodeAFP
StructuredFieldBaseTriplets.java
84
com.mgz.afp.base.StructuredFieldBaseTriplets
false
app
decodeAFP
IPS_IncludePageSegment.java
59
com.mgz.afp.modca.IPS_IncludePageSegment
false
app
decodeAFP
IAFPDecodeableWriteable.java
64
com.mgz.afp.exceptions.IAFPDecodeableWriteable
false
app
parseNextSFFromBuffer
AFPParser.java
466
com.mgz.afp.parser.AFPParser
false
app
parseNextSF
AFPParser.java
382
com.mgz.afp.parser.AFPParser
false
app
convertToXml
Afp2Xml.java
469
com.mgz.cli.Afp2Xml
false
app
execute
Afp2Xml.java
376
com.mgz.cli.Afp2Xml
false
app
main
Afp2Xml.java
65
com.mgz.cli.Afp2Xml
false
Invalid triplet length: 0
Invalid triplet length: 0
4
Undefined
AAAAAA==
app
parseTriplet
TripletParser.java
205
com.mgz.afp.parser.TripletParser
false
app
parseTriplets
TripletParser.java
133
com.mgz.afp.parser.TripletParser
false
app
decodeAFP
StructuredFieldBaseTriplets.java
84
com.mgz.afp.base.StructuredFieldBaseTriplets
false
app
decodeAFP
IPS_IncludePageSegment.java
59
com.mgz.afp.modca.IPS_IncludePageSegment
false
app
decodeAFP
IAFPDecodeableWriteable.java
64
com.mgz.afp.exceptions.IAFPDecodeableWriteable
false
app
parseNextSFFromBuffer
AFPParser.java
466
com.mgz.afp.parser.AFPParser
false
app
parseNextSF
AFPParser.java
382
com.mgz.afp.parser.AFPParser
false
app
convertToXml
Afp2Xml.java
469
com.mgz.cli.Afp2Xml
false
app
execute
Afp2Xml.java
376
com.mgz.cli.Afp2Xml
false
app
main
Afp2Xml.java
65
com.mgz.cli.Afp2Xml
false
Invalid triplet length: 0
Invalid triplet length: 0
4
Undefined
AAAAAA==
app
parseTriplet
TripletParser.java
205
com.mgz.afp.parser.TripletParser
false
app
parseTriplets
TripletParser.java
133
com.mgz.afp.parser.TripletParser
false
app
decodeAFP
StructuredFieldBaseTriplets.java
84
com.mgz.afp.base.StructuredFieldBaseTriplets
false
app
decodeAFP
IPS_IncludePageSegment.java
59
com.mgz.afp.modca.IPS_IncludePageSegment
false
app
decodeAFP
IAFPDecodeableWriteable.java
64
com.mgz.afp.exceptions.IAFPDecodeableWriteable
false
app
parseNextSFFromBuffer
AFPParser.java
466
com.mgz.afp.parser.AFPParser
false
app
parseNextSF
AFPParser.java
382
com.mgz.afp.parser.AFPParser
false
app
convertToXml
Afp2Xml.java
469
com.mgz.cli.Afp2Xml
false
app
execute
Afp2Xml.java
376
com.mgz.cli.Afp2Xml
false
app
main
Afp2Xml.java
65
com.mgz.cli.Afp2Xml
false
Invalid triplet length: 0
Invalid triplet length: 0
4
Undefined
AAAAAA==
app
parseTriplet
TripletParser.java
205
com.mgz.afp.parser.TripletParser
false
app
parseTriplets
TripletParser.java
133
com.mgz.afp.parser.TripletParser
false
app
decodeAFP
StructuredFieldBaseTriplets.java
84
com.mgz.afp.base.StructuredFieldBaseTriplets
false
app
decodeAFP
IPS_IncludePageSegment.java
59
com.mgz.afp.modca.IPS_IncludePageSegment
false
app
decodeAFP
IAFPDecodeableWriteable.java
64
com.mgz.afp.exceptions.IAFPDecodeableWriteable
false
app
parseNextSFFromBuffer
AFPParser.java
466
com.mgz.afp.parser.AFPParser
false
app
parseNextSF
AFPParser.java
382
com.mgz.afp.parser.AFPParser
false
app
convertToXml
Afp2Xml.java
469
com.mgz.cli.Afp2Xml
false
app
execute
Afp2Xml.java
376
com.mgz.cli.Afp2Xml
false
app
main
Afp2Xml.java
65
com.mgz.cli.Afp2Xml
false
Invalid triplet length: 0
Invalid triplet length: 0
4
Undefined
AAAAAA==
app
parseTriplet
TripletParser.java
205
com.mgz.afp.parser.TripletParser
false
app
parseTriplets
TripletParser.java
133
com.mgz.afp.parser.TripletParser
false
app
decodeAFP
StructuredFieldBaseTriplets.java
84
com.mgz.afp.base.StructuredFieldBaseTriplets
false
app
decodeAFP
IPS_IncludePageSegment.java
59
com.mgz.afp.modca.IPS_IncludePageSegment
false
app
decodeAFP
IAFPDecodeableWriteable.java
64
com.mgz.afp.exceptions.IAFPDecodeableWriteable
false
app
parseNextSFFromBuffer
AFPParser.java
466
com.mgz.afp.parser.AFPParser
false
app
parseNextSF
AFPParser.java
382
com.mgz.afp.parser.AFPParser
false
app
convertToXml
Afp2Xml.java
469
com.mgz.cli.Afp2Xml
false
app
execute
Afp2Xml.java
376
com.mgz.cli.Afp2Xml
false
app
main
Afp2Xml.java
65
com.mgz.cli.Afp2Xml
false
Invalid triplet length: 0
Invalid triplet length: 0
4
Undefined
AAAAAA==
app
parseTriplet
TripletParser.java
205
com.mgz.afp.parser.TripletParser
false
app
parseTriplets
TripletParser.java
133
com.mgz.afp.parser.TripletParser
false
app
decodeAFP
StructuredFieldBaseTriplets.java
84
com.mgz.afp.base.StructuredFieldBaseTriplets
false
app
decodeAFP
IPS_IncludePageSegment.java
59
com.mgz.afp.modca.IPS_IncludePageSegment
false
app
decodeAFP
IAFPDecodeableWriteable.java
64
com.mgz.afp.exceptions.IAFPDecodeableWriteable
false
app
parseNextSFFromBuffer
AFPParser.java
466
com.mgz.afp.parser.AFPParser
false
app
parseNextSF
AFPParser.java
382
com.mgz.afp.parser.AFPParser
false
app
convertToXml
Afp2Xml.java
469
com.mgz.cli.Afp2Xml
false
app
execute
Afp2Xml.java
376
com.mgz.cli.Afp2Xml
false
app
main
Afp2Xml.java
65
com.mgz.cli.Afp2Xml
false
Invalid triplet length: 0
Invalid triplet length: 0
4
Undefined
AAAAAA==
app
parseTriplet
TripletParser.java
205
com.mgz.afp.parser.TripletParser
false
app
parseTriplets
TripletParser.java
133
com.mgz.afp.parser.TripletParser
false
app
decodeAFP
StructuredFieldBaseTriplets.java
84
com.mgz.afp.base.StructuredFieldBaseTriplets
false
app
decodeAFP
IPS_IncludePageSegment.java
59
com.mgz.afp.modca.IPS_IncludePageSegment
false
app
decodeAFP
IAFPDecodeableWriteable.java
64
com.mgz.afp.exceptions.IAFPDecodeableWriteable
false
app
parseNextSFFromBuffer
AFPParser.java
466
com.mgz.afp.parser.AFPParser
false
app
parseNextSF
AFPParser.java
382
com.mgz.afp.parser.AFPParser
false
app
convertToXml
Afp2Xml.java
469
com.mgz.cli.Afp2Xml
false
app
execute
Afp2Xml.java
376
com.mgz.cli.Afp2Xml
false
app
main
Afp2Xml.java
65
com.mgz.cli.Afp2Xml
false
Invalid triplet length: 0
Invalid triplet length: 0
4
Undefined
AAAAAA==
app
parseTriplet
TripletParser.java
205
com.mgz.afp.parser.TripletParser
false
app
parseTriplets
TripletParser.java
133
com.mgz.afp.parser.TripletParser
false
app
decodeAFP
StructuredFieldBaseTriplets.java
84
com.mgz.afp.base.StructuredFieldBaseTriplets
false
app
decodeAFP
IPS_IncludePageSegment.java
59
com.mgz.afp.modca.IPS_IncludePageSegment
false
app
decodeAFP
IAFPDecodeableWriteable.java
64
com.mgz.afp.exceptions.IAFPDecodeableWriteable
false
app
parseNextSFFromBuffer
AFPParser.java
466
com.mgz.afp.parser.AFPParser
false
app
parseNextSF
AFPParser.java
382
com.mgz.afp.parser.AFPParser
false
app
convertToXml
Afp2Xml.java
469
com.mgz.cli.Afp2Xml
false
app
execute
Afp2Xml.java
376
com.mgz.cli.Afp2Xml
false
app
main
Afp2Xml.java
65
com.mgz.cli.Afp2Xml
false
Invalid triplet length: 0
Invalid triplet length: 0
4
Undefined
AAAAAA==
app
parseTriplet
TripletParser.java
205
com.mgz.afp.parser.TripletParser
false
app
parseTriplets
TripletParser.java
133
com.mgz.afp.parser.TripletParser
false
app
decodeAFP
StructuredFieldBaseTriplets.java
84
com.mgz.afp.base.StructuredFieldBaseTriplets
false
app
decodeAFP
IPS_IncludePageSegment.java
59
com.mgz.afp.modca.IPS_IncludePageSegment
false
app
decodeAFP
IAFPDecodeableWriteable.java
64
com.mgz.afp.exceptions.IAFPDecodeableWriteable
false
app
parseNextSFFromBuffer
AFPParser.java
466
com.mgz.afp.parser.AFPParser
false
app
parseNextSF
AFPParser.java
382
com.mgz.afp.parser.AFPParser
false
app
convertToXml
Afp2Xml.java
469
com.mgz.cli.Afp2Xml
false
app
execute
Afp2Xml.java
376
com.mgz.cli.Afp2Xml
false
app
main
Afp2Xml.java
65
com.mgz.cli.Afp2Xml
false
Invalid triplet length: 0
Invalid triplet length: 0
4
Undefined
AAAAAA==
app
parseTriplet
TripletParser.java
205
com.mgz.afp.parser.TripletParser
false
app
parseTriplets
TripletParser.java
133
com.mgz.afp.parser.TripletParser
false
app
decodeAFP
StructuredFieldBaseTriplets.java
84
com.mgz.afp.base.StructuredFieldBaseTriplets
false
app
decodeAFP
IPS_IncludePageSegment.java
59
com.mgz.afp.modca.IPS_IncludePageSegment
false
app
decodeAFP
IAFPDecodeableWriteable.java
64
com.mgz.afp.exceptions.IAFPDecodeableWriteable
false
app
parseNextSFFromBuffer
AFPParser.java
466
com.mgz.afp.parser.AFPParser
false
app
parseNextSF
AFPParser.java
382
com.mgz.afp.parser.AFPParser
false
app
convertToXml
Afp2Xml.java
469
com.mgz.cli.Afp2Xml
false
app
execute
Afp2Xml.java
376
com.mgz.cli.Afp2Xml
false
app
main
Afp2Xml.java
65
com.mgz.cli.Afp2Xml
false
Invalid triplet length: 0
Invalid triplet length: 0
4
Undefined
AAAAAA==
app
parseTriplet
TripletParser.java
205
com.mgz.afp.parser.TripletParser
false
app
parseTriplets
TripletParser.java
133
com.mgz.afp.parser.TripletParser
false
app
decodeAFP
StructuredFieldBaseTriplets.java
84
com.mgz.afp.base.StructuredFieldBaseTriplets
false
app
decodeAFP
IPS_IncludePageSegment.java
59
com.mgz.afp.modca.IPS_IncludePageSegment
false
app
decodeAFP
IAFPDecodeableWriteable.java
64
com.mgz.afp.exceptions.IAFPDecodeableWriteable
false
app
parseNextSFFromBuffer
AFPParser.java
466
com.mgz.afp.parser.AFPParser
false
app
parseNextSF
AFPParser.java
382
com.mgz.afp.parser.AFPParser
false
app
convertToXml
Afp2Xml.java
469
com.mgz.cli.Afp2Xml
false
app
execute
Afp2Xml.java
376
com.mgz.cli.Afp2Xml
false
app
main
Afp2Xml.java
65
com.mgz.cli.Afp2Xml
false
Invalid triplet length: 0
Invalid triplet length: 0
4
Undefined
AAAAAA==
app
parseTriplet
TripletParser.java
205
com.mgz.afp.parser.TripletParser
false
app
parseTriplets
TripletParser.java
133
com.mgz.afp.parser.TripletParser
false
app
decodeAFP
StructuredFieldBaseTriplets.java
84
com.mgz.afp.base.StructuredFieldBaseTriplets
false
app
decodeAFP
IPS_IncludePageSegment.java
59
com.mgz.afp.modca.IPS_IncludePageSegment
false
app
decodeAFP
IAFPDecodeableWriteable.java
64
com.mgz.afp.exceptions.IAFPDecodeableWriteable
false
app
parseNextSFFromBuffer
AFPParser.java
466
com.mgz.afp.parser.AFPParser
false
app
parseNextSF
AFPParser.java
382
com.mgz.afp.parser.AFPParser
false
app
convertToXml
Afp2Xml.java
469
com.mgz.cli.Afp2Xml
false
app
execute
Afp2Xml.java
376
com.mgz.cli.Afp2Xml
false
app
main
Afp2Xml.java
65
com.mgz.cli.Afp2Xml
false
Invalid triplet length: 0
Invalid triplet length: 0
4
Undefined
AAAAAA==
app
parseTriplet
TripletParser.java
205
com.mgz.afp.parser.TripletParser
false
app
parseTriplets
TripletParser.java
133
com.mgz.afp.parser.TripletParser
false
app
decodeAFP
StructuredFieldBaseTriplets.java
84
com.mgz.afp.base.StructuredFieldBaseTriplets
false
app
decodeAFP
IPS_IncludePageSegment.java
59
com.mgz.afp.modca.IPS_IncludePageSegment
false
app
decodeAFP
IAFPDecodeableWriteable.java
64
com.mgz.afp.exceptions.IAFPDecodeableWriteable
false
app
parseNextSFFromBuffer
AFPParser.java
466
com.mgz.afp.parser.AFPParser
false
app
parseNextSF
AFPParser.java
382
com.mgz.afp.parser.AFPParser
false
app
convertToXml
Afp2Xml.java
469
com.mgz.cli.Afp2Xml
false
app
execute
Afp2Xml.java
376
com.mgz.cli.Afp2Xml
false
app
main
Afp2Xml.java
65
com.mgz.cli.Afp2Xml
false
Invalid triplet length: 0
Invalid triplet length: 0
4
Undefined
AAAAAA==
app
parseTriplet
TripletParser.java
205
com.mgz.afp.parser.TripletParser
false
app
parseTriplets
TripletParser.java
133
com.mgz.afp.parser.TripletParser
false
app
decodeAFP
StructuredFieldBaseTriplets.java
84
com.mgz.afp.base.StructuredFieldBaseTriplets
false
app
decodeAFP
IPS_IncludePageSegment.java
59
com.mgz.afp.modca.IPS_IncludePageSegment
false
app
decodeAFP
IAFPDecodeableWriteable.java
64
com.mgz.afp.exceptions.IAFPDecodeableWriteable
false
app
parseNextSFFromBuffer
AFPParser.java
466
com.mgz.afp.parser.AFPParser
false
app
parseNextSF
AFPParser.java
382
com.mgz.afp.parser.AFPParser
false
app
convertToXml
Afp2Xml.java
469
com.mgz.cli.Afp2Xml
false
app
execute
Afp2Xml.java
376
com.mgz.cli.Afp2Xml
false
app
main
Afp2Xml.java
65
com.mgz.cli.Afp2Xml
false
Invalid triplet length: 0
Invalid triplet length: 0
4
Undefined
AAAAAA==
app
parseTriplet
TripletParser.java
205
com.mgz.afp.parser.TripletParser
false
app
parseTriplets
TripletParser.java
133
com.mgz.afp.parser.TripletParser
false
app
decodeAFP
StructuredFieldBaseTriplets.java
84
com.mgz.afp.base.StructuredFieldBaseTriplets
false
app
decodeAFP
IPS_IncludePageSegment.java
59
com.mgz.afp.modca.IPS_IncludePageSegment
false
app
decodeAFP
IAFPDecodeableWriteable.java
64
com.mgz.afp.exceptions.IAFPDecodeableWriteable
false
app
parseNextSFFromBuffer
AFPParser.java
466
com.mgz.afp.parser.AFPParser
false
app
parseNextSF
AFPParser.java
382
com.mgz.afp.parser.AFPParser
false
app
convertToXml
Afp2Xml.java
469
com.mgz.cli.Afp2Xml
false
app
execute
Afp2Xml.java
376
com.mgz.cli.Afp2Xml
false
app
main
Afp2Xml.java
65
com.mgz.cli.Afp2Xml
false
Invalid triplet length: 0
Invalid triplet length: 0
4
Undefined
AAAAAA==
app
parseTriplet
TripletParser.java
205
com.mgz.afp.parser.TripletParser
false
app
parseTriplets
TripletParser.java
133
com.mgz.afp.parser.TripletParser
false
app
decodeAFP
StructuredFieldBaseTriplets.java
84
com.mgz.afp.base.StructuredFieldBaseTriplets
false
app
decodeAFP
IPS_IncludePageSegment.java
59
com.mgz.afp.modca.IPS_IncludePageSegment
false
app
decodeAFP
IAFPDecodeableWriteable.java
64
com.mgz.afp.exceptions.IAFPDecodeableWriteable
false
app
parseNextSFFromBuffer
AFPParser.java
466
com.mgz.afp.parser.AFPParser
false
app
parseNextSF
AFPParser.java
382
com.mgz.afp.parser.AFPParser
false
app
convertToXml
Afp2Xml.java
469
com.mgz.cli.Afp2Xml
false
app
execute
Afp2Xml.java
376
com.mgz.cli.Afp2Xml
false
app
main
Afp2Xml.java
65
com.mgz.cli.Afp2Xml
false
Invalid triplet length: 0
Invalid triplet length: 0
4
Undefined
AAAAAA==
app
parseTriplet
TripletParser.java
205
com.mgz.afp.parser.TripletParser
false
app
parseTriplets
TripletParser.java
133
com.mgz.afp.parser.TripletParser
false
app
decodeAFP
StructuredFieldBaseTriplets.java
84
com.mgz.afp.base.StructuredFieldBaseTriplets
false
app
decodeAFP
IPS_IncludePageSegment.java
59
com.mgz.afp.modca.IPS_IncludePageSegment
false
app
decodeAFP
IAFPDecodeableWriteable.java
64
com.mgz.afp.exceptions.IAFPDecodeableWriteable
false
app
parseNextSFFromBuffer
AFPParser.java
466
com.mgz.afp.parser.AFPParser
false
app
parseNextSF
AFPParser.java
382
com.mgz.afp.parser.AFPParser
false
app
convertToXml
Afp2Xml.java
469
com.mgz.cli.Afp2Xml
false
app
execute
Afp2Xml.java
376
com.mgz.cli.Afp2Xml
false
app
main
Afp2Xml.java
65
com.mgz.cli.Afp2Xml
false
Invalid triplet length: 0
Invalid triplet length: 0
4
Undefined
AAAAAA==
app
parseTriplet
TripletParser.java
205
com.mgz.afp.parser.TripletParser
false
app
parseTriplets
TripletParser.java
133
com.mgz.afp.parser.TripletParser
false
app
decodeAFP
StructuredFieldBaseTriplets.java
84
com.mgz.afp.base.StructuredFieldBaseTriplets
false
app
decodeAFP
IPS_IncludePageSegment.java
59
com.mgz.afp.modca.IPS_IncludePageSegment
false
app
decodeAFP
IAFPDecodeableWriteable.java
64
com.mgz.afp.exceptions.IAFPDecodeableWriteable
false
app
parseNextSFFromBuffer
AFPParser.java
466
com.mgz.afp.parser.AFPParser
false
app
parseNextSF
AFPParser.java
382
com.mgz.afp.parser.AFPParser
false
app
convertToXml
Afp2Xml.java
469
com.mgz.cli.Afp2Xml
false
app
execute
Afp2Xml.java
376
com.mgz.cli.Afp2Xml
false
app
main
Afp2Xml.java
65
com.mgz.cli.Afp2Xml
false
Invalid triplet length: 0
Invalid triplet length: 0
4
Undefined
AAAAAA==
app
parseTriplet
TripletParser.java
205
com.mgz.afp.parser.TripletParser
false
app
parseTriplets
TripletParser.java
133
com.mgz.afp.parser.TripletParser
false
app
decodeAFP
StructuredFieldBaseTriplets.java
84
com.mgz.afp.base.StructuredFieldBaseTriplets
false
app
decodeAFP
IPS_IncludePageSegment.java
59
com.mgz.afp.modca.IPS_IncludePageSegment
false
app
decodeAFP
IAFPDecodeableWriteable.java
64
com.mgz.afp.exceptions.IAFPDecodeableWriteable
false
app
parseNextSFFromBuffer
AFPParser.java
466
com.mgz.afp.parser.AFPParser
false
app
parseNextSF
AFPParser.java
382
com.mgz.afp.parser.AFPParser
false
app
convertToXml
Afp2Xml.java
469
com.mgz.cli.Afp2Xml
false
app
execute
Afp2Xml.java
376
com.mgz.cli.Afp2Xml
false
app
main
Afp2Xml.java
65
com.mgz.cli.Afp2Xml
false
Invalid triplet length: 0
Invalid triplet length: 0
4
Undefined
AAAAAA==
app
parseTriplet
TripletParser.java
205
com.mgz.afp.parser.TripletParser
false
app
parseTriplets
TripletParser.java
133
com.mgz.afp.parser.TripletParser
false
app
decodeAFP
StructuredFieldBaseTriplets.java
84
com.mgz.afp.base.StructuredFieldBaseTriplets
false
app
decodeAFP
IPS_IncludePageSegment.java
59
com.mgz.afp.modca.IPS_IncludePageSegment
false
app
decodeAFP
IAFPDecodeableWriteable.java
64
com.mgz.afp.exceptions.IAFPDecodeableWriteable
false
app
parseNextSFFromBuffer
AFPParser.java
466
com.mgz.afp.parser.AFPParser
false
app
parseNextSF
AFPParser.java
382
com.mgz.afp.parser.AFPParser
false
app
convertToXml
Afp2Xml.java
469
com.mgz.cli.Afp2Xml
false
app
execute
Afp2Xml.java
376
com.mgz.cli.Afp2Xml
false
app
main
Afp2Xml.java
65
com.mgz.cli.Afp2Xml
false
Invalid triplet length: 0
Invalid triplet length: 0
4
Undefined
AAAAAA==
app
parseTriplet
TripletParser.java
205
com.mgz.afp.parser.TripletParser
false
app
parseTriplets
TripletParser.java
133
com.mgz.afp.parser.TripletParser
false
app
decodeAFP
StructuredFieldBaseTriplets.java
84
com.mgz.afp.base.StructuredFieldBaseTriplets
false
app
decodeAFP
IPS_IncludePageSegment.java
59
com.mgz.afp.modca.IPS_IncludePageSegment
false
app
decodeAFP
IAFPDecodeableWriteable.java
64
com.mgz.afp.exceptions.IAFPDecodeableWriteable
false
app
parseNextSFFromBuffer
AFPParser.java
466
com.mgz.afp.parser.AFPParser
false
app
parseNextSF
AFPParser.java
382
com.mgz.afp.parser.AFPParser
false
app
convertToXml
Afp2Xml.java
469
com.mgz.cli.Afp2Xml
false
app
execute
Afp2Xml.java
376
com.mgz.cli.Afp2Xml
false
app
main
Afp2Xml.java
65
com.mgz.cli.Afp2Xml
false
Invalid triplet length: 0
Invalid triplet length: 0
4
Undefined
AAAAAA==
app
parseTriplet
TripletParser.java
205
com.mgz.afp.parser.TripletParser
false
app
parseTriplets
TripletParser.java
133
com.mgz.afp.parser.TripletParser
false
app
decodeAFP
StructuredFieldBaseTriplets.java
84
com.mgz.afp.base.StructuredFieldBaseTriplets
false
app
decodeAFP
IPS_IncludePageSegment.java
59
com.mgz.afp.modca.IPS_IncludePageSegment
false
app
decodeAFP
IAFPDecodeableWriteable.java
64
com.mgz.afp.exceptions.IAFPDecodeableWriteable
false
app
parseNextSFFromBuffer
AFPParser.java
466
com.mgz.afp.parser.AFPParser
false
app
parseNextSF
AFPParser.java
382
com.mgz.afp.parser.AFPParser
false
app
convertToXml
Afp2Xml.java
469
com.mgz.cli.Afp2Xml
false
app
execute
Afp2Xml.java
376
com.mgz.cli.Afp2Xml
false
app
main
Afp2Xml.java
65
com.mgz.cli.Afp2Xml
false
Invalid triplet length: 0
Invalid triplet length: 0
4
Undefined
AAAAAA==
app
parseTriplet
TripletParser.java
205
com.mgz.afp.parser.TripletParser
false
app
parseTriplets
TripletParser.java
133
com.mgz.afp.parser.TripletParser
false
app
decodeAFP
StructuredFieldBaseTriplets.java
84
com.mgz.afp.base.StructuredFieldBaseTriplets
false
app
decodeAFP
IPS_IncludePageSegment.java
59
com.mgz.afp.modca.IPS_IncludePageSegment
false
app
decodeAFP
IAFPDecodeableWriteable.java
64
com.mgz.afp.exceptions.IAFPDecodeableWriteable
false
app
parseNextSFFromBuffer
AFPParser.java
466
com.mgz.afp.parser.AFPParser
false
app
parseNextSF
AFPParser.java
382
com.mgz.afp.parser.AFPParser
false
app
convertToXml
Afp2Xml.java
469
com.mgz.cli.Afp2Xml
false
app
execute
Afp2Xml.java
376
com.mgz.cli.Afp2Xml
false
app
main
Afp2Xml.java
65
com.mgz.cli.Afp2Xml
false
Invalid triplet length: 0
Invalid triplet length: 0
4
Undefined
AAAAAA==
app
parseTriplet
TripletParser.java
205
com.mgz.afp.parser.TripletParser
false
app
parseTriplets
TripletParser.java
133
com.mgz.afp.parser.TripletParser
false
app
decodeAFP
StructuredFieldBaseTriplets.java
84
com.mgz.afp.base.StructuredFieldBaseTriplets
false
app
decodeAFP
IPS_IncludePageSegment.java
59
com.mgz.afp.modca.IPS_IncludePageSegment
false
app
decodeAFP
IAFPDecodeableWriteable.java
64
com.mgz.afp.exceptions.IAFPDecodeableWriteable
false
app
parseNextSFFromBuffer
AFPParser.java
466
com.mgz.afp.parser.AFPParser
false
app
parseNextSF
AFPParser.java
382
com.mgz.afp.parser.AFPParser
false
app
convertToXml
Afp2Xml.java
469
com.mgz.cli.Afp2Xml
false
app
execute
Afp2Xml.java
376
com.mgz.cli.Afp2Xml
false
app
main
Afp2Xml.java
65
com.mgz.cli.Afp2Xml
false
Invalid triplet length: 0
Invalid triplet length: 0
4
Undefined
AAAAAA==
app
parseTriplet
TripletParser.java
205
com.mgz.afp.parser.TripletParser
false
app
parseTriplets
TripletParser.java
133
com.mgz.afp.parser.TripletParser
false
app
decodeAFP
StructuredFieldBaseTriplets.java
84
com.mgz.afp.base.StructuredFieldBaseTriplets
false
app
decodeAFP
IPS_IncludePageSegment.java
59
com.mgz.afp.modca.IPS_IncludePageSegment
false
app
decodeAFP
IAFPDecodeableWriteable.java
64
com.mgz.afp.exceptions.IAFPDecodeableWriteable
false
app
parseNextSFFromBuffer
AFPParser.java
466
com.mgz.afp.parser.AFPParser
false
app
parseNextSF
AFPParser.java
382
com.mgz.afp.parser.AFPParser
false
app
convertToXml
Afp2Xml.java
469
com.mgz.cli.Afp2Xml
false
app
execute
Afp2Xml.java
376
com.mgz.cli.Afp2Xml
false
app
main
Afp2Xml.java
65
com.mgz.cli.Afp2Xml
false
Invalid triplet length: 0
Invalid triplet length: 0
4
Undefined
AAAAAA==
app
parseTriplet
TripletParser.java
205
com.mgz.afp.parser.TripletParser
false
app
parseTriplets
TripletParser.java
133
com.mgz.afp.parser.TripletParser
false
app
decodeAFP
StructuredFieldBaseTriplets.java
84
com.mgz.afp.base.StructuredFieldBaseTriplets
false
app
decodeAFP
IPS_IncludePageSegment.java
59
com.mgz.afp.modca.IPS_IncludePageSegment
false
app
decodeAFP
IAFPDecodeableWriteable.java
64
com.mgz.afp.exceptions.IAFPDecodeableWriteable
false
app
parseNextSFFromBuffer
AFPParser.java
466
com.mgz.afp.parser.AFPParser
false
app
parseNextSF
AFPParser.java
382
com.mgz.afp.parser.AFPParser
false
app
convertToXml
Afp2Xml.java
469
com.mgz.cli.Afp2Xml
false
app
execute
Afp2Xml.java
376
com.mgz.cli.Afp2Xml
false
app
main
Afp2Xml.java
65
com.mgz.cli.Afp2Xml
false
Invalid triplet length: 0
Invalid triplet length: 0
4
Undefined
AAAAAA==
app
parseTriplet
TripletParser.java
205
com.mgz.afp.parser.TripletParser
false
app
parseTriplets
TripletParser.java
133
com.mgz.afp.parser.TripletParser
false
app
decodeAFP
StructuredFieldBaseTriplets.java
84
com.mgz.afp.base.StructuredFieldBaseTriplets
false
app
decodeAFP
IPS_IncludePageSegment.java
59
com.mgz.afp.modca.IPS_IncludePageSegment
false
app
decodeAFP
IAFPDecodeableWriteable.java
64
com.mgz.afp.exceptions.IAFPDecodeableWriteable
false
app
parseNextSFFromBuffer
AFPParser.java
466
com.mgz.afp.parser.AFPParser
false
app
parseNextSF
AFPParser.java
382
com.mgz.afp.parser.AFPParser
false
app
convertToXml
Afp2Xml.java
469
com.mgz.cli.Afp2Xml
false
app
execute
Afp2Xml.java
376
com.mgz.cli.Afp2Xml
false
app
main
Afp2Xml.java
65
com.mgz.cli.Afp2Xml
false
Invalid triplet length: 0
Invalid triplet length: 0
4
Undefined
AAAAAA==
app
parseTriplet
TripletParser.java
205
com.mgz.afp.parser.TripletParser
false
app
parseTriplets
TripletParser.java
133
com.mgz.afp.parser.TripletParser
false
app
decodeAFP
StructuredFieldBaseTriplets.java
84
com.mgz.afp.base.StructuredFieldBaseTriplets
false
app
decodeAFP
IPS_IncludePageSegment.java
59
com.mgz.afp.modca.IPS_IncludePageSegment
false
app
decodeAFP
IAFPDecodeableWriteable.java
64
com.mgz.afp.exceptions.IAFPDecodeableWriteable
false
app
parseNextSFFromBuffer
AFPParser.java
466
com.mgz.afp.parser.AFPParser
false
app
parseNextSF
AFPParser.java
382
com.mgz.afp.parser.AFPParser
false
app
convertToXml
Afp2Xml.java
469
com.mgz.cli.Afp2Xml
false
app
execute
Afp2Xml.java
376
com.mgz.cli.Afp2Xml
false
app
main
Afp2Xml.java
65
com.mgz.cli.Afp2Xml
false
Invalid triplet length: 0
Invalid triplet length: 0
ACbTsV8AAAAAAAAAAAAAAAAAAAAAAAAAAAAAAAAAAAAAAAAAAAA=
app
decodeAFP
MPS_MapPageSegment.java
53
com.mgz.afp.modca.MPS_MapPageSegment
false
app
decodeAFP
IAFPDecodeableWriteable.java
64
com.mgz.afp.exceptions.IAFPDecodeableWriteable
false
app
parseNextSFFromBuffer
AFPParser.java
466
com.mgz.afp.parser.AFPParser
false
app
parseNextSF
AFPParser.java
382
com.mgz.afp.parser.AFPParser
false
app
convertToXml
Afp2Xml.java
469
com.mgz.cli.Afp2Xml
false
app
execute
Afp2Xml.java
376
com.mgz.cli.Afp2Xml
false
app
main
Afp2Xml.java
65
com.mgz.cli.Afp2Xml
false
Invalid length of repeating group: 0
Invalid length of repeating group: 0
38812
MPS_MapPageSegment
Error at file offset 0x979C (MPS_MapPageSegment): Invalid length of repeating group: 0
false
false
false
ACbTsV8AAAAAAAAAAAAAAAAAAAAAAAAAAAAAAAAAAAAAAAAAAAA=
app
decodeAFP
MPS_MapPageSegment.java
53
com.mgz.afp.modca.MPS_MapPageSegment
false
app
decodeAFP
IAFPDecodeableWriteable.java
64
com.mgz.afp.exceptions.IAFPDecodeableWriteable
false
app
parseNextSFFromBuffer
AFPParser.java
466
com.mgz.afp.parser.AFPParser
false
app
parseNextSF
AFPParser.java
382
com.mgz.afp.parser.AFPParser
false
app
convertToXml
Afp2Xml.java
469
com.mgz.cli.Afp2Xml
false
app
execute
Afp2Xml.java
376
com.mgz.cli.Afp2Xml
false
app
main
Afp2Xml.java
65
com.mgz.cli.Afp2Xml
false
Invalid length of repeating group: 0
Invalid length of repeating group: 0
38851
MPS_MapPageSegment
Error at file offset 0x97C3 (MPS_MapPageSegment): Invalid length of repeating group: 0
false
false
false
ACbTsV8AAAAAAAAAAAAAAAAAAAAAAAAAAAAAAAAAAAAAAAAAAAA=
app
decodeAFP
MPS_MapPageSegment.java
53
com.mgz.afp.modca.MPS_MapPageSegment
false
app
decodeAFP
IAFPDecodeableWriteable.java
64
com.mgz.afp.exceptions.IAFPDecodeableWriteable
false
app
parseNextSFFromBuffer
AFPParser.java
466
com.mgz.afp.parser.AFPParser
false
app
parseNextSF
AFPParser.java
382
com.mgz.afp.parser.AFPParser
false
app
convertToXml
Afp2Xml.java
469
com.mgz.cli.Afp2Xml
false
app
execute
Afp2Xml.java
376
com.mgz.cli.Afp2Xml
false
app
main
Afp2Xml.java
65
com.mgz.cli.Afp2Xml
false
Invalid length of repeating group: 0
Invalid length of repeating group: 0
38890
MPS_MapPageSegment
Error at file offset 0x97EA (MPS_MapPageSegment): Invalid length of repeating group: 0
false
false
false
ACbTsV8AAAAAAAAAAAAAAAAAAAAAAAAAAAAAAAAAAAAAAAAAAAA=
app
decodeAFP
MPS_MapPageSegment.java
53
com.mgz.afp.modca.MPS_MapPageSegment
false
app
decodeAFP
IAFPDecodeableWriteable.java
64
com.mgz.afp.exceptions.IAFPDecodeableWriteable
false
app
parseNextSFFromBuffer
AFPParser.java
466
com.mgz.afp.parser.AFPParser
false
app
parseNextSF
AFPParser.java
382
com.mgz.afp.parser.AFPParser
false
app
convertToXml
Afp2Xml.java
469
com.mgz.cli.Afp2Xml
false
app
execute
Afp2Xml.java
376
com.mgz.cli.Afp2Xml
false
app
main
Afp2Xml.java
65
com.mgz.cli.Afp2Xml
false
Invalid length of repeating group: 0
Invalid length of repeating group: 0
38929
MPS_MapPageSegment
Error at file offset 0x9811 (MPS_MapPageSegment): Invalid length of repeating group: 0
false
false
false
ACbTsV8AAAAAAAAAAAAAAAAAAAAAAAAAAAAAAAAAAAAAAAAAAAA=
app
decodeAFP
MPS_MapPageSegment.java
53
com.mgz.afp.modca.MPS_MapPageSegment
false
app
decodeAFP
IAFPDecodeableWriteable.java
64
com.mgz.afp.exceptions.IAFPDecodeableWriteable
false
app
parseNextSFFromBuffer
AFPParser.java
466
com.mgz.afp.parser.AFPParser
false
app
parseNextSF
AFPParser.java
382
com.mgz.afp.parser.AFPParser
false
app
convertToXml
Afp2Xml.java
469
com.mgz.cli.Afp2Xml
false
app
execute
Afp2Xml.java
376
com.mgz.cli.Afp2Xml
false
app
main
Afp2Xml.java
65
com.mgz.cli.Afp2Xml
false
Invalid length of repeating group: 0
Invalid length of repeating group: 0
38968
MPS_MapPageSegment
Error at file offset 0x9838 (MPS_MapPageSegment): Invalid length of repeating group: 0
false
false
false
ACbTsV8AAAAAAAAAAAAAAAAAAAAAAAAAAAAAAAAAAAAAAAAAAAA=
app
decodeAFP
MPS_MapPageSegment.java
53
com.mgz.afp.modca.MPS_MapPageSegment
false
app
decodeAFP
IAFPDecodeableWriteable.java
64
com.mgz.afp.exceptions.IAFPDecodeableWriteable
false
app
parseNextSFFromBuffer
AFPParser.java
466
com.mgz.afp.parser.AFPParser
false
app
parseNextSF
AFPParser.java
382
com.mgz.afp.parser.AFPParser
false
app
convertToXml
Afp2Xml.java
469
com.mgz.cli.Afp2Xml
false
app
execute
Afp2Xml.java
376
com.mgz.cli.Afp2Xml
false
app
main
Afp2Xml.java
65
com.mgz.cli.Afp2Xml
false
Invalid length of repeating group: 0
Invalid length of repeating group: 0
39007
MPS_MapPageSegment
Error at file offset 0x985F (MPS_MapPageSegment): Invalid length of repeating group: 0
false
false
false
ACbTsV8AAAAAAAAAAAAAAAAAAAAAAAAAAAAAAAAAAAAAAAAAAAA=
app
decodeAFP
MPS_MapPageSegment.java
53
com.mgz.afp.modca.MPS_MapPageSegment
false
app
decodeAFP
IAFPDecodeableWriteable.java
64
com.mgz.afp.exceptions.IAFPDecodeableWriteable
false
app
parseNextSFFromBuffer
AFPParser.java
466
com.mgz.afp.parser.AFPParser
false
app
parseNextSF
AFPParser.java
382
com.mgz.afp.parser.AFPParser
false
app
convertToXml
Afp2Xml.java
469
com.mgz.cli.Afp2Xml
false
app
execute
Afp2Xml.java
376
com.mgz.cli.Afp2Xml
false
app
main
Afp2Xml.java
65
com.mgz.cli.Afp2Xml
false
Invalid length of repeating group: 0
Invalid length of repeating group: 0
39046
MPS_MapPageSegment
Error at file offset 0x9886 (MPS_MapPageSegment): Invalid length of repeating group: 0
false
false
false
ACbTsV8AAAAAAAAAAAAAAAAAAAAAAAAAAAAAAAAAAAAAAAAAAAA=
app
decodeAFP
MPS_MapPageSegment.java
53
com.mgz.afp.modca.MPS_MapPageSegment
false
app
decodeAFP
IAFPDecodeableWriteable.java
64
com.mgz.afp.exceptions.IAFPDecodeableWriteable
false
app
parseNextSFFromBuffer
AFPParser.java
466
com.mgz.afp.parser.AFPParser
false
app
parseNextSF
AFPParser.java
382
com.mgz.afp.parser.AFPParser
false
app
convertToXml
Afp2Xml.java
469
com.mgz.cli.Afp2Xml
false
app
execute
Afp2Xml.java
376
com.mgz.cli.Afp2Xml
false
app
main
Afp2Xml.java
65
com.mgz.cli.Afp2Xml
false
Invalid length of repeating group: 0
Invalid length of repeating group: 0
39085
MPS_MapPageSegment
Error at file offset 0x98AD (MPS_MapPageSegment): Invalid length of repeating group: 0
false
false
false
ACbTsV8AAAAAAAAAAAAAAAAAAAAAAAAAAAAAAAAAAAAAAAAAAAA=
app
decodeAFP
MPS_MapPageSegment.java
53
com.mgz.afp.modca.MPS_MapPageSegment
false
app
decodeAFP
IAFPDecodeableWriteable.java
64
com.mgz.afp.exceptions.IAFPDecodeableWriteable
false
app
parseNextSFFromBuffer
AFPParser.java
466
com.mgz.afp.parser.AFPParser
false
app
parseNextSF
AFPParser.java
382
com.mgz.afp.parser.AFPParser
false
app
convertToXml
Afp2Xml.java
469
com.mgz.cli.Afp2Xml
false
app
execute
Afp2Xml.java
376
com.mgz.cli.Afp2Xml
false
app
main
Afp2Xml.java
65
com.mgz.cli.Afp2Xml
false
Invalid length of repeating group: 0
Invalid length of repeating group: 0
39124
MPS_MapPageSegment
Error at file offset 0x98D4 (MPS_MapPageSegment): Invalid length of repeating group: 0
false
false
false
ACbTsV8AAAAAAAAAAAAAAAAAAAAAAAAAAAAAAAAAAAAAAAAAAAA=
app
decodeAFP
MPS_MapPageSegment.java
53
com.mgz.afp.modca.MPS_MapPageSegment
false
app
decodeAFP
IAFPDecodeableWriteable.java
64
com.mgz.afp.exceptions.IAFPDecodeableWriteable
false
app
parseNextSFFromBuffer
AFPParser.java
466
com.mgz.afp.parser.AFPParser
false
app
parseNextSF
AFPParser.java
382
com.mgz.afp.parser.AFPParser
false
app
convertToXml
Afp2Xml.java
469
com.mgz.cli.Afp2Xml
false
app
execute
Afp2Xml.java
376
com.mgz.cli.Afp2Xml
false
app
main
Afp2Xml.java
65
com.mgz.cli.Afp2Xml
false
Invalid length of repeating group: 0
Invalid length of repeating group: 0
39163
MPS_MapPageSegment
Error at file offset 0x98FB (MPS_MapPageSegment): Invalid length of repeating group: 0
false
false
false
ACbTsV8AAAAAAAAAAAAAAAAAAAAAAAAAAAAAAAAAAAAAAAAAAAA=
app
decodeAFP
MPS_MapPageSegment.java
53
com.mgz.afp.modca.MPS_MapPageSegment
false
app
decodeAFP
IAFPDecodeableWriteable.java
64
com.mgz.afp.exceptions.IAFPDecodeableWriteable
false
app
parseNextSFFromBuffer
AFPParser.java
466
com.mgz.afp.parser.AFPParser
false
app
parseNextSF
AFPParser.java
382
com.mgz.afp.parser.AFPParser
false
app
convertToXml
Afp2Xml.java
469
com.mgz.cli.Afp2Xml
false
app
execute
Afp2Xml.java
376
com.mgz.cli.Afp2Xml
false
app
main
Afp2Xml.java
65
com.mgz.cli.Afp2Xml
false
Invalid length of repeating group: 0
Invalid length of repeating group: 0
39202
MPS_MapPageSegment
Error at file offset 0x9922 (MPS_MapPageSegment): Invalid length of repeating group: 0
false
false
false
ACbTsV8AAAAAAAAAAAAAAAAAAAAAAAAAAAAAAAAAAAAAAAAAAAA=
app
decodeAFP
MPS_MapPageSegment.java
53
com.mgz.afp.modca.MPS_MapPageSegment
false
app
decodeAFP
IAFPDecodeableWriteable.java
64
com.mgz.afp.exceptions.IAFPDecodeableWriteable
false
app
parseNextSFFromBuffer
AFPParser.java
466
com.mgz.afp.parser.AFPParser
false
app
parseNextSF
AFPParser.java
382
com.mgz.afp.parser.AFPParser
false
app
convertToXml
Afp2Xml.java
469
com.mgz.cli.Afp2Xml
false
app
execute
Afp2Xml.java
376
com.mgz.cli.Afp2Xml
false
app
main
Afp2Xml.java
65
com.mgz.cli.Afp2Xml
false
Invalid length of repeating group: 0
Invalid length of repeating group: 0
39241
MPS_MapPageSegment
Error at file offset 0x9949 (MPS_MapPageSegment): Invalid length of repeating group: 0
false
false
false
ACbTsV8AAAAAAAAAAAAAAAAAAAAAAAAAAAAAAAAAAAAAAAAAAAA=
app
decodeAFP
MPS_MapPageSegment.java
53
com.mgz.afp.modca.MPS_MapPageSegment
false
app
decodeAFP
IAFPDecodeableWriteable.java
64
com.mgz.afp.exceptions.IAFPDecodeableWriteable
false
app
parseNextSFFromBuffer
AFPParser.java
466
com.mgz.afp.parser.AFPParser
false
app
parseNextSF
AFPParser.java
382
com.mgz.afp.parser.AFPParser
false
app
convertToXml
Afp2Xml.java
469
com.mgz.cli.Afp2Xml
false
app
execute
Afp2Xml.java
376
com.mgz.cli.Afp2Xml
false
app
main
Afp2Xml.java
65
com.mgz.cli.Afp2Xml
false
Invalid length of repeating group: 0
Invalid length of repeating group: 0
39280
MPS_MapPageSegment
Error at file offset 0x9970 (MPS_MapPageSegment): Invalid length of repeating group: 0
false
false
false
ACbTsV8AAAAAAAAAAAAAAAAAAAAAAAAAAAAAAAAAAAAAAAAAAAA=
app
decodeAFP
MPS_MapPageSegment.java
53
com.mgz.afp.modca.MPS_MapPageSegment
false
app
decodeAFP
IAFPDecodeableWriteable.java
64
com.mgz.afp.exceptions.IAFPDecodeableWriteable
false
app
parseNextSFFromBuffer
AFPParser.java
466
com.mgz.afp.parser.AFPParser
false
app
parseNextSF
AFPParser.java
382
com.mgz.afp.parser.AFPParser
false
app
convertToXml
Afp2Xml.java
469
com.mgz.cli.Afp2Xml
false
app
execute
Afp2Xml.java
376
com.mgz.cli.Afp2Xml
false
app
main
Afp2Xml.java
65
com.mgz.cli.Afp2Xml
false
Invalid length of repeating group: 0
Invalid length of repeating group: 0
39319
MPS_MapPageSegment
Error at file offset 0x9997 (MPS_MapPageSegment): Invalid length of repeating group: 0
false
false
false
ACbTsV8AAAAAAAAAAAAAAAAAAAAAAAAAAAAAAAAAAAAAAAAAAAA=
app
decodeAFP
MPS_MapPageSegment.java
53
com.mgz.afp.modca.MPS_MapPageSegment
false
app
decodeAFP
IAFPDecodeableWriteable.java
64
com.mgz.afp.exceptions.IAFPDecodeableWriteable
false
app
parseNextSFFromBuffer
AFPParser.java
466
com.mgz.afp.parser.AFPParser
false
app
parseNextSF
AFPParser.java
382
com.mgz.afp.parser.AFPParser
false
app
convertToXml
Afp2Xml.java
469
com.mgz.cli.Afp2Xml
false
app
execute
Afp2Xml.java
376
com.mgz.cli.Afp2Xml
false
app
main
Afp2Xml.java
65
com.mgz.cli.Afp2Xml
false
Invalid length of repeating group: 0
Invalid length of repeating group: 0
39358
MPS_MapPageSegment
Error at file offset 0x99BE (MPS_MapPageSegment): Invalid length of repeating group: 0
false
false
false
ACbTsV8AAAAAAAAAAAAAAAAAAAAAAAAAAAAAAAAAAAAAAAAAAAA=
app
decodeAFP
MPS_MapPageSegment.java
53
com.mgz.afp.modca.MPS_MapPageSegment
false
app
decodeAFP
IAFPDecodeableWriteable.java
64
com.mgz.afp.exceptions.IAFPDecodeableWriteable
false
app
parseNextSFFromBuffer
AFPParser.java
466
com.mgz.afp.parser.AFPParser
false
app
parseNextSF
AFPParser.java
382
com.mgz.afp.parser.AFPParser
false
app
convertToXml
Afp2Xml.java
469
com.mgz.cli.Afp2Xml
false
app
execute
Afp2Xml.java
376
com.mgz.cli.Afp2Xml
false
app
main
Afp2Xml.java
65
com.mgz.cli.Afp2Xml
false
Invalid length of repeating group: 0
Invalid length of repeating group: 0
39397
MPS_MapPageSegment
Error at file offset 0x99E5 (MPS_MapPageSegment): Invalid length of repeating group: 0
false
false
false
ACbTsV8AAAAAAAAAAAAAAAAAAAAAAAAAAAAAAAAAAAAAAAAAAAA=
app
decodeAFP
MPS_MapPageSegment.java
53
com.mgz.afp.modca.MPS_MapPageSegment
false
app
decodeAFP
IAFPDecodeableWriteable.java
64
com.mgz.afp.exceptions.IAFPDecodeableWriteable
false
app
parseNextSFFromBuffer
AFPParser.java
466
com.mgz.afp.parser.AFPParser
false
app
parseNextSF
AFPParser.java
382
com.mgz.afp.parser.AFPParser
false
app
convertToXml
Afp2Xml.java
469
com.mgz.cli.Afp2Xml
false
app
execute
Afp2Xml.java
376
com.mgz.cli.Afp2Xml
false
app
main
Afp2Xml.java
65
com.mgz.cli.Afp2Xml
false
Invalid length of repeating group: 0
Invalid length of repeating group: 0
39436
MPS_MapPageSegment
Error at file offset 0x9A0C (MPS_MapPageSegment): Invalid length of repeating group: 0
false
false
false
ACbTsV8AAAAAAAAAAAAAAAAAAAAAAAAAAAAAAAAAAAAAAAAAAAA=
app
decodeAFP
MPS_MapPageSegment.java
53
com.mgz.afp.modca.MPS_MapPageSegment
false
app
decodeAFP
IAFPDecodeableWriteable.java
64
com.mgz.afp.exceptions.IAFPDecodeableWriteable
false
app
parseNextSFFromBuffer
AFPParser.java
466
com.mgz.afp.parser.AFPParser
false
app
parseNextSF
AFPParser.java
382
com.mgz.afp.parser.AFPParser
false
app
convertToXml
Afp2Xml.java
469
com.mgz.cli.Afp2Xml
false
app
execute
Afp2Xml.java
376
com.mgz.cli.Afp2Xml
false
app
main
Afp2Xml.java
65
com.mgz.cli.Afp2Xml
false
Invalid length of repeating group: 0
Invalid length of repeating group: 0
39475
MPS_MapPageSegment
Error at file offset 0x9A33 (MPS_MapPageSegment): Invalid length of repeating group: 0
false
false
false
ACbTsV8AAAAAAAAAAAAAAAAAAAAAAAAAAAAAAAAAAAAAAAAAAAA=
app
decodeAFP
MPS_MapPageSegment.java
53
com.mgz.afp.modca.MPS_MapPageSegment
false
app
decodeAFP
IAFPDecodeableWriteable.java
64
com.mgz.afp.exceptions.IAFPDecodeableWriteable
false
app
parseNextSFFromBuffer
AFPParser.java
466
com.mgz.afp.parser.AFPParser
false
app
parseNextSF
AFPParser.java
382
com.mgz.afp.parser.AFPParser
false
app
convertToXml
Afp2Xml.java
469
com.mgz.cli.Afp2Xml
false
app
execute
Afp2Xml.java
376
com.mgz.cli.Afp2Xml
false
app
main
Afp2Xml.java
65
com.mgz.cli.Afp2Xml
false
Invalid length of repeating group: 0
Invalid length of repeating group: 0
39514
MPS_MapPageSegment
Error at file offset 0x9A5A (MPS_MapPageSegment): Invalid length of repeating group: 0
false
false
false
ACbTsV8AAAAAAAAAAAAAAAAAAAAAAAAAAAAAAAAAAAAAAAAAAAA=
app
decodeAFP
MPS_MapPageSegment.java
53
com.mgz.afp.modca.MPS_MapPageSegment
false
app
decodeAFP
IAFPDecodeableWriteable.java
64
com.mgz.afp.exceptions.IAFPDecodeableWriteable
false
app
parseNextSFFromBuffer
AFPParser.java
466
com.mgz.afp.parser.AFPParser
false
app
parseNextSF
AFPParser.java
382
com.mgz.afp.parser.AFPParser
false
app
convertToXml
Afp2Xml.java
469
com.mgz.cli.Afp2Xml
false
app
execute
Afp2Xml.java
376
com.mgz.cli.Afp2Xml
false
app
main
Afp2Xml.java
65
com.mgz.cli.Afp2Xml
false
Invalid length of repeating group: 0
Invalid length of repeating group: 0
39553
MPS_MapPageSegment
Error at file offset 0x9A81 (MPS_MapPageSegment): Invalid length of repeating group: 0
false
false
false
ACbTsV8AAAAAAAAAAAAAAAAAAAAAAAAAAAAAAAAAAAAAAAAAAAA=
app
decodeAFP
MPS_MapPageSegment.java
53
com.mgz.afp.modca.MPS_MapPageSegment
false
app
decodeAFP
IAFPDecodeableWriteable.java
64
com.mgz.afp.exceptions.IAFPDecodeableWriteable
false
app
parseNextSFFromBuffer
AFPParser.java
466
com.mgz.afp.parser.AFPParser
false
app
parseNextSF
AFPParser.java
382
com.mgz.afp.parser.AFPParser
false
app
convertToXml
Afp2Xml.java
469
com.mgz.cli.Afp2Xml
false
app
execute
Afp2Xml.java
376
com.mgz.cli.Afp2Xml
false
app
main
Afp2Xml.java
65
com.mgz.cli.Afp2Xml
false
Invalid length of repeating group: 0
Invalid length of repeating group: 0
39592
MPS_MapPageSegment
Error at file offset 0x9AA8 (MPS_MapPageSegment): Invalid length of repeating group: 0
false
false
false
ACbTsV8AAAAAAAAAAAAAAAAAAAAAAAAAAAAAAAAAAAAAAAAAAAA=
app
decodeAFP
MPS_MapPageSegment.java
53
com.mgz.afp.modca.MPS_MapPageSegment
false
app
decodeAFP
IAFPDecodeableWriteable.java
64
com.mgz.afp.exceptions.IAFPDecodeableWriteable
false
app
parseNextSFFromBuffer
AFPParser.java
466
com.mgz.afp.parser.AFPParser
false
app
parseNextSF
AFPParser.java
382
com.mgz.afp.parser.AFPParser
false
app
convertToXml
Afp2Xml.java
469
com.mgz.cli.Afp2Xml
false
app
execute
Afp2Xml.java
376
com.mgz.cli.Afp2Xml
false
app
main
Afp2Xml.java
65
com.mgz.cli.Afp2Xml
false
Invalid length of repeating group: 0
Invalid length of repeating group: 0
39631
MPS_MapPageSegment
Error at file offset 0x9ACF (MPS_MapPageSegment): Invalid length of repeating group: 0
false
false
false
ACbTsV8AAAAAAAAAAAAAAAAAAAAAAAAAAAAAAAAAAAAAAAAAAAA=
app
decodeAFP
MPS_MapPageSegment.java
53
com.mgz.afp.modca.MPS_MapPageSegment
false
app
decodeAFP
IAFPDecodeableWriteable.java
64
com.mgz.afp.exceptions.IAFPDecodeableWriteable
false
app
parseNextSFFromBuffer
AFPParser.java
466
com.mgz.afp.parser.AFPParser
false
app
parseNextSF
AFPParser.java
382
com.mgz.afp.parser.AFPParser
false
app
convertToXml
Afp2Xml.java
469
com.mgz.cli.Afp2Xml
false
app
execute
Afp2Xml.java
376
com.mgz.cli.Afp2Xml
false
app
main
Afp2Xml.java
65
com.mgz.cli.Afp2Xml
false
Invalid length of repeating group: 0
Invalid length of repeating group: 0
39670
MPS_MapPageSegment
Error at file offset 0x9AF6 (MPS_MapPageSegment): Invalid length of repeating group: 0
false
false
false
ACbTsV8AAAAAAAAAAAAAAAAAAAAAAAAAAAAAAAAAAAAAAAAAAAA=
app
decodeAFP
MPS_MapPageSegment.java
53
com.mgz.afp.modca.MPS_MapPageSegment
false
app
decodeAFP
IAFPDecodeableWriteable.java
64
com.mgz.afp.exceptions.IAFPDecodeableWriteable
false
app
parseNextSFFromBuffer
AFPParser.java
466
com.mgz.afp.parser.AFPParser
false
app
parseNextSF
AFPParser.java
382
com.mgz.afp.parser.AFPParser
false
app
convertToXml
Afp2Xml.java
469
com.mgz.cli.Afp2Xml
false
app
execute
Afp2Xml.java
376
com.mgz.cli.Afp2Xml
false
app
main
Afp2Xml.java
65
com.mgz.cli.Afp2Xml
false
Invalid length of repeating group: 0
Invalid length of repeating group: 0
39709
MPS_MapPageSegment
Error at file offset 0x9B1D (MPS_MapPageSegment): Invalid length of repeating group: 0
false
false
false
ACbTsV8AAAAAAAAAAAAAAAAAAAAAAAAAAAAAAAAAAAAAAAAAAAA=
app
decodeAFP
MPS_MapPageSegment.java
53
com.mgz.afp.modca.MPS_MapPageSegment
false
app
decodeAFP
IAFPDecodeableWriteable.java
64
com.mgz.afp.exceptions.IAFPDecodeableWriteable
false
app
parseNextSFFromBuffer
AFPParser.java
466
com.mgz.afp.parser.AFPParser
false
app
parseNextSF
AFPParser.java
382
com.mgz.afp.parser.AFPParser
false
app
convertToXml
Afp2Xml.java
469
com.mgz.cli.Afp2Xml
false
app
execute
Afp2Xml.java
376
com.mgz.cli.Afp2Xml
false
app
main
Afp2Xml.java
65
com.mgz.cli.Afp2Xml
false
Invalid length of repeating group: 0
Invalid length of repeating group: 0
39748
MPS_MapPageSegment
Error at file offset 0x9B44 (MPS_MapPageSegment): Invalid length of repeating group: 0
false
false
false
ACbTsV8AAAAAAAAAAAAAAAAAAAAAAAAAAAAAAAAAAAAAAAAAAAA=
app
decodeAFP
MPS_MapPageSegment.java
53
com.mgz.afp.modca.MPS_MapPageSegment
false
app
decodeAFP
IAFPDecodeableWriteable.java
64
com.mgz.afp.exceptions.IAFPDecodeableWriteable
false
app
parseNextSFFromBuffer
AFPParser.java
466
com.mgz.afp.parser.AFPParser
false
app
parseNextSF
AFPParser.java
382
com.mgz.afp.parser.AFPParser
false
app
convertToXml
Afp2Xml.java
469
com.mgz.cli.Afp2Xml
false
app
execute
Afp2Xml.java
376
com.mgz.cli.Afp2Xml
false
app
main
Afp2Xml.java
65
com.mgz.cli.Afp2Xml
false
Invalid length of repeating group: 0
Invalid length of repeating group: 0
39787
MPS_MapPageSegment
Error at file offset 0x9B6B (MPS_MapPageSegment): Invalid length of repeating group: 0
false
false
false
ACbTsV8AAAAAAAAAAAAAAAAAAAAAAAAAAAAAAAAAAAAAAAAAAAA=
app
decodeAFP
MPS_MapPageSegment.java
53
com.mgz.afp.modca.MPS_MapPageSegment
false
app
decodeAFP
IAFPDecodeableWriteable.java
64
com.mgz.afp.exceptions.IAFPDecodeableWriteable
false
app
parseNextSFFromBuffer
AFPParser.java
466
com.mgz.afp.parser.AFPParser
false
app
parseNextSF
AFPParser.java
382
com.mgz.afp.parser.AFPParser
false
app
convertToXml
Afp2Xml.java
469
com.mgz.cli.Afp2Xml
false
app
execute
Afp2Xml.java
376
com.mgz.cli.Afp2Xml
false
app
main
Afp2Xml.java
65
com.mgz.cli.Afp2Xml
false
Invalid length of repeating group: 0
Invalid length of repeating group: 0
39826
MPS_MapPageSegment
Error at file offset 0x9B92 (MPS_MapPageSegment): Invalid length of repeating group: 0
false
false
false
ACbTsV8AAAAAAAAAAAAAAAAAAAAAAAAAAAAAAAAAAAAAAAAAAAA=
app
decodeAFP
MPS_MapPageSegment.java
53
com.mgz.afp.modca.MPS_MapPageSegment
false
app
decodeAFP
IAFPDecodeableWriteable.java
64
com.mgz.afp.exceptions.IAFPDecodeableWriteable
false
app
parseNextSFFromBuffer
AFPParser.java
466
com.mgz.afp.parser.AFPParser
false
app
parseNextSF
AFPParser.java
382
com.mgz.afp.parser.AFPParser
false
app
convertToXml
Afp2Xml.java
469
com.mgz.cli.Afp2Xml
false
app
execute
Afp2Xml.java
376
com.mgz.cli.Afp2Xml
false
app
main
Afp2Xml.java
65
com.mgz.cli.Afp2Xml
false
Invalid length of repeating group: 0
Invalid length of repeating group: 0
39865
MPS_MapPageSegment
Error at file offset 0x9BB9 (MPS_MapPageSegment): Invalid length of repeating group: 0
false
false
false
ACbTsV8AAAAAAAAAAAAAAAAAAAAAAAAAAAAAAAAAAAAAAAAAAAA=
app
decodeAFP
MPS_MapPageSegment.java
53
com.mgz.afp.modca.MPS_MapPageSegment
false
app
decodeAFP
IAFPDecodeableWriteable.java
64
com.mgz.afp.exceptions.IAFPDecodeableWriteable
false
app
parseNextSFFromBuffer
AFPParser.java
466
com.mgz.afp.parser.AFPParser
false
app
parseNextSF
AFPParser.java
382
com.mgz.afp.parser.AFPParser
false
app
convertToXml
Afp2Xml.java
469
com.mgz.cli.Afp2Xml
false
app
execute
Afp2Xml.java
376
com.mgz.cli.Afp2Xml
false
app
main
Afp2Xml.java
65
com.mgz.cli.Afp2Xml
false
Invalid length of repeating group: 0
Invalid length of repeating group: 0
39904
MPS_MapPageSegment
Error at file offset 0x9BE0 (MPS_MapPageSegment): Invalid length of repeating group: 0
false
false
false
ACbTsV8AAAAAAAAAAAAAAAAAAAAAAAAAAAAAAAAAAAAAAAAAAAA=
app
decodeAFP
MPS_MapPageSegment.java
53
com.mgz.afp.modca.MPS_MapPageSegment
false
app
decodeAFP
IAFPDecodeableWriteable.java
64
com.mgz.afp.exceptions.IAFPDecodeableWriteable
false
app
parseNextSFFromBuffer
AFPParser.java
466
com.mgz.afp.parser.AFPParser
false
app
parseNextSF
AFPParser.java
382
com.mgz.afp.parser.AFPParser
false
app
convertToXml
Afp2Xml.java
469
com.mgz.cli.Afp2Xml
false
app
execute
Afp2Xml.java
376
com.mgz.cli.Afp2Xml
false
app
main
Afp2Xml.java
65
com.mgz.cli.Afp2Xml
false
Invalid length of repeating group: 0
Invalid length of repeating group: 0
39943
MPS_MapPageSegment
Error at file offset 0x9C07 (MPS_MapPageSegment): Invalid length of repeating group: 0
false
false
false
ACbTsV8AAAAAAAAAAAAAAAAAAAAAAAAAAAAAAAAAAAAAAAAAAAA=
app
decodeAFP
MPS_MapPageSegment.java
53
com.mgz.afp.modca.MPS_MapPageSegment
false
app
decodeAFP
IAFPDecodeableWriteable.java
64
com.mgz.afp.exceptions.IAFPDecodeableWriteable
false
app
parseNextSFFromBuffer
AFPParser.java
466
com.mgz.afp.parser.AFPParser
false
app
parseNextSF
AFPParser.java
382
com.mgz.afp.parser.AFPParser
false
app
convertToXml
Afp2Xml.java
469
com.mgz.cli.Afp2Xml
false
app
execute
Afp2Xml.java
376
com.mgz.cli.Afp2Xml
false
app
main
Afp2Xml.java
65
com.mgz.cli.Afp2Xml
false
Invalid length of repeating group: 0
Invalid length of repeating group: 0
39982
MPS_MapPageSegment
Error at file offset 0x9C2E (MPS_MapPageSegment): Invalid length of repeating group: 0
false
false
false
ACbTsV8AAAAAAAAAAAAAAAAAAAAAAAAAAAAAAAAAAAAAAAAAAAA=
app
decodeAFP
MPS_MapPageSegment.java
53
com.mgz.afp.modca.MPS_MapPageSegment
false
app
decodeAFP
IAFPDecodeableWriteable.java
64
com.mgz.afp.exceptions.IAFPDecodeableWriteable
false
app
parseNextSFFromBuffer
AFPParser.java
466
com.mgz.afp.parser.AFPParser
false
app
parseNextSF
AFPParser.java
382
com.mgz.afp.parser.AFPParser
false
app
convertToXml
Afp2Xml.java
469
com.mgz.cli.Afp2Xml
false
app
execute
Afp2Xml.java
376
com.mgz.cli.Afp2Xml
false
app
main
Afp2Xml.java
65
com.mgz.cli.Afp2Xml
false
Invalid length of repeating group: 0
Invalid length of repeating group: 0
40021
MPS_MapPageSegment
Error at file offset 0x9C55 (MPS_MapPageSegment): Invalid length of repeating group: 0
false
false
false
ACbTsV8AAAAAAAAAAAAAAAAAAAAAAAAAAAAAAAAAAAAAAAAAAAA=
app
decodeAFP
MPS_MapPageSegment.java
53
com.mgz.afp.modca.MPS_MapPageSegment
false
app
decodeAFP
IAFPDecodeableWriteable.java
64
com.mgz.afp.exceptions.IAFPDecodeableWriteable
false
app
parseNextSFFromBuffer
AFPParser.java
466
com.mgz.afp.parser.AFPParser
false
app
parseNextSF
AFPParser.java
382
com.mgz.afp.parser.AFPParser
false
app
convertToXml
Afp2Xml.java
469
com.mgz.cli.Afp2Xml
false
app
execute
Afp2Xml.java
376
com.mgz.cli.Afp2Xml
false
app
main
Afp2Xml.java
65
com.mgz.cli.Afp2Xml
false
Invalid length of repeating group: 0
Invalid length of repeating group: 0
40060
MPS_MapPageSegment
Error at file offset 0x9C7C (MPS_MapPageSegment): Invalid length of repeating group: 0
false
false
false
ACbTsV8AAAAAAAAAAAAAAAAAAAAAAAAAAAAAAAAAAAAAAAAAAAA=
app
decodeAFP
MPS_MapPageSegment.java
53
com.mgz.afp.modca.MPS_MapPageSegment
false
app
decodeAFP
IAFPDecodeableWriteable.java
64
com.mgz.afp.exceptions.IAFPDecodeableWriteable
false
app
parseNextSFFromBuffer
AFPParser.java
466
com.mgz.afp.parser.AFPParser
false
app
parseNextSF
AFPParser.java
382
com.mgz.afp.parser.AFPParser
false
app
convertToXml
Afp2Xml.java
469
com.mgz.cli.Afp2Xml
false
app
execute
Afp2Xml.java
376
com.mgz.cli.Afp2Xml
false
app
main
Afp2Xml.java
65
com.mgz.cli.Afp2Xml
false
Invalid length of repeating group: 0
Invalid length of repeating group: 0
40099
MPS_MapPageSegment
Error at file offset 0x9CA3 (MPS_MapPageSegment): Invalid length of repeating group: 0
false
false
false
ACbTsV8AAAAAAAAAAAAAAAAAAAAAAAAAAAAAAAAAAAAAAAAAAAA=
app
decodeAFP
MPS_MapPageSegment.java
53
com.mgz.afp.modca.MPS_MapPageSegment
false
app
decodeAFP
IAFPDecodeableWriteable.java
64
com.mgz.afp.exceptions.IAFPDecodeableWriteable
false
app
parseNextSFFromBuffer
AFPParser.java
466
com.mgz.afp.parser.AFPParser
false
app
parseNextSF
AFPParser.java
382
com.mgz.afp.parser.AFPParser
false
app
convertToXml
Afp2Xml.java
469
com.mgz.cli.Afp2Xml
false
app
execute
Afp2Xml.java
376
com.mgz.cli.Afp2Xml
false
app
main
Afp2Xml.java
65
com.mgz.cli.Afp2Xml
false
Invalid length of repeating group: 0
Invalid length of repeating group: 0
40138
MPS_MapPageSegment
Error at file offset 0x9CCA (MPS_MapPageSegment): Invalid length of repeating group: 0
false
false
false
ACbTsV8AAAAAAAAAAAAAAAAAAAAAAAAAAAAAAAAAAAAAAAAAAAA=
app
decodeAFP
MPS_MapPageSegment.java
53
com.mgz.afp.modca.MPS_MapPageSegment
false
app
decodeAFP
IAFPDecodeableWriteable.java
64
com.mgz.afp.exceptions.IAFPDecodeableWriteable
false
app
parseNextSFFromBuffer
AFPParser.java
466
com.mgz.afp.parser.AFPParser
false
app
parseNextSF
AFPParser.java
382
com.mgz.afp.parser.AFPParser
false
app
convertToXml
Afp2Xml.java
469
com.mgz.cli.Afp2Xml
false
app
execute
Afp2Xml.java
376
com.mgz.cli.Afp2Xml
false
app
main
Afp2Xml.java
65
com.mgz.cli.Afp2Xml
false
Invalid length of repeating group: 0
Invalid length of repeating group: 0
40177
MPS_MapPageSegment
Error at file offset 0x9CF1 (MPS_MapPageSegment): Invalid length of repeating group: 0
false
false
false
ACbTsV8AAAAAAAAAAAAAAAAAAAAAAAAAAAAAAAAAAAAAAAAAAAA=
app
decodeAFP
MPS_MapPageSegment.java
53
com.mgz.afp.modca.MPS_MapPageSegment
false
app
decodeAFP
IAFPDecodeableWriteable.java
64
com.mgz.afp.exceptions.IAFPDecodeableWriteable
false
app
parseNextSFFromBuffer
AFPParser.java
466
com.mgz.afp.parser.AFPParser
false
app
parseNextSF
AFPParser.java
382
com.mgz.afp.parser.AFPParser
false
app
convertToXml
Afp2Xml.java
469
com.mgz.cli.Afp2Xml
false
app
execute
Afp2Xml.java
376
com.mgz.cli.Afp2Xml
false
app
main
Afp2Xml.java
65
com.mgz.cli.Afp2Xml
false
Invalid length of repeating group: 0
Invalid length of repeating group: 0
40216
MPS_MapPageSegment
Error at file offset 0x9D18 (MPS_MapPageSegment): Invalid length of repeating group: 0
false
false
false
ACbTsV8AAAAAAAAAAAAAAAAAAAAAAAAAAAAAAAAAAAAAAAAAAAA=
app
decodeAFP
MPS_MapPageSegment.java
53
com.mgz.afp.modca.MPS_MapPageSegment
false
app
decodeAFP
IAFPDecodeableWriteable.java
64
com.mgz.afp.exceptions.IAFPDecodeableWriteable
false
app
parseNextSFFromBuffer
AFPParser.java
466
com.mgz.afp.parser.AFPParser
false
app
parseNextSF
AFPParser.java
382
com.mgz.afp.parser.AFPParser
false
app
convertToXml
Afp2Xml.java
469
com.mgz.cli.Afp2Xml
false
app
execute
Afp2Xml.java
376
com.mgz.cli.Afp2Xml
false
app
main
Afp2Xml.java
65
com.mgz.cli.Afp2Xml
false
Invalid length of repeating group: 0
Invalid length of repeating group: 0
40255
MPS_MapPageSegment
Error at file offset 0x9D3F (MPS_MapPageSegment): Invalid length of repeating group: 0
false
false
false
ACbTsV8AAAAAAAAAAAAAAAAAAAAAAAAAAAAAAAAAAAAAAAAAAAA=
app
decodeAFP
MPS_MapPageSegment.java
53
com.mgz.afp.modca.MPS_MapPageSegment
false
app
decodeAFP
IAFPDecodeableWriteable.java
64
com.mgz.afp.exceptions.IAFPDecodeableWriteable
false
app
parseNextSFFromBuffer
AFPParser.java
466
com.mgz.afp.parser.AFPParser
false
app
parseNextSF
AFPParser.java
382
com.mgz.afp.parser.AFPParser
false
app
convertToXml
Afp2Xml.java
469
com.mgz.cli.Afp2Xml
false
app
execute
Afp2Xml.java
376
com.mgz.cli.Afp2Xml
false
app
main
Afp2Xml.java
65
com.mgz.cli.Afp2Xml
false
Invalid length of repeating group: 0
Invalid length of repeating group: 0
40294
MPS_MapPageSegment
Error at file offset 0x9D66 (MPS_MapPageSegment): Invalid length of repeating group: 0
false
false
false
ACbTsV8AAAAAAAAAAAAAAAAAAAAAAAAAAAAAAAAAAAAAAAAAAAA=
app
decodeAFP
MPS_MapPageSegment.java
53
com.mgz.afp.modca.MPS_MapPageSegment
false
app
decodeAFP
IAFPDecodeableWriteable.java
64
com.mgz.afp.exceptions.IAFPDecodeableWriteable
false
app
parseNextSFFromBuffer
AFPParser.java
466
com.mgz.afp.parser.AFPParser
false
app
parseNextSF
AFPParser.java
382
com.mgz.afp.parser.AFPParser
false
app
convertToXml
Afp2Xml.java
469
com.mgz.cli.Afp2Xml
false
app
execute
Afp2Xml.java
376
com.mgz.cli.Afp2Xml
false
app
main
Afp2Xml.java
65
com.mgz.cli.Afp2Xml
false
Invalid length of repeating group: 0
Invalid length of repeating group: 0
40333
MPS_MapPageSegment
Error at file offset 0x9D8D (MPS_MapPageSegment): Invalid length of repeating group: 0
false
false
false
ACbTsV8AAAAAAAAAAAAAAAAAAAAAAAAAAAAAAAAAAAAAAAAAAAA=
app
decodeAFP
MPS_MapPageSegment.java
53
com.mgz.afp.modca.MPS_MapPageSegment
false
app
decodeAFP
IAFPDecodeableWriteable.java
64
com.mgz.afp.exceptions.IAFPDecodeableWriteable
false
app
parseNextSFFromBuffer
AFPParser.java
466
com.mgz.afp.parser.AFPParser
false
app
parseNextSF
AFPParser.java
382
com.mgz.afp.parser.AFPParser
false
app
convertToXml
Afp2Xml.java
469
com.mgz.cli.Afp2Xml
false
app
execute
Afp2Xml.java
376
com.mgz.cli.Afp2Xml
false
app
main
Afp2Xml.java
65
com.mgz.cli.Afp2Xml
false
Invalid length of repeating group: 0
Invalid length of repeating group: 0
40372
MPS_MapPageSegment
Error at file offset 0x9DB4 (MPS_MapPageSegment): Invalid length of repeating group: 0
false
false
false
ACbTsV8AAAAAAAAAAAAAAAAAAAAAAAAAAAAAAAAAAAAAAAAAAAA=
app
decodeAFP
MPS_MapPageSegment.java
53
com.mgz.afp.modca.MPS_MapPageSegment
false
app
decodeAFP
IAFPDecodeableWriteable.java
64
com.mgz.afp.exceptions.IAFPDecodeableWriteable
false
app
parseNextSFFromBuffer
AFPParser.java
466
com.mgz.afp.parser.AFPParser
false
app
parseNextSF
AFPParser.java
382
com.mgz.afp.parser.AFPParser
false
app
convertToXml
Afp2Xml.java
469
com.mgz.cli.Afp2Xml
false
app
execute
Afp2Xml.java
376
com.mgz.cli.Afp2Xml
false
app
main
Afp2Xml.java
65
com.mgz.cli.Afp2Xml
false
Invalid length of repeating group: 0
Invalid length of repeating group: 0
40411
MPS_MapPageSegment
Error at file offset 0x9DDB (MPS_MapPageSegment): Invalid length of repeating group: 0
false
false
false
ACbTsV8AAAAAAAAAAAAAAAAAAAAAAAAAAAAAAAAAAAAAAAAAAAA=
app
decodeAFP
MPS_MapPageSegment.java
53
com.mgz.afp.modca.MPS_MapPageSegment
false
app
decodeAFP
IAFPDecodeableWriteable.java
64
com.mgz.afp.exceptions.IAFPDecodeableWriteable
false
app
parseNextSFFromBuffer
AFPParser.java
466
com.mgz.afp.parser.AFPParser
false
app
parseNextSF
AFPParser.java
382
com.mgz.afp.parser.AFPParser
false
app
convertToXml
Afp2Xml.java
469
com.mgz.cli.Afp2Xml
false
app
execute
Afp2Xml.java
376
com.mgz.cli.Afp2Xml
false
app
main
Afp2Xml.java
65
com.mgz.cli.Afp2Xml
false
Invalid length of repeating group: 0
Invalid length of repeating group: 0
40450
MPS_MapPageSegment
Error at file offset 0x9E02 (MPS_MapPageSegment): Invalid length of repeating group: 0
false
false
false
ACbTsV8AAAAAAAAAAAAAAAAAAAAAAAAAAAAAAAAAAAAAAAAAAAA=
app
decodeAFP
MPS_MapPageSegment.java
53
com.mgz.afp.modca.MPS_MapPageSegment
false
app
decodeAFP
IAFPDecodeableWriteable.java
64
com.mgz.afp.exceptions.IAFPDecodeableWriteable
false
app
parseNextSFFromBuffer
AFPParser.java
466
com.mgz.afp.parser.AFPParser
false
app
parseNextSF
AFPParser.java
382
com.mgz.afp.parser.AFPParser
false
app
convertToXml
Afp2Xml.java
469
com.mgz.cli.Afp2Xml
false
app
execute
Afp2Xml.java
376
com.mgz.cli.Afp2Xml
false
app
main
Afp2Xml.java
65
com.mgz.cli.Afp2Xml
false
Invalid length of repeating group: 0
Invalid length of repeating group: 0
40489
MPS_MapPageSegment
Error at file offset 0x9E29 (MPS_MapPageSegment): Invalid length of repeating group: 0
false
false
false
ACbTsV8AAAAAAAAAAAAAAAAAAAAAAAAAAAAAAAAAAAAAAAAAAAA=
app
decodeAFP
MPS_MapPageSegment.java
53
com.mgz.afp.modca.MPS_MapPageSegment
false
app
decodeAFP
IAFPDecodeableWriteable.java
64
com.mgz.afp.exceptions.IAFPDecodeableWriteable
false
app
parseNextSFFromBuffer
AFPParser.java
466
com.mgz.afp.parser.AFPParser
false
app
parseNextSF
AFPParser.java
382
com.mgz.afp.parser.AFPParser
false
app
convertToXml
Afp2Xml.java
469
com.mgz.cli.Afp2Xml
false
app
execute
Afp2Xml.java
376
com.mgz.cli.Afp2Xml
false
app
main
Afp2Xml.java
65
com.mgz.cli.Afp2Xml
false
Invalid length of repeating group: 0
Invalid length of repeating group: 0
40528
MPS_MapPageSegment
Error at file offset 0x9E50 (MPS_MapPageSegment): Invalid length of repeating group: 0
false
false
false
ACbTsV8AAAAAAAAAAAAAAAAAAAAAAAAAAAAAAAAAAAAAAAAAAAA=
app
decodeAFP
MPS_MapPageSegment.java
53
com.mgz.afp.modca.MPS_MapPageSegment
false
app
decodeAFP
IAFPDecodeableWriteable.java
64
com.mgz.afp.exceptions.IAFPDecodeableWriteable
false
app
parseNextSFFromBuffer
AFPParser.java
466
com.mgz.afp.parser.AFPParser
false
app
parseNextSF
AFPParser.java
382
com.mgz.afp.parser.AFPParser
false
app
convertToXml
Afp2Xml.java
469
com.mgz.cli.Afp2Xml
false
app
execute
Afp2Xml.java
376
com.mgz.cli.Afp2Xml
false
app
main
Afp2Xml.java
65
com.mgz.cli.Afp2Xml
false
Invalid length of repeating group: 0
Invalid length of repeating group: 0
40567
MPS_MapPageSegment
Error at file offset 0x9E77 (MPS_MapPageSegment): Invalid length of repeating group: 0
false
false
false
ACbTsV8AAAAAAAAAAAAAAAAAAAAAAAAAAAAAAAAAAAAAAAAAAAA=
app
decodeAFP
MPS_MapPageSegment.java
53
com.mgz.afp.modca.MPS_MapPageSegment
false
app
decodeAFP
IAFPDecodeableWriteable.java
64
com.mgz.afp.exceptions.IAFPDecodeableWriteable
false
app
parseNextSFFromBuffer
AFPParser.java
466
com.mgz.afp.parser.AFPParser
false
app
parseNextSF
AFPParser.java
382
com.mgz.afp.parser.AFPParser
false
app
convertToXml
Afp2Xml.java
469
com.mgz.cli.Afp2Xml
false
app
execute
Afp2Xml.java
376
com.mgz.cli.Afp2Xml
false
app
main
Afp2Xml.java
65
com.mgz.cli.Afp2Xml
false
Invalid length of repeating group: 0
Invalid length of repeating group: 0
40606
MPS_MapPageSegment
Error at file offset 0x9E9E (MPS_MapPageSegment): Invalid length of repeating group: 0
false
false
false
ACbTsV8AAAAAAAAAAAAAAAAAAAAAAAAAAAAAAAAAAAAAAAAAAAA=
app
decodeAFP
MPS_MapPageSegment.java
53
com.mgz.afp.modca.MPS_MapPageSegment
false
app
decodeAFP
IAFPDecodeableWriteable.java
64
com.mgz.afp.exceptions.IAFPDecodeableWriteable
false
app
parseNextSFFromBuffer
AFPParser.java
466
com.mgz.afp.parser.AFPParser
false
app
parseNextSF
AFPParser.java
382
com.mgz.afp.parser.AFPParser
false
app
convertToXml
Afp2Xml.java
469
com.mgz.cli.Afp2Xml
false
app
execute
Afp2Xml.java
376
com.mgz.cli.Afp2Xml
false
app
main
Afp2Xml.java
65
com.mgz.cli.Afp2Xml
false
Invalid length of repeating group: 0
Invalid length of repeating group: 0
40645
MPS_MapPageSegment
Error at file offset 0x9EC5 (MPS_MapPageSegment): Invalid length of repeating group: 0
false
false
false
ACbTsV8AAAAAAAAAAAAAAAAAAAAAAAAAAAAAAAAAAAAAAAAAAAA=
app
decodeAFP
MPS_MapPageSegment.java
53
com.mgz.afp.modca.MPS_MapPageSegment
false
app
decodeAFP
IAFPDecodeableWriteable.java
64
com.mgz.afp.exceptions.IAFPDecodeableWriteable
false
app
parseNextSFFromBuffer
AFPParser.java
466
com.mgz.afp.parser.AFPParser
false
app
parseNextSF
AFPParser.java
382
com.mgz.afp.parser.AFPParser
false
app
convertToXml
Afp2Xml.java
469
com.mgz.cli.Afp2Xml
false
app
execute
Afp2Xml.java
376
com.mgz.cli.Afp2Xml
false
app
main
Afp2Xml.java
65
com.mgz.cli.Afp2Xml
false
Invalid length of repeating group: 0
Invalid length of repeating group: 0
40684
MPS_MapPageSegment
Error at file offset 0x9EEC (MPS_MapPageSegment): Invalid length of repeating group: 0
false
false
false
ACbTsV8AAAAAAAAAAAAAAAAAAAAAAAAAAAAAAAAAAAAAAAAAAAA=
app
decodeAFP
MPS_MapPageSegment.java
53
com.mgz.afp.modca.MPS_MapPageSegment
false
app
decodeAFP
IAFPDecodeableWriteable.java
64
com.mgz.afp.exceptions.IAFPDecodeableWriteable
false
app
parseNextSFFromBuffer
AFPParser.java
466
com.mgz.afp.parser.AFPParser
false
app
parseNextSF
AFPParser.java
382
com.mgz.afp.parser.AFPParser
false
app
convertToXml
Afp2Xml.java
469
com.mgz.cli.Afp2Xml
false
app
execute
Afp2Xml.java
376
com.mgz.cli.Afp2Xml
false
app
main
Afp2Xml.java
65
com.mgz.cli.Afp2Xml
false
Invalid length of repeating group: 0
Invalid length of repeating group: 0
40723
MPS_MapPageSegment
Error at file offset 0x9F13 (MPS_MapPageSegment): Invalid length of repeating group: 0
false
false
false
ACbTsV8AAAAAAAAAAAAAAAAAAAAAAAAAAAAAAAAAAAAAAAAAAAA=
app
decodeAFP
MPS_MapPageSegment.java
53
com.mgz.afp.modca.MPS_MapPageSegment
false
app
decodeAFP
IAFPDecodeableWriteable.java
64
com.mgz.afp.exceptions.IAFPDecodeableWriteable
false
app
parseNextSFFromBuffer
AFPParser.java
466
com.mgz.afp.parser.AFPParser
false
app
parseNextSF
AFPParser.java
382
com.mgz.afp.parser.AFPParser
false
app
convertToXml
Afp2Xml.java
469
com.mgz.cli.Afp2Xml
false
app
execute
Afp2Xml.java
376
com.mgz.cli.Afp2Xml
false
app
main
Afp2Xml.java
65
com.mgz.cli.Afp2Xml
false
Invalid length of repeating group: 0
Invalid length of repeating group: 0
40762
MPS_MapPageSegment
Error at file offset 0x9F3A (MPS_MapPageSegment): Invalid length of repeating group: 0
false
false
false
ACbTsV8AAAAAAAAAAAAAAAAAAAAAAAAAAAAAAAAAAAAAAAAAAAA=
app
decodeAFP
MPS_MapPageSegment.java
53
com.mgz.afp.modca.MPS_MapPageSegment
false
app
decodeAFP
IAFPDecodeableWriteable.java
64
com.mgz.afp.exceptions.IAFPDecodeableWriteable
false
app
parseNextSFFromBuffer
AFPParser.java
466
com.mgz.afp.parser.AFPParser
false
app
parseNextSF
AFPParser.java
382
com.mgz.afp.parser.AFPParser
false
app
convertToXml
Afp2Xml.java
469
com.mgz.cli.Afp2Xml
false
app
execute
Afp2Xml.java
376
com.mgz.cli.Afp2Xml
false
app
main
Afp2Xml.java
65
com.mgz.cli.Afp2Xml
false
Invalid length of repeating group: 0
Invalid length of repeating group: 0
40801
MPS_MapPageSegment
Error at file offset 0x9F61 (MPS_MapPageSegment): Invalid length of repeating group: 0
false
false
false
ACbTsV8AAAAAAAAAAAAAAAAAAAAAAAAAAAAAAAAAAAAAAAAAAAA=
app
decodeAFP
MPS_MapPageSegment.java
53
com.mgz.afp.modca.MPS_MapPageSegment
false
app
decodeAFP
IAFPDecodeableWriteable.java
64
com.mgz.afp.exceptions.IAFPDecodeableWriteable
false
app
parseNextSFFromBuffer
AFPParser.java
466
com.mgz.afp.parser.AFPParser
false
app
parseNextSF
AFPParser.java
382
com.mgz.afp.parser.AFPParser
false
app
convertToXml
Afp2Xml.java
469
com.mgz.cli.Afp2Xml
false
app
execute
Afp2Xml.java
376
com.mgz.cli.Afp2Xml
false
app
main
Afp2Xml.java
65
com.mgz.cli.Afp2Xml
false
Invalid length of repeating group: 0
Invalid length of repeating group: 0
40840
MPS_MapPageSegment
Error at file offset 0x9F88 (MPS_MapPageSegment): Invalid length of repeating group: 0
false
false
false
ABLTq/sAAAAAAAAAAAAAAAAA
app
decodeAFP
RepeatingGroupBase.java
44
com.mgz.afp.base.RepeatingGroupBase
false
app
decodeAFP
RepeatingGroupWithTriplets.java
59
com.mgz.afp.base.RepeatingGroupWithTriplets
false
app
decodeAFP
MIO_MapImageObject.java
42
com.mgz.afp.modca.MIO_MapImageObject
false
app
decodeAFP
IAFPDecodeableWriteable.java
64
com.mgz.afp.exceptions.IAFPDecodeableWriteable
false
app
parseNextSFFromBuffer
AFPParser.java
466
com.mgz.afp.parser.AFPParser
false
app
parseNextSF
AFPParser.java
382
com.mgz.afp.parser.AFPParser
false
app
convertToXml
Afp2Xml.java
469
com.mgz.cli.Afp2Xml
false
app
execute
Afp2Xml.java
376
com.mgz.cli.Afp2Xml
false
app
main
Afp2Xml.java
65
com.mgz.cli.Afp2Xml
false
Invalid repeating group length: 0. Minimum is 2.
Invalid repeating group length: 0. Minimum is 2.
40879
MIO_MapImageObject
Error at file offset 0x9FAF (MIO_MapImageObject): Invalid repeating group length: 0. Minimum is 2.
false
false
false
ABLTq/sAAAAAAAAAAAAAAAAA
app
decodeAFP
RepeatingGroupBase.java
44
com.mgz.afp.base.RepeatingGroupBase
false
app
decodeAFP
RepeatingGroupWithTriplets.java
59
com.mgz.afp.base.RepeatingGroupWithTriplets
false
app
decodeAFP
MIO_MapImageObject.java
42
com.mgz.afp.modca.MIO_MapImageObject
false
app
decodeAFP
IAFPDecodeableWriteable.java
64
com.mgz.afp.exceptions.IAFPDecodeableWriteable
false
app
parseNextSFFromBuffer
AFPParser.java
466
com.mgz.afp.parser.AFPParser
false
app
parseNextSF
AFPParser.java
382
com.mgz.afp.parser.AFPParser
false
app
convertToXml
Afp2Xml.java
469
com.mgz.cli.Afp2Xml
false
app
execute
Afp2Xml.java
376
com.mgz.cli.Afp2Xml
false
app
main
Afp2Xml.java
65
com.mgz.cli.Afp2Xml
false
Invalid repeating group length: 0. Minimum is 2.
Invalid repeating group length: 0. Minimum is 2.
40898
MIO_MapImageObject
Error at file offset 0x9FC2 (MIO_MapImageObject): Invalid repeating group length: 0. Minimum is 2.
false
false
false
ABLTq/sAAAAAAAAAAAAAAAAA
app
decodeAFP
RepeatingGroupBase.java
44
com.mgz.afp.base.RepeatingGroupBase
false
app
decodeAFP
RepeatingGroupWithTriplets.java
59
com.mgz.afp.base.RepeatingGroupWithTriplets
false
app
decodeAFP
MIO_MapImageObject.java
42
com.mgz.afp.modca.MIO_MapImageObject
false
app
decodeAFP
IAFPDecodeableWriteable.java
64
com.mgz.afp.exceptions.IAFPDecodeableWriteable
false
app
parseNextSFFromBuffer
AFPParser.java
466
com.mgz.afp.parser.AFPParser
false
app
parseNextSF
AFPParser.java
382
com.mgz.afp.parser.AFPParser
false
app
convertToXml
Afp2Xml.java
469
com.mgz.cli.Afp2Xml
false
app
execute
Afp2Xml.java
376
com.mgz.cli.Afp2Xml
false
app
main
Afp2Xml.java
65
com.mgz.cli.Afp2Xml
false
Invalid repeating group length: 0. Minimum is 2.
Invalid repeating group length: 0. Minimum is 2.
40917
MIO_MapImageObject
Error at file offset 0x9FD5 (MIO_MapImageObject): Invalid repeating group length: 0. Minimum is 2.
false
false
false
ABLTq/sAAAAAAAAAAAAAAAAA
app
decodeAFP
RepeatingGroupBase.java
44
com.mgz.afp.base.RepeatingGroupBase
false
app
decodeAFP
RepeatingGroupWithTriplets.java
59
com.mgz.afp.base.RepeatingGroupWithTriplets
false
app
decodeAFP
MIO_MapImageObject.java
42
com.mgz.afp.modca.MIO_MapImageObject
false
app
decodeAFP
IAFPDecodeableWriteable.java
64
com.mgz.afp.exceptions.IAFPDecodeableWriteable
false
app
parseNextSFFromBuffer
AFPParser.java
466
com.mgz.afp.parser.AFPParser
false
app
parseNextSF
AFPParser.java
382
com.mgz.afp.parser.AFPParser
false
app
convertToXml
Afp2Xml.java
469
com.mgz.cli.Afp2Xml
false
app
execute
Afp2Xml.java
376
com.mgz.cli.Afp2Xml
false
app
main
Afp2Xml.java
65
com.mgz.cli.Afp2Xml
false
Invalid repeating group length: 0. Minimum is 2.
Invalid repeating group length: 0. Minimum is 2.
40936
MIO_MapImageObject
Error at file offset 0x9FE8 (MIO_MapImageObject): Invalid repeating group length: 0. Minimum is 2.
false
false
false
ABLTq/sAAAAAAAAAAAAAAAAA
app
decodeAFP
RepeatingGroupBase.java
44
com.mgz.afp.base.RepeatingGroupBase
false
app
decodeAFP
RepeatingGroupWithTriplets.java
59
com.mgz.afp.base.RepeatingGroupWithTriplets
false
app
decodeAFP
MIO_MapImageObject.java
42
com.mgz.afp.modca.MIO_MapImageObject
false
app
decodeAFP
IAFPDecodeableWriteable.java
64
com.mgz.afp.exceptions.IAFPDecodeableWriteable
false
app
parseNextSFFromBuffer
AFPParser.java
466
com.mgz.afp.parser.AFPParser
false
app
parseNextSF
AFPParser.java
382
com.mgz.afp.parser.AFPParser
false
app
convertToXml
Afp2Xml.java
469
com.mgz.cli.Afp2Xml
false
app
execute
Afp2Xml.java
376
com.mgz.cli.Afp2Xml
false
app
main
Afp2Xml.java
65
com.mgz.cli.Afp2Xml
false
Invalid repeating group length: 0. Minimum is 2.
Invalid repeating group length: 0. Minimum is 2.
40955
MIO_MapImageObject
Error at file offset 0x9FFB (MIO_MapImageObject): Invalid repeating group length: 0. Minimum is 2.
false
false
false
ABLTq/sAAAAAAAAAAAAAAAAA
app
decodeAFP
RepeatingGroupBase.java
44
com.mgz.afp.base.RepeatingGroupBase
false
app
decodeAFP
RepeatingGroupWithTriplets.java
59
com.mgz.afp.base.RepeatingGroupWithTriplets
false
app
decodeAFP
MIO_MapImageObject.java
42
com.mgz.afp.modca.MIO_MapImageObject
false
app
decodeAFP
IAFPDecodeableWriteable.java
64
com.mgz.afp.exceptions.IAFPDecodeableWriteable
false
app
parseNextSFFromBuffer
AFPParser.java
466
com.mgz.afp.parser.AFPParser
false
app
parseNextSF
AFPParser.java
382
com.mgz.afp.parser.AFPParser
false
app
convertToXml
Afp2Xml.java
469
com.mgz.cli.Afp2Xml
false
app
execute
Afp2Xml.java
376
com.mgz.cli.Afp2Xml
false
app
main
Afp2Xml.java
65
com.mgz.cli.Afp2Xml
false
Invalid repeating group length: 0. Minimum is 2.
Invalid repeating group length: 0. Minimum is 2.
40974
MIO_MapImageObject
Error at file offset 0xA00E (MIO_MapImageObject): Invalid repeating group length: 0. Minimum is 2.
false
false
false
ABLTq/sAAAAAAAAAAAAAAAAA
app
decodeAFP
RepeatingGroupBase.java
44
com.mgz.afp.base.RepeatingGroupBase
false
app
decodeAFP
RepeatingGroupWithTriplets.java
59
com.mgz.afp.base.RepeatingGroupWithTriplets
false
app
decodeAFP
MIO_MapImageObject.java
42
com.mgz.afp.modca.MIO_MapImageObject
false
app
decodeAFP
IAFPDecodeableWriteable.java
64
com.mgz.afp.exceptions.IAFPDecodeableWriteable
false
app
parseNextSFFromBuffer
AFPParser.java
466
com.mgz.afp.parser.AFPParser
false
app
parseNextSF
AFPParser.java
382
com.mgz.afp.parser.AFPParser
false
app
convertToXml
Afp2Xml.java
469
com.mgz.cli.Afp2Xml
false
app
execute
Afp2Xml.java
376
com.mgz.cli.Afp2Xml
false
app
main
Afp2Xml.java
65
com.mgz.cli.Afp2Xml
false
Invalid repeating group length: 0. Minimum is 2.
Invalid repeating group length: 0. Minimum is 2.
40993
MIO_MapImageObject
Error at file offset 0xA021 (MIO_MapImageObject): Invalid repeating group length: 0. Minimum is 2.
false
false
false
ABLTq/sAAAAAAAAAAAAAAAAA
app
decodeAFP
RepeatingGroupBase.java
44
com.mgz.afp.base.RepeatingGroupBase
false
app
decodeAFP
RepeatingGroupWithTriplets.java
59
com.mgz.afp.base.RepeatingGroupWithTriplets
false
app
decodeAFP
MIO_MapImageObject.java
42
com.mgz.afp.modca.MIO_MapImageObject
false
app
decodeAFP
IAFPDecodeableWriteable.java
64
com.mgz.afp.exceptions.IAFPDecodeableWriteable
false
app
parseNextSFFromBuffer
AFPParser.java
466
com.mgz.afp.parser.AFPParser
false
app
parseNextSF
AFPParser.java
382
com.mgz.afp.parser.AFPParser
false
app
convertToXml
Afp2Xml.java
469
com.mgz.cli.Afp2Xml
false
app
execute
Afp2Xml.java
376
com.mgz.cli.Afp2Xml
false
app
main
Afp2Xml.java
65
com.mgz.cli.Afp2Xml
false
Invalid repeating group length: 0. Minimum is 2.
Invalid repeating group length: 0. Minimum is 2.
41012
MIO_MapImageObject
Error at file offset 0xA034 (MIO_MapImageObject): Invalid repeating group length: 0. Minimum is 2.
false
false
false
ABLTq/sAAAAAAAAAAAAAAAAA
app
decodeAFP
RepeatingGroupBase.java
44
com.mgz.afp.base.RepeatingGroupBase
false
app
decodeAFP
RepeatingGroupWithTriplets.java
59
com.mgz.afp.base.RepeatingGroupWithTriplets
false
app
decodeAFP
MIO_MapImageObject.java
42
com.mgz.afp.modca.MIO_MapImageObject
false
app
decodeAFP
IAFPDecodeableWriteable.java
64
com.mgz.afp.exceptions.IAFPDecodeableWriteable
false
app
parseNextSFFromBuffer
AFPParser.java
466
com.mgz.afp.parser.AFPParser
false
app
parseNextSF
AFPParser.java
382
com.mgz.afp.parser.AFPParser
false
app
convertToXml
Afp2Xml.java
469
com.mgz.cli.Afp2Xml
false
app
execute
Afp2Xml.java
376
com.mgz.cli.Afp2Xml
false
app
main
Afp2Xml.java
65
com.mgz.cli.Afp2Xml
false
Invalid repeating group length: 0. Minimum is 2.
Invalid repeating group length: 0. Minimum is 2.
41031
MIO_MapImageObject
Error at file offset 0xA047 (MIO_MapImageObject): Invalid repeating group length: 0. Minimum is 2.
false
false
false
ABLTq/sAAAAAAAAAAAAAAAAA
app
decodeAFP
RepeatingGroupBase.java
44
com.mgz.afp.base.RepeatingGroupBase
false
app
decodeAFP
RepeatingGroupWithTriplets.java
59
com.mgz.afp.base.RepeatingGroupWithTriplets
false
app
decodeAFP
MIO_MapImageObject.java
42
com.mgz.afp.modca.MIO_MapImageObject
false
app
decodeAFP
IAFPDecodeableWriteable.java
64
com.mgz.afp.exceptions.IAFPDecodeableWriteable
false
app
parseNextSFFromBuffer
AFPParser.java
466
com.mgz.afp.parser.AFPParser
false
app
parseNextSF
AFPParser.java
382
com.mgz.afp.parser.AFPParser
false
app
convertToXml
Afp2Xml.java
469
com.mgz.cli.Afp2Xml
false
app
execute
Afp2Xml.java
376
com.mgz.cli.Afp2Xml
false
app
main
Afp2Xml.java
65
com.mgz.cli.Afp2Xml
false
Invalid repeating group length: 0. Minimum is 2.
Invalid repeating group length: 0. Minimum is 2.
41050
MIO_MapImageObject
Error at file offset 0xA05A (MIO_MapImageObject): Invalid repeating group length: 0. Minimum is 2.
false
false
false
ABLTq/sAAAAAAAAAAAAAAAAA
app
decodeAFP
RepeatingGroupBase.java
44
com.mgz.afp.base.RepeatingGroupBase
false
app
decodeAFP
RepeatingGroupWithTriplets.java
59
com.mgz.afp.base.RepeatingGroupWithTriplets
false
app
decodeAFP
MIO_MapImageObject.java
42
com.mgz.afp.modca.MIO_MapImageObject
false
app
decodeAFP
IAFPDecodeableWriteable.java
64
com.mgz.afp.exceptions.IAFPDecodeableWriteable
false
app
parseNextSFFromBuffer
AFPParser.java
466
com.mgz.afp.parser.AFPParser
false
app
parseNextSF
AFPParser.java
382
com.mgz.afp.parser.AFPParser
false
app
convertToXml
Afp2Xml.java
469
com.mgz.cli.Afp2Xml
false
app
execute
Afp2Xml.java
376
com.mgz.cli.Afp2Xml
false
app
main
Afp2Xml.java
65
com.mgz.cli.Afp2Xml
false
Invalid repeating group length: 0. Minimum is 2.
Invalid repeating group length: 0. Minimum is 2.
41069
MIO_MapImageObject
Error at file offset 0xA06D (MIO_MapImageObject): Invalid repeating group length: 0. Minimum is 2.
false
false
false
ABLTq/sAAAAAAAAAAAAAAAAA
app
decodeAFP
RepeatingGroupBase.java
44
com.mgz.afp.base.RepeatingGroupBase
false
app
decodeAFP
RepeatingGroupWithTriplets.java
59
com.mgz.afp.base.RepeatingGroupWithTriplets
false
app
decodeAFP
MIO_MapImageObject.java
42
com.mgz.afp.modca.MIO_MapImageObject
false
app
decodeAFP
IAFPDecodeableWriteable.java
64
com.mgz.afp.exceptions.IAFPDecodeableWriteable
false
app
parseNextSFFromBuffer
AFPParser.java
466
com.mgz.afp.parser.AFPParser
false
app
parseNextSF
AFPParser.java
382
com.mgz.afp.parser.AFPParser
false
app
convertToXml
Afp2Xml.java
469
com.mgz.cli.Afp2Xml
false
app
execute
Afp2Xml.java
376
com.mgz.cli.Afp2Xml
false
app
main
Afp2Xml.java
65
com.mgz.cli.Afp2Xml
false
Invalid repeating group length: 0. Minimum is 2.
Invalid repeating group length: 0. Minimum is 2.
41088
MIO_MapImageObject
Error at file offset 0xA080 (MIO_MapImageObject): Invalid repeating group length: 0. Minimum is 2.
false
false
false
ABLTq/sAAAAAAAAAAAAAAAAA
app
decodeAFP
RepeatingGroupBase.java
44
com.mgz.afp.base.RepeatingGroupBase
false
app
decodeAFP
RepeatingGroupWithTriplets.java
59
com.mgz.afp.base.RepeatingGroupWithTriplets
false
app
decodeAFP
MIO_MapImageObject.java
42
com.mgz.afp.modca.MIO_MapImageObject
false
app
decodeAFP
IAFPDecodeableWriteable.java
64
com.mgz.afp.exceptions.IAFPDecodeableWriteable
false
app
parseNextSFFromBuffer
AFPParser.java
466
com.mgz.afp.parser.AFPParser
false
app
parseNextSF
AFPParser.java
382
com.mgz.afp.parser.AFPParser
false
app
convertToXml
Afp2Xml.java
469
com.mgz.cli.Afp2Xml
false
app
execute
Afp2Xml.java
376
com.mgz.cli.Afp2Xml
false
app
main
Afp2Xml.java
65
com.mgz.cli.Afp2Xml
false
Invalid repeating group length: 0. Minimum is 2.
Invalid repeating group length: 0. Minimum is 2.
41107
MIO_MapImageObject
Error at file offset 0xA093 (MIO_MapImageObject): Invalid repeating group length: 0. Minimum is 2.
false
false
false
ABLTq/sAAAAAAAAAAAAAAAAA
app
decodeAFP
RepeatingGroupBase.java
44
com.mgz.afp.base.RepeatingGroupBase
false
app
decodeAFP
RepeatingGroupWithTriplets.java
59
com.mgz.afp.base.RepeatingGroupWithTriplets
false
app
decodeAFP
MIO_MapImageObject.java
42
com.mgz.afp.modca.MIO_MapImageObject
false
app
decodeAFP
IAFPDecodeableWriteable.java
64
com.mgz.afp.exceptions.IAFPDecodeableWriteable
false
app
parseNextSFFromBuffer
AFPParser.java
466
com.mgz.afp.parser.AFPParser
false
app
parseNextSF
AFPParser.java
382
com.mgz.afp.parser.AFPParser
false
app
convertToXml
Afp2Xml.java
469
com.mgz.cli.Afp2Xml
false
app
execute
Afp2Xml.java
376
com.mgz.cli.Afp2Xml
false
app
main
Afp2Xml.java
65
com.mgz.cli.Afp2Xml
false
Invalid repeating group length: 0. Minimum is 2.
Invalid repeating group length: 0. Minimum is 2.
41126
MIO_MapImageObject
Error at file offset 0xA0A6 (MIO_MapImageObject): Invalid repeating group length: 0. Minimum is 2.
false
false
false
ABLTq/sAAAAAAAAAAAAAAAAA
app
decodeAFP
RepeatingGroupBase.java
44
com.mgz.afp.base.RepeatingGroupBase
false
app
decodeAFP
RepeatingGroupWithTriplets.java
59
com.mgz.afp.base.RepeatingGroupWithTriplets
false
app
decodeAFP
MIO_MapImageObject.java
42
com.mgz.afp.modca.MIO_MapImageObject
false
app
decodeAFP
IAFPDecodeableWriteable.java
64
com.mgz.afp.exceptions.IAFPDecodeableWriteable
false
app
parseNextSFFromBuffer
AFPParser.java
466
com.mgz.afp.parser.AFPParser
false
app
parseNextSF
AFPParser.java
382
com.mgz.afp.parser.AFPParser
false
app
convertToXml
Afp2Xml.java
469
com.mgz.cli.Afp2Xml
false
app
execute
Afp2Xml.java
376
com.mgz.cli.Afp2Xml
false
app
main
Afp2Xml.java
65
com.mgz.cli.Afp2Xml
false
Invalid repeating group length: 0. Minimum is 2.
Invalid repeating group length: 0. Minimum is 2.
41145
MIO_MapImageObject
Error at file offset 0xA0B9 (MIO_MapImageObject): Invalid repeating group length: 0. Minimum is 2.
false
false
false
ABLTq/sAAAAAAAAAAAAAAAAA
app
decodeAFP
RepeatingGroupBase.java
44
com.mgz.afp.base.RepeatingGroupBase
false
app
decodeAFP
RepeatingGroupWithTriplets.java
59
com.mgz.afp.base.RepeatingGroupWithTriplets
false
app
decodeAFP
MIO_MapImageObject.java
42
com.mgz.afp.modca.MIO_MapImageObject
false
app
decodeAFP
IAFPDecodeableWriteable.java
64
com.mgz.afp.exceptions.IAFPDecodeableWriteable
false
app
parseNextSFFromBuffer
AFPParser.java
466
com.mgz.afp.parser.AFPParser
false
app
parseNextSF
AFPParser.java
382
com.mgz.afp.parser.AFPParser
false
app
convertToXml
Afp2Xml.java
469
com.mgz.cli.Afp2Xml
false
app
execute
Afp2Xml.java
376
com.mgz.cli.Afp2Xml
false
app
main
Afp2Xml.java
65
com.mgz.cli.Afp2Xml
false
Invalid repeating group length: 0. Minimum is 2.
Invalid repeating group length: 0. Minimum is 2.
41164
MIO_MapImageObject
Error at file offset 0xA0CC (MIO_MapImageObject): Invalid repeating group length: 0. Minimum is 2.
false
false
false
ABLTq/sAAAAAAAAAAAAAAAAA
app
decodeAFP
RepeatingGroupBase.java
44
com.mgz.afp.base.RepeatingGroupBase
false
app
decodeAFP
RepeatingGroupWithTriplets.java
59
com.mgz.afp.base.RepeatingGroupWithTriplets
false
app
decodeAFP
MIO_MapImageObject.java
42
com.mgz.afp.modca.MIO_MapImageObject
false
app
decodeAFP
IAFPDecodeableWriteable.java
64
com.mgz.afp.exceptions.IAFPDecodeableWriteable
false
app
parseNextSFFromBuffer
AFPParser.java
466
com.mgz.afp.parser.AFPParser
false
app
parseNextSF
AFPParser.java
382
com.mgz.afp.parser.AFPParser
false
app
convertToXml
Afp2Xml.java
469
com.mgz.cli.Afp2Xml
false
app
execute
Afp2Xml.java
376
com.mgz.cli.Afp2Xml
false
app
main
Afp2Xml.java
65
com.mgz.cli.Afp2Xml
false
Invalid repeating group length: 0. Minimum is 2.
Invalid repeating group length: 0. Minimum is 2.
41183
MIO_MapImageObject
Error at file offset 0xA0DF (MIO_MapImageObject): Invalid repeating group length: 0. Minimum is 2.
false
false
false
ABLTq/sAAAAAAAAAAAAAAAAA
app
decodeAFP
RepeatingGroupBase.java
44
com.mgz.afp.base.RepeatingGroupBase
false
app
decodeAFP
RepeatingGroupWithTriplets.java
59
com.mgz.afp.base.RepeatingGroupWithTriplets
false
app
decodeAFP
MIO_MapImageObject.java
42
com.mgz.afp.modca.MIO_MapImageObject
false
app
decodeAFP
IAFPDecodeableWriteable.java
64
com.mgz.afp.exceptions.IAFPDecodeableWriteable
false
app
parseNextSFFromBuffer
AFPParser.java
466
com.mgz.afp.parser.AFPParser
false
app
parseNextSF
AFPParser.java
382
com.mgz.afp.parser.AFPParser
false
app
convertToXml
Afp2Xml.java
469
com.mgz.cli.Afp2Xml
false
app
execute
Afp2Xml.java
376
com.mgz.cli.Afp2Xml
false
app
main
Afp2Xml.java
65
com.mgz.cli.Afp2Xml
false
Invalid repeating group length: 0. Minimum is 2.
Invalid repeating group length: 0. Minimum is 2.
41202
MIO_MapImageObject
Error at file offset 0xA0F2 (MIO_MapImageObject): Invalid repeating group length: 0. Minimum is 2.
false
false
false
ABLTq/sAAAAAAAAAAAAAAAAA
app
decodeAFP
RepeatingGroupBase.java
44
com.mgz.afp.base.RepeatingGroupBase
false
app
decodeAFP
RepeatingGroupWithTriplets.java
59
com.mgz.afp.base.RepeatingGroupWithTriplets
false
app
decodeAFP
MIO_MapImageObject.java
42
com.mgz.afp.modca.MIO_MapImageObject
false
app
decodeAFP
IAFPDecodeableWriteable.java
64
com.mgz.afp.exceptions.IAFPDecodeableWriteable
false
app
parseNextSFFromBuffer
AFPParser.java
466
com.mgz.afp.parser.AFPParser
false
app
parseNextSF
AFPParser.java
382
com.mgz.afp.parser.AFPParser
false
app
convertToXml
Afp2Xml.java
469
com.mgz.cli.Afp2Xml
false
app
execute
Afp2Xml.java
376
com.mgz.cli.Afp2Xml
false
app
main
Afp2Xml.java
65
com.mgz.cli.Afp2Xml
false
Invalid repeating group length: 0. Minimum is 2.
Invalid repeating group length: 0. Minimum is 2.
41221
MIO_MapImageObject
Error at file offset 0xA105 (MIO_MapImageObject): Invalid repeating group length: 0. Minimum is 2.
false
false
false
ABLTq/sAAAAAAAAAAAAAAAAA
app
decodeAFP
RepeatingGroupBase.java
44
com.mgz.afp.base.RepeatingGroupBase
false
app
decodeAFP
RepeatingGroupWithTriplets.java
59
com.mgz.afp.base.RepeatingGroupWithTriplets
false
app
decodeAFP
MIO_MapImageObject.java
42
com.mgz.afp.modca.MIO_MapImageObject
false
app
decodeAFP
IAFPDecodeableWriteable.java
64
com.mgz.afp.exceptions.IAFPDecodeableWriteable
false
app
parseNextSFFromBuffer
AFPParser.java
466
com.mgz.afp.parser.AFPParser
false
app
parseNextSF
AFPParser.java
382
com.mgz.afp.parser.AFPParser
false
app
convertToXml
Afp2Xml.java
469
com.mgz.cli.Afp2Xml
false
app
execute
Afp2Xml.java
376
com.mgz.cli.Afp2Xml
false
app
main
Afp2Xml.java
65
com.mgz.cli.Afp2Xml
false
Invalid repeating group length: 0. Minimum is 2.
Invalid repeating group length: 0. Minimum is 2.
41240
MIO_MapImageObject
Error at file offset 0xA118 (MIO_MapImageObject): Invalid repeating group length: 0. Minimum is 2.
false
false
false
ABLTq/sAAAAAAAAAAAAAAAAA
app
decodeAFP
RepeatingGroupBase.java
44
com.mgz.afp.base.RepeatingGroupBase
false
app
decodeAFP
RepeatingGroupWithTriplets.java
59
com.mgz.afp.base.RepeatingGroupWithTriplets
false
app
decodeAFP
MIO_MapImageObject.java
42
com.mgz.afp.modca.MIO_MapImageObject
false
app
decodeAFP
IAFPDecodeableWriteable.java
64
com.mgz.afp.exceptions.IAFPDecodeableWriteable
false
app
parseNextSFFromBuffer
AFPParser.java
466
com.mgz.afp.parser.AFPParser
false
app
parseNextSF
AFPParser.java
382
com.mgz.afp.parser.AFPParser
false
app
convertToXml
Afp2Xml.java
469
com.mgz.cli.Afp2Xml
false
app
execute
Afp2Xml.java
376
com.mgz.cli.Afp2Xml
false
app
main
Afp2Xml.java
65
com.mgz.cli.Afp2Xml
false
Invalid repeating group length: 0. Minimum is 2.
Invalid repeating group length: 0. Minimum is 2.
41259
MIO_MapImageObject
Error at file offset 0xA12B (MIO_MapImageObject): Invalid repeating group length: 0. Minimum is 2.
false
false
false
ABLTq/sAAAAAAAAAAAAAAAAA
app
decodeAFP
RepeatingGroupBase.java
44
com.mgz.afp.base.RepeatingGroupBase
false
app
decodeAFP
RepeatingGroupWithTriplets.java
59
com.mgz.afp.base.RepeatingGroupWithTriplets
false
app
decodeAFP
MIO_MapImageObject.java
42
com.mgz.afp.modca.MIO_MapImageObject
false
app
decodeAFP
IAFPDecodeableWriteable.java
64
com.mgz.afp.exceptions.IAFPDecodeableWriteable
false
app
parseNextSFFromBuffer
AFPParser.java
466
com.mgz.afp.parser.AFPParser
false
app
parseNextSF
AFPParser.java
382
com.mgz.afp.parser.AFPParser
false
app
convertToXml
Afp2Xml.java
469
com.mgz.cli.Afp2Xml
false
app
execute
Afp2Xml.java
376
com.mgz.cli.Afp2Xml
false
app
main
Afp2Xml.java
65
com.mgz.cli.Afp2Xml
false
Invalid repeating group length: 0. Minimum is 2.
Invalid repeating group length: 0. Minimum is 2.
41278
MIO_MapImageObject
Error at file offset 0xA13E (MIO_MapImageObject): Invalid repeating group length: 0. Minimum is 2.
false
false
false
ABLTq/sAAAAAAAAAAAAAAAAA
app
decodeAFP
RepeatingGroupBase.java
44
com.mgz.afp.base.RepeatingGroupBase
false
app
decodeAFP
RepeatingGroupWithTriplets.java
59
com.mgz.afp.base.RepeatingGroupWithTriplets
false
app
decodeAFP
MIO_MapImageObject.java
42
com.mgz.afp.modca.MIO_MapImageObject
false
app
decodeAFP
IAFPDecodeableWriteable.java
64
com.mgz.afp.exceptions.IAFPDecodeableWriteable
false
app
parseNextSFFromBuffer
AFPParser.java
466
com.mgz.afp.parser.AFPParser
false
app
parseNextSF
AFPParser.java
382
com.mgz.afp.parser.AFPParser
false
app
convertToXml
Afp2Xml.java
469
com.mgz.cli.Afp2Xml
false
app
execute
Afp2Xml.java
376
com.mgz.cli.Afp2Xml
false
app
main
Afp2Xml.java
65
com.mgz.cli.Afp2Xml
false
Invalid repeating group length: 0. Minimum is 2.
Invalid repeating group length: 0. Minimum is 2.
41297
MIO_MapImageObject
Error at file offset 0xA151 (MIO_MapImageObject): Invalid repeating group length: 0. Minimum is 2.
false
false
false
ABLTq/sAAAAAAAAAAAAAAAAA
app
decodeAFP
RepeatingGroupBase.java
44
com.mgz.afp.base.RepeatingGroupBase
false
app
decodeAFP
RepeatingGroupWithTriplets.java
59
com.mgz.afp.base.RepeatingGroupWithTriplets
false
app
decodeAFP
MIO_MapImageObject.java
42
com.mgz.afp.modca.MIO_MapImageObject
false
app
decodeAFP
IAFPDecodeableWriteable.java
64
com.mgz.afp.exceptions.IAFPDecodeableWriteable
false
app
parseNextSFFromBuffer
AFPParser.java
466
com.mgz.afp.parser.AFPParser
false
app
parseNextSF
AFPParser.java
382
com.mgz.afp.parser.AFPParser
false
app
convertToXml
Afp2Xml.java
469
com.mgz.cli.Afp2Xml
false
app
execute
Afp2Xml.java
376
com.mgz.cli.Afp2Xml
false
app
main
Afp2Xml.java
65
com.mgz.cli.Afp2Xml
false
Invalid repeating group length: 0. Minimum is 2.
Invalid repeating group length: 0. Minimum is 2.
41316
MIO_MapImageObject
Error at file offset 0xA164 (MIO_MapImageObject): Invalid repeating group length: 0. Minimum is 2.
false
false
false
ABLTq/sAAAAAAAAAAAAAAAAA
app
decodeAFP
RepeatingGroupBase.java
44
com.mgz.afp.base.RepeatingGroupBase
false
app
decodeAFP
RepeatingGroupWithTriplets.java
59
com.mgz.afp.base.RepeatingGroupWithTriplets
false
app
decodeAFP
MIO_MapImageObject.java
42
com.mgz.afp.modca.MIO_MapImageObject
false
app
decodeAFP
IAFPDecodeableWriteable.java
64
com.mgz.afp.exceptions.IAFPDecodeableWriteable
false
app
parseNextSFFromBuffer
AFPParser.java
466
com.mgz.afp.parser.AFPParser
false
app
parseNextSF
AFPParser.java
382
com.mgz.afp.parser.AFPParser
false
app
convertToXml
Afp2Xml.java
469
com.mgz.cli.Afp2Xml
false
app
execute
Afp2Xml.java
376
com.mgz.cli.Afp2Xml
false
app
main
Afp2Xml.java
65
com.mgz.cli.Afp2Xml
false
Invalid repeating group length: 0. Minimum is 2.
Invalid repeating group length: 0. Minimum is 2.
41335
MIO_MapImageObject
Error at file offset 0xA177 (MIO_MapImageObject): Invalid repeating group length: 0. Minimum is 2.
false
false
false
ABLTq/sAAAAAAAAAAAAAAAAA
app
decodeAFP
RepeatingGroupBase.java
44
com.mgz.afp.base.RepeatingGroupBase
false
app
decodeAFP
RepeatingGroupWithTriplets.java
59
com.mgz.afp.base.RepeatingGroupWithTriplets
false
app
decodeAFP
MIO_MapImageObject.java
42
com.mgz.afp.modca.MIO_MapImageObject
false
app
decodeAFP
IAFPDecodeableWriteable.java
64
com.mgz.afp.exceptions.IAFPDecodeableWriteable
false
app
parseNextSFFromBuffer
AFPParser.java
466
com.mgz.afp.parser.AFPParser
false
app
parseNextSF
AFPParser.java
382
com.mgz.afp.parser.AFPParser
false
app
convertToXml
Afp2Xml.java
469
com.mgz.cli.Afp2Xml
false
app
execute
Afp2Xml.java
376
com.mgz.cli.Afp2Xml
false
app
main
Afp2Xml.java
65
com.mgz.cli.Afp2Xml
false
Invalid repeating group length: 0. Minimum is 2.
Invalid repeating group length: 0. Minimum is 2.
41354
MIO_MapImageObject
Error at file offset 0xA18A (MIO_MapImageObject): Invalid repeating group length: 0. Minimum is 2.
false
false
false
ABLTq/sAAAAAAAAAAAAAAAAA
app
decodeAFP
RepeatingGroupBase.java
44
com.mgz.afp.base.RepeatingGroupBase
false
app
decodeAFP
RepeatingGroupWithTriplets.java
59
com.mgz.afp.base.RepeatingGroupWithTriplets
false
app
decodeAFP
MIO_MapImageObject.java
42
com.mgz.afp.modca.MIO_MapImageObject
false
app
decodeAFP
IAFPDecodeableWriteable.java
64
com.mgz.afp.exceptions.IAFPDecodeableWriteable
false
app
parseNextSFFromBuffer
AFPParser.java
466
com.mgz.afp.parser.AFPParser
false
app
parseNextSF
AFPParser.java
382
com.mgz.afp.parser.AFPParser
false
app
convertToXml
Afp2Xml.java
469
com.mgz.cli.Afp2Xml
false
app
execute
Afp2Xml.java
376
com.mgz.cli.Afp2Xml
false
app
main
Afp2Xml.java
65
com.mgz.cli.Afp2Xml
false
Invalid repeating group length: 0. Minimum is 2.
Invalid repeating group length: 0. Minimum is 2.
41373
MIO_MapImageObject
Error at file offset 0xA19D (MIO_MapImageObject): Invalid repeating group length: 0. Minimum is 2.
false
false
false
ABLTq/sAAAAAAAAAAAAAAAAA
app
decodeAFP
RepeatingGroupBase.java
44
com.mgz.afp.base.RepeatingGroupBase
false
app
decodeAFP
RepeatingGroupWithTriplets.java
59
com.mgz.afp.base.RepeatingGroupWithTriplets
false
app
decodeAFP
MIO_MapImageObject.java
42
com.mgz.afp.modca.MIO_MapImageObject
false
app
decodeAFP
IAFPDecodeableWriteable.java
64
com.mgz.afp.exceptions.IAFPDecodeableWriteable
false
app
parseNextSFFromBuffer
AFPParser.java
466
com.mgz.afp.parser.AFPParser
false
app
parseNextSF
AFPParser.java
382
com.mgz.afp.parser.AFPParser
false
app
convertToXml
Afp2Xml.java
469
com.mgz.cli.Afp2Xml
false
app
execute
Afp2Xml.java
376
com.mgz.cli.Afp2Xml
false
app
main
Afp2Xml.java
65
com.mgz.cli.Afp2Xml
false
Invalid repeating group length: 0. Minimum is 2.
Invalid repeating group length: 0. Minimum is 2.
41392
MIO_MapImageObject
Error at file offset 0xA1B0 (MIO_MapImageObject): Invalid repeating group length: 0. Minimum is 2.
false
false
false
ABLTq/sAAAAAAAAAAAAAAAAA
app
decodeAFP
RepeatingGroupBase.java
44
com.mgz.afp.base.RepeatingGroupBase
false
app
decodeAFP
RepeatingGroupWithTriplets.java
59
com.mgz.afp.base.RepeatingGroupWithTriplets
false
app
decodeAFP
MIO_MapImageObject.java
42
com.mgz.afp.modca.MIO_MapImageObject
false
app
decodeAFP
IAFPDecodeableWriteable.java
64
com.mgz.afp.exceptions.IAFPDecodeableWriteable
false
app
parseNextSFFromBuffer
AFPParser.java
466
com.mgz.afp.parser.AFPParser
false
app
parseNextSF
AFPParser.java
382
com.mgz.afp.parser.AFPParser
false
app
convertToXml
Afp2Xml.java
469
com.mgz.cli.Afp2Xml
false
app
execute
Afp2Xml.java
376
com.mgz.cli.Afp2Xml
false
app
main
Afp2Xml.java
65
com.mgz.cli.Afp2Xml
false
Invalid repeating group length: 0. Minimum is 2.
Invalid repeating group length: 0. Minimum is 2.
41411
MIO_MapImageObject
Error at file offset 0xA1C3 (MIO_MapImageObject): Invalid repeating group length: 0. Minimum is 2.
false
false
false
ABLTq/sAAAAAAAAAAAAAAAAA
app
decodeAFP
RepeatingGroupBase.java
44
com.mgz.afp.base.RepeatingGroupBase
false
app
decodeAFP
RepeatingGroupWithTriplets.java
59
com.mgz.afp.base.RepeatingGroupWithTriplets
false
app
decodeAFP
MIO_MapImageObject.java
42
com.mgz.afp.modca.MIO_MapImageObject
false
app
decodeAFP
IAFPDecodeableWriteable.java
64
com.mgz.afp.exceptions.IAFPDecodeableWriteable
false
app
parseNextSFFromBuffer
AFPParser.java
466
com.mgz.afp.parser.AFPParser
false
app
parseNextSF
AFPParser.java
382
com.mgz.afp.parser.AFPParser
false
app
convertToXml
Afp2Xml.java
469
com.mgz.cli.Afp2Xml
false
app
execute
Afp2Xml.java
376
com.mgz.cli.Afp2Xml
false
app
main
Afp2Xml.java
65
com.mgz.cli.Afp2Xml
false
Invalid repeating group length: 0. Minimum is 2.
Invalid repeating group length: 0. Minimum is 2.
41430
MIO_MapImageObject
Error at file offset 0xA1D6 (MIO_MapImageObject): Invalid repeating group length: 0. Minimum is 2.
false
false
false
ABLTq/sAAAAAAAAAAAAAAAAA
app
decodeAFP
RepeatingGroupBase.java
44
com.mgz.afp.base.RepeatingGroupBase
false
app
decodeAFP
RepeatingGroupWithTriplets.java
59
com.mgz.afp.base.RepeatingGroupWithTriplets
false
app
decodeAFP
MIO_MapImageObject.java
42
com.mgz.afp.modca.MIO_MapImageObject
false
app
decodeAFP
IAFPDecodeableWriteable.java
64
com.mgz.afp.exceptions.IAFPDecodeableWriteable
false
app
parseNextSFFromBuffer
AFPParser.java
466
com.mgz.afp.parser.AFPParser
false
app
parseNextSF
AFPParser.java
382
com.mgz.afp.parser.AFPParser
false
app
convertToXml
Afp2Xml.java
469
com.mgz.cli.Afp2Xml
false
app
execute
Afp2Xml.java
376
com.mgz.cli.Afp2Xml
false
app
main
Afp2Xml.java
65
com.mgz.cli.Afp2Xml
false
Invalid repeating group length: 0. Minimum is 2.
Invalid repeating group length: 0. Minimum is 2.
41449
MIO_MapImageObject
Error at file offset 0xA1E9 (MIO_MapImageObject): Invalid repeating group length: 0. Minimum is 2.
false
false
false
ABLTq/sAAAAAAAAAAAAAAAAA
app
decodeAFP
RepeatingGroupBase.java
44
com.mgz.afp.base.RepeatingGroupBase
false
app
decodeAFP
RepeatingGroupWithTriplets.java
59
com.mgz.afp.base.RepeatingGroupWithTriplets
false
app
decodeAFP
MIO_MapImageObject.java
42
com.mgz.afp.modca.MIO_MapImageObject
false
app
decodeAFP
IAFPDecodeableWriteable.java
64
com.mgz.afp.exceptions.IAFPDecodeableWriteable
false
app
parseNextSFFromBuffer
AFPParser.java
466
com.mgz.afp.parser.AFPParser
false
app
parseNextSF
AFPParser.java
382
com.mgz.afp.parser.AFPParser
false
app
convertToXml
Afp2Xml.java
469
com.mgz.cli.Afp2Xml
false
app
execute
Afp2Xml.java
376
com.mgz.cli.Afp2Xml
false
app
main
Afp2Xml.java
65
com.mgz.cli.Afp2Xml
false
Invalid repeating group length: 0. Minimum is 2.
Invalid repeating group length: 0. Minimum is 2.
41468
MIO_MapImageObject
Error at file offset 0xA1FC (MIO_MapImageObject): Invalid repeating group length: 0. Minimum is 2.
false
false
false
ABLTq/sAAAAAAAAAAAAAAAAA
app
decodeAFP
RepeatingGroupBase.java
44
com.mgz.afp.base.RepeatingGroupBase
false
app
decodeAFP
RepeatingGroupWithTriplets.java
59
com.mgz.afp.base.RepeatingGroupWithTriplets
false
app
decodeAFP
MIO_MapImageObject.java
42
com.mgz.afp.modca.MIO_MapImageObject
false
app
decodeAFP
IAFPDecodeableWriteable.java
64
com.mgz.afp.exceptions.IAFPDecodeableWriteable
false
app
parseNextSFFromBuffer
AFPParser.java
466
com.mgz.afp.parser.AFPParser
false
app
parseNextSF
AFPParser.java
382
com.mgz.afp.parser.AFPParser
false
app
convertToXml
Afp2Xml.java
469
com.mgz.cli.Afp2Xml
false
app
execute
Afp2Xml.java
376
com.mgz.cli.Afp2Xml
false
app
main
Afp2Xml.java
65
com.mgz.cli.Afp2Xml
false
Invalid repeating group length: 0. Minimum is 2.
Invalid repeating group length: 0. Minimum is 2.
41487
MIO_MapImageObject
Error at file offset 0xA20F (MIO_MapImageObject): Invalid repeating group length: 0. Minimum is 2.
false
false
false
ABLTq/sAAAAAAAAAAAAAAAAA
app
decodeAFP
RepeatingGroupBase.java
44
com.mgz.afp.base.RepeatingGroupBase
false
app
decodeAFP
RepeatingGroupWithTriplets.java
59
com.mgz.afp.base.RepeatingGroupWithTriplets
false
app
decodeAFP
MIO_MapImageObject.java
42
com.mgz.afp.modca.MIO_MapImageObject
false
app
decodeAFP
IAFPDecodeableWriteable.java
64
com.mgz.afp.exceptions.IAFPDecodeableWriteable
false
app
parseNextSFFromBuffer
AFPParser.java
466
com.mgz.afp.parser.AFPParser
false
app
parseNextSF
AFPParser.java
382
com.mgz.afp.parser.AFPParser
false
app
convertToXml
Afp2Xml.java
469
com.mgz.cli.Afp2Xml
false
app
execute
Afp2Xml.java
376
com.mgz.cli.Afp2Xml
false
app
main
Afp2Xml.java
65
com.mgz.cli.Afp2Xml
false
Invalid repeating group length: 0. Minimum is 2.
Invalid repeating group length: 0. Minimum is 2.
41506
MIO_MapImageObject
Error at file offset 0xA222 (MIO_MapImageObject): Invalid repeating group length: 0. Minimum is 2.
false
false
false
ABLTq/sAAAAAAAAAAAAAAAAA
app
decodeAFP
RepeatingGroupBase.java
44
com.mgz.afp.base.RepeatingGroupBase
false
app
decodeAFP
RepeatingGroupWithTriplets.java
59
com.mgz.afp.base.RepeatingGroupWithTriplets
false
app
decodeAFP
MIO_MapImageObject.java
42
com.mgz.afp.modca.MIO_MapImageObject
false
app
decodeAFP
IAFPDecodeableWriteable.java
64
com.mgz.afp.exceptions.IAFPDecodeableWriteable
false
app
parseNextSFFromBuffer
AFPParser.java
466
com.mgz.afp.parser.AFPParser
false
app
parseNextSF
AFPParser.java
382
com.mgz.afp.parser.AFPParser
false
app
convertToXml
Afp2Xml.java
469
com.mgz.cli.Afp2Xml
false
app
execute
Afp2Xml.java
376
com.mgz.cli.Afp2Xml
false
app
main
Afp2Xml.java
65
com.mgz.cli.Afp2Xml
false
Invalid repeating group length: 0. Minimum is 2.
Invalid repeating group length: 0. Minimum is 2.
41525
MIO_MapImageObject
Error at file offset 0xA235 (MIO_MapImageObject): Invalid repeating group length: 0. Minimum is 2.
false
false
false
ABLTq/sAAAAAAAAAAAAAAAAA
app
decodeAFP
RepeatingGroupBase.java
44
com.mgz.afp.base.RepeatingGroupBase
false
app
decodeAFP
RepeatingGroupWithTriplets.java
59
com.mgz.afp.base.RepeatingGroupWithTriplets
false
app
decodeAFP
MIO_MapImageObject.java
42
com.mgz.afp.modca.MIO_MapImageObject
false
app
decodeAFP
IAFPDecodeableWriteable.java
64
com.mgz.afp.exceptions.IAFPDecodeableWriteable
false
app
parseNextSFFromBuffer
AFPParser.java
466
com.mgz.afp.parser.AFPParser
false
app
parseNextSF
AFPParser.java
382
com.mgz.afp.parser.AFPParser
false
app
convertToXml
Afp2Xml.java
469
com.mgz.cli.Afp2Xml
false
app
execute
Afp2Xml.java
376
com.mgz.cli.Afp2Xml
false
app
main
Afp2Xml.java
65
com.mgz.cli.Afp2Xml
false
Invalid repeating group length: 0. Minimum is 2.
Invalid repeating group length: 0. Minimum is 2.
41544
MIO_MapImageObject
Error at file offset 0xA248 (MIO_MapImageObject): Invalid repeating group length: 0. Minimum is 2.
false
false
false
ABLTq/sAAAAAAAAAAAAAAAAA
app
decodeAFP
RepeatingGroupBase.java
44
com.mgz.afp.base.RepeatingGroupBase
false
app
decodeAFP
RepeatingGroupWithTriplets.java
59
com.mgz.afp.base.RepeatingGroupWithTriplets
false
app
decodeAFP
MIO_MapImageObject.java
42
com.mgz.afp.modca.MIO_MapImageObject
false
app
decodeAFP
IAFPDecodeableWriteable.java
64
com.mgz.afp.exceptions.IAFPDecodeableWriteable
false
app
parseNextSFFromBuffer
AFPParser.java
466
com.mgz.afp.parser.AFPParser
false
app
parseNextSF
AFPParser.java
382
com.mgz.afp.parser.AFPParser
false
app
convertToXml
Afp2Xml.java
469
com.mgz.cli.Afp2Xml
false
app
execute
Afp2Xml.java
376
com.mgz.cli.Afp2Xml
false
app
main
Afp2Xml.java
65
com.mgz.cli.Afp2Xml
false
Invalid repeating group length: 0. Minimum is 2.
Invalid repeating group length: 0. Minimum is 2.
41563
MIO_MapImageObject
Error at file offset 0xA25B (MIO_MapImageObject): Invalid repeating group length: 0. Minimum is 2.
false
false
false
ABLTq/sAAAAAAAAAAAAAAAAA
app
decodeAFP
RepeatingGroupBase.java
44
com.mgz.afp.base.RepeatingGroupBase
false
app
decodeAFP
RepeatingGroupWithTriplets.java
59
com.mgz.afp.base.RepeatingGroupWithTriplets
false
app
decodeAFP
MIO_MapImageObject.java
42
com.mgz.afp.modca.MIO_MapImageObject
false
app
decodeAFP
IAFPDecodeableWriteable.java
64
com.mgz.afp.exceptions.IAFPDecodeableWriteable
false
app
parseNextSFFromBuffer
AFPParser.java
466
com.mgz.afp.parser.AFPParser
false
app
parseNextSF
AFPParser.java
382
com.mgz.afp.parser.AFPParser
false
app
convertToXml
Afp2Xml.java
469
com.mgz.cli.Afp2Xml
false
app
execute
Afp2Xml.java
376
com.mgz.cli.Afp2Xml
false
app
main
Afp2Xml.java
65
com.mgz.cli.Afp2Xml
false
Invalid repeating group length: 0. Minimum is 2.
Invalid repeating group length: 0. Minimum is 2.
41582
MIO_MapImageObject
Error at file offset 0xA26E (MIO_MapImageObject): Invalid repeating group length: 0. Minimum is 2.
false
false
false
ABLTq/sAAAAAAAAAAAAAAAAA
app
decodeAFP
RepeatingGroupBase.java
44
com.mgz.afp.base.RepeatingGroupBase
false
app
decodeAFP
RepeatingGroupWithTriplets.java
59
com.mgz.afp.base.RepeatingGroupWithTriplets
false
app
decodeAFP
MIO_MapImageObject.java
42
com.mgz.afp.modca.MIO_MapImageObject
false
app
decodeAFP
IAFPDecodeableWriteable.java
64
com.mgz.afp.exceptions.IAFPDecodeableWriteable
false
app
parseNextSFFromBuffer
AFPParser.java
466
com.mgz.afp.parser.AFPParser
false
app
parseNextSF
AFPParser.java
382
com.mgz.afp.parser.AFPParser
false
app
convertToXml
Afp2Xml.java
469
com.mgz.cli.Afp2Xml
false
app
execute
Afp2Xml.java
376
com.mgz.cli.Afp2Xml
false
app
main
Afp2Xml.java
65
com.mgz.cli.Afp2Xml
false
Invalid repeating group length: 0. Minimum is 2.
Invalid repeating group length: 0. Minimum is 2.
41601
MIO_MapImageObject
Error at file offset 0xA281 (MIO_MapImageObject): Invalid repeating group length: 0. Minimum is 2.
false
false
false
ABLTq/sAAAAAAAAAAAAAAAAA
app
decodeAFP
RepeatingGroupBase.java
44
com.mgz.afp.base.RepeatingGroupBase
false
app
decodeAFP
RepeatingGroupWithTriplets.java
59
com.mgz.afp.base.RepeatingGroupWithTriplets
false
app
decodeAFP
MIO_MapImageObject.java
42
com.mgz.afp.modca.MIO_MapImageObject
false
app
decodeAFP
IAFPDecodeableWriteable.java
64
com.mgz.afp.exceptions.IAFPDecodeableWriteable
false
app
parseNextSFFromBuffer
AFPParser.java
466
com.mgz.afp.parser.AFPParser
false
app
parseNextSF
AFPParser.java
382
com.mgz.afp.parser.AFPParser
false
app
convertToXml
Afp2Xml.java
469
com.mgz.cli.Afp2Xml
false
app
execute
Afp2Xml.java
376
com.mgz.cli.Afp2Xml
false
app
main
Afp2Xml.java
65
com.mgz.cli.Afp2Xml
false
Invalid repeating group length: 0. Minimum is 2.
Invalid repeating group length: 0. Minimum is 2.
41620
MIO_MapImageObject
Error at file offset 0xA294 (MIO_MapImageObject): Invalid repeating group length: 0. Minimum is 2.
false
false
false
ABLTq/sAAAAAAAAAAAAAAAAA
app
decodeAFP
RepeatingGroupBase.java
44
com.mgz.afp.base.RepeatingGroupBase
false
app
decodeAFP
RepeatingGroupWithTriplets.java
59
com.mgz.afp.base.RepeatingGroupWithTriplets
false
app
decodeAFP
MIO_MapImageObject.java
42
com.mgz.afp.modca.MIO_MapImageObject
false
app
decodeAFP
IAFPDecodeableWriteable.java
64
com.mgz.afp.exceptions.IAFPDecodeableWriteable
false
app
parseNextSFFromBuffer
AFPParser.java
466
com.mgz.afp.parser.AFPParser
false
app
parseNextSF
AFPParser.java
382
com.mgz.afp.parser.AFPParser
false
app
convertToXml
Afp2Xml.java
469
com.mgz.cli.Afp2Xml
false
app
execute
Afp2Xml.java
376
com.mgz.cli.Afp2Xml
false
app
main
Afp2Xml.java
65
com.mgz.cli.Afp2Xml
false
Invalid repeating group length: 0. Minimum is 2.
Invalid repeating group length: 0. Minimum is 2.
41639
MIO_MapImageObject
Error at file offset 0xA2A7 (MIO_MapImageObject): Invalid repeating group length: 0. Minimum is 2.
false
false
false
ABLTq/sAAAAAAAAAAAAAAAAA
app
decodeAFP
RepeatingGroupBase.java
44
com.mgz.afp.base.RepeatingGroupBase
false
app
decodeAFP
RepeatingGroupWithTriplets.java
59
com.mgz.afp.base.RepeatingGroupWithTriplets
false
app
decodeAFP
MIO_MapImageObject.java
42
com.mgz.afp.modca.MIO_MapImageObject
false
app
decodeAFP
IAFPDecodeableWriteable.java
64
com.mgz.afp.exceptions.IAFPDecodeableWriteable
false
app
parseNextSFFromBuffer
AFPParser.java
466
com.mgz.afp.parser.AFPParser
false
app
parseNextSF
AFPParser.java
382
com.mgz.afp.parser.AFPParser
false
app
convertToXml
Afp2Xml.java
469
com.mgz.cli.Afp2Xml
false
app
execute
Afp2Xml.java
376
com.mgz.cli.Afp2Xml
false
app
main
Afp2Xml.java
65
com.mgz.cli.Afp2Xml
false
Invalid repeating group length: 0. Minimum is 2.
Invalid repeating group length: 0. Minimum is 2.
41658
MIO_MapImageObject
Error at file offset 0xA2BA (MIO_MapImageObject): Invalid repeating group length: 0. Minimum is 2.
false
false
false
ABLTq/sAAAAAAAAAAAAAAAAA
app
decodeAFP
RepeatingGroupBase.java
44
com.mgz.afp.base.RepeatingGroupBase
false
app
decodeAFP
RepeatingGroupWithTriplets.java
59
com.mgz.afp.base.RepeatingGroupWithTriplets
false
app
decodeAFP
MIO_MapImageObject.java
42
com.mgz.afp.modca.MIO_MapImageObject
false
app
decodeAFP
IAFPDecodeableWriteable.java
64
com.mgz.afp.exceptions.IAFPDecodeableWriteable
false
app
parseNextSFFromBuffer
AFPParser.java
466
com.mgz.afp.parser.AFPParser
false
app
parseNextSF
AFPParser.java
382
com.mgz.afp.parser.AFPParser
false
app
convertToXml
Afp2Xml.java
469
com.mgz.cli.Afp2Xml
false
app
execute
Afp2Xml.java
376
com.mgz.cli.Afp2Xml
false
app
main
Afp2Xml.java
65
com.mgz.cli.Afp2Xml
false
Invalid repeating group length: 0. Minimum is 2.
Invalid repeating group length: 0. Minimum is 2.
41677
MIO_MapImageObject
Error at file offset 0xA2CD (MIO_MapImageObject): Invalid repeating group length: 0. Minimum is 2.
false
false
false
ABLTq/sAAAAAAAAAAAAAAAAA
app
decodeAFP
RepeatingGroupBase.java
44
com.mgz.afp.base.RepeatingGroupBase
false
app
decodeAFP
RepeatingGroupWithTriplets.java
59
com.mgz.afp.base.RepeatingGroupWithTriplets
false
app
decodeAFP
MIO_MapImageObject.java
42
com.mgz.afp.modca.MIO_MapImageObject
false
app
decodeAFP
IAFPDecodeableWriteable.java
64
com.mgz.afp.exceptions.IAFPDecodeableWriteable
false
app
parseNextSFFromBuffer
AFPParser.java
466
com.mgz.afp.parser.AFPParser
false
app
parseNextSF
AFPParser.java
382
com.mgz.afp.parser.AFPParser
false
app
convertToXml
Afp2Xml.java
469
com.mgz.cli.Afp2Xml
false
app
execute
Afp2Xml.java
376
com.mgz.cli.Afp2Xml
false
app
main
Afp2Xml.java
65
com.mgz.cli.Afp2Xml
false
Invalid repeating group length: 0. Minimum is 2.
Invalid repeating group length: 0. Minimum is 2.
41696
MIO_MapImageObject
Error at file offset 0xA2E0 (MIO_MapImageObject): Invalid repeating group length: 0. Minimum is 2.
false
false
false
ABLTq/sAAAAAAAAAAAAAAAAA
app
decodeAFP
RepeatingGroupBase.java
44
com.mgz.afp.base.RepeatingGroupBase
false
app
decodeAFP
RepeatingGroupWithTriplets.java
59
com.mgz.afp.base.RepeatingGroupWithTriplets
false
app
decodeAFP
MIO_MapImageObject.java
42
com.mgz.afp.modca.MIO_MapImageObject
false
app
decodeAFP
IAFPDecodeableWriteable.java
64
com.mgz.afp.exceptions.IAFPDecodeableWriteable
false
app
parseNextSFFromBuffer
AFPParser.java
466
com.mgz.afp.parser.AFPParser
false
app
parseNextSF
AFPParser.java
382
com.mgz.afp.parser.AFPParser
false
app
convertToXml
Afp2Xml.java
469
com.mgz.cli.Afp2Xml
false
app
execute
Afp2Xml.java
376
com.mgz.cli.Afp2Xml
false
app
main
Afp2Xml.java
65
com.mgz.cli.Afp2Xml
false
Invalid repeating group length: 0. Minimum is 2.
Invalid repeating group length: 0. Minimum is 2.
41715
MIO_MapImageObject
Error at file offset 0xA2F3 (MIO_MapImageObject): Invalid repeating group length: 0. Minimum is 2.
false
false
false
ABLTq/sAAAAAAAAAAAAAAAAA
app
decodeAFP
RepeatingGroupBase.java
44
com.mgz.afp.base.RepeatingGroupBase
false
app
decodeAFP
RepeatingGroupWithTriplets.java
59
com.mgz.afp.base.RepeatingGroupWithTriplets
false
app
decodeAFP
MIO_MapImageObject.java
42
com.mgz.afp.modca.MIO_MapImageObject
false
app
decodeAFP
IAFPDecodeableWriteable.java
64
com.mgz.afp.exceptions.IAFPDecodeableWriteable
false
app
parseNextSFFromBuffer
AFPParser.java
466
com.mgz.afp.parser.AFPParser
false
app
parseNextSF
AFPParser.java
382
com.mgz.afp.parser.AFPParser
false
app
convertToXml
Afp2Xml.java
469
com.mgz.cli.Afp2Xml
false
app
execute
Afp2Xml.java
376
com.mgz.cli.Afp2Xml
false
app
main
Afp2Xml.java
65
com.mgz.cli.Afp2Xml
false
Invalid repeating group length: 0. Minimum is 2.
Invalid repeating group length: 0. Minimum is 2.
41734
MIO_MapImageObject
Error at file offset 0xA306 (MIO_MapImageObject): Invalid repeating group length: 0. Minimum is 2.
false
false
false
ABLTq/sAAAAAAAAAAAAAAAAA
app
decodeAFP
RepeatingGroupBase.java
44
com.mgz.afp.base.RepeatingGroupBase
false
app
decodeAFP
RepeatingGroupWithTriplets.java
59
com.mgz.afp.base.RepeatingGroupWithTriplets
false
app
decodeAFP
MIO_MapImageObject.java
42
com.mgz.afp.modca.MIO_MapImageObject
false
app
decodeAFP
IAFPDecodeableWriteable.java
64
com.mgz.afp.exceptions.IAFPDecodeableWriteable
false
app
parseNextSFFromBuffer
AFPParser.java
466
com.mgz.afp.parser.AFPParser
false
app
parseNextSF
AFPParser.java
382
com.mgz.afp.parser.AFPParser
false
app
convertToXml
Afp2Xml.java
469
com.mgz.cli.Afp2Xml
false
app
execute
Afp2Xml.java
376
com.mgz.cli.Afp2Xml
false
app
main
Afp2Xml.java
65
com.mgz.cli.Afp2Xml
false
Invalid repeating group length: 0. Minimum is 2.
Invalid repeating group length: 0. Minimum is 2.
41753
MIO_MapImageObject
Error at file offset 0xA319 (MIO_MapImageObject): Invalid repeating group length: 0. Minimum is 2.
false
false
false
ABLTq/sAAAAAAAAAAAAAAAAA
app
decodeAFP
RepeatingGroupBase.java
44
com.mgz.afp.base.RepeatingGroupBase
false
app
decodeAFP
RepeatingGroupWithTriplets.java
59
com.mgz.afp.base.RepeatingGroupWithTriplets
false
app
decodeAFP
MIO_MapImageObject.java
42
com.mgz.afp.modca.MIO_MapImageObject
false
app
decodeAFP
IAFPDecodeableWriteable.java
64
com.mgz.afp.exceptions.IAFPDecodeableWriteable
false
app
parseNextSFFromBuffer
AFPParser.java
466
com.mgz.afp.parser.AFPParser
false
app
parseNextSF
AFPParser.java
382
com.mgz.afp.parser.AFPParser
false
app
convertToXml
Afp2Xml.java
469
com.mgz.cli.Afp2Xml
false
app
execute
Afp2Xml.java
376
com.mgz.cli.Afp2Xml
false
app
main
Afp2Xml.java
65
com.mgz.cli.Afp2Xml
false
Invalid repeating group length: 0. Minimum is 2.
Invalid repeating group length: 0. Minimum is 2.
41772
MIO_MapImageObject
Error at file offset 0xA32C (MIO_MapImageObject): Invalid repeating group length: 0. Minimum is 2.
false
false
false
ABLTq/sAAAAAAAAAAAAAAAAA
app
decodeAFP
RepeatingGroupBase.java
44
com.mgz.afp.base.RepeatingGroupBase
false
app
decodeAFP
RepeatingGroupWithTriplets.java
59
com.mgz.afp.base.RepeatingGroupWithTriplets
false
app
decodeAFP
MIO_MapImageObject.java
42
com.mgz.afp.modca.MIO_MapImageObject
false
app
decodeAFP
IAFPDecodeableWriteable.java
64
com.mgz.afp.exceptions.IAFPDecodeableWriteable
false
app
parseNextSFFromBuffer
AFPParser.java
466
com.mgz.afp.parser.AFPParser
false
app
parseNextSF
AFPParser.java
382
com.mgz.afp.parser.AFPParser
false
app
convertToXml
Afp2Xml.java
469
com.mgz.cli.Afp2Xml
false
app
execute
Afp2Xml.java
376
com.mgz.cli.Afp2Xml
false
app
main
Afp2Xml.java
65
com.mgz.cli.Afp2Xml
false
Invalid repeating group length: 0. Minimum is 2.
Invalid repeating group length: 0. Minimum is 2.
41791
MIO_MapImageObject
Error at file offset 0xA33F (MIO_MapImageObject): Invalid repeating group length: 0. Minimum is 2.
false
false
false
ABLTq/sAAAAAAAAAAAAAAAAA
app
decodeAFP
RepeatingGroupBase.java
44
com.mgz.afp.base.RepeatingGroupBase
false
app
decodeAFP
RepeatingGroupWithTriplets.java
59
com.mgz.afp.base.RepeatingGroupWithTriplets
false
app
decodeAFP
MIO_MapImageObject.java
42
com.mgz.afp.modca.MIO_MapImageObject
false
app
decodeAFP
IAFPDecodeableWriteable.java
64
com.mgz.afp.exceptions.IAFPDecodeableWriteable
false
app
parseNextSFFromBuffer
AFPParser.java
466
com.mgz.afp.parser.AFPParser
false
app
parseNextSF
AFPParser.java
382
com.mgz.afp.parser.AFPParser
false
app
convertToXml
Afp2Xml.java
469
com.mgz.cli.Afp2Xml
false
app
execute
Afp2Xml.java
376
com.mgz.cli.Afp2Xml
false
app
main
Afp2Xml.java
65
com.mgz.cli.Afp2Xml
false
Invalid repeating group length: 0. Minimum is 2.
Invalid repeating group length: 0. Minimum is 2.
41810
MIO_MapImageObject
Error at file offset 0xA352 (MIO_MapImageObject): Invalid repeating group length: 0. Minimum is 2.
false
false
false
ABLTq/sAAAAAAAAAAAAAAAAA
app
decodeAFP
RepeatingGroupBase.java
44
com.mgz.afp.base.RepeatingGroupBase
false
app
decodeAFP
RepeatingGroupWithTriplets.java
59
com.mgz.afp.base.RepeatingGroupWithTriplets
false
app
decodeAFP
MIO_MapImageObject.java
42
com.mgz.afp.modca.MIO_MapImageObject
false
app
decodeAFP
IAFPDecodeableWriteable.java
64
com.mgz.afp.exceptions.IAFPDecodeableWriteable
false
app
parseNextSFFromBuffer
AFPParser.java
466
com.mgz.afp.parser.AFPParser
false
app
parseNextSF
AFPParser.java
382
com.mgz.afp.parser.AFPParser
false
app
convertToXml
Afp2Xml.java
469
com.mgz.cli.Afp2Xml
false
app
execute
Afp2Xml.java
376
com.mgz.cli.Afp2Xml
false
app
main
Afp2Xml.java
65
com.mgz.cli.Afp2Xml
false
Invalid repeating group length: 0. Minimum is 2.
Invalid repeating group length: 0. Minimum is 2.
41829
MIO_MapImageObject
Error at file offset 0xA365 (MIO_MapImageObject): Invalid repeating group length: 0. Minimum is 2.
false
false
false
ABLTq/sAAAAAAAAAAAAAAAAA
app
decodeAFP
RepeatingGroupBase.java
44
com.mgz.afp.base.RepeatingGroupBase
false
app
decodeAFP
RepeatingGroupWithTriplets.java
59
com.mgz.afp.base.RepeatingGroupWithTriplets
false
app
decodeAFP
MIO_MapImageObject.java
42
com.mgz.afp.modca.MIO_MapImageObject
false
app
decodeAFP
IAFPDecodeableWriteable.java
64
com.mgz.afp.exceptions.IAFPDecodeableWriteable
false
app
parseNextSFFromBuffer
AFPParser.java
466
com.mgz.afp.parser.AFPParser
false
app
parseNextSF
AFPParser.java
382
com.mgz.afp.parser.AFPParser
false
app
convertToXml
Afp2Xml.java
469
com.mgz.cli.Afp2Xml
false
app
execute
Afp2Xml.java
376
com.mgz.cli.Afp2Xml
false
app
main
Afp2Xml.java
65
com.mgz.cli.Afp2Xml
false
Invalid repeating group length: 0. Minimum is 2.
Invalid repeating group length: 0. Minimum is 2.
41848
MIO_MapImageObject
Error at file offset 0xA378 (MIO_MapImageObject): Invalid repeating group length: 0. Minimum is 2.
false
false
false
ABLTq/sAAAAAAAAAAAAAAAAA
app
decodeAFP
RepeatingGroupBase.java
44
com.mgz.afp.base.RepeatingGroupBase
false
app
decodeAFP
RepeatingGroupWithTriplets.java
59
com.mgz.afp.base.RepeatingGroupWithTriplets
false
app
decodeAFP
MIO_MapImageObject.java
42
com.mgz.afp.modca.MIO_MapImageObject
false
app
decodeAFP
IAFPDecodeableWriteable.java
64
com.mgz.afp.exceptions.IAFPDecodeableWriteable
false
app
parseNextSFFromBuffer
AFPParser.java
466
com.mgz.afp.parser.AFPParser
false
app
parseNextSF
AFPParser.java
382
com.mgz.afp.parser.AFPParser
false
app
convertToXml
Afp2Xml.java
469
com.mgz.cli.Afp2Xml
false
app
execute
Afp2Xml.java
376
com.mgz.cli.Afp2Xml
false
app
main
Afp2Xml.java
65
com.mgz.cli.Afp2Xml
false
Invalid repeating group length: 0. Minimum is 2.
Invalid repeating group length: 0. Minimum is 2.
41867
MIO_MapImageObject
Error at file offset 0xA38B (MIO_MapImageObject): Invalid repeating group length: 0. Minimum is 2.
false
false
false
ABLTq/sAAAAAAAAAAAAAAAAA
app
decodeAFP
RepeatingGroupBase.java
44
com.mgz.afp.base.RepeatingGroupBase
false
app
decodeAFP
RepeatingGroupWithTriplets.java
59
com.mgz.afp.base.RepeatingGroupWithTriplets
false
app
decodeAFP
MIO_MapImageObject.java
42
com.mgz.afp.modca.MIO_MapImageObject
false
app
decodeAFP
IAFPDecodeableWriteable.java
64
com.mgz.afp.exceptions.IAFPDecodeableWriteable
false
app
parseNextSFFromBuffer
AFPParser.java
466
com.mgz.afp.parser.AFPParser
false
app
parseNextSF
AFPParser.java
382
com.mgz.afp.parser.AFPParser
false
app
convertToXml
Afp2Xml.java
469
com.mgz.cli.Afp2Xml
false
app
execute
Afp2Xml.java
376
com.mgz.cli.Afp2Xml
false
app
main
Afp2Xml.java
65
com.mgz.cli.Afp2Xml
false
Invalid repeating group length: 0. Minimum is 2.
Invalid repeating group length: 0. Minimum is 2.
41886
MIO_MapImageObject
Error at file offset 0xA39E (MIO_MapImageObject): Invalid repeating group length: 0. Minimum is 2.
false
false
false
ABLTq/sAAAAAAAAAAAAAAAAA
app
decodeAFP
RepeatingGroupBase.java
44
com.mgz.afp.base.RepeatingGroupBase
false
app
decodeAFP
RepeatingGroupWithTriplets.java
59
com.mgz.afp.base.RepeatingGroupWithTriplets
false
app
decodeAFP
MIO_MapImageObject.java
42
com.mgz.afp.modca.MIO_MapImageObject
false
app
decodeAFP
IAFPDecodeableWriteable.java
64
com.mgz.afp.exceptions.IAFPDecodeableWriteable
false
app
parseNextSFFromBuffer
AFPParser.java
466
com.mgz.afp.parser.AFPParser
false
app
parseNextSF
AFPParser.java
382
com.mgz.afp.parser.AFPParser
false
app
convertToXml
Afp2Xml.java
469
com.mgz.cli.Afp2Xml
false
app
execute
Afp2Xml.java
376
com.mgz.cli.Afp2Xml
false
app
main
Afp2Xml.java
65
com.mgz.cli.Afp2Xml
false
Invalid repeating group length: 0. Minimum is 2.
Invalid repeating group length: 0. Minimum is 2.
41905
MIO_MapImageObject
Error at file offset 0xA3B1 (MIO_MapImageObject): Invalid repeating group length: 0. Minimum is 2.
false
false
false
ABLTq/sAAAAAAAAAAAAAAAAA
app
decodeAFP
RepeatingGroupBase.java
44
com.mgz.afp.base.RepeatingGroupBase
false
app
decodeAFP
RepeatingGroupWithTriplets.java
59
com.mgz.afp.base.RepeatingGroupWithTriplets
false
app
decodeAFP
MIO_MapImageObject.java
42
com.mgz.afp.modca.MIO_MapImageObject
false
app
decodeAFP
IAFPDecodeableWriteable.java
64
com.mgz.afp.exceptions.IAFPDecodeableWriteable
false
app
parseNextSFFromBuffer
AFPParser.java
466
com.mgz.afp.parser.AFPParser
false
app
parseNextSF
AFPParser.java
382
com.mgz.afp.parser.AFPParser
false
app
convertToXml
Afp2Xml.java
469
com.mgz.cli.Afp2Xml
false
app
execute
Afp2Xml.java
376
com.mgz.cli.Afp2Xml
false
app
main
Afp2Xml.java
65
com.mgz.cli.Afp2Xml
false
Invalid repeating group length: 0. Minimum is 2.
Invalid repeating group length: 0. Minimum is 2.
41924
MIO_MapImageObject
Error at file offset 0xA3C4 (MIO_MapImageObject): Invalid repeating group length: 0. Minimum is 2.
false
false
false
ABLTq/sAAAAAAAAAAAAAAAAA
app
decodeAFP
RepeatingGroupBase.java
44
com.mgz.afp.base.RepeatingGroupBase
false
app
decodeAFP
RepeatingGroupWithTriplets.java
59
com.mgz.afp.base.RepeatingGroupWithTriplets
false
app
decodeAFP
MIO_MapImageObject.java
42
com.mgz.afp.modca.MIO_MapImageObject
false
app
decodeAFP
IAFPDecodeableWriteable.java
64
com.mgz.afp.exceptions.IAFPDecodeableWriteable
false
app
parseNextSFFromBuffer
AFPParser.java
466
com.mgz.afp.parser.AFPParser
false
app
parseNextSF
AFPParser.java
382
com.mgz.afp.parser.AFPParser
false
app
convertToXml
Afp2Xml.java
469
com.mgz.cli.Afp2Xml
false
app
execute
Afp2Xml.java
376
com.mgz.cli.Afp2Xml
false
app
main
Afp2Xml.java
65
com.mgz.cli.Afp2Xml
false
Invalid repeating group length: 0. Minimum is 2.
Invalid repeating group length: 0. Minimum is 2.
41943
MIO_MapImageObject
Error at file offset 0xA3D7 (MIO_MapImageObject): Invalid repeating group length: 0. Minimum is 2.
false
false
false
ABLTq/sAAAAAAAAAAAAAAAAA
app
decodeAFP
RepeatingGroupBase.java
44
com.mgz.afp.base.RepeatingGroupBase
false
app
decodeAFP
RepeatingGroupWithTriplets.java
59
com.mgz.afp.base.RepeatingGroupWithTriplets
false
app
decodeAFP
MIO_MapImageObject.java
42
com.mgz.afp.modca.MIO_MapImageObject
false
app
decodeAFP
IAFPDecodeableWriteable.java
64
com.mgz.afp.exceptions.IAFPDecodeableWriteable
false
app
parseNextSFFromBuffer
AFPParser.java
466
com.mgz.afp.parser.AFPParser
false
app
parseNextSF
AFPParser.java
382
com.mgz.afp.parser.AFPParser
false
app
convertToXml
Afp2Xml.java
469
com.mgz.cli.Afp2Xml
false
app
execute
Afp2Xml.java
376
com.mgz.cli.Afp2Xml
false
app
main
Afp2Xml.java
65
com.mgz.cli.Afp2Xml
false
Invalid repeating group length: 0. Minimum is 2.
Invalid repeating group length: 0. Minimum is 2.
41962
MIO_MapImageObject
Error at file offset 0xA3EA (MIO_MapImageObject): Invalid repeating group length: 0. Minimum is 2.
false
false
false
ABLTq/sAAAAAAAAAAAAAAAAA
app
decodeAFP
RepeatingGroupBase.java
44
com.mgz.afp.base.RepeatingGroupBase
false
app
decodeAFP
RepeatingGroupWithTriplets.java
59
com.mgz.afp.base.RepeatingGroupWithTriplets
false
app
decodeAFP
MIO_MapImageObject.java
42
com.mgz.afp.modca.MIO_MapImageObject
false
app
decodeAFP
IAFPDecodeableWriteable.java
64
com.mgz.afp.exceptions.IAFPDecodeableWriteable
false
app
parseNextSFFromBuffer
AFPParser.java
466
com.mgz.afp.parser.AFPParser
false
app
parseNextSF
AFPParser.java
382
com.mgz.afp.parser.AFPParser
false
app
convertToXml
Afp2Xml.java
469
com.mgz.cli.Afp2Xml
false
app
execute
Afp2Xml.java
376
com.mgz.cli.Afp2Xml
false
app
main
Afp2Xml.java
65
com.mgz.cli.Afp2Xml
false
Invalid repeating group length: 0. Minimum is 2.
Invalid repeating group length: 0. Minimum is 2.
41981
MIO_MapImageObject
Error at file offset 0xA3FD (MIO_MapImageObject): Invalid repeating group length: 0. Minimum is 2.
false
false
false
ABLTq/sAAAAAAAAAAAAAAAAA
app
decodeAFP
RepeatingGroupBase.java
44
com.mgz.afp.base.RepeatingGroupBase
false
app
decodeAFP
RepeatingGroupWithTriplets.java
59
com.mgz.afp.base.RepeatingGroupWithTriplets
false
app
decodeAFP
MIO_MapImageObject.java
42
com.mgz.afp.modca.MIO_MapImageObject
false
app
decodeAFP
IAFPDecodeableWriteable.java
64
com.mgz.afp.exceptions.IAFPDecodeableWriteable
false
app
parseNextSFFromBuffer
AFPParser.java
466
com.mgz.afp.parser.AFPParser
false
app
parseNextSF
AFPParser.java
382
com.mgz.afp.parser.AFPParser
false
app
convertToXml
Afp2Xml.java
469
com.mgz.cli.Afp2Xml
false
app
execute
Afp2Xml.java
376
com.mgz.cli.Afp2Xml
false
app
main
Afp2Xml.java
65
com.mgz.cli.Afp2Xml
false
Invalid repeating group length: 0. Minimum is 2.
Invalid repeating group length: 0. Minimum is 2.
42000
MIO_MapImageObject
Error at file offset 0xA410 (MIO_MapImageObject): Invalid repeating group length: 0. Minimum is 2.
false
false
false
ABLTq/sAAAAAAAAAAAAAAAAA
app
decodeAFP
RepeatingGroupBase.java
44
com.mgz.afp.base.RepeatingGroupBase
false
app
decodeAFP
RepeatingGroupWithTriplets.java
59
com.mgz.afp.base.RepeatingGroupWithTriplets
false
app
decodeAFP
MIO_MapImageObject.java
42
com.mgz.afp.modca.MIO_MapImageObject
false
app
decodeAFP
IAFPDecodeableWriteable.java
64
com.mgz.afp.exceptions.IAFPDecodeableWriteable
false
app
parseNextSFFromBuffer
AFPParser.java
466
com.mgz.afp.parser.AFPParser
false
app
parseNextSF
AFPParser.java
382
com.mgz.afp.parser.AFPParser
false
app
convertToXml
Afp2Xml.java
469
com.mgz.cli.Afp2Xml
false
app
execute
Afp2Xml.java
376
com.mgz.cli.Afp2Xml
false
app
main
Afp2Xml.java
65
com.mgz.cli.Afp2Xml
false
Invalid repeating group length: 0. Minimum is 2.
Invalid repeating group length: 0. Minimum is 2.
42019
MIO_MapImageObject
Error at file offset 0xA423 (MIO_MapImageObject): Invalid repeating group length: 0. Minimum is 2.
false
false
false
ABLTq/sAAAAAAAAAAAAAAAAA
app
decodeAFP
RepeatingGroupBase.java
44
com.mgz.afp.base.RepeatingGroupBase
false
app
decodeAFP
RepeatingGroupWithTriplets.java
59
com.mgz.afp.base.RepeatingGroupWithTriplets
false
app
decodeAFP
MIO_MapImageObject.java
42
com.mgz.afp.modca.MIO_MapImageObject
false
app
decodeAFP
IAFPDecodeableWriteable.java
64
com.mgz.afp.exceptions.IAFPDecodeableWriteable
false
app
parseNextSFFromBuffer
AFPParser.java
466
com.mgz.afp.parser.AFPParser
false
app
parseNextSF
AFPParser.java
382
com.mgz.afp.parser.AFPParser
false
app
convertToXml
Afp2Xml.java
469
com.mgz.cli.Afp2Xml
false
app
execute
Afp2Xml.java
376
com.mgz.cli.Afp2Xml
false
app
main
Afp2Xml.java
65
com.mgz.cli.Afp2Xml
false
Invalid repeating group length: 0. Minimum is 2.
Invalid repeating group length: 0. Minimum is 2.
42038
MIO_MapImageObject
Error at file offset 0xA436 (MIO_MapImageObject): Invalid repeating group length: 0. Minimum is 2.
false
false
false
ABLTq/sAAAAAAAAAAAAAAAAA
app
decodeAFP
RepeatingGroupBase.java
44
com.mgz.afp.base.RepeatingGroupBase
false
app
decodeAFP
RepeatingGroupWithTriplets.java
59
com.mgz.afp.base.RepeatingGroupWithTriplets
false
app
decodeAFP
MIO_MapImageObject.java
42
com.mgz.afp.modca.MIO_MapImageObject
false
app
decodeAFP
IAFPDecodeableWriteable.java
64
com.mgz.afp.exceptions.IAFPDecodeableWriteable
false
app
parseNextSFFromBuffer
AFPParser.java
466
com.mgz.afp.parser.AFPParser
false
app
parseNextSF
AFPParser.java
382
com.mgz.afp.parser.AFPParser
false
app
convertToXml
Afp2Xml.java
469
com.mgz.cli.Afp2Xml
false
app
execute
Afp2Xml.java
376
com.mgz.cli.Afp2Xml
false
app
main
Afp2Xml.java
65
com.mgz.cli.Afp2Xml
false
Invalid repeating group length: 0. Minimum is 2.
Invalid repeating group length: 0. Minimum is 2.
42057
MIO_MapImageObject
Error at file offset 0xA449 (MIO_MapImageObject): Invalid repeating group length: 0. Minimum is 2.
false
false
false
ABLTq/sAAAAAAAAAAAAAAAAA
app
decodeAFP
RepeatingGroupBase.java
44
com.mgz.afp.base.RepeatingGroupBase
false
app
decodeAFP
RepeatingGroupWithTriplets.java
59
com.mgz.afp.base.RepeatingGroupWithTriplets
false
app
decodeAFP
MIO_MapImageObject.java
42
com.mgz.afp.modca.MIO_MapImageObject
false
app
decodeAFP
IAFPDecodeableWriteable.java
64
com.mgz.afp.exceptions.IAFPDecodeableWriteable
false
app
parseNextSFFromBuffer
AFPParser.java
466
com.mgz.afp.parser.AFPParser
false
app
parseNextSF
AFPParser.java
382
com.mgz.afp.parser.AFPParser
false
app
convertToXml
Afp2Xml.java
469
com.mgz.cli.Afp2Xml
false
app
execute
Afp2Xml.java
376
com.mgz.cli.Afp2Xml
false
app
main
Afp2Xml.java
65
com.mgz.cli.Afp2Xml
false
Invalid repeating group length: 0. Minimum is 2.
Invalid repeating group length: 0. Minimum is 2.
42076
MIO_MapImageObject
Error at file offset 0xA45C (MIO_MapImageObject): Invalid repeating group length: 0. Minimum is 2.
false
false
false
ABLTq/sAAAAAAAAAAAAAAAAA
app
decodeAFP
RepeatingGroupBase.java
44
com.mgz.afp.base.RepeatingGroupBase
false
app
decodeAFP
RepeatingGroupWithTriplets.java
59
com.mgz.afp.base.RepeatingGroupWithTriplets
false
app
decodeAFP
MIO_MapImageObject.java
42
com.mgz.afp.modca.MIO_MapImageObject
false
app
decodeAFP
IAFPDecodeableWriteable.java
64
com.mgz.afp.exceptions.IAFPDecodeableWriteable
false
app
parseNextSFFromBuffer
AFPParser.java
466
com.mgz.afp.parser.AFPParser
false
app
parseNextSF
AFPParser.java
382
com.mgz.afp.parser.AFPParser
false
app
convertToXml
Afp2Xml.java
469
com.mgz.cli.Afp2Xml
false
app
execute
Afp2Xml.java
376
com.mgz.cli.Afp2Xml
false
app
main
Afp2Xml.java
65
com.mgz.cli.Afp2Xml
false
Invalid repeating group length: 0. Minimum is 2.
Invalid repeating group length: 0. Minimum is 2.
42095
MIO_MapImageObject
Error at file offset 0xA46F (MIO_MapImageObject): Invalid repeating group length: 0. Minimum is 2.
false
false
false
ABLTq/sAAAAAAAAAAAAAAAAA
app
decodeAFP
RepeatingGroupBase.java
44
com.mgz.afp.base.RepeatingGroupBase
false
app
decodeAFP
RepeatingGroupWithTriplets.java
59
com.mgz.afp.base.RepeatingGroupWithTriplets
false
app
decodeAFP
MIO_MapImageObject.java
42
com.mgz.afp.modca.MIO_MapImageObject
false
app
decodeAFP
IAFPDecodeableWriteable.java
64
com.mgz.afp.exceptions.IAFPDecodeableWriteable
false
app
parseNextSFFromBuffer
AFPParser.java
466
com.mgz.afp.parser.AFPParser
false
app
parseNextSF
AFPParser.java
382
com.mgz.afp.parser.AFPParser
false
app
convertToXml
Afp2Xml.java
469
com.mgz.cli.Afp2Xml
false
app
execute
Afp2Xml.java
376
com.mgz.cli.Afp2Xml
false
app
main
Afp2Xml.java
65
com.mgz.cli.Afp2Xml
false
Invalid repeating group length: 0. Minimum is 2.
Invalid repeating group length: 0. Minimum is 2.
42114
MIO_MapImageObject
Error at file offset 0xA482 (MIO_MapImageObject): Invalid repeating group length: 0. Minimum is 2.
false
false
false
ABLTq/sAAAAAAAAAAAAAAAAA
app
decodeAFP
RepeatingGroupBase.java
44
com.mgz.afp.base.RepeatingGroupBase
false
app
decodeAFP
RepeatingGroupWithTriplets.java
59
com.mgz.afp.base.RepeatingGroupWithTriplets
false
app
decodeAFP
MIO_MapImageObject.java
42
com.mgz.afp.modca.MIO_MapImageObject
false
app
decodeAFP
IAFPDecodeableWriteable.java
64
com.mgz.afp.exceptions.IAFPDecodeableWriteable
false
app
parseNextSFFromBuffer
AFPParser.java
466
com.mgz.afp.parser.AFPParser
false
app
parseNextSF
AFPParser.java
382
com.mgz.afp.parser.AFPParser
false
app
convertToXml
Afp2Xml.java
469
com.mgz.cli.Afp2Xml
false
app
execute
Afp2Xml.java
376
com.mgz.cli.Afp2Xml
false
app
main
Afp2Xml.java
65
com.mgz.cli.Afp2Xml
false
Invalid repeating group length: 0. Minimum is 2.
Invalid repeating group length: 0. Minimum is 2.
42133
MIO_MapImageObject
Error at file offset 0xA495 (MIO_MapImageObject): Invalid repeating group length: 0. Minimum is 2.
false
false
false
ABLTq/sAAAAAAAAAAAAAAAAA
app
decodeAFP
RepeatingGroupBase.java
44
com.mgz.afp.base.RepeatingGroupBase
false
app
decodeAFP
RepeatingGroupWithTriplets.java
59
com.mgz.afp.base.RepeatingGroupWithTriplets
false
app
decodeAFP
MIO_MapImageObject.java
42
com.mgz.afp.modca.MIO_MapImageObject
false
app
decodeAFP
IAFPDecodeableWriteable.java
64
com.mgz.afp.exceptions.IAFPDecodeableWriteable
false
app
parseNextSFFromBuffer
AFPParser.java
466
com.mgz.afp.parser.AFPParser
false
app
parseNextSF
AFPParser.java
382
com.mgz.afp.parser.AFPParser
false
app
convertToXml
Afp2Xml.java
469
com.mgz.cli.Afp2Xml
false
app
execute
Afp2Xml.java
376
com.mgz.cli.Afp2Xml
false
app
main
Afp2Xml.java
65
com.mgz.cli.Afp2Xml
false
Invalid repeating group length: 0. Minimum is 2.
Invalid repeating group length: 0. Minimum is 2.
42152
MIO_MapImageObject
Error at file offset 0xA4A8 (MIO_MapImageObject): Invalid repeating group length: 0. Minimum is 2.
false
false
false
ABLTq/sAAAAAAAAAAAAAAAAA
app
decodeAFP
RepeatingGroupBase.java
44
com.mgz.afp.base.RepeatingGroupBase
false
app
decodeAFP
RepeatingGroupWithTriplets.java
59
com.mgz.afp.base.RepeatingGroupWithTriplets
false
app
decodeAFP
MIO_MapImageObject.java
42
com.mgz.afp.modca.MIO_MapImageObject
false
app
decodeAFP
IAFPDecodeableWriteable.java
64
com.mgz.afp.exceptions.IAFPDecodeableWriteable
false
app
parseNextSFFromBuffer
AFPParser.java
466
com.mgz.afp.parser.AFPParser
false
app
parseNextSF
AFPParser.java
382
com.mgz.afp.parser.AFPParser
false
app
convertToXml
Afp2Xml.java
469
com.mgz.cli.Afp2Xml
false
app
execute
Afp2Xml.java
376
com.mgz.cli.Afp2Xml
false
app
main
Afp2Xml.java
65
com.mgz.cli.Afp2Xml
false
Invalid repeating group length: 0. Minimum is 2.
Invalid repeating group length: 0. Minimum is 2.
42171
MIO_MapImageObject
Error at file offset 0xA4BB (MIO_MapImageObject): Invalid repeating group length: 0. Minimum is 2.
false
false
false
ABLTq/sAAAAAAAAAAAAAAAAA
app
decodeAFP
RepeatingGroupBase.java
44
com.mgz.afp.base.RepeatingGroupBase
false
app
decodeAFP
RepeatingGroupWithTriplets.java
59
com.mgz.afp.base.RepeatingGroupWithTriplets
false
app
decodeAFP
MIO_MapImageObject.java
42
com.mgz.afp.modca.MIO_MapImageObject
false
app
decodeAFP
IAFPDecodeableWriteable.java
64
com.mgz.afp.exceptions.IAFPDecodeableWriteable
false
app
parseNextSFFromBuffer
AFPParser.java
466
com.mgz.afp.parser.AFPParser
false
app
parseNextSF
AFPParser.java
382
com.mgz.afp.parser.AFPParser
false
app
convertToXml
Afp2Xml.java
469
com.mgz.cli.Afp2Xml
false
app
execute
Afp2Xml.java
376
com.mgz.cli.Afp2Xml
false
app
main
Afp2Xml.java
65
com.mgz.cli.Afp2Xml
false
Invalid repeating group length: 0. Minimum is 2.
Invalid repeating group length: 0. Minimum is 2.
42190
MIO_MapImageObject
Error at file offset 0xA4CE (MIO_MapImageObject): Invalid repeating group length: 0. Minimum is 2.
false
false
false
ABLTq/sAAAAAAAAAAAAAAAAA
app
decodeAFP
RepeatingGroupBase.java
44
com.mgz.afp.base.RepeatingGroupBase
false
app
decodeAFP
RepeatingGroupWithTriplets.java
59
com.mgz.afp.base.RepeatingGroupWithTriplets
false
app
decodeAFP
MIO_MapImageObject.java
42
com.mgz.afp.modca.MIO_MapImageObject
false
app
decodeAFP
IAFPDecodeableWriteable.java
64
com.mgz.afp.exceptions.IAFPDecodeableWriteable
false
app
parseNextSFFromBuffer
AFPParser.java
466
com.mgz.afp.parser.AFPParser
false
app
parseNextSF
AFPParser.java
382
com.mgz.afp.parser.AFPParser
false
app
convertToXml
Afp2Xml.java
469
com.mgz.cli.Afp2Xml
false
app
execute
Afp2Xml.java
376
com.mgz.cli.Afp2Xml
false
app
main
Afp2Xml.java
65
com.mgz.cli.Afp2Xml
false
Invalid repeating group length: 0. Minimum is 2.
Invalid repeating group length: 0. Minimum is 2.
42209
MIO_MapImageObject
Error at file offset 0xA4E1 (MIO_MapImageObject): Invalid repeating group length: 0. Minimum is 2.
false
false
false
ABLTq/sAAAAAAAAAAAAAAAAA
app
decodeAFP
RepeatingGroupBase.java
44
com.mgz.afp.base.RepeatingGroupBase
false
app
decodeAFP
RepeatingGroupWithTriplets.java
59
com.mgz.afp.base.RepeatingGroupWithTriplets
false
app
decodeAFP
MIO_MapImageObject.java
42
com.mgz.afp.modca.MIO_MapImageObject
false
app
decodeAFP
IAFPDecodeableWriteable.java
64
com.mgz.afp.exceptions.IAFPDecodeableWriteable
false
app
parseNextSFFromBuffer
AFPParser.java
466
com.mgz.afp.parser.AFPParser
false
app
parseNextSF
AFPParser.java
382
com.mgz.afp.parser.AFPParser
false
app
convertToXml
Afp2Xml.java
469
com.mgz.cli.Afp2Xml
false
app
execute
Afp2Xml.java
376
com.mgz.cli.Afp2Xml
false
app
main
Afp2Xml.java
65
com.mgz.cli.Afp2Xml
false
Invalid repeating group length: 0. Minimum is 2.
Invalid repeating group length: 0. Minimum is 2.
42228
MIO_MapImageObject
Error at file offset 0xA4F4 (MIO_MapImageObject): Invalid repeating group length: 0. Minimum is 2.
false
false
false
ABLTq/sAAAAAAAAAAAAAAAAA
app
decodeAFP
RepeatingGroupBase.java
44
com.mgz.afp.base.RepeatingGroupBase
false
app
decodeAFP
RepeatingGroupWithTriplets.java
59
com.mgz.afp.base.RepeatingGroupWithTriplets
false
app
decodeAFP
MIO_MapImageObject.java
42
com.mgz.afp.modca.MIO_MapImageObject
false
app
decodeAFP
IAFPDecodeableWriteable.java
64
com.mgz.afp.exceptions.IAFPDecodeableWriteable
false
app
parseNextSFFromBuffer
AFPParser.java
466
com.mgz.afp.parser.AFPParser
false
app
parseNextSF
AFPParser.java
382
com.mgz.afp.parser.AFPParser
false
app
convertToXml
Afp2Xml.java
469
com.mgz.cli.Afp2Xml
false
app
execute
Afp2Xml.java
376
com.mgz.cli.Afp2Xml
false
app
main
Afp2Xml.java
65
com.mgz.cli.Afp2Xml
false
Invalid repeating group length: 0. Minimum is 2.
Invalid repeating group length: 0. Minimum is 2.
42247
MIO_MapImageObject
Error at file offset 0xA507 (MIO_MapImageObject): Invalid repeating group length: 0. Minimum is 2.
false
false
false
ABLTq/sAAAAAAAAAAAAAAAAA
app
decodeAFP
RepeatingGroupBase.java
44
com.mgz.afp.base.RepeatingGroupBase
false
app
decodeAFP
RepeatingGroupWithTriplets.java
59
com.mgz.afp.base.RepeatingGroupWithTriplets
false
app
decodeAFP
MIO_MapImageObject.java
42
com.mgz.afp.modca.MIO_MapImageObject
false
app
decodeAFP
IAFPDecodeableWriteable.java
64
com.mgz.afp.exceptions.IAFPDecodeableWriteable
false
app
parseNextSFFromBuffer
AFPParser.java
466
com.mgz.afp.parser.AFPParser
false
app
parseNextSF
AFPParser.java
382
com.mgz.afp.parser.AFPParser
false
app
convertToXml
Afp2Xml.java
469
com.mgz.cli.Afp2Xml
false
app
execute
Afp2Xml.java
376
com.mgz.cli.Afp2Xml
false
app
main
Afp2Xml.java
65
com.mgz.cli.Afp2Xml
false
Invalid repeating group length: 0. Minimum is 2.
Invalid repeating group length: 0. Minimum is 2.
42266
MIO_MapImageObject
Error at file offset 0xA51A (MIO_MapImageObject): Invalid repeating group length: 0. Minimum is 2.
false
false
false
ABLTq/sAAAAAAAAAAAAAAAAA
app
decodeAFP
RepeatingGroupBase.java
44
com.mgz.afp.base.RepeatingGroupBase
false
app
decodeAFP
RepeatingGroupWithTriplets.java
59
com.mgz.afp.base.RepeatingGroupWithTriplets
false
app
decodeAFP
MIO_MapImageObject.java
42
com.mgz.afp.modca.MIO_MapImageObject
false
app
decodeAFP
IAFPDecodeableWriteable.java
64
com.mgz.afp.exceptions.IAFPDecodeableWriteable
false
app
parseNextSFFromBuffer
AFPParser.java
466
com.mgz.afp.parser.AFPParser
false
app
parseNextSF
AFPParser.java
382
com.mgz.afp.parser.AFPParser
false
app
convertToXml
Afp2Xml.java
469
com.mgz.cli.Afp2Xml
false
app
execute
Afp2Xml.java
376
com.mgz.cli.Afp2Xml
false
app
main
Afp2Xml.java
65
com.mgz.cli.Afp2Xml
false
Invalid repeating group length: 0. Minimum is 2.
Invalid repeating group length: 0. Minimum is 2.
42285
MIO_MapImageObject
Error at file offset 0xA52D (MIO_MapImageObject): Invalid repeating group length: 0. Minimum is 2.
false
false
false
ABLTq/sAAAAAAAAAAAAAAAAA
app
decodeAFP
RepeatingGroupBase.java
44
com.mgz.afp.base.RepeatingGroupBase
false
app
decodeAFP
RepeatingGroupWithTriplets.java
59
com.mgz.afp.base.RepeatingGroupWithTriplets
false
app
decodeAFP
MIO_MapImageObject.java
42
com.mgz.afp.modca.MIO_MapImageObject
false
app
decodeAFP
IAFPDecodeableWriteable.java
64
com.mgz.afp.exceptions.IAFPDecodeableWriteable
false
app
parseNextSFFromBuffer
AFPParser.java
466
com.mgz.afp.parser.AFPParser
false
app
parseNextSF
AFPParser.java
382
com.mgz.afp.parser.AFPParser
false
app
convertToXml
Afp2Xml.java
469
com.mgz.cli.Afp2Xml
false
app
execute
Afp2Xml.java
376
com.mgz.cli.Afp2Xml
false
app
main
Afp2Xml.java
65
com.mgz.cli.Afp2Xml
false
Invalid repeating group length: 0. Minimum is 2.
Invalid repeating group length: 0. Minimum is 2.
42304
MIO_MapImageObject
Error at file offset 0xA540 (MIO_MapImageObject): Invalid repeating group length: 0. Minimum is 2.
false
false
false
ABLTq/sAAAAAAAAAAAAAAAAA
app
decodeAFP
RepeatingGroupBase.java
44
com.mgz.afp.base.RepeatingGroupBase
false
app
decodeAFP
RepeatingGroupWithTriplets.java
59
com.mgz.afp.base.RepeatingGroupWithTriplets
false
app
decodeAFP
MIO_MapImageObject.java
42
com.mgz.afp.modca.MIO_MapImageObject
false
app
decodeAFP
IAFPDecodeableWriteable.java
64
com.mgz.afp.exceptions.IAFPDecodeableWriteable
false
app
parseNextSFFromBuffer
AFPParser.java
466
com.mgz.afp.parser.AFPParser
false
app
parseNextSF
AFPParser.java
382
com.mgz.afp.parser.AFPParser
false
app
convertToXml
Afp2Xml.java
469
com.mgz.cli.Afp2Xml
false
app
execute
Afp2Xml.java
376
com.mgz.cli.Afp2Xml
false
app
main
Afp2Xml.java
65
com.mgz.cli.Afp2Xml
false
Invalid repeating group length: 0. Minimum is 2.
Invalid repeating group length: 0. Minimum is 2.
42323
MIO_MapImageObject
Error at file offset 0xA553 (MIO_MapImageObject): Invalid repeating group length: 0. Minimum is 2.
false
false
false
ABLTq/sAAAAAAAAAAAAAAAAA
app
decodeAFP
RepeatingGroupBase.java
44
com.mgz.afp.base.RepeatingGroupBase
false
app
decodeAFP
RepeatingGroupWithTriplets.java
59
com.mgz.afp.base.RepeatingGroupWithTriplets
false
app
decodeAFP
MIO_MapImageObject.java
42
com.mgz.afp.modca.MIO_MapImageObject
false
app
decodeAFP
IAFPDecodeableWriteable.java
64
com.mgz.afp.exceptions.IAFPDecodeableWriteable
false
app
parseNextSFFromBuffer
AFPParser.java
466
com.mgz.afp.parser.AFPParser
false
app
parseNextSF
AFPParser.java
382
com.mgz.afp.parser.AFPParser
false
app
convertToXml
Afp2Xml.java
469
com.mgz.cli.Afp2Xml
false
app
execute
Afp2Xml.java
376
com.mgz.cli.Afp2Xml
false
app
main
Afp2Xml.java
65
com.mgz.cli.Afp2Xml
false
Invalid repeating group length: 0. Minimum is 2.
Invalid repeating group length: 0. Minimum is 2.
42342
MIO_MapImageObject
Error at file offset 0xA566 (MIO_MapImageObject): Invalid repeating group length: 0. Minimum is 2.
false
false
false
ABLTq/sAAAAAAAAAAAAAAAAA
app
decodeAFP
RepeatingGroupBase.java
44
com.mgz.afp.base.RepeatingGroupBase
false
app
decodeAFP
RepeatingGroupWithTriplets.java
59
com.mgz.afp.base.RepeatingGroupWithTriplets
false
app
decodeAFP
MIO_MapImageObject.java
42
com.mgz.afp.modca.MIO_MapImageObject
false
app
decodeAFP
IAFPDecodeableWriteable.java
64
com.mgz.afp.exceptions.IAFPDecodeableWriteable
false
app
parseNextSFFromBuffer
AFPParser.java
466
com.mgz.afp.parser.AFPParser
false
app
parseNextSF
AFPParser.java
382
com.mgz.afp.parser.AFPParser
false
app
convertToXml
Afp2Xml.java
469
com.mgz.cli.Afp2Xml
false
app
execute
Afp2Xml.java
376
com.mgz.cli.Afp2Xml
false
app
main
Afp2Xml.java
65
com.mgz.cli.Afp2Xml
false
Invalid repeating group length: 0. Minimum is 2.
Invalid repeating group length: 0. Minimum is 2.
42361
MIO_MapImageObject
Error at file offset 0xA579 (MIO_MapImageObject): Invalid repeating group length: 0. Minimum is 2.
false
false
false
ABLTq/sAAAAAAAAAAAAAAAAA
app
decodeAFP
RepeatingGroupBase.java
44
com.mgz.afp.base.RepeatingGroupBase
false
app
decodeAFP
RepeatingGroupWithTriplets.java
59
com.mgz.afp.base.RepeatingGroupWithTriplets
false
app
decodeAFP
MIO_MapImageObject.java
42
com.mgz.afp.modca.MIO_MapImageObject
false
app
decodeAFP
IAFPDecodeableWriteable.java
64
com.mgz.afp.exceptions.IAFPDecodeableWriteable
false
app
parseNextSFFromBuffer
AFPParser.java
466
com.mgz.afp.parser.AFPParser
false
app
parseNextSF
AFPParser.java
382
com.mgz.afp.parser.AFPParser
false
app
convertToXml
Afp2Xml.java
469
com.mgz.cli.Afp2Xml
false
app
execute
Afp2Xml.java
376
com.mgz.cli.Afp2Xml
false
app
main
Afp2Xml.java
65
com.mgz.cli.Afp2Xml
false
Invalid repeating group length: 0. Minimum is 2.
Invalid repeating group length: 0. Minimum is 2.
42380
MIO_MapImageObject
Error at file offset 0xA58C (MIO_MapImageObject): Invalid repeating group length: 0. Minimum is 2.
false
false
false
ABLTq/sAAAAAAAAAAAAAAAAA
app
decodeAFP
RepeatingGroupBase.java
44
com.mgz.afp.base.RepeatingGroupBase
false
app
decodeAFP
RepeatingGroupWithTriplets.java
59
com.mgz.afp.base.RepeatingGroupWithTriplets
false
app
decodeAFP
MIO_MapImageObject.java
42
com.mgz.afp.modca.MIO_MapImageObject
false
app
decodeAFP
IAFPDecodeableWriteable.java
64
com.mgz.afp.exceptions.IAFPDecodeableWriteable
false
app
parseNextSFFromBuffer
AFPParser.java
466
com.mgz.afp.parser.AFPParser
false
app
parseNextSF
AFPParser.java
382
com.mgz.afp.parser.AFPParser
false
app
convertToXml
Afp2Xml.java
469
com.mgz.cli.Afp2Xml
false
app
execute
Afp2Xml.java
376
com.mgz.cli.Afp2Xml
false
app
main
Afp2Xml.java
65
com.mgz.cli.Afp2Xml
false
Invalid repeating group length: 0. Minimum is 2.
Invalid repeating group length: 0. Minimum is 2.
42399
MIO_MapImageObject
Error at file offset 0xA59F (MIO_MapImageObject): Invalid repeating group length: 0. Minimum is 2.
false
false
false
ABLTq/sAAAAAAAAAAAAAAAAA
app
decodeAFP
RepeatingGroupBase.java
44
com.mgz.afp.base.RepeatingGroupBase
false
app
decodeAFP
RepeatingGroupWithTriplets.java
59
com.mgz.afp.base.RepeatingGroupWithTriplets
false
app
decodeAFP
MIO_MapImageObject.java
42
com.mgz.afp.modca.MIO_MapImageObject
false
app
decodeAFP
IAFPDecodeableWriteable.java
64
com.mgz.afp.exceptions.IAFPDecodeableWriteable
false
app
parseNextSFFromBuffer
AFPParser.java
466
com.mgz.afp.parser.AFPParser
false
app
parseNextSF
AFPParser.java
382
com.mgz.afp.parser.AFPParser
false
app
convertToXml
Afp2Xml.java
469
com.mgz.cli.Afp2Xml
false
app
execute
Afp2Xml.java
376
com.mgz.cli.Afp2Xml
false
app
main
Afp2Xml.java
65
com.mgz.cli.Afp2Xml
false
Invalid repeating group length: 0. Minimum is 2.
Invalid repeating group length: 0. Minimum is 2.
42418
MIO_MapImageObject
Error at file offset 0xA5B2 (MIO_MapImageObject): Invalid repeating group length: 0. Minimum is 2.
false
false
false
ABLTq/sAAAAAAAAAAAAAAAAA
app
decodeAFP
RepeatingGroupBase.java
44
com.mgz.afp.base.RepeatingGroupBase
false
app
decodeAFP
RepeatingGroupWithTriplets.java
59
com.mgz.afp.base.RepeatingGroupWithTriplets
false
app
decodeAFP
MIO_MapImageObject.java
42
com.mgz.afp.modca.MIO_MapImageObject
false
app
decodeAFP
IAFPDecodeableWriteable.java
64
com.mgz.afp.exceptions.IAFPDecodeableWriteable
false
app
parseNextSFFromBuffer
AFPParser.java
466
com.mgz.afp.parser.AFPParser
false
app
parseNextSF
AFPParser.java
382
com.mgz.afp.parser.AFPParser
false
app
convertToXml
Afp2Xml.java
469
com.mgz.cli.Afp2Xml
false
app
execute
Afp2Xml.java
376
com.mgz.cli.Afp2Xml
false
app
main
Afp2Xml.java
65
com.mgz.cli.Afp2Xml
false
Invalid repeating group length: 0. Minimum is 2.
Invalid repeating group length: 0. Minimum is 2.
42437
MIO_MapImageObject
Error at file offset 0xA5C5 (MIO_MapImageObject): Invalid repeating group length: 0. Minimum is 2.
false
false
false
ABLTq/sAAAAAAAAAAAAAAAAA
app
decodeAFP
RepeatingGroupBase.java
44
com.mgz.afp.base.RepeatingGroupBase
false
app
decodeAFP
RepeatingGroupWithTriplets.java
59
com.mgz.afp.base.RepeatingGroupWithTriplets
false
app
decodeAFP
MIO_MapImageObject.java
42
com.mgz.afp.modca.MIO_MapImageObject
false
app
decodeAFP
IAFPDecodeableWriteable.java
64
com.mgz.afp.exceptions.IAFPDecodeableWriteable
false
app
parseNextSFFromBuffer
AFPParser.java
466
com.mgz.afp.parser.AFPParser
false
app
parseNextSF
AFPParser.java
382
com.mgz.afp.parser.AFPParser
false
app
convertToXml
Afp2Xml.java
469
com.mgz.cli.Afp2Xml
false
app
execute
Afp2Xml.java
376
com.mgz.cli.Afp2Xml
false
app
main
Afp2Xml.java
65
com.mgz.cli.Afp2Xml
false
Invalid repeating group length: 0. Minimum is 2.
Invalid repeating group length: 0. Minimum is 2.
42456
MIO_MapImageObject
Error at file offset 0xA5D8 (MIO_MapImageObject): Invalid repeating group length: 0. Minimum is 2.
false
false
false
ABLTq/sAAAAAAAAAAAAAAAAA
app
decodeAFP
RepeatingGroupBase.java
44
com.mgz.afp.base.RepeatingGroupBase
false
app
decodeAFP
RepeatingGroupWithTriplets.java
59
com.mgz.afp.base.RepeatingGroupWithTriplets
false
app
decodeAFP
MIO_MapImageObject.java
42
com.mgz.afp.modca.MIO_MapImageObject
false
app
decodeAFP
IAFPDecodeableWriteable.java
64
com.mgz.afp.exceptions.IAFPDecodeableWriteable
false
app
parseNextSFFromBuffer
AFPParser.java
466
com.mgz.afp.parser.AFPParser
false
app
parseNextSF
AFPParser.java
382
com.mgz.afp.parser.AFPParser
false
app
convertToXml
Afp2Xml.java
469
com.mgz.cli.Afp2Xml
false
app
execute
Afp2Xml.java
376
com.mgz.cli.Afp2Xml
false
app
main
Afp2Xml.java
65
com.mgz.cli.Afp2Xml
false
Invalid repeating group length: 0. Minimum is 2.
Invalid repeating group length: 0. Minimum is 2.
42475
MIO_MapImageObject
Error at file offset 0xA5EB (MIO_MapImageObject): Invalid repeating group length: 0. Minimum is 2.
false
false
false
ABLTq/sAAAAAAAAAAAAAAAAA
app
decodeAFP
RepeatingGroupBase.java
44
com.mgz.afp.base.RepeatingGroupBase
false
app
decodeAFP
RepeatingGroupWithTriplets.java
59
com.mgz.afp.base.RepeatingGroupWithTriplets
false
app
decodeAFP
MIO_MapImageObject.java
42
com.mgz.afp.modca.MIO_MapImageObject
false
app
decodeAFP
IAFPDecodeableWriteable.java
64
com.mgz.afp.exceptions.IAFPDecodeableWriteable
false
app
parseNextSFFromBuffer
AFPParser.java
466
com.mgz.afp.parser.AFPParser
false
app
parseNextSF
AFPParser.java
382
com.mgz.afp.parser.AFPParser
false
app
convertToXml
Afp2Xml.java
469
com.mgz.cli.Afp2Xml
false
app
execute
Afp2Xml.java
376
com.mgz.cli.Afp2Xml
false
app
main
Afp2Xml.java
65
com.mgz.cli.Afp2Xml
false
Invalid repeating group length: 0. Minimum is 2.
Invalid repeating group length: 0. Minimum is 2.
42494
MIO_MapImageObject
Error at file offset 0xA5FE (MIO_MapImageObject): Invalid repeating group length: 0. Minimum is 2.
false
false
false
ABLTq/sAAAAAAAAAAAAAAAAA
app
decodeAFP
RepeatingGroupBase.java
44
com.mgz.afp.base.RepeatingGroupBase
false
app
decodeAFP
RepeatingGroupWithTriplets.java
59
com.mgz.afp.base.RepeatingGroupWithTriplets
false
app
decodeAFP
MIO_MapImageObject.java
42
com.mgz.afp.modca.MIO_MapImageObject
false
app
decodeAFP
IAFPDecodeableWriteable.java
64
com.mgz.afp.exceptions.IAFPDecodeableWriteable
false
app
parseNextSFFromBuffer
AFPParser.java
466
com.mgz.afp.parser.AFPParser
false
app
parseNextSF
AFPParser.java
382
com.mgz.afp.parser.AFPParser
false
app
convertToXml
Afp2Xml.java
469
com.mgz.cli.Afp2Xml
false
app
execute
Afp2Xml.java
376
com.mgz.cli.Afp2Xml
false
app
main
Afp2Xml.java
65
com.mgz.cli.Afp2Xml
false
Invalid repeating group length: 0. Minimum is 2.
Invalid repeating group length: 0. Minimum is 2.
42513
MIO_MapImageObject
Error at file offset 0xA611 (MIO_MapImageObject): Invalid repeating group length: 0. Minimum is 2.
false
false
false
ABLTq/sAAAAAAAAAAAAAAAAA
app
decodeAFP
RepeatingGroupBase.java
44
com.mgz.afp.base.RepeatingGroupBase
false
app
decodeAFP
RepeatingGroupWithTriplets.java
59
com.mgz.afp.base.RepeatingGroupWithTriplets
false
app
decodeAFP
MIO_MapImageObject.java
42
com.mgz.afp.modca.MIO_MapImageObject
false
app
decodeAFP
IAFPDecodeableWriteable.java
64
com.mgz.afp.exceptions.IAFPDecodeableWriteable
false
app
parseNextSFFromBuffer
AFPParser.java
466
com.mgz.afp.parser.AFPParser
false
app
parseNextSF
AFPParser.java
382
com.mgz.afp.parser.AFPParser
false
app
convertToXml
Afp2Xml.java
469
com.mgz.cli.Afp2Xml
false
app
execute
Afp2Xml.java
376
com.mgz.cli.Afp2Xml
false
app
main
Afp2Xml.java
65
com.mgz.cli.Afp2Xml
false
Invalid repeating group length: 0. Minimum is 2.
Invalid repeating group length: 0. Minimum is 2.
42532
MIO_MapImageObject
Error at file offset 0xA624 (MIO_MapImageObject): Invalid repeating group length: 0. Minimum is 2.
false
false
false
ABLTpvsAAAAAAAAAAAAAAAAA
app
parseShort
UtilBinaryDecoding.java
149
com.mgz.util.UtilBinaryDecoding
false
app
decodeAFP
IDD_SelfDefiningField.java
365
com.mgz.afp.ioca.IDD_SelfDefiningField$UnknownSelfDefiningField
false
app
decodeAFP
IDD_ImageDataDescriptor.java
71
com.mgz.afp.ioca.IDD_ImageDataDescriptor
false
app
decodeAFP
IAFPDecodeableWriteable.java
64
com.mgz.afp.exceptions.IAFPDecodeableWriteable
false
app
parseNextSFFromBuffer
AFPParser.java
466
com.mgz.afp.parser.AFPParser
false
app
parseNextSF
AFPParser.java
382
com.mgz.afp.parser.AFPParser
false
app
convertToXml
Afp2Xml.java
469
com.mgz.cli.Afp2Xml
false
app
execute
Afp2Xml.java
376
com.mgz.cli.Afp2Xml
false
app
main
Afp2Xml.java
65
com.mgz.cli.Afp2Xml
false
Index 10 out of bounds for length 10
Index 10 out of bounds for length 10
42551
IDD_ImageDataDescriptor
Error at file offset 0xA637 (IDD_ImageDataDescriptor): Index 10 out of bounds for length 10
false
false
false
ABLTpvsAAAAAAAAAAAAAAAAA
app
parseShort
UtilBinaryDecoding.java
149
com.mgz.util.UtilBinaryDecoding
false
app
decodeAFP
IDD_SelfDefiningField.java
365
com.mgz.afp.ioca.IDD_SelfDefiningField$UnknownSelfDefiningField
false
app
decodeAFP
IDD_ImageDataDescriptor.java
71
com.mgz.afp.ioca.IDD_ImageDataDescriptor
false
app
decodeAFP
IAFPDecodeableWriteable.java
64
com.mgz.afp.exceptions.IAFPDecodeableWriteable
false
app
parseNextSFFromBuffer
AFPParser.java
466
com.mgz.afp.parser.AFPParser
false
app
parseNextSF
AFPParser.java
382
com.mgz.afp.parser.AFPParser
false
app
convertToXml
Afp2Xml.java
469
com.mgz.cli.Afp2Xml
false
app
execute
Afp2Xml.java
376
com.mgz.cli.Afp2Xml
false
app
main
Afp2Xml.java
65
com.mgz.cli.Afp2Xml
false
Index 10 out of bounds for length 10
Index 10 out of bounds for length 10
42570
IDD_ImageDataDescriptor
Error at file offset 0xA64A (IDD_ImageDataDescriptor): Index 10 out of bounds for length 10
false
false
false
ABLTpvsAAAAAAAAAAAAAAAAA
app
parseShort
UtilBinaryDecoding.java
149
com.mgz.util.UtilBinaryDecoding
false
app
decodeAFP
IDD_SelfDefiningField.java
365
com.mgz.afp.ioca.IDD_SelfDefiningField$UnknownSelfDefiningField
false
app
decodeAFP
IDD_ImageDataDescriptor.java
71
com.mgz.afp.ioca.IDD_ImageDataDescriptor
false
app
decodeAFP
IAFPDecodeableWriteable.java
64
com.mgz.afp.exceptions.IAFPDecodeableWriteable
false
app
parseNextSFFromBuffer
AFPParser.java
466
com.mgz.afp.parser.AFPParser
false
app
parseNextSF
AFPParser.java
382
com.mgz.afp.parser.AFPParser
false
app
convertToXml
Afp2Xml.java
469
com.mgz.cli.Afp2Xml
false
app
execute
Afp2Xml.java
376
com.mgz.cli.Afp2Xml
false
app
main
Afp2Xml.java
65
com.mgz.cli.Afp2Xml
false
Index 10 out of bounds for length 10
Index 10 out of bounds for length 10
42589
IDD_ImageDataDescriptor
Error at file offset 0xA65D (IDD_ImageDataDescriptor): Index 10 out of bounds for length 10
false
false
false
ABLTpvsAAAAAAAAAAAAAAAAA
app
parseShort
UtilBinaryDecoding.java
149
com.mgz.util.UtilBinaryDecoding
false
app
decodeAFP
IDD_SelfDefiningField.java
365
com.mgz.afp.ioca.IDD_SelfDefiningField$UnknownSelfDefiningField
false
app
decodeAFP
IDD_ImageDataDescriptor.java
71
com.mgz.afp.ioca.IDD_ImageDataDescriptor
false
app
decodeAFP
IAFPDecodeableWriteable.java
64
com.mgz.afp.exceptions.IAFPDecodeableWriteable
false
app
parseNextSFFromBuffer
AFPParser.java
466
com.mgz.afp.parser.AFPParser
false
app
parseNextSF
AFPParser.java
382
com.mgz.afp.parser.AFPParser
false
app
convertToXml
Afp2Xml.java
469
com.mgz.cli.Afp2Xml
false
app
execute
Afp2Xml.java
376
com.mgz.cli.Afp2Xml
false
app
main
Afp2Xml.java
65
com.mgz.cli.Afp2Xml
false
Index 10 out of bounds for length 10
Index 10 out of bounds for length 10
42608
IDD_ImageDataDescriptor
Error at file offset 0xA670 (IDD_ImageDataDescriptor): Index 10 out of bounds for length 10
false
false
false
ABLTpvsAAAAAAAAAAAAAAAAA
app
parseShort
UtilBinaryDecoding.java
149
com.mgz.util.UtilBinaryDecoding
false
app
decodeAFP
IDD_SelfDefiningField.java
365
com.mgz.afp.ioca.IDD_SelfDefiningField$UnknownSelfDefiningField
false
app
decodeAFP
IDD_ImageDataDescriptor.java
71
com.mgz.afp.ioca.IDD_ImageDataDescriptor
false
app
decodeAFP
IAFPDecodeableWriteable.java
64
com.mgz.afp.exceptions.IAFPDecodeableWriteable
false
app
parseNextSFFromBuffer
AFPParser.java
466
com.mgz.afp.parser.AFPParser
false
app
parseNextSF
AFPParser.java
382
com.mgz.afp.parser.AFPParser
false
app
convertToXml
Afp2Xml.java
469
com.mgz.cli.Afp2Xml
false
app
execute
Afp2Xml.java
376
com.mgz.cli.Afp2Xml
false
app
main
Afp2Xml.java
65
com.mgz.cli.Afp2Xml
false
Index 10 out of bounds for length 10
Index 10 out of bounds for length 10
42627
IDD_ImageDataDescriptor
Error at file offset 0xA683 (IDD_ImageDataDescriptor): Index 10 out of bounds for length 10
false
false
false
ABLTpvsAAAAAAAAAAAAAAAAA
app
parseShort
UtilBinaryDecoding.java
149
com.mgz.util.UtilBinaryDecoding
false
app
decodeAFP
IDD_SelfDefiningField.java
365
com.mgz.afp.ioca.IDD_SelfDefiningField$UnknownSelfDefiningField
false
app
decodeAFP
IDD_ImageDataDescriptor.java
71
com.mgz.afp.ioca.IDD_ImageDataDescriptor
false
app
decodeAFP
IAFPDecodeableWriteable.java
64
com.mgz.afp.exceptions.IAFPDecodeableWriteable
false
app
parseNextSFFromBuffer
AFPParser.java
466
com.mgz.afp.parser.AFPParser
false
app
parseNextSF
AFPParser.java
382
com.mgz.afp.parser.AFPParser
false
app
convertToXml
Afp2Xml.java
469
com.mgz.cli.Afp2Xml
false
app
execute
Afp2Xml.java
376
com.mgz.cli.Afp2Xml
false
app
main
Afp2Xml.java
65
com.mgz.cli.Afp2Xml
false
Index 10 out of bounds for length 10
Index 10 out of bounds for length 10
42646
IDD_ImageDataDescriptor
Error at file offset 0xA696 (IDD_ImageDataDescriptor): Index 10 out of bounds for length 10
false
false
false
ABLTpvsAAAAAAAAAAAAAAAAA
app
parseShort
UtilBinaryDecoding.java
149
com.mgz.util.UtilBinaryDecoding
false
app
decodeAFP
IDD_SelfDefiningField.java
365
com.mgz.afp.ioca.IDD_SelfDefiningField$UnknownSelfDefiningField
false
app
decodeAFP
IDD_ImageDataDescriptor.java
71
com.mgz.afp.ioca.IDD_ImageDataDescriptor
false
app
decodeAFP
IAFPDecodeableWriteable.java
64
com.mgz.afp.exceptions.IAFPDecodeableWriteable
false
app
parseNextSFFromBuffer
AFPParser.java
466
com.mgz.afp.parser.AFPParser
false
app
parseNextSF
AFPParser.java
382
com.mgz.afp.parser.AFPParser
false
app
convertToXml
Afp2Xml.java
469
com.mgz.cli.Afp2Xml
false
app
execute
Afp2Xml.java
376
com.mgz.cli.Afp2Xml
false
app
main
Afp2Xml.java
65
com.mgz.cli.Afp2Xml
false
Index 10 out of bounds for length 10
Index 10 out of bounds for length 10
42665
IDD_ImageDataDescriptor
Error at file offset 0xA6A9 (IDD_ImageDataDescriptor): Index 10 out of bounds for length 10
false
false
false
ABLTpvsAAAAAAAAAAAAAAAAA
app
parseShort
UtilBinaryDecoding.java
149
com.mgz.util.UtilBinaryDecoding
false
app
decodeAFP
IDD_SelfDefiningField.java
365
com.mgz.afp.ioca.IDD_SelfDefiningField$UnknownSelfDefiningField
false
app
decodeAFP
IDD_ImageDataDescriptor.java
71
com.mgz.afp.ioca.IDD_ImageDataDescriptor
false
app
decodeAFP
IAFPDecodeableWriteable.java
64
com.mgz.afp.exceptions.IAFPDecodeableWriteable
false
app
parseNextSFFromBuffer
AFPParser.java
466
com.mgz.afp.parser.AFPParser
false
app
parseNextSF
AFPParser.java
382
com.mgz.afp.parser.AFPParser
false
app
convertToXml
Afp2Xml.java
469
com.mgz.cli.Afp2Xml
false
app
execute
Afp2Xml.java
376
com.mgz.cli.Afp2Xml
false
app
main
Afp2Xml.java
65
com.mgz.cli.Afp2Xml
false
Index 10 out of bounds for length 10
Index 10 out of bounds for length 10
42684
IDD_ImageDataDescriptor
Error at file offset 0xA6BC (IDD_ImageDataDescriptor): Index 10 out of bounds for length 10
false
false
false
ABLTpvsAAAAAAAAAAAAAAAAA
app
parseShort
UtilBinaryDecoding.java
149
com.mgz.util.UtilBinaryDecoding
false
app
decodeAFP
IDD_SelfDefiningField.java
365
com.mgz.afp.ioca.IDD_SelfDefiningField$UnknownSelfDefiningField
false
app
decodeAFP
IDD_ImageDataDescriptor.java
71
com.mgz.afp.ioca.IDD_ImageDataDescriptor
false
app
decodeAFP
IAFPDecodeableWriteable.java
64
com.mgz.afp.exceptions.IAFPDecodeableWriteable
false
app
parseNextSFFromBuffer
AFPParser.java
466
com.mgz.afp.parser.AFPParser
false
app
parseNextSF
AFPParser.java
382
com.mgz.afp.parser.AFPParser
false
app
convertToXml
Afp2Xml.java
469
com.mgz.cli.Afp2Xml
false
app
execute
Afp2Xml.java
376
com.mgz.cli.Afp2Xml
false
app
main
Afp2Xml.java
65
com.mgz.cli.Afp2Xml
false
Index 10 out of bounds for length 10
Index 10 out of bounds for length 10
42703
IDD_ImageDataDescriptor
Error at file offset 0xA6CF (IDD_ImageDataDescriptor): Index 10 out of bounds for length 10
false
false
false
ABLTpvsAAAAAAAAAAAAAAAAA
app
parseShort
UtilBinaryDecoding.java
149
com.mgz.util.UtilBinaryDecoding
false
app
decodeAFP
IDD_SelfDefiningField.java
365
com.mgz.afp.ioca.IDD_SelfDefiningField$UnknownSelfDefiningField
false
app
decodeAFP
IDD_ImageDataDescriptor.java
71
com.mgz.afp.ioca.IDD_ImageDataDescriptor
false
app
decodeAFP
IAFPDecodeableWriteable.java
64
com.mgz.afp.exceptions.IAFPDecodeableWriteable
false
app
parseNextSFFromBuffer
AFPParser.java
466
com.mgz.afp.parser.AFPParser
false
app
parseNextSF
AFPParser.java
382
com.mgz.afp.parser.AFPParser
false
app
convertToXml
Afp2Xml.java
469
com.mgz.cli.Afp2Xml
false
app
execute
Afp2Xml.java
376
com.mgz.cli.Afp2Xml
false
app
main
Afp2Xml.java
65
com.mgz.cli.Afp2Xml
false
Index 10 out of bounds for length 10
Index 10 out of bounds for length 10
42722
IDD_ImageDataDescriptor
Error at file offset 0xA6E2 (IDD_ImageDataDescriptor): Index 10 out of bounds for length 10
false
false
false
ABLTpvsAAAAAAAAAAAAAAAAA
app
parseShort
UtilBinaryDecoding.java
149
com.mgz.util.UtilBinaryDecoding
false
app
decodeAFP
IDD_SelfDefiningField.java
365
com.mgz.afp.ioca.IDD_SelfDefiningField$UnknownSelfDefiningField
false
app
decodeAFP
IDD_ImageDataDescriptor.java
71
com.mgz.afp.ioca.IDD_ImageDataDescriptor
false
app
decodeAFP
IAFPDecodeableWriteable.java
64
com.mgz.afp.exceptions.IAFPDecodeableWriteable
false
app
parseNextSFFromBuffer
AFPParser.java
466
com.mgz.afp.parser.AFPParser
false
app
parseNextSF
AFPParser.java
382
com.mgz.afp.parser.AFPParser
false
app
convertToXml
Afp2Xml.java
469
com.mgz.cli.Afp2Xml
false
app
execute
Afp2Xml.java
376
com.mgz.cli.Afp2Xml
false
app
main
Afp2Xml.java
65
com.mgz.cli.Afp2Xml
false
Index 10 out of bounds for length 10
Index 10 out of bounds for length 10
42741
IDD_ImageDataDescriptor
Error at file offset 0xA6F5 (IDD_ImageDataDescriptor): Index 10 out of bounds for length 10
false
false
false
ABLTpvsAAAAAAAAAAAAAAAAA
app
parseShort
UtilBinaryDecoding.java
149
com.mgz.util.UtilBinaryDecoding
false
app
decodeAFP
IDD_SelfDefiningField.java
365
com.mgz.afp.ioca.IDD_SelfDefiningField$UnknownSelfDefiningField
false
app
decodeAFP
IDD_ImageDataDescriptor.java
71
com.mgz.afp.ioca.IDD_ImageDataDescriptor
false
app
decodeAFP
IAFPDecodeableWriteable.java
64
com.mgz.afp.exceptions.IAFPDecodeableWriteable
false
app
parseNextSFFromBuffer
AFPParser.java
466
com.mgz.afp.parser.AFPParser
false
app
parseNextSF
AFPParser.java
382
com.mgz.afp.parser.AFPParser
false
app
convertToXml
Afp2Xml.java
469
com.mgz.cli.Afp2Xml
false
app
execute
Afp2Xml.java
376
com.mgz.cli.Afp2Xml
false
app
main
Afp2Xml.java
65
com.mgz.cli.Afp2Xml
false
Index 10 out of bounds for length 10
Index 10 out of bounds for length 10
42760
IDD_ImageDataDescriptor
Error at file offset 0xA708 (IDD_ImageDataDescriptor): Index 10 out of bounds for length 10
false
false
false
ABLTpvsAAAAAAAAAAAAAAAAA
app
parseShort
UtilBinaryDecoding.java
149
com.mgz.util.UtilBinaryDecoding
false
app
decodeAFP
IDD_SelfDefiningField.java
365
com.mgz.afp.ioca.IDD_SelfDefiningField$UnknownSelfDefiningField
false
app
decodeAFP
IDD_ImageDataDescriptor.java
71
com.mgz.afp.ioca.IDD_ImageDataDescriptor
false
app
decodeAFP
IAFPDecodeableWriteable.java
64
com.mgz.afp.exceptions.IAFPDecodeableWriteable
false
app
parseNextSFFromBuffer
AFPParser.java
466
com.mgz.afp.parser.AFPParser
false
app
parseNextSF
AFPParser.java
382
com.mgz.afp.parser.AFPParser
false
app
convertToXml
Afp2Xml.java
469
com.mgz.cli.Afp2Xml
false
app
execute
Afp2Xml.java
376
com.mgz.cli.Afp2Xml
false
app
main
Afp2Xml.java
65
com.mgz.cli.Afp2Xml
false
Index 10 out of bounds for length 10
Index 10 out of bounds for length 10
42779
IDD_ImageDataDescriptor
Error at file offset 0xA71B (IDD_ImageDataDescriptor): Index 10 out of bounds for length 10
false
false
false
ABLTpvsAAAAAAAAAAAAAAAAA
app
parseShort
UtilBinaryDecoding.java
149
com.mgz.util.UtilBinaryDecoding
false
app
decodeAFP
IDD_SelfDefiningField.java
365
com.mgz.afp.ioca.IDD_SelfDefiningField$UnknownSelfDefiningField
false
app
decodeAFP
IDD_ImageDataDescriptor.java
71
com.mgz.afp.ioca.IDD_ImageDataDescriptor
false
app
decodeAFP
IAFPDecodeableWriteable.java
64
com.mgz.afp.exceptions.IAFPDecodeableWriteable
false
app
parseNextSFFromBuffer
AFPParser.java
466
com.mgz.afp.parser.AFPParser
false
app
parseNextSF
AFPParser.java
382
com.mgz.afp.parser.AFPParser
false
app
convertToXml
Afp2Xml.java
469
com.mgz.cli.Afp2Xml
false
app
execute
Afp2Xml.java
376
com.mgz.cli.Afp2Xml
false
app
main
Afp2Xml.java
65
com.mgz.cli.Afp2Xml
false
Index 10 out of bounds for length 10
Index 10 out of bounds for length 10
42798
IDD_ImageDataDescriptor
Error at file offset 0xA72E (IDD_ImageDataDescriptor): Index 10 out of bounds for length 10
false
false
false
ABLTpvsAAAAAAAAAAAAAAAAA
app
parseShort
UtilBinaryDecoding.java
149
com.mgz.util.UtilBinaryDecoding
false
app
decodeAFP
IDD_SelfDefiningField.java
365
com.mgz.afp.ioca.IDD_SelfDefiningField$UnknownSelfDefiningField
false
app
decodeAFP
IDD_ImageDataDescriptor.java
71
com.mgz.afp.ioca.IDD_ImageDataDescriptor
false
app
decodeAFP
IAFPDecodeableWriteable.java
64
com.mgz.afp.exceptions.IAFPDecodeableWriteable
false
app
parseNextSFFromBuffer
AFPParser.java
466
com.mgz.afp.parser.AFPParser
false
app
parseNextSF
AFPParser.java
382
com.mgz.afp.parser.AFPParser
false
app
convertToXml
Afp2Xml.java
469
com.mgz.cli.Afp2Xml
false
app
execute
Afp2Xml.java
376
com.mgz.cli.Afp2Xml
false
app
main
Afp2Xml.java
65
com.mgz.cli.Afp2Xml
false
Index 10 out of bounds for length 10
Index 10 out of bounds for length 10
42817
IDD_ImageDataDescriptor
Error at file offset 0xA741 (IDD_ImageDataDescriptor): Index 10 out of bounds for length 10
false
false
false
ABLTpvsAAAAAAAAAAAAAAAAA
app
parseShort
UtilBinaryDecoding.java
149
com.mgz.util.UtilBinaryDecoding
false
app
decodeAFP
IDD_SelfDefiningField.java
365
com.mgz.afp.ioca.IDD_SelfDefiningField$UnknownSelfDefiningField
false
app
decodeAFP
IDD_ImageDataDescriptor.java
71
com.mgz.afp.ioca.IDD_ImageDataDescriptor
false
app
decodeAFP
IAFPDecodeableWriteable.java
64
com.mgz.afp.exceptions.IAFPDecodeableWriteable
false
app
parseNextSFFromBuffer
AFPParser.java
466
com.mgz.afp.parser.AFPParser
false
app
parseNextSF
AFPParser.java
382
com.mgz.afp.parser.AFPParser
false
app
convertToXml
Afp2Xml.java
469
com.mgz.cli.Afp2Xml
false
app
execute
Afp2Xml.java
376
com.mgz.cli.Afp2Xml
false
app
main
Afp2Xml.java
65
com.mgz.cli.Afp2Xml
false
Index 10 out of bounds for length 10
Index 10 out of bounds for length 10
42836
IDD_ImageDataDescriptor
Error at file offset 0xA754 (IDD_ImageDataDescriptor): Index 10 out of bounds for length 10
false
false
false
ABLTpvsAAAAAAAAAAAAAAAAA
app
parseShort
UtilBinaryDecoding.java
149
com.mgz.util.UtilBinaryDecoding
false
app
decodeAFP
IDD_SelfDefiningField.java
365
com.mgz.afp.ioca.IDD_SelfDefiningField$UnknownSelfDefiningField
false
app
decodeAFP
IDD_ImageDataDescriptor.java
71
com.mgz.afp.ioca.IDD_ImageDataDescriptor
false
app
decodeAFP
IAFPDecodeableWriteable.java
64
com.mgz.afp.exceptions.IAFPDecodeableWriteable
false
app
parseNextSFFromBuffer
AFPParser.java
466
com.mgz.afp.parser.AFPParser
false
app
parseNextSF
AFPParser.java
382
com.mgz.afp.parser.AFPParser
false
app
convertToXml
Afp2Xml.java
469
com.mgz.cli.Afp2Xml
false
app
execute
Afp2Xml.java
376
com.mgz.cli.Afp2Xml
false
app
main
Afp2Xml.java
65
com.mgz.cli.Afp2Xml
false
Index 10 out of bounds for length 10
Index 10 out of bounds for length 10
42855
IDD_ImageDataDescriptor
Error at file offset 0xA767 (IDD_ImageDataDescriptor): Index 10 out of bounds for length 10
false
false
false
ABLTpvsAAAAAAAAAAAAAAAAA
app
parseShort
UtilBinaryDecoding.java
149
com.mgz.util.UtilBinaryDecoding
false
app
decodeAFP
IDD_SelfDefiningField.java
365
com.mgz.afp.ioca.IDD_SelfDefiningField$UnknownSelfDefiningField
false
app
decodeAFP
IDD_ImageDataDescriptor.java
71
com.mgz.afp.ioca.IDD_ImageDataDescriptor
false
app
decodeAFP
IAFPDecodeableWriteable.java
64
com.mgz.afp.exceptions.IAFPDecodeableWriteable
false
app
parseNextSFFromBuffer
AFPParser.java
466
com.mgz.afp.parser.AFPParser
false
app
parseNextSF
AFPParser.java
382
com.mgz.afp.parser.AFPParser
false
app
convertToXml
Afp2Xml.java
469
com.mgz.cli.Afp2Xml
false
app
execute
Afp2Xml.java
376
com.mgz.cli.Afp2Xml
false
app
main
Afp2Xml.java
65
com.mgz.cli.Afp2Xml
false
Index 10 out of bounds for length 10
Index 10 out of bounds for length 10
42874
IDD_ImageDataDescriptor
Error at file offset 0xA77A (IDD_ImageDataDescriptor): Index 10 out of bounds for length 10
false
false
false
ABLTpvsAAAAAAAAAAAAAAAAA
app
parseShort
UtilBinaryDecoding.java
149
com.mgz.util.UtilBinaryDecoding
false
app
decodeAFP
IDD_SelfDefiningField.java
365
com.mgz.afp.ioca.IDD_SelfDefiningField$UnknownSelfDefiningField
false
app
decodeAFP
IDD_ImageDataDescriptor.java
71
com.mgz.afp.ioca.IDD_ImageDataDescriptor
false
app
decodeAFP
IAFPDecodeableWriteable.java
64
com.mgz.afp.exceptions.IAFPDecodeableWriteable
false
app
parseNextSFFromBuffer
AFPParser.java
466
com.mgz.afp.parser.AFPParser
false
app
parseNextSF
AFPParser.java
382
com.mgz.afp.parser.AFPParser
false
app
convertToXml
Afp2Xml.java
469
com.mgz.cli.Afp2Xml
false
app
execute
Afp2Xml.java
376
com.mgz.cli.Afp2Xml
false
app
main
Afp2Xml.java
65
com.mgz.cli.Afp2Xml
false
Index 10 out of bounds for length 10
Index 10 out of bounds for length 10
42893
IDD_ImageDataDescriptor
Error at file offset 0xA78D (IDD_ImageDataDescriptor): Index 10 out of bounds for length 10
false
false
false
ABLTpvsAAAAAAAAAAAAAAAAA
app
parseShort
UtilBinaryDecoding.java
149
com.mgz.util.UtilBinaryDecoding
false
app
decodeAFP
IDD_SelfDefiningField.java
365
com.mgz.afp.ioca.IDD_SelfDefiningField$UnknownSelfDefiningField
false
app
decodeAFP
IDD_ImageDataDescriptor.java
71
com.mgz.afp.ioca.IDD_ImageDataDescriptor
false
app
decodeAFP
IAFPDecodeableWriteable.java
64
com.mgz.afp.exceptions.IAFPDecodeableWriteable
false
app
parseNextSFFromBuffer
AFPParser.java
466
com.mgz.afp.parser.AFPParser
false
app
parseNextSF
AFPParser.java
382
com.mgz.afp.parser.AFPParser
false
app
convertToXml
Afp2Xml.java
469
com.mgz.cli.Afp2Xml
false
app
execute
Afp2Xml.java
376
com.mgz.cli.Afp2Xml
false
app
main
Afp2Xml.java
65
com.mgz.cli.Afp2Xml
false
Index 10 out of bounds for length 10
Index 10 out of bounds for length 10
42912
IDD_ImageDataDescriptor
Error at file offset 0xA7A0 (IDD_ImageDataDescriptor): Index 10 out of bounds for length 10
false
false
false
ABLTpvsAAAAAAAAAAAAAAAAA
app
parseShort
UtilBinaryDecoding.java
149
com.mgz.util.UtilBinaryDecoding
false
app
decodeAFP
IDD_SelfDefiningField.java
365
com.mgz.afp.ioca.IDD_SelfDefiningField$UnknownSelfDefiningField
false
app
decodeAFP
IDD_ImageDataDescriptor.java
71
com.mgz.afp.ioca.IDD_ImageDataDescriptor
false
app
decodeAFP
IAFPDecodeableWriteable.java
64
com.mgz.afp.exceptions.IAFPDecodeableWriteable
false
app
parseNextSFFromBuffer
AFPParser.java
466
com.mgz.afp.parser.AFPParser
false
app
parseNextSF
AFPParser.java
382
com.mgz.afp.parser.AFPParser
false
app
convertToXml
Afp2Xml.java
469
com.mgz.cli.Afp2Xml
false
app
execute
Afp2Xml.java
376
com.mgz.cli.Afp2Xml
false
app
main
Afp2Xml.java
65
com.mgz.cli.Afp2Xml
false
Index 10 out of bounds for length 10
Index 10 out of bounds for length 10
42931
IDD_ImageDataDescriptor
Error at file offset 0xA7B3 (IDD_ImageDataDescriptor): Index 10 out of bounds for length 10
false
false
false
ABLTpvsAAAAAAAAAAAAAAAAA
app
parseShort
UtilBinaryDecoding.java
149
com.mgz.util.UtilBinaryDecoding
false
app
decodeAFP
IDD_SelfDefiningField.java
365
com.mgz.afp.ioca.IDD_SelfDefiningField$UnknownSelfDefiningField
false
app
decodeAFP
IDD_ImageDataDescriptor.java
71
com.mgz.afp.ioca.IDD_ImageDataDescriptor
false
app
decodeAFP
IAFPDecodeableWriteable.java
64
com.mgz.afp.exceptions.IAFPDecodeableWriteable
false
app
parseNextSFFromBuffer
AFPParser.java
466
com.mgz.afp.parser.AFPParser
false
app
parseNextSF
AFPParser.java
382
com.mgz.afp.parser.AFPParser
false
app
convertToXml
Afp2Xml.java
469
com.mgz.cli.Afp2Xml
false
app
execute
Afp2Xml.java
376
com.mgz.cli.Afp2Xml
false
app
main
Afp2Xml.java
65
com.mgz.cli.Afp2Xml
false
Index 10 out of bounds for length 10
Index 10 out of bounds for length 10
42950
IDD_ImageDataDescriptor
Error at file offset 0xA7C6 (IDD_ImageDataDescriptor): Index 10 out of bounds for length 10
false
false
false
ABLTpvsAAAAAAAAAAAAAAAAA
app
parseShort
UtilBinaryDecoding.java
149
com.mgz.util.UtilBinaryDecoding
false
app
decodeAFP
IDD_SelfDefiningField.java
365
com.mgz.afp.ioca.IDD_SelfDefiningField$UnknownSelfDefiningField
false
app
decodeAFP
IDD_ImageDataDescriptor.java
71
com.mgz.afp.ioca.IDD_ImageDataDescriptor
false
app
decodeAFP
IAFPDecodeableWriteable.java
64
com.mgz.afp.exceptions.IAFPDecodeableWriteable
false
app
parseNextSFFromBuffer
AFPParser.java
466
com.mgz.afp.parser.AFPParser
false
app
parseNextSF
AFPParser.java
382
com.mgz.afp.parser.AFPParser
false
app
convertToXml
Afp2Xml.java
469
com.mgz.cli.Afp2Xml
false
app
execute
Afp2Xml.java
376
com.mgz.cli.Afp2Xml
false
app
main
Afp2Xml.java
65
com.mgz.cli.Afp2Xml
false
Index 10 out of bounds for length 10
Index 10 out of bounds for length 10
42969
IDD_ImageDataDescriptor
Error at file offset 0xA7D9 (IDD_ImageDataDescriptor): Index 10 out of bounds for length 10
false
false
false
ABLTpvsAAAAAAAAAAAAAAAAA
app
parseShort
UtilBinaryDecoding.java
149
com.mgz.util.UtilBinaryDecoding
false
app
decodeAFP
IDD_SelfDefiningField.java
365
com.mgz.afp.ioca.IDD_SelfDefiningField$UnknownSelfDefiningField
false
app
decodeAFP
IDD_ImageDataDescriptor.java
71
com.mgz.afp.ioca.IDD_ImageDataDescriptor
false
app
decodeAFP
IAFPDecodeableWriteable.java
64
com.mgz.afp.exceptions.IAFPDecodeableWriteable
false
app
parseNextSFFromBuffer
AFPParser.java
466
com.mgz.afp.parser.AFPParser
false
app
parseNextSF
AFPParser.java
382
com.mgz.afp.parser.AFPParser
false
app
convertToXml
Afp2Xml.java
469
com.mgz.cli.Afp2Xml
false
app
execute
Afp2Xml.java
376
com.mgz.cli.Afp2Xml
false
app
main
Afp2Xml.java
65
com.mgz.cli.Afp2Xml
false
Index 10 out of bounds for length 10
Index 10 out of bounds for length 10
42988
IDD_ImageDataDescriptor
Error at file offset 0xA7EC (IDD_ImageDataDescriptor): Index 10 out of bounds for length 10
false
false
false
ABLTpvsAAAAAAAAAAAAAAAAA
app
parseShort
UtilBinaryDecoding.java
149
com.mgz.util.UtilBinaryDecoding
false
app
decodeAFP
IDD_SelfDefiningField.java
365
com.mgz.afp.ioca.IDD_SelfDefiningField$UnknownSelfDefiningField
false
app
decodeAFP
IDD_ImageDataDescriptor.java
71
com.mgz.afp.ioca.IDD_ImageDataDescriptor
false
app
decodeAFP
IAFPDecodeableWriteable.java
64
com.mgz.afp.exceptions.IAFPDecodeableWriteable
false
app
parseNextSFFromBuffer
AFPParser.java
466
com.mgz.afp.parser.AFPParser
false
app
parseNextSF
AFPParser.java
382
com.mgz.afp.parser.AFPParser
false
app
convertToXml
Afp2Xml.java
469
com.mgz.cli.Afp2Xml
false
app
execute
Afp2Xml.java
376
com.mgz.cli.Afp2Xml
false
app
main
Afp2Xml.java
65
com.mgz.cli.Afp2Xml
false
Index 10 out of bounds for length 10
Index 10 out of bounds for length 10
43007
IDD_ImageDataDescriptor
Error at file offset 0xA7FF (IDD_ImageDataDescriptor): Index 10 out of bounds for length 10
false
false
false
ABLTpvsAAAAAAAAAAAAAAAAA
app
parseShort
UtilBinaryDecoding.java
149
com.mgz.util.UtilBinaryDecoding
false
app
decodeAFP
IDD_SelfDefiningField.java
365
com.mgz.afp.ioca.IDD_SelfDefiningField$UnknownSelfDefiningField
false
app
decodeAFP
IDD_ImageDataDescriptor.java
71
com.mgz.afp.ioca.IDD_ImageDataDescriptor
false
app
decodeAFP
IAFPDecodeableWriteable.java
64
com.mgz.afp.exceptions.IAFPDecodeableWriteable
false
app
parseNextSFFromBuffer
AFPParser.java
466
com.mgz.afp.parser.AFPParser
false
app
parseNextSF
AFPParser.java
382
com.mgz.afp.parser.AFPParser
false
app
convertToXml
Afp2Xml.java
469
com.mgz.cli.Afp2Xml
false
app
execute
Afp2Xml.java
376
com.mgz.cli.Afp2Xml
false
app
main
Afp2Xml.java
65
com.mgz.cli.Afp2Xml
false
Index 10 out of bounds for length 10
Index 10 out of bounds for length 10
43026
IDD_ImageDataDescriptor
Error at file offset 0xA812 (IDD_ImageDataDescriptor): Index 10 out of bounds for length 10
false
false
false
ABLTpvsAAAAAAAAAAAAAAAAA
app
parseShort
UtilBinaryDecoding.java
149
com.mgz.util.UtilBinaryDecoding
false
app
decodeAFP
IDD_SelfDefiningField.java
365
com.mgz.afp.ioca.IDD_SelfDefiningField$UnknownSelfDefiningField
false
app
decodeAFP
IDD_ImageDataDescriptor.java
71
com.mgz.afp.ioca.IDD_ImageDataDescriptor
false
app
decodeAFP
IAFPDecodeableWriteable.java
64
com.mgz.afp.exceptions.IAFPDecodeableWriteable
false
app
parseNextSFFromBuffer
AFPParser.java
466
com.mgz.afp.parser.AFPParser
false
app
parseNextSF
AFPParser.java
382
com.mgz.afp.parser.AFPParser
false
app
convertToXml
Afp2Xml.java
469
com.mgz.cli.Afp2Xml
false
app
execute
Afp2Xml.java
376
com.mgz.cli.Afp2Xml
false
app
main
Afp2Xml.java
65
com.mgz.cli.Afp2Xml
false
Index 10 out of bounds for length 10
Index 10 out of bounds for length 10
43045
IDD_ImageDataDescriptor
Error at file offset 0xA825 (IDD_ImageDataDescriptor): Index 10 out of bounds for length 10
false
false
false
ABLTpvsAAAAAAAAAAAAAAAAA
app
parseShort
UtilBinaryDecoding.java
149
com.mgz.util.UtilBinaryDecoding
false
app
decodeAFP
IDD_SelfDefiningField.java
365
com.mgz.afp.ioca.IDD_SelfDefiningField$UnknownSelfDefiningField
false
app
decodeAFP
IDD_ImageDataDescriptor.java
71
com.mgz.afp.ioca.IDD_ImageDataDescriptor
false
app
decodeAFP
IAFPDecodeableWriteable.java
64
com.mgz.afp.exceptions.IAFPDecodeableWriteable
false
app
parseNextSFFromBuffer
AFPParser.java
466
com.mgz.afp.parser.AFPParser
false
app
parseNextSF
AFPParser.java
382
com.mgz.afp.parser.AFPParser
false
app
convertToXml
Afp2Xml.java
469
com.mgz.cli.Afp2Xml
false
app
execute
Afp2Xml.java
376
com.mgz.cli.Afp2Xml
false
app
main
Afp2Xml.java
65
com.mgz.cli.Afp2Xml
false
Index 10 out of bounds for length 10
Index 10 out of bounds for length 10
43064
IDD_ImageDataDescriptor
Error at file offset 0xA838 (IDD_ImageDataDescriptor): Index 10 out of bounds for length 10
false
false
false
ABLTpvsAAAAAAAAAAAAAAAAA
app
parseShort
UtilBinaryDecoding.java
149
com.mgz.util.UtilBinaryDecoding
false
app
decodeAFP
IDD_SelfDefiningField.java
365
com.mgz.afp.ioca.IDD_SelfDefiningField$UnknownSelfDefiningField
false
app
decodeAFP
IDD_ImageDataDescriptor.java
71
com.mgz.afp.ioca.IDD_ImageDataDescriptor
false
app
decodeAFP
IAFPDecodeableWriteable.java
64
com.mgz.afp.exceptions.IAFPDecodeableWriteable
false
app
parseNextSFFromBuffer
AFPParser.java
466
com.mgz.afp.parser.AFPParser
false
app
parseNextSF
AFPParser.java
382
com.mgz.afp.parser.AFPParser
false
app
convertToXml
Afp2Xml.java
469
com.mgz.cli.Afp2Xml
false
app
execute
Afp2Xml.java
376
com.mgz.cli.Afp2Xml
false
app
main
Afp2Xml.java
65
com.mgz.cli.Afp2Xml
false
Index 10 out of bounds for length 10
Index 10 out of bounds for length 10
43083
IDD_ImageDataDescriptor
Error at file offset 0xA84B (IDD_ImageDataDescriptor): Index 10 out of bounds for length 10
false
false
false
ABLTpvsAAAAAAAAAAAAAAAAA
app
parseShort
UtilBinaryDecoding.java
149
com.mgz.util.UtilBinaryDecoding
false
app
decodeAFP
IDD_SelfDefiningField.java
365
com.mgz.afp.ioca.IDD_SelfDefiningField$UnknownSelfDefiningField
false
app
decodeAFP
IDD_ImageDataDescriptor.java
71
com.mgz.afp.ioca.IDD_ImageDataDescriptor
false
app
decodeAFP
IAFPDecodeableWriteable.java
64
com.mgz.afp.exceptions.IAFPDecodeableWriteable
false
app
parseNextSFFromBuffer
AFPParser.java
466
com.mgz.afp.parser.AFPParser
false
app
parseNextSF
AFPParser.java
382
com.mgz.afp.parser.AFPParser
false
app
convertToXml
Afp2Xml.java
469
com.mgz.cli.Afp2Xml
false
app
execute
Afp2Xml.java
376
com.mgz.cli.Afp2Xml
false
app
main
Afp2Xml.java
65
com.mgz.cli.Afp2Xml
false
Index 10 out of bounds for length 10
Index 10 out of bounds for length 10
43102
IDD_ImageDataDescriptor
Error at file offset 0xA85E (IDD_ImageDataDescriptor): Index 10 out of bounds for length 10
false
false
false
ABLTpvsAAAAAAAAAAAAAAAAA
app
parseShort
UtilBinaryDecoding.java
149
com.mgz.util.UtilBinaryDecoding
false
app
decodeAFP
IDD_SelfDefiningField.java
365
com.mgz.afp.ioca.IDD_SelfDefiningField$UnknownSelfDefiningField
false
app
decodeAFP
IDD_ImageDataDescriptor.java
71
com.mgz.afp.ioca.IDD_ImageDataDescriptor
false
app
decodeAFP
IAFPDecodeableWriteable.java
64
com.mgz.afp.exceptions.IAFPDecodeableWriteable
false
app
parseNextSFFromBuffer
AFPParser.java
466
com.mgz.afp.parser.AFPParser
false
app
parseNextSF
AFPParser.java
382
com.mgz.afp.parser.AFPParser
false
app
convertToXml
Afp2Xml.java
469
com.mgz.cli.Afp2Xml
false
app
execute
Afp2Xml.java
376
com.mgz.cli.Afp2Xml
false
app
main
Afp2Xml.java
65
com.mgz.cli.Afp2Xml
false
Index 10 out of bounds for length 10
Index 10 out of bounds for length 10
43121
IDD_ImageDataDescriptor
Error at file offset 0xA871 (IDD_ImageDataDescriptor): Index 10 out of bounds for length 10
false
false
false
ABLTpvsAAAAAAAAAAAAAAAAA
app
parseShort
UtilBinaryDecoding.java
149
com.mgz.util.UtilBinaryDecoding
false
app
decodeAFP
IDD_SelfDefiningField.java
365
com.mgz.afp.ioca.IDD_SelfDefiningField$UnknownSelfDefiningField
false
app
decodeAFP
IDD_ImageDataDescriptor.java
71
com.mgz.afp.ioca.IDD_ImageDataDescriptor
false
app
decodeAFP
IAFPDecodeableWriteable.java
64
com.mgz.afp.exceptions.IAFPDecodeableWriteable
false
app
parseNextSFFromBuffer
AFPParser.java
466
com.mgz.afp.parser.AFPParser
false
app
parseNextSF
AFPParser.java
382
com.mgz.afp.parser.AFPParser
false
app
convertToXml
Afp2Xml.java
469
com.mgz.cli.Afp2Xml
false
app
execute
Afp2Xml.java
376
com.mgz.cli.Afp2Xml
false
app
main
Afp2Xml.java
65
com.mgz.cli.Afp2Xml
false
Index 10 out of bounds for length 10
Index 10 out of bounds for length 10
43140
IDD_ImageDataDescriptor
Error at file offset 0xA884 (IDD_ImageDataDescriptor): Index 10 out of bounds for length 10
false
false
false
ABLTpvsAAAAAAAAAAAAAAAAA
app
parseShort
UtilBinaryDecoding.java
149
com.mgz.util.UtilBinaryDecoding
false
app
decodeAFP
IDD_SelfDefiningField.java
365
com.mgz.afp.ioca.IDD_SelfDefiningField$UnknownSelfDefiningField
false
app
decodeAFP
IDD_ImageDataDescriptor.java
71
com.mgz.afp.ioca.IDD_ImageDataDescriptor
false
app
decodeAFP
IAFPDecodeableWriteable.java
64
com.mgz.afp.exceptions.IAFPDecodeableWriteable
false
app
parseNextSFFromBuffer
AFPParser.java
466
com.mgz.afp.parser.AFPParser
false
app
parseNextSF
AFPParser.java
382
com.mgz.afp.parser.AFPParser
false
app
convertToXml
Afp2Xml.java
469
com.mgz.cli.Afp2Xml
false
app
execute
Afp2Xml.java
376
com.mgz.cli.Afp2Xml
false
app
main
Afp2Xml.java
65
com.mgz.cli.Afp2Xml
false
Index 10 out of bounds for length 10
Index 10 out of bounds for length 10
43159
IDD_ImageDataDescriptor
Error at file offset 0xA897 (IDD_ImageDataDescriptor): Index 10 out of bounds for length 10
false
false
false
ABLTpvsAAAAAAAAAAAAAAAAA
app
parseShort
UtilBinaryDecoding.java
149
com.mgz.util.UtilBinaryDecoding
false
app
decodeAFP
IDD_SelfDefiningField.java
365
com.mgz.afp.ioca.IDD_SelfDefiningField$UnknownSelfDefiningField
false
app
decodeAFP
IDD_ImageDataDescriptor.java
71
com.mgz.afp.ioca.IDD_ImageDataDescriptor
false
app
decodeAFP
IAFPDecodeableWriteable.java
64
com.mgz.afp.exceptions.IAFPDecodeableWriteable
false
app
parseNextSFFromBuffer
AFPParser.java
466
com.mgz.afp.parser.AFPParser
false
app
parseNextSF
AFPParser.java
382
com.mgz.afp.parser.AFPParser
false
app
convertToXml
Afp2Xml.java
469
com.mgz.cli.Afp2Xml
false
app
execute
Afp2Xml.java
376
com.mgz.cli.Afp2Xml
false
app
main
Afp2Xml.java
65
com.mgz.cli.Afp2Xml
false
Index 10 out of bounds for length 10
Index 10 out of bounds for length 10
43178
IDD_ImageDataDescriptor
Error at file offset 0xA8AA (IDD_ImageDataDescriptor): Index 10 out of bounds for length 10
false
false
false
ABLTpvsAAAAAAAAAAAAAAAAA
app
parseShort
UtilBinaryDecoding.java
149
com.mgz.util.UtilBinaryDecoding
false
app
decodeAFP
IDD_SelfDefiningField.java
365
com.mgz.afp.ioca.IDD_SelfDefiningField$UnknownSelfDefiningField
false
app
decodeAFP
IDD_ImageDataDescriptor.java
71
com.mgz.afp.ioca.IDD_ImageDataDescriptor
false
app
decodeAFP
IAFPDecodeableWriteable.java
64
com.mgz.afp.exceptions.IAFPDecodeableWriteable
false
app
parseNextSFFromBuffer
AFPParser.java
466
com.mgz.afp.parser.AFPParser
false
app
parseNextSF
AFPParser.java
382
com.mgz.afp.parser.AFPParser
false
app
convertToXml
Afp2Xml.java
469
com.mgz.cli.Afp2Xml
false
app
execute
Afp2Xml.java
376
com.mgz.cli.Afp2Xml
false
app
main
Afp2Xml.java
65
com.mgz.cli.Afp2Xml
false
Index 10 out of bounds for length 10
Index 10 out of bounds for length 10
43197
IDD_ImageDataDescriptor
Error at file offset 0xA8BD (IDD_ImageDataDescriptor): Index 10 out of bounds for length 10
false
false
false
ABLTpvsAAAAAAAAAAAAAAAAA
app
parseShort
UtilBinaryDecoding.java
149
com.mgz.util.UtilBinaryDecoding
false
app
decodeAFP
IDD_SelfDefiningField.java
365
com.mgz.afp.ioca.IDD_SelfDefiningField$UnknownSelfDefiningField
false
app
decodeAFP
IDD_ImageDataDescriptor.java
71
com.mgz.afp.ioca.IDD_ImageDataDescriptor
false
app
decodeAFP
IAFPDecodeableWriteable.java
64
com.mgz.afp.exceptions.IAFPDecodeableWriteable
false
app
parseNextSFFromBuffer
AFPParser.java
466
com.mgz.afp.parser.AFPParser
false
app
parseNextSF
AFPParser.java
382
com.mgz.afp.parser.AFPParser
false
app
convertToXml
Afp2Xml.java
469
com.mgz.cli.Afp2Xml
false
app
execute
Afp2Xml.java
376
com.mgz.cli.Afp2Xml
false
app
main
Afp2Xml.java
65
com.mgz.cli.Afp2Xml
false
Index 10 out of bounds for length 10
Index 10 out of bounds for length 10
43216
IDD_ImageDataDescriptor
Error at file offset 0xA8D0 (IDD_ImageDataDescriptor): Index 10 out of bounds for length 10
false
false
false
ABLTpvsAAAAAAAAAAAAAAAAA
app
parseShort
UtilBinaryDecoding.java
149
com.mgz.util.UtilBinaryDecoding
false
app
decodeAFP
IDD_SelfDefiningField.java
365
com.mgz.afp.ioca.IDD_SelfDefiningField$UnknownSelfDefiningField
false
app
decodeAFP
IDD_ImageDataDescriptor.java
71
com.mgz.afp.ioca.IDD_ImageDataDescriptor
false
app
decodeAFP
IAFPDecodeableWriteable.java
64
com.mgz.afp.exceptions.IAFPDecodeableWriteable
false
app
parseNextSFFromBuffer
AFPParser.java
466
com.mgz.afp.parser.AFPParser
false
app
parseNextSF
AFPParser.java
382
com.mgz.afp.parser.AFPParser
false
app
convertToXml
Afp2Xml.java
469
com.mgz.cli.Afp2Xml
false
app
execute
Afp2Xml.java
376
com.mgz.cli.Afp2Xml
false
app
main
Afp2Xml.java
65
com.mgz.cli.Afp2Xml
false
Index 10 out of bounds for length 10
Index 10 out of bounds for length 10
43235
IDD_ImageDataDescriptor
Error at file offset 0xA8E3 (IDD_ImageDataDescriptor): Index 10 out of bounds for length 10
false
false
false
ABLTpvsAAAAAAAAAAAAAAAAA
app
parseShort
UtilBinaryDecoding.java
149
com.mgz.util.UtilBinaryDecoding
false
app
decodeAFP
IDD_SelfDefiningField.java
365
com.mgz.afp.ioca.IDD_SelfDefiningField$UnknownSelfDefiningField
false
app
decodeAFP
IDD_ImageDataDescriptor.java
71
com.mgz.afp.ioca.IDD_ImageDataDescriptor
false
app
decodeAFP
IAFPDecodeableWriteable.java
64
com.mgz.afp.exceptions.IAFPDecodeableWriteable
false
app
parseNextSFFromBuffer
AFPParser.java
466
com.mgz.afp.parser.AFPParser
false
app
parseNextSF
AFPParser.java
382
com.mgz.afp.parser.AFPParser
false
app
convertToXml
Afp2Xml.java
469
com.mgz.cli.Afp2Xml
false
app
execute
Afp2Xml.java
376
com.mgz.cli.Afp2Xml
false
app
main
Afp2Xml.java
65
com.mgz.cli.Afp2Xml
false
Index 10 out of bounds for length 10
Index 10 out of bounds for length 10
43254
IDD_ImageDataDescriptor
Error at file offset 0xA8F6 (IDD_ImageDataDescriptor): Index 10 out of bounds for length 10
false
false
false
ABLTpvsAAAAAAAAAAAAAAAAA
app
parseShort
UtilBinaryDecoding.java
149
com.mgz.util.UtilBinaryDecoding
false
app
decodeAFP
IDD_SelfDefiningField.java
365
com.mgz.afp.ioca.IDD_SelfDefiningField$UnknownSelfDefiningField
false
app
decodeAFP
IDD_ImageDataDescriptor.java
71
com.mgz.afp.ioca.IDD_ImageDataDescriptor
false
app
decodeAFP
IAFPDecodeableWriteable.java
64
com.mgz.afp.exceptions.IAFPDecodeableWriteable
false
app
parseNextSFFromBuffer
AFPParser.java
466
com.mgz.afp.parser.AFPParser
false
app
parseNextSF
AFPParser.java
382
com.mgz.afp.parser.AFPParser
false
app
convertToXml
Afp2Xml.java
469
com.mgz.cli.Afp2Xml
false
app
execute
Afp2Xml.java
376
com.mgz.cli.Afp2Xml
false
app
main
Afp2Xml.java
65
com.mgz.cli.Afp2Xml
false
Index 10 out of bounds for length 10
Index 10 out of bounds for length 10
43273
IDD_ImageDataDescriptor
Error at file offset 0xA909 (IDD_ImageDataDescriptor): Index 10 out of bounds for length 10
false
false
false
ABLTpvsAAAAAAAAAAAAAAAAA
app
parseShort
UtilBinaryDecoding.java
149
com.mgz.util.UtilBinaryDecoding
false
app
decodeAFP
IDD_SelfDefiningField.java
365
com.mgz.afp.ioca.IDD_SelfDefiningField$UnknownSelfDefiningField
false
app
decodeAFP
IDD_ImageDataDescriptor.java
71
com.mgz.afp.ioca.IDD_ImageDataDescriptor
false
app
decodeAFP
IAFPDecodeableWriteable.java
64
com.mgz.afp.exceptions.IAFPDecodeableWriteable
false
app
parseNextSFFromBuffer
AFPParser.java
466
com.mgz.afp.parser.AFPParser
false
app
parseNextSF
AFPParser.java
382
com.mgz.afp.parser.AFPParser
false
app
convertToXml
Afp2Xml.java
469
com.mgz.cli.Afp2Xml
false
app
execute
Afp2Xml.java
376
com.mgz.cli.Afp2Xml
false
app
main
Afp2Xml.java
65
com.mgz.cli.Afp2Xml
false
Index 10 out of bounds for length 10
Index 10 out of bounds for length 10
43292
IDD_ImageDataDescriptor
Error at file offset 0xA91C (IDD_ImageDataDescriptor): Index 10 out of bounds for length 10
false
false
false
ABLTpvsAAAAAAAAAAAAAAAAA
app
parseShort
UtilBinaryDecoding.java
149
com.mgz.util.UtilBinaryDecoding
false
app
decodeAFP
IDD_SelfDefiningField.java
365
com.mgz.afp.ioca.IDD_SelfDefiningField$UnknownSelfDefiningField
false
app
decodeAFP
IDD_ImageDataDescriptor.java
71
com.mgz.afp.ioca.IDD_ImageDataDescriptor
false
app
decodeAFP
IAFPDecodeableWriteable.java
64
com.mgz.afp.exceptions.IAFPDecodeableWriteable
false
app
parseNextSFFromBuffer
AFPParser.java
466
com.mgz.afp.parser.AFPParser
false
app
parseNextSF
AFPParser.java
382
com.mgz.afp.parser.AFPParser
false
app
convertToXml
Afp2Xml.java
469
com.mgz.cli.Afp2Xml
false
app
execute
Afp2Xml.java
376
com.mgz.cli.Afp2Xml
false
app
main
Afp2Xml.java
65
com.mgz.cli.Afp2Xml
false
Index 10 out of bounds for length 10
Index 10 out of bounds for length 10
43311
IDD_ImageDataDescriptor
Error at file offset 0xA92F (IDD_ImageDataDescriptor): Index 10 out of bounds for length 10
false
false
false
ABLTpvsAAAAAAAAAAAAAAAAA
app
parseShort
UtilBinaryDecoding.java
149
com.mgz.util.UtilBinaryDecoding
false
app
decodeAFP
IDD_SelfDefiningField.java
365
com.mgz.afp.ioca.IDD_SelfDefiningField$UnknownSelfDefiningField
false
app
decodeAFP
IDD_ImageDataDescriptor.java
71
com.mgz.afp.ioca.IDD_ImageDataDescriptor
false
app
decodeAFP
IAFPDecodeableWriteable.java
64
com.mgz.afp.exceptions.IAFPDecodeableWriteable
false
app
parseNextSFFromBuffer
AFPParser.java
466
com.mgz.afp.parser.AFPParser
false
app
parseNextSF
AFPParser.java
382
com.mgz.afp.parser.AFPParser
false
app
convertToXml
Afp2Xml.java
469
com.mgz.cli.Afp2Xml
false
app
execute
Afp2Xml.java
376
com.mgz.cli.Afp2Xml
false
app
main
Afp2Xml.java
65
com.mgz.cli.Afp2Xml
false
Index 10 out of bounds for length 10
Index 10 out of bounds for length 10
43330
IDD_ImageDataDescriptor
Error at file offset 0xA942 (IDD_ImageDataDescriptor): Index 10 out of bounds for length 10
false
false
false
ABLTpvsAAAAAAAAAAAAAAAAA
app
parseShort
UtilBinaryDecoding.java
149
com.mgz.util.UtilBinaryDecoding
false
app
decodeAFP
IDD_SelfDefiningField.java
365
com.mgz.afp.ioca.IDD_SelfDefiningField$UnknownSelfDefiningField
false
app
decodeAFP
IDD_ImageDataDescriptor.java
71
com.mgz.afp.ioca.IDD_ImageDataDescriptor
false
app
decodeAFP
IAFPDecodeableWriteable.java
64
com.mgz.afp.exceptions.IAFPDecodeableWriteable
false
app
parseNextSFFromBuffer
AFPParser.java
466
com.mgz.afp.parser.AFPParser
false
app
parseNextSF
AFPParser.java
382
com.mgz.afp.parser.AFPParser
false
app
convertToXml
Afp2Xml.java
469
com.mgz.cli.Afp2Xml
false
app
execute
Afp2Xml.java
376
com.mgz.cli.Afp2Xml
false
app
main
Afp2Xml.java
65
com.mgz.cli.Afp2Xml
false
Index 10 out of bounds for length 10
Index 10 out of bounds for length 10
43349
IDD_ImageDataDescriptor
Error at file offset 0xA955 (IDD_ImageDataDescriptor): Index 10 out of bounds for length 10
false
false
false
ABLTpvsAAAAAAAAAAAAAAAAA
app
parseShort
UtilBinaryDecoding.java
149
com.mgz.util.UtilBinaryDecoding
false
app
decodeAFP
IDD_SelfDefiningField.java
365
com.mgz.afp.ioca.IDD_SelfDefiningField$UnknownSelfDefiningField
false
app
decodeAFP
IDD_ImageDataDescriptor.java
71
com.mgz.afp.ioca.IDD_ImageDataDescriptor
false
app
decodeAFP
IAFPDecodeableWriteable.java
64
com.mgz.afp.exceptions.IAFPDecodeableWriteable
false
app
parseNextSFFromBuffer
AFPParser.java
466
com.mgz.afp.parser.AFPParser
false
app
parseNextSF
AFPParser.java
382
com.mgz.afp.parser.AFPParser
false
app
convertToXml
Afp2Xml.java
469
com.mgz.cli.Afp2Xml
false
app
execute
Afp2Xml.java
376
com.mgz.cli.Afp2Xml
false
app
main
Afp2Xml.java
65
com.mgz.cli.Afp2Xml
false
Index 10 out of bounds for length 10
Index 10 out of bounds for length 10
43368
IDD_ImageDataDescriptor
Error at file offset 0xA968 (IDD_ImageDataDescriptor): Index 10 out of bounds for length 10
false
false
false
ABLTpvsAAAAAAAAAAAAAAAAA
app
parseShort
UtilBinaryDecoding.java
149
com.mgz.util.UtilBinaryDecoding
false
app
decodeAFP
IDD_SelfDefiningField.java
365
com.mgz.afp.ioca.IDD_SelfDefiningField$UnknownSelfDefiningField
false
app
decodeAFP
IDD_ImageDataDescriptor.java
71
com.mgz.afp.ioca.IDD_ImageDataDescriptor
false
app
decodeAFP
IAFPDecodeableWriteable.java
64
com.mgz.afp.exceptions.IAFPDecodeableWriteable
false
app
parseNextSFFromBuffer
AFPParser.java
466
com.mgz.afp.parser.AFPParser
false
app
parseNextSF
AFPParser.java
382
com.mgz.afp.parser.AFPParser
false
app
convertToXml
Afp2Xml.java
469
com.mgz.cli.Afp2Xml
false
app
execute
Afp2Xml.java
376
com.mgz.cli.Afp2Xml
false
app
main
Afp2Xml.java
65
com.mgz.cli.Afp2Xml
false
Index 10 out of bounds for length 10
Index 10 out of bounds for length 10
43387
IDD_ImageDataDescriptor
Error at file offset 0xA97B (IDD_ImageDataDescriptor): Index 10 out of bounds for length 10
false
false
false
ABLTpvsAAAAAAAAAAAAAAAAA
app
parseShort
UtilBinaryDecoding.java
149
com.mgz.util.UtilBinaryDecoding
false
app
decodeAFP
IDD_SelfDefiningField.java
365
com.mgz.afp.ioca.IDD_SelfDefiningField$UnknownSelfDefiningField
false
app
decodeAFP
IDD_ImageDataDescriptor.java
71
com.mgz.afp.ioca.IDD_ImageDataDescriptor
false
app
decodeAFP
IAFPDecodeableWriteable.java
64
com.mgz.afp.exceptions.IAFPDecodeableWriteable
false
app
parseNextSFFromBuffer
AFPParser.java
466
com.mgz.afp.parser.AFPParser
false
app
parseNextSF
AFPParser.java
382
com.mgz.afp.parser.AFPParser
false
app
convertToXml
Afp2Xml.java
469
com.mgz.cli.Afp2Xml
false
app
execute
Afp2Xml.java
376
com.mgz.cli.Afp2Xml
false
app
main
Afp2Xml.java
65
com.mgz.cli.Afp2Xml
false
Index 10 out of bounds for length 10
Index 10 out of bounds for length 10
43406
IDD_ImageDataDescriptor
Error at file offset 0xA98E (IDD_ImageDataDescriptor): Index 10 out of bounds for length 10
false
false
false
ABLTpvsAAAAAAAAAAAAAAAAA
app
parseShort
UtilBinaryDecoding.java
149
com.mgz.util.UtilBinaryDecoding
false
app
decodeAFP
IDD_SelfDefiningField.java
365
com.mgz.afp.ioca.IDD_SelfDefiningField$UnknownSelfDefiningField
false
app
decodeAFP
IDD_ImageDataDescriptor.java
71
com.mgz.afp.ioca.IDD_ImageDataDescriptor
false
app
decodeAFP
IAFPDecodeableWriteable.java
64
com.mgz.afp.exceptions.IAFPDecodeableWriteable
false
app
parseNextSFFromBuffer
AFPParser.java
466
com.mgz.afp.parser.AFPParser
false
app
parseNextSF
AFPParser.java
382
com.mgz.afp.parser.AFPParser
false
app
convertToXml
Afp2Xml.java
469
com.mgz.cli.Afp2Xml
false
app
execute
Afp2Xml.java
376
com.mgz.cli.Afp2Xml
false
app
main
Afp2Xml.java
65
com.mgz.cli.Afp2Xml
false
Index 10 out of bounds for length 10
Index 10 out of bounds for length 10
43425
IDD_ImageDataDescriptor
Error at file offset 0xA9A1 (IDD_ImageDataDescriptor): Index 10 out of bounds for length 10
false
false
false
ABLTpvsAAAAAAAAAAAAAAAAA
app
parseShort
UtilBinaryDecoding.java
149
com.mgz.util.UtilBinaryDecoding
false
app
decodeAFP
IDD_SelfDefiningField.java
365
com.mgz.afp.ioca.IDD_SelfDefiningField$UnknownSelfDefiningField
false
app
decodeAFP
IDD_ImageDataDescriptor.java
71
com.mgz.afp.ioca.IDD_ImageDataDescriptor
false
app
decodeAFP
IAFPDecodeableWriteable.java
64
com.mgz.afp.exceptions.IAFPDecodeableWriteable
false
app
parseNextSFFromBuffer
AFPParser.java
466
com.mgz.afp.parser.AFPParser
false
app
parseNextSF
AFPParser.java
382
com.mgz.afp.parser.AFPParser
false
app
convertToXml
Afp2Xml.java
469
com.mgz.cli.Afp2Xml
false
app
execute
Afp2Xml.java
376
com.mgz.cli.Afp2Xml
false
app
main
Afp2Xml.java
65
com.mgz.cli.Afp2Xml
false
Index 10 out of bounds for length 10
Index 10 out of bounds for length 10
43444
IDD_ImageDataDescriptor
Error at file offset 0xA9B4 (IDD_ImageDataDescriptor): Index 10 out of bounds for length 10
false
false
false
ABLTpvsAAAAAAAAAAAAAAAAA
app
parseShort
UtilBinaryDecoding.java
149
com.mgz.util.UtilBinaryDecoding
false
app
decodeAFP
IDD_SelfDefiningField.java
365
com.mgz.afp.ioca.IDD_SelfDefiningField$UnknownSelfDefiningField
false
app
decodeAFP
IDD_ImageDataDescriptor.java
71
com.mgz.afp.ioca.IDD_ImageDataDescriptor
false
app
decodeAFP
IAFPDecodeableWriteable.java
64
com.mgz.afp.exceptions.IAFPDecodeableWriteable
false
app
parseNextSFFromBuffer
AFPParser.java
466
com.mgz.afp.parser.AFPParser
false
app
parseNextSF
AFPParser.java
382
com.mgz.afp.parser.AFPParser
false
app
convertToXml
Afp2Xml.java
469
com.mgz.cli.Afp2Xml
false
app
execute
Afp2Xml.java
376
com.mgz.cli.Afp2Xml
false
app
main
Afp2Xml.java
65
com.mgz.cli.Afp2Xml
false
Index 10 out of bounds for length 10
Index 10 out of bounds for length 10
43463
IDD_ImageDataDescriptor
Error at file offset 0xA9C7 (IDD_ImageDataDescriptor): Index 10 out of bounds for length 10
false
false
false
ABLTpvsAAAAAAAAAAAAAAAAA
app
parseShort
UtilBinaryDecoding.java
149
com.mgz.util.UtilBinaryDecoding
false
app
decodeAFP
IDD_SelfDefiningField.java
365
com.mgz.afp.ioca.IDD_SelfDefiningField$UnknownSelfDefiningField
false
app
decodeAFP
IDD_ImageDataDescriptor.java
71
com.mgz.afp.ioca.IDD_ImageDataDescriptor
false
app
decodeAFP
IAFPDecodeableWriteable.java
64
com.mgz.afp.exceptions.IAFPDecodeableWriteable
false
app
parseNextSFFromBuffer
AFPParser.java
466
com.mgz.afp.parser.AFPParser
false
app
parseNextSF
AFPParser.java
382
com.mgz.afp.parser.AFPParser
false
app
convertToXml
Afp2Xml.java
469
com.mgz.cli.Afp2Xml
false
app
execute
Afp2Xml.java
376
com.mgz.cli.Afp2Xml
false
app
main
Afp2Xml.java
65
com.mgz.cli.Afp2Xml
false
Index 10 out of bounds for length 10
Index 10 out of bounds for length 10
43482
IDD_ImageDataDescriptor
Error at file offset 0xA9DA (IDD_ImageDataDescriptor): Index 10 out of bounds for length 10
false
false
false
ABLTpvsAAAAAAAAAAAAAAAAA
app
parseShort
UtilBinaryDecoding.java
149
com.mgz.util.UtilBinaryDecoding
false
app
decodeAFP
IDD_SelfDefiningField.java
365
com.mgz.afp.ioca.IDD_SelfDefiningField$UnknownSelfDefiningField
false
app
decodeAFP
IDD_ImageDataDescriptor.java
71
com.mgz.afp.ioca.IDD_ImageDataDescriptor
false
app
decodeAFP
IAFPDecodeableWriteable.java
64
com.mgz.afp.exceptions.IAFPDecodeableWriteable
false
app
parseNextSFFromBuffer
AFPParser.java
466
com.mgz.afp.parser.AFPParser
false
app
parseNextSF
AFPParser.java
382
com.mgz.afp.parser.AFPParser
false
app
convertToXml
Afp2Xml.java
469
com.mgz.cli.Afp2Xml
false
app
execute
Afp2Xml.java
376
com.mgz.cli.Afp2Xml
false
app
main
Afp2Xml.java
65
com.mgz.cli.Afp2Xml
false
Index 10 out of bounds for length 10
Index 10 out of bounds for length 10
43501
IDD_ImageDataDescriptor
Error at file offset 0xA9ED (IDD_ImageDataDescriptor): Index 10 out of bounds for length 10
false
false
false
ABLTpvsAAAAAAAAAAAAAAAAA
app
parseShort
UtilBinaryDecoding.java
149
com.mgz.util.UtilBinaryDecoding
false
app
decodeAFP
IDD_SelfDefiningField.java
365
com.mgz.afp.ioca.IDD_SelfDefiningField$UnknownSelfDefiningField
false
app
decodeAFP
IDD_ImageDataDescriptor.java
71
com.mgz.afp.ioca.IDD_ImageDataDescriptor
false
app
decodeAFP
IAFPDecodeableWriteable.java
64
com.mgz.afp.exceptions.IAFPDecodeableWriteable
false
app
parseNextSFFromBuffer
AFPParser.java
466
com.mgz.afp.parser.AFPParser
false
app
parseNextSF
AFPParser.java
382
com.mgz.afp.parser.AFPParser
false
app
convertToXml
Afp2Xml.java
469
com.mgz.cli.Afp2Xml
false
app
execute
Afp2Xml.java
376
com.mgz.cli.Afp2Xml
false
app
main
Afp2Xml.java
65
com.mgz.cli.Afp2Xml
false
Index 10 out of bounds for length 10
Index 10 out of bounds for length 10
43520
IDD_ImageDataDescriptor
Error at file offset 0xAA00 (IDD_ImageDataDescriptor): Index 10 out of bounds for length 10
false
false
false
ABLTpvsAAAAAAAAAAAAAAAAA
app
parseShort
UtilBinaryDecoding.java
149
com.mgz.util.UtilBinaryDecoding
false
app
decodeAFP
IDD_SelfDefiningField.java
365
com.mgz.afp.ioca.IDD_SelfDefiningField$UnknownSelfDefiningField
false
app
decodeAFP
IDD_ImageDataDescriptor.java
71
com.mgz.afp.ioca.IDD_ImageDataDescriptor
false
app
decodeAFP
IAFPDecodeableWriteable.java
64
com.mgz.afp.exceptions.IAFPDecodeableWriteable
false
app
parseNextSFFromBuffer
AFPParser.java
466
com.mgz.afp.parser.AFPParser
false
app
parseNextSF
AFPParser.java
382
com.mgz.afp.parser.AFPParser
false
app
convertToXml
Afp2Xml.java
469
com.mgz.cli.Afp2Xml
false
app
execute
Afp2Xml.java
376
com.mgz.cli.Afp2Xml
false
app
main
Afp2Xml.java
65
com.mgz.cli.Afp2Xml
false
Index 10 out of bounds for length 10
Index 10 out of bounds for length 10
43539
IDD_ImageDataDescriptor
Error at file offset 0xAA13 (IDD_ImageDataDescriptor): Index 10 out of bounds for length 10
false
false
false
ABLTpvsAAAAAAAAAAAAAAAAA
app
parseShort
UtilBinaryDecoding.java
149
com.mgz.util.UtilBinaryDecoding
false
app
decodeAFP
IDD_SelfDefiningField.java
365
com.mgz.afp.ioca.IDD_SelfDefiningField$UnknownSelfDefiningField
false
app
decodeAFP
IDD_ImageDataDescriptor.java
71
com.mgz.afp.ioca.IDD_ImageDataDescriptor
false
app
decodeAFP
IAFPDecodeableWriteable.java
64
com.mgz.afp.exceptions.IAFPDecodeableWriteable
false
app
parseNextSFFromBuffer
AFPParser.java
466
com.mgz.afp.parser.AFPParser
false
app
parseNextSF
AFPParser.java
382
com.mgz.afp.parser.AFPParser
false
app
convertToXml
Afp2Xml.java
469
com.mgz.cli.Afp2Xml
false
app
execute
Afp2Xml.java
376
com.mgz.cli.Afp2Xml
false
app
main
Afp2Xml.java
65
com.mgz.cli.Afp2Xml
false
Index 10 out of bounds for length 10
Index 10 out of bounds for length 10
43558
IDD_ImageDataDescriptor
Error at file offset 0xAA26 (IDD_ImageDataDescriptor): Index 10 out of bounds for length 10
false
false
false
ABLTpvsAAAAAAAAAAAAAAAAA
app
parseShort
UtilBinaryDecoding.java
149
com.mgz.util.UtilBinaryDecoding
false
app
decodeAFP
IDD_SelfDefiningField.java
365
com.mgz.afp.ioca.IDD_SelfDefiningField$UnknownSelfDefiningField
false
app
decodeAFP
IDD_ImageDataDescriptor.java
71
com.mgz.afp.ioca.IDD_ImageDataDescriptor
false
app
decodeAFP
IAFPDecodeableWriteable.java
64
com.mgz.afp.exceptions.IAFPDecodeableWriteable
false
app
parseNextSFFromBuffer
AFPParser.java
466
com.mgz.afp.parser.AFPParser
false
app
parseNextSF
AFPParser.java
382
com.mgz.afp.parser.AFPParser
false
app
convertToXml
Afp2Xml.java
469
com.mgz.cli.Afp2Xml
false
app
execute
Afp2Xml.java
376
com.mgz.cli.Afp2Xml
false
app
main
Afp2Xml.java
65
com.mgz.cli.Afp2Xml
false
Index 10 out of bounds for length 10
Index 10 out of bounds for length 10
43577
IDD_ImageDataDescriptor
Error at file offset 0xAA39 (IDD_ImageDataDescriptor): Index 10 out of bounds for length 10
false
false
false
ABLTpvsAAAAAAAAAAAAAAAAA
app
parseShort
UtilBinaryDecoding.java
149
com.mgz.util.UtilBinaryDecoding
false
app
decodeAFP
IDD_SelfDefiningField.java
365
com.mgz.afp.ioca.IDD_SelfDefiningField$UnknownSelfDefiningField
false
app
decodeAFP
IDD_ImageDataDescriptor.java
71
com.mgz.afp.ioca.IDD_ImageDataDescriptor
false
app
decodeAFP
IAFPDecodeableWriteable.java
64
com.mgz.afp.exceptions.IAFPDecodeableWriteable
false
app
parseNextSFFromBuffer
AFPParser.java
466
com.mgz.afp.parser.AFPParser
false
app
parseNextSF
AFPParser.java
382
com.mgz.afp.parser.AFPParser
false
app
convertToXml
Afp2Xml.java
469
com.mgz.cli.Afp2Xml
false
app
execute
Afp2Xml.java
376
com.mgz.cli.Afp2Xml
false
app
main
Afp2Xml.java
65
com.mgz.cli.Afp2Xml
false
Index 10 out of bounds for length 10
Index 10 out of bounds for length 10
43596
IDD_ImageDataDescriptor
Error at file offset 0xAA4C (IDD_ImageDataDescriptor): Index 10 out of bounds for length 10
false
false
false
ABLTpvsAAAAAAAAAAAAAAAAA
app
parseShort
UtilBinaryDecoding.java
149
com.mgz.util.UtilBinaryDecoding
false
app
decodeAFP
IDD_SelfDefiningField.java
365
com.mgz.afp.ioca.IDD_SelfDefiningField$UnknownSelfDefiningField
false
app
decodeAFP
IDD_ImageDataDescriptor.java
71
com.mgz.afp.ioca.IDD_ImageDataDescriptor
false
app
decodeAFP
IAFPDecodeableWriteable.java
64
com.mgz.afp.exceptions.IAFPDecodeableWriteable
false
app
parseNextSFFromBuffer
AFPParser.java
466
com.mgz.afp.parser.AFPParser
false
app
parseNextSF
AFPParser.java
382
com.mgz.afp.parser.AFPParser
false
app
convertToXml
Afp2Xml.java
469
com.mgz.cli.Afp2Xml
false
app
execute
Afp2Xml.java
376
com.mgz.cli.Afp2Xml
false
app
main
Afp2Xml.java
65
com.mgz.cli.Afp2Xml
false
Index 10 out of bounds for length 10
Index 10 out of bounds for length 10
43615
IDD_ImageDataDescriptor
Error at file offset 0xAA5F (IDD_ImageDataDescriptor): Index 10 out of bounds for length 10
false
false
false
ABLTpvsAAAAAAAAAAAAAAAAA
app
parseShort
UtilBinaryDecoding.java
149
com.mgz.util.UtilBinaryDecoding
false
app
decodeAFP
IDD_SelfDefiningField.java
365
com.mgz.afp.ioca.IDD_SelfDefiningField$UnknownSelfDefiningField
false
app
decodeAFP
IDD_ImageDataDescriptor.java
71
com.mgz.afp.ioca.IDD_ImageDataDescriptor
false
app
decodeAFP
IAFPDecodeableWriteable.java
64
com.mgz.afp.exceptions.IAFPDecodeableWriteable
false
app
parseNextSFFromBuffer
AFPParser.java
466
com.mgz.afp.parser.AFPParser
false
app
parseNextSF
AFPParser.java
382
com.mgz.afp.parser.AFPParser
false
app
convertToXml
Afp2Xml.java
469
com.mgz.cli.Afp2Xml
false
app
execute
Afp2Xml.java
376
com.mgz.cli.Afp2Xml
false
app
main
Afp2Xml.java
65
com.mgz.cli.Afp2Xml
false
Index 10 out of bounds for length 10
Index 10 out of bounds for length 10
43634
IDD_ImageDataDescriptor
Error at file offset 0xAA72 (IDD_ImageDataDescriptor): Index 10 out of bounds for length 10
false
false
false
ABLTpvsAAAAAAAAAAAAAAAAA
app
parseShort
UtilBinaryDecoding.java
149
com.mgz.util.UtilBinaryDecoding
false
app
decodeAFP
IDD_SelfDefiningField.java
365
com.mgz.afp.ioca.IDD_SelfDefiningField$UnknownSelfDefiningField
false
app
decodeAFP
IDD_ImageDataDescriptor.java
71
com.mgz.afp.ioca.IDD_ImageDataDescriptor
false
app
decodeAFP
IAFPDecodeableWriteable.java
64
com.mgz.afp.exceptions.IAFPDecodeableWriteable
false
app
parseNextSFFromBuffer
AFPParser.java
466
com.mgz.afp.parser.AFPParser
false
app
parseNextSF
AFPParser.java
382
com.mgz.afp.parser.AFPParser
false
app
convertToXml
Afp2Xml.java
469
com.mgz.cli.Afp2Xml
false
app
execute
Afp2Xml.java
376
com.mgz.cli.Afp2Xml
false
app
main
Afp2Xml.java
65
com.mgz.cli.Afp2Xml
false
Index 10 out of bounds for length 10
Index 10 out of bounds for length 10
43653
IDD_ImageDataDescriptor
Error at file offset 0xAA85 (IDD_ImageDataDescriptor): Index 10 out of bounds for length 10
false
false
false
ABLTpvsAAAAAAAAAAAAAAAAA
app
parseShort
UtilBinaryDecoding.java
149
com.mgz.util.UtilBinaryDecoding
false
app
decodeAFP
IDD_SelfDefiningField.java
365
com.mgz.afp.ioca.IDD_SelfDefiningField$UnknownSelfDefiningField
false
app
decodeAFP
IDD_ImageDataDescriptor.java
71
com.mgz.afp.ioca.IDD_ImageDataDescriptor
false
app
decodeAFP
IAFPDecodeableWriteable.java
64
com.mgz.afp.exceptions.IAFPDecodeableWriteable
false
app
parseNextSFFromBuffer
AFPParser.java
466
com.mgz.afp.parser.AFPParser
false
app
parseNextSF
AFPParser.java
382
com.mgz.afp.parser.AFPParser
false
app
convertToXml
Afp2Xml.java
469
com.mgz.cli.Afp2Xml
false
app
execute
Afp2Xml.java
376
com.mgz.cli.Afp2Xml
false
app
main
Afp2Xml.java
65
com.mgz.cli.Afp2Xml
false
Index 10 out of bounds for length 10
Index 10 out of bounds for length 10
43672
IDD_ImageDataDescriptor
Error at file offset 0xAA98 (IDD_ImageDataDescriptor): Index 10 out of bounds for length 10
false
false
false
ABLTpvsAAAAAAAAAAAAAAAAA
app
parseShort
UtilBinaryDecoding.java
149
com.mgz.util.UtilBinaryDecoding
false
app
decodeAFP
IDD_SelfDefiningField.java
365
com.mgz.afp.ioca.IDD_SelfDefiningField$UnknownSelfDefiningField
false
app
decodeAFP
IDD_ImageDataDescriptor.java
71
com.mgz.afp.ioca.IDD_ImageDataDescriptor
false
app
decodeAFP
IAFPDecodeableWriteable.java
64
com.mgz.afp.exceptions.IAFPDecodeableWriteable
false
app
parseNextSFFromBuffer
AFPParser.java
466
com.mgz.afp.parser.AFPParser
false
app
parseNextSF
AFPParser.java
382
com.mgz.afp.parser.AFPParser
false
app
convertToXml
Afp2Xml.java
469
com.mgz.cli.Afp2Xml
false
app
execute
Afp2Xml.java
376
com.mgz.cli.Afp2Xml
false
app
main
Afp2Xml.java
65
com.mgz.cli.Afp2Xml
false
Index 10 out of bounds for length 10
Index 10 out of bounds for length 10
43691
IDD_ImageDataDescriptor
Error at file offset 0xAAAB (IDD_ImageDataDescriptor): Index 10 out of bounds for length 10
false
false
false
ABLTpvsAAAAAAAAAAAAAAAAA
app
parseShort
UtilBinaryDecoding.java
149
com.mgz.util.UtilBinaryDecoding
false
app
decodeAFP
IDD_SelfDefiningField.java
365
com.mgz.afp.ioca.IDD_SelfDefiningField$UnknownSelfDefiningField
false
app
decodeAFP
IDD_ImageDataDescriptor.java
71
com.mgz.afp.ioca.IDD_ImageDataDescriptor
false
app
decodeAFP
IAFPDecodeableWriteable.java
64
com.mgz.afp.exceptions.IAFPDecodeableWriteable
false
app
parseNextSFFromBuffer
AFPParser.java
466
com.mgz.afp.parser.AFPParser
false
app
parseNextSF
AFPParser.java
382
com.mgz.afp.parser.AFPParser
false
app
convertToXml
Afp2Xml.java
469
com.mgz.cli.Afp2Xml
false
app
execute
Afp2Xml.java
376
com.mgz.cli.Afp2Xml
false
app
main
Afp2Xml.java
65
com.mgz.cli.Afp2Xml
false
Index 10 out of bounds for length 10
Index 10 out of bounds for length 10
43710
IDD_ImageDataDescriptor
Error at file offset 0xAABE (IDD_ImageDataDescriptor): Index 10 out of bounds for length 10
false
false
false
ABLTpvsAAAAAAAAAAAAAAAAA
app
parseShort
UtilBinaryDecoding.java
149
com.mgz.util.UtilBinaryDecoding
false
app
decodeAFP
IDD_SelfDefiningField.java
365
com.mgz.afp.ioca.IDD_SelfDefiningField$UnknownSelfDefiningField
false
app
decodeAFP
IDD_ImageDataDescriptor.java
71
com.mgz.afp.ioca.IDD_ImageDataDescriptor
false
app
decodeAFP
IAFPDecodeableWriteable.java
64
com.mgz.afp.exceptions.IAFPDecodeableWriteable
false
app
parseNextSFFromBuffer
AFPParser.java
466
com.mgz.afp.parser.AFPParser
false
app
parseNextSF
AFPParser.java
382
com.mgz.afp.parser.AFPParser
false
app
convertToXml
Afp2Xml.java
469
com.mgz.cli.Afp2Xml
false
app
execute
Afp2Xml.java
376
com.mgz.cli.Afp2Xml
false
app
main
Afp2Xml.java
65
com.mgz.cli.Afp2Xml
false
Index 10 out of bounds for length 10
Index 10 out of bounds for length 10
43729
IDD_ImageDataDescriptor
Error at file offset 0xAAD1 (IDD_ImageDataDescriptor): Index 10 out of bounds for length 10
false
false
false
ABLTpvsAAAAAAAAAAAAAAAAA
app
parseShort
UtilBinaryDecoding.java
149
com.mgz.util.UtilBinaryDecoding
false
app
decodeAFP
IDD_SelfDefiningField.java
365
com.mgz.afp.ioca.IDD_SelfDefiningField$UnknownSelfDefiningField
false
app
decodeAFP
IDD_ImageDataDescriptor.java
71
com.mgz.afp.ioca.IDD_ImageDataDescriptor
false
app
decodeAFP
IAFPDecodeableWriteable.java
64
com.mgz.afp.exceptions.IAFPDecodeableWriteable
false
app
parseNextSFFromBuffer
AFPParser.java
466
com.mgz.afp.parser.AFPParser
false
app
parseNextSF
AFPParser.java
382
com.mgz.afp.parser.AFPParser
false
app
convertToXml
Afp2Xml.java
469
com.mgz.cli.Afp2Xml
false
app
execute
Afp2Xml.java
376
com.mgz.cli.Afp2Xml
false
app
main
Afp2Xml.java
65
com.mgz.cli.Afp2Xml
false
Index 10 out of bounds for length 10
Index 10 out of bounds for length 10
43748
IDD_ImageDataDescriptor
Error at file offset 0xAAE4 (IDD_ImageDataDescriptor): Index 10 out of bounds for length 10
false
false
false
ABLTpvsAAAAAAAAAAAAAAAAA
app
parseShort
UtilBinaryDecoding.java
149
com.mgz.util.UtilBinaryDecoding
false
app
decodeAFP
IDD_SelfDefiningField.java
365
com.mgz.afp.ioca.IDD_SelfDefiningField$UnknownSelfDefiningField
false
app
decodeAFP
IDD_ImageDataDescriptor.java
71
com.mgz.afp.ioca.IDD_ImageDataDescriptor
false
app
decodeAFP
IAFPDecodeableWriteable.java
64
com.mgz.afp.exceptions.IAFPDecodeableWriteable
false
app
parseNextSFFromBuffer
AFPParser.java
466
com.mgz.afp.parser.AFPParser
false
app
parseNextSF
AFPParser.java
382
com.mgz.afp.parser.AFPParser
false
app
convertToXml
Afp2Xml.java
469
com.mgz.cli.Afp2Xml
false
app
execute
Afp2Xml.java
376
com.mgz.cli.Afp2Xml
false
app
main
Afp2Xml.java
65
com.mgz.cli.Afp2Xml
false
Index 10 out of bounds for length 10
Index 10 out of bounds for length 10
43767
IDD_ImageDataDescriptor
Error at file offset 0xAAF7 (IDD_ImageDataDescriptor): Index 10 out of bounds for length 10
false
false
false
ABLTpvsAAAAAAAAAAAAAAAAA
app
parseShort
UtilBinaryDecoding.java
149
com.mgz.util.UtilBinaryDecoding
false
app
decodeAFP
IDD_SelfDefiningField.java
365
com.mgz.afp.ioca.IDD_SelfDefiningField$UnknownSelfDefiningField
false
app
decodeAFP
IDD_ImageDataDescriptor.java
71
com.mgz.afp.ioca.IDD_ImageDataDescriptor
false
app
decodeAFP
IAFPDecodeableWriteable.java
64
com.mgz.afp.exceptions.IAFPDecodeableWriteable
false
app
parseNextSFFromBuffer
AFPParser.java
466
com.mgz.afp.parser.AFPParser
false
app
parseNextSF
AFPParser.java
382
com.mgz.afp.parser.AFPParser
false
app
convertToXml
Afp2Xml.java
469
com.mgz.cli.Afp2Xml
false
app
execute
Afp2Xml.java
376
com.mgz.cli.Afp2Xml
false
app
main
Afp2Xml.java
65
com.mgz.cli.Afp2Xml
false
Index 10 out of bounds for length 10
Index 10 out of bounds for length 10
43786
IDD_ImageDataDescriptor
Error at file offset 0xAB0A (IDD_ImageDataDescriptor): Index 10 out of bounds for length 10
false
false
false
ABLTpvsAAAAAAAAAAAAAAAAA
app
parseShort
UtilBinaryDecoding.java
149
com.mgz.util.UtilBinaryDecoding
false
app
decodeAFP
IDD_SelfDefiningField.java
365
com.mgz.afp.ioca.IDD_SelfDefiningField$UnknownSelfDefiningField
false
app
decodeAFP
IDD_ImageDataDescriptor.java
71
com.mgz.afp.ioca.IDD_ImageDataDescriptor
false
app
decodeAFP
IAFPDecodeableWriteable.java
64
com.mgz.afp.exceptions.IAFPDecodeableWriteable
false
app
parseNextSFFromBuffer
AFPParser.java
466
com.mgz.afp.parser.AFPParser
false
app
parseNextSF
AFPParser.java
382
com.mgz.afp.parser.AFPParser
false
app
convertToXml
Afp2Xml.java
469
com.mgz.cli.Afp2Xml
false
app
execute
Afp2Xml.java
376
com.mgz.cli.Afp2Xml
false
app
main
Afp2Xml.java
65
com.mgz.cli.Afp2Xml
false
Index 10 out of bounds for length 10
Index 10 out of bounds for length 10
43805
IDD_ImageDataDescriptor
Error at file offset 0xAB1D (IDD_ImageDataDescriptor): Index 10 out of bounds for length 10
false
false
false
ABLTpvsAAAAAAAAAAAAAAAAA
app
parseShort
UtilBinaryDecoding.java
149
com.mgz.util.UtilBinaryDecoding
false
app
decodeAFP
IDD_SelfDefiningField.java
365
com.mgz.afp.ioca.IDD_SelfDefiningField$UnknownSelfDefiningField
false
app
decodeAFP
IDD_ImageDataDescriptor.java
71
com.mgz.afp.ioca.IDD_ImageDataDescriptor
false
app
decodeAFP
IAFPDecodeableWriteable.java
64
com.mgz.afp.exceptions.IAFPDecodeableWriteable
false
app
parseNextSFFromBuffer
AFPParser.java
466
com.mgz.afp.parser.AFPParser
false
app
parseNextSF
AFPParser.java
382
com.mgz.afp.parser.AFPParser
false
app
convertToXml
Afp2Xml.java
469
com.mgz.cli.Afp2Xml
false
app
execute
Afp2Xml.java
376
com.mgz.cli.Afp2Xml
false
app
main
Afp2Xml.java
65
com.mgz.cli.Afp2Xml
false
Index 10 out of bounds for length 10
Index 10 out of bounds for length 10
43824
IDD_ImageDataDescriptor
Error at file offset 0xAB30 (IDD_ImageDataDescriptor): Index 10 out of bounds for length 10
false
false
false
ABLTpvsAAAAAAAAAAAAAAAAA
app
parseShort
UtilBinaryDecoding.java
149
com.mgz.util.UtilBinaryDecoding
false
app
decodeAFP
IDD_SelfDefiningField.java
365
com.mgz.afp.ioca.IDD_SelfDefiningField$UnknownSelfDefiningField
false
app
decodeAFP
IDD_ImageDataDescriptor.java
71
com.mgz.afp.ioca.IDD_ImageDataDescriptor
false
app
decodeAFP
IAFPDecodeableWriteable.java
64
com.mgz.afp.exceptions.IAFPDecodeableWriteable
false
app
parseNextSFFromBuffer
AFPParser.java
466
com.mgz.afp.parser.AFPParser
false
app
parseNextSF
AFPParser.java
382
com.mgz.afp.parser.AFPParser
false
app
convertToXml
Afp2Xml.java
469
com.mgz.cli.Afp2Xml
false
app
execute
Afp2Xml.java
376
com.mgz.cli.Afp2Xml
false
app
main
Afp2Xml.java
65
com.mgz.cli.Afp2Xml
false
Index 10 out of bounds for length 10
Index 10 out of bounds for length 10
43843
IDD_ImageDataDescriptor
Error at file offset 0xAB43 (IDD_ImageDataDescriptor): Index 10 out of bounds for length 10
false
false
false
ABLTpvsAAAAAAAAAAAAAAAAA
app
parseShort
UtilBinaryDecoding.java
149
com.mgz.util.UtilBinaryDecoding
false
app
decodeAFP
IDD_SelfDefiningField.java
365
com.mgz.afp.ioca.IDD_SelfDefiningField$UnknownSelfDefiningField
false
app
decodeAFP
IDD_ImageDataDescriptor.java
71
com.mgz.afp.ioca.IDD_ImageDataDescriptor
false
app
decodeAFP
IAFPDecodeableWriteable.java
64
com.mgz.afp.exceptions.IAFPDecodeableWriteable
false
app
parseNextSFFromBuffer
AFPParser.java
466
com.mgz.afp.parser.AFPParser
false
app
parseNextSF
AFPParser.java
382
com.mgz.afp.parser.AFPParser
false
app
convertToXml
Afp2Xml.java
469
com.mgz.cli.Afp2Xml
false
app
execute
Afp2Xml.java
376
com.mgz.cli.Afp2Xml
false
app
main
Afp2Xml.java
65
com.mgz.cli.Afp2Xml
false
Index 10 out of bounds for length 10
Index 10 out of bounds for length 10
43862
IDD_ImageDataDescriptor
Error at file offset 0xAB56 (IDD_ImageDataDescriptor): Index 10 out of bounds for length 10
false
false
false
ABLTpvsAAAAAAAAAAAAAAAAA
app
parseShort
UtilBinaryDecoding.java
149
com.mgz.util.UtilBinaryDecoding
false
app
decodeAFP
IDD_SelfDefiningField.java
365
com.mgz.afp.ioca.IDD_SelfDefiningField$UnknownSelfDefiningField
false
app
decodeAFP
IDD_ImageDataDescriptor.java
71
com.mgz.afp.ioca.IDD_ImageDataDescriptor
false
app
decodeAFP
IAFPDecodeableWriteable.java
64
com.mgz.afp.exceptions.IAFPDecodeableWriteable
false
app
parseNextSFFromBuffer
AFPParser.java
466
com.mgz.afp.parser.AFPParser
false
app
parseNextSF
AFPParser.java
382
com.mgz.afp.parser.AFPParser
false
app
convertToXml
Afp2Xml.java
469
com.mgz.cli.Afp2Xml
false
app
execute
Afp2Xml.java
376
com.mgz.cli.Afp2Xml
false
app
main
Afp2Xml.java
65
com.mgz.cli.Afp2Xml
false
Index 10 out of bounds for length 10
Index 10 out of bounds for length 10
43881
IDD_ImageDataDescriptor
Error at file offset 0xAB69 (IDD_ImageDataDescriptor): Index 10 out of bounds for length 10
false
false
false
ABLTpvsAAAAAAAAAAAAAAAAA
app
parseShort
UtilBinaryDecoding.java
149
com.mgz.util.UtilBinaryDecoding
false
app
decodeAFP
IDD_SelfDefiningField.java
365
com.mgz.afp.ioca.IDD_SelfDefiningField$UnknownSelfDefiningField
false
app
decodeAFP
IDD_ImageDataDescriptor.java
71
com.mgz.afp.ioca.IDD_ImageDataDescriptor
false
app
decodeAFP
IAFPDecodeableWriteable.java
64
com.mgz.afp.exceptions.IAFPDecodeableWriteable
false
app
parseNextSFFromBuffer
AFPParser.java
466
com.mgz.afp.parser.AFPParser
false
app
parseNextSF
AFPParser.java
382
com.mgz.afp.parser.AFPParser
false
app
convertToXml
Afp2Xml.java
469
com.mgz.cli.Afp2Xml
false
app
execute
Afp2Xml.java
376
com.mgz.cli.Afp2Xml
false
app
main
Afp2Xml.java
65
com.mgz.cli.Afp2Xml
false
Index 10 out of bounds for length 10
Index 10 out of bounds for length 10
43900
IDD_ImageDataDescriptor
Error at file offset 0xAB7C (IDD_ImageDataDescriptor): Index 10 out of bounds for length 10
false
false
false
ABLTpvsAAAAAAAAAAAAAAAAA
app
parseShort
UtilBinaryDecoding.java
149
com.mgz.util.UtilBinaryDecoding
false
app
decodeAFP
IDD_SelfDefiningField.java
365
com.mgz.afp.ioca.IDD_SelfDefiningField$UnknownSelfDefiningField
false
app
decodeAFP
IDD_ImageDataDescriptor.java
71
com.mgz.afp.ioca.IDD_ImageDataDescriptor
false
app
decodeAFP
IAFPDecodeableWriteable.java
64
com.mgz.afp.exceptions.IAFPDecodeableWriteable
false
app
parseNextSFFromBuffer
AFPParser.java
466
com.mgz.afp.parser.AFPParser
false
app
parseNextSF
AFPParser.java
382
com.mgz.afp.parser.AFPParser
false
app
convertToXml
Afp2Xml.java
469
com.mgz.cli.Afp2Xml
false
app
execute
Afp2Xml.java
376
com.mgz.cli.Afp2Xml
false
app
main
Afp2Xml.java
65
com.mgz.cli.Afp2Xml
false
Index 10 out of bounds for length 10
Index 10 out of bounds for length 10
43919
IDD_ImageDataDescriptor
Error at file offset 0xAB8F (IDD_ImageDataDescriptor): Index 10 out of bounds for length 10
false
false
false
ABLTpvsAAAAAAAAAAAAAAAAA
app
parseShort
UtilBinaryDecoding.java
149
com.mgz.util.UtilBinaryDecoding
false
app
decodeAFP
IDD_SelfDefiningField.java
365
com.mgz.afp.ioca.IDD_SelfDefiningField$UnknownSelfDefiningField
false
app
decodeAFP
IDD_ImageDataDescriptor.java
71
com.mgz.afp.ioca.IDD_ImageDataDescriptor
false
app
decodeAFP
IAFPDecodeableWriteable.java
64
com.mgz.afp.exceptions.IAFPDecodeableWriteable
false
app
parseNextSFFromBuffer
AFPParser.java
466
com.mgz.afp.parser.AFPParser
false
app
parseNextSF
AFPParser.java
382
com.mgz.afp.parser.AFPParser
false
app
convertToXml
Afp2Xml.java
469
com.mgz.cli.Afp2Xml
false
app
execute
Afp2Xml.java
376
com.mgz.cli.Afp2Xml
false
app
main
Afp2Xml.java
65
com.mgz.cli.Afp2Xml
false
Index 10 out of bounds for length 10
Index 10 out of bounds for length 10
43938
IDD_ImageDataDescriptor
Error at file offset 0xABA2 (IDD_ImageDataDescriptor): Index 10 out of bounds for length 10
false
false
false
ABLTpvsAAAAAAAAAAAAAAAAA
app
parseShort
UtilBinaryDecoding.java
149
com.mgz.util.UtilBinaryDecoding
false
app
decodeAFP
IDD_SelfDefiningField.java
365
com.mgz.afp.ioca.IDD_SelfDefiningField$UnknownSelfDefiningField
false
app
decodeAFP
IDD_ImageDataDescriptor.java
71
com.mgz.afp.ioca.IDD_ImageDataDescriptor
false
app
decodeAFP
IAFPDecodeableWriteable.java
64
com.mgz.afp.exceptions.IAFPDecodeableWriteable
false
app
parseNextSFFromBuffer
AFPParser.java
466
com.mgz.afp.parser.AFPParser
false
app
parseNextSF
AFPParser.java
382
com.mgz.afp.parser.AFPParser
false
app
convertToXml
Afp2Xml.java
469
com.mgz.cli.Afp2Xml
false
app
execute
Afp2Xml.java
376
com.mgz.cli.Afp2Xml
false
app
main
Afp2Xml.java
65
com.mgz.cli.Afp2Xml
false
Index 10 out of bounds for length 10
Index 10 out of bounds for length 10
43957
IDD_ImageDataDescriptor
Error at file offset 0xABB5 (IDD_ImageDataDescriptor): Index 10 out of bounds for length 10
false
false
false
ABLTpvsAAAAAAAAAAAAAAAAA
app
parseShort
UtilBinaryDecoding.java
149
com.mgz.util.UtilBinaryDecoding
false
app
decodeAFP
IDD_SelfDefiningField.java
365
com.mgz.afp.ioca.IDD_SelfDefiningField$UnknownSelfDefiningField
false
app
decodeAFP
IDD_ImageDataDescriptor.java
71
com.mgz.afp.ioca.IDD_ImageDataDescriptor
false
app
decodeAFP
IAFPDecodeableWriteable.java
64
com.mgz.afp.exceptions.IAFPDecodeableWriteable
false
app
parseNextSFFromBuffer
AFPParser.java
466
com.mgz.afp.parser.AFPParser
false
app
parseNextSF
AFPParser.java
382
com.mgz.afp.parser.AFPParser
false
app
convertToXml
Afp2Xml.java
469
com.mgz.cli.Afp2Xml
false
app
execute
Afp2Xml.java
376
com.mgz.cli.Afp2Xml
false
app
main
Afp2Xml.java
65
com.mgz.cli.Afp2Xml
false
Index 10 out of bounds for length 10
Index 10 out of bounds for length 10
43976
IDD_ImageDataDescriptor
Error at file offset 0xABC8 (IDD_ImageDataDescriptor): Index 10 out of bounds for length 10
false
false
false
ABLTpvsAAAAAAAAAAAAAAAAA
app
parseShort
UtilBinaryDecoding.java
149
com.mgz.util.UtilBinaryDecoding
false
app
decodeAFP
IDD_SelfDefiningField.java
365
com.mgz.afp.ioca.IDD_SelfDefiningField$UnknownSelfDefiningField
false
app
decodeAFP
IDD_ImageDataDescriptor.java
71
com.mgz.afp.ioca.IDD_ImageDataDescriptor
false
app
decodeAFP
IAFPDecodeableWriteable.java
64
com.mgz.afp.exceptions.IAFPDecodeableWriteable
false
app
parseNextSFFromBuffer
AFPParser.java
466
com.mgz.afp.parser.AFPParser
false
app
parseNextSF
AFPParser.java
382
com.mgz.afp.parser.AFPParser
false
app
convertToXml
Afp2Xml.java
469
com.mgz.cli.Afp2Xml
false
app
execute
Afp2Xml.java
376
com.mgz.cli.Afp2Xml
false
app
main
Afp2Xml.java
65
com.mgz.cli.Afp2Xml
false
Index 10 out of bounds for length 10
Index 10 out of bounds for length 10
43995
IDD_ImageDataDescriptor
Error at file offset 0xABDB (IDD_ImageDataDescriptor): Index 10 out of bounds for length 10
false
false
false
ABLTpvsAAAAAAAAAAAAAAAAA
app
parseShort
UtilBinaryDecoding.java
149
com.mgz.util.UtilBinaryDecoding
false
app
decodeAFP
IDD_SelfDefiningField.java
365
com.mgz.afp.ioca.IDD_SelfDefiningField$UnknownSelfDefiningField
false
app
decodeAFP
IDD_ImageDataDescriptor.java
71
com.mgz.afp.ioca.IDD_ImageDataDescriptor
false
app
decodeAFP
IAFPDecodeableWriteable.java
64
com.mgz.afp.exceptions.IAFPDecodeableWriteable
false
app
parseNextSFFromBuffer
AFPParser.java
466
com.mgz.afp.parser.AFPParser
false
app
parseNextSF
AFPParser.java
382
com.mgz.afp.parser.AFPParser
false
app
convertToXml
Afp2Xml.java
469
com.mgz.cli.Afp2Xml
false
app
execute
Afp2Xml.java
376
com.mgz.cli.Afp2Xml
false
app
main
Afp2Xml.java
65
com.mgz.cli.Afp2Xml
false
Index 10 out of bounds for length 10
Index 10 out of bounds for length 10
44014
IDD_ImageDataDescriptor
Error at file offset 0xABEE (IDD_ImageDataDescriptor): Index 10 out of bounds for length 10
false
false
false
ABLTpvsAAAAAAAAAAAAAAAAA
app
parseShort
UtilBinaryDecoding.java
149
com.mgz.util.UtilBinaryDecoding
false
app
decodeAFP
IDD_SelfDefiningField.java
365
com.mgz.afp.ioca.IDD_SelfDefiningField$UnknownSelfDefiningField
false
app
decodeAFP
IDD_ImageDataDescriptor.java
71
com.mgz.afp.ioca.IDD_ImageDataDescriptor
false
app
decodeAFP
IAFPDecodeableWriteable.java
64
com.mgz.afp.exceptions.IAFPDecodeableWriteable
false
app
parseNextSFFromBuffer
AFPParser.java
466
com.mgz.afp.parser.AFPParser
false
app
parseNextSF
AFPParser.java
382
com.mgz.afp.parser.AFPParser
false
app
convertToXml
Afp2Xml.java
469
com.mgz.cli.Afp2Xml
false
app
execute
Afp2Xml.java
376
com.mgz.cli.Afp2Xml
false
app
main
Afp2Xml.java
65
com.mgz.cli.Afp2Xml
false
Index 10 out of bounds for length 10
Index 10 out of bounds for length 10
44033
IDD_ImageDataDescriptor
Error at file offset 0xAC01 (IDD_ImageDataDescriptor): Index 10 out of bounds for length 10
false
false
false
ABLTpvsAAAAAAAAAAAAAAAAA
app
parseShort
UtilBinaryDecoding.java
149
com.mgz.util.UtilBinaryDecoding
false
app
decodeAFP
IDD_SelfDefiningField.java
365
com.mgz.afp.ioca.IDD_SelfDefiningField$UnknownSelfDefiningField
false
app
decodeAFP
IDD_ImageDataDescriptor.java
71
com.mgz.afp.ioca.IDD_ImageDataDescriptor
false
app
decodeAFP
IAFPDecodeableWriteable.java
64
com.mgz.afp.exceptions.IAFPDecodeableWriteable
false
app
parseNextSFFromBuffer
AFPParser.java
466
com.mgz.afp.parser.AFPParser
false
app
parseNextSF
AFPParser.java
382
com.mgz.afp.parser.AFPParser
false
app
convertToXml
Afp2Xml.java
469
com.mgz.cli.Afp2Xml
false
app
execute
Afp2Xml.java
376
com.mgz.cli.Afp2Xml
false
app
main
Afp2Xml.java
65
com.mgz.cli.Afp2Xml
false
Index 10 out of bounds for length 10
Index 10 out of bounds for length 10
44052
IDD_ImageDataDescriptor
Error at file offset 0xAC14 (IDD_ImageDataDescriptor): Index 10 out of bounds for length 10
false
false
false
ABLTpvsAAAAAAAAAAAAAAAAA
app
parseShort
UtilBinaryDecoding.java
149
com.mgz.util.UtilBinaryDecoding
false
app
decodeAFP
IDD_SelfDefiningField.java
365
com.mgz.afp.ioca.IDD_SelfDefiningField$UnknownSelfDefiningField
false
app
decodeAFP
IDD_ImageDataDescriptor.java
71
com.mgz.afp.ioca.IDD_ImageDataDescriptor
false
app
decodeAFP
IAFPDecodeableWriteable.java
64
com.mgz.afp.exceptions.IAFPDecodeableWriteable
false
app
parseNextSFFromBuffer
AFPParser.java
466
com.mgz.afp.parser.AFPParser
false
app
parseNextSF
AFPParser.java
382
com.mgz.afp.parser.AFPParser
false
app
convertToXml
Afp2Xml.java
469
com.mgz.cli.Afp2Xml
false
app
execute
Afp2Xml.java
376
com.mgz.cli.Afp2Xml
false
app
main
Afp2Xml.java
65
com.mgz.cli.Afp2Xml
false
Index 10 out of bounds for length 10
Index 10 out of bounds for length 10
44071
IDD_ImageDataDescriptor
Error at file offset 0xAC27 (IDD_ImageDataDescriptor): Index 10 out of bounds for length 10
false
false
false
ABLTpvsAAAAAAAAAAAAAAAAA
app
parseShort
UtilBinaryDecoding.java
149
com.mgz.util.UtilBinaryDecoding
false
app
decodeAFP
IDD_SelfDefiningField.java
365
com.mgz.afp.ioca.IDD_SelfDefiningField$UnknownSelfDefiningField
false
app
decodeAFP
IDD_ImageDataDescriptor.java
71
com.mgz.afp.ioca.IDD_ImageDataDescriptor
false
app
decodeAFP
IAFPDecodeableWriteable.java
64
com.mgz.afp.exceptions.IAFPDecodeableWriteable
false
app
parseNextSFFromBuffer
AFPParser.java
466
com.mgz.afp.parser.AFPParser
false
app
parseNextSF
AFPParser.java
382
com.mgz.afp.parser.AFPParser
false
app
convertToXml
Afp2Xml.java
469
com.mgz.cli.Afp2Xml
false
app
execute
Afp2Xml.java
376
com.mgz.cli.Afp2Xml
false
app
main
Afp2Xml.java
65
com.mgz.cli.Afp2Xml
false
Index 10 out of bounds for length 10
Index 10 out of bounds for length 10
44090
IDD_ImageDataDescriptor
Error at file offset 0xAC3A (IDD_ImageDataDescriptor): Index 10 out of bounds for length 10
false
false
false
ABLTpvsAAAAAAAAAAAAAAAAA
app
parseShort
UtilBinaryDecoding.java
149
com.mgz.util.UtilBinaryDecoding
false
app
decodeAFP
IDD_SelfDefiningField.java
365
com.mgz.afp.ioca.IDD_SelfDefiningField$UnknownSelfDefiningField
false
app
decodeAFP
IDD_ImageDataDescriptor.java
71
com.mgz.afp.ioca.IDD_ImageDataDescriptor
false
app
decodeAFP
IAFPDecodeableWriteable.java
64
com.mgz.afp.exceptions.IAFPDecodeableWriteable
false
app
parseNextSFFromBuffer
AFPParser.java
466
com.mgz.afp.parser.AFPParser
false
app
parseNextSF
AFPParser.java
382
com.mgz.afp.parser.AFPParser
false
app
convertToXml
Afp2Xml.java
469
com.mgz.cli.Afp2Xml
false
app
execute
Afp2Xml.java
376
com.mgz.cli.Afp2Xml
false
app
main
Afp2Xml.java
65
com.mgz.cli.Afp2Xml
false
Index 10 out of bounds for length 10
Index 10 out of bounds for length 10
44109
IDD_ImageDataDescriptor
Error at file offset 0xAC4D (IDD_ImageDataDescriptor): Index 10 out of bounds for length 10
false
false
false
ABLTpvsAAAAAAAAAAAAAAAAA
app
parseShort
UtilBinaryDecoding.java
149
com.mgz.util.UtilBinaryDecoding
false
app
decodeAFP
IDD_SelfDefiningField.java
365
com.mgz.afp.ioca.IDD_SelfDefiningField$UnknownSelfDefiningField
false
app
decodeAFP
IDD_ImageDataDescriptor.java
71
com.mgz.afp.ioca.IDD_ImageDataDescriptor
false
app
decodeAFP
IAFPDecodeableWriteable.java
64
com.mgz.afp.exceptions.IAFPDecodeableWriteable
false
app
parseNextSFFromBuffer
AFPParser.java
466
com.mgz.afp.parser.AFPParser
false
app
parseNextSF
AFPParser.java
382
com.mgz.afp.parser.AFPParser
false
app
convertToXml
Afp2Xml.java
469
com.mgz.cli.Afp2Xml
false
app
execute
Afp2Xml.java
376
com.mgz.cli.Afp2Xml
false
app
main
Afp2Xml.java
65
com.mgz.cli.Afp2Xml
false
Index 10 out of bounds for length 10
Index 10 out of bounds for length 10
44128
IDD_ImageDataDescriptor
Error at file offset 0xAC60 (IDD_ImageDataDescriptor): Index 10 out of bounds for length 10
false
false
false
ABLTpvsAAAAAAAAAAAAAAAAA
app
parseShort
UtilBinaryDecoding.java
149
com.mgz.util.UtilBinaryDecoding
false
app
decodeAFP
IDD_SelfDefiningField.java
365
com.mgz.afp.ioca.IDD_SelfDefiningField$UnknownSelfDefiningField
false
app
decodeAFP
IDD_ImageDataDescriptor.java
71
com.mgz.afp.ioca.IDD_ImageDataDescriptor
false
app
decodeAFP
IAFPDecodeableWriteable.java
64
com.mgz.afp.exceptions.IAFPDecodeableWriteable
false
app
parseNextSFFromBuffer
AFPParser.java
466
com.mgz.afp.parser.AFPParser
false
app
parseNextSF
AFPParser.java
382
com.mgz.afp.parser.AFPParser
false
app
convertToXml
Afp2Xml.java
469
com.mgz.cli.Afp2Xml
false
app
execute
Afp2Xml.java
376
com.mgz.cli.Afp2Xml
false
app
main
Afp2Xml.java
65
com.mgz.cli.Afp2Xml
false
Index 10 out of bounds for length 10
Index 10 out of bounds for length 10
44147
IDD_ImageDataDescriptor
Error at file offset 0xAC73 (IDD_ImageDataDescriptor): Index 10 out of bounds for length 10
false
false
false
ABLTpvsAAAAAAAAAAAAAAAAA
app
parseShort
UtilBinaryDecoding.java
149
com.mgz.util.UtilBinaryDecoding
false
app
decodeAFP
IDD_SelfDefiningField.java
365
com.mgz.afp.ioca.IDD_SelfDefiningField$UnknownSelfDefiningField
false
app
decodeAFP
IDD_ImageDataDescriptor.java
71
com.mgz.afp.ioca.IDD_ImageDataDescriptor
false
app
decodeAFP
IAFPDecodeableWriteable.java
64
com.mgz.afp.exceptions.IAFPDecodeableWriteable
false
app
parseNextSFFromBuffer
AFPParser.java
466
com.mgz.afp.parser.AFPParser
false
app
parseNextSF
AFPParser.java
382
com.mgz.afp.parser.AFPParser
false
app
convertToXml
Afp2Xml.java
469
com.mgz.cli.Afp2Xml
false
app
execute
Afp2Xml.java
376
com.mgz.cli.Afp2Xml
false
app
main
Afp2Xml.java
65
com.mgz.cli.Afp2Xml
false
Index 10 out of bounds for length 10
Index 10 out of bounds for length 10
44166
IDD_ImageDataDescriptor
Error at file offset 0xAC86 (IDD_ImageDataDescriptor): Index 10 out of bounds for length 10
false
false
false
ABLTpvsAAAAAAAAAAAAAAAAA
app
parseShort
UtilBinaryDecoding.java
149
com.mgz.util.UtilBinaryDecoding
false
app
decodeAFP
IDD_SelfDefiningField.java
365
com.mgz.afp.ioca.IDD_SelfDefiningField$UnknownSelfDefiningField
false
app
decodeAFP
IDD_ImageDataDescriptor.java
71
com.mgz.afp.ioca.IDD_ImageDataDescriptor
false
app
decodeAFP
IAFPDecodeableWriteable.java
64
com.mgz.afp.exceptions.IAFPDecodeableWriteable
false
app
parseNextSFFromBuffer
AFPParser.java
466
com.mgz.afp.parser.AFPParser
false
app
parseNextSF
AFPParser.java
382
com.mgz.afp.parser.AFPParser
false
app
convertToXml
Afp2Xml.java
469
com.mgz.cli.Afp2Xml
false
app
execute
Afp2Xml.java
376
com.mgz.cli.Afp2Xml
false
app
main
Afp2Xml.java
65
com.mgz.cli.Afp2Xml
false
Index 10 out of bounds for length 10
Index 10 out of bounds for length 10
44185
IDD_ImageDataDescriptor
Error at file offset 0xAC99 (IDD_ImageDataDescriptor): Index 10 out of bounds for length 10
false
false
false
ABLTpvsAAAAAAAAAAAAAAAAA
app
parseShort
UtilBinaryDecoding.java
149
com.mgz.util.UtilBinaryDecoding
false
app
decodeAFP
IDD_SelfDefiningField.java
365
com.mgz.afp.ioca.IDD_SelfDefiningField$UnknownSelfDefiningField
false
app
decodeAFP
IDD_ImageDataDescriptor.java
71
com.mgz.afp.ioca.IDD_ImageDataDescriptor
false
app
decodeAFP
IAFPDecodeableWriteable.java
64
com.mgz.afp.exceptions.IAFPDecodeableWriteable
false
app
parseNextSFFromBuffer
AFPParser.java
466
com.mgz.afp.parser.AFPParser
false
app
parseNextSF
AFPParser.java
382
com.mgz.afp.parser.AFPParser
false
app
convertToXml
Afp2Xml.java
469
com.mgz.cli.Afp2Xml
false
app
execute
Afp2Xml.java
376
com.mgz.cli.Afp2Xml
false
app
main
Afp2Xml.java
65
com.mgz.cli.Afp2Xml
false
Index 10 out of bounds for length 10
Index 10 out of bounds for length 10
44204
IDD_ImageDataDescriptor
Error at file offset 0xACAC (IDD_ImageDataDescriptor): Index 10 out of bounds for length 10
false
false
false
UnknownIPDSegmentLong
0
UnknownIPDSegmentLong
0
UnknownIPDSegmentLong
0
UnknownIPDSegmentLong
0
UnknownIPDSegmentLong
0
UnknownIPDSegmentLong
0
UnknownIPDSegmentLong
0
UnknownIPDSegmentLong
0
UnknownIPDSegmentLong
0
UnknownIPDSegmentLong
0
UnknownIPDSegmentLong
0
UnknownIPDSegmentLong
0
UnknownIPDSegmentLong
0
UnknownIPDSegmentLong
0
UnknownIPDSegmentLong
0
UnknownIPDSegmentLong
0
UnknownIPDSegmentLong
0
UnknownIPDSegmentLong
0
UnknownIPDSegmentLong
0
UnknownIPDSegmentLong
0
UnknownIPDSegmentLong
0
UnknownIPDSegmentLong
0
UnknownIPDSegmentLong
0
UnknownIPDSegmentLong
0
UnknownIPDSegmentLong
0
UnknownIPDSegmentLong
0
UnknownIPDSegmentLong
0
UnknownIPDSegmentLong
0
UnknownIPDSegmentLong
0
UnknownIPDSegmentLong
0
UnknownIPDSegmentLong
0
UnknownIPDSegmentLong
0
UnknownIPDSegmentLong
0
UnknownIPDSegmentLong
0
UnknownIPDSegmentLong
0
UnknownIPDSegmentLong
0
UnknownIPDSegmentLong
0
UnknownIPDSegmentLong
0
UnknownIPDSegmentLong
0
UnknownIPDSegmentLong
0
UnknownIPDSegmentLong
0
UnknownIPDSegmentLong
0
UnknownIPDSegmentLong
0
UnknownIPDSegmentLong
0
UnknownIPDSegmentLong
0
UnknownIPDSegmentLong
0
UnknownIPDSegmentLong
0
UnknownIPDSegmentLong
0
UnknownIPDSegmentLong
0
UnknownIPDSegmentLong
0
UnknownIPDSegmentLong
0
UnknownIPDSegmentLong
0
UnknownIPDSegmentLong
0
UnknownIPDSegmentLong
0
UnknownIPDSegmentLong
0
UnknownIPDSegmentLong
0
UnknownIPDSegmentLong
0
UnknownIPDSegmentLong
0
UnknownIPDSegmentLong
0
UnknownIPDSegmentLong
0
UnknownIPDSegmentLong
0
UnknownIPDSegmentLong
0
UnknownIPDSegmentLong
0
UnknownIPDSegmentLong
0
UnknownIPDSegmentLong
0
UnknownIPDSegmentLong
0
UnknownIPDSegmentLong
0
UnknownIPDSegmentLong
0
UnknownIPDSegmentLong
0
UnknownIPDSegmentLong
0
UnknownIPDSegmentLong
0
UnknownIPDSegmentLong
0
UnknownIPDSegmentLong
0
UnknownIPDSegmentLong
0
UnknownIPDSegmentLong
0
UnknownIPDSegmentLong
0
UnknownIPDSegmentLong
0
UnknownIPDSegmentLong
0
UnknownIPDSegmentLong
0
UnknownIPDSegmentLong
0
UnknownIPDSegmentLong
0
UnknownIPDSegmentLong
0
UnknownIPDSegmentLong
0
UnknownIPDSegmentLong
0
UnknownIPDSegmentLong
0
UnknownIPDSegmentLong
0
UnknownIPDSegmentLong
0
UnknownIPDSegmentLong
0
UnknownIPDSegmentLong
0
UnknownIPDSegmentLong
0
UnknownIPDSegmentLong
0
UnknownIPDSegmentLong
0
UnknownIPDSegmentLong
0
UnknownIPDSegmentLong
0
UnknownIPDSegmentLong
0
UnknownIPDSegmentLong
0
UnknownIPDSegmentLong
0
UnknownIPDSegmentLong
0
UnknownIPDSegmentLong
0
UnknownIPDSegmentLong
0
UnknownIPDSegmentLong
0
UnknownIPDSegmentLong
0
UnknownIPDSegmentLong
0
UnknownIPDSegmentLong
0
UnknownIPDSegmentLong
0
UnknownIPDSegmentLong
0
UnknownIPDSegmentLong
0
UnknownIPDSegmentLong
0
UnknownIPDSegmentLong
0
UnknownIPDSegmentLong
0
UnknownIPDSegmentLong
0
UnknownIPDSegmentLong
0
UnknownIPDSegmentLong
0
UnknownIPDSegmentLong
0
UnknownIPDSegmentLong
0
UnknownIPDSegmentLong
0
UnknownIPDSegmentLong
0
UnknownIPDSegmentLong
0
UnknownIPDSegmentLong
0
UnknownIPDSegmentLong
0
UnknownIPDSegmentLong
0
UnknownIPDSegmentLong
0
UnknownIPDSegmentLong
0
UnknownIPDSegmentLong
0
UnknownIPDSegmentLong
0
UnknownIPDSegmentLong
0
UnknownIPDSegmentLong
0
UnknownIPDSegmentLong
0
UnknownIPDSegmentLong
0
UnknownIPDSegmentLong
0
UnknownIPDSegmentLong
0
UnknownIPDSegmentLong
0
UnknownIPDSegmentLong
0
UnknownIPDSegmentLong
0
UnknownIPDSegmentLong
0
UnknownIPDSegmentLong
0
UnknownIPDSegmentLong
0
UnknownIPDSegmentLong
0
UnknownIPDSegmentLong
0
UnknownIPDSegmentLong
0
UnknownIPDSegmentLong
0
UnknownIPDSegmentLong
0
UnknownIPDSegmentLong
0
UnknownIPDSegmentLong
0
UnknownIPDSegmentLong
0
UnknownIPDSegmentLong
0
UnknownIPDSegmentLong
0
UnknownIPDSegmentLong
0
UnknownIPDSegmentLong
0
UnknownIPDSegmentLong
0
UnknownIPDSegmentLong
0
UnknownIPDSegmentLong
0
UnknownIPDSegmentLong
0
UnknownIPDSegmentLong
0
UnknownIPDSegmentLong
0
UnknownIPDSegmentLong
0
UnknownIPDSegmentLong
0
UnknownIPDSegmentLong
0
UnknownIPDSegmentLong
0
UnknownIPDSegmentLong
0
UnknownIPDSegmentLong
0
UnknownIPDSegmentLong
0
UnknownIPDSegmentLong
0
UnknownIPDSegmentLong
0
UnknownIPDSegmentLong
0
UnknownIPDSegmentLong
0
UnknownIPDSegmentLong
0
UnknownIPDSegmentLong
0
UnknownIPDSegmentLong
0
UnknownIPDSegmentLong
0
UnknownIPDSegmentLong
0
UnknownIPDSegmentLong
0
UnknownIPDSegmentLong
0
UnknownIPDSegmentLong
0
UnknownIPDSegmentLong
0
UnknownIPDSegmentLong
0
UnknownIPDSegmentLong
0
UnknownIPDSegmentLong
0
UnknownIPDSegmentLong
0
UnknownIPDSegmentLong
0
UnknownIPDSegmentLong
0
UnknownIPDSegmentLong
0
UnknownIPDSegmentLong
0
UnknownIPDSegmentLong
0
UnknownIPDSegmentLong
0
UnknownIPDSegmentLong
0
UnknownIPDSegmentLong
0
UnknownIPDSegmentLong
0
UnknownIPDSegmentLong
0
UnknownIPDSegmentLong
0
UnknownIPDSegmentLong
0
UnknownIPDSegmentLong
0
UnknownIPDSegmentLong
0
UnknownIPDSegmentLong
0
UnknownIPDSegmentLong
0
UnknownIPDSegmentLong
0
UnknownIPDSegmentLong
0
UnknownIPDSegmentLong
0
UnknownIPDSegmentLong
0
UnknownIPDSegmentLong
0
UnknownIPDSegmentLong
0
UnknownIPDSegmentLong
0
UnknownIPDSegmentLong
0
UnknownIPDSegmentLong
0
UnknownIPDSegmentLong
0
UnknownIPDSegmentLong
0
UnknownIPDSegmentLong
0
UnknownIPDSegmentLong
0
UnknownIPDSegmentLong
0
UnknownIPDSegmentLong
0
UnknownIPDSegmentLong
0
UnknownIPDSegmentLong
0
UnknownIPDSegmentLong
0
UnknownIPDSegmentLong
0
UnknownIPDSegmentLong
0
UnknownIPDSegmentLong
0
UnknownIPDSegmentLong
0
UnknownIPDSegmentLong
0
UnknownIPDSegmentLong
0
UnknownIPDSegmentLong
0
UnknownIPDSegmentLong
0
UnknownIPDSegmentLong
0
UnknownIPDSegmentLong
0
UnknownIPDSegmentLong
0
UnknownIPDSegmentLong
0
UnknownIPDSegmentLong
0
UnknownIPDSegmentLong
0
UnknownIPDSegmentLong
0
UnknownIPDSegmentLong
0
UnknownIPDSegmentLong
0
UnknownIPDSegmentLong
0
UnknownIPDSegmentLong
0
UnknownIPDSegmentLong
0
UnknownIPDSegmentLong
0
UnknownIPDSegmentLong
0
UnknownIPDSegmentLong
0
UnknownIPDSegmentLong
0
UnknownIPDSegmentLong
0
UnknownIPDSegmentLong
0
UnknownIPDSegmentLong
0
UnknownIPDSegmentLong
0
UnknownIPDSegmentLong
0
UnknownIPDSegmentLong
0
UnknownIPDSegmentLong
0
UnknownIPDSegmentLong
0
UnknownIPDSegmentLong
0
UnknownIPDSegmentLong
0
UnknownIPDSegmentLong
0
UnknownIPDSegmentLong
0
UnknownIPDSegmentLong
0
UnknownIPDSegmentLong
0
UnknownIPDSegmentLong
0
UnknownIPDSegmentLong
0
UnknownIPDSegmentLong
0
UnknownIPDSegmentLong
0
UnknownIPDSegmentLong
0
UnknownIPDSegmentLong
0
UnknownIPDSegmentLong
0
UnknownIPDSegmentLong
0
UnknownIPDSegmentLong
0
UnknownIPDSegmentLong
0
UnknownIPDSegmentLong
0
UnknownIPDSegmentLong
0
UnknownIPDSegmentLong
0
UnknownIPDSegmentLong
0
UnknownIPDSegmentLong
0
UnknownIPDSegmentLong
0
UnknownIPDSegmentLong
0
UnknownIPDSegmentLong
0
UnknownIPDSegmentLong
0
UnknownIPDSegmentLong
0
UnknownIPDSegmentLong
0
UnknownIPDSegmentLong
0
UnknownIPDSegmentLong
0
UnknownIPDSegmentLong
0
UnknownIPDSegmentLong
0
UnknownIPDSegmentLong
0
UnknownIPDSegmentLong
0
UnknownIPDSegmentLong
0
UnknownIPDSegmentLong
0
UnknownIPDSegmentLong
0
UnknownIPDSegmentLong
0
UnknownIPDSegmentLong
0
UnknownIPDSegmentLong
0
UnknownIPDSegmentLong
0
UnknownIPDSegmentLong
0
UnknownIPDSegmentLong
0
UnknownIPDSegmentLong
0
UnknownIPDSegmentLong
0
UnknownIPDSegmentLong
0
UnknownIPDSegmentLong
0
UnknownIPDSegmentLong
0
UnknownIPDSegmentLong
0
UnknownIPDSegmentLong
0
UnknownIPDSegmentLong
0
UnknownIPDSegmentLong
0
UnknownIPDSegmentLong
0
UnknownIPDSegmentLong
0
UnknownIPDSegmentLong
0
UnknownIPDSegmentLong
0
UnknownIPDSegmentLong
0
UnknownIPDSegmentLong
0
UnknownIPDSegmentLong
0
UnknownIPDSegmentLong
0
UnknownIPDSegmentLong
0
UnknownIPDSegmentLong
0
UnknownIPDSegmentLong
0
UnknownIPDSegmentLong
0
UnknownIPDSegmentLong
0
UnknownIPDSegmentLong
0
UnknownIPDSegmentLong
0
UnknownIPDSegmentLong
0
UnknownIPDSegmentLong
0
UnknownIPDSegmentLong
0
UnknownIPDSegmentLong
0
UnknownIPDSegmentLong
0
UnknownIPDSegmentLong
0
UnknownIPDSegmentLong
0
UnknownIPDSegmentLong
0
UnknownIPDSegmentLong
0
UnknownIPDSegmentLong
0
UnknownIPDSegmentLong
0
UnknownIPDSegmentLong
0
UnknownIPDSegmentLong
0
UnknownIPDSegmentLong
0
UnknownIPDSegmentLong
0
UnknownIPDSegmentLong
0
UnknownIPDSegmentLong
0
UnknownIPDSegmentLong
0
UnknownIPDSegmentLong
0
UnknownIPDSegmentLong
0
UnknownIPDSegmentLong
0
UnknownIPDSegmentLong
0
UnknownIPDSegmentLong
0
UnknownIPDSegmentLong
0
UnknownIPDSegmentLong
0
UnknownIPDSegmentLong
0
UnknownIPDSegmentLong
0
UnknownIPDSegmentLong
0
UnknownIPDSegmentLong
0
UnknownIPDSegmentLong
0
UnknownIPDSegmentLong
0
UnknownIPDSegmentLong
0
UnknownIPDSegmentLong
0
UnknownIPDSegmentLong
0
UnknownIPDSegmentLong
0
UnknownIPDSegmentLong
0
UnknownIPDSegmentLong
0
UnknownIPDSegmentLong
0
UnknownIPDSegmentLong
0
UnknownIPDSegmentLong
0
UnknownIPDSegmentLong
0
UnknownIPDSegmentLong
0
UnknownIPDSegmentLong
0
UnknownIPDSegmentLong
0
UnknownIPDSegmentLong
0
UnknownIPDSegmentLong
0
UnknownIPDSegmentLong
0
UnknownIPDSegmentLong
0
UnknownIPDSegmentLong
0
UnknownIPDSegmentLong
0
UnknownIPDSegmentLong
0
UnknownIPDSegmentLong
0
UnknownIPDSegmentLong
0
UnknownIPDSegmentLong
0
UnknownIPDSegmentLong
0
UnknownIPDSegmentLong
0
UnknownIPDSegmentLong
0
UnknownIPDSegmentLong
0
UnknownIPDSegmentLong
0
UnknownIPDSegmentLong
0
UnknownIPDSegmentLong
0
UnknownIPDSegmentLong
0
UnknownIPDSegmentLong
0
UnknownIPDSegmentLong
0
UnknownIPDSegmentLong
0
UnknownIPDSegmentLong
0
UnknownIPDSegmentLong
0
UnknownIPDSegmentLong
0
UnknownIPDSegmentLong
0
UnknownIPDSegmentLong
0
UnknownIPDSegmentLong
0
UnknownIPDSegmentLong
0
UnknownIPDSegmentLong
0
UnknownIPDSegmentLong
0
UnknownIPDSegmentLong
0
UnknownIPDSegmentLong
0
UnknownIPDSegmentLong
0
UnknownIPDSegmentLong
0
UnknownIPDSegmentLong
0
UnknownIPDSegmentLong
0
UnknownIPDSegmentLong
0
UnknownIPDSegmentLong
0
UnknownIPDSegmentLong
0
UnknownIPDSegmentLong
0
UnknownIPDSegmentLong
0
UnknownIPDSegmentLong
0
UnknownIPDSegmentLong
0
UnknownIPDSegmentLong
0
UnknownIPDSegmentLong
0
UnknownIPDSegmentLong
0
UnknownIPDSegmentLong
0
UnknownIPDSegmentLong
0
UnknownIPDSegmentLong
0
UnknownIPDSegmentLong
0
UnknownIPDSegmentLong
0
UnknownIPDSegmentLong
0
UnknownIPDSegmentLong
0
UnknownIPDSegmentLong
0
UnknownIPDSegmentLong
0
UnknownIPDSegmentLong
0
UnknownIPDSegmentLong
0
UnknownIPDSegmentLong
0
UnknownIPDSegmentLong
0
UnknownIPDSegmentLong
0
UnknownIPDSegmentLong
0
UnknownIPDSegmentLong
0
UnknownIPDSegmentLong
0
UnknownIPDSegmentLong
0
UnknownIPDSegmentLong
0
UnknownIPDSegmentLong
0
UnknownIPDSegmentLong
0
UnknownIPDSegmentLong
0
UnknownIPDSegmentLong
0
UnknownIPDSegmentLong
0
UnknownIPDSegmentLong
0
UnknownIPDSegmentLong
0
UnknownIPDSegmentLong
0
UnknownIPDSegmentLong
0
UnknownIPDSegmentLong
0
UnknownIPDSegmentLong
0
UnknownIPDSegmentLong
0
UnknownIPDSegmentLong
0
UnknownIPDSegmentLong
0
UnknownIPDSegmentLong
0
UnknownIPDSegmentLong
0
UnknownIPDSegmentLong
0
UnknownIPDSegmentLong
0
UnknownIPDSegmentLong
0
UnknownIPDSegmentLong
0
UnknownIPDSegmentLong
0
UnknownIPDSegmentLong
0
UnknownIPDSegmentLong
0
UnknownIPDSegmentLong
0
UnknownIPDSegmentLong
0
UnknownIPDSegmentLong
0
UnknownIPDSegmentLong
0
UnknownIPDSegmentLong
0
UnknownIPDSegmentLong
0
UnknownIPDSegmentLong
0
UnknownIPDSegmentLong
0
UnknownIPDSegmentLong
0
UnknownIPDSegmentLong
0
UnknownIPDSegmentLong
0
UnknownIPDSegmentLong
0
UnknownIPDSegmentLong
0
UnknownIPDSegmentLong
0
UnknownIPDSegmentLong
0
UnknownIPDSegmentLong
0
UnknownIPDSegmentLong
0
UnknownIPDSegmentLong
0
UnknownIPDSegmentLong
0
UnknownIPDSegmentLong
0
UnknownIPDSegmentLong
0
UnknownIPDSegmentLong
0
UnknownIPDSegmentLong
0
UnknownIPDSegmentLong
0
UnknownIPDSegmentLong
0
UnknownIPDSegmentLong
0
UnknownIPDSegmentLong
0
UnknownIPDSegmentLong
0
UnknownIPDSegmentLong
0
UnknownIPDSegmentLong
0
UnknownIPDSegmentLong
0
UnknownIPDSegmentLong
0
UnknownIPDSegmentLong
0
UnknownIPDSegmentLong
0
UnknownIPDSegmentLong
0
UnknownIPDSegmentLong
0
UnknownIPDSegmentLong
0
UnknownIPDSegmentLong
0
UnknownIPDSegmentLong
0
UnknownIPDSegmentLong
0
UnknownIPDSegmentLong
0
UnknownIPDSegmentLong
0
UnknownIPDSegmentLong
0
UnknownIPDSegmentLong
0
UnknownIPDSegmentLong
0
UnknownIPDSegmentLong
0
UnknownIPDSegmentLong
0
UnknownIPDSegmentLong
0
UnknownIPDSegmentLong
0
UnknownIPDSegmentLong
0
UnknownIPDSegmentLong
0
UnknownIPDSegmentLong
0
UnknownIPDSegmentLong
0
UnknownIPDSegmentLong
0
UnknownIPDSegmentLong
0
UnknownIPDSegmentLong
0
UnknownIPDSegmentLong
0
UnknownIPDSegmentLong
0
UnknownIPDSegmentLong
0
UnknownIPDSegmentLong
0
UnknownIPDSegmentLong
0
UnknownIPDSegmentLong
0
UnknownIPDSegmentLong
0
UnknownIPDSegmentLong
0
UnknownIPDSegmentLong
0
UnknownIPDSegmentLong
0
UnknownIPDSegmentLong
0
UnknownIPDSegmentLong
0
UnknownIPDSegmentLong
0
UnknownIPDSegmentLong
0
UnknownIPDSegmentLong
0
UnknownIPDSegmentLong
0
UnknownIPDSegmentLong
0
UnknownIPDSegmentLong
0
UnknownIPDSegmentLong
0
UnknownIPDSegmentLong
0
UnknownIPDSegmentLong
0
UnknownIPDSegmentLong
0
UnknownIPDSegmentLong
0
UnknownIPDSegmentLong
0
UnknownIPDSegmentLong
0
UnknownIPDSegmentLong
0
UnknownIPDSegmentLong
0
UnknownIPDSegmentLong
0
UnknownIPDSegmentLong
0
UnknownIPDSegmentLong
0
UnknownIPDSegmentLong
0
UnknownIPDSegmentLong
0
UnknownIPDSegmentLong
0
UnknownIPDSegmentLong
0
UnknownIPDSegmentLong
0
UnknownIPDSegmentLong
0
UnknownIPDSegmentLong
0
UnknownIPDSegmentLong
0
UnknownIPDSegmentLong
0
UnknownIPDSegmentLong
0
UnknownIPDSegmentLong
0
UnknownIPDSegmentLong
0
UnknownIPDSegmentLong
0
UnknownIPDSegmentLong
0
UnknownIPDSegmentLong
0
UnknownIPDSegmentLong
0
UnknownIPDSegmentLong
0
UnknownIPDSegmentLong
0
UnknownIPDSegmentLong
0
UnknownIPDSegmentLong
0
UnknownIPDSegmentLong
0
UnknownIPDSegmentLong
0
UnknownIPDSegmentLong
0
UnknownIPDSegmentLong
0
UnknownIPDSegmentLong
0
UnknownIPDSegmentLong
0
UnknownIPDSegmentLong
0
UnknownIPDSegmentLong
0
UnknownIPDSegmentLong
0
UnknownIPDSegmentLong
0
UnknownIPDSegmentLong
0
UnknownIPDSegmentLong
0
UnknownIPDSegmentLong
0
UnknownIPDSegmentLong
0
UnknownIPDSegmentLong
0
UnknownIPDSegmentLong
0
UnknownIPDSegmentLong
0
UnknownIPDSegmentLong
0
UnknownIPDSegmentLong
0
UnknownIPDSegmentLong
0
UnknownIPDSegmentLong
0
UnknownIPDSegmentLong
0
UnknownIPDSegmentLong
0
UnknownIPDSegmentLong
0
UnknownIPDSegmentLong
0
UnknownIPDSegmentLong
0
UnknownIPDSegmentLong
0
UnknownIPDSegmentLong
0
UnknownIPDSegmentLong
0
UnknownIPDSegmentLong
0
UnknownIPDSegmentLong
0
UnknownIPDSegmentLong
0
UnknownIPDSegmentLong
0
UnknownIPDSegmentLong
0
UnknownIPDSegmentLong
0
UnknownIPDSegmentLong
0
UnknownIPDSegmentLong
0
UnknownIPDSegmentLong
0
UnknownIPDSegmentLong
0
UnknownIPDSegmentLong
0
UnknownIPDSegmentLong
0
UnknownIPDSegmentLong
0
UnknownIPDSegmentLong
0
UnknownIPDSegmentLong
0
UnknownIPDSegmentLong
0
UnknownIPDSegmentLong
0
UnknownIPDSegmentLong
0
UnknownIPDSegmentLong
0
UnknownIPDSegmentLong
0
UnknownIPDSegmentLong
0
UnknownIPDSegmentLong
0
UnknownIPDSegmentLong
0
UnknownIPDSegmentLong
0
UnknownIPDSegmentLong
0
UnknownIPDSegmentLong
0
UnknownIPDSegmentLong
0
UnknownIPDSegmentLong
0
UnknownIPDSegmentLong
0
UnknownIPDSegmentLong
0
UnknownIPDSegmentLong
0
UnknownIPDSegmentLong
0
UnknownIPDSegmentLong
0
UnknownIPDSegmentLong
0
UnknownIPDSegmentLong
0
UnknownIPDSegmentLong
0
UnknownIPDSegmentLong
0
UnknownIPDSegmentLong
0
UnknownIPDSegmentLong
0
UnknownIPDSegmentLong
0
UnknownIPDSegmentLong
0
UnknownIPDSegmentLong
0
UnknownIPDSegmentLong
0
UnknownIPDSegmentLong
0
UnknownIPDSegmentLong
0
UnknownIPDSegmentLong
0
UnknownIPDSegmentLong
0
UnknownIPDSegmentLong
0
UnknownIPDSegmentLong
0
UnknownIPDSegmentLong
0
UnknownIPDSegmentLong
0
UnknownIPDSegmentLong
0
UnknownIPDSegmentLong
0
UnknownIPDSegmentLong
0
UnknownIPDSegmentLong
0
UnknownIPDSegmentLong
0
UnknownIPDSegmentLong
0
UnknownIPDSegmentLong
0
UnknownIPDSegmentLong
0
UnknownIPDSegmentLong
0
UnknownIPDSegmentLong
0
UnknownIPDSegmentLong
0
UnknownIPDSegmentLong
0
UnknownIPDSegmentLong
0
UnknownIPDSegmentLong
0
UnknownIPDSegmentLong
0
UnknownIPDSegmentLong
0
UnknownIPDSegmentLong
0
UnknownIPDSegmentLong
0
UnknownIPDSegmentLong
0
UnknownIPDSegmentLong
0
UnknownIPDSegmentLong
0
UnknownIPDSegmentLong
0
UnknownIPDSegmentLong
0
UnknownIPDSegmentLong
0
UnknownIPDSegmentLong
0
UnknownIPDSegmentLong
0
UnknownIPDSegmentLong
0
UnknownIPDSegmentLong
0
UnknownIPDSegmentLong
0
UnknownIPDSegmentLong
0
UnknownIPDSegmentLong
0
UnknownIPDSegmentLong
0
UnknownIPDSegmentLong
0
UnknownIPDSegmentLong
0
UnknownIPDSegmentLong
0
UnknownIPDSegmentLong
0
UnknownIPDSegmentLong
0
UnknownIPDSegmentLong
0
UnknownIPDSegmentLong
0
UnknownIPDSegmentLong
0
UnknownIPDSegmentLong
0
UnknownIPDSegmentLong
0
UnknownIPDSegmentLong
0
UnknownIPDSegmentLong
0
UnknownIPDSegmentLong
0
UnknownIPDSegmentLong
0
UnknownIPDSegmentLong
0
UnknownIPDSegmentLong
0
UnknownIPDSegmentLong
0
UnknownIPDSegmentLong
0
UnknownIPDSegmentLong
0
UnknownIPDSegmentLong
0
UnknownIPDSegmentLong
0
UnknownIPDSegmentLong
0
UnknownIPDSegmentLong
0
UnknownIPDSegmentLong
0
UnknownIPDSegmentLong
0
UnknownIPDSegmentLong
0
UnknownIPDSegmentLong
0
UnknownIPDSegmentLong
0
UnknownIPDSegmentLong
0
UnknownIPDSegmentLong
0
UnknownIPDSegmentLong
0
UnknownIPDSegmentLong
0
UnknownIPDSegmentLong
0
UnknownIPDSegmentLong
0
UnknownIPDSegmentLong
0
UnknownIPDSegmentLong
0
UnknownIPDSegmentLong
0
UnknownIPDSegmentLong
0
UnknownIPDSegmentLong
0
UnknownIPDSegmentLong
0
UnknownIPDSegmentLong
0
UnknownIPDSegmentLong
0
UnknownIPDSegmentLong
0
UnknownIPDSegmentLong
0
UnknownIPDSegmentLong
0
UnknownIPDSegmentLong
0
UnknownIPDSegmentLong
0
UnknownIPDSegmentLong
0
UnknownIPDSegmentLong
0
UnknownIPDSegmentLong
0
UnknownIPDSegmentLong
0
UnknownIPDSegmentLong
0
UnknownIPDSegmentLong
0
UnknownIPDSegmentLong
0
UnknownIPDSegmentLong
0
UnknownIPDSegmentLong
0
UnknownIPDSegmentLong
0
UnknownIPDSegmentLong
0
UnknownIPDSegmentLong
0
UnknownIPDSegmentLong
0
UnknownIPDSegmentLong
0
UnknownIPDSegmentLong
0
UnknownIPDSegmentLong
0
UnknownIPDSegmentLong
0
UnknownIPDSegmentLong
0
UnknownIPDSegmentLong
0
UnknownIPDSegmentLong
0
UnknownIPDSegmentLong
0
UnknownIPDSegmentLong
0
UnknownIPDSegmentLong
0
UnknownIPDSegmentLong
0
UnknownIPDSegmentLong
0
UnknownIPDSegmentLong
0
UnknownIPDSegmentLong
0
UnknownIPDSegmentLong
0
UnknownIPDSegmentLong
0
UnknownIPDSegmentLong
0
UnknownIPDSegmentLong
0
UnknownIPDSegmentLong
0
UnknownIPDSegmentLong
0
UnknownIPDSegmentLong
0
UnknownIPDSegmentLong
0
UnknownIPDSegmentLong
0
UnknownIPDSegmentLong
0
UnknownIPDSegmentLong
0
UnknownIPDSegmentLong
0
UnknownIPDSegmentLong
0
UnknownIPDSegmentLong
0
UnknownIPDSegmentLong
0
UnknownIPDSegmentLong
0
UnknownIPDSegmentLong
0
UnknownIPDSegmentLong
0
UnknownIPDSegmentLong
0
UnknownIPDSegmentLong
0
UnknownIPDSegmentLong
0
UnknownIPDSegmentLong
0
UnknownIPDSegmentLong
0
UnknownIPDSegmentLong
0
UnknownIPDSegmentLong
0
UnknownIPDSegmentLong
0
UnknownIPDSegmentLong
0
UnknownIPDSegmentLong
0
UnknownIPDSegmentLong
0
UnknownIPDSegmentLong
0
UnknownIPDSegmentLong
0
UnknownIPDSegmentLong
0
UnknownIPDSegmentLong
0
UnknownIPDSegmentLong
0
UnknownIPDSegmentLong
0
UnknownIPDSegmentLong
0
UnknownIPDSegmentLong
0
UnknownIPDSegmentLong
0
UnknownIPDSegmentLong
0
UnknownIPDSegmentLong
0
UnknownIPDSegmentLong
0
UnknownIPDSegmentLong
0
UnknownIPDSegmentLong
0
UnknownIPDSegmentLong
0
UnknownIPDSegmentLong
0
UnknownIPDSegmentLong
0
UnknownIPDSegmentLong
0
UnknownIPDSegmentLong
0
UnknownIPDSegmentLong
0
UnknownIPDSegmentLong
0
UnknownIPDSegmentLong
0
UnknownIPDSegmentLong
0
UnknownIPDSegmentLong
0
UnknownIPDSegmentLong
0
UnknownIPDSegmentLong
0
UnknownIPDSegmentLong
0
UnknownIPDSegmentLong
0
UnknownIPDSegmentLong
0
UnknownIPDSegmentLong
0
UnknownIPDSegmentLong
0
UnknownIPDSegmentLong
0
UnknownIPDSegmentLong
0
UnknownIPDSegmentLong
0
UnknownIPDSegmentLong
0
UnknownIPDSegmentLong
0
UnknownIPDSegmentLong
0
UnknownIPDSegmentLong
0
UnknownIPDSegmentLong
0
UnknownIPDSegmentLong
0
UnknownIPDSegmentLong
0
UnknownIPDSegmentLong
0
UnknownIPDSegmentLong
0
UnknownIPDSegmentLong
0
UnknownIPDSegmentLong
0
UnknownIPDSegmentLong
0
UnknownIPDSegmentLong
0
UnknownIPDSegmentLong
0
UnknownIPDSegmentLong
0
UnknownIPDSegmentLong
0
UnknownIPDSegmentLong
0
UnknownIPDSegmentLong
0
UnknownIPDSegmentLong
0
UnknownIPDSegmentLong
0
UnknownIPDSegmentLong
0
UnknownIPDSegmentLong
0
UnknownIPDSegmentLong
0
UnknownIPDSegmentLong
0
UnknownIPDSegmentLong
0
UnknownIPDSegmentLong
0
UnknownIPDSegmentLong
0
UnknownIPDSegmentLong
0
UnknownIPDSegmentLong
0
UnknownIPDSegmentLong
0
UnknownIPDSegmentLong
0
UnknownIPDSegmentLong
0
UnknownIPDSegmentLong
0
UnknownIPDSegmentLong
0
UnknownIPDSegmentLong
0
UnknownIPDSegmentLong
0
UnknownIPDSegmentLong
0
UnknownIPDSegmentLong
0
UnknownIPDSegmentLong
0
UnknownIPDSegmentLong
0
UnknownIPDSegmentLong
0
UnknownIPDSegmentLong
0
UnknownIPDSegmentLong
0
UnknownIPDSegmentLong
0
UnknownIPDSegmentLong
0
UnknownIPDSegmentLong
0
UnknownIPDSegmentLong
0
UnknownIPDSegmentLong
0
UnknownIPDSegmentLong
0
UnknownIPDSegmentLong
0
UnknownIPDSegmentLong
0
UnknownIPDSegmentLong
0
UnknownIPDSegmentLong
0
UnknownIPDSegmentLong
0
UnknownIPDSegmentLong
0
UnknownIPDSegmentLong
0
UnknownIPDSegmentLong
0
UnknownIPDSegmentLong
0
UnknownIPDSegmentLong
0
UnknownIPDSegmentLong
0
UnknownIPDSegmentLong
0
UnknownIPDSegmentLong
0
UnknownIPDSegmentLong
0
UnknownIPDSegmentLong
0
UnknownIPDSegmentLong
0
UnknownIPDSegmentLong
0
UnknownIPDSegmentLong
0
UnknownIPDSegmentLong
0
UnknownIPDSegmentLong
0
UnknownIPDSegmentLong
0
UnknownIPDSegmentLong
0
UnknownIPDSegmentLong
0
UnknownIPDSegmentLong
0
UnknownIPDSegmentLong
0
UnknownIPDSegmentLong
0
UnknownIPDSegmentLong
0
UnknownIPDSegmentLong
0
UnknownIPDSegmentLong
0
UnknownIPDSegmentLong
0
UnknownIPDSegmentLong
0
UnknownIPDSegmentLong
0
UnknownIPDSegmentLong
0
UnknownIPDSegmentLong
0
UnknownIPDSegmentLong
0
UnknownIPDSegmentLong
0
UnknownIPDSegmentLong
0
UnknownIPDSegmentLong
0
UnknownIPDSegmentLong
0
UnknownIPDSegmentLong
0
UnknownIPDSegmentLong
0
UnknownIPDSegmentLong
0
UnknownIPDSegmentLong
0
UnknownIPDSegmentLong
0
UnknownIPDSegmentLong
0
UnknownIPDSegmentLong
0
UnknownIPDSegmentLong
0
UnknownIPDSegmentLong
0
UnknownIPDSegmentLong
0
UnknownIPDSegmentLong
0
UnknownIPDSegmentLong
0
UnknownIPDSegmentLong
0
UnknownIPDSegmentLong
0
UnknownIPDSegmentLong
0
UnknownIPDSegmentLong
0
UnknownIPDSegmentLong
0
UnknownIPDSegmentLong
0
UnknownIPDSegmentLong
0
UnknownIPDSegmentLong
0
UnknownIPDSegmentLong
0
UnknownIPDSegmentLong
0
UnknownIPDSegmentLong
0
UnknownIPDSegmentLong
0
UnknownIPDSegmentLong
0
UnknownIPDSegmentLong
0
UnknownIPDSegmentLong
0
UnknownIPDSegmentLong
0
UnknownIPDSegmentLong
0
UnknownIPDSegmentLong
0
UnknownIPDSegmentLong
0
UnknownIPDSegmentLong
0
UnknownIPDSegmentLong
0
UnknownIPDSegmentLong
0
UnknownIPDSegmentLong
0
UnknownIPDSegmentLong
0
UnknownIPDSegmentLong
0
UnknownIPDSegmentLong
0
UnknownIPDSegmentLong
0
UnknownIPDSegmentLong
0
UnknownIPDSegmentLong
0
UnknownIPDSegmentLong
0
UnknownIPDSegmentLong
0
UnknownIPDSegmentLong
0
UnknownIPDSegmentLong
0
UnknownIPDSegmentLong
0
UnknownIPDSegmentLong
0
UnknownIPDSegmentLong
0
UnknownIPDSegmentLong
0
UnknownIPDSegmentLong
0
UnknownIPDSegmentLong
0
UnknownIPDSegmentLong
0
UnknownIPDSegmentLong
0
UnknownIPDSegmentLong
0
UnknownIPDSegmentLong
0
UnknownIPDSegmentLong
0
UnknownIPDSegmentLong
0
UnknownIPDSegmentLong
0
UnknownIPDSegmentLong
0
UnknownIPDSegmentLong
0
UnknownIPDSegmentLong
0
UnknownIPDSegmentLong
0
UnknownIPDSegmentLong
0
UnknownIPDSegmentLong
0
UnknownIPDSegmentLong
0
UnknownIPDSegmentLong
0
UnknownIPDSegmentLong
0
UnknownIPDSegmentLong
0
UnknownIPDSegmentLong
0
UnknownIPDSegmentLong
0
UnknownIPDSegmentLong
0
UnknownIPDSegmentLong
0
UnknownIPDSegmentLong
0
UnknownIPDSegmentLong
0
UnknownIPDSegmentLong
0
UnknownIPDSegmentLong
0
UnknownIPDSegmentLong
0
UnknownIPDSegmentLong
0
UnknownIPDSegmentLong
0
UnknownIPDSegmentLong
0
UnknownIPDSegmentLong
0
UnknownIPDSegmentLong
0
UnknownIPDSegmentLong
0
UnknownIPDSegmentLong
0
UnknownIPDSegmentLong
0
UnknownIPDSegmentLong
0
UnknownIPDSegmentLong
0
UnknownIPDSegmentLong
0
UnknownIPDSegmentLong
0
UnknownIPDSegmentLong
0
UnknownIPDSegmentLong
0
UnknownIPDSegmentLong
0
UnknownIPDSegmentLong
0
UnknownIPDSegmentLong
0
UnknownIPDSegmentLong
0
UnknownIPDSegmentLong
0
UnknownIPDSegmentLong
0
UnknownIPDSegmentLong
0
UnknownIPDSegmentLong
0
UnknownIPDSegmentLong
0
UnknownIPDSegmentLong
0
UnknownIPDSegmentLong
0
UnknownIPDSegmentLong
0
UnknownIPDSegmentLong
0
UnknownIPDSegmentLong
0
UnknownIPDSegmentLong
0
UnknownIPDSegmentLong
0
UnknownIPDSegmentLong
0
UnknownIPDSegmentLong
0
UnknownIPDSegmentLong
0
UnknownIPDSegmentLong
0
UnknownIPDSegmentLong
0
UnknownIPDSegmentLong
0
UnknownIPDSegmentLong
0
UnknownIPDSegmentLong
0
UnknownIPDSegmentLong
0
UnknownIPDSegmentLong
0
UnknownIPDSegmentLong
0
UnknownIPDSegmentLong
0
UnknownIPDSegmentLong
0
UnknownIPDSegmentLong
0
UnknownIPDSegmentLong
0
UnknownIPDSegmentLong
0
UnknownIPDSegmentLong
0
UnknownIPDSegmentLong
0
UnknownIPDSegmentLong
0
UnknownIPDSegmentLong
0
UnknownIPDSegmentLong
0
UnknownIPDSegmentLong
0
UnknownIPDSegmentLong
0
UnknownIPDSegmentLong
0
UnknownIPDSegmentLong
0
UnknownIPDSegmentLong
0
UnknownIPDSegmentLong
0
UnknownIPDSegmentLong
0
UnknownIPDSegmentLong
0
UnknownIPDSegmentLong
0
UnknownIPDSegmentLong
0
UnknownIPDSegmentLong
0
UnknownIPDSegmentLong
0
UnknownIPDSegmentLong
0
UnknownIPDSegmentLong
0
UnknownIPDSegmentLong
0
UnknownIPDSegmentLong
0
UnknownIPDSegmentLong
0
UnknownIPDSegmentLong
0
UnknownIPDSegmentLong
0
UnknownIPDSegmentLong
0
UnknownIPDSegmentLong
0
UnknownIPDSegmentLong
0
UnknownIPDSegmentLong
0
UnknownIPDSegmentLong
0
UnknownIPDSegmentLong
0
UnknownIPDSegmentLong
0
UnknownIPDSegmentLong
0
UnknownIPDSegmentLong
0
UnknownIPDSegmentLong
0
UnknownIPDSegmentLong
0
UnknownIPDSegmentLong
0
UnknownIPDSegmentLong
0
UnknownIPDSegmentLong
0
UnknownIPDSegmentLong
0
UnknownIPDSegmentLong
0
UnknownIPDSegmentLong
0
UnknownIPDSegmentLong
0
UnknownIPDSegmentLong
0
UnknownIPDSegmentLong
0
UnknownIPDSegmentLong
0
UnknownIPDSegmentLong
0
UnknownIPDSegmentLong
0
UnknownIPDSegmentLong
0
UnknownIPDSegmentLong
0
UnknownIPDSegmentLong
0
UnknownIPDSegmentLong
0
UnknownIPDSegmentLong
0
UnknownIPDSegmentLong
0
UnknownIPDSegmentLong
0
UnknownIPDSegmentLong
0
UnknownIPDSegmentLong
0
UnknownIPDSegmentLong
0
UnknownIPDSegmentLong
0
UnknownIPDSegmentLong
0
UnknownIPDSegmentLong
0
UnknownIPDSegmentLong
0
UnknownIPDSegmentLong
0
UnknownIPDSegmentLong
0
UnknownIPDSegmentLong
0
UnknownIPDSegmentLong
0
UnknownIPDSegmentLong
0
UnknownIPDSegmentLong
0
UnknownIPDSegmentLong
0
UnknownIPDSegmentLong
0
UnknownIPDSegmentLong
0
UnknownIPDSegmentLong
0
UnknownIPDSegmentLong
0
UnknownIPDSegmentLong
0
UnknownIPDSegmentLong
0
UnknownIPDSegmentLong
0
UnknownIPDSegmentLong
0
UnknownIPDSegmentLong
0
UnknownIPDSegmentLong
0
UnknownIPDSegmentLong
0
UnknownIPDSegmentLong
0
UnknownIPDSegmentLong
0
UnknownIPDSegmentLong
0
UnknownIPDSegmentLong
0
UnknownIPDSegmentLong
0
UnknownIPDSegmentLong
0
UnknownIPDSegmentLong
0
UnknownIPDSegmentLong
0
UnknownIPDSegmentLong
0
UnknownIPDSegmentLong
0
UnknownIPDSegmentLong
0
UnknownIPDSegmentLong
0
UnknownIPDSegmentLong
0
UnknownIPDSegmentLong
0
UnknownIPDSegmentLong
0
UnknownIPDSegmentLong
0
UnknownIPDSegmentLong
0
UnknownIPDSegmentLong
0
UnknownIPDSegmentLong
0
UnknownIPDSegmentLong
0
UnknownIPDSegmentLong
0
UnknownIPDSegmentLong
0
UnknownIPDSegmentLong
0
UnknownIPDSegmentLong
0
UnknownIPDSegmentLong
0
UnknownIPDSegmentLong
0
UnknownIPDSegmentLong
0
UnknownIPDSegmentLong
0
UnknownIPDSegmentLong
0
UnknownIPDSegmentLong
0
UnknownIPDSegmentLong
0
UnknownIPDSegmentLong
0
UnknownIPDSegmentLong
0
UnknownIPDSegmentLong
0
UnknownIPDSegmentLong
0
UnknownIPDSegmentLong
0
UnknownIPDSegmentLong
0
UnknownIPDSegmentLong
0
UnknownIPDSegmentLong
0
UnknownIPDSegmentLong
0
UnknownIPDSegmentLong
0
UnknownIPDSegmentLong
0
UnknownIPDSegmentLong
0
UnknownIPDSegmentLong
0
UnknownIPDSegmentLong
0
UnknownIPDSegmentLong
0
UnknownIPDSegmentLong
0
UnknownIPDSegmentLong
0
UnknownIPDSegmentLong
0
UnknownIPDSegmentLong
0
UnknownIPDSegmentLong
0
UnknownIPDSegmentLong
0
UnknownIPDSegmentLong
0
UnknownIPDSegmentLong
0
UnknownIPDSegmentLong
0
UnknownIPDSegmentLong
0
UnknownIPDSegmentLong
0
UnknownIPDSegmentLong
0
UnknownIPDSegmentLong
0
UnknownIPDSegmentLong
0
UnknownIPDSegmentLong
0
UnknownIPDSegmentLong
0
UnknownIPDSegmentLong
0
UnknownIPDSegmentLong
0
UnknownIPDSegmentLong
0
UnknownIPDSegmentLong
0
UnknownIPDSegmentLong
0
UnknownIPDSegmentLong
0
UnknownIPDSegmentLong
0
UnknownIPDSegmentLong
0
UnknownIPDSegmentLong
0
UnknownIPDSegmentLong
0
UnknownIPDSegmentLong
0
UnknownIPDSegmentLong
0
UnknownIPDSegmentLong
0
UnknownIPDSegmentLong
0
UnknownIPDSegmentLong
0
UnknownIPDSegmentLong
0
UnknownIPDSegmentLong
0
UnknownIPDSegmentLong
0
UnknownIPDSegmentLong
0
UnknownIPDSegmentLong
0
UnknownIPDSegmentLong
0
UnknownIPDSegmentLong
0
UnknownIPDSegmentLong
0
UnknownIPDSegmentLong
0
UnknownIPDSegmentLong
0
UnknownIPDSegmentLong
0
UnknownIPDSegmentLong
0
UnknownIPDSegmentLong
0
UnknownIPDSegmentLong
0
UnknownIPDSegmentLong
0
UnknownIPDSegmentLong
0
UnknownIPDSegmentLong
0
UnknownIPDSegmentLong
0
UnknownIPDSegmentLong
0
UnknownIPDSegmentLong
0
UnknownIPDSegmentLong
0
UnknownIPDSegmentLong
0
UnknownIPDSegmentLong
0
UnknownIPDSegmentLong
0
UnknownIPDSegmentLong
0
UnknownIPDSegmentLong
0
UnknownIPDSegmentLong
0
UnknownIPDSegmentLong
0
UnknownIPDSegmentLong
0
UnknownIPDSegmentLong
0
UnknownIPDSegmentLong
0
UnknownIPDSegmentLong
0
UnknownIPDSegmentLong
0
UnknownIPDSegmentLong
0
UnknownIPDSegmentLong
0
UnknownIPDSegmentLong
0
UnknownIPDSegmentLong
0
UnknownIPDSegmentLong
0
UnknownIPDSegmentLong
0
UnknownIPDSegmentLong
0
UnknownIPDSegmentLong
0
UnknownIPDSegmentLong
0
UnknownIPDSegmentLong
0
UnknownIPDSegmentLong
0
UnknownIPDSegmentLong
0
UnknownIPDSegmentLong
0
UnknownIPDSegmentLong
0
UnknownIPDSegmentLong
0
UnknownIPDSegmentLong
0
UnknownIPDSegmentLong
0
UnknownIPDSegmentLong
0
UnknownIPDSegmentLong
0
UnknownIPDSegmentLong
0
UnknownIPDSegmentLong
0
UnknownIPDSegmentLong
0
UnknownIPDSegmentLong
0
UnknownIPDSegmentLong
0
UnknownIPDSegmentLong
0
UnknownIPDSegmentLong
0
UnknownIPDSegmentLong
0
UnknownIPDSegmentLong
0
UnknownIPDSegmentLong
0
UnknownIPDSegmentLong
0
UnknownIPDSegmentLong
0
UnknownIPDSegmentLong
0
UnknownIPDSegmentLong
0
UnknownIPDSegmentLong
0
UnknownIPDSegmentLong
0
UnknownIPDSegmentLong
0
UnknownIPDSegmentLong
0
UnknownIPDSegmentLong
0
UnknownIPDSegmentLong
0
UnknownIPDSegmentLong
0
UnknownIPDSegmentLong
0
UnknownIPDSegmentLong
0
UnknownIPDSegmentLong
0
UnknownIPDSegmentLong
0
UnknownIPDSegmentLong
0
UnknownIPDSegmentLong
0
UnknownIPDSegmentLong
0
UnknownIPDSegmentLong
0
UnknownIPDSegmentLong
0
UnknownIPDSegmentLong
0
UnknownIPDSegmentLong
0
UnknownIPDSegmentLong
0
UnknownIPDSegmentLong
0
UnknownIPDSegmentLong
0
UnknownIPDSegmentLong
0
UnknownIPDSegmentLong
0
UnknownIPDSegmentLong
0
UnknownIPDSegmentLong
0
UnknownIPDSegmentLong
0
UnknownIPDSegmentLong
0
UnknownIPDSegmentLong
0
UnknownIPDSegmentLong
0
UnknownIPDSegmentLong
0
UnknownIPDSegmentLong
0
UnknownIPDSegmentLong
0
UnknownIPDSegmentLong
0
UnknownIPDSegmentLong
0
UnknownIPDSegmentLong
0
UnknownIPDSegmentLong
0
UnknownIPDSegmentLong
0
UnknownIPDSegmentLong
0
UnknownIPDSegmentLong
0
UnknownIPDSegmentLong
0
UnknownIPDSegmentLong
0
UnknownIPDSegmentLong
0
UnknownIPDSegmentLong
0
UnknownIPDSegmentLong
0
UnknownIPDSegmentLong
0
UnknownIPDSegmentLong
0
UnknownIPDSegmentLong
0
UnknownIPDSegmentLong
0
UnknownIPDSegmentLong
0
UnknownIPDSegmentLong
0
UnknownIPDSegmentLong
0
UnknownIPDSegmentLong
0
UnknownIPDSegmentLong
0
UnknownIPDSegmentLong
0
UnknownIPDSegmentLong
0
UnknownIPDSegmentLong
0
UnknownIPDSegmentLong
0
UnknownIPDSegmentLong
0
UnknownIPDSegmentLong
0
UnknownIPDSegmentLong
0
UnknownIPDSegmentLong
0
UnknownIPDSegmentLong
0
UnknownIPDSegmentLong
0
UnknownIPDSegmentLong
0
UnknownIPDSegmentLong
0
UnknownIPDSegmentLong
0
UnknownIPDSegmentLong
0
UnknownIPDSegmentLong
0
UnknownIPDSegmentLong
0
UnknownIPDSegmentLong
0
UnknownIPDSegmentLong
0
UnknownIPDSegmentLong
0
UnknownIPDSegmentLong
0
UnknownIPDSegmentLong
0
UnknownIPDSegmentLong
0
UnknownIPDSegmentLong
0
UnknownIPDSegmentLong
0
UnknownIPDSegmentLong
0
UnknownIPDSegmentLong
0
UnknownIPDSegmentLong
0
UnknownIPDSegmentLong
0
UnknownIPDSegmentLong
0
UnknownIPDSegmentLong
0
UnknownIPDSegmentLong
0
UnknownIPDSegmentLong
0
UnknownIPDSegmentLong
0
UnknownIPDSegmentLong
0
UnknownIPDSegmentLong
0
UnknownIPDSegmentLong
0
UnknownIPDSegmentLong
0
UnknownIPDSegmentLong
0
UnknownIPDSegmentLong
0
UnknownIPDSegmentLong
0
UnknownIPDSegmentLong
0
0
0
0
0
0
0
0
0
0
0
0
0
0
0
0
0
0
0
0
0
0
0
0
0
0
0
0
0
0
0
0
0
0
0
0
0
0
0
0
0
0
0
0
0
0
0
0
0
0
0
0
0
0
0
0
0
0
0
0
0
0
0
0
0
0
0
0
0
0
0
0
0
0
0
0
0
0
0
0
0
0
0
0
0
0
0
0
0
0
0
0
0
0
0
0
0
0
0
0
0
0
0
0
0
0
0
0
0
0
0
0
0
0
0
0
0
0
0
0
0
0
0
0
0
0
0
0
0
0
0
0
0
0
0
0
0
0
0
0
0
0
0
0
0
0
0
0
0
0
0
0
0
0
0
0
0
0
0
0
0
0
0
0
0
0
0
0
0
0
0
0
0
0
0
0
0
0
0
0
0
0
0
0
0
0
0
0
0
0
0
0
0
0
0
0
0
0
0
0
0
0
0
0
0
0
0
0
0
0
0
0
0
0
0
0
0
0
0
0
0
0
0
0
0
0
0
0
0
0
0
0
0
0
0
0
0
0
0
0
0
0
0
0
0
0
0
0
0
0
0
0
0
0
0
0
0
0
0
0
0
0
0
0
0
0
0
0
0
0
0
0
0
0
0
0
0
0
0
0
0
0
0
0
0
0
0
0
0
0
0
0
0
0
0
0
0
0
0
0
0
0
0
0
0
0
0
0
0
0
0
0
0
0
0
0
0
0
0
0
0
0
0
0
0
0
0
0
0
0
0
0
0
0
0
0
0
0
0
0
0
0
0
0
0
0
0
0
0
0
0
0
0
0
0
0
0
0
0
0
0
0
0
0
0
0
0
0
0
0
0
0
0
0
0
0
0
0
0
0
0
0
0
0
0
0
0
0
0
0
0
0
0
0
0
0
0
0
0
0
0
0
0
0
0
0
0
0
0
0
0
0
0
0
0
0
0
0
0
0
0
0
0
0
0
0
0
0
0
0
0
0
0
0
0
0
0
0
0
0
0
0
0
0
0
0
0
0
0
0
0
0
0
0
0
0
0
0
0
0
0
0
0
0
0
0
0
0
0
0
0
0
0
0
0
0
0
0
0
0
0
0
0
0
0
0
0
0
0
0
0
0
0
0
0
0
0
0
0
0
0
0
0
0
0
0
0
0
0
0
0
0
0
0
0
0
0
0
0
0
0
0
0
0
0
0
0
0
0
0
0
0
0
0
0
0
0
0
0
0
0
0
0
0
0
0
0
0
0
0
0
0
0
0
0
0
0
0
0
0
0
0
0
0
0
0
0
0
0
0
0
0
0
0
0
0
0
0
0
0
0
0
0
0
0
0
0
0
0
0
0
0
0
0
0
0
0
0
0
0
0
0
0
0
0
0
0
0
0
0
0
0
0
0
0
0
0
0
0
0
0
0
0
0
0
0
0
0
0
0
0
0
0
0
0
0
0
0
0
0
0
0
0
0
0
0
0
0
0
0
0
0
0
0
0
0
0
0
0
0
0
0
0
0
0
0
0
0
0
0
0
0
0
0
0
0
0
0
0
0
0
0
0
0
0
0
0
0
0
0
0
0
0
0
0
0
0
0
0
0
0
0
0
0
0
0
0
0
0
0
0
0
0
0
0
0
0
0
0
0
0
0
0
0
0
0
0
0
0
0
0
0
0
0
0
0
0
0
0
0
0
0
0
0
0
0
0
0
0
0
0
0
0
0
0
0
0
0
0
0
0
0
0
0
0
0
0
0
0
0
0
0
0
0
0
0
0
0
0
0
0
0
0
0
0
0
0
0
0
0
0
0
0
0
0
0
0
0
0
0
0
0
0
0
0
0
0
0
0
0
0
0
0
0
0
0
0
0
0
0
0
0
0
0
0
0
0
0
0
0
0
0
0
0
0
0
0
0
0
0
0
0
0
0
0
0
0
0
0
0
0
0
0
0
0
0
0
0
0
0
0
0
0
0
0
0
0
0
0
0
0
0
0
0
0
0
0
0
0
0
0
0
0
0
0
0
0
0
0
0
0
0
0
0
0
0
0
0
0
0
0
0
0
0
0
0
0
0
0
0
0
0
0
0
0
0
0
0
0
0
0
0
0
0
0
0
0
0
0
0
0
0
0
0
0
0
0
0
0
0
0
0
0
0
0
0
0
0
0
0
0
0
0
0
0
0
0
0
0
0
0
0
0
0
0
0
0
0
0
0
0
0
0
0
0
0
0
0
0
0
0
0
0
0
0
0
0
0
0
0
0
0
0
0
0
0
0
0
0
0
0
0
0
0
0
0
0
0
0
0
0
0
0
0
0
0
0
0
0
0
0
0
0
0
0
0
0
0
0
0
0
0
0
0
0
0
0
0
0
0
0
0
0
0
0
0
0
0
0
0
0
0
0
0
0
0
0
0
0
0
0
0
0
0
0
0
0
0
0
0
0
0
0
0
0
0
0
0
0
0
0
0
0
0
0
0
0
0
0
0
0
0
0
0
0
0
0
0
0
0
0
0
0
0
0
0
0
0
0
0
0
0
0
0
0
0
0
0
0
0
0
0
0
0
0
0
0
0
0
0
0
0
0
0
0
0
0
0
0
0
0
0
0
0
0
0
0
0
0
0
0
0
0
0
0
0
0
0
0
0
0
0
0
0
0
0
0
0
0
0
0
0
0
0
0
0
0
0
0
0
0
0
0
0
0
0
0
0
0
0
0
0
0
0
0
0
0
0
0
0
0
0
0
0
0
0
0
0
0
0
0
0
0
0
0
0
0
0
0
0
0
0
0
0
0
0
0
0
0
0
0
0
0
0
0
0
0
0
0
0
0
0
0
0
0
0
0
0
0
0
0
0
0
0
0
0
0
0
0
0
0
0
0
0
0
0
0
0
0
0
0
0
0
0
0
0
0
0
0
0
0
0
0
0
0
0
0
0
0
0
0
0
0
0
0
0
0
0
0
0
0
0
0
0
0
0
0
0
0
0
0
0
0
0
0
0
0
0
0
0
0
0
0
0
0
0
0
0
0
0
0
0
0
0
0
0
0
0
0
0
0
0
0
AAA=
AAA=
AAA=
AAA=
AAA=
AAA=
AAA=
AAA=
AAA=
AAA=
AAA=
AAA=
AAA=
AAA=
AAA=
AAA=
AAA=
AAA=
AAA=
AAA=
AAA=
AAA=
AAA=
AAA=
AAA=
AAA=
AAA=
AAA=
AAA=
AAA=
AAA=
AAA=
AAA=
AAA=
AAA=
AAA=
AAA=
AAA=
AAA=
AAA=
AAA=
AAA=
AAA=
AAA=
AAA=
AAA=
AAA=
AAA=
AAA=
AAA=
AAA=
AAA=
AAA=
AAA=
AAA=
AAA=
AAA=
AAA=
AAA=
AAA=
AAA=
AAA=
AAA=
AAA=
AAA=
AAA=
AAA=
AAA=
AAA=
AAA=
AAA=
AAA=
AAA=
AAA=
AAA=
AAA=
AAA=
AAA=
AAA=
AAA=
AAA=
AAA=
AAA=
AAA=
AAA=
AAA=
AAA=
AAA=
AAA=
AAA=
AAA=
AAA=
AAA=
AAA=
AAA=
AAA=
AAA=
AAA=
AAA=
AAA=
AAA=
AAA=
AAA=
AAA=
AAA=
AAA=
AAA=
AAA=
AAA=
AAA=
AAA=
AAA=
AAA=
AAA=
AAA=
AAA=
AAA=
AAA=
AAA=
AAA=
AAA=
AAA=
AAA=
AAA=
AAA=
AAA=
AAA=
AAA=
AAA=
AAA=
AAA=
AAA=
AAA=
AAA=
AAA=
AAA=
AAA=
AAA=
AAA=
AAA=
AAA=
AAA=
AAA=
AAA=
AAA=
AAA=
AAA=
AAA=
AAA=
AAA=
AAA=
AAA=
AAA=
AAA=
AAA=
AAA=
AAA=
AAA=
AAA=
AAA=
AAA=
AAA=
AAA=
AAA=
AAA=
AAA=
AAA=
AAA=
AAA=
AAA=
AAA=
AAA=
AAA=
AAA=
AAA=
AAA=
AAA=
AAA=
AAA=
AAA=
AAA=
AAA=
AAA=
AAA=
AAA=
AAA=
AAA=
AAA=
AAA=
AAA=
AAA=
AAA=
AAA=
AAA=
AAA=
AAA=
AAA=
AAA=
AAA=
AAA=
AAA=
AAA=
AAA=
AAA=
AAA=
AAA=
AAA=
AAA=
AAA=
AAA=
AAA=
AAA=
AAA=
AAA=
AAA=
AAA=
AAA=
AAA=
AAA=
AAA=
AAA=
AAA=
AAA=
AAA=
AAA=
AAA=
AAA=
AAA=
AAA=
AAA=
AAA=
AAA=
AAA=
AAA=
AAA=
AAA=
AAA=
AAA=
AAA=
AAA=
AAA=
AAA=
AAA=
AAA=
AAA=
AAA=
AAA=
AAA=
AAA=
AAA=
AAA=
AAA=
AAA=
AAA=
AAA=
AAA=
AAA=
AAA=
AAA=
AAA=
AAA=
AAA=
AAA=
AAA=
AAA=
AAA=
AAA=
AAA=
AAA=
AAA=
AAA=
AAA=
AAA=
AAA=
AAA=
AAA=
AAA=
AAA=
AAA=
AAA=
AAA=
AAA=
AAA=
AAA=
AAA=
AAA=
AAA=
AAA=
AAA=
AAA=
AAA=
AAA=
AAA=
AAA=
AAA=
AAA=
AAA=
AAA=
AAA=
AAA=
AAA=
AAA=
AAA=
AAA=
AAA=
AAA=
AAA=
AAA=
AAA=
AAA=
AAA=
AAA=
AAA=
AAA=
AAA=
AAA=
AAA=
AAA=
AAA=
AAA=
AAA=
AAA=
AAA=
AAA=
AAA=
AAA=
AAA=
AAA=
AAA=
AAA=
AAA=
AAA=
AAA=
AAA=
AAA=
AAA=
AAA=
AAA=
AAA=
AAA=
AAA=
AAA=
AAA=
AAA=
AAA=
AAA=
AAA=
AAA=
AAA=
AAA=
AAA=
AAA=
AAA=
AAA=
AAA=
AAA=
AAA=
AAA=
AAA=
AAA=
AAA=
AAA=
AAA=
AAA=
AAA=
AAA=
AAA=
AAA=
AAA=
AAA=
AAA=
AAA=
AAA=
AAA=
AAA=
AAA=
AAA=
AAA=
AAA=
AAA=
AAA=
AAA=
AAA=
AAA=
AAA=
AAA=
AAA=
AAA=
AAA=
AAA=
AAA=
AAA=
AAA=
AAA=
AAA=
AAA=
AAA=
AAA=
AAA=
AAA=
AAA=
AAA=
AAA=
AAA=
AAA=
AAA=
AAA=
AAA=
AAA=
AAA=
AAA=
AAA=
AAA=
AAA=
AAA=
AAA=
AAA=
AAA=
AAA=
AAA=
AAA=
AAA=
AAA=
AAA=
AAA=
AAA=
AAA=
AAA=
AAA=
AAA=
AAA=
AAA=
AAA=
AAA=
AAA=
AAA=
AAA=
AAA=
AAA=
AAA=
AAA=
AAA=
AAA=
AAA=
AAA=
AAA=
AAA=
AAA=
AAA=
RGB
8
8
8
0
/wAAAA==
RGB
8
8
8
0
/wAAAA==
RGB
8
8
8
0
/wAAAA==
RGB
8
8
8
0
/wAAAA==
RGB
8
8
8
0
/wAAAA==
RGB
8
8
8
0
/wAAAA==
RGB
8
8
8
0
/wAAAA==
RGB
8
8
8
0
/wAAAA==
RGB
8
8
8
0
/wAAAA==
RGB
8
8
8
0
/wAAAA==
RGB
8
8
8
0
/wAAAA==
RGB
8
8
8
0
/wAAAA==
RGB
8
8
8
0
/wAAAA==
RGB
8
8
8
0
/wAAAA==
RGB
8
8
8
0
/wAAAA==
RGB
8
8
8
0
/wAAAA==
RGB
8
8
8
0
/wAAAA==
RGB
8
8
8
0
/wAAAA==
RGB
8
8
8
0
/wAAAA==
RGB
8
8
8
0
/wAAAA==
RGB
8
8
8
0
/wAAAA==
RGB
8
8
8
0
/wAAAA==
RGB
8
8
8
0
/wAAAA==
RGB
8
8
8
0
/wAAAA==
RGB
8
8
8
0
/wAAAA==
RGB
8
8
8
0
/wAAAA==
RGB
8
8
8
0
/wAAAA==
RGB
8
8
8
0
/wAAAA==
RGB
8
8
8
0
/wAAAA==
RGB
8
8
8
0
/wAAAA==
RGB
8
8
8
0
/wAAAA==
RGB
8
8
8
0
/wAAAA==
RGB
8
8
8
0
/wAAAA==
RGB
8
8
8
0
/wAAAA==
RGB
8
8
8
0
/wAAAA==
RGB
8
8
8
0
/wAAAA==
RGB
8
8
8
0
/wAAAA==
RGB
8
8
8
0
/wAAAA==
RGB
8
8
8
0
/wAAAA==
RGB
8
8
8
0
/wAAAA==
RGB
8
8
8
0
/wAAAA==
RGB
8
8
8
0
/wAAAA==
RGB
8
8
8
0
/wAAAA==
RGB
8
8
8
0
/wAAAA==
RGB
8
8
8
0
/wAAAA==
RGB
8
8
8
0
/wAAAA==
RGB
8
8
8
0
/wAAAA==
RGB
8
8
8
0
/wAAAA==
RGB
8
8
8
0
/wAAAA==
RGB
8
8
8
0
/wAAAA==
RGB
8
8
8
0
/wAAAA==
RGB
8
8
8
0
/wAAAA==
RGB
8
8
8
0
/wAAAA==
RGB
8
8
8
0
/wAAAA==
RGB
8
8
8
0
/wAAAA==
RGB
8
8
8
0
/wAAAA==
RGB
8
8
8
0
/wAAAA==
RGB
8
8
8
0
/wAAAA==
RGB
8
8
8
0
/wAAAA==
RGB
8
8
8
0
/wAAAA==
RGB
8
8
8
0
/wAAAA==
RGB
8
8
8
0
/wAAAA==
RGB
8
8
8
0
/wAAAA==
RGB
8
8
8
0
/wAAAA==
RGB
8
8
8
0
/wAAAA==
RGB
8
8
8
0
/wAAAA==
RGB
8
8
8
0
/wAAAA==
RGB
8
8
8
0
/wAAAA==
RGB
8
8
8
0
/wAAAA==
RGB
8
8
8
0
/wAAAA==
RGB
8
8
8
0
/wAAAA==
RGB
8
8
8
0
/wAAAA==
RGB
8
8
8
0
/wAAAA==
RGB
8
8
8
0
/wAAAA==
RGB
8
8
8
0
/wAAAA==
RGB
8
8
8
0
/wAAAA==
RGB
8
8
8
0
/wAAAA==
RGB
8
8
8
0
/wAAAA==
RGB
8
8
8
0
/wAAAA==
RGB
8
8
8
0
/wAAAA==
RGB
8
8
8
0
/wAAAA==
RGB
8
8
8
0
/wAAAA==
RGB
8
8
8
0
/wAAAA==
RGB
8
8
8
0
/wAAAA==
RGB
8
8
8
0
/wAAAA==
RGB
8
8
8
0
/wAAAA==
RGB
8
8
8
0
/wAAAA==
RGB
8
8
8
0
/wAAAA==
RGB
8
8
8
0
/wAAAA==
RGB
8
8
8
0
/wAAAA==
RGB
8
8
8
0
/wAAAA==
RGB
8
8
8
0
/wAAAA==
RGB
8
8
8
0
/wAAAA==
RGB
8
8
8
0
/wAAAA==
RGB
8
8
8
0
/wAAAA==
RGB
8
8
8
0
/wAAAA==
RGB
8
8
8
0
/wAAAA==
RGB
8
8
8
0
/wAAAA==
RGB
8
8
8
0
/wAAAA==
RGB
8
8
8
0
/wAAAA==
RGB
8
8
8
0
/wAAAA==
RGB
8
8
8
0
/wAAAA==
RGB
8
8
8
0
/wAAAA==
RGB
8
8
8
0
/wAAAA==
RGB
8
8
8
0
/wAAAA==
RGB
8
8
8
0
/wAAAA==
RGB
8
8
8
0
/wAAAA==
RGB
8
8
8
0
/wAAAA==
RGB
8
8
8
0
/wAAAA==
RGB
8
8
8
0
/wAAAA==
RGB
8
8
8
0
/wAAAA==
RGB
8
8
8
0
/wAAAA==
RGB
8
8
8
0
/wAAAA==
RGB
8
8
8
0
/wAAAA==
RGB
8
8
8
0
/wAAAA==
RGB
8
8
8
0
/wAAAA==
RGB
8
8
8
0
/wAAAA==
RGB
8
8
8
0
/wAAAA==
RGB
8
8
8
0
/wAAAA==
RGB
8
8
8
0
/wAAAA==
RGB
8
8
8
0
/wAAAA==
RGB
8
8
8
0
/wAAAA==
RGB
8
8
8
0
/wAAAA==
RGB
8
8
8
0
/wAAAA==
RGB
8
8
8
0
/wAAAA==
RGB
8
8
8
0
/wAAAA==
RGB
8
8
8
0
/wAAAA==
RGB
8
8
8
0
/wAAAA==
RGB
8
8
8
0
/wAAAA==
RGB
8
8
8
0
/wAAAA==
RGB
8
8
8
0
/wAAAA==
RGB
8
8
8
0
/wAAAA==
RGB
8
8
8
0
/wAAAA==
RGB
8
8
8
0
/wAAAA==
RGB
8
8
8
0
/wAAAA==
RGB
8
8
8
0
/wAAAA==
RGB
8
8
8
0
/wAAAA==
RGB
8
8
8
0
/wAAAA==
RGB
8
8
8
0
/wAAAA==
RGB
8
8
8
0
/wAAAA==
RGB
8
8
8
0
/wAAAA==
RGB
8
8
8
0
/wAAAA==
RGB
8
8
8
0
/wAAAA==
RGB
8
8
8
0
/wAAAA==
RGB
8
8
8
0
/wAAAA==
RGB
8
8
8
0
/wAAAA==
RGB
8
8
8
0
/wAAAA==
RGB
8
8
8
0
/wAAAA==
RGB
8
8
8
0
/wAAAA==
RGB
8
8
8
0
/wAAAA==
RGB
8
8
8
0
/wAAAA==
RGB
8
8
8
0
/wAAAA==
RGB
8
8
8
0
/wAAAA==
RGB
8
8
8
0
/wAAAA==
RGB
8
8
8
0
/wAAAA==
RGB
8
8
8
0
/wAAAA==
RGB
8
8
8
0
/wAAAA==
RGB
8
8
8
0
/wAAAA==
RGB
8
8
8
0
/wAAAA==
RGB
8
8
8
0
/wAAAA==
RGB
8
8
8
0
/wAAAA==
RGB
8
8
8
0
/wAAAA==
RGB
8
8
8
0
/wAAAA==
RGB
8
8
8
0
/wAAAA==
RGB
8
8
8
0
/wAAAA==
RGB
8
8
8
0
/wAAAA==
RGB
8
8
8
0
/wAAAA==
RGB
8
8
8
0
/wAAAA==
RGB
8
8
8
0
/wAAAA==
RGB
8
8
8
0
/wAAAA==
RGB
8
8
8
0
/wAAAA==
RGB
8
8
8
0
/wAAAA==
RGB
8
8
8
0
/wAAAA==
RGB
8
8
8
0
/wAAAA==
RGB
8
8
8
0
/wAAAA==
RGB
8
8
8
0
/wAAAA==
RGB
8
8
8
0
/wAAAA==
RGB
8
8
8
0
/wAAAA==
RGB
8
8
8
0
/wAAAA==
RGB
8
8
8
0
/wAAAA==
RGB
8
8
8
0
/wAAAA==
RGB
8
8
8
0
/wAAAA==
RGB
8
8
8
0
/wAAAA==
RGB
8
8
8
0
/wAAAA==
RGB
8
8
8
0
/wAAAA==
RGB
8
8
8
0
/wAAAA==
RGB
8
8
8
0
/wAAAA==
RGB
8
8
8
0
/wAAAA==
RGB
8
8
8
0
/wAAAA==
RGB
8
8
8
0
/wAAAA==
RGB
8
8
8
0
/wAAAA==
RGB
8
8
8
0
/wAAAA==
RGB
8
8
8
0
/wAAAA==
RGB
8
8
8
0
/wAAAA==
RGB
8
8
8
0
/wAAAA==
RGB
8
8
8
0
/wAAAA==
RGB
8
8
8
0
/wAAAA==
RGB
8
8
8
0
/wAAAA==
RGB
8
8
8
0
/wAAAA==
RGB
8
8
8
0
/wAAAA==
RGB
8
8
8
0
/wAAAA==
RGB
8
8
8
0
/wAAAA==
RGB
8
8
8
0
/wAAAA==
RGB
8
8
8
0
/wAAAA==
RGB
8
8
8
0
/wAAAA==
RGB
8
8
8
0
/wAAAA==
RGB
8
8
8
0
/wAAAA==
RGB
8
8
8
0
/wAAAA==
RGB
8
8
8
0
/wAAAA==
RGB
8
8
8
0
/wAAAA==
RGB
8
8
8
0
/wAAAA==
RGB
8
8
8
0
/wAAAA==
RGB
8
8
8
0
/wAAAA==
RGB
8
8
8
0
/wAAAA==
RGB
8
8
8
0
/wAAAA==
RGB
8
8
8
0
/wAAAA==
RGB
8
8
8
0
/wAAAA==
RGB
8
8
8
0
/wAAAA==
RGB
8
8
8
0
/wAAAA==
RGB
8
8
8
0
/wAAAA==
RGB
8
8
8
0
/wAAAA==
RGB
8
8
8
0
/wAAAA==
RGB
8
8
8
0
/wAAAA==
RGB
8
8
8
0
/wAAAA==
RGB
8
8
8
0
/wAAAA==
RGB
8
8
8
0
/wAAAA==
RGB
8
8
8
0
/wAAAA==
RGB
8
8
8
0
/wAAAA==
RGB
8
8
8
0
/wAAAA==
RGB
8
8
8
0
/wAAAA==
RGB
8
8
8
0
/wAAAA==
RGB
8
8
8
0
/wAAAA==
RGB
8
8
8
0
/wAAAA==
RGB
8
8
8
0
/wAAAA==
RGB
8
8
8
0
/wAAAA==
RGB
8
8
8
0
/wAAAA==
RGB
8
8
8
0
/wAAAA==
RGB
8
8
8
0
/wAAAA==
RGB
8
8
8
0
/wAAAA==
RGB
8
8
8
0
/wAAAA==
RGB
8
8
8
0
/wAAAA==
RGB
8
8
8
0
/wAAAA==
RGB
8
8
8
0
/wAAAA==
RGB
8
8
8
0
/wAAAA==
RGB
8
8
8
0
/wAAAA==
RGB
8
8
8
0
/wAAAA==
RGB
8
8
8
0
/wAAAA==
RGB
8
8
8
0
/wAAAA==
RGB
8
8
8
0
/wAAAA==
RGB
8
8
8
0
/wAAAA==
RGB
8
8
8
0
/wAAAA==
RGB
8
8
8
0
/wAAAA==
RGB
8
8
8
0
/wAAAA==
RGB
8
8
8
0
/wAAAA==
RGB
8
8
8
0
/wAAAA==
RGB
8
8
8
0
/wAAAA==
RGB
8
8
8
0
/wAAAA==
RGB
8
8
8
0
/wAAAA==
RGB
8
8
8
0
/wAAAA==
RGB
8
8
8
0
/wAAAA==
RGB
8
8
8
0
/wAAAA==
RGB
8
8
8
0
/wAAAA==
RGB
8
8
8
0
/wAAAA==
RGB
8
8
8
0
/wAAAA==
RGB
8
8
8
0
/wAAAA==
RGB
8
8
8
0
/wAAAA==
RGB
8
8
8
0
/wAAAA==
RGB
8
8
8
0
/wAAAA==
RGB
8
8
8
0
/wAAAA==
RGB
8
8
8
0
/wAAAA==
RGB
8
8
8
0
/wAAAA==
RGB
8
8
8
0
/wAAAA==
RGB
8
8
8
0
/wAAAA==
RGB
8
8
8
0
/wAAAA==
RGB
8
8
8
0
/wAAAA==
RGB
8
8
8
0
/wAAAA==
RGB
8
8
8
0
/wAAAA==
RGB
8
8
8
0
/wAAAA==
RGB
8
8
8
0
/wAAAA==
RGB
8
8
8
0
/wAAAA==
RGB
8
8
8
0
/wAAAA==
RGB
8
8
8
0
/wAAAA==
RGB
8
8
8
0
/wAAAA==
RGB
8
8
8
0
/wAAAA==
RGB
8
8
8
0
/wAAAA==
RGB
8
8
8
0
/wAAAA==
RGB
8
8
8
0
/wAAAA==
RGB
8
8
8
0
/wAAAA==
RGB
8
8
8
0
/wAAAA==
RGB
8
8
8
0
/wAAAA==
RGB
8
8
8
0
/wAAAA==
RGB
8
8
8
0
/wAAAA==
RGB
8
8
8
0
/wAAAA==
RGB
8
8
8
0
/wAAAA==
RGB
8
8
8
0
/wAAAA==
RGB
8
8
8
0
/wAAAA==
RGB
8
8
8
0
/wAAAA==
RGB
8
8
8
0
/wAAAA==
RGB
8
8
8
0
/wAAAA==
RGB
8
8
8
0
/wAAAA==
RGB
8
8
8
0
/wAAAA==
RGB
8
8
8
0
/wAAAA==
RGB
8
8
8
0
/wAAAA==
RGB
8
8
8
0
/wAAAA==
RGB
8
8
8
0
/wAAAA==
RGB
8
8
8
0
/wAAAA==
RGB
8
8
8
0
/wAAAA==
RGB
8
8
8
0
/wAAAA==
RGB
8
8
8
0
/wAAAA==
RGB
8
8
8
0
/wAAAA==
RGB
8
8
8
0
/wAAAA==
RGB
8
8
8
0
/wAAAA==
RGB
8
8
8
0
/wAAAA==
RGB
8
8
8
0
/wAAAA==
RGB
8
8
8
0
/wAAAA==
RGB
8
8
8
0
/wAAAA==
RGB
8
8
8
0
/wAAAA==
RGB
8
8
8
0
/wAAAA==
RGB
8
8
8
0
/wAAAA==
RGB
8
8
8
0
/wAAAA==
RGB
8
8
8
0
/wAAAA==
RGB
8
8
8
0
/wAAAA==
RGB
8
8
8
0
/wAAAA==
RGB
8
8
8
0
/wAAAA==
RGB
8
8
8
0
/wAAAA==
RGB
8
8
8
0
/wAAAA==
RGB
8
8
8
0
/wAAAA==
RGB
8
8
8
0
/wAAAA==
RGB
8
8
8
0
/wAAAA==
RGB
8
8
8
0
/wAAAA==
RGB
8
8
8
0
/wAAAA==
RGB
8
8
8
0
/wAAAA==
RGB
8
8
8
0
/wAAAA==
RGB
8
8
8
0
/wAAAA==
RGB
8
8
8
0
/wAAAA==
RGB
8
8
8
0
/wAAAA==
RGB
8
8
8
0
/wAAAA==
RGB
8
8
8
0
/wAAAA==
RGB
8
8
8
0
/wAAAA==
RGB
8
8
8
0
/wAAAA==
RGB
8
8
8
0
/wAAAA==
RGB
8
8
8
0
/wAAAA==
RGB
8
8
8
0
/wAAAA==
RGB
8
8
8
0
/wAAAA==
RGB
8
8
8
0
/wAAAA==
RGB
8
8
8
0
/wAAAA==
RGB
8
8
8
0
/wAAAA==
RGB
8
8
8
0
/wAAAA==
RGB
8
8
8
0
/wAAAA==
RGB
8
8
8
0
/wAAAA==
RGB
8
8
8
0
/wAAAA==
RGB
8
8
8
0
/wAAAA==
RGB
8
8
8
0
/wAAAA==
RGB
8
8
8
0
/wAAAA==
RGB
8
8
8
0
/wAAAA==
RGB
8
8
8
0
/wAAAA==
RGB
8
8
8
0
/wAAAA==
RGB
8
8
8
0
/wAAAA==
RGB
8
8
8
0
/wAAAA==
RGB
8
8
8
0
/wAAAA==
RGB
8
8
8
0
/wAAAA==
RGB
8
8
8
0
/wAAAA==
RGB
8
8
8
0
/wAAAA==
RGB
8
8
8
0
/wAAAA==
RGB
8
8
8
0
/wAAAA==
RGB
8
8
8
0
/wAAAA==
RGB
8
8
8
0
/wAAAA==
RGB
8
8
8
0
/wAAAA==
RGB
8
8
8
0
/wAAAA==
RGB
8
8
8
0
/wAAAA==
RGB
8
8
8
0
/wAAAA==
RGB
8
8
8
0
/wAAAA==
RGB
8
8
8
0
/wAAAA==
RGB
8
8
8
0
/wAAAA==
RGB
8
8
8
0
/wAAAA==
RGB
8
8
8
0
/wAAAA==
RGB
8
8
8
0
/wAAAA==
RGB
8
8
8
0
/wAAAA==
RGB
8
8
8
0
/wAAAA==
RGB
8
8
8
0
/wAAAA==
RGB
8
8
8
0
/wAAAA==
RGB
8
8
8
0
/wAAAA==
RGB
8
8
8
0
/wAAAA==
RGB
8
8
8
0
/wAAAA==
RGB
8
8
8
0
/wAAAA==
RGB
8
8
8
0
/wAAAA==
RGB
8
8
8
0
/wAAAA==
RGB
8
8
8
0
/wAAAA==
RGB
8
8
8
0
/wAAAA==
RGB
8
8
8
0
/wAAAA==
RGB
8
8
8
0
/wAAAA==
RGB
8
8
8
0
/wAAAA==
RGB
8
8
8
0
/wAAAA==
RGB
8
8
8
0
/wAAAA==
RGB
8
8
8
0
/wAAAA==
RGB
8
8
8
0
/wAAAA==
RGB
8
8
8
0
/wAAAA==
RGB
8
8
8
0
/wAAAA==
RGB
8
8
8
0
/wAAAA==
RGB
8
8
8
0
/wAAAA==
RGB
8
8
8
0
/wAAAA==
RGB
8
8
8
0
/wAAAA==
RGB
8
8
8
0
/wAAAA==
RGB
8
8
8
0
/wAAAA==
RGB
8
8
8
0
/wAAAA==
RGB
8
8
8
0
/wAAAA==
RGB
8
8
8
0
/wAAAA==
RGB
8
8
8
0
/wAAAA==
RGB
8
8
8
0
/wAAAA==
RGB
8
8
8
0
/wAAAA==
RGB
8
8
8
0
/wAAAA==
RGB
8
8
8
0
/wAAAA==
RGB
8
8
8
0
/wAAAA==
RGB
8
8
8
0
/wAAAA==
RGB
8
8
8
0
/wAAAA==
RGB
8
8
8
0
/wAAAA==
RGB
8
8
8
0
/wAAAA==
RGB
8
8
8
0
/wAAAA==
RGB
8
8
8
0
/wAAAA==
RGB
8
8
8
0
/wAAAA==
RGB
8
8
8
0
/wAAAA==
RGB
8
8
8
0
/wAAAA==
RGB
8
8
8
0
/wAAAA==
RGB
8
8
8
0
/wAAAA==
RGB
8
8
8
0
/wAAAA==
RGB
8
8
8
0
/wAAAA==
RGB
8
8
8
0
/wAAAA==
RGB
8
8
8
0
/wAAAA==
RGB
8
8
8
0
/wAAAA==
RGB
8
8
8
0
/wAAAA==
RGB
8
8
8
0
/wAAAA==
RGB
8
8
8
0
/wAAAA==
RGB
8
8
8
0
/wAAAA==
RGB
8
8
8
0
/wAAAA==
RGB
8
8
8
0
/wAAAA==
RGB
8
8
8
0
/wAAAA==
RGB
8
8
8
0
/wAAAA==
RGB
8
8
8
0
/wAAAA==
RGB
8
8
8
0
/wAAAA==
RGB
8
8
8
0
/wAAAA==
RGB
8
8
8
0
/wAAAA==
RGB
8
8
8
0
/wAAAA==
RGB
8
8
8
0
/wAAAA==
RGB
8
8
8
0
/wAAAA==
RGB
8
8
8
0
/wAAAA==
RGB
8
8
8
0
/wAAAA==
RGB
8
8
8
0
/wAAAA==
RGB
8
8
8
0
/wAAAA==
RGB
8
8
8
0
/wAAAA==
RGB
8
8
8
0
/wAAAA==
RGB
8
8
8
0
/wAAAA==
RGB
8
8
8
0
/wAAAA==
RGB
8
8
8
0
/wAAAA==
RGB
8
8
8
0
/wAAAA==
RGB
8
8
8
0
/wAAAA==
RGB
8
8
8
0
/wAAAA==
RGB
8
8
8
0
/wAAAA==
RGB
8
8
8
0
/wAAAA==
RGB
8
8
8
0
/wAAAA==
RGB
8
8
8
0
/wAAAA==
RGB
8
8
8
0
/wAAAA==
RGB
8
8
8
0
/wAAAA==
RGB
8
8
8
0
/wAAAA==
RGB
8
8
8
0
/wAAAA==
RGB
8
8
8
0
/wAAAA==
RGB
8
8
8
0
/wAAAA==
RGB
8
8
8
0
/wAAAA==
RGB
8
8
8
0
/wAAAA==
RGB
8
8
8
0
/wAAAA==
RGB
8
8
8
0
/wAAAA==
RGB
8
8
8
0
/wAAAA==
RGB
8
8
8
0
/wAAAA==
RGB
8
8
8
0
/wAAAA==
RGB
8
8
8
0
/wAAAA==
RGB
8
8
8
0
/wAAAA==
RGB
8
8
8
0
/wAAAA==
RGB
8
8
8
0
/wAAAA==
RGB
8
8
8
0
/wAAAA==
RGB
8
8
8
0
/wAAAA==
RGB
8
8
8
0
/wAAAA==
RGB
8
8
8
0
/wAAAA==
RGB
8
8
8
0
/wAAAA==
RGB
8
8
8
0
/wAAAA==
RGB
8
8
8
0
/wAAAA==
RGB
8
8
8
0
/wAAAA==
RGB
8
8
8
0
/wAAAA==
RGB
8
8
8
0
/wAAAA==
RGB
8
8
8
0
/wAAAA==
RGB
8
8
8
0
/wAAAA==
RGB
8
8
8
0
/wAAAA==
RGB
8
8
8
0
/wAAAA==
RGB
8
8
8
0
/wAAAA==
RGB
8
8
8
0
/wAAAA==
RGB
8
8
8
0
/wAAAA==
RGB
8
8
8
0
/wAAAA==
RGB
8
8
8
0
/wAAAA==
RGB
8
8
8
0
/wAAAA==
RGB
8
8
8
0
/wAAAA==
RGB
8
8
8
0
/wAAAA==
RGB
8
8
8
0
/wAAAA==
RGB
8
8
8
0
/wAAAA==
RGB
8
8
8
0
/wAAAA==
RGB
8
8
8
0
/wAAAA==
RGB
8
8
8
0
/wAAAA==
RGB
8
8
8
0
/wAAAA==
RGB
8
8
8
0
/wAAAA==
RGB
8
8
8
0
/wAAAA==
RGB
8
8
8
0
/wAAAA==
RGB
8
8
8
0
/wAAAA==
RGB
8
8
8
0
/wAAAA==
RGB
8
8
8
0
/wAAAA==
RGB
8
8
8
0
/wAAAA==
RGB
8
8
8
0
/wAAAA==
RGB
8
8
8
0
/wAAAA==
RGB
8
8
8
0
/wAAAA==
RGB
8
8
8
0
/wAAAA==
RGB
8
8
8
0
/wAAAA==
RGB
8
8
8
0
/wAAAA==
RGB
8
8
8
0
/wAAAA==
RGB
8
8
8
0
/wAAAA==
RGB
8
8
8
0
/wAAAA==
RGB
8
8
8
0
/wAAAA==
RGB
8
8
8
0
/wAAAA==
RGB
8
8
8
0
/wAAAA==
RGB
8
8
8
0
/wAAAA==
RGB
8
8
8
0
/wAAAA==
RGB
8
8
8
0
/wAAAA==
RGB
8
8
8
0
/wAAAA==
RGB
8
8
8
0
/wAAAA==
RGB
8
8
8
0
/wAAAA==
RGB
8
8
8
0
/wAAAA==
RGB
8
8
8
0
/wAAAA==
RGB
8
8
8
0
/wAAAA==
RGB
8
8
8
0
/wAAAA==
RGB
8
8
8
0
/wAAAA==
RGB
8
8
8
0
/wAAAA==
RGB
8
8
8
0
/wAAAA==
RGB
8
8
8
0
/wAAAA==
RGB
8
8
8
0
/wAAAA==
RGB
8
8
8
0
/wAAAA==
RGB
8
8
8
0
/wAAAA==
RGB
8
8
8
0
/wAAAA==
RGB
8
8
8
0
/wAAAA==
RGB
8
8
8
0
/wAAAA==
RGB
8
8
8
0
/wAAAA==
RGB
8
8
8
0
/wAAAA==
RGB
8
8
8
0
/wAAAA==
RGB
8
8
8
0
/wAAAA==
RGB
8
8
8
0
/wAAAA==
RGB
8
8
8
0
/wAAAA==
RGB
8
8
8
0
/wAAAA==
RGB
8
8
8
0
/wAAAA==
RGB
8
8
8
0
/wAAAA==
RGB
8
8
8
0
/wAAAA==
RGB
8
8
8
0
/wAAAA==
RGB
8
8
8
0
/wAAAA==
RGB
8
8
8
0
/wAAAA==
RGB
8
8
8
0
/wAAAA==
RGB
8
8
8
0
/wAAAA==
RGB
8
8
8
0
/wAAAA==
RGB
8
8
8
0
/wAAAA==
RGB
8
8
8
0
/wAAAA==
RGB
8
8
8
0
/wAAAA==
RGB
8
8
8
0
/wAAAA==
RGB
8
8
8
0
/wAAAA==
RGB
8
8
8
0
/wAAAA==
RGB
8
8
8
0
/wAAAA==
RGB
8
8
8
0
/wAAAA==
RGB
8
8
8
0
/wAAAA==
RGB
8
8
8
0
/wAAAA==
RGB
8
8
8
0
/wAAAA==
RGB
8
8
8
0
/wAAAA==
RGB
8
8
8
0
/wAAAA==
RGB
8
8
8
0
/wAAAA==
RGB
8
8
8
0
/wAAAA==
RGB
8
8
8
0
/wAAAA==
RGB
8
8
8
0
/wAAAA==
RGB
8
8
8
0
/wAAAA==
RGB
8
8
8
0
/wAAAA==
RGB
8
8
8
0
/wAAAA==
RGB
8
8
8
0
/wAAAA==
RGB
8
8
8
0
/wAAAA==
RGB
8
8
8
0
/wAAAA==
RGB
8
8
8
0
/wAAAA==
RGB
8
8
8
0
/wAAAA==
RGB
8
8
8
0
/wAAAA==
RGB
8
8
8
0
/wAAAA==
RGB
8
8
8
0
/wAAAA==
RGB
8
8
8
0
/wAAAA==
RGB
8
8
8
0
/wAAAA==
RGB
8
8
8
0
/wAAAA==
RGB
8
8
8
0
/wAAAA==
RGB
8
8
8
0
/wAAAA==
RGB
8
8
8
0
/wAAAA==
RGB
8
8
8
0
/wAAAA==
RGB
8
8
8
0
/wAAAA==
RGB
8
8
8
0
/wAAAA==
RGB
8
8
8
0
/wAAAA==
RGB
8
8
8
0
/wAAAA==
RGB
8
8
8
0
/wAAAA==
RGB
8
8
8
0
/wAAAA==
RGB
8
8
8
0
/wAAAA==
RGB
8
8
8
0
/wAAAA==
RGB
8
8
8
0
/wAAAA==
RGB
8
8
8
0
/wAAAA==
RGB
8
8
8
0
/wAAAA==
RGB
8
8
8
0
/wAAAA==
RGB
8
8
8
0
/wAAAA==
RGB
8
8
8
0
/wAAAA==
RGB
8
8
8
0
/wAAAA==
RGB
8
8
8
0
/wAAAA==
RGB
8
8
8
0
/wAAAA==
RGB
8
8
8
0
/wAAAA==
RGB
8
8
8
0
/wAAAA==
RGB
8
8
8
0
/wAAAA==
RGB
8
8
8
0
/wAAAA==
RGB
8
8
8
0
/wAAAA==
RGB
8
8
8
0
/wAAAA==
RGB
8
8
8
0
/wAAAA==
RGB
8
8
8
0
/wAAAA==
RGB
8
8
8
0
/wAAAA==
RGB
8
8
8
0
/wAAAA==
RGB
8
8
8
0
/wAAAA==
RGB
8
8
8
0
/wAAAA==
RGB
8
8
8
0
/wAAAA==
RGB
8
8
8
0
/wAAAA==
RGB
8
8
8
0
/wAAAA==
RGB
8
8
8
0
/wAAAA==
RGB
8
8
8
0
/wAAAA==
RGB
8
8
8
0
/wAAAA==
RGB
8
8
8
0
/wAAAA==
RGB
8
8
8
0
/wAAAA==
RGB
8
8
8
0
/wAAAA==
RGB
8
8
8
0
/wAAAA==
RGB
8
8
8
0
/wAAAA==
RGB
8
8
8
0
/wAAAA==
RGB
8
8
8
0
/wAAAA==
RGB
8
8
8
0
/wAAAA==
RGB
8
8
8
0
/wAAAA==
RGB
8
8
8
0
/wAAAA==
RGB
8
8
8
0
/wAAAA==
RGB
8
8
8
0
/wAAAA==
RGB
8
8
8
0
/wAAAA==
RGB
8
8
8
0
/wAAAA==
RGB
8
8
8
0
/wAAAA==
RGB
8
8
8
0
/wAAAA==
RGB
8
8
8
0
/wAAAA==
RGB
8
8
8
0
/wAAAA==
RGB
8
8
8
0
/wAAAA==
RGB
8
8
8
0
/wAAAA==
RGB
8
8
8
0
/wAAAA==
RGB
8
8
8
0
/wAAAA==
RGB
8
8
8
0
/wAAAA==
RGB
8
8
8
0
/wAAAA==
RGB
8
8
8
0
/wAAAA==
RGB
8
8
8
0
/wAAAA==
RGB
8
8
8
0
/wAAAA==
RGB
8
8
8
0
/wAAAA==
RGB
8
8
8
0
/wAAAA==
RGB
8
8
8
0
/wAAAA==
RGB
8
8
8
0
/wAAAA==
RGB
8
8
8
0
/wAAAA==
RGB
8
8
8
0
/wAAAA==
RGB
8
8
8
0
/wAAAA==
RGB
8
8
8
0
/wAAAA==
RGB
8
8
8
0
/wAAAA==
RGB
8
8
8
0
/wAAAA==
RGB
8
8
8
0
/wAAAA==
RGB
8
8
8
0
/wAAAA==
RGB
8
8
8
0
/wAAAA==
RGB
8
8
8
0
/wAAAA==
RGB
8
8
8
0
/wAAAA==
RGB
8
8
8
0
/wAAAA==
RGB
8
8
8
0
/wAAAA==
RGB
8
8
8
0
/wAAAA==
RGB
8
8
8
0
/wAAAA==
RGB
8
8
8
0
/wAAAA==
RGB
8
8
8
0
/wAAAA==
RGB
8
8
8
0
/wAAAA==
RGB
8
8
8
0
/wAAAA==
RGB
8
8
8
0
/wAAAA==
RGB
8
8
8
0
/wAAAA==
RGB
8
8
8
0
/wAAAA==
RGB
8
8
8
0
/wAAAA==
RGB
8
8
8
0
/wAAAA==
RGB
8
8
8
0
/wAAAA==
RGB
8
8
8
0
/wAAAA==
RGB
8
8
8
0
/wAAAA==
RGB
8
8
8
0
/wAAAA==
RGB
8
8
8
0
/wAAAA==
RGB
8
8
8
0
/wAAAA==
RGB
8
8
8
0
/wAAAA==
RGB
8
8
8
0
/wAAAA==
RGB
8
8
8
0
/wAAAA==
RGB
8
8
8
0
/wAAAA==
RGB
8
8
8
0
/wAAAA==
RGB
8
8
8
0
/wAAAA==
RGB
8
8
8
0
/wAAAA==
RGB
8
8
8
0
/wAAAA==
RGB
8
8
8
0
/wAAAA==
RGB
8
8
8
0
/wAAAA==
RGB
8
8
8
0
/wAAAA==
RGB
8
8
8
0
/wAAAA==
RGB
8
8
8
0
/wAAAA==
RGB
8
8
8
0
/wAAAA==
RGB
8
8
8
0
/wAAAA==
RGB
8
8
8
0
/wAAAA==
RGB
8
8
8
0
/wAAAA==
RGB
8
8
8
0
/wAAAA==
RGB
8
8
8
0
/wAAAA==
RGB
8
8
8
0
/wAAAA==
RGB
8
8
8
0
/wAAAA==
RGB
8
8
8
0
/wAAAA==
RGB
8
8
8
0
/wAAAA==
RGB
8
8
8
0
/wAAAA==
RGB
8
8
8
0
/wAAAA==
RGB
8
8
8
0
/wAAAA==
RGB
8
8
8
0
/wAAAA==
RGB
8
8
8
0
/wAAAA==
RGB
8
8
8
0
/wAAAA==
RGB
8
8
8
0
/wAAAA==
RGB
8
8
8
0
/wAAAA==
RGB
8
8
8
0
/wAAAA==
RGB
8
8
8
0
/wAAAA==
RGB
8
8
8
0
/wAAAA==
RGB
8
8
8
0
/wAAAA==
RGB
8
8
8
0
/wAAAA==
RGB
8
8
8
0
/wAAAA==
RGB
8
8
8
0
/wAAAA==
RGB
8
8
8
0
/wAAAA==
RGB
8
8
8
0
/wAAAA==
RGB
8
8
8
0
/wAAAA==
RGB
8
8
8
0
/wAAAA==
RGB
8
8
8
0
/wAAAA==
RGB
8
8
8
0
/wAAAA==
RGB
8
8
8
0
/wAAAA==
RGB
8
8
8
0
/wAAAA==
RGB
8
8
8
0
/wAAAA==
RGB
8
8
8
0
/wAAAA==
RGB
8
8
8
0
/wAAAA==
RGB
8
8
8
0
/wAAAA==
RGB
8
8
8
0
/wAAAA==
RGB
8
8
8
0
/wAAAA==
RGB
8
8
8
0
/wAAAA==
RGB
8
8
8
0
/wAAAA==
RGB
8
8
8
0
/wAAAA==
RGB
8
8
8
0
/wAAAA==
RGB
8
8
8
0
/wAAAA==
RGB
8
8
8
0
/wAAAA==
RGB
8
8
8
0
/wAAAA==
RGB
8
8
8
0
/wAAAA==
RGB
8
8
8
0
/wAAAA==
RGB
8
8
8
0
/wAAAA==
RGB
8
8
8
0
/wAAAA==
RGB
8
8
8
0
/wAAAA==
RGB
8
8
8
0
/wAAAA==
RGB
8
8
8
0
/wAAAA==
RGB
8
8
8
0
/wAAAA==
RGB
8
8
8
0
/wAAAA==
RGB
8
8
8
0
/wAAAA==
RGB
8
8
8
0
/wAAAA==
RGB
8
8
8
0
/wAAAA==
RGB
8
8
8
0
/wAAAA==
RGB
8
8
8
0
/wAAAA==
RGB
8
8
8
0
/wAAAA==
RGB
8
8
8
0
/wAAAA==
RGB
8
8
8
0
/wAAAA==
RGB
8
8
8
0
/wAAAA==
RGB
8
8
8
0
/wAAAA==
RGB
8
8
8
0
/wAAAA==
RGB
8
8
8
0
/wAAAA==
RGB
8
8
8
0
/wAAAA==
RGB
8
8
8
0
/wAAAA==
RGB
8
8
8
0
/wAAAA==
RGB
8
8
8
0
/wAAAA==
RGB
8
8
8
0
/wAAAA==
RGB
8
8
8
0
/wAAAA==
RGB
8
8
8
0
/wAAAA==
RGB
8
8
8
0
/wAAAA==
RGB
8
8
8
0
/wAAAA==
RGB
8
8
8
0
/wAAAA==
RGB
8
8
8
0
/wAAAA==
RGB
8
8
8
0
/wAAAA==
RGB
8
8
8
0
/wAAAA==
RGB
8
8
8
0
/wAAAA==
RGB
8
8
8
0
/wAAAA==
RGB
8
8
8
0
/wAAAA==
RGB
8
8
8
0
/wAAAA==
RGB
8
8
8
0
/wAAAA==
RGB
8
8
8
0
/wAAAA==
RGB
8
8
8
0
/wAAAA==
RGB
8
8
8
0
/wAAAA==
RGB
8
8
8
0
/wAAAA==
RGB
8
8
8
0
/wAAAA==
RGB
8
8
8
0
/wAAAA==
RGB
8
8
8
0
/wAAAA==
RGB
8
8
8
0
/wAAAA==
RGB
8
8
8
0
/wAAAA==
RGB
8
8
8
0
/wAAAA==
RGB
8
8
8
0
/wAAAA==
RGB
8
8
8
0
/wAAAA==
RGB
8
8
8
0
/wAAAA==
RGB
8
8
8
0
/wAAAA==
RGB
8
8
8
0
/wAAAA==
RGB
8
8
8
0
/wAAAA==
RGB
8
8
8
0
/wAAAA==
RGB
8
8
8
0
/wAAAA==
RGB
8
8
8
0
/wAAAA==
RGB
8
8
8
0
/wAAAA==




































































































































































































































































































































































































































































































































































































































































































































































































































































































































































































































































































































































































































































































































































































































































































































































































































































































































































































































































































































































































































































































































































































































































































































































































































































































































































































































































































































































































































































































































































































































































































































































































































































































































































































































































































































































































































































































































































































































































































































































































































































































































































































































































































































































































































































































































































































































































































































































































































































































































































































































































































































































































































































































































































































































































































































































































































































































































































































































































































































































































































































































































































































































































































































































































































































































































































































































































































































































































































































































































































































































































































































































































































































































































































































































































































































































































































































































































































































































































































































































































































































































































































































































































































































































































































































































































































































































































































































































































































































































































































































































































































































































































































































































































































































































































































































































































































































































































































































































































































































































































































































































































































































































































































































































































































































































































































































































































































































































































































































































































































































































































































































































































































































































































































































































































































































































































































































































































































































































































AAAAAAAAAAAAAAAAAAAAAAAAAAAAAAAAAAAAAAAAAAAAAAAAAAAAAAAAAAAAAAAAAAAAAAAAAAAA
AAAAAAAAAAAAAAAAAAAAAAAAAAAAAAAAAAAAAAAAAAAAAAAAAAAAAAAAAAAAAAAAAAAAAAAAAAAA
AAAAAAAAAAAAAAAAAAAAAAAAAAAAAAAAAAAAAAAAAAAAAAAAAAAAAAAAAAAAAAAAAAAAAAAAAAAA
AAAAAAAAAAAAAAAAAAAAAAAAAAAAAAAAAAAAAAAAAAAAAAAAAAAAAAAAAAAAAAAAAAAAAAAAAAAA
AAAAAAAAAAAAAAAAAAAAAAAAAAAAAAAAAAAAAAAAAAAAAAAAAAAAAAAAAAAAAAAAAAAAAAAAAAAA
AAAAAAAAAAAAAAAAAAAAAAAAAAAAAAAAAAAAAAAAAAAAAAAAAAAAAAAAAAAAAAAAAAAAAAAAAAAA
AAAAAAAAAAAAAAAAAAAAAAAAAAAAAAAAAAAAAAAAAAAAAAAAAAAAAAAAAAAAAAAAAAAAAAAAAAAA
AAAAAAAAAAAAAAAAAAAAAAAAAAAAAAAAAAAAAAAAAAAAAAAAAAAAAAAAAAAAAAAAAAAAAAAAAAAA
AAAAAAAAAAAAAAAAAAAAAAAAAAAAAAAAAAAAAAAAAAAAAAAAAAAAAAAAAAAAAAAAAAAAAAAAAAAA
AAAAAAAAAAAAAAAAAAAAAAAAAAAAAAAAAAAAAAAAAAAAAAAAAAAAAAAAAAAAAAAAAAAAAAAAAAAA
AAAAAAAAAAAAAAAAAAAAAAAAAAAAAAAAAAAAAAAAAAAAAAAAAAAAAAAAAAAAAAAAAAAAAAAAAAAA
AAAAAAAAAAAAAAAAAAAAAAAAAAAAAAAAAAAAAAAAAAAAAAAAAAAAAAAAAAAAAAAAAAAAAAAAAAAA
AAAAAAAAAAAAAAAAAAAAAAAAAAAAAAAAAAAAAAAAAAAAAAAAAAAAAAAAAAAAAAAAAAAAAAAAAAAA
AAAAAAAAAAAAAAAAAAAAAAAAAAAAAAAAAAAAAAAAAAAAAAAAAAAAAAAAAAAAAAAAAAAAAAAAAAAA
AAAAAAAAAAAAAAAAAAAAAAAAAAAAAAAAAAAAAAAAAAAAAAAAAAAAAAAAAAAAAAAAAAAAAAAAAAAA
AAAAAAAAAAAAAAAAAAAAAAAAAAAAAAAAAAAAAAAAAAAAAAAAAAAAAAAAAAAAAAAAAAAAAAAAAAAA
AAAAAAAAAAAAAAAAAAAAAAAAAAAAAAAAAAAAAAAAAAAAAAAAAAAAAAAAAAAAAAAAAAAAAAAAAAAA
AAAAAAAAAAAAAAAAAAAAAAAAAAAAAAAAAAAAAAAAAAAAAAAAAAAAAAAAAAAAAAAAAAAAAAAAAAAA
AAAAAAAAAAAAAAAAAAAAAAAAAAAAAAAAAAAAAAAAAAAAAAAAAAAAAAAAAAAAAAAAAAAAAAAAAAAA
AAAAAAAAAAAAAAAAAAAAAAAAAAAAAAAAAAAAAAAAAAAAAAAAAAAAAAAAAAAAAAAAAAAAAAAAAAAA
AAAAAAAAAAAAAAAAAAAAAAAAAAAAAAAAAAAAAAAAAAAAAAAAAAAAAAAAAAAAAAAAAAAAAAAAAAAA
AAAAAAAAAAAAAAAAAAAAAAAAAAAAAAAAAAAAAAAAAAAAAAAAAAAAAAAAAAAAAAAAAAAAAAAAAAAA
AAAAAAAAAAAAAAAAAAAAAAAAAAAAAAAAAAAAAAAAAAAAAAAAAAAAAAAAAAAAAAAAAAAAAAAAAAAA
AAAAAAAAAAAAAAAAAAAAAAAAAAAAAAAAAAAAAAAAAAAAAAAAAAAAAAAAAAAAAAAAAAAAAAAAAAAA
AAAAAAAAAAAAAAAAAAAAAAAAAAAAAAAAAAAAAAAAAAAAAAAAAAAAAAAAAAAAAAAAAAAAAAAAAAAA
AAAAAAAAAAAAAAAAAAAAAAAAAAAAAAAAAAAAAAAAAAAAAAAAAAAAAAAAAAAAAAAAAAAAAAAAAAAA
AAAAAAAAAAAAAAAAAAAAAAAAAAAAAAAAAAAAAAAAAAAAAAAAAAAAAAAAAAAAAAAAAAAAAAAAAAAA
AAAAAAAAAAAAAAAAAAAAAAAAAAAAAAAAAAAAAAAAAAAAAAAAAAAAAAAAAAAAAAAAAAAAAAAAAAAA
AAAAAAAAAAAAAAAAAAAAAAAAAAAAAAAAAAAAAAAAAAAAAAAAAAAAAAAAAAAAAAAAAAAAAAAAAAAA
AAAAAAAAAAAAAAAAAAAAAAAAAAAAAAAAAAAAAAAAAAAAAAAAAAAAAAAAAAAAAAAAAAAAAAAAAAAA
AAAAAAAAAAAAAAAAAAAAAAAAAAAAAAAAAAAAAAAAAAAAAAAAAAAAAAAAAAAAAAAAAAAAAAAAAAAA
AAAAAAAAAAAAAAAAAAAAAAAAAAAAAAAAAAAAAAAAAAAAAAAAAAAAAAAAAAAAAAAAAAAAAAAAAAAA
AAAAAAAAAAAAAAAAAAAAAAAAAAAAAAAAAAAAAAAAAAAAAAAAAAAAAAAAAAAAAAAAAAAAAAAAAAAA
AAAAAAAAAAAAAAAAAAAAAAAAAAAAAAAAAAAAAAAAAAAAAAAAAAAAAAAAAAAAAAAAAAAAAAAAAAAA
AAAAAAAAAAAAAAAAAAAAAAAAAAAAAAAAAAAAAAAAAAAAAAAAAAAAAAAAAAAAAAAAAAAAAAAAAAAA
AAAAAAAAAAAAAAAAAAAAAAAAAAAAAAAAAAAAAAAAAAAAAAAAAAAAAAAAAAAAAAAAAAAAAAAAAAAA
AAAAAAAAAAAAAAAAAAAAAAAAAAAAAAAAAAAAAAAAAAAAAAAAAAAAAAAAAAAAAAAAAAAAAAAAAAAA
AAAAAAAAAAAAAAAAAAAAAAAAAAAAAAAAAAAAAAAAAAAAAAAAAAAAAAAAAAAAAAAAAAAAAAAAAAAA
AAAAAAAAAAAAAAAAAAAAAAAAAAAAAAAAAAAAAAAAAAAAAAAAAAAAAAAAAAAAAAAAAAAAAAAAAAAA
AAAAAAAAAAAAAAAAAAAAAAAAAAAAAAAAAAAAAAAAAAAAAAAAAAAAAAAAAAAAAAAAAAAAAAAAAAAA
AAAAAAAAAAAAAAAAAAAAAAAAAAAAAAAAAAAAAAAAAAAAAAAAAAAAAAAAAAAAAAAAAAAAAAAAAAAA
AAAAAAAAAAAAAAAAAAAAAAAAAAAAAAAAAAAAAAAAAAAAAAAAAAAAAAAAAAAAAAAAAAAAAAAAAAAA
AAAAAAAAAAAAAAAAAAAAAAAAAAAAAAAAAAAAAAAAAAAAAAAAAAAAAAAAAAAAAAAAAAAAAAAAAAAA
AAAAAAAAAAAAAAAAAAAAAAAAAAAAAAAAAAAAAAAAAAAAAAAAAAAAAAAAAAAAAAAAAAAAAAAAAAAA
AAAAAAAAAAAAAAAAAAAAAAAAAAAAAAAAAAAAAAAAAAAAAAAAAAAAAAAAAAAAAAAAAAAAAAAAAAAA
AAAAAAAAAAAAAAAAAAAAAAAAAAAAAAAAAAAAAAAAAAAAAAAAAAAAAAAAAAAAAAAAAAAAAAAAAAAA
AAAAAAAAAAAAAAAAAAAAAAAAAAAAAAAAAAAAAAAAAAAAAAAAAAAAAAAAAAAAAAAAAAAAAAAAAAAA
AAAAAAAAAAAAAAAAAAAAAAAAAAAAAAAAAAAAAAAAAAAAAAAAAAAAAAAAAAAAAAAAAAAAAAAAAAAA
AAAAAAAAAAAAAAAAAAAAAAAAAAAAAAAAAAAAAAAAAAAAAAAAAAAAAAAAAAAAAAAAAAAAAAAAAAAA
AAAAAAAAAAAAAAAAAAAAAAAAAAAAAAAAAAAAAAAAAAAAAAAAAAAAAAAAAAAAAAAAAAAAAAAAAAAA
AAAAAAAAAAAAAAAAAAAAAAAAAAAAAAAAAAAAAAAAAAAAAAAAAAAAAAAAAAAAAAAAAAAAAAAAAAAA
AAAAAAAAAAAAAAAAAAAAAAAAAAAAAAAAAAAAAAAAAAAAAAAAAAAAAAAAAAAAAAAAAAAAAAAAAAAA
AAAAAAAAAAAAAAAAAAAAAAAAAAAAAAAAAAAAAAAAAAAAAAAAAAAAAAAAAAAAAAAAAAAAAAAAAAAA
AAAAAAAAAAAAAAAAAAAAAAAAAAAAAAAAAAAAAAAAAAAAAAAAAAAAAAAAAAAAAAAAAAAAAAAAAAAA
AAAAAAAAAAAAAAAAAAAAAAAAAAAAAAAAAAAAAAAAAAAAAAAAAAAAAAAAAAAAAAAAAAAAAAAAAAAA
AAAAAAAAAAAAAAAAAAAAAAAAAAAAAAAAAAAAAAAAAAAAAAAAAAAAAAAAAAAAAAAAAAAAAAAAAAAA
AAAAAAAAAAAAAAAAAAAAAAAAAAAAAAAAAAAAAAAAAAAAAAAAAAAAAAAAAAAAAAAAAAAAAAAAAAAA
AAAAAAAAAAAAAAAAAAAAAAAAAAAAAAAAAAAAAAAAAAAAAAAAAAAAAAAAAAAAAAAAAAAAAAAAAAAA
AAAAAAAAAAAAAAAAAAAAAAAAAAAAAAAAAAAAAAAAAAAAAAAAAAAAAAAAAAAAAAAAAAAAAAAAAAAA
AAAAAAAAAAAAAAAAAAAAAAAAAAAAAAAAAAAAAAAAAAAAAAAAAAAAAAAAAAAAAAAAAAAAAAAAAAAA
AAAAAAAAAAAAAAAAAAAAAAAAAAAAAAAAAAAAAAAAAAAAAAAAAAAAAAAAAAAAAAAAAAAAAAAAAAAA
AAAAAAAAAAAAAAAAAAAAAAAAAAAAAAAAAAAAAAAAAAAAAAAAAAAAAAAAAAAAAAAAAAAAAAAAAAAA
AAAAAAAAAAAAAAAAAAAAAAAAAAAAAAAAAAAAAAAAAAAAAAAAAAAAAAAAAAAAAAAAAAAAAAAAAAAA
AAAAAAAAAAAAAAAAAAAAAAAAAAAAAAAAAAAAAAAAAAAAAAAAAAAAAAAAAAAAAAAAAAAAAAAAAAAA
AAAAAAAAAAAAAAAAAAAAAAAAAAAAAAAAAAAAAAAAAAAAAAAAAAAAAAAAAAAAAAAAAAAAAAAAAAAA
AAAAAAAAAAAAAAAAAAAAAAAAAAAAAAAAAAAAAAAAAAAAAAAAAAAAAAAAAAAAAAAAAAAAAAAAAAAA
AAAAAAAAAAAAAAAAAAAAAAAAAAAAAAAAAAAAAAAAAAAAAAAAAAAAAAAAAAAAAAAAAAAAAAAAAAAA
AAAAAAAAAAAAAAAAAAAAAAAAAAAAAAAAAAAAAAAAAAAAAAAAAAAAAAAAAAAAAAAAAAAAAAAAAAAA
AAAAAAAAAAAAAAAAAAAAAAAAAAAAAAAAAAAAAAAAAAAAAAAAAAAAAAAAAAAAAAAAAAAAAAAAAAAA
AAAAAAAAAAAAAAAAAAAAAAAAAAAAAAAAAAAAAAAAAAAAAAAAAAAAAAAAAAAAAAAAAAAAAAAAAAAA
AAAAAAAAAAAAAAAAAAAAAAAAAAAAAAAAAAAAAAAAAAAAAAAAAAAAAAAAAAAAAAAAAAAAAAAAAAAA
AAAAAAAAAAAAAAAAAAAAAAAAAAAAAAAAAAAAAAAAAAAAAAAAAAAAAAAAAAAAAAAAAAAAAAAAAAAA
AAAAAAAAAAAAAAAAAAAAAAAAAAAAAAAAAAAAAAAAAAAAAAAAAAAAAAAAAAAAAAAAAAAAAAAAAAAA
AAAAAAAAAAAAAAAAAAAAAAAAAAAAAAAAAAAAAAAAAAAAAAAAAAAAAAAAAAAAAAAAAAAAAAAAAAAA
AAAAAAAAAAAAAAAAAAAAAAAAAAAAAAAAAAAAAAAAAAAAAAAAAAAAAAAAAAAAAAAAAAAAAAAAAAAA
AAAAAAAAAAAAAAAAAAAAAAAAAAAAAAAAAAAAAAAAAAAAAAAAAAAAAAAAAAAAAAAAAAAAAAAAAAAA
AAAAAAAAAAAAAAAAAAAAAAAAAAAAAAAAAAAAAAAAAAAAAAAAAAAAAAAAAAAAAAAAAAAAAAAAAAAA
AAAAAAAAAAAAAAAAAAAAAAAAAAAAAAAAAAAAAAAAAAAAAAAAAAAAAAAAAAAAAAAAAAAAAAAAAAAA
AAAAAAAAAAAAAAAAAAAAAAAAAAAAAAAAAAAAAAAAAAAAAAAAAAAAAAAAAAAAAAAAAAAAAAAAAAAA
AAAAAAAAAAAAAAAAAAAAAAAAAAAAAAAAAAAAAAAAAAAAAAAAAAAAAAAAAAAAAAAAAAAAAAAAAAAA
AAAAAAAAAAAAAAAAAAAAAAAAAAAAAAAAAAAAAAAAAAAAAAAAAAAAAAAAAAAAAAAAAAAAAAAAAAAA
AAAAAAAAAAAAAAAAAAAAAAAAAAAAAAAAAAAAAAAAAAAAAAAAAAAAAAAAAAAAAAAAAAAAAAAAAAAA
AAAAAAAAAAAAAAAAAAAAAAAAAAAAAAAAAAAAAAAAAAAAAAAAAAAAAAAAAAAAAAAAAAAAAAAAAAAA
AAAAAAAAAAAAAAAAAAAAAAAAAAAAAAAAAAAAAAAAAAAAAAAAAAAAAAAAAAAAAAAAAAAAAAAAAAAA
AAAAAAAAAAAAAAAAAAAAAAAAAAAAAAAAAAAAAAAAAAAAAAAAAAAAAAAAAAAAAAAAAAAAAAAAAAAA
AAAAAAAAAAAAAAAAAAAAAAAAAAAAAAAAAAAAAAAAAAAAAAAAAAAAAAAAAAAAAAAAAAAAAAAAAAAA
AAAAAAAAAAAAAAAAAAAAAAAAAAAAAAAAAAAAAAAAAAAAAAAAAAAAAAAAAAAAAAAAAAAAAAAAAAAA
AAAAAAAAAAAAAAAAAAAAAAAAAAAAAAAAAAAAAAAAAAAAAAAAAAAAAAAAAAAAAAAAAAAAAAAAAAAA
AAAAAAAAAAAAAAAAAAAAAAAAAAAAAAAAAAAAAAAAAAAAAAAAAAAAAAAAAAAAAAAAAAAAAAAAAAAA
AAAAAAAAAAAAAAAAAAAAAAAAAAAAAAAAAAAAAAAAAAAAAAAAAAAAAAAAAAAAAAAAAAAAAAAAAAAA
AAAAAAAAAAAAAAAAAAAAAAAAAAAAAAAAAAAAAAAAAAAAAAAAAAAAAAAAAAAAAAAAAAAAAAAAAAAA
AAAAAAAAAAAAAAAAAAAAAAAAAAAAAAAAAAAAAAAAAAAAAAAAAAAAAAAAAAAAAAAAAAAAAAAAAAAA
AAAAAAAAAAAAAAAAAAAAAAAAAAAAAAAAAAAAAAAAAAAAAAAAAAAAAAAAAAAAAAAAAAAAAAAAAAAA
AAAAAAAAAAAAAAAAAAAAAAAAAAAAAAAAAAAAAAAAAAAAAAAAAAAAAAAAAAAAAAAAAAAAAAAAAAAA
AAAAAAAAAAAAAAAAAAAAAAAAAAAAAAAAAAAAAAAAAAAAAAAAAAAAAAAAAAAAAAAAAAAAAAAAAAAA
AAAAAAAAAAAAAAAAAAAAAAAAAAAAAAAAAAAAAAAAAAAAAAAAAAAAAAAAAAAAAAAAAAAAAAAAAAAA
AAAAAAAAAAAAAAAAAAAAAAAAAAAAAAAAAAAAAAAAAAAAAAAAAAAAAAAAAAAAAAAAAAAAAAAAAAAA
AAAAAAAAAAAAAAAAAAAAAAAAAAAAAAAAAAAAAAAAAAAAAAAAAAAAAAAAAAAAAAAAAAAAAAAAAAAA
AAAAAAAAAAAAAAAAAAAAAAAAAAAAAAAAAAAAAAAAAAAAAAAAAAAAAAAAAAAAAAAAAAAAAAAAAAAA
AAAAAAAAAAAAAAAAAAAAAAAAAAAAAAAAAAAAAAAAAAAAAAAAAAAAAAAAAAAAAAAAAAAAAAAAAAAA
AAAAAAAAAAAAAAAAAAAAAAAAAAAAAAAAAAAAAAAAAAAAAAAAAAAAAAAAAAAAAAAAAAAAAAAAAAAA
AAAAAAAAAAAAAAAAAAAAAAAAAAAAAAAAAAAAAAAAAAAAAAAAAAAAAAAAAAAAAAAAAAAAAAAAAAAA
AAAAAAAAAAAAAAAAAAAAAAAAAAAAAAAAAAAAAAAAAAAAAAAAAAAAAAAAAAAAAAAAAAAAAAAAAAAA
AAAAAAAAAAAAAAAAAAAAAAAAAAAAAAAAAAAAAAAAAAAAAAAAAAAAAAAAAAAAAAAAAAAAAAAAAAAA
AAAAAAAAAAAAAAAAAAAAAAAAAAAAAAAAAAAAAAAAAAAAAAAAAAAAAAAAAAAAAAAAAAAAAAAAAAAA
AAAAAAAAAAAAAAAAAAAAAAAAAAAAAAAAAAAAAAAAAAAAAAAAAAAAAAAAAAAAAAAAAAAAAAAAAAAA
AAAAAAAAAAAAAAAAAAAAAAAAAAAAAAAAAAAAAAAAAAAAAAAAAAAAAAAAAAAAAAAAAAAAAAAAAAAA
AAAAAAAAAAAAAAAAAAAAAAAAAAAAAAAAAAAAAAAAAAAAAAAAAAAAAAAAAAAAAAAAAAAAAAAAAAAA
AAAAAAAAAAAAAAAAAAAAAAAAAAAAAAAAAAAAAAAAAAAAAAAAAAAAAAAAAAAAAAAAAAAAAAAAAAAA
AAAAAAAAAAAAAAAAAAAAAAAAAAAAAAAAAAAAAAAAAAAAAAAAAAAAAAAAAAAAAAAAAAAAAAAAAAAA
AAAAAAAAAAAAAAAAAAAAAAAAAAAAAAAAAAAAAAAAAAAAAAAAAAAAAAAAAAAAAAAAAAAAAAAAAAAA
AAAAAAAAAAAAAAAAAAAAAAAAAAAAAAAAAAAAAAAAAAAAAAAAAAAAAAAAAAAAAAAAAAAAAAAAAAAA
AAAAAAAAAAAAAAAAAAAAAAAAAAAAAAAAAAAAAAAAAAAAAAAAAAAAAAAAAAAAAAAAAAAAAAAAAAAA
AAAAAAAAAAAAAAAAAAAAAAAAAAAAAAAAAAAAAAAAAAAAAAAAAAAAAAAAAAAAAAAAAAAAAAAAAAAA
AAAAAAAAAAAAAAAAAAAAAAAAAAAAAAAAAAAAAAAAAAAAAAAAAAAAAAAAAAAAAAAAAAAAAAAAAAAA
AAAAAAAAAAAAAAAAAAAAAAAAAAAAAAAAAAAAAAAAAAAAAAAAAAAAAAAAAAAAAAAAAAAAAAAAAAAA
AAAAAAAAAAAAAAAAAAAAAAAAAAAAAAAAAAAAAAAAAAAAAAAAAAAAAAAAAAAAAAAAAAAAAAAAAAAA
AAAAAAAAAAAAAAAAAAAAAAAAAAAAAAAAAAAAAAAAAAAAAAAAAAAAAAAAAAAAAAAAAAAAAAAAAAAA
AAAAAAAAAAAAAAAAAAAAAAAAAAAAAAAAAAAAAAAAAAAAAAAAAAAAAAAAAAAAAAAAAAAAAAAAAAAA
AAAAAAAAAAAAAAAAAAAAAAAAAAAAAAAAAAAAAAAAAAAAAAAAAAAAAAAAAAAAAAAAAAAAAAAAAAAA
AAAAAAAAAAAAAAAAAAAAAAAAAAAAAAAAAAAAAAAAAAAAAAAAAAAAAAAAAAAAAAAAAAAAAAAAAAAA
AAAAAAAAAAAAAAAAAAAAAAAAAAAAAAAAAAAAAAAAAAAAAAAAAAAAAAAAAAAAAAAAAAAAAAAAAAAA
AAAAAAAAAAAAAAAAAAAAAAAAAAAAAAAAAAAAAAAAAAAAAAAAAAAAAAAAAAAAAAAAAAAAAAAAAAAA
AAAAAAAAAAAAAAAAAAAAAAAAAAAAAAAAAAAAAAAAAAAAAAAAAAAAAAAAAAAAAAAAAAAAAAAAAAAA
AAAAAAAAAAAAAAAAAAAAAAAAAAAAAAAAAAAAAAAAAAAAAAAAAAAAAAAAAAAAAAAAAAAAAAAAAAAA
AAAAAAAAAAAAAAAAAAAAAAAAAAAAAAAAAAAAAAAAAAAAAAAAAAAAAAAAAAAAAAAAAAAAAAAAAAAA
AAAAAAAAAAAAAAAAAAAAAAAAAAAAAAAAAAAAAAAAAAAAAAAAAAAAAAAAAAAAAAAAAAAAAAAAAAAA
AAAAAAAAAAAAAAAAAAAAAAAAAAAAAAAAAAAAAAAAAAAAAAAAAAAAAAAAAAAAAAAAAAAAAAAAAAAA
AAAAAAAAAAAAAAAAAAAAAAAAAAAAAAAAAAAAAAAAAAAAAAAAAAAAAAAAAAAAAAAAAAAAAAAAAAAA
AAAAAAAAAAAAAAAAAAAAAAAAAAAAAAAAAAAAAAAAAAAAAAAAAAAAAAAAAAAAAAAAAAAAAAAAAAAA
AAAAAAAAAAAAAAAAAAAAAAAAAAAAAAAAAAAAAAAAAAAAAAAAAAAAAAAAAAAAAAAAAAAAAAAAAAAA
AAAAAAAAAAAAAAAAAAAAAAAAAAAAAAAAAAAAAAAAAAAAAAAAAAAAAAAAAAAAAAAAAAAAAAAAAAAA
AAAAAAAAAAAAAAAAAAAAAAAAAAAAAAAAAAAAAAAAAAAAAAAAAAAAAAAAAAAAAAAAAAAAAAAAAAAA
AAAAAAAAAAAAAAAAAAAAAAAAAAAAAAAAAAAAAAAAAAAAAAAAAAAAAAAAAAAAAAAAAAAAAAAAAAAA
AAAAAAAAAAAAAAAAAAAAAAAAAAAAAAAAAAAAAAAAAAAAAAAAAAAAAAAAAAAAAAAAAAAAAAAAAAAA
AAAAAAAAAAAAAAAAAAAAAAAAAAAAAAAAAAAAAAAAAAAAAAAAAAAAAAAAAAAAAAAAAAAAAAAAAAAA
AAAAAAAAAAAAAAAAAAAAAAAAAAAAAAAAAAAAAAAAAAAAAAAAAAAAAAAAAAAAAAAAAAAAAAAAAAAA
AAAAAAAAAAAAAAAAAAAAAAAAAAAAAAAAAAAAAAAAAAAAAAAAAAAAAAAAAAAAAAAAAAAAAAAAAAAA
AAAAAAAAAAAAAAAAAAAAAAAAAAAAAAAAAAAAAAAAAAAAAAAAAAAAAAAAAAAAAAAAAAAAAAAAAAAA
AAAAAAAAAAAAAAAAAAAAAAAAAAAAAAAAAAAAAAAAAAAAAAAAAAAAAAAAAAAAAAAAAAAAAAAAAAAA
AAAAAAAAAAAAAAAAAAAAAAAAAAAAAAAAAAAAAAAAAAAAAAAAAAAAAAAAAAAAAAAAAAAAAAAAAAAA
AAAAAAAAAAAAAAAAAAAAAAAAAAAAAAAAAAAAAAAAAAAAAAAAAAAAAAAAAAAAAAAAAAAAAAAAAAAA
AAAAAAAAAAAAAAAAAAAAAAAAAAAAAAAAAAAAAAAAAAAAAAAAAAAAAAAAAAAAAAAAAAAAAAAAAAAA
AAAAAAAAAAAAAAAAAAAAAAAAAAAAAAAAAAAAAAAAAAAAAAAAAAAAAAAAAAAAAAAAAAAAAAAAAAAA
AAAAAAAAAAAAAAAAAAAAAAAAAAAAAAAAAAAAAAAAAAAAAAAAAAAAAAAAAAAAAAAAAAAAAAAAAAAA
AAAAAAAAAAAAAAAAAAAAAAAAAAAAAAAAAAAAAAAAAAAAAAAAAAAAAAAAAAAAAAAAAAAAAAAAAAAA
AAAAAAAAAAAAAAAAAAAAAAAAAAAAAAAAAAAAAAAAAAAAAAAAAAAAAAAAAAAAAAAAAAAAAAAAAAAA
AAAAAAAAAAAAAAAAAAAAAAAAAAAAAAAAAAAAAAAAAAAAAAAAAAAAAAAAAAAAAAAAAAAAAAAAAAAA
AAAAAAAAAAAAAAAAAAAAAAAAAAAAAAAAAAAAAAAAAAAAAAAAAAAAAAAAAAAAAAAAAAAAAAAAAAAA
AAAAAAAAAAAAAAAAAAAAAAAAAAAAAAAAAAAAAAAAAAAAAAAAAAAAAAAAAAAAAAAAAAAAAAAAAAAA
AAAAAAAAAAAAAAAAAAAAAAAAAAAAAAAAAAAAAAAAAAAAAAAAAAAAAAAAAAAAAAAAAAAAAAAAAAAA
AAAAAAAAAAAAAAAAAAAAAAAAAAAAAAAAAAAAAAAAAAAAAAAAAAAAAAAAAAAAAAAAAAAAAAAAAAAA
AAAAAAAAAAAAAAAAAAAAAAAAAAAAAAAAAAAAAAAAAAAAAAAAAAAAAAAAAAAAAAAAAAAAAAAAAAAA
AAAAAAAAAAAAAAAAAAAAAAAAAAAAAAAAAAAAAAAAAAAAAAAAAAAAAAAAAAAAAAAAAAAAAAAAAAAA
AAAAAAAAAAAAAAAAAAAAAAAAAAAAAAAAAAAAAAAAAAAAAAAAAAAAAAAAAAAAAAAAAAAAAAAAAAAA
AAAAAAAAAAAAAAAAAAAAAAAAAAAAAAAAAAAAAAAAAAAAAAAAAAAAAAAAAAAAAAAAAAAAAAAAAAAA
AAAAAAAAAAAAAAAAAAAAAAAAAAAAAAAAAAAAAAAAAAAAAAAAAAAAAAAAAAAAAAAAAAAAAAAAAAAA
AAAAAAAAAAAAAAAAAAAAAAAAAAAAAAAAAAAAAAAAAAAAAAAAAAAAAAAAAAAAAAAAAAAAAAAAAAAA
AAAAAAAAAAAAAAAAAAAAAAAAAAAAAAAAAAAAAAAAAAAAAAAAAAAAAAAAAAAAAAAAAAAAAAAAAAAA
AAAAAAAAAAAAAAAAAAAAAAAAAAAAAAAAAAAAAAAAAAAAAAAAAAAAAAAAAAAAAAAAAAAAAAAAAAAA
AAAAAAAAAAAAAAAAAAAAAAAAAAAAAAAAAAAAAAAAAAAAAAAAAAAAAAAAAAAAAAAAAAAAAAAAAAAA
AAAAAAAAAAAAAAAAAAAAAAAAAAAAAAAAAAAAAAAAAAAAAAAAAAAAAAAAAAAAAAAAAAAAAAAAAAAA
AAAAAAAAAAAAAAAAAAAAAAAAAAAAAAAAAAAAAAAAAAAAAAAAAAAAAAAAAAAAAAAAAAAAAAAAAAAA
AAAAAAAAAAAAAAAAAAAAAAAAAAAAAAAAAAAAAAAAAAAAAAAAAAAAAAAAAAAAAAAAAAAAAAAAAAAA
AAAAAAAAAAAAAAAAAAAAAAAAAAAAAAAAAAAAAAAAAAAAAAAAAAAAAAAAAAAAAAAAAAAAAAAAAAAA
AAAAAAAAAAAAAAAAAAAAAAAAAAAAAAAAAAAAAAAAAAAAAAAAAAAAAAAAAAAAAAAAAAAAAAAAAAAA
AAAAAAAAAAAAAAAAAAAAAAAAAAAAAAAAAAAAAAAAAAAAAAAAAAAAAAAAAAAAAAAAAAAAAAAAAAAA
AAAAAAAAAAAAAAAAAAAAAAAAAAAAAAAAAAAAAAAAAAAAAAAAAAAAAAAAAAAAAAAAAAAAAAAAAAAA
AAAAAAAAAAAAAAAAAAAAAAAAAAAAAAAAAAAAAAAAAAAAAAAAAAAAAAAAAAAAAAAAAAAAAAAAAAAA
AAAAAAAAAAAAAAAAAAAAAAAAAAAAAAAAAAAAAAAAAAAAAAAAAAAAAAAAAAAAAAAAAAAAAAAAAAAA
AAAAAAAAAAAAAAAAAAAAAAAAAAAAAAAAAAAAAAAAAAAAAAAAAAAAAAAAAAAAAAAAAAAAAAAAAAAA
AAAAAAAAAAAAAAAAAAAAAAAAAAAAAAAAAAAAAAAAAAAAAAAAAAAAAAAAAAAAAAAAAAAAAAAAAAAA
AAAAAAAAAAAAAAAAAAAAAAAAAAAAAAAAAAAAAAAAAAAAAAAAAAAAAAAAAAAAAAAAAAAAAAAAAAAA
AAAAAAAAAAAAAAAAAAAAAAAAAAAAAAAAAAAAAAAAAAAAAAAAAAAAAAAAAAAAAAAAAAAAAAAAAAAA
AAAAAAAAAAAAAAAAAAAAAAAAAAAAAAAAAAAAAAAAAAAAAAAAAAAAAAAAAAAAAAAAAAAAAAAAAAAA
AAAAAAAAAAAAAAAAAAAAAAAAAAAAAAAAAAAAAAAAAAAAAAAAAAAAAAAAAAAAAAAAAAAAAAAAAAAA
AAAAAAAAAAAAAAAAAAAAAAAAAAAAAAAAAAAAAAAAAAAAAAAAAAAAAAAAAAAAAAAAAAAAAAAAAAAA
AAAAAAAAAAAAAAAAAAAAAAAAAAAAAAAAAAAAAAAAAAAAAAAAAAAAAAAAAAAAAAAAAAAAAAAAAAAA
AAAAAAAAAAAAAAAAAAAAAAAAAAAAAAAAAAAAAAAAAAAAAAAAAAAAAAAAAAAAAAAAAAAAAAAAAAAA
AAAAAAAAAAAAAAAAAAAAAAAAAAAAAAAAAAAAAAAAAAAAAAAAAAAAAAAAAAAAAAAAAAAAAAAAAAAA
AAAAAAAAAAAAAAAAAAAAAAAAAAAAAAAAAAAAAAAAAAAAAAAAAAAAAAAAAAAAAAAAAAAAAAAAAAAA
AAAAAAAAAAAAAAAAAAAAAAAAAAAAAAAAAAAAAAAAAAAAAAAAAAAAAAAAAAAAAAAAAAAAAAAAAAAA
AAAAAAAAAAAAAAAAAAAAAAAAAAAAAAAAAAAAAAAAAAAAAAAAAAAAAAAAAAAAAAAAAAAAAAAAAAAA
AAAAAAAAAAAAAAAAAAAAAAAAAAAAAAAAAAAAAAAAAAAAAAAAAAAAAAAAAAAAAAAAAAAAAAAAAAAA
AAAAAAAAAAAAAAAAAAAAAAAAAAAAAAAAAAAAAAAAAAAAAAAAAAAAAAAAAAAAAAAAAAAAAAAAAAAA
AAAAAAAAAAAAAAAAAAAAAAAAAAAAAAAAAAAAAAAAAAAAAAAAAAAAAAAAAAAAAAAAAAAAAAAAAAAA
AAAAAAAAAAAAAAAAAAAAAAAAAAAAAAAAAAAAAAAAAAAAAAAAAAAAAAAAAAAAAAAAAAAAAAAAAAAA
AAAAAAAAAAAAAAAAAAAAAAAAAAAAAAAAAAAAAAAAAAAAAAAAAAAAAAAAAAAAAAAAAAAAAAAAAAAA
AAAAAAAAAAAAAAAAAAAAAAAAAAAAAAAAAAAAAAAAAAAAAAAAAAAAAAAAAAAAAAAAAAAAAAAAAAAA
AAAAAAAAAAAAAAAAAAAAAAAAAAAAAAAAAAAAAAAAAAAAAAAAAAAAAAAAAAAAAAAAAAAAAAAAAAAA
AAAAAAAAAAAAAAAAAAAAAAAAAAAAAAAAAAAAAAAAAAAAAAAAAAAAAAAAAAAAAAAAAAAAAAAAAAAA
AAAAAAAAAAAAAAAAAAAAAAAAAAAAAAAAAAAAAAAAAAAAAAAAAAAAAAAAAAAAAAAAAAAAAAAAAAAA
AAAAAAAAAAAAAAAAAAAAAAAAAAAAAAAAAAAAAAAAAAAAAAAAAAAAAAAAAAAAAAAAAAAAAAAAAAAA
AAAAAAAAAAAAAAAAAAAAAAAAAAAAAAAAAAAAAAAAAAAAAAAAAAAAAAAAAAAAAAAAAAAAAAAAAAAA
AAAAAAAAAAAAAAAAAAAAAAAAAAAAAAAAAAAAAAAAAAAAAAAAAAAAAAAAAAAAAAAAAAAAAAAAAAAA
AAAAAAAAAAAAAAAAAAAAAAAAAAAAAAAAAAAAAAAAAAAAAAAAAAAAAAAAAAAAAAAAAAAAAAAAAAAA
AAAAAAAAAAAAAAAAAAAAAAAAAAAAAAAAAAAAAAAAAAAAAAAAAAAAAAAAAAAAAAAAAAAAAAAAAAAA
AAAAAAAAAAAAAAAAAAAAAAAAAAAAAAAAAAAAAAAAAAAAAAAAAAAAAAAAAAAAAAAAAAAAAAAAAAAA
AAAAAAAAAAAAAAAAAAAAAAAAAAAAAAAAAAAAAAAAAAAAAAAAAAAAAAAAAAAAAAAAAAAAAAAAAAAA
AAAAAAAAAAAAAAAAAAAAAAAAAAAAAAAAAAAAAAAAAAAAAAAAAAAAAAAAAAAAAAAAAAAAAAAAAAAA
AAAAAAAAAAAAAAAAAAAAAAAAAAAAAAAAAAAAAAAAAAAAAAAAAAAAAAAAAAAAAAAAAAAAAAAAAAAA
AAAAAAAAAAAAAAAAAAAAAAAAAAAAAAAAAAAAAAAAAAAAAAAAAAAAAAAAAAAAAAAAAAAAAAAAAAAA
AAAAAAAAAAAAAAAAAAAAAAAAAAAAAAAAAAAAAAAAAAAAAAAAAAAAAAAAAAAAAAAAAAAAAAAAAAAA
AAAAAAAAAAAAAAAAAAAAAAAAAAAAAAAAAAAAAAAAAAAAAAAAAAAAAAAAAAAAAAAAAAAAAAAAAAAA
AAAAAAAAAAAAAAAAAAAAAAAAAAAAAAAAAAAAAAAAAAAAAAAAAAAAAAAAAAAAAAAAAAAAAAAAAAAA
AAAAAAAAAAAAAAAAAAAAAAAAAAAAAAAAAAAAAAAAAAAAAAAAAAAAAAAAAAAAAAAAAAAAAAAAAAAA
AAAAAAAAAAAAAAAAAAAAAAAAAAAAAAAAAAAAAAAAAAAAAAAAAAAAAAAAAAAAAAAAAAAAAAAAAAAA
AAAAAAAAAAAAAAAAAAAAAAAAAAAAAAAAAAAAAAAAAAAAAAAAAAAAAAAAAAAAAAAAAAAAAAAAAAAA
AAAAAAAAAAAAAAAAAAAAAAAAAAAAAAAAAAAAAAAAAAAAAAAAAAAAAAAAAAAAAAAAAAAAAAAAAAAA
AAAAAAAAAAAAAAAAAAAAAAAAAAAAAAAAAAAAAAAAAAAAAAAAAAAAAAAAAAAAAAAAAAAAAAAAAAAA
AAAAAAAAAAAAAAAAAAAAAAAAAAAAAAAAAAAAAAAAAAAAAAAAAAAAAAAAAAAAAAAAAAAAAAAAAAAA
AAAAAAAAAAAAAAAAAAAAAAAAAAAAAAAAAAAAAAAAAAAAAAAAAAAAAAAAAAAAAAAAAAAAAAAAAAAA
AAAAAAAAAAAAAAAAAAAAAAAAAAAAAAAAAAAAAAAAAAAAAAAAAAAAAAAAAAAAAAAAAAAAAAAAAAAA
AAAAAAAAAAAAAAAAAAAAAAAAAAAAAAAAAAAAAAAAAAAAAAAAAAAAAAAAAAAAAAAAAAAAAAAAAAAA
AAAAAAAAAAAAAAAAAAAAAAAAAAAAAAAAAAAAAAAAAAAAAAAAAAAAAAAAAAAAAAAAAAAAAAAAAAAA
AAAAAAAAAAAAAAAAAAAAAAAAAAAAAAAAAAAAAAAAAAAAAAAAAAAAAAAAAAAAAAAAAAAAAAAAAAAA
AAAAAAAAAAAAAAAAAAAAAAAAAAAAAAAAAAAAAAAAAAAAAAAAAAAAAAAAAAAAAAAAAAAAAAAAAAAA
AAAAAAAAAAAAAAAAAAAAAAAAAAAAAAAAAAAAAAAAAAAAAAAAAAAAAAAAAAAAAAAAAAAAAAAAAAAA
AAAAAAAAAAAAAAAAAAAAAAAAAAAAAAAAAAAAAAAAAAAAAAAAAAAAAAAAAAAAAAAAAAAAAAAAAAAA
AAAAAAAAAAAAAAAAAAAAAAAAAAAAAAAAAAAAAAAAAAAAAAAAAAAAAAAAAAAAAAAAAAAAAAAAAAAA
AAAAAAAAAAAAAAAAAAAAAAAAAAAAAAAAAAAAAAAAAAAAAAAAAAAAAAAAAAAAAAAAAAAAAAAAAAAA
AAAAAAAAAAAAAAAAAAAAAAAAAAAAAAAAAAAAAAAAAAAAAAAAAAAAAAAAAAAAAAAAAAAAAAAAAAAA
AAAAAAAAAAAAAAAAAAAAAAAAAAAAAAAAAAAAAAAAAAAAAAAAAAAAAAAAAAAAAAAAAAAAAAAAAAAA
AAAAAAAAAAAAAAAAAAAAAAAAAAAAAAAAAAAAAAAAAAAAAAAAAAAAAAAAAAAAAAAAAAAAAAAAAAAA
AAAAAAAAAAAAAAAAAAAAAAAAAAAAAAAAAAAAAAAAAAAAAAAAAAAAAAAAAAAAAAAAAAAAAAAAAAAA
AAAAAAAAAAAAAAAAAAAAAAAAAAAAAAAAAAAAAAAAAAAAAAAAAAAAAAAAAAAAAAAAAAAAAAAAAAAA
AAAAAAAAAAAAAAAAAAAAAAAAAAAAAAAAAAAAAAAAAAAAAAAAAAAAAAAAAAAAAAAAAAAAAAAAAAAA
AAAAAAAAAAAAAAAAAAAAAAAAAAAAAAAAAAAAAAAAAAAAAAAAAAAAAAAAAAAAAAAAAAAAAAAAAAAA
AAAAAAAAAAAAAAAAAAAAAAAAAAAAAAAAAAAAAAAAAAAAAAAAAAAAAAAAAAAAAAAAAAAAAAAAAAAA
AAAAAAAAAAAAAAAAAAAAAAAAAAAAAAAAAAAAAAAAAAAAAAAAAAAAAAAAAAAAAAAAAAAAAAAAAAAA
AAAAAAAAAAAAAAAAAAAAAAAAAAAAAAAAAAAAAAAAAAAAAAAAAAAAAAAAAAAAAAAAAAAAAAAAAAAA
AAAAAAAAAAAAAAAAAAAAAAAAAAAAAAAAAAAAAAAAAAAAAAAAAAAAAAAAAAAAAAAAAAAAAAAAAAAA
AAAAAAAAAAAAAAAAAAAAAAAAAAAAAAAAAAAAAAAAAAAAAAAAAAAAAAAAAAAAAAAAAAAAAAAAAAAA
AAAAAAAAAAAAAAAAAAAAAAAAAAAAAAAAAAAAAAAAAAAAAAAAAAAAAAAAAAAAAAAAAAAAAAAAAAAA
AAAAAAAAAAAAAAAAAAAAAAAAAAAAAAAAAAAAAAAAAAAAAAAAAAAAAAAAAAAAAAAAAAAAAAAAAAAA
AAAAAAAAAAAAAAAAAAAAAAAAAAAAAAAAAAAAAAAAAAAAAAAAAAAAAAAAAAAAAAAAAAAAAAAAAAAA
AAAAAAAAAAAAAAAAAAAAAAAAAAAAAAAAAAAAAAAAAAAAAAAAAAAAAAAAAAAAAAAAAAAAAAAAAAAA
AAAAAAAAAAAAAAAAAAAAAAAAAAAAAAAAAAAAAAAAAAAAAAAAAAAAAAAAAAAAAAAAAAAAAAAAAAAA
AAAAAAAAAAAAAAAAAAAAAAAAAAAAAAAAAAAAAAAAAAAAAAAAAAAAAAAAAAAAAAAAAAAAAAAAAAAA
AAAAAAAAAAAAAAAAAAAAAAAAAAAAAAAAAAAAAAAAAAAAAAAAAAAAAAAAAAAAAAAAAAAAAAAAAAAA
AAAAAAAAAAAAAAAAAAAAAAAAAAAAAAAAAAAAAAAAAAAAAAAAAAAAAAAAAAAAAAAAAAAAAAAAAAAA
AAAAAAAAAAAAAAAAAAAAAAAAAAAAAAAAAAAAAAAAAAAAAAAAAAAAAAAAAAAAAAAAAAAAAAAAAAAA
AAAAAAAAAAAAAAAAAAAAAAAAAAAAAAAAAAAAAAAAAAAAAAAAAAAAAAAAAAAAAAAAAAAAAAAAAAAA
AAAAAAAAAAAAAAAAAAAAAAAAAAAAAAAAAAAAAAAAAAAAAAAAAAAAAAAAAAAAAAAAAAAAAAAAAAAA
AAAAAAAAAAAAAAAAAAAAAAAAAAAAAAAAAAAAAAAAAAAAAAAAAAAAAAAAAAAAAAAAAAAAAAAAAAAA
AAAAAAAAAAAAAAAAAAAAAAAAAAAAAAAAAAAAAAAAAAAAAAAAAAAAAAAAAAAAAAAAAAAAAAAAAAAA
AAAAAAAAAAAAAAAAAAAAAAAAAAAAAAAAAAAAAAAAAAAAAAAAAAAAAAAAAAAAAAAAAAAAAAAAAAAA
AAAAAAAAAAAAAAAAAAAAAAAAAAAAAAAAAAAAAAAAAAAAAAAAAAAAAAAAAAAAAAAAAAAAAAAAAAAA
AAAAAAAAAAAAAAAAAAAAAAAAAAAAAAAAAAAAAAAAAAAAAAAAAAAAAAAAAAAAAAAAAAAAAAAAAAAA
AAAAAAAAAAAAAAAAAAAAAAAAAAAAAAAAAAAAAAAAAAAAAAAAAAAAAAAAAAAAAAAAAAAAAAAAAAAA
AAAAAAAAAAAAAAAAAAAAAAAAAAAAAAAAAAAAAAAAAAAAAAAAAAAAAAAAAAAAAAAAAAAAAAAAAAAA
AAAAAAAAAAAAAAAAAAAAAAAAAAAAAAAAAAAAAAAAAAAAAAAAAAAAAAAAAAAAAAAAAAAAAAAAAAAA
AAAAAAAAAAAAAAAAAAAAAAAAAAAAAAAAAAAAAAAAAAAAAAAAAAAAAAAAAAAAAAAAAAAAAAAAAAAA
AAAAAAAAAAAAAAAAAAAAAAAAAAAAAAAAAAAAAAAAAAAAAAAAAAAAAAAAAAAAAAAAAAAAAAAAAAAA
AAAAAAAAAAAAAAAAAAAAAAAAAAAAAAAAAAAAAAAAAAAAAAAAAAAAAAAAAAAAAAAAAAAAAAAAAAAA
AAAAAAAAAAAAAAAAAAAAAAAAAAAAAAAAAAAAAAAAAAAAAAAAAAAAAAAAAAAAAAAAAAAAAAAAAAAA
AAAAAAAAAAAAAAAAAAAAAAAAAAAAAAAAAAAAAAAAAAAAAAAAAAAAAAAAAAAAAAAAAAAAAAAAAAAA
AAAAAAAAAAAAAAAAAAAAAAAAAAAAAAAAAAAAAAAAAAAAAAAAAAAAAAAAAAAAAAAAAAAAAAAAAAAA
AAAAAAAAAAAAAAAAAAAAAAAAAAAAAAAAAAAAAAAAAAAAAAAAAAAAAAAAAAAAAAAAAAAAAAAAAAAA
AAAAAAAAAAAAAAAAAAAAAAAAAAAAAAAAAAAAAAAAAAAAAAAAAAAAAAAAAAAAAAAAAAAAAAAAAAAA
AAAAAAAAAAAAAAAAAAAAAAAAAAAAAAAAAAAAAAAAAAAAAAAAAAAAAAAAAAAAAAAAAAAAAAAAAAAA
AAAAAAAAAAAAAAAAAAAAAAAAAAAAAAAAAAAAAAAAAAAAAAAAAAAAAAAAAAAAAAAAAAAAAAAAAAAA
AAAAAAAAAAAAAAAAAAAAAAAAAAAAAAAAAAAAAAAAAAAAAAAAAAAAAAAAAAAAAAAAAAAAAAAAAAAA
AAAAAAAAAAAAAAAAAAAAAAAAAAAAAAAAAAAAAAAAAAAAAAAAAAAAAAAAAAAAAAAAAAAAAAAAAAAA
AAAAAAAAAAAAAAAAAAAAAAAAAAAAAAAAAAAAAAAAAAAAAAAAAAAAAAAAAAAAAAAAAAAAAAAAAAAA
AAAAAAAAAAAAAAAAAAAAAAAAAAAAAAAAAAAAAAAAAAAAAAAAAAAAAAAAAAAAAAAAAAAAAAAAAAAA
AAAAAAAAAAAAAAAAAAAAAAAAAAAAAAAAAAAAAAAAAAAAAAAAAAAAAAAAAAAAAAAAAAAAAAAAAAAA
AAAAAAAAAAAAAAAAAAAAAAAAAAAAAAAAAAAAAAAAAAAAAAAAAAAAAAAAAAAAAAAAAAAAAAAAAAAA
AAAAAAAAAAAAAAAAAAAAAAAAAAAAAAAAAAAAAAAAAAAAAAAAAAAAAAAAAAAAAAAAAAAAAAAAAAAA
AAAAAAAAAAAAAAAAAAAAAAAAAAAAAAAAAAAAAAAAAAAAAAAAAAAAAAAAAAAAAAAAAAAAAAAAAAAA
AAAAAAAAAAAAAAAAAAAAAAAAAAAAAAAAAAAAAAAAAAAAAAAAAAAAAAAAAAAAAAAAAAAAAAAAAAAA
AAAAAAAAAAAAAAAAAAAAAAAAAAAAAAAAAAAAAAAAAAAAAAAAAAAAAAAAAAAAAAAAAAAAAAAAAAAA
AAAAAAAAAAAAAAAAAAAAAAAAAAAAAAAAAAAAAAAAAAAAAAAAAAAAAAAAAAAAAAAAAAAAAAAAAAAA
AAAAAAAAAAAAAAAAAAAAAAAAAAAAAAAAAAAAAAAAAAAAAAAAAAAAAAAAAAAAAAAAAAAAAAAAAAAA
AAAAAAAAAAAAAAAAAAAAAAAAAAAAAAAAAAAAAAAAAAAAAAAAAAAAAAAAAAAAAAAAAAAAAAAAAAAA
AAAAAAAAAAAAAAAAAAAAAAAAAAAAAAAAAAAAAAAAAAAAAAAAAAAAAAAAAAAAAAAAAAAAAAAAAAAA
AAAAAAAAAAAAAAAAAAAAAAAAAAAAAAAAAAAAAAAAAAAAAAAAAAAAAAAAAAAAAAAAAAAAAAAAAAAA
AAAAAAAAAAAAAAAAAAAAAAAAAAAAAAAAAAAAAAAAAAAAAAAAAAAAAAAAAAAAAAAAAAAAAAAAAAAA
AAAAAAAAAAAAAAAAAAAAAAAAAAAAAAAAAAAAAAAAAAAAAAAAAAAAAAAAAAAAAAAAAAAAAAAAAAAA
AAAAAAAAAAAAAAAAAAAAAAAAAAAAAAAAAAAAAAAAAAAAAAAAAAAAAAAAAAAAAAAAAAAAAAAAAAAA
AAAAAAAAAAAAAAAAAAAAAAAAAAAAAAAAAAAAAAAAAAAAAAAAAAAAAAAAAAAAAAAAAAAAAAAAAAAA
AAAAAAAAAAAAAAAAAAAAAAAAAAAAAAAAAAAAAAAAAAAAAAAAAAAAAAAAAAAAAAAAAAAAAAAAAAAA
AAAAAAAAAAAAAAAAAAAAAAAAAAAAAAAAAAAAAAAAAAAAAAAAAAAAAAAAAAAAAAAAAAAAAAAAAAAA
AAAAAAAAAAAAAAAAAAAAAAAAAAAAAAAAAAAAAAAAAAAAAAAAAAAAAAAAAAAAAAAAAAAAAAAAAAAA
AAAAAAAAAAAAAAAAAAAAAAAAAAAAAAAAAAAAAAAAAAAAAAAAAAAAAAAAAAAAAAAAAAAAAAAAAAAA
AAAAAAAAAAAAAAAAAAAAAAAAAAAAAAAAAAAAAAAAAAAAAAAAAAAAAAAAAAAAAAAAAAAAAAAAAAAA
AAAAAAAAAAAAAAAAAAAAAAAAAAAAAAAAAAAAAAAAAAAAAAAAAAAAAAAAAAAAAAAAAAAAAAAAAAAA
AAAAAAAAAAAAAAAAAAAAAAAAAAAAAAAAAAAAAAAAAAAAAAAAAAAAAAAAAAAAAAAAAAAAAAAAAAAA
AAAAAAAAAAAAAAAAAAAAAAAAAAAAAAAAAAAAAAAAAAAAAAAAAAAAAAAAAAAAAAAAAAAAAAAAAAAA
AAAAAAAAAAAAAAAAAAAAAAAAAAAAAAAAAAAAAAAAAAAAAAAAAAAAAAAAAAAAAAAAAAAAAAAAAAAA
AAAAAAAAAAAAAAAAAAAAAAAAAAAAAAAAAAAAAAAAAAAAAAAAAAAAAAAAAAAAAAAAAAAAAAAAAAAA
AAAAAAAAAAAAAAAAAAAAAAAAAAAAAAAAAAAAAAAAAAAAAAAAAAAAAAAAAAAAAAAAAAAAAAAAAAAA
AAAAAAAAAAAAAAAAAAAAAAAAAAAAAAAAAAAAAAAAAAAAAAAAAAAAAAAAAAAAAAAAAAAAAAAAAAAA
AAAAAAAAAAAAAAAAAAAAAAAAAAAAAAAAAAAAAAAAAAAAAAAAAAAAAAAAAAAAAAAAAAAAAAAAAAAA
AAAAAAAAAAAAAAAAAAAAAAAAAAAAAAAAAAAAAAAAAAAAAAAAAAAAAAAAAAAAAAAAAAAAAAAAAAAA
AAAAAAAAAAAAAAAAAAAAAAAAAAAAAAAAAAAAAAAAAAAAAAAAAAAAAAAAAAAAAAAAAAAAAAAAAAAA
AAAAAAAAAAAAAAAAAAAAAAAAAAAAAAAAAAAAAAAAAAAAAAAAAAAAAAAAAAAAAAAAAAAAAAAAAAAA
AAAAAAAAAAAAAAAAAAAAAAAAAAAAAAAAAAAAAAAAAAAAAAAAAAAAAAAAAAAAAAAAAAAAAAAAAAAA
AAAAAAAAAAAAAAAAAAAAAAAAAAAAAAAAAAAAAAAAAAAAAAAAAAAAAAAAAAAAAAAAAAAAAAAAAAAA
AAAAAAAAAAAAAAAAAAAAAAAAAAAAAAAAAAAAAAAAAAAAAAAAAAAAAAAAAAAAAAAAAAAAAAAAAAAA
AAAAAAAAAAAAAAAAAAAAAAAAAAAAAAAAAAAAAAAAAAAAAAAAAAAAAAAAAAAAAAAAAAAAAAAAAAAA
AAAAAAAAAAAAAAAAAAAAAAAAAAAAAAAAAAAAAAAAAAAAAAAAAAAAAAAAAAAAAAAAAAAAAAAAAAAA
AAAAAAAAAAAAAAAAAAAAAAAAAAAAAAAAAAAAAAAAAAAAAAAAAAAAAAAAAAAAAAAAAAAAAAAAAAAA
AAAAAAAAAAAAAAAAAAAAAAAAAAAAAAAAAAAAAAAAAAAAAAAAAAAAAAAAAAAAAAAAAAAAAAAAAAAA
AAAAAAAAAAAAAAAAAAAAAAAAAAAAAAAAAAAAAAAAAAAAAAAAAAAAAAAAAAAAAAAAAAAAAAAAAAAA
AAAAAAAAAAAAAAAAAAAAAAAAAAAAAAAAAAAAAAAAAAAAAAAAAAAAAAAAAAAAAAAAAAAAAAAAAAAA
AAAAAAAAAAAAAAAAAAAAAAAAAAAAAAAAAAAAAAAAAAAAAAAAAAAAAAAAAAAAAAAAAAAAAAAAAAAA
AAAAAAAAAAAAAAAAAAAAAAAAAAAAAAAAAAAAAAAAAAAAAAAAAAAAAAAAAAAAAAAAAAAAAAAAAAAA
AAAAAAAAAAAAAAAAAAAAAAAAAAAAAAAAAAAAAAAAAAAAAAAAAAAAAAAAAAAAAAAAAAAAAAAAAAAA
AAAAAAAAAAAAAAAAAAAAAAAAAAAAAAAAAAAAAAAAAAAAAAAAAAAAAAAAAAAAAAAAAAAAAAAAAAAA
AAAAAAAAAAAAAAAAAAAAAAAAAAAAAAAAAAAAAAAAAAAAAAAAAAAAAAAAAAAAAAAAAAAAAAAAAAAA
AAAAAAAAAAAAAAAAAAAAAAAAAAAAAAAAAAAAAAAAAAAAAAAAAAAAAAAAAAAAAAAAAAAAAAAAAAAA
AAAAAAAAAAAAAAAAAAAAAAAAAAAAAAAAAAAAAAAAAAAAAAAAAAAAAAAAAAAAAAAAAAAAAAAAAAAA
AAAAAAAAAAAAAAAAAAAAAAAAAAAAAAAAAAAAAAAAAAAAAAAAAAAAAAAAAAAAAAAAAAAAAAAAAAAA
AAAAAAAAAAAAAAAAAAAAAAAAAAAAAAAAAAAAAAAAAAAAAAAAAAAAAAAAAAAAAAAAAAAAAAAAAAAA
AAAAAAAAAAAAAAAAAAAAAAAAAAAAAAAAAAAAAAAAAAAAAAAAAAAAAAAAAAAAAAAAAAAAAAAAAAAA
AAAAAAAAAAAAAAAAAAAAAAAAAAAAAAAAAAAAAAAAAAAAAAAAAAAAAAAAAAAAAAAAAAAAAAAAAAAA
AAAAAAAAAAAAAAAAAAAAAAAAAAAAAAAAAAAAAAAAAAAAAAAAAAAAAAAAAAAAAAAAAAAAAAAAAAAA
AAAAAAAAAAAAAAAAAAAAAAAAAAAAAAAAAAAAAAAAAAAAAAAAAAAAAAAAAAAAAAAAAAAAAAAAAAAA
AAAAAAAAAAAAAAAAAAAAAAAAAAAAAAAAAAAAAAAAAAAAAAAAAAAAAAAAAAAAAAAAAAAAAAAAAAAA
AAAAAAAAAAAAAAAAAAAAAAAAAAAAAAAAAAAAAAAAAAAAAAAAAAAAAAAAAAAAAAAAAAAAAAAAAAAA
AAAAAAAAAAAAAAAAAAAAAAAAAAAAAAAAAAAAAAAAAAAAAAAAAAAAAAAAAAAAAAAAAAAAAAAAAAAA
AAAAAAAAAAAAAAAAAAAAAAAAAAAAAAAAAAAAAAAAAAAAAAAAAAAAAAAAAAAAAAAAAAAAAAAAAAAA
AAAAAAAAAAAAAAAAAAAAAAAAAAAAAAAAAAAAAAAAAAAAAAAAAAAAAAAAAAAAAAAAAAAAAAAAAAAA
AAAAAAAAAAAAAAAAAAAAAAAAAAAAAAAAAAAAAAAAAAAAAAAAAAAAAAAAAAAAAAAAAAAAAAAAAAAA
AAAAAAAAAAAAAAAAAAAAAAAAAAAAAAAAAAAAAAAAAAAAAAAAAAAAAAAAAAAAAAAAAAAAAAAAAAAA
AAAAAAAAAAAAAAAAAAAAAAAAAAAAAAAAAAAAAAAAAAAAAAAAAAAAAAAAAAAAAAAAAAAAAAAAAAAA
AAAAAAAAAAAAAAAAAAAAAAAAAAAAAAAAAAAAAAAAAAAAAAAAAAAAAAAAAAAAAAAAAAAAAAAAAAAA
AAAAAAAAAAAAAAAAAAAAAAAAAAAAAAAAAAAAAAAAAAAAAAAAAAAAAAAAAAAAAAAAAAAAAAAAAAAA
AAAAAAAAAAAAAAAAAAAAAAAAAAAAAAAAAAAAAAAAAAAAAAAAAAAAAAAAAAAAAAAAAAAAAAAAAAAA
AAAAAAAAAAAAAAAAAAAAAAAAAAAAAAAAAAAAAAAAAAAAAAAAAAAAAAAAAAAAAAAAAAAAAAAAAAAA
AAAAAAAAAAAAAAAAAAAAAAAAAAAAAAAAAAAAAAAAAAAAAAAAAAAAAAAAAAAAAAAAAAAAAAAAAAAA
AAAAAAAAAAAAAAAAAAAAAAAAAAAAAAAAAAAAAAAAAAAAAAAAAAAAAAAAAAAAAAAAAAAAAAAAAAAA
AAAAAAAAAAAAAAAAAAAAAAAAAAAAAAAAAAAAAAAAAAAAAAAAAAAAAAAAAAAAAAAAAAAAAAAAAAAA
AAAAAAAAAAAAAAAAAAAAAAAAAAAAAAAAAAAAAAAAAAAAAAAAAAAAAAAAAAAAAAAAAAAAAAAAAAAA
AAAAAAAAAAAAAAAAAAAAAAAAAAAAAAAAAAAAAAAAAAAAAAAAAAAAAAAAAAAAAAAAAAAAAAAAAAAA
AAAAAAAAAAAAAAAAAAAAAAAAAAAAAAAAAAAAAAAAAAAAAAAAAAAAAAAAAAAAAAAAAAAAAAAAAAAA
AAAAAAAAAAAAAAAAAAAAAAAAAAAAAAAAAAAAAAAAAAAAAAAAAAAAAAAAAAAAAAAAAAAAAAAAAAAA
AAAAAAAAAAAAAAAAAAAAAAAAAAAAAAAAAAAAAAAAAAAAAAAAAAAAAAAAAAAAAAAAAAAAAAAAAAAA
AAAAAAAAAAAAAAAAAAAAAAAAAAAAAAAAAAAAAAAAAAAAAAAAAAAAAAAAAAAAAAAAAAAAAAAAAAAA
AAAAAAAAAAAAAAAAAAAAAAAAAAAAAAAAAAAAAAAAAAAAAAAAAAAAAAAAAAAAAAAAAAAAAAAAAAAA
AAAAAAAAAAAAAAAAAAAAAAAAAAAAAAAAAAAAAAAAAAAAAAAAAAAAAAAAAAAAAAAAAAAAAAAAAAAA
AAAAAAAAAAAAAAAAAAAAAAAAAAAAAAAAAAAAAAAAAAAAAAAAAAAAAAAAAAAAAAAAAAAAAAAAAAAA
AAAAAAAAAAAAAAAAAAAAAAAAAAAAAAAAAAAAAAAAAAAAAAAAAAAAAAAAAAAAAAAAAAAAAAAAAAAA
AAAAAAAAAAAAAAAAAAAAAAAAAAAAAAAAAAAAAAAAAAAAAAAAAAAAAAAAAAAAAAAAAAAAAAAAAAAA
AAAAAAAAAAAAAAAAAAAAAAAAAAAAAAAAAAAAAAAAAAAAAAAAAAAAAAAAAAAAAAAAAAAAAAAAAAAA
AAAAAAAAAAAAAAAAAAAAAAAAAAAAAAAAAAAAAAAAAAAAAAAAAAAAAAAAAAAAAAAAAAAAAAAAAAAA
AAAAAAAAAAAAAAAAAAAAAAAAAAAAAAAAAAAAAAAAAAAAAAAAAAAAAAAAAAAAAAAAAAAAAAAAAAAA
AAAAAAAAAAAAAAAAAAAAAAAAAAAAAAAAAAAAAAAAAAAAAAAAAAAAAAAAAAAAAAAAAAAAAAAAAAAA
AAAAAAAAAAAAAAAAAAAAAAAAAAAAAAAAAAAAAAAAAAAAAAAAAAAAAAAAAAAAAAAAAAAAAAAAAAAA
AAAAAAAAAAAAAAAAAAAAAAAAAAAAAAAAAAAAAAAAAAAAAAAAAAAAAAAAAAAAAAAAAAAAAAAAAAAA
AAAAAAAAAAAAAAAAAAAAAAAAAAAAAAAAAAAAAAAAAAAAAAAAAAAAAAAAAAAAAAAAAAAAAAAAAAAA
AAAAAAAAAAAAAAAAAAAAAAAAAAAAAAAAAAAAAAAAAAAAAAAAAAAAAAAAAAAAAAAAAAAAAAAAAAAA
AAAAAAAAAAAAAAAAAAAAAAAAAAAAAAAAAAAAAAAAAAAAAAAAAAAAAAAAAAAAAAAAAAAAAAAAAAAA
AAAAAAAAAAAAAAAAAAAAAAAAAAAAAAAAAAAAAAAAAAAAAAAAAAAAAAAAAAAAAAAAAAAAAAAAAAAA
AAAAAAAAAAAAAAAAAAAAAAAAAAAAAAAAAAAAAAAAAAAAAAAAAAAAAAAAAAAAAAAAAAAAAAAAAAAA
AAAAAAAAAAAAAAAAAAAAAAAAAAAAAAAAAAAAAAAAAAAAAAAAAAAAAAAAAAAAAAAAAAAAAAAAAAAA
AAAAAAAAAAAAAAAAAAAAAAAAAAAAAAAAAAAAAAAAAAAAAAAAAAAAAAAAAAAAAAAAAAAAAAAAAAAA
AAAAAAAAAAAAAAAAAAAAAAAAAAAAAAAAAAAAAAAAAAAAAAAAAAAAAAAAAAAAAAAAAAAAAAAAAAAA
AAAAAAAAAAAAAAAAAAAAAAAAAAAAAAAAAAAAAAAAAAAAAAAAAAAAAAAAAAAAAAAAAAAAAAAAAAAA
AAAAAAAAAAAAAAAAAAAAAAAAAAAAAAAAAAAAAAAAAAAAAAAAAAAAAAAAAAAAAAAAAAAAAAAAAAAA
AAAAAAAAAAAAAAAAAAAAAAAAAAAAAAAAAAAAAAAAAAAAAAAAAAAAAAAAAAAAAAAAAAAAAAAAAAAA
AAAAAAAAAAAAAAAAAAAAAAAAAAAAAAAAAAAAAAAAAAAAAAAAAAAAAAAAAAAAAAAAAAAAAAAAAAAA
AAAAAAAAAAAAAAAAAAAAAAAAAAAAAAAAAAAAAAAAAAAAAAAAAAAAAAAAAAAAAAAAAAAAAAAAAAAA
AAAAAAAAAAAAAAAAAAAAAAAAAAAAAAAAAAAAAAAAAAAAAAAAAAAAAAAAAAAAAAAAAAAAAAAAAAAA
AAAAAAAAAAAAAAAAAAAAAAAAAAAAAAAAAAAAAAAAAAAAAAAAAAAAAAAAAAAAAAAAAAAAAAAAAAAA
AAAAAAAAAAAAAAAAAAAAAAAAAAAAAAAAAAAAAAAAAAAAAAAAAAAAAAAAAAAAAAAAAAAAAAAAAAAA
AAAAAAAAAAAAAAAAAAAAAAAAAAAAAAAAAAAAAAAAAAAAAAAAAAAAAAAAAAAAAAAAAAAAAAAAAAAA
AAAAAAAAAAAAAAAAAAAAAAAAAAAAAAAAAAAAAAAAAAAAAAAAAAAAAAAAAAAAAAAAAAAAAAAAAAAA
AAAAAAAAAAAAAAAAAAAAAAAAAAAAAAAAAAAAAAAAAAAAAAAAAAAAAAAAAAAAAAAAAAAAAAAAAAAA
AAAAAAAAAAAAAAAAAAAAAAAAAAAAAAAAAAAAAAAAAAAAAAAAAAAAAAAAAAAAAAAAAAAAAAAAAAAA
AAAAAAAAAAAAAAAAAAAAAAAAAAAAAAAAAAAAAAAAAAAAAAAAAAAAAAAAAAAAAAAAAAAAAAAAAAAA
AAAAAAAAAAAAAAAAAAAAAAAAAAAAAAAAAAAAAAAAAAAAAAAAAAAAAAAAAAAAAAAAAAAAAAAAAAAA
AAAAAAAAAAAAAAAAAAAAAAAAAAAAAAAAAAAAAAAAAAAAAAAAAAAAAAAAAAAAAAAAAAAAAAAAAAAA
AAAAAAAAAAAAAAAAAAAAAAAAAAAAAAAAAAAAAAAAAAAAAAAAAAAAAAAAAAAAAAAAAAAAAAAAAAAA
AAAAAAAAAAAAAAAAAAAAAAAAAAAAAAAAAAAAAAAAAAAAAAAAAAAAAAAAAAAAAAAAAAAAAAAAAAAA
AAAAAAAAAAAAAAAAAAAAAAAAAAAAAAAAAAAAAAAAAAAAAAAAAAAAAAAAAAAAAAAAAAAAAAAAAAAA
AAAAAAAAAAAAAAAAAAAAAAAAAAAAAAAAAAAAAAAAAAAAAAAAAAAAAAAAAAAAAAAAAAAAAAAAAAAA
AAAAAAAAAAAAAAAAAAAAAAAAAAAAAAAAAAAAAAAAAAAAAAAAAAAAAAAAAAAAAAAAAAAAAAAAAAAA
AAAAAAAAAAAAAAAAAAAAAAAAAAAAAAAAAAAAAAAAAAAAAAAAAAAAAAAAAAAAAAAAAAAAAAAAAAAA
AAAAAAAAAAAAAAAAAAAAAAAAAAAAAAAAAAAAAAAAAAAAAAAAAAAAAAAAAAAAAAAAAAAAAAAAAAAA
AAAAAAAAAAAAAAAAAAAAAAAAAAAAAAAAAAAAAAAAAAAAAAAAAAAAAAAAAAAAAAAAAAAAAAAAAAAA
AAAAAAAAAAAAAAAAAAAAAAAAAAAAAAAAAAAAAAAAAAAAAAAAAAAAAAAAAAAAAAAAAAAAAAAAAAAA
AAAAAAAAAAAAAAAAAAAAAAAAAAAAAAAAAAAAAAAAAAAAAAAAAAAAAAAAAAAAAAAAAAAAAAAAAAAA
AAAAAAAAAAAAAAAAAAAAAAAAAAAAAAAAAAAAAAAAAAAAAAAAAAAAAAAAAAAAAAAAAAAAAAAAAAAA
AAAAAAAAAAAAAAAAAAAAAAAAAAAAAAAAAAAAAAAAAAAAAAAAAAAAAAAAAAAAAAAAAAAAAAAAAAAA
AAAAAAAAAAAAAAAAAAAAAAAAAAAAAAAAAAAAAAAAAAAAAAAAAAAAAAAAAAAAAAAAAAAAAAAAAAAA
AAAAAAAAAAAAAAAAAAAAAAAAAAAAAAAAAAAAAAAAAAAAAAAAAAAAAAAAAAAAAAAAAAAAAAAAAAAA
AAAAAAAAAAAAAAAAAAAAAAAAAAAAAAAAAAAAAAAAAAAAAAAAAAAAAAAAAAAAAAAAAAAAAAAAAAAA
AAAAAAAAAAAAAAAAAAAAAAAAAAAAAAAAAAAAAAAAAAAAAAAAAAAAAAAAAAAAAAAAAAAAAAAAAAAA
AAAAAAAAAAAAAAAAAAAAAAAAAAAAAAAAAAAAAAAAAAAAAAAAAAAAAAAAAAAAAAAAAAAAAAAAAAAA
AAAAAAAAAAAAAAAAAAAAAAAAAAAAAAAAAAAAAAAAAAAAAAAAAAAAAAAAAAAAAAAAAAAAAAAAAAAA
AAAAAAAAAAAAAAAAAAAAAAAAAAAAAAAAAAAAAAAAAAAAAAAAAAAAAAAAAAAAAAAAAAAAAAAAAAAA
AAAAAAAAAAAAAAAAAAAAAAAAAAAAAAAAAAAAAAAAAAAAAAAAAAAAAAAAAAAAAAAAAAAAAAAAAAAA
AAAAAAAAAAAAAAAAAAAAAAAAAAAAAAAAAAAAAAAAAAAAAAAAAAAAAAAAAAAAAAAAAAAAAAAAAAAA
AAAAAAAAAAAAAAAAAAAAAAAAAAAAAAAAAAAAAAAAAAAAAAAAAAAAAAAAAAAAAAAAAAAAAAAAAAAA
AAAAAAAAAAAAAAAAAAAAAAAAAAAAAAAAAAAAAAAAAAAAAAAAAAAAAAAAAAAAAAAAAAAAAAAAAAAA
AAAAAAAAAAAAAAAAAAAAAAAAAAAAAAAAAAAAAAAAAAAAAAAAAAAAAAAAAAAAAAAAAAAAAAAAAAAA
AAAAAAAAAAAAAAAAAAAAAAAAAAAAAAAAAAAAAAAAAAAAAAAAAAAAAAAAAAAAAAAAAAAAAAAAAAAA
AAAAAAAAAAAAAAAAAAAAAAAAAAAAAAAAAAAAAAAAAAAAAAAAAAAAAAAAAAAAAAAAAAAAAAAAAAAA
AAAAAAAAAAAAAAAAAAAAAAAAAAAAAAAAAAAAAAAAAAAAAAAAAAAAAAAAAAAAAAAAAAAAAAAAAAAA
AAAAAAAAAAAAAAAAAAAAAAAAAAAAAAAAAAAAAAAAAAAAAAAAAAAAAAAAAAAAAAAAAAAAAAAAAAAA
AAAAAAAAAAAAAAAAAAAAAAAAAAAAAAAAAAAAAAAAAAAAAAAAAAAAAAAAAAAAAAAAAAAAAAAAAAAA
AAAAAAAAAAAAAAAAAAAAAAAAAAAAAAAAAAAAAAAAAAAAAAAAAAAAAAAAAAAAAAAAAAAAAAAAAAAA
AAAAAAAAAAAAAAAAAAAAAAAAAAAAAAAAAAAAAAAAAAAAAAAAAAAAAAAAAAAAAAAAAAAAAAAAAAAA
AAAAAAAAAAAAAAAAAAAAAAAAAAAAAAAAAAAAAAAAAAAAAAAAAAAAAAAAAAAAAAAAAAAAAAAAAAAA
AAAAAAAAAAAAAAAAAAAAAAAAAAAAAAAAAAAAAAAAAAAAAAAAAAAAAAAAAAAAAAAAAAAAAAAAAAAA
AAAAAAAAAAAAAAAAAAAAAAAAAAAAAAAAAAAAAAAAAAAAAAAAAAAAAAAAAAAAAAAAAAAAAAAAAAAA
AAAAAAAAAAAAAAAAAAAAAAAAAAAAAAAAAAAAAAAAAAAAAAAAAAAAAAAAAAAAAAAAAAAAAAAAAAAA
AAAAAAAAAAAAAAAAAAAAAAAAAAAAAAAAAAAAAAAAAAAAAAAAAAAAAAAAAAAAAAAAAAAAAAAAAAAA
AAAAAAAAAAAAAAAAAAAAAAAAAAAAAAAAAAAAAAAAAAAAAAAAAAAAAAAAAAAAAAAAAAAAAAAAAAAA
AAAAAAAAAAAAAAAAAAAAAAAAAAAAAAAAAAAAAAAAAAAAAAAAAAAAAAAAAAAAAAAAAAAAAAAAAAAA
AAAAAAAAAAAAAAAAAAAAAAAAAAAAAAAAAAAAAAAAAAAAAAAAAAAAAAAAAAAAAAAAAAAAAAAAAAAA
AAAAAAAAAAAAAAAAAAAAAAAAAAAAAAAAAAAAAAAAAAAAAAAAAAAAAAAAAAAAAAAAAAAAAAAAAAAA
AAAAAAAAAAAAAAAAAAAAAAAAAAAAAAAAAAAAAAAAAAAAAAAAAAAAAAAAAAAAAAAAAAAAAAAAAAAA
AAAAAAAAAAAAAAAAAAAAAAAAAAAAAAAAAAAAAAAAAAAAAAAAAAAAAAAAAAAAAAAAAAAAAAAAAAAA
AAAAAAAAAAAAAAAAAAAAAAAAAAAAAAAAAAAAAAAAAAAAAAAAAAAAAAAAAAAAAAAAAAAAAAAAAAAA
AAAAAAAAAAAAAAAAAAAAAAAAAAAAAAAAAAAAAAAAAAAAAAAAAAAAAAAAAAAAAAAAAAAAAAAAAAAA
AAAAAAAAAAAAAAAAAAAAAAAAAAAAAAAAAAAAAAAAAAAAAAAAAAAAAAAAAAAAAAAAAAAAAAAAAAAA
AAAAAAAAAAAAAAAAAAAAAAAAAAAAAAAAAAAAAAAAAAAAAAAAAAAAAAAAAAAAAAAAAAAAAAAAAAAA
AAAAAAAAAAAAAAAAAAAAAAAAAAAAAAAAAAAAAAAAAAAAAAAAAAAAAAAAAAAAAAAAAAAAAAAAAAAA
AAAAAAAAAAAAAAAAAAAAAAAAAAAAAAAAAAAAAAAAAAAAAAAAAAAAAAAAAAAAAAAAAAAAAAAAAAAA
AAAAAAAAAAAAAAAAAAAAAAAAAAAAAAAAAAAAAAAAAAAAAAAAAAAAAAAAAAAAAAAAAAAAAAAAAAAA
AAAAAAAAAAAAAAAAAAAAAAAAAAAAAAAAAAAAAAAAAAAAAAAAAAAAAAAAAAAAAAAAAAAAAAAAAAAA
AAAAAAAAAAAAAAAAAAAAAAAAAAAAAAAAAAAAAAAAAAAAAAAAAAAAAAAAAAAAAAAAAAAAAAAAAAAA
AAAAAAAAAAAAAAAAAAAAAAAAAAAAAAAAAAAAAAAAAAAAAAAAAAAAAAAAAAAAAAAAAAAAAAAAAAAA
AAAAAAAAAAAAAAAAAAAAAAAAAAAAAAAAAAAAAAAAAAAAAAAAAAAAAAAAAAAAAAAAAAAAAAAAAAAA
AAAAAAAAAAAAAAAAAAAAAAAAAAAAAAAAAAAAAAAAAAAAAAAAAAAAAAAAAAAAAAAAAAAAAAAAAAAA
AAAAAAAAAAAAAAAAAAAAAAAAAAAAAAAAAAAAAAAAAAAAAAAAAAAAAAAAAAAAAAAAAAAAAAAAAAAA
AAAAAAAAAAAAAAAAAAAAAAAAAAAAAAAAAAAAAAAAAAAAAAAAAAAAAAAAAAAAAAAAAAAAAAAAAAAA
AAAAAAAAAAAAAAAAAAAAAAAAAAAAAAAAAAAAAAAAAAAAAAAAAAAAAAAAAAAAAAAAAAAAAAAAAAAA
AAAAAAAAAAAAAAAAAAAAAAAAAAAAAAAAAAAAAAAAAAAAAAAAAAAAAAAAAAAAAAAAAAAAAAAAAAAA
AAAAAAAAAAAAAAAAAAAAAAAAAAAAAAAAAAAAAAAAAAAAAAAAAAAAAAAAAAAAAAAAAAAAAAAAAAAA
AAAAAAAAAAAAAAAAAAAAAAAAAAAAAAAAAAAAAAAAAAAAAAAAAAAAAAAAAAAAAAAAAAAAAAAAAAAA
AAAAAAAAAAAAAAAAAAAAAAAAAAAAAAAAAAAAAAAAAAAAAAAAAAAAAAAAAAAAAAAAAAAAAAAAAAAA
AAAAAAAAAAAAAAAAAAAAAAAAAAAAAAAAAAAAAAAAAAAAAAAAAAAAAAAAAAAAAAAAAAAAAAAAAAAA
AAAAAAAAAAAAAAAAAAAAAAAAAAAAAAAAAAAAAAAAAAAAAAAAAAAAAAAAAAAAAAAAAAAAAAAAAAAA
AAAAAAAAAAAAAAAAAAAAAAAAAAAAAAAAAAAAAAAAAAAAAAAAAAAAAAAAAAAAAAAAAAAAAAAAAAAA
AAAAAAAAAAAAAAAAAAAAAAAAAAAAAAAAAAAAAAAAAAAAAAAAAAAAAAAAAAAAAAAAAAAAAAAAAAAA
AAAAAAAAAAAAAAAAAAAAAAAAAAAAAAAAAAAAAAAAAAAAAAAAAAAAAAAAAAAAAAAAAAAAAAAAAAAA
AAAAAAAAAAAAAAAAAAAAAAAAAAAAAAAAAAAAAAAAAAAAAAAAAAAAAAAAAAAAAAAAAAAAAAAAAAAA
AAAAAAAAAAAAAAAAAAAAAAAAAAAAAAAAAAAAAAAAAAAAAAAAAAAAAAAAAAAAAAAAAAAAAAAAAAAA
AAAAAAAAAAAAAAAAAAAAAAAAAAAAAAAAAAAAAAAAAAAAAAAAAAAAAAAAAAAAAAAAAAAAAAAAAAAA
AAAAAAAAAAAAAAAAAAAAAAAAAAAAAAAAAAAAAAAAAAAAAAAAAAAAAAAAAAAAAAAAAAAAAAAAAAAA
AAAAAAAAAAAAAAAAAAAAAAAAAAAAAAAAAAAAAAAAAAAAAAAAAAAAAAAAAAAAAAAAAAAAAAAAAAAA
AAAAAAAAAAAAAAAAAAAAAAAAAAAAAAAAAAAAAAAAAAAAAAAAAAAAAAAAAAAAAAAAAAAAAAAAAAAA
AAAAAAAAAAAAAAAAAAAAAAAAAAAAAAAAAAAAAAAAAAAAAAAAAAAAAAAAAAAAAAAAAAAAAAAAAAAA
AAAAAAAAAAAAAAAAAAAAAAAAAAAAAAAAAAAAAAAAAAAAAAAAAAAAAAAAAAAAAAAAAAAAAAAAAAAA
AAAAAAAAAAAAAAAAAAAAAAAAAAAAAAAAAAAAAAAAAAAAAAAAAAAAAAAAAAAAAAAAAAAAAAAAAAAA
AAAAAAAAAAAAAAAAAAAAAAAAAAAAAAAAAAAAAAAAAAAAAAAAAAAAAAAAAAAAAAAAAAAAAAAAAAAA
AAAAAAAAAAAAAAAAAAAAAAAAAAAAAAAAAAAAAAAAAAAAAAAAAAAAAAAAAAAAAAAAAAAAAAAAAAAA
AAAAAAAAAAAAAAAAAAAAAAAAAAAAAAAAAAAAAAAAAAAAAAAAAAAAAAAAAAAAAAAAAAAAAAAAAAAA
AAAAAAAAAAAAAAAAAAAAAAAAAAAAAAAAAAAAAAAAAAAAAAAAAAAAAAAAAAAAAAAAAAAAAAAAAAAA
AAAAAAAAAAAAAAAAAAAAAAAAAAAAAAAAAAAAAAAAAAAAAAAAAAAAAAAAAAAAAAAAAAAAAAAAAAAA
AAAAAAAAAAAAAAAAAAAAAAAAAAAAAAAAAAAAAAAAAAAAAAAAAAAAAAAAAAAAAAAAAAAAAAAAAAAA
AAAAAAAAAAAAAAAAAAAAAAAAAAAAAAAAAAAAAAAAAAAAAAAAAAAAAAAAAAAAAAAAAAAAAAAAAAAA
AAAAAAAAAAAAAAAAAAAAAAAAAAAAAAAAAAAAAAAAAAAAAAAAAAAAAAAAAAAAAAAAAAAAAAAAAAAA
AAAAAAAAAAAAAAAAAAAAAAAAAAAAAAAAAAAAAAAAAAAAAAAAAAAAAAAAAAAAAAAAAAAAAAAAAAAA
AAAAAAAAAAAAAAAAAAAAAAAAAAAAAAAAAAAAAAAAAAAAAAAAAAAAAAAAAAAAAAAAAAAAAAAAAAAA
AAAAAAAAAAAAAAAAAAAAAAAAAAAAAAAAAAAAAAAAAAAAAAAAAAAAAAAAAAAAAAAAAAAAAAAAAAAA
AAAAAAAAAAAAAAAAAAAAAAAAAAAAAAAAAAAAAAAAAAAAAAAAAAAAAAAAAAAAAAAAAAAAAAAAAAAA
AAAAAAAAAAAAAAAAAAAAAAAAAAAAAAAAAAAAAAAAAAAAAAAAAAAAAAAAAAAAAAAAAAAAAAAAAAAA
AAAAAAAAAAAAAAAAAAAAAAAAAAAAAAAAAAAAAAAAAAAAAAAAAAAAAAAAAAAAAAAAAAAAAAAAAAAA
AAAAAAAAAAAAAAAAAAAAAAAAAAAAAAAAAAAAAAAAAAAAAAAAAAAAAAAAAAAAAAAAAAAAAAAAAAAA
AAAAAAAAAAAAAAAAAAAAAAAAAAAAAAAAAAAAAAAAAAAAAAAAAAAAAAAAAAAAAAAAAAAAAAAAAAAA
AAAAAAAAAAAAAAAAAAAAAAAAAAAAAAAAAAAAAAAAAAAAAAAAAAAAAAAAAAAAAAAAAAAAAAAAAAAA
AAAAAAAAAAAAAAAAAAAAAAAAAAAAAAAAAAAAAAAAAAAAAAAAAAAAAAAAAAAAAAAAAAAAAAAAAAAA
AAAAAAAAAAAAAAAAAAAAAAAAAAAAAAAAAAAAAAAAAAAAAAAAAAAAAAAAAAAAAAAAAAAAAAAAAAAA
AAAAAAAAAAAAAAAAAAAAAAAAAAAAAAAAAAAAAAAAAAAAAAAAAAAAAAAAAAAAAAAAAAAAAAAAAAAA
AAAAAAAAAAAAAAAAAAAAAAAAAAAAAAAAAAAAAAAAAAAAAAAAAAAAAAAAAAAAAAAAAAAAAAAAAAAA
AAAAAAAAAAAAAAAAAAAAAAAAAAAAAAAAAAAAAAAAAAAAAAAAAAAAAAAAAAAAAAAAAAAAAAAAAAAA
AAAAAAAAAAAAAAAAAAAAAAAAAAAAAAAAAAAAAAAAAAAAAAAAAAAAAAAAAAAAAAAAAAAAAAAAAAAA
AAAAAAAAAAAAAAAAAAAAAAAAAAAAAAAAAAAAAAAAAAAAAAAAAAAAAAAAAAAAAAAAAAAAAAAAAAAA
AAAAAAAAAAAAAAAAAAAAAAAAAAAAAAAAAAAAAAAAAAAAAAAAAAAAAAAAAAAAAAAAAAAAAAAAAAAA
AAAAAAAAAAAAAAAAAAAAAAAAAAAAAAAAAAAAAAAAAAAAAAAAAAAAAAAAAAAAAAAAAAAAAAAAAAAA
AAAAAAAAAAAAAAAAAAAAAAAAAAAAAAAAAAAAAAAAAAAAAAAAAAAAAAAAAAAAAAAAAAAAAAAAAAAA
AAAAAAAAAAAAAAAAAAAAAAAAAAAAAAAAAAAAAAAAAAAAAAAAAAAAAAAAAAAAAAAAAAAAAAAAAAAA
AAAAAAAAAAAAAAAAAAAAAAAAAAAAAAAAAAAAAAAAAAAAAAAAAAAAAAAAAAAAAAAAAAAAAAAAAAAA
AAAAAAAAAAAAAAAAAAAAAAAAAAAAAAAAAAAAAAAAAAAAAAAAAAAAAAAAAAAAAAAAAAAAAAAAAAAA
AAAAAAAAAAAAAAAAAAAAAAAAAAAAAAAAAAAAAAAAAAAAAAAAAAAAAAAAAAAAAAAAAAAAAAAAAAAA
AAAAAAAAAAAAAAAAAAAAAAAAAAAAAAAAAAAAAAAAAAAAAAAAAAAAAAAAAAAAAAAAAAAAAAAAAAAA
AAAAAAAAAAAAAAAAAAAAAAAAAAAAAAAAAAAAAAAAAAAAAAAAAAAAAAAAAAAAAAAAAAAAAAAAAAAA
AAAAAAAAAAAAAAAAAAAAAAAAAAAAAAAAAAAAAAAAAAAAAAAAAAAAAAAAAAAAAAAAAAAAAAAAAAAA
AAAAAAAAAAAAAAAAAAAAAAAAAAAAAAAAAAAAAAAAAAAAAAAAAAAAAAAAAAAAAAAAAAAAAAAAAAAA
AAAAAAAAAAAAAAAAAAAAAAAAAAAAAAAAAAAAAAAAAAAAAAAAAAAAAAAAAAAAAAAAAAAAAAAAAAAA
AAAAAAAAAAAAAAAAAAAAAAAAAAAAAAAAAAAAAAAAAAAAAAAAAAAAAAAAAAAAAAAAAAAAAAAAAAAA
AAAAAAAAAAAAAAAAAAAAAAAAAAAAAAAAAAAAAAAAAAAAAAAAAAAAAAAAAAAAAAAAAAAAAAAAAAAA
AAAAAAAAAAAAAAAAAAAAAAAAAAAAAAAAAAAAAAAAAAAAAAAAAAAAAAAAAAAAAAAAAAAAAAAAAAAA
AAAAAAAAAAAAAAAAAAAAAAAAAAAAAAAAAAAAAAAAAAAAAAAAAAAAAAAAAAAAAAAAAAAAAAAAAAAA
AAAAAAAAAAAAAAAAAAAAAAAAAAAAAAAAAAAAAAAAAAAAAAAAAAAAAAAAAAAAAAAAAAAAAAAAAAAA
AAAAAAAAAAAAAAAAAAAAAAAAAAAAAAAAAAAAAAAAAAAAAAAAAAAAAAAAAAAAAAAAAAAAAAAAAAAA
AAAAAAAAAAAAAAAAAAAAAAAAAAAAAAAAAAAAAAAAAAAAAAAAAAAAAAAAAAAAAAAAAAAAAAAAAAAA
AAAAAAAAAAAAAAAAAAAAAAAAAAAAAAAAAAAAAAAAAAAAAAAAAAAAAAAAAAAAAAAAAAAAAAAAAAAA
AAAAAAAAAAAAAAAAAAAAAAAAAAAAAAAAAAAAAAAAAAAAAAAAAAAAAAAAAAAAAAAAAAAAAAAAAAAA
AAAAAAAAAAAAAAAAAAAAAAAAAAAAAAAAAAAAAAAAAAAAAAAAAAAAAAAAAAAAAAAAAAAAAAAAAAAA
AAAAAAAAAAAAAAAAAAAAAAAAAAAAAAAAAAAAAAAAAAAAAAAAAAAAAAAAAAAAAAAAAAAAAAAAAAAA
AAAAAAAAAAAAAAAAAAAAAAAAAAAAAAAAAAAAAAAAAAAAAAAAAAAAAAAAAAAAAAAAAAAAAAAAAAAA
AAAAAAAAAAAAAAAAAAAAAAAAAAAAAAAAAAAAAAAAAAAAAAAAAAAAAAAAAAAAAAAAAAAAAAAAAAAA
AAAAAAAAAAAAAAAAAAAAAAAAAAAAAAAAAAAAAAAAAAAAAAAAAAAAAAAAAAAAAAAAAAAAAAAAAAAA
AAAAAAAAAAAAAAAAAAAAAAAAAAAAAAAAAAAAAAAAAAAAAAAAAAAAAAAAAAAAAAAAAAAAAAAAAAAA
AAAAAAAAAAAAAAAAAAAAAAAAAAAAAAAAAAAAAAAAAAAAAAAAAAAAAAAAAAAAAAAAAAAAAAAAAAAA
AAAAAAAAAAAAAAAAAAAAAAAAAAAAAAAAAAAAAAAAAAAAAAAAAAAAAAAAAAAAAAAAAAAAAAAAAAAA
AAAAAAAAAAAAAAAAAAAAAAAAAAAAAAAAAAAAAAAAAAAAAAAAAAAAAAAAAAAAAAAAAAAAAAAAAAAA
AAAAAAAAAAAAAAAAAAAAAAAAAAAAAAAAAAAAAAAAAAAAAAAAAAAAAAAAAAAAAAAAAAAAAAAAAAAA
AAAAAAAAAAAAAAAAAAAAAAAAAAAAAAAAAAAAAAAAAAAAAAAAAAAAAAAAAAAAAAAAAAAAAAAAAAAA
AAAAAAAAAAAAAAAAAAAAAAAAAAAAAAAAAAAAAAAAAAAAAAAAAAAAAAAAAAAAAAAAAAAAAAAAAAAA
AAAAAAAAAAAAAAAAAAAAAAAAAAAAAAAAAAAAAAAAAAAAAAAAAAAAAAAAAAAAAAAAAAAAAAAAAAAA
AAAAAAAAAAAAAAAAAAAAAAAAAAAAAAAAAAAAAAAAAAAAAAAAAAAAAAAAAAAAAAAAAAAAAAAAAAAA
AAAAAAAAAAAAAAAAAAAAAAAAAAAAAAAAAAAAAAAAAAAAAAAAAAAAAAAAAAAAAAAAAAAAAAAAAAAA
AAAAAAAAAAAAAAAAAAAAAAAAAAAAAAAAAAAAAAAAAAAAAAAAAAAAAAAAAAAAAAAAAAAAAAAAAAAA
AAAAAAAAAAAAAAAAAAAAAAAAAAAAAAAAAAAAAAAAAAAAAAAAAAAAAAAAAAAAAAAAAAAAAAAAAAAA
AAAAAAAAAAAAAAAAAAAAAAAAAAAAAAAAAAAAAAAAAAAAAAAAAAAAAAAAAAAAAAAAAAAAAAAAAAAA
AAAAAAAAAAAAAAAAAAAAAAAAAAAAAAAAAAAAAAAAAAAAAAAAAAAAAAAAAAAAAAAAAAAAAAAAAAAA
AAAAAAAAAAAAAAAAAAAAAAAAAAAAAAAAAAAAAAAAAAAAAAAAAAAAAAAAAAAAAAAAAAAAAAAAAAAA
AAAAAAAAAAAAAAAAAAAAAAAAAAAAAAAAAAAAAAAAAAAAAAAAAAAAAAAAAAAAAAAAAAAAAAAAAAAA
AAAAAAAAAAAAAAAAAAAAAAAAAAAAAAAAAAAAAAAAAAAAAAAAAAAAAAAAAAAAAAAAAAAAAAAAAAAA
AAAAAAAAAAAAAAAAAAAAAAAAAAAAAAAAAAAAAAAAAAAAAAAAAAAAAAAAAAAAAAAAAAAAAAAAAAAA
AAAAAAAAAAAAAAAAAAAAAAAAAAAAAAAAAAAAAAAAAAAAAAAAAAAAAAAAAAAAAAAAAAAAAAAAAAAA
AAAAAAAAAAAAAAAAAAAAAAAAAAAAAAAAAAAAAAAAAAAAAAAAAAAAAAAAAAAAAAAAAAAAAAAAAAAA
AAAAAAAAAAAAAAAAAAAAAAAAAAAAAAAAAAAAAAAAAAAAAAAAAAAAAAAAAAAAAAAAAAAAAAAAAAAA
AAAAAAAAAAAAAAAAAAAAAAAAAAAAAAAAAAAAAAAAAAAAAAAAAAAAAAAAAAAAAAAAAAAAAAAAAAAA
AAAAAAAAAAAAAAAAAAAAAAAAAAAAAAAAAAAAAAAAAAAAAAAAAAAAAAAAAAAAAAAAAAAAAAAAAAAA
AAAAAAAAAAAAAAAAAAAAAAAAAAAAAAAAAAAAAAAAAAAAAAAAAAAAAAAAAAAAAAAAAAAAAAAAAAAA
AAAAAAAAAAAAAAAAAAAAAAAAAAAAAAAAAAAAAAAAAAAAAAAAAAAAAAAAAAAAAAAAAAAAAAAAAAAA
AAAAAAAAAAAAAAAAAAAAAAAAAAAAAAAAAAAAAAAAAAAAAAAAAAAAAAAAAAAAAAAAAAAAAAAAAAAA
AAAAAAAAAAAAAAAAAAAAAAAAAAAAAAAAAAAAAAAAAAAAAAAAAAAAAAAAAAAAAAAAAAAAAAAAAAAA
AAAAAAAAAAAAAAAAAAAAAAAA
false
false
false
AAAAAAAAAAAAAAAAAAAAAAAAAAAAAAAAAAAAAAAAAAAAAAAAAAAAAAAAAAAAAAAAAAAAAAAAAAAA
AAAAAAAAAAAAAAAAAAAAAAAAAAAAAAAAAAAAAAAAAAAAAAAAAAAAAAAAAAAAAAAAAAAAAAAAAAAA
AAAAAAAAAAAAAAAAAAAAAAAAAAAAAAAAAAAAAAAAAAAAAAAAAAAAAAAAAAAAAAAAAAAAAAAAAAAA
AAAAAAAAAAAAAAAAAAAAAAAAAAAAAAAAAAAAAAAAAAAAAAAAAAAAAAAAAAAAAAAAAAAAAAAAAAAA
AAAAAAAAAAAAAAAAAAAAAAAAAAAAAAAAAAAAAAAAAAAAAAAAAAAAAAAAAAAAAAAAAAAAAAAAAAAA
AAAAAAAAAAAAAAAAAAAAAAAAAAAAAAAAAAAAAAAAAAAAAAAAAAAAAAAAAAAAAAAAAAAAAAAAAAAA
AAAAAAAAAAAAAAAAAAAAAAAAAAAAAAAAAAAAAAAAAAAAAAAAAAAAAAAAAAAAAAAAAAAAAAAAAAAA
AAAAAAAAAAAAAAAAAAAAAAAAAAAAAAAAAAAAAAAAAAAAAAAAAAAAAAAAAAAAAAAAAAAAAAAAAAAA
AAAAAAAAAAAAAAAAAAAAAAAAAAAAAAAAAAAAAAAAAAAAAAAAAAAAAAAAAAAAAAAAAAAAAAAAAAAA
AAAAAAAAAAAAAAAAAAAAAAAAAAAAAAAAAAAAAAAAAAAAAAAAAAAAAAAAAAAAAAAAAAAAAAAAAAAA
AAAAAAAAAAAAAAAAAAAAAAAAAAAAAAAAAAAAAAAAAAAAAAAAAAAAAAAAAAAAAAAAAAAAAAAAAAAA
AAAAAAAAAAAAAAAAAAAAAAAAAAAAAAAAAAAAAAAAAAAAAAAAAAAAAAAAAAAAAAAAAAAAAAAAAAAA
AAAAAAAAAAAAAAAAAAAAAAAAAAAAAAAAAAAAAAAAAAAAAAAAAAAAAAAAAAAAAAAAAAAAAAAAAAAA
AAAAAAAAAAAAAAAAAAAAAAAAAAAAAAAAAAAAAAAAAAAAAAAAAAAAAAAAAAAAAAAAAAAAAAAAAAAA
AAAAAAAAAAAAAAAAAAAAAAAAAAAAAAAAAAAAAAAAAAAAAAAAAAAAAAAAAAAAAAAAAAAAAAAAAAAA
AAAAAAAAAAAAAAAAAAAAAAAAAAAAAAAAAAAAAAAAAAAAAAAAAAAAAAAAAAAAAAAAAAAAAAAAAAAA
AAAAAAAAAAAAAAAAAAAAAAAAAAAAAAAAAAAAAAAAAAAAAAAAAAAAAAAAAAAAAAAAAAAAAAAAAAAA
AAAAAAAAAAAAAAAAAAAAAAAAAAAAAAAAAAAAAAAAAAAAAAAAAAAAAAAAAAAAAAAAAAAAAAAAAAAA
AAAAAAAAAAAAAAAAAAAAAAAAAAAAAAAAAAAAAAAAAAAAAAAAAAAAAAAAAAAAAAAAAAAAAAAAAAAA
AAAAAAAAAAAAAAAAAAAAAAAAAAAAAAAAAAAAAAAAAAAAAAAAAAAAAAAAAAAAAAAAAAAAAAAAAAAA
AAAAAAAAAAAAAAAAAAAAAAAAAAAAAAAAAAAAAAAAAAAAAAAAAAAAAAAAAAAAAAAAAAAAAAAAAAAA
AAAAAAAAAAAAAAAAAAAAAAAAAAAAAAAAAAAAAAAAAAAAAAAAAAAAAAAAAAAAAAAAAAAAAAAAAAAA
AAAAAAAAAAAAAAAAAAAAAAAAAAAAAAAAAAAAAAAAAAAAAAAAAAAAAAAAAAAAAAAAAAAAAAAAAAAA
AAAAAAAAAAAAAAAAAAAAAAAAAAAAAAAAAAAAAAAAAAAAAAAAAAAAAAAAAAAAAAAAAAAAAAAAAAAA
AAAAAAAAAAAAAAAAAAAAAAAAAAAAAAAAAAAAAAAAAAAAAAAAAAAAAAAAAAAAAAAAAAAAAAAAAAAA
AAAAAAAAAAAAAAAAAAAAAAAAAAAAAAAAAAAAAAAAAAAAAAAAAAAAAAAAAAAAAAAAAAAAAAAAAAAA
AAAAAAAAAAAAAAAAAAAAAAAAAAAAAAAAAAAAAAAAAAAAAAAAAAAAAAAAAAAAAAAAAAAAAAAAAAAA
AAAAAAAAAAAAAAAAAAAAAAAAAAAAAAAAAAAAAAAAAAAAAAAAAAAAAAAAAAAAAAAAAAAAAAAAAAAA
AAAAAAAAAAAAAAAAAAAAAAAAAAAAAAAAAAAAAAAAAAAAAAAAAAAAAAAAAAAAAAAAAAAAAAAAAAAA
AAAAAAAAAAAAAAAAAAAAAAAAAAAAAAAAAAAAAAAAAAAAAAAAAAAAAAAAAAAAAAAAAAAAAAAAAAAA
AAAAAAAAAAAAAAAAAAAAAAAAAAAAAAAAAAAAAAAAAAAAAAAAAAAAAAAAAAAAAAAAAAAAAAAAAAAA
AAAAAAAAAAAAAAAAAAAAAAAAAAAAAAAAAAAAAAAAAAAAAAAAAAAAAAAAAAAAAAAAAAAAAAAAAAAA
AAAAAAAAAAAAAAAAAAAAAAAAAAAAAAAAAAAAAAAAAAAAAAAAAAAAAAAAAAAAAAAAAAAAAAAAAAAA
AAAAAAAAAAAAAAAAAAAAAAAAAAAAAAAAAAAAAAAAAAAAAAAAAAAAAAAAAAAAAAAAAAAAAAAAAAAA
AAAAAAAAAAAAAAAAAAAAAAAAAAAAAAAAAAAAAAAAAAAAAAAAAAAAAAAAAAAAAAAAAAAAAAAAAAAA
AAAAAAAAAAAAAAAAAAAAAAAAAAAAAAAAAAAAAAAAAAAAAAAAAAAAAAAAAAAAAAAAAAAAAAAAAAAA
AAAAAAAAAAAAAAAAAAAAAAAAAAAAAAAAAAAAAAAAAAAAAAAAAAAAAAAAAAAAAAAAAAAAAAAAAAAA
AAAAAAAAAAAAAAAAAAAAAAAAAAAAAAAAAAAAAAAAAAAAAAAAAAAAAAAAAAAAAAAAAAAAAAAAAAAA
AAAAAAAAAAAAAAAAAAAAAAAAAAAAAAAAAAAAAAAAAAAAAAAAAAAAAAAAAAAAAAAAAAAAAAAAAAAA
AAAAAAAAAAAAAAAAAAAAAAAAAAAAAAAAAAAAAAAAAAAAAAAAAAAAAAAAAAAAAAAAAAAAAAAAAAAA
AAAAAAAAAAAAAAAAAAAAAAAAAAAAAAAAAAAAAAAAAAAAAAAAAAAAAAAAAAAAAAAAAAAAAAAAAAAA
AAAAAAAAAAAAAAAAAAAAAAAAAAAAAAAAAAAAAAAAAAAAAAAAAAAAAAAAAAAAAAAAAAAAAAAAAAAA
AAAAAAAAAAAAAAAAAAAAAAAAAAAAAAAAAAAAAAAAAAAAAAAAAAAAAAAAAAAAAAAAAAAAAAAAAAAA
AAAAAAAAAAAAAAAAAAAAAAAAAAAAAAAAAAAAAAAAAAAAAAAAAAAAAAAAAAAAAAAAAAAAAAAAAAAA
AAAAAAAAAAAAAAAAAAAAAAAAAAAAAAAAAAAAAAAAAAAAAAAAAAAAAAAAAAAAAAAAAAAAAAAAAAAA
AAAAAAAAAAAAAAAAAAAAAAAAAAAAAAAAAAAAAAAAAAAAAAAAAAAAAAAAAAAAAAAAAAAAAAAAAAAA
AAAAAAAAAAAAAAAAAAAAAAAAAAAAAAAAAAAAAAAAAAAAAAAAAAAAAAAAAAAAAAAAAAAAAAAAAAAA
AAAAAAAAAAAAAAAAAAAAAAAAAAAAAAAAAAAAAAAAAAAAAAAAAAAAAAAAAAAAAAAAAAAAAAAAAAAA
AAAAAAAAAAAAAAAAAAAAAAAAAAAAAAAAAAAAAAAAAAAAAAAAAAAAAAAAAAAAAAAAAAAAAAAAAAAA
AAAAAAAAAAAAAAAAAAAAAAAAAAAAAAAAAAAAAAAAAAAAAAAAAAAAAAAAAAAAAAAAAAAAAAAAAAAA
AAAAAAAAAAAAAAAAAAAAAAAAAAAAAAAAAAAAAAAAAAAAAAAAAAAAAAAAAAAAAAAAAAAAAAAAAAAA
AAAAAAAAAAAAAAAAAAAAAAAAAAAAAAAAAAAAAAAAAAAAAAAAAAAAAAAAAAAAAAAAAAAAAAAAAAAA
AAAAAAAAAAAAAAAAAAAAAAAAAAAAAAAAAAAAAAAAAAAAAAAAAAAAAAAAAAAAAAAAAAAAAAAAAAAA
AAAAAAAAAAAAAAAAAAAAAAAAAAAAAAAAAAAAAAAAAAAAAAAAAAAAAAAAAAAAAAAAAAAAAAAAAAAA
AAAAAAAAAAAAAAAAAAAAAAAAAAAAAAAAAAAAAAAAAAAAAAAAAAAAAAAAAAAAAAAAAAAAAAAAAAAA
AAAAAAAAAAAAAAAAAAAAAAAAAAAAAAAAAAAAAAAAAAAAAAAAAAAAAAAAAAAAAAAAAAAAAAAAAAAA
AAAAAAAAAAAAAAAAAAAAAAAAAAAAAAAAAAAAAAAAAAAAAAAAAAAAAAAAAAAAAAAAAAAAAAAAAAAA
AAAAAAAAAAAAAAAAAAAAAAAAAAAAAAAAAAAAAAAAAAAAAAAAAAAAAAAAAAAAAAAAAAAAAAAAAAAA
AAAAAAAAAAAAAAAAAAAAAAAAAAAAAAAAAAAAAAAAAAAAAAAAAAAAAAAAAAAAAAAAAAAAAAAAAAAA
AAAAAAAAAAAAAAAAAAAAAAAAAAAAAAAAAAAAAAAAAAAAAAAAAAAAAAAAAAAAAAAAAAAAAAAAAAAA
AAAAAAAAAAAAAAAAAAAAAAAAAAAAAAAAAAAAAAAAAAAAAAAAAAAAAAAAAAAAAAAAAAAAAAAAAAAA
AAAAAAAAAAAAAAAAAAAAAAAAAAAAAAAAAAAAAAAAAAAAAAAAAAAAAAAAAAAAAAAAAAAAAAAAAAAA
AAAAAAAAAAAAAAAAAAAAAAAAAAAAAAAAAAAAAAAAAAAAAAAAAAAAAAAAAAAAAAAAAAAAAAAAAAAA
AAAAAAAAAAAAAAAAAAAAAAAAAAAAAAAAAAAAAAAAAAAAAAAAAAAAAAAAAAAAAAAAAAAAAAAAAAAA
AAAAAAAAAAAAAAAAAAAAAAAAAAAAAAAAAAAAAAAAAAAAAAAAAAAAAAAAAAAAAAAAAAAAAAAAAAAA
AAAAAAAAAAAAAAAAAAAAAAAAAAAAAAAAAAAAAAAAAAAAAAAAAAAAAAAAAAAAAAAAAAAAAAAAAAAA
AAAAAAAAAAAAAAAAAAAAAAAAAAAAAAAAAAAAAAAAAAAAAAAAAAAAAAAAAAAAAAAAAAAAAAAAAAAA
AAAAAAAAAAAAAAAAAAAAAAAAAAAAAAAAAAAAAAAAAAAAAAAAAAAAAAAAAAAAAAAAAAAAAAAAAAAA
AAAAAAAAAAAAAAAAAAAAAAAAAAAAAAAAAAAAAAAAAAAAAAAAAAAAAAAAAAAAAAAAAAAAAAAAAAAA
AAAAAAAAAAAAAAAAAAAAAAAAAAAAAAAAAAAAAAAAAAAAAAAAAAAAAAAAAAAAAAAAAAAAAAAAAAAA
AAAAAAAAAAAAAAAAAAAAAAAAAAAAAAAAAAAAAAAAAAAAAAAAAAAAAAAAAAAAAAAAAAAAAAAAAAAA
AAAAAAAAAAAAAAAAAAAAAAAAAAAAAAAAAAAAAAAAAAAAAAAAAAAAAAAAAAAAAAAAAAAAAAAAAAAA
AAAAAAAAAAAAAAAAAAAAAAAAAAAAAAAAAAAAAAAAAAAAAAAAAAAAAAAAAAAAAAAAAAAAAAAAAAAA
AAAAAAAAAAAAAAAAAAAAAAAAAAAAAAAAAAAAAAAAAAAAAAAAAAAAAAAAAAAAAAAAAAAAAAAAAAAA
AAAAAAAAAAAAAAAAAAAAAAAAAAAAAAAAAAAAAAAAAAAAAAAAAAAAAAAAAAAAAAAAAAAAAAAAAAAA
AAAAAAAAAAAAAAAAAAAAAAAAAAAAAAAAAAAAAAAAAAAAAAAAAAAAAAAAAAAAAAAAAAAAAAAAAAAA
AAAAAAAAAAAAAAAAAAAAAAAAAAAAAAAAAAAAAAAAAAAAAAAAAAAAAAAAAAAAAAAAAAAAAAAAAAAA
AAAAAAAAAAAAAAAAAAAAAAAAAAAAAAAAAAAAAAAAAAAAAAAAAAAAAAAAAAAAAAAAAAAAAAAAAAAA
AAAAAAAAAAAAAAAAAAAAAAAAAAAAAAAAAAAAAAAAAAAAAAAAAAAAAAAAAAAAAAAAAAAAAAAAAAAA
AAAAAAAAAAAAAAAAAAAAAAAAAAAAAAAAAAAAAAAAAAAAAAAAAAAAAAAAAAAAAAAAAAAAAAAAAAAA
AAAAAAAAAAAAAAAAAAAAAAAAAAAAAAAAAAAAAAAAAAAAAAAAAAAAAAAAAAAAAAAAAAAAAAAAAAAA
AAAAAAAAAAAAAAAAAAAAAAAAAAAAAAAAAAAAAAAAAAAAAAAAAAAAAAAAAAAAAAAAAAAAAAAAAAAA
AAAAAAAAAAAAAAAAAAAAAAAAAAAAAAAAAAAAAAAAAAAAAAAAAAAAAAAAAAAAAAAAAAAAAAAAAAAA
AAAAAAAAAAAAAAAAAAAAAAAAAAAAAAAAAAAAAAAAAAAAAAAAAAAAAAAAAAAAAAAAAAAAAAAAAAAA
AAAAAAAAAAAAAAAAAAAAAAAAAAAAAAAAAAAAAAAAAAAAAAAAAAAAAAAAAAAAAAAAAAAAAAAAAAAA
AAAAAAAAAAAAAAAAAAAAAAAAAAAAAAAAAAAAAAAAAAAAAAAAAAAAAAAAAAAAAAAAAAAAAAAAAAAA
AAAAAAAAAAAAAAAAAAAAAAAAAAAAAAAAAAAAAAAAAAAAAAAAAAAAAAAAAAAAAAAAAAAAAAAAAAAA
AAAAAAAAAAAAAAAAAAAAAAAAAAAAAAAAAAAAAAAAAAAAAAAAAAAAAAAAAAAAAAAAAAAAAAAAAAAA
AAAAAAAAAAAAAAAAAAAAAAAAAAAAAAAAAAAAAAAAAAAAAAAAAAAAAAAAAAAAAAAAAAAAAAAAAAAA
AAAAAAAAAAAAAAAAAAAAAAAAAAAAAAAAAAAAAAAAAAAAAAAAAAAAAAAAAAAAAAAAAAAAAAAAAAAA
AAAAAAAAAAAAAAAAAAAAAAAAAAAAAAAAAAAAAAAAAAAAAAAAAAAAAAAAAAAAAAAAAAAAAAAAAAAA
AAAAAAAAAAAAAAAAAAAAAAAAAAAAAAAAAAAAAAAAAAAAAAAAAAAAAAAAAAAAAAAAAAAAAAAAAAAA
AAAAAAAAAAAAAAAAAAAAAAAAAAAAAAAAAAAAAAAAAAAAAAAAAAAAAAAAAAAAAAAAAAAAAAAAAAAA
AAAAAAAAAAAAAAAAAAAAAAAAAAAAAAAAAAAAAAAAAAAAAAAAAAAAAAAAAAAAAAAAAAAAAAAAAAAA
AAAAAAAAAAAAAAAAAAAAAAAAAAAAAAAAAAAAAAAAAAAAAAAAAAAAAAAAAAAAAAAAAAAAAAAAAAAA
AAAAAAAAAAAAAAAAAAAAAAAAAAAAAAAAAAAAAAAAAAAAAAAAAAAAAAAAAAAAAAAAAAAAAAAAAAAA
AAAAAAAAAAAAAAAAAAAAAAAAAAAAAAAAAAAAAAAAAAAAAAAAAAAAAAAAAAAAAAAAAAAAAAAAAAAA
AAAAAAAAAAAAAAAAAAAAAAAAAAAAAAAAAAAAAAAAAAAAAAAAAAAAAAAAAAAAAAAAAAAAAAAAAAAA
AAAAAAAAAAAAAAAAAAAAAAAAAAAAAAAAAAAAAAAAAAAAAAAAAAAAAAAAAAAAAAAAAAAAAAAAAAAA
AAAAAAAAAAAAAAAAAAAAAAAAAAAAAAAAAAAAAAAAAAAAAAAAAAAAAAAAAAAAAAAAAAAAAAAAAAAA
AAAAAAAAAAAAAAAAAAAAAAAAAAAAAAAAAAAAAAAAAAAAAAAAAAAAAAAAAAAAAAAAAAAAAAAAAAAA
AAAAAAAAAAAAAAAAAAAAAAAAAAAAAAAAAAAAAAAAAAAAAAAAAAAAAAAAAAAAAAAAAAAAAAAAAAAA
AAAAAAAAAAAAAAAAAAAAAAAAAAAAAAAAAAAAAAAAAAAAAAAAAAAAAAAAAAAAAAAAAAAAAAAAAAAA
AAAAAAAAAAAAAAAAAAAAAAAAAAAAAAAAAAAAAAAAAAAAAAAAAAAAAAAAAAAAAAAAAAAAAAAAAAAA
AAAAAAAAAAAAAAAAAAAAAAAAAAAAAAAAAAAAAAAAAAAAAAAAAAAAAAAAAAAAAAAAAAAAAAAAAAAA
AAAAAAAAAAAAAAAAAAAAAAAAAAAAAAAAAAAAAAAAAAAAAAAAAAAAAAAAAAAAAAAAAAAAAAAAAAAA
AAAAAAAAAAAAAAAAAAAAAAAAAAAAAAAAAAAAAAAAAAAAAAAAAAAAAAAAAAAAAAAAAAAAAAAAAAAA
AAAAAAAAAAAAAAAAAAAAAAAAAAAAAAAAAAAAAAAAAAAAAAAAAAAAAAAAAAAAAAAAAAAAAAAAAAAA
AAAAAAAAAAAAAAAAAAAAAAAAAAAAAAAAAAAAAAAAAAAAAAAAAAAAAAAAAAAAAAAAAAAAAAAAAAAA
AAAAAAAAAAAAAAAAAAAAAAAAAAAAAAAAAAAAAAAAAAAAAAAAAAAAAAAAAAAAAAAAAAAAAAAAAAAA
AAAAAAAAAAAAAAAAAAAAAAAAAAAAAAAAAAAAAAAAAAAAAAAAAAAAAAAAAAAAAAAAAAAAAAAAAAAA
AAAAAAAAAAAAAAAAAAAAAAAAAAAAAAAAAAAAAAAAAAAAAAAAAAAAAAAAAAAAAAAAAAAAAAAAAAAA
AAAAAAAAAAAAAAAAAAAAAAAAAAAAAAAAAAAAAAAAAAAAAAAAAAAAAAAAAAAAAAAAAAAAAAAAAAAA
AAAAAAAAAAAAAAAAAAAAAAAAAAAAAAAAAAAAAAAAAAAAAAAAAAAAAAAAAAAAAAAAAAAAAAAAAAAA
AAAAAAAAAAAAAAAAAAAAAAAAAAAAAAAAAAAAAAAAAAAAAAAAAAAAAAAAAAAAAAAAAAAAAAAAAAAA
AAAAAAAAAAAAAAAAAAAAAAAAAAAAAAAAAAAAAAAAAAAAAAAAAAAAAAAAAAAAAAAAAAAAAAAAAAAA
AAAAAAAAAAAAAAAAAAAAAAAAAAAAAAAAAAAAAAAAAAAAAAAAAAAAAAAAAAAAAAAAAAAAAAAAAAAA
AAAAAAAAAAAAAAAAAAAAAAAAAAAAAAAAAAAAAAAAAAAAAAAAAAAAAAAAAAAAAAAAAAAAAAAAAAAA
AAAAAAAAAAAAAAAAAAAAAAAAAAAAAAAAAAAAAAAAAAAAAAAAAAAAAAAAAAAAAAAAAAAAAAAAAAAA
AAAAAAAAAAAAAAAAAAAAAAAAAAAAAAAAAAAAAAAAAAAAAAAAAAAAAAAAAAAAAAAAAAAAAAAAAAAA
AAAAAAAAAAAAAAAAAAAAAAAAAAAAAAAAAAAAAAAAAAAAAAAAAAAAAAAAAAAAAAAAAAAAAAAAAAAA
AAAAAAAAAAAAAAAAAAAAAAAAAAAAAAAAAAAAAAAAAAAAAAAAAAAAAAAAAAAAAAAAAAAAAAAAAAAA
AAAAAAAAAAAAAAAAAAAAAAAAAAAAAAAAAAAAAAAAAAAAAAAAAAAAAAAAAAAAAAAAAAAAAAAAAAAA
AAAAAAAAAAAAAAAAAAAAAAAAAAAAAAAAAAAAAAAAAAAAAAAAAAAAAAAAAAAAAAAAAAAAAAAAAAAA
AAAAAAAAAAAAAAAAAAAAAAAAAAAAAAAAAAAAAAAAAAAAAAAAAAAAAAAAAAAAAAAAAAAAAAAAAAAA
AAAAAAAAAAAAAAAAAAAAAAAAAAAAAAAAAAAAAAAAAAAAAAAAAAAAAAAAAAAAAAAAAAAAAAAAAAAA
AAAAAAAAAAAAAAAAAAAAAAAAAAAAAAAAAAAAAAAAAAAAAAAAAAAAAAAAAAAAAAAAAAAAAAAAAAAA
AAAAAAAAAAAAAAAAAAAAAAAAAAAAAAAAAAAAAAAAAAAAAAAAAAAAAAAAAAAAAAAAAAAAAAAAAAAA
AAAAAAAAAAAAAAAAAAAAAAAAAAAAAAAAAAAAAAAAAAAAAAAAAAAAAAAAAAAAAAAAAAAAAAAAAAAA
AAAAAAAAAAAAAAAAAAAAAAAAAAAAAAAAAAAAAAAAAAAAAAAAAAAAAAAAAAAAAAAAAAAAAAAAAAAA
AAAAAAAAAAAAAAAAAAAAAAAAAAAAAAAAAAAAAAAAAAAAAAAAAAAAAAAAAAAAAAAAAAAAAAAAAAAA
AAAAAAAAAAAAAAAAAAAAAAAAAAAAAAAAAAAAAAAAAAAAAAAAAAAAAAAAAAAAAAAAAAAAAAAAAAAA
AAAAAAAAAAAAAAAAAAAAAAAAAAAAAAAAAAAAAAAAAAAAAAAAAAAAAAAAAAAAAAAAAAAAAAAAAAAA
AAAAAAAAAAAAAAAAAAAAAAAAAAAAAAAAAAAAAAAAAAAAAAAAAAAAAAAAAAAAAAAAAAAAAAAAAAAA
AAAAAAAAAAAAAAAAAAAAAAAAAAAAAAAAAAAAAAAAAAAAAAAAAAAAAAAAAAAAAAAAAAAAAAAAAAAA
AAAAAAAAAAAAAAAAAAAAAAAAAAAAAAAAAAAAAAAAAAAAAAAAAAAAAAAAAAAAAAAAAAAAAAAAAAAA
AAAAAAAAAAAAAAAAAAAAAAAAAAAAAAAAAAAAAAAAAAAAAAAAAAAAAAAAAAAAAAAAAAAAAAAAAAAA
AAAAAAAAAAAAAAAAAAAAAAAAAAAAAAAAAAAAAAAAAAAAAAAAAAAAAAAAAAAAAAAAAAAAAAAAAAAA
AAAAAAAAAAAAAAAAAAAAAAAAAAAAAAAAAAAAAAAAAAAAAAAAAAAAAAAAAAAAAAAAAAAAAAAAAAAA
AAAAAAAAAAAAAAAAAAAAAAAAAAAAAAAAAAAAAAAAAAAAAAAAAAAAAAAAAAAAAAAAAAAAAAAAAAAA
AAAAAAAAAAAAAAAAAAAAAAAAAAAAAAAAAAAAAAAAAAAAAAAAAAAAAAAAAAAAAAAAAAAAAAAAAAAA
AAAAAAAAAAAAAAAAAAAAAAAAAAAAAAAAAAAAAAAAAAAAAAAAAAAAAAAAAAAAAAAAAAAAAAAAAAAA
AAAAAAAAAAAAAAAAAAAAAAAAAAAAAAAAAAAAAAAAAAAAAAAAAAAAAAAAAAAAAAAAAAAAAAAAAAAA
AAAAAAAAAAAAAAAAAAAAAAAAAAAAAAAAAAAAAAAAAAAAAAAAAAAAAAAAAAAAAAAAAAAAAAAAAAAA
AAAAAAAAAAAAAAAAAAAAAAAAAAAAAAAAAAAAAAAAAAAAAAAAAAAAAAAAAAAAAAAAAAAAAAAAAAAA
AAAAAAAAAAAAAAAAAAAAAAAAAAAAAAAAAAAAAAAAAAAAAAAAAAAAAAAAAAAAAAAAAAAAAAAAAAAA
AAAAAAAAAAAAAAAAAAAAAAAAAAAAAAAAAAAAAAAAAAAAAAAAAAAAAAAAAAAAAAAAAAAAAAAAAAAA
AAAAAAAAAAAAAAAAAAAAAAAAAAAAAAAAAAAAAAAAAAAAAAAAAAAAAAAAAAAAAAAAAAAAAAAAAAAA
AAAAAAAAAAAAAAAAAAAAAAAAAAAAAAAAAAAAAAAAAAAAAAAAAAAAAAAAAAAAAAAAAAAAAAAAAAAA
AAAAAAAAAAAAAAAAAAAAAAAAAAAAAAAAAAAAAAAAAAAAAAAAAAAAAAAAAAAAAAAAAAAAAAAAAAAA
AAAAAAAAAAAAAAAAAAAAAAAAAAAAAAAAAAAAAAAAAAAAAAAAAAAAAAAAAAAAAAAAAAAAAAAAAAAA
AAAAAAAAAAAAAAAAAAAAAAAAAAAAAAAAAAAAAAAAAAAAAAAAAAAAAAAAAAAAAAAAAAAAAAAAAAAA
AAAAAAAAAAAAAAAAAAAAAAAAAAAAAAAAAAAAAAAAAAAAAAAAAAAAAAAAAAAAAAAAAAAAAAAAAAAA
AAAAAAAAAAAAAAAAAAAAAAAAAAAAAAAAAAAAAAAAAAAAAAAAAAAAAAAAAAAAAAAAAAAAAAAAAAAA
AAAAAAAAAAAAAAAAAAAAAAAAAAAAAAAAAAAAAAAAAAAAAAAAAAAAAAAAAAAAAAAAAAAAAAAAAAAA
AAAAAAAAAAAAAAAAAAAAAAAAAAAAAAAAAAAAAAAAAAAAAAAAAAAAAAAAAAAAAAAAAAAAAAAAAAAA
AAAAAAAAAAAAAAAAAAAAAAAAAAAAAAAAAAAAAAAAAAAAAAAAAAAAAAAAAAAAAAAAAAAAAAAAAAAA
AAAAAAAAAAAAAAAAAAAAAAAAAAAAAAAAAAAAAAAAAAAAAAAAAAAAAAAAAAAAAAAAAAAAAAAAAAAA
AAAAAAAAAAAAAAAAAAAAAAAAAAAAAAAAAAAAAAAAAAAAAAAAAAAAAAAAAAAAAAAAAAAAAAAAAAAA
AAAAAAAAAAAAAAAAAAAAAAAAAAAAAAAAAAAAAAAAAAAAAAAAAAAAAAAAAAAAAAAAAAAAAAAAAAAA
AAAAAAAAAAAAAAAAAAAAAAAAAAAAAAAAAAAAAAAAAAAAAAAAAAAAAAAAAAAAAAAAAAAAAAAAAAAA
AAAAAAAAAAAAAAAAAAAAAAAAAAAAAAAAAAAAAAAAAAAAAAAAAAAAAAAAAAAAAAAAAAAAAAAAAAAA
AAAAAAAAAAAAAAAAAAAAAAAAAAAAAAAAAAAAAAAAAAAAAAAAAAAAAAAAAAAAAAAAAAAAAAAAAAAA
AAAAAAAAAAAAAAAAAAAAAAAAAAAAAAAAAAAAAAAAAAAAAAAAAAAAAAAAAAAAAAAAAAAAAAAAAAAA
AAAAAAAAAAAAAAAAAAAAAAAAAAAAAAAAAAAAAAAAAAAAAAAAAAAAAAAAAAAAAAAAAAAAAAAAAAAA
AAAAAAAAAAAAAAAAAAAAAAAAAAAAAAAAAAAAAAAAAAAAAAAAAAAAAAAAAAAAAAAAAAAAAAAAAAAA
AAAAAAAAAAAAAAAAAAAAAAAAAAAAAAAAAAAAAAAAAAAAAAAAAAAAAAAAAAAAAAAAAAAAAAAAAAAA
AAAAAAAAAAAAAAAAAAAAAAAAAAAAAAAAAAAAAAAAAAAAAAAAAAAAAAAAAAAAAAAAAAAAAAAAAAAA
AAAAAAAAAAAAAAAAAAAAAAAAAAAAAAAAAAAAAAAAAAAAAAAAAAAAAAAAAAAAAAAAAAAAAAAAAAAA
AAAAAAAAAAAAAAAAAAAAAAAAAAAAAAAAAAAAAAAAAAAAAAAAAAAAAAAAAAAAAAAAAAAAAAAAAAAA
AAAAAAAAAAAAAAAAAAAAAAAAAAAAAAAAAAAAAAAAAAAAAAAAAAAAAAAAAAAAAAAAAAAAAAAAAAAA
AAAAAAAAAAAAAAAAAAAAAAAAAAAAAAAAAAAAAAAAAAAAAAAAAAAAAAAAAAAAAAAAAAAAAAAAAAAA
AAAAAAAAAAAAAAAAAAAAAAAAAAAAAAAAAAAAAAAAAAAAAAAAAAAAAAAAAAAAAAAAAAAAAAAAAAAA
AAAAAAAAAAAAAAAAAAAAAAAAAAAAAAAAAAAAAAAAAAAAAAAAAAAAAAAAAAAAAAAAAAAAAAAAAAAA
AAAAAAAAAAAAAAAAAAAAAAAAAAAAAAAAAAAAAAAAAAAAAAAAAAAAAAAAAAAAAAAAAAAAAAAAAAAA
AAAAAAAAAAAAAAAAAAAAAAAAAAAAAAAAAAAAAAAAAAAAAAAAAAAAAAAAAAAAAAAAAAAAAAAAAAAA
AAAAAAAAAAAAAAAAAAAAAAAAAAAAAAAAAAAAAAAAAAAAAAAAAAAAAAAAAAAAAAAAAAAAAAAAAAAA
AAAAAAAAAAAAAAAAAAAAAAAAAAAAAAAAAAAAAAAAAAAAAAAAAAAAAAAAAAAAAAAAAAAAAAAAAAAA
AAAAAAAAAAAAAAAAAAAAAAAAAAAAAAAAAAAAAAAAAAAAAAAAAAAAAAAAAAAAAAAAAAAAAAAAAAAA
AAAAAAAAAAAAAAAAAAAAAAAAAAAAAAAAAAAAAAAAAAAAAAAAAAAAAAAAAAAAAAAAAAAAAAAAAAAA
AAAAAAAAAAAAAAAAAAAAAAAAAAAAAAAAAAAAAAAAAAAAAAAAAAAAAAAAAAAAAAAAAAAAAAAAAAAA
AAAAAAAAAAAAAAAAAAAAAAAAAAAAAAAAAAAAAAAAAAAAAAAAAAAAAAAAAAAAAAAAAAAAAAAAAAAA
AAAAAAAAAAAAAAAAAAAAAAAAAAAAAAAAAAAAAAAAAAAAAAAAAAAAAAAAAAAAAAAAAAAAAAAAAAAA
AAAAAAAAAAAAAAAAAAAAAAAAAAAAAAAAAAAAAAAAAAAAAAAAAAAAAAAAAAAAAAAAAAAAAAAAAAAA
AAAAAAAAAAAAAAAAAAAAAAAAAAAAAAAAAAAAAAAAAAAAAAAAAAAAAAAAAAAAAAAAAAAAAAAAAAAA
AAAAAAAAAAAAAAAAAAAAAAAAAAAAAAAAAAAAAAAAAAAAAAAAAAAAAAAAAAAAAAAAAAAAAAAAAAAA
AAAAAAAAAAAAAAAAAAAAAAAAAAAAAAAAAAAAAAAAAAAAAAAAAAAAAAAAAAAAAAAAAAAAAAAAAAAA
AAAAAAAAAAAAAAAAAAAAAAAAAAAAAAAAAAAAAAAAAAAAAAAAAAAAAAAAAAAAAAAAAAAAAAAAAAAA
AAAAAAAAAAAAAAAAAAAAAAAAAAAAAAAAAAAAAAAAAAAAAAAAAAAAAAAAAAAAAAAAAAAAAAAAAAAA
AAAAAAAAAAAAAAAAAAAAAAAAAAAAAAAAAAAAAAAAAAAAAAAAAAAAAAAAAAAAAAAAAAAAAAAAAAAA
AAAAAAAAAAAAAAAAAAAAAAAAAAAAAAAAAAAAAAAAAAAAAAAAAAAAAAAAAAAAAAAAAAAAAAAAAAAA
AAAAAAAAAAAAAAAAAAAAAAAAAAAAAAAAAAAAAAAAAAAAAAAAAAAAAAAAAAAAAAAAAAAAAAAAAAAA
AAAAAAAAAAAAAAAAAAAAAAAAAAAAAAAAAAAAAAAAAAAAAAAAAAAAAAAAAAAAAAAAAAAAAAAAAAAA
AAAAAAAAAAAAAAAAAAAAAAAAAAAAAAAAAAAAAAAAAAAAAAAAAAAAAAAAAAAAAAAAAAAAAAAAAAAA
AAAAAAAAAAAAAAAAAAAAAAAAAAAAAAAAAAAAAAAAAAAAAAAAAAAAAAAAAAAAAAAAAAAAAAAAAAAA
AAAAAAAAAAAAAAAAAAAAAAAAAAAAAAAAAAAAAAAAAAAAAAAAAAAAAAAAAAAAAAAAAAAAAAAAAAAA
AAAAAAAAAAAAAAAAAAAAAAAAAAAAAAAAAAAAAAAAAAAAAAAAAAAAAAAAAAAAAAAAAAAAAAAAAAAA
AAAAAAAAAAAAAAAAAAAAAAAAAAAAAAAAAAAAAAAAAAAAAAAAAAAAAAAAAAAAAAAAAAAAAAAAAAAA
AAAAAAAAAAAAAAAAAAAAAAAAAAAAAAAAAAAAAAAAAAAAAAAAAAAAAAAAAAAAAAAAAAAAAAAAAAAA
AAAAAAAAAAAAAAAAAAAAAAAAAAAAAAAAAAAAAAAAAAAAAAAAAAAAAAAAAAAAAAAAAAAAAAAAAAAA
AAAAAAAAAAAAAAAAAAAAAAAAAAAAAAAAAAAAAAAAAAAAAAAAAAAAAAAAAAAAAAAAAAAAAAAAAAAA
AAAAAAAAAAAAAAAAAAAAAAAAAAAAAAAAAAAAAAAAAAAAAAAAAAAAAAAAAAAAAAAAAAAAAAAAAAAA
AAAAAAAAAAAAAAAAAAAAAAAAAAAAAAAAAAAAAAAAAAAAAAAAAAAAAAAAAAAAAAAAAAAAAAAAAAAA
AAAAAAAAAAAAAAAAAAAAAAAAAAAAAAAAAAAAAAAAAAAAAAAAAAAAAAAAAAAAAAAAAAAAAAAAAAAA
AAAAAAAAAAAAAAAAAAAAAAAAAAAAAAAAAAAAAAAAAAAAAAAAAAAAAAAAAAAAAAAAAAAAAAAAAAAA
AAAAAAAAAAAAAAAAAAAAAAAAAAAAAAAAAAAAAAAAAAAAAAAAAAAAAAAAAAAAAAAAAAAAAAAAAAAA
AAAAAAAAAAAAAAAAAAAAAAAAAAAAAAAAAAAAAAAAAAAAAAAAAAAAAAAAAAAAAAAAAAAAAAAAAAAA
AAAAAAAAAAAAAAAAAAAAAAAAAAAAAAAAAAAAAAAAAAAAAAAAAAAAAAAAAAAAAAAAAAAAAAAAAAAA
AAAAAAAAAAAAAAAAAAAAAAAAAAAAAAAAAAAAAAAAAAAAAAAAAAAAAAAAAAAAAAAAAAAAAAAAAAAA
AAAAAAAAAAAAAAAAAAAAAAAAAAAAAAAAAAAAAAAAAAAAAAAAAAAAAAAAAAAAAAAAAAAAAAAAAAAA
AAAAAAAAAAAAAAAAAAAAAAAAAAAAAAAAAAAAAAAAAAAAAAAAAAAAAAAAAAAAAAAAAAAAAAAAAAAA
AAAAAAAAAAAAAAAAAAAAAAAAAAAAAAAAAAAAAAAAAAAAAAAAAAAAAAAAAAAAAAAAAAAAAAAAAAAA
AAAAAAAAAAAAAAAAAAAAAAAAAAAAAAAAAAAAAAAAAAAAAAAAAAAAAAAAAAAAAAAAAAAAAAAAAAAA
AAAAAAAAAAAAAAAAAAAAAAAAAAAAAAAAAAAAAAAAAAAAAAAAAAAAAAAAAAAAAAAAAAAAAAAAAAAA
AAAAAAAAAAAAAAAAAAAAAAAAAAAAAAAAAAAAAAAAAAAAAAAAAAAAAAAAAAAAAAAAAAAAAAAAAAAA
AAAAAAAAAAAAAAAAAAAAAAAAAAAAAAAAAAAAAAAAAAAAAAAAAAAAAAAAAAAAAAAAAAAAAAAAAAAA
AAAAAAAAAAAAAAAAAAAAAAAAAAAAAAAAAAAAAAAAAAAAAAAAAAAAAAAAAAAAAAAAAAAAAAAAAAAA
AAAAAAAAAAAAAAAAAAAAAAAAAAAAAAAAAAAAAAAAAAAAAAAAAAAAAAAAAAAAAAAAAAAAAAAAAAAA
AAAAAAAAAAAAAAAAAAAAAAAAAAAAAAAAAAAAAAAAAAAAAAAAAAAAAAAAAAAAAAAAAAAAAAAAAAAA
AAAAAAAAAAAAAAAAAAAAAAAAAAAAAAAAAAAAAAAAAAAAAAAAAAAAAAAAAAAAAAAAAAAAAAAAAAAA
AAAAAAAAAAAAAAAAAAAAAAAAAAAAAAAAAAAAAAAAAAAAAAAAAAAAAAAAAAAAAAAAAAAAAAAAAAAA
AAAAAAAAAAAAAAAAAAAAAAAAAAAAAAAAAAAAAAAAAAAAAAAAAAAAAAAAAAAAAAAAAAAAAAAAAAAA
AAAAAAAAAAAAAAAAAAAAAAAAAAAAAAAAAAAAAAAAAAAAAAAAAAAAAAAAAAAAAAAAAAAAAAAAAAAA
AAAAAAAAAAAAAAAAAAAAAAAAAAAAAAAAAAAAAAAAAAAAAAAAAAAAAAAAAAAAAAAAAAAAAAAAAAAA
AAAAAAAAAAAAAAAAAAAAAAAAAAAAAAAAAAAAAAAAAAAAAAAAAAAAAAAAAAAAAAAAAAAAAAAAAAAA
AAAAAAAAAAAAAAAAAAAAAAAAAAAAAAAAAAAAAAAAAAAAAAAAAAAAAAAAAAAAAAAAAAAAAAAAAAAA
AAAAAAAAAAAAAAAAAAAAAAAAAAAAAAAAAAAAAAAAAAAAAAAAAAAAAAAAAAAAAAAAAAAAAAAAAAAA
AAAAAAAAAAAAAAAAAAAAAAAAAAAAAAAAAAAAAAAAAAAAAAAAAAAAAAAAAAAAAAAAAAAAAAAAAAAA
AAAAAAAAAAAAAAAAAAAAAAAAAAAAAAAAAAAAAAAAAAAAAAAAAAAAAAAAAAAAAAAAAAAAAAAAAAAA
AAAAAAAAAAAAAAAAAAAAAAAAAAAAAAAAAAAAAAAAAAAAAAAAAAAAAAAAAAAAAAAAAAAAAAAAAAAA
AAAAAAAAAAAAAAAAAAAAAAAAAAAAAAAAAAAAAAAAAAAAAAAAAAAAAAAAAAAAAAAAAAAAAAAAAAAA
AAAAAAAAAAAAAAAAAAAAAAAAAAAAAAAAAAAAAAAAAAAAAAAAAAAAAAAAAAAAAAAAAAAAAAAAAAAA
AAAAAAAAAAAAAAAAAAAAAAAAAAAAAAAAAAAAAAAAAAAAAAAAAAAAAAAAAAAAAAAAAAAAAAAAAAAA
AAAAAAAAAAAAAAAAAAAAAAAAAAAAAAAAAAAAAAAAAAAAAAAAAAAAAAAAAAAAAAAAAAAAAAAAAAAA
AAAAAAAAAAAAAAAAAAAAAAAAAAAAAAAAAAAAAAAAAAAAAAAAAAAAAAAAAAAAAAAAAAAAAAAAAAAA
AAAAAAAAAAAAAAAAAAAAAAAAAAAAAAAAAAAAAAAAAAAAAAAAAAAAAAAAAAAAAAAAAAAAAAAAAAAA
AAAAAAAAAAAAAAAAAAAAAAAAAAAAAAAAAAAAAAAAAAAAAAAAAAAAAAAAAAAAAAAAAAAAAAAAAAAA
AAAAAAAAAAAAAAAAAAAAAAAAAAAAAAAAAAAAAAAAAAAAAAAAAAAAAAAAAAAAAAAAAAAAAAAAAAAA
AAAAAAAAAAAAAAAAAAAAAAAAAAAAAAAAAAAAAAAAAAAAAAAAAAAAAAAAAAAAAAAAAAAAAAAAAAAA
AAAAAAAAAAAAAAAAAAAAAAAAAAAAAAAAAAAAAAAAAAAAAAAAAAAAAAAAAAAAAAAAAAAAAAAAAAAA
AAAAAAAAAAAAAAAAAAAAAAAAAAAAAAAAAAAAAAAAAAAAAAAAAAAAAAAAAAAAAAAAAAAAAAAAAAAA
AAAAAAAAAAAAAAAAAAAAAAAAAAAAAAAAAAAAAAAAAAAAAAAAAAAAAAAAAAAAAAAAAAAAAAAAAAAA
AAAAAAAAAAAAAAAAAAAAAAAAAAAAAAAAAAAAAAAAAAAAAAAAAAAAAAAAAAAAAAAAAAAAAAAAAAAA
AAAAAAAAAAAAAAAAAAAAAAAAAAAAAAAAAAAAAAAAAAAAAAAAAAAAAAAAAAAAAAAAAAAAAAAAAAAA
AAAAAAAAAAAAAAAAAAAAAAAAAAAAAAAAAAAAAAAAAAAAAAAAAAAAAAAAAAAAAAAAAAAAAAAAAAAA
AAAAAAAAAAAAAAAAAAAAAAAAAAAAAAAAAAAAAAAAAAAAAAAAAAAAAAAAAAAAAAAAAAAAAAAAAAAA
AAAAAAAAAAAAAAAAAAAAAAAAAAAAAAAAAAAAAAAAAAAAAAAAAAAAAAAAAAAAAAAAAAAAAAAAAAAA
AAAAAAAAAAAAAAAAAAAAAAAAAAAAAAAAAAAAAAAAAAAAAAAAAAAAAAAAAAAAAAAAAAAAAAAAAAAA
AAAAAAAAAAAAAAAAAAAAAAAAAAAAAAAAAAAAAAAAAAAAAAAAAAAAAAAAAAAAAAAAAAAAAAAAAAAA
AAAAAAAAAAAAAAAAAAAAAAAAAAAAAAAAAAAAAAAAAAAAAAAAAAAAAAAAAAAAAAAAAAAAAAAAAAAA
AAAAAAAAAAAAAAAAAAAAAAAAAAAAAAAAAAAAAAAAAAAAAAAAAAAAAAAAAAAAAAAAAAAAAAAAAAAA
AAAAAAAAAAAAAAAAAAAAAAAAAAAAAAAAAAAAAAAAAAAAAAAAAAAAAAAAAAAAAAAAAAAAAAAAAAAA
AAAAAAAAAAAAAAAAAAAAAAAAAAAAAAAAAAAAAAAAAAAAAAAAAAAAAAAAAAAAAAAAAAAAAAAAAAAA
AAAAAAAAAAAAAAAAAAAAAAAAAAAAAAAAAAAAAAAAAAAAAAAAAAAAAAAAAAAAAAAAAAAAAAAAAAAA
AAAAAAAAAAAAAAAAAAAAAAAAAAAAAAAAAAAAAAAAAAAAAAAAAAAAAAAAAAAAAAAAAAAAAAAAAAAA
AAAAAAAAAAAAAAAAAAAAAAAAAAAAAAAAAAAAAAAAAAAAAAAAAAAAAAAAAAAAAAAAAAAAAAAAAAAA
AAAAAAAAAAAAAAAAAAAAAAAAAAAAAAAAAAAAAAAAAAAAAAAAAAAAAAAAAAAAAAAAAAAAAAAAAAAA
AAAAAAAAAAAAAAAAAAAAAAAAAAAAAAAAAAAAAAAAAAAAAAAAAAAAAAAAAAAAAAAAAAAAAAAAAAAA
AAAAAAAAAAAAAAAAAAAAAAAAAAAAAAAAAAAAAAAAAAAAAAAAAAAAAAAAAAAAAAAAAAAAAAAAAAAA
AAAAAAAAAAAAAAAAAAAAAAAAAAAAAAAAAAAAAAAAAAAAAAAAAAAAAAAAAAAAAAAAAAAAAAAAAAAA
AAAAAAAAAAAAAAAAAAAAAAAAAAAAAAAAAAAAAAAAAAAAAAAAAAAAAAAAAAAAAAAAAAAAAAAAAAAA
AAAAAAAAAAAAAAAAAAAAAAAAAAAAAAAAAAAAAAAAAAAAAAAAAAAAAAAAAAAAAAAAAAAAAAAAAAAA
AAAAAAAAAAAAAAAAAAAAAAAAAAAAAAAAAAAAAAAAAAAAAAAAAAAAAAAAAAAAAAAAAAAAAAAAAAAA
AAAAAAAAAAAAAAAAAAAAAAAAAAAAAAAAAAAAAAAAAAAAAAAAAAAAAAAAAAAAAAAAAAAAAAAAAAAA
AAAAAAAAAAAAAAAAAAAAAAAAAAAAAAAAAAAAAAAAAAAAAAAAAAAAAAAAAAAAAAAAAAAAAAAAAAAA
AAAAAAAAAAAAAAAAAAAAAAAAAAAAAAAAAAAAAAAAAAAAAAAAAAAAAAAAAAAAAAAAAAAAAAAAAAAA
AAAAAAAAAAAAAAAAAAAAAAAAAAAAAAAAAAAAAAAAAAAAAAAAAAAAAAAAAAAAAAAAAAAAAAAAAAAA
AAAAAAAAAAAAAAAAAAAAAAAAAAAAAAAAAAAAAAAAAAAAAAAAAAAAAAAAAAAAAAAAAAAAAAAAAAAA
AAAAAAAAAAAAAAAAAAAAAAAAAAAAAAAAAAAAAAAAAAAAAAAAAAAAAAAAAAAAAAAAAAAAAAAAAAAA
AAAAAAAAAAAAAAAAAAAAAAAAAAAAAAAAAAAAAAAAAAAAAAAAAAAAAAAAAAAAAAAAAAAAAAAAAAAA
AAAAAAAAAAAAAAAAAAAAAAAAAAAAAAAAAAAAAAAAAAAAAAAAAAAAAAAAAAAAAAAAAAAAAAAAAAAA
AAAAAAAAAAAAAAAAAAAAAAAAAAAAAAAAAAAAAAAAAAAAAAAAAAAAAAAAAAAAAAAAAAAAAAAAAAAA
AAAAAAAAAAAAAAAAAAAAAAAAAAAAAAAAAAAAAAAAAAAAAAAAAAAAAAAAAAAAAAAAAAAAAAAAAAAA
AAAAAAAAAAAAAAAAAAAAAAAAAAAAAAAAAAAAAAAAAAAAAAAAAAAAAAAAAAAAAAAAAAAAAAAAAAAA
AAAAAAAAAAAAAAAAAAAAAAAAAAAAAAAAAAAAAAAAAAAAAAAAAAAAAAAAAAAAAAAAAAAAAAAAAAAA
AAAAAAAAAAAAAAAAAAAAAAAAAAAAAAAAAAAAAAAAAAAAAAAAAAAAAAAAAAAAAAAAAAAAAAAAAAAA
AAAAAAAAAAAAAAAAAAAAAAAAAAAAAAAAAAAAAAAAAAAAAAAAAAAAAAAAAAAAAAAAAAAAAAAAAAAA
AAAAAAAAAAAAAAAAAAAAAAAAAAAAAAAAAAAAAAAAAAAAAAAAAAAAAAAAAAAAAAAAAAAAAAAAAAAA
AAAAAAAAAAAAAAAAAAAAAAAAAAAAAAAAAAAAAAAAAAAAAAAAAAAAAAAAAAAAAAAAAAAAAAAAAAAA
AAAAAAAAAAAAAAAAAAAAAAAAAAAAAAAAAAAAAAAAAAAAAAAAAAAAAAAAAAAAAAAAAAAAAAAAAAAA
AAAAAAAAAAAAAAAAAAAAAAAAAAAAAAAAAAAAAAAAAAAAAAAAAAAAAAAAAAAAAAAAAAAAAAAAAAAA
AAAAAAAAAAAAAAAAAAAAAAAAAAAAAAAAAAAAAAAAAAAAAAAAAAAAAAAAAAAAAAAAAAAAAAAAAAAA
AAAAAAAAAAAAAAAAAAAAAAAAAAAAAAAAAAAAAAAAAAAAAAAAAAAAAAAAAAAAAAAAAAAAAAAAAAAA
AAAAAAAAAAAAAAAAAAAAAAAAAAAAAAAAAAAAAAAAAAAAAAAAAAAAAAAAAAAAAAAAAAAAAAAAAAAA
AAAAAAAAAAAAAAAAAAAAAAAAAAAAAAAAAAAAAAAAAAAAAAAAAAAAAAAAAAAAAAAAAAAAAAAAAAAA
AAAAAAAAAAAAAAAAAAAAAAAAAAAAAAAAAAAAAAAAAAAAAAAAAAAAAAAAAAAAAAAAAAAAAAAAAAAA
AAAAAAAAAAAAAAAAAAAAAAAAAAAAAAAAAAAAAAAAAAAAAAAAAAAAAAAAAAAAAAAAAAAAAAAAAAAA
AAAAAAAAAAAAAAAAAAAAAAAAAAAAAAAAAAAAAAAAAAAAAAAAAAAAAAAAAAAAAAAAAAAAAAAAAAAA
AAAAAAAAAAAAAAAAAAAAAAAAAAAAAAAAAAAAAAAAAAAAAAAAAAAAAAAAAAAAAAAAAAAAAAAAAAAA
AAAAAAAAAAAAAAAAAAAAAAAAAAAAAAAAAAAAAAAAAAAAAAAAAAAAAAAAAAAAAAAAAAAAAAAAAAAA
AAAAAAAAAAAAAAAAAAAAAAAAAAAAAAAAAAAAAAAAAAAAAAAAAAAAAAAAAAAAAAAAAAAAAAAAAAAA
AAAAAAAAAAAAAAAAAAAAAAAAAAAAAAAAAAAAAAAAAAAAAAAAAAAAAAAAAAAAAAAAAAAAAAAAAAAA
AAAAAAAAAAAAAAAAAAAAAAAAAAAAAAAAAAAAAAAAAAAAAAAAAAAAAAAAAAAAAAAAAAAAAAAAAAAA
AAAAAAAAAAAAAAAAAAAAAAAAAAAAAAAAAAAAAAAAAAAAAAAAAAAAAAAAAAAAAAAAAAAAAAAAAAAA
AAAAAAAAAAAAAAAAAAAAAAAAAAAAAAAAAAAAAAAAAAAAAAAAAAAAAAAAAAAAAAAAAAAAAAAAAAAA
AAAAAAAAAAAAAAAAAAAAAAAAAAAAAAAAAAAAAAAAAAAAAAAAAAAAAAAAAAAAAAAAAAAAAAAAAAAA
AAAAAAAAAAAAAAAAAAAAAAAAAAAAAAAAAAAAAAAAAAAAAAAAAAAAAAAAAAAAAAAAAAAAAAAAAAAA
AAAAAAAAAAAAAAAAAAAAAAAAAAAAAAAAAAAAAAAAAAAAAAAAAAAAAAAAAAAAAAAAAAAAAAAAAAAA
AAAAAAAAAAAAAAAAAAAAAAAAAAAAAAAAAAAAAAAAAAAAAAAAAAAAAAAAAAAAAAAAAAAAAAAAAAAA
AAAAAAAAAAAAAAAAAAAAAAAAAAAAAAAAAAAAAAAAAAAAAAAAAAAAAAAAAAAAAAAAAAAAAAAAAAAA
AAAAAAAAAAAAAAAAAAAAAAAAAAAAAAAAAAAAAAAAAAAAAAAAAAAAAAAAAAAAAAAAAAAAAAAAAAAA
AAAAAAAAAAAAAAAAAAAAAAAAAAAAAAAAAAAAAAAAAAAAAAAAAAAAAAAAAAAAAAAAAAAAAAAAAAAA
AAAAAAAAAAAAAAAAAAAAAAAAAAAAAAAAAAAAAAAAAAAAAAAAAAAAAAAAAAAAAAAAAAAAAAAAAAAA
AAAAAAAAAAAAAAAAAAAAAAAAAAAAAAAAAAAAAAAAAAAAAAAAAAAAAAAAAAAAAAAAAAAAAAAAAAAA
AAAAAAAAAAAAAAAAAAAAAAAAAAAAAAAAAAAAAAAAAAAAAAAAAAAAAAAAAAAAAAAAAAAAAAAAAAAA
AAAAAAAAAAAAAAAAAAAAAAAAAAAAAAAAAAAAAAAAAAAAAAAAAAAAAAAAAAAAAAAAAAAAAAAAAAAA
AAAAAAAAAAAAAAAAAAAAAAAAAAAAAAAAAAAAAAAAAAAAAAAAAAAAAAAAAAAAAAAAAAAAAAAAAAAA
AAAAAAAAAAAAAAAAAAAAAAAAAAAAAAAAAAAAAAAAAAAAAAAAAAAAAAAAAAAAAAAAAAAAAAAAAAAA
AAAAAAAAAAAAAAAAAAAAAAAAAAAAAAAAAAAAAAAAAAAAAAAAAAAAAAAAAAAAAAAAAAAAAAAAAAAA
AAAAAAAAAAAAAAAAAAAAAAAAAAAAAAAAAAAAAAAAAAAAAAAAAAAAAAAAAAAAAAAAAAAAAAAAAAAA
AAAAAAAAAAAAAAAAAAAAAAAAAAAAAAAAAAAAAAAAAAAAAAAAAAAAAAAAAAAAAAAAAAAAAAAAAAAA
AAAAAAAAAAAAAAAAAAAAAAAAAAAAAAAAAAAAAAAAAAAAAAAAAAAAAAAAAAAAAAAAAAAAAAAAAAAA
AAAAAAAAAAAAAAAAAAAAAAAAAAAAAAAAAAAAAAAAAAAAAAAAAAAAAAAAAAAAAAAAAAAAAAAAAAAA
AAAAAAAAAAAAAAAAAAAAAAAAAAAAAAAAAAAAAAAAAAAAAAAAAAAAAAAAAAAAAAAAAAAAAAAAAAAA
AAAAAAAAAAAAAAAAAAAAAAAAAAAAAAAAAAAAAAAAAAAAAAAAAAAAAAAAAAAAAAAAAAAAAAAAAAAA
AAAAAAAAAAAAAAAAAAAAAAAAAAAAAAAAAAAAAAAAAAAAAAAAAAAAAAAAAAAAAAAAAAAAAAAAAAAA
AAAAAAAAAAAAAAAAAAAAAAAAAAAAAAAAAAAAAAAAAAAAAAAAAAAAAAAAAAAAAAAAAAAAAAAAAAAA
AAAAAAAAAAAAAAAAAAAAAAAAAAAAAAAAAAAAAAAAAAAAAAAAAAAAAAAAAAAAAAAAAAAAAAAAAAAA
AAAAAAAAAAAAAAAAAAAAAAAAAAAAAAAAAAAAAAAAAAAAAAAAAAAAAAAAAAAAAAAAAAAAAAAAAAAA
AAAAAAAAAAAAAAAAAAAAAAAAAAAAAAAAAAAAAAAAAAAAAAAAAAAAAAAAAAAAAAAAAAAAAAAAAAAA
AAAAAAAAAAAAAAAAAAAAAAAAAAAAAAAAAAAAAAAAAAAAAAAAAAAAAAAAAAAAAAAAAAAAAAAAAAAA
AAAAAAAAAAAAAAAAAAAAAAAAAAAAAAAAAAAAAAAAAAAAAAAAAAAAAAAAAAAAAAAAAAAAAAAAAAAA
AAAAAAAAAAAAAAAAAAAAAAAAAAAAAAAAAAAAAAAAAAAAAAAAAAAAAAAAAAAAAAAAAAAAAAAAAAAA
AAAAAAAAAAAAAAAAAAAAAAAAAAAAAAAAAAAAAAAAAAAAAAAAAAAAAAAAAAAAAAAAAAAAAAAAAAAA
AAAAAAAAAAAAAAAAAAAAAAAAAAAAAAAAAAAAAAAAAAAAAAAAAAAAAAAAAAAAAAAAAAAAAAAAAAAA
AAAAAAAAAAAAAAAAAAAAAAAAAAAAAAAAAAAAAAAAAAAAAAAAAAAAAAAAAAAAAAAAAAAAAAAAAAAA
AAAAAAAAAAAAAAAAAAAAAAAAAAAAAAAAAAAAAAAAAAAAAAAAAAAAAAAAAAAAAAAAAAAAAAAAAAAA
AAAAAAAAAAAAAAAAAAAAAAAAAAAAAAAAAAAAAAAAAAAAAAAAAAAAAAAAAAAAAAAAAAAAAAAAAAAA
AAAAAAAAAAAAAAAAAAAAAAAAAAAAAAAAAAAAAAAAAAAAAAAAAAAAAAAAAAAAAAAAAAAAAAAAAAAA
AAAAAAAAAAAAAAAAAAAAAAAAAAAAAAAAAAAAAAAAAAAAAAAAAAAAAAAAAAAAAAAAAAAAAAAAAAAA
AAAAAAAAAAAAAAAAAAAAAAAAAAAAAAAAAAAAAAAAAAAAAAAAAAAAAAAAAAAAAAAAAAAAAAAAAAAA
AAAAAAAAAAAAAAAAAAAAAAAAAAAAAAAAAAAAAAAAAAAAAAAAAAAAAAAAAAAAAAAAAAAAAAAAAAAA
AAAAAAAAAAAAAAAAAAAAAAAAAAAAAAAAAAAAAAAAAAAAAAAAAAAAAAAAAAAAAAAAAAAAAAAAAAAA
AAAAAAAAAAAAAAAAAAAAAAAAAAAAAAAAAAAAAAAAAAAAAAAAAAAAAAAAAAAAAAAAAAAAAAAAAAAA
AAAAAAAAAAAAAAAAAAAAAAAAAAAAAAAAAAAAAAAAAAAAAAAAAAAAAAAAAAAAAAAAAAAAAAAAAAAA
AAAAAAAAAAAAAAAAAAAAAAAAAAAAAAAAAAAAAAAAAAAAAAAAAAAAAAAAAAAAAAAAAAAAAAAAAAAA
AAAAAAAAAAAAAAAAAAAAAAAAAAAAAAAAAAAAAAAAAAAAAAAAAAAAAAAAAAAAAAAAAAAAAAAAAAAA
AAAAAAAAAAAAAAAAAAAAAAAAAAAAAAAAAAAAAAAAAAAAAAAAAAAAAAAAAAAAAAAAAAAAAAAAAAAA
AAAAAAAAAAAAAAAAAAAAAAAAAAAAAAAAAAAAAAAAAAAAAAAAAAAAAAAAAAAAAAAAAAAAAAAAAAAA
AAAAAAAAAAAAAAAAAAAAAAAAAAAAAAAAAAAAAAAAAAAAAAAAAAAAAAAAAAAAAAAAAAAAAAAAAAAA
AAAAAAAAAAAAAAAAAAAAAAAAAAAAAAAAAAAAAAAAAAAAAAAAAAAAAAAAAAAAAAAAAAAAAAAAAAAA
AAAAAAAAAAAAAAAAAAAAAAAAAAAAAAAAAAAAAAAAAAAAAAAAAAAAAAAAAAAAAAAAAAAAAAAAAAAA
AAAAAAAAAAAAAAAAAAAAAAAAAAAAAAAAAAAAAAAAAAAAAAAAAAAAAAAAAAAAAAAAAAAAAAAAAAAA
AAAAAAAAAAAAAAAAAAAAAAAAAAAAAAAAAAAAAAAAAAAAAAAAAAAAAAAAAAAAAAAAAAAAAAAAAAAA
AAAAAAAAAAAAAAAAAAAAAAAAAAAAAAAAAAAAAAAAAAAAAAAAAAAAAAAAAAAAAAAAAAAAAAAAAAAA
AAAAAAAAAAAAAAAAAAAAAAAAAAAAAAAAAAAAAAAAAAAAAAAAAAAAAAAAAAAAAAAAAAAAAAAAAAAA
AAAAAAAAAAAAAAAAAAAAAAAAAAAAAAAAAAAAAAAAAAAAAAAAAAAAAAAAAAAAAAAAAAAAAAAAAAAA
AAAAAAAAAAAAAAAAAAAAAAAAAAAAAAAAAAAAAAAAAAAAAAAAAAAAAAAAAAAAAAAAAAAAAAAAAAAA
AAAAAAAAAAAAAAAAAAAAAAAAAAAAAAAAAAAAAAAAAAAAAAAAAAAAAAAAAAAAAAAAAAAAAAAAAAAA
AAAAAAAAAAAAAAAAAAAAAAAAAAAAAAAAAAAAAAAAAAAAAAAAAAAAAAAAAAAAAAAAAAAAAAAAAAAA
AAAAAAAAAAAAAAAAAAAAAAAAAAAAAAAAAAAAAAAAAAAAAAAAAAAAAAAAAAAAAAAAAAAAAAAAAAAA
AAAAAAAAAAAAAAAAAAAAAAAAAAAAAAAAAAAAAAAAAAAAAAAAAAAAAAAAAAAAAAAAAAAAAAAAAAAA
AAAAAAAAAAAAAAAAAAAAAAAAAAAAAAAAAAAAAAAAAAAAAAAAAAAAAAAAAAAAAAAAAAAAAAAAAAAA
AAAAAAAAAAAAAAAAAAAAAAAAAAAAAAAAAAAAAAAAAAAAAAAAAAAAAAAAAAAAAAAAAAAAAAAAAAAA
AAAAAAAAAAAAAAAAAAAAAAAAAAAAAAAAAAAAAAAAAAAAAAAAAAAAAAAAAAAAAAAAAAAAAAAAAAAA
AAAAAAAAAAAAAAAAAAAAAAAAAAAAAAAAAAAAAAAAAAAAAAAAAAAAAAAAAAAAAAAAAAAAAAAAAAAA
AAAAAAAAAAAAAAAAAAAAAAAAAAAAAAAAAAAAAAAAAAAAAAAAAAAAAAAAAAAAAAAAAAAAAAAAAAAA
AAAAAAAAAAAAAAAAAAAAAAAAAAAAAAAAAAAAAAAAAAAAAAAAAAAAAAAAAAAAAAAAAAAAAAAAAAAA
AAAAAAAAAAAAAAAAAAAAAAAAAAAAAAAAAAAAAAAAAAAAAAAAAAAAAAAAAAAAAAAAAAAAAAAAAAAA
AAAAAAAAAAAAAAAAAAAAAAAAAAAAAAAAAAAAAAAAAAAAAAAAAAAAAAAAAAAAAAAAAAAAAAAAAAAA
AAAAAAAAAAAAAAAAAAAAAAAAAAAAAAAAAAAAAAAAAAAAAAAAAAAAAAAAAAAAAAAAAAAAAAAAAAAA
AAAAAAAAAAAAAAAAAAAAAAAAAAAAAAAAAAAAAAAAAAAAAAAAAAAAAAAAAAAAAAAAAAAAAAAAAAAA
AAAAAAAAAAAAAAAAAAAAAAAAAAAAAAAAAAAAAAAAAAAAAAAAAAAAAAAAAAAAAAAAAAAAAAAAAAAA
AAAAAAAAAAAAAAAAAAAAAAAAAAAAAAAAAAAAAAAAAAAAAAAAAAAAAAAAAAAAAAAAAAAAAAAAAAAA
AAAAAAAAAAAAAAAAAAAAAAAAAAAAAAAAAAAAAAAAAAAAAAAAAAAAAAAAAAAAAAAAAAAAAAAAAAAA
AAAAAAAAAAAAAAAAAAAAAAAAAAAAAAAAAAAAAAAAAAAAAAAAAAAAAAAAAAAAAAAAAAAAAAAAAAAA
AAAAAAAAAAAAAAAAAAAAAAAAAAAAAAAAAAAAAAAAAAAAAAAAAAAAAAAAAAAAAAAAAAAAAAAAAAAA
AAAAAAAAAAAAAAAAAAAAAAAAAAAAAAAAAAAAAAAAAAAAAAAAAAAAAAAAAAAAAAAAAAAAAAAAAAAA
AAAAAAAAAAAAAAAAAAAAAAAAAAAAAAAAAAAAAAAAAAAAAAAAAAAAAAAAAAAAAAAAAAAAAAAAAAAA
AAAAAAAAAAAAAAAAAAAAAAAAAAAAAAAAAAAAAAAAAAAAAAAAAAAAAAAAAAAAAAAAAAAAAAAAAAAA
AAAAAAAAAAAAAAAAAAAAAAAAAAAAAAAAAAAAAAAAAAAAAAAAAAAAAAAAAAAAAAAAAAAAAAAAAAAA
AAAAAAAAAAAAAAAAAAAAAAAAAAAAAAAAAAAAAAAAAAAAAAAAAAAAAAAAAAAAAAAAAAAAAAAAAAAA
AAAAAAAAAAAAAAAAAAAAAAAAAAAAAAAAAAAAAAAAAAAAAAAAAAAAAAAAAAAAAAAAAAAAAAAAAAAA
AAAAAAAAAAAAAAAAAAAAAAAAAAAAAAAAAAAAAAAAAAAAAAAAAAAAAAAAAAAAAAAAAAAAAAAAAAAA
AAAAAAAAAAAAAAAAAAAAAAAAAAAAAAAAAAAAAAAAAAAAAAAAAAAAAAAAAAAAAAAAAAAAAAAAAAAA
AAAAAAAAAAAAAAAAAAAAAAAAAAAAAAAAAAAAAAAAAAAAAAAAAAAAAAAAAAAAAAAAAAAAAAAAAAAA
AAAAAAAAAAAAAAAAAAAAAAAAAAAAAAAAAAAAAAAAAAAAAAAAAAAAAAAAAAAAAAAAAAAAAAAAAAAA
AAAAAAAAAAAAAAAAAAAAAAAAAAAAAAAAAAAAAAAAAAAAAAAAAAAAAAAAAAAAAAAAAAAAAAAAAAAA
AAAAAAAAAAAAAAAAAAAAAAAAAAAAAAAAAAAAAAAAAAAAAAAAAAAAAAAAAAAAAAAAAAAAAAAAAAAA
AAAAAAAAAAAAAAAAAAAAAAAAAAAAAAAAAAAAAAAAAAAAAAAAAAAAAAAAAAAAAAAAAAAAAAAAAAAA
AAAAAAAAAAAAAAAAAAAAAAAAAAAAAAAAAAAAAAAAAAAAAAAAAAAAAAAAAAAAAAAAAAAAAAAAAAAA
AAAAAAAAAAAAAAAAAAAAAAAAAAAAAAAAAAAAAAAAAAAAAAAAAAAAAAAAAAAAAAAAAAAAAAAAAAAA
AAAAAAAAAAAAAAAAAAAAAAAAAAAAAAAAAAAAAAAAAAAAAAAAAAAAAAAAAAAAAAAAAAAAAAAAAAAA
AAAAAAAAAAAAAAAAAAAAAAAAAAAAAAAAAAAAAAAAAAAAAAAAAAAAAAAAAAAAAAAAAAAAAAAAAAAA
AAAAAAAAAAAAAAAAAAAAAAAAAAAAAAAAAAAAAAAAAAAAAAAAAAAAAAAAAAAAAAAAAAAAAAAAAAAA
AAAAAAAAAAAAAAAAAAAAAAAAAAAAAAAAAAAAAAAAAAAAAAAAAAAAAAAAAAAAAAAAAAAAAAAAAAAA
AAAAAAAAAAAAAAAAAAAAAAAAAAAAAAAAAAAAAAAAAAAAAAAAAAAAAAAAAAAAAAAAAAAAAAAAAAAA
AAAAAAAAAAAAAAAAAAAAAAAAAAAAAAAAAAAAAAAAAAAAAAAAAAAAAAAAAAAAAAAAAAAAAAAAAAAA
AAAAAAAAAAAAAAAAAAAAAAAAAAAAAAAAAAAAAAAAAAAAAAAAAAAAAAAAAAAAAAAAAAAAAAAAAAAA
AAAAAAAAAAAAAAAAAAAAAAAAAAAAAAAAAAAAAAAAAAAAAAAAAAAAAAAAAAAAAAAAAAAAAAAAAAAA
AAAAAAAAAAAAAAAAAAAAAAAAAAAAAAAAAAAAAAAAAAAAAAAAAAAAAAAAAAAAAAAAAAAAAAAAAAAA
AAAAAAAAAAAAAAAAAAAAAAAAAAAAAAAAAAAAAAAAAAAAAAAAAAAAAAAAAAAAAAAAAAAAAAAAAAAA
AAAAAAAAAAAAAAAAAAAAAAAAAAAAAAAAAAAAAAAAAAAAAAAAAAAAAAAAAAAAAAAAAAAAAAAAAAAA
AAAAAAAAAAAAAAAAAAAAAAAAAAAAAAAAAAAAAAAAAAAAAAAAAAAAAAAAAAAAAAAAAAAAAAAAAAAA
AAAAAAAAAAAAAAAAAAAAAAAAAAAAAAAAAAAAAAAAAAAAAAAAAAAAAAAAAAAAAAAAAAAAAAAAAAAA
AAAAAAAAAAAAAAAAAAAAAAAAAAAAAAAAAAAAAAAAAAAAAAAAAAAAAAAAAAAAAAAAAAAAAAAAAAAA
AAAAAAAAAAAAAAAAAAAAAAAAAAAAAAAAAAAAAAAAAAAAAAAAAAAAAAAAAAAAAAAAAAAAAAAAAAAA
AAAAAAAAAAAAAAAAAAAAAAAAAAAAAAAAAAAAAAAAAAAAAAAAAAAAAAAAAAAAAAAAAAAAAAAAAAAA
AAAAAAAAAAAAAAAAAAAAAAAAAAAAAAAAAAAAAAAAAAAAAAAAAAAAAAAAAAAAAAAAAAAAAAAAAAAA
AAAAAAAAAAAAAAAAAAAAAAAAAAAAAAAAAAAAAAAAAAAAAAAAAAAAAAAAAAAAAAAAAAAAAAAAAAAA
AAAAAAAAAAAAAAAAAAAAAAAAAAAAAAAAAAAAAAAAAAAAAAAAAAAAAAAAAAAAAAAAAAAAAAAAAAAA
AAAAAAAAAAAAAAAAAAAAAAAAAAAAAAAAAAAAAAAAAAAAAAAAAAAAAAAAAAAAAAAAAAAAAAAAAAAA
AAAAAAAAAAAAAAAAAAAAAAAAAAAAAAAAAAAAAAAAAAAAAAAAAAAAAAAAAAAAAAAAAAAAAAAAAAAA
AAAAAAAAAAAAAAAAAAAAAAAAAAAAAAAAAAAAAAAAAAAAAAAAAAAAAAAAAAAAAAAAAAAAAAAAAAAA
AAAAAAAAAAAAAAAAAAAAAAAAAAAAAAAAAAAAAAAAAAAAAAAAAAAAAAAAAAAAAAAAAAAAAAAAAAAA
AAAAAAAAAAAAAAAAAAAAAAAAAAAAAAAAAAAAAAAAAAAAAAAAAAAAAAAAAAAAAAAAAAAAAAAAAAAA
AAAAAAAAAAAAAAAAAAAAAAAAAAAAAAAAAAAAAAAAAAAAAAAAAAAAAAAAAAAAAAAAAAAAAAAAAAAA
AAAAAAAAAAAAAAAAAAAAAAAAAAAAAAAAAAAAAAAAAAAAAAAAAAAAAAAAAAAAAAAAAAAAAAAAAAAA
AAAAAAAAAAAAAAAAAAAAAAAAAAAAAAAAAAAAAAAAAAAAAAAAAAAAAAAAAAAAAAAAAAAAAAAAAAAA
AAAAAAAAAAAAAAAAAAAAAAAAAAAAAAAAAAAAAAAAAAAAAAAAAAAAAAAAAAAAAAAAAAAAAAAAAAAA
AAAAAAAAAAAAAAAAAAAAAAAAAAAAAAAAAAAAAAAAAAAAAAAAAAAAAAAAAAAAAAAAAAAAAAAAAAAA
AAAAAAAAAAAAAAAAAAAAAAAAAAAAAAAAAAAAAAAAAAAAAAAAAAAAAAAAAAAAAAAAAAAAAAAAAAAA
AAAAAAAAAAAAAAAAAAAAAAAAAAAAAAAAAAAAAAAAAAAAAAAAAAAAAAAAAAAAAAAAAAAAAAAAAAAA
AAAAAAAAAAAAAAAAAAAAAAAAAAAAAAAAAAAAAAAAAAAAAAAAAAAAAAAAAAAAAAAAAAAAAAAAAAAA
AAAAAAAAAAAAAAAAAAAAAAAAAAAAAAAAAAAAAAAAAAAAAAAAAAAAAAAAAAAAAAAAAAAAAAAAAAAA
AAAAAAAAAAAAAAAAAAAAAAAAAAAAAAAAAAAAAAAAAAAAAAAAAAAAAAAAAAAAAAAAAAAAAAAAAAAA
AAAAAAAAAAAAAAAAAAAAAAAAAAAAAAAAAAAAAAAAAAAAAAAAAAAAAAAAAAAAAAAAAAAAAAAAAAAA
AAAAAAAAAAAAAAAAAAAAAAAAAAAAAAAAAAAAAAAAAAAAAAAAAAAAAAAAAAAAAAAAAAAAAAAAAAAA
AAAAAAAAAAAAAAAAAAAAAAAAAAAAAAAAAAAAAAAAAAAAAAAAAAAAAAAAAAAAAAAAAAAAAAAAAAAA
AAAAAAAAAAAAAAAAAAAAAAAAAAAAAAAAAAAAAAAAAAAAAAAAAAAAAAAAAAAAAAAAAAAAAAAAAAAA
AAAAAAAAAAAAAAAAAAAAAAAAAAAAAAAAAAAAAAAAAAAAAAAAAAAAAAAAAAAAAAAAAAAAAAAAAAAA
AAAAAAAAAAAAAAAAAAAAAAAAAAAAAAAAAAAAAAAAAAAAAAAAAAAAAAAAAAAAAAAAAAAAAAAAAAAA
AAAAAAAAAAAAAAAAAAAAAAAAAAAAAAAAAAAAAAAAAAAAAAAAAAAAAAAAAAAAAAAAAAAAAAAAAAAA
AAAAAAAAAAAAAAAAAAAAAAAAAAAAAAAAAAAAAAAAAAAAAAAAAAAAAAAAAAAAAAAAAAAAAAAAAAAA
AAAAAAAAAAAAAAAAAAAAAAAAAAAAAAAAAAAAAAAAAAAAAAAAAAAAAAAAAAAAAAAAAAAAAAAAAAAA
AAAAAAAAAAAAAAAAAAAAAAAAAAAAAAAAAAAAAAAAAAAAAAAAAAAAAAAAAAAAAAAAAAAAAAAAAAAA
AAAAAAAAAAAAAAAAAAAAAAAAAAAAAAAAAAAAAAAAAAAAAAAAAAAAAAAAAAAAAAAAAAAAAAAAAAAA
AAAAAAAAAAAAAAAAAAAAAAAAAAAAAAAAAAAAAAAAAAAAAAAAAAAAAAAAAAAAAAAAAAAAAAAAAAAA
AAAAAAAAAAAAAAAAAAAAAAAAAAAAAAAAAAAAAAAAAAAAAAAAAAAAAAAAAAAAAAAAAAAAAAAAAAAA
AAAAAAAAAAAAAAAAAAAAAAAAAAAAAAAAAAAAAAAAAAAAAAAAAAAAAAAAAAAAAAAAAAAAAAAAAAAA
AAAAAAAAAAAAAAAAAAAAAAAAAAAAAAAAAAAAAAAAAAAAAAAAAAAAAAAAAAAAAAAAAAAAAAAAAAAA
AAAAAAAAAAAAAAAAAAAAAAAAAAAAAAAAAAAAAAAAAAAAAAAAAAAAAAAAAAAAAAAAAAAAAAAAAAAA
AAAAAAAAAAAAAAAAAAAAAAAAAAAAAAAAAAAAAAAAAAAAAAAAAAAAAAAAAAAAAAAAAAAAAAAAAAAA
AAAAAAAAAAAAAAAAAAAAAAAAAAAAAAAAAAAAAAAAAAAAAAAAAAAAAAAAAAAAAAAAAAAAAAAAAAAA
AAAAAAAAAAAAAAAAAAAAAAAAAAAAAAAAAAAAAAAAAAAAAAAAAAAAAAAAAAAAAAAAAAAAAAAAAAAA
AAAAAAAAAAAAAAAAAAAAAAAAAAAAAAAAAAAAAAAAAAAAAAAAAAAAAAAAAAAAAAAAAAAAAAAAAAAA
AAAAAAAAAAAAAAAAAAAAAAAAAAAAAAAAAAAAAAAAAAAAAAAAAAAAAAAAAAAAAAAAAAAAAAAAAAAA
AAAAAAAAAAAAAAAAAAAAAAAAAAAAAAAAAAAAAAAAAAAAAAAAAAAAAAAAAAAAAAAAAAAAAAAAAAAA
AAAAAAAAAAAAAAAAAAAAAAAAAAAAAAAAAAAAAAAAAAAAAAAAAAAAAAAAAAAAAAAAAAAAAAAAAAAA
AAAAAAAAAAAAAAAAAAAAAAAAAAAAAAAAAAAAAAAAAAAAAAAAAAAAAAAAAAAAAAAAAAAAAAAAAAAA
AAAAAAAAAAAAAAAAAAAAAAAAAAAAAAAAAAAAAAAAAAAAAAAAAAAAAAAAAAAAAAAAAAAAAAAAAAAA
AAAAAAAAAAAAAAAAAAAAAAAAAAAAAAAAAAAAAAAAAAAAAAAAAAAAAAAAAAAAAAAAAAAAAAAAAAAA
AAAAAAAAAAAAAAAAAAAAAAAAAAAAAAAAAAAAAAAAAAAAAAAAAAAAAAAAAAAAAAAAAAAAAAAAAAAA
AAAAAAAAAAAAAAAAAAAAAAAAAAAAAAAAAAAAAAAAAAAAAAAAAAAAAAAAAAAAAAAAAAAAAAAAAAAA
AAAAAAAAAAAAAAAAAAAAAAAAAAAAAAAAAAAAAAAAAAAAAAAAAAAAAAAAAAAAAAAAAAAAAAAAAAAA
AAAAAAAAAAAAAAAAAAAAAAAAAAAAAAAAAAAAAAAAAAAAAAAAAAAAAAAAAAAAAAAAAAAAAAAAAAAA
AAAAAAAAAAAAAAAAAAAAAAAAAAAAAAAAAAAAAAAAAAAAAAAAAAAAAAAAAAAAAAAAAAAAAAAAAAAA
AAAAAAAAAAAAAAAAAAAAAAAAAAAAAAAAAAAAAAAAAAAAAAAAAAAAAAAAAAAAAAAAAAAAAAAAAAAA
AAAAAAAAAAAAAAAAAAAAAAAAAAAAAAAAAAAAAAAAAAAAAAAAAAAAAAAAAAAAAAAAAAAAAAAAAAAA
AAAAAAAAAAAAAAAAAAAAAAAAAAAAAAAAAAAAAAAAAAAAAAAAAAAAAAAAAAAAAAAAAAAAAAAAAAAA
AAAAAAAAAAAAAAAAAAAAAAAAAAAAAAAAAAAAAAAAAAAAAAAAAAAAAAAAAAAAAAAAAAAAAAAAAAAA
AAAAAAAAAAAAAAAAAAAAAAAAAAAAAAAAAAAAAAAAAAAAAAAAAAAAAAAAAAAAAAAAAAAAAAAAAAAA
AAAAAAAAAAAAAAAAAAAAAAAAAAAAAAAAAAAAAAAAAAAAAAAAAAAAAAAAAAAAAAAAAAAAAAAAAAAA
AAAAAAAAAAAAAAAAAAAAAAAAAAAAAAAAAAAAAAAAAAAAAAAAAAAAAAAAAAAAAAAAAAAAAAAAAAAA
AAAAAAAAAAAAAAAAAAAAAAAAAAAAAAAAAAAAAAAAAAAAAAAAAAAAAAAAAAAAAAAAAAAAAAAAAAAA
AAAAAAAAAAAAAAAAAAAAAAAAAAAAAAAAAAAAAAAAAAAAAAAAAAAAAAAAAAAAAAAAAAAAAAAAAAAA
AAAAAAAAAAAAAAAAAAAAAAAAAAAAAAAAAAAAAAAAAAAAAAAAAAAAAAAAAAAAAAAAAAAAAAAAAAAA
AAAAAAAAAAAAAAAAAAAAAAAAAAAAAAAAAAAAAAAAAAAAAAAAAAAAAAAAAAAAAAAAAAAAAAAAAAAA
AAAAAAAAAAAAAAAAAAAAAAAAAAAAAAAAAAAAAAAAAAAAAAAAAAAAAAAAAAAAAAAAAAAAAAAAAAAA
AAAAAAAAAAAAAAAAAAAAAAAAAAAAAAAAAAAAAAAAAAAAAAAAAAAAAAAAAAAAAAAAAAAAAAAAAAAA
AAAAAAAAAAAAAAAAAAAAAAAAAAAAAAAAAAAAAAAAAAAAAAAAAAAAAAAAAAAAAAAAAAAAAAAAAAAA
AAAAAAAAAAAAAAAAAAAAAAAAAAAAAAAAAAAAAAAAAAAAAAAAAAAAAAAAAAAAAAAAAAAAAAAAAAAA
AAAAAAAAAAAAAAAAAAAAAAAAAAAAAAAAAAAAAAAAAAAAAAAAAAAAAAAAAAAAAAAAAAAAAAAAAAAA
AAAAAAAAAAAAAAAAAAAAAAAAAAAAAAAAAAAAAAAAAAAAAAAAAAAAAAAAAAAAAAAAAAAAAAAAAAAA
AAAAAAAAAAAAAAAAAAAAAAAAAAAAAAAAAAAAAAAAAAAAAAAAAAAAAAAAAAAAAAAAAAAAAAAAAAAA
AAAAAAAAAAAAAAAAAAAAAAAAAAAAAAAAAAAAAAAAAAAAAAAAAAAAAAAAAAAAAAAAAAAAAAAAAAAA
AAAAAAAAAAAAAAAAAAAAAAAAAAAAAAAAAAAAAAAAAAAAAAAAAAAAAAAAAAAAAAAAAAAAAAAAAAAA
AAAAAAAAAAAAAAAAAAAAAAAAAAAAAAAAAAAAAAAAAAAAAAAAAAAAAAAAAAAAAAAAAAAAAAAAAAAA
AAAAAAAAAAAAAAAAAAAAAAAAAAAAAAAAAAAAAAAAAAAAAAAAAAAAAAAAAAAAAAAAAAAAAAAAAAAA
AAAAAAAAAAAAAAAAAAAAAAAAAAAAAAAAAAAAAAAAAAAAAAAAAAAAAAAAAAAAAAAAAAAAAAAAAAAA
AAAAAAAAAAAAAAAAAAAAAAAAAAAAAAAAAAAAAAAAAAAAAAAAAAAAAAAAAAAAAAAAAAAAAAAAAAAA
AAAAAAAAAAAAAAAAAAAAAAAAAAAAAAAAAAAAAAAAAAAAAAAAAAAAAAAAAAAAAAAAAAAAAAAAAAAA
AAAAAAAAAAAAAAAAAAAAAAAAAAAAAAAAAAAAAAAAAAAAAAAAAAAAAAAAAAAAAAAAAAAAAAAAAAAA
AAAAAAAAAAAAAAAAAAAAAAAAAAAAAAAAAAAAAAAAAAAAAAAAAAAAAAAAAAAAAAAAAAAAAAAAAAAA
AAAAAAAAAAAAAAAAAAAAAAAAAAAAAAAAAAAAAAAAAAAAAAAAAAAAAAAAAAAAAAAAAAAAAAAAAAAA
AAAAAAAAAAAAAAAAAAAAAAAAAAAAAAAAAAAAAAAAAAAAAAAAAAAAAAAAAAAAAAAAAAAAAAAAAAAA
AAAAAAAAAAAAAAAAAAAAAAAAAAAAAAAAAAAAAAAAAAAAAAAAAAAAAAAAAAAAAAAAAAAAAAAAAAAA
AAAAAAAAAAAAAAAAAAAAAAAAAAAAAAAAAAAAAAAAAAAAAAAAAAAAAAAAAAAAAAAAAAAAAAAAAAAA
AAAAAAAAAAAAAAAAAAAAAAAAAAAAAAAAAAAAAAAAAAAAAAAAAAAAAAAAAAAAAAAAAAAAAAAAAAAA
AAAAAAAAAAAAAAAAAAAAAAAAAAAAAAAAAAAAAAAAAAAAAAAAAAAAAAAAAAAAAAAAAAAAAAAAAAAA
AAAAAAAAAAAAAAAAAAAAAAAAAAAAAAAAAAAAAAAAAAAAAAAAAAAAAAAAAAAAAAAAAAAAAAAAAAAA
AAAAAAAAAAAAAAAAAAAAAAAAAAAAAAAAAAAAAAAAAAAAAAAAAAAAAAAAAAAAAAAAAAAAAAAAAAAA
AAAAAAAAAAAAAAAAAAAAAAAAAAAAAAAAAAAAAAAAAAAAAAAAAAAAAAAAAAAAAAAAAAAAAAAAAAAA
AAAAAAAAAAAAAAAAAAAAAAAAAAAAAAAAAAAAAAAAAAAAAAAAAAAAAAAAAAAAAAAAAAAAAAAAAAAA
AAAAAAAAAAAAAAAAAAAAAAAAAAAAAAAAAAAAAAAAAAAAAAAAAAAAAAAAAAAAAAAAAAAAAAAAAAAA
AAAAAAAAAAAAAAAAAAAAAAAAAAAAAAAAAAAAAAAAAAAAAAAAAAAAAAAAAAAAAAAAAAAAAAAAAAAA
AAAAAAAAAAAAAAAAAAAAAAAAAAAAAAAAAAAAAAAAAAAAAAAAAAAAAAAAAAAAAAAAAAAAAAAAAAAA
AAAAAAAAAAAAAAAAAAAAAAAAAAAAAAAAAAAAAAAAAAAAAAAAAAAAAAAAAAAAAAAAAAAAAAAAAAAA
AAAAAAAAAAAAAAAAAAAAAAAAAAAAAAAAAAAAAAAAAAAAAAAAAAAAAAAAAAAAAAAAAAAAAAAAAAAA
AAAAAAAAAAAAAAAAAAAAAAAAAAAAAAAAAAAAAAAAAAAAAAAAAAAAAAAAAAAAAAAAAAAAAAAAAAAA
AAAAAAAAAAAAAAAAAAAAAAAAAAAAAAAAAAAAAAAAAAAAAAAAAAAAAAAAAAAAAAAAAAAAAAAAAAAA
AAAAAAAAAAAAAAAAAAAAAAAAAAAAAAAAAAAAAAAAAAAAAAAAAAAAAAAAAAAAAAAAAAAAAAAAAAAA
AAAAAAAAAAAAAAAAAAAAAAAAAAAAAAAAAAAAAAAAAAAAAAAAAAAAAAAAAAAAAAAAAAAAAAAAAAAA
AAAAAAAAAAAAAAAAAAAAAAAAAAAAAAAAAAAAAAAAAAAAAAAAAAAAAAAAAAAAAAAAAAAAAAAAAAAA
AAAAAAAAAAAAAAAAAAAAAAAAAAAAAAAAAAAAAAAAAAAAAAAAAAAAAAAAAAAAAAAAAAAAAAAAAAAA
AAAAAAAAAAAAAAAAAAAAAAAAAAAAAAAAAAAAAAAAAAAAAAAAAAAAAAAAAAAAAAAAAAAAAAAAAAAA
AAAAAAAAAAAAAAAAAAAAAAAAAAAAAAAAAAAAAAAAAAAAAAAAAAAAAAAAAAAAAAAAAAAAAAAAAAAA
AAAAAAAAAAAAAAAAAAAAAAAAAAAAAAAAAAAAAAAAAAAAAAAAAAAAAAAAAAAAAAAAAAAAAAAAAAAA
AAAAAAAAAAAAAAAAAAAAAAAAAAAAAAAAAAAAAAAAAAAAAAAAAAAAAAAAAAAAAAAAAAAAAAAAAAAA
AAAAAAAAAAAAAAAAAAAAAAAAAAAAAAAAAAAAAAAAAAAAAAAAAAAAAAAAAAAAAAAAAAAAAAAAAAAA
AAAAAAAAAAAAAAAAAAAAAAAAAAAAAAAAAAAAAAAAAAAAAAAAAAAAAAAAAAAAAAAAAAAAAAAAAAAA
AAAAAAAAAAAAAAAAAAAAAAAAAAAAAAAAAAAAAAAAAAAAAAAAAAAAAAAAAAAAAAAAAAAAAAAAAAAA
AAAAAAAAAAAAAAAAAAAAAAAAAAAAAAAAAAAAAAAAAAAAAAAAAAAAAAAAAAAAAAAAAAAAAAAAAAAA
AAAAAAAAAAAAAAAAAAAAAAAAAAAAAAAAAAAAAAAAAAAAAAAAAAAAAAAAAAAAAAAAAAAAAAAAAAAA
AAAAAAAAAAAAAAAAAAAAAAAAAAAAAAAAAAAAAAAAAAAAAAAAAAAAAAAAAAAAAAAAAAAAAAAAAAAA
AAAAAAAAAAAAAAAAAAAAAAAAAAAAAAAAAAAAAAAAAAAAAAAAAAAAAAAAAAAAAAAAAAAAAAAAAAAA
AAAAAAAAAAAAAAAAAAAAAAAAAAAAAAAAAAAAAAAAAAAAAAAAAAAAAAAAAAAAAAAAAAAAAAAAAAAA
AAAAAAAAAAAAAAAAAAAAAAAAAAAAAAAAAAAAAAAAAAAAAAAAAAAAAAAAAAAAAAAAAAAAAAAAAAAA
AAAAAAAAAAAAAAAAAAAAAAAAAAAAAAAAAAAAAAAAAAAAAAAAAAAAAAAAAAAAAAAAAAAAAAAAAAAA
AAAAAAAAAAAAAAAAAAAAAAAAAAAAAAAAAAAAAAAAAAAAAAAAAAAAAAAAAAAAAAAAAAAAAAAAAAAA
AAAAAAAAAAAAAAAAAAAAAAAAAAAAAAAAAAAAAAAAAAAAAAAAAAAAAAAAAAAAAAAAAAAAAAAAAAAA
AAAAAAAAAAAAAAAAAAAAAAAAAAAAAAAAAAAAAAAAAAAAAAAAAAAAAAAAAAAAAAAAAAAAAAAAAAAA
AAAAAAAAAAAAAAAAAAAAAAAAAAAAAAAAAAAAAAAAAAAAAAAAAAAAAAAAAAAAAAAAAAAAAAAAAAAA
AAAAAAAAAAAAAAAAAAAAAAAAAAAAAAAAAAAAAAAAAAAAAAAAAAAAAAAAAAAAAAAAAAAAAAAAAAAA
AAAAAAAAAAAAAAAAAAAAAAAAAAAAAAAAAAAAAAAAAAAAAAAAAAAAAAAAAAAAAAAAAAAAAAAAAAAA
AAAAAAAAAAAAAAAAAAAAAAAAAAAAAAAAAAAAAAAAAAAAAAAAAAAAAAAAAAAAAAAAAAAAAAAAAAAA
AAAAAAAAAAAAAAAAAAAAAAAAAAAAAAAAAAAAAAAAAAAAAAAAAAAAAAAAAAAAAAAAAAAAAAAAAAAA
AAAAAAAAAAAAAAAAAAAAAAAAAAAAAAAAAAAAAAAAAAAAAAAAAAAAAAAAAAAAAAAAAAAAAAAAAAAA
AAAAAAAAAAAAAAAAAAAAAAAAAAAAAAAAAAAAAAAAAAAAAAAAAAAAAAAAAAAAAAAAAAAAAAAAAAAA
AAAAAAAAAAAAAAAAAAAAAAAAAAAAAAAAAAAAAAAAAAAAAAAAAAAAAAAAAAAAAAAAAAAAAAAAAAAA
AAAAAAAAAAAAAAAAAAAAAAAAAAAAAAAAAAAAAAAAAAAAAAAAAAAAAAAAAAAAAAAAAAAAAAAAAAAA
AAAAAAAAAAAAAAAAAAAAAAAAAAAAAAAAAAAAAAAAAAAAAAAAAAAAAAAAAAAAAAAAAAAAAAAAAAAA
AAAAAAAAAAAAAAAAAAAAAAAAAAAAAAAAAAAAAAAAAAAAAAAAAAAAAAAAAAAAAAAAAAAAAAAAAAAA
AAAAAAAAAAAAAAAAAAAAAAAAAAAAAAAAAAAAAAAAAAAAAAAAAAAAAAAAAAAAAAAAAAAAAAAAAAAA
AAAAAAAAAAAAAAAAAAAAAAAAAAAAAAAAAAAAAAAAAAAAAAAAAAAAAAAAAAAAAAAAAAAAAAAAAAAA
AAAAAAAAAAAAAAAAAAAAAAAAAAAAAAAAAAAAAAAAAAAAAAAAAAAAAAAAAAAAAAAAAAAAAAAAAAAA
AAAAAAAAAAAAAAAAAAAAAAAA
false
false
false
AAAAAAAAAAAAAAAAAAAAAAAAAAAAAAAAAAAAAAAAAAAAAAAAAAAAAAAAAAAAAAAAAAAAAAAAAAAA
AAAAAAAAAAAAAAAAAAAAAAAAAAAAAAAAAAAAAAAAAAAAAAAAAAAAAAAAAAAAAAAAAAAAAAAAAAAA
AAAAAAAAAAAAAAAAAAAAAAAAAAAAAAAAAAAAAAAAAAAAAAAAAAAAAAAAAAAAAAAAAAAAAAAAAAAA
AAAAAAAAAAAAAAAAAAAAAAAAAAAAAAAAAAAAAAAAAAAAAAAAAAAAAAAAAAAAAAAAAAAAAAAAAAAA
AAAAAAAAAAAAAAAAAAAAAAAAAAAAAAAAAAAAAAAAAAAAAAAAAAAAAAAAAAAAAAAAAAAAAAAAAAAA
AAAAAAAAAAAAAAAAAAAAAAAAAAAAAAAAAAAAAAAAAAAAAAAAAAAAAAAAAAAAAAAAAAAAAAAAAAAA
AAAAAAAAAAAAAAAAAAAAAAAAAAAAAAAAAAAAAAAAAAAAAAAAAAAAAAAAAAAAAAAAAAAAAAAAAAAA
AAAAAAAAAAAAAAAAAAAAAAAAAAAAAAAAAAAAAAAAAAAAAAAAAAAAAAAAAAAAAAAAAAAAAAAAAAAA
AAAAAAAAAAAAAAAAAAAAAAAAAAAAAAAAAAAAAAAAAAAAAAAAAAAAAAAAAAAAAAAAAAAAAAAAAAAA
AAAAAAAAAAAAAAAAAAAAAAAAAAAAAAAAAAAAAAAAAAAAAAAAAAAAAAAAAAAAAAAAAAAAAAAAAAAA
AAAAAAAAAAAAAAAAAAAAAAAAAAAAAAAAAAAAAAAAAAAAAAAAAAAAAAAAAAAAAAAAAAAAAAAAAAAA
AAAAAAAAAAAAAAAAAAAAAAAAAAAAAAAAAAAAAAAAAAAAAAAAAAAAAAAAAAAAAAAAAAAAAAAAAAAA
AAAAAAAAAAAAAAAAAAAAAAAAAAAAAAAAAAAAAAAAAAAAAAAAAAAAAAAAAAAAAAAAAAAAAAAAAAAA
AAAAAAAAAAAAAAAAAAAAAAAAAAAAAAAAAAAAAAAAAAAAAAAAAAAAAAAAAAAAAAAAAAAAAAAAAAAA
AAAAAAAAAAAAAAAAAAAAAAAAAAAAAAAAAAAAAAAAAAAAAAAAAAAAAAAAAAAAAAAAAAAAAAAAAAAA
AAAAAAAAAAAAAAAAAAAAAAAAAAAAAAAAAAAAAAAAAAAAAAAAAAAAAAAAAAAAAAAAAAAAAAAAAAAA
AAAAAAAAAAAAAAAAAAAAAAAAAAAAAAAAAAAAAAAAAAAAAAAAAAAAAAAAAAAAAAAAAAAAAAAAAAAA
AAAAAAAAAAAAAAAAAAAAAAAAAAAAAAAAAAAAAAAAAAAAAAAAAAAAAAAAAAAAAAAAAAAAAAAAAAAA
AAAAAAAAAAAAAAAAAAAAAAAAAAAAAAAAAAAAAAAAAAAAAAAAAAAAAAAAAAAAAAAAAAAAAAAAAAAA
AAAAAAAAAAAAAAAAAAAAAAAAAAAAAAAAAAAAAAAAAAAAAAAAAAAAAAAAAAAAAAAAAAAAAAAAAAAA
AAAAAAAAAAAAAAAAAAAAAAAAAAAAAAAAAAAAAAAAAAAAAAAAAAAAAAAAAAAAAAAAAAAAAAAAAAAA
AAAAAAAAAAAAAAAAAAAAAAAAAAAAAAAAAAAAAAAAAAAAAAAAAAAAAAAAAAAAAAAAAAAAAAAAAAAA
AAAAAAAAAAAAAAAAAAAAAAAAAAAAAAAAAAAAAAAAAAAAAAAAAAAAAAAAAAAAAAAAAAAAAAAAAAAA
AAAAAAAAAAAAAAAAAAAAAAAAAAAAAAAAAAAAAAAAAAAAAAAAAAAAAAAAAAAAAAAAAAAAAAAAAAAA
AAAAAAAAAAAAAAAAAAAAAAAAAAAAAAAAAAAAAAAAAAAAAAAAAAAAAAAAAAAAAAAAAAAAAAAAAAAA
AAAAAAAAAAAAAAAAAAAAAAAAAAAAAAAAAAAAAAAAAAAAAAAAAAAAAAAAAAAAAAAAAAAAAAAAAAAA
AAAAAAAAAAAAAAAAAAAAAAAAAAAAAAAAAAAAAAAAAAAAAAAAAAAAAAAAAAAAAAAAAAAAAAAAAAAA
AAAAAAAAAAAAAAAAAAAAAAAAAAAAAAAAAAAAAAAAAAAAAAAAAAAAAAAAAAAAAAAAAAAAAAAAAAAA
AAAAAAAAAAAAAAAAAAAAAAAAAAAAAAAAAAAAAAAAAAAAAAAAAAAAAAAAAAAAAAAAAAAAAAAAAAAA
AAAAAAAAAAAAAAAAAAAAAAAAAAAAAAAAAAAAAAAAAAAAAAAAAAAAAAAAAAAAAAAAAAAAAAAAAAAA
AAAAAAAAAAAAAAAAAAAAAAAAAAAAAAAAAAAAAAAAAAAAAAAAAAAAAAAAAAAAAAAAAAAAAAAAAAAA
AAAAAAAAAAAAAAAAAAAAAAAAAAAAAAAAAAAAAAAAAAAAAAAAAAAAAAAAAAAAAAAAAAAAAAAAAAAA
AAAAAAAAAAAAAAAAAAAAAAAAAAAAAAAAAAAAAAAAAAAAAAAAAAAAAAAAAAAAAAAAAAAAAAAAAAAA
AAAAAAAAAAAAAAAAAAAAAAAAAAAAAAAAAAAAAAAAAAAAAAAAAAAAAAAAAAAAAAAAAAAAAAAAAAAA
AAAAAAAAAAAAAAAAAAAAAAAAAAAAAAAAAAAAAAAAAAAAAAAAAAAAAAAAAAAAAAAAAAAAAAAAAAAA
AAAAAAAAAAAAAAAAAAAAAAAAAAAAAAAAAAAAAAAAAAAAAAAAAAAAAAAAAAAAAAAAAAAAAAAAAAAA
AAAAAAAAAAAAAAAAAAAAAAAAAAAAAAAAAAAAAAAAAAAAAAAAAAAAAAAAAAAAAAAAAAAAAAAAAAAA
AAAAAAAAAAAAAAAAAAAAAAAAAAAAAAAAAAAAAAAAAAAAAAAAAAAAAAAAAAAAAAAAAAAAAAAAAAAA
AAAAAAAAAAAAAAAAAAAAAAAAAAAAAAAAAAAAAAAAAAAAAAAAAAAAAAAAAAAAAAAAAAAAAAAAAAAA
AAAAAAAAAAAAAAAAAAAAAAAAAAAAAAAAAAAAAAAAAAAAAAAAAAAAAAAAAAAAAAAAAAAAAAAAAAAA
AAAAAAAAAAAAAAAAAAAAAAAAAAAAAAAAAAAAAAAAAAAAAAAAAAAAAAAAAAAAAAAAAAAAAAAAAAAA
AAAAAAAAAAAAAAAAAAAAAAAAAAAAAAAAAAAAAAAAAAAAAAAAAAAAAAAAAAAAAAAAAAAAAAAAAAAA
AAAAAAAAAAAAAAAAAAAAAAAAAAAAAAAAAAAAAAAAAAAAAAAAAAAAAAAAAAAAAAAAAAAAAAAAAAAA
AAAAAAAAAAAAAAAAAAAAAAAAAAAAAAAAAAAAAAAAAAAAAAAAAAAAAAAAAAAAAAAAAAAAAAAAAAAA
AAAAAAAAAAAAAAAAAAAAAAAAAAAAAAAAAAAAAAAAAAAAAAAAAAAAAAAAAAAAAAAAAAAAAAAAAAAA
AAAAAAAAAAAAAAAAAAAAAAAAAAAAAAAAAAAAAAAAAAAAAAAAAAAAAAAAAAAAAAAAAAAAAAAAAAAA
AAAAAAAAAAAAAAAAAAAAAAAAAAAAAAAAAAAAAAAAAAAAAAAAAAAAAAAAAAAAAAAAAAAAAAAAAAAA
AAAAAAAAAAAAAAAAAAAAAAAAAAAAAAAAAAAAAAAAAAAAAAAAAAAAAAAAAAAAAAAAAAAAAAAAAAAA
AAAAAAAAAAAAAAAAAAAAAAAAAAAAAAAAAAAAAAAAAAAAAAAAAAAAAAAAAAAAAAAAAAAAAAAAAAAA
AAAAAAAAAAAAAAAAAAAAAAAAAAAAAAAAAAAAAAAAAAAAAAAAAAAAAAAAAAAAAAAAAAAAAAAAAAAA
AAAAAAAAAAAAAAAAAAAAAAAAAAAAAAAAAAAAAAAAAAAAAAAAAAAAAAAAAAAAAAAAAAAAAAAAAAAA
AAAAAAAAAAAAAAAAAAAAAAAAAAAAAAAAAAAAAAAAAAAAAAAAAAAAAAAAAAAAAAAAAAAAAAAAAAAA
AAAAAAAAAAAAAAAAAAAAAAAAAAAAAAAAAAAAAAAAAAAAAAAAAAAAAAAAAAAAAAAAAAAAAAAAAAAA
AAAAAAAAAAAAAAAAAAAAAAAAAAAAAAAAAAAAAAAAAAAAAAAAAAAAAAAAAAAAAAAAAAAAAAAAAAAA
AAAAAAAAAAAAAAAAAAAAAAAAAAAAAAAAAAAAAAAAAAAAAAAAAAAAAAAAAAAAAAAAAAAAAAAAAAAA
AAAAAAAAAAAAAAAAAAAAAAAAAAAAAAAAAAAAAAAAAAAAAAAAAAAAAAAAAAAAAAAAAAAAAAAAAAAA
AAAAAAAAAAAAAAAAAAAAAAAAAAAAAAAAAAAAAAAAAAAAAAAAAAAAAAAAAAAAAAAAAAAAAAAAAAAA
AAAAAAAAAAAAAAAAAAAAAAAAAAAAAAAAAAAAAAAAAAAAAAAAAAAAAAAAAAAAAAAAAAAAAAAAAAAA
AAAAAAAAAAAAAAAAAAAAAAAAAAAAAAAAAAAAAAAAAAAAAAAAAAAAAAAAAAAAAAAAAAAAAAAAAAAA
AAAAAAAAAAAAAAAAAAAAAAAAAAAAAAAAAAAAAAAAAAAAAAAAAAAAAAAAAAAAAAAAAAAAAAAAAAAA
AAAAAAAAAAAAAAAAAAAAAAAAAAAAAAAAAAAAAAAAAAAAAAAAAAAAAAAAAAAAAAAAAAAAAAAAAAAA
AAAAAAAAAAAAAAAAAAAAAAAAAAAAAAAAAAAAAAAAAAAAAAAAAAAAAAAAAAAAAAAAAAAAAAAAAAAA
AAAAAAAAAAAAAAAAAAAAAAAAAAAAAAAAAAAAAAAAAAAAAAAAAAAAAAAAAAAAAAAAAAAAAAAAAAAA
AAAAAAAAAAAAAAAAAAAAAAAAAAAAAAAAAAAAAAAAAAAAAAAAAAAAAAAAAAAAAAAAAAAAAAAAAAAA
AAAAAAAAAAAAAAAAAAAAAAAAAAAAAAAAAAAAAAAAAAAAAAAAAAAAAAAAAAAAAAAAAAAAAAAAAAAA
AAAAAAAAAAAAAAAAAAAAAAAAAAAAAAAAAAAAAAAAAAAAAAAAAAAAAAAAAAAAAAAAAAAAAAAAAAAA
AAAAAAAAAAAAAAAAAAAAAAAAAAAAAAAAAAAAAAAAAAAAAAAAAAAAAAAAAAAAAAAAAAAAAAAAAAAA
AAAAAAAAAAAAAAAAAAAAAAAAAAAAAAAAAAAAAAAAAAAAAAAAAAAAAAAAAAAAAAAAAAAAAAAAAAAA
AAAAAAAAAAAAAAAAAAAAAAAAAAAAAAAAAAAAAAAAAAAAAAAAAAAAAAAAAAAAAAAAAAAAAAAAAAAA
AAAAAAAAAAAAAAAAAAAAAAAAAAAAAAAAAAAAAAAAAAAAAAAAAAAAAAAAAAAAAAAAAAAAAAAAAAAA
AAAAAAAAAAAAAAAAAAAAAAAAAAAAAAAAAAAAAAAAAAAAAAAAAAAAAAAAAAAAAAAAAAAAAAAAAAAA
AAAAAAAAAAAAAAAAAAAAAAAAAAAAAAAAAAAAAAAAAAAAAAAAAAAAAAAAAAAAAAAAAAAAAAAAAAAA
AAAAAAAAAAAAAAAAAAAAAAAAAAAAAAAAAAAAAAAAAAAAAAAAAAAAAAAAAAAAAAAAAAAAAAAAAAAA
AAAAAAAAAAAAAAAAAAAAAAAAAAAAAAAAAAAAAAAAAAAAAAAAAAAAAAAAAAAAAAAAAAAAAAAAAAAA
AAAAAAAAAAAAAAAAAAAAAAAAAAAAAAAAAAAAAAAAAAAAAAAAAAAAAAAAAAAAAAAAAAAAAAAAAAAA
AAAAAAAAAAAAAAAAAAAAAAAAAAAAAAAAAAAAAAAAAAAAAAAAAAAAAAAAAAAAAAAAAAAAAAAAAAAA
AAAAAAAAAAAAAAAAAAAAAAAAAAAAAAAAAAAAAAAAAAAAAAAAAAAAAAAAAAAAAAAAAAAAAAAAAAAA
AAAAAAAAAAAAAAAAAAAAAAAAAAAAAAAAAAAAAAAAAAAAAAAAAAAAAAAAAAAAAAAAAAAAAAAAAAAA
AAAAAAAAAAAAAAAAAAAAAAAAAAAAAAAAAAAAAAAAAAAAAAAAAAAAAAAAAAAAAAAAAAAAAAAAAAAA
AAAAAAAAAAAAAAAAAAAAAAAAAAAAAAAAAAAAAAAAAAAAAAAAAAAAAAAAAAAAAAAAAAAAAAAAAAAA
AAAAAAAAAAAAAAAAAAAAAAAAAAAAAAAAAAAAAAAAAAAAAAAAAAAAAAAAAAAAAAAAAAAAAAAAAAAA
AAAAAAAAAAAAAAAAAAAAAAAAAAAAAAAAAAAAAAAAAAAAAAAAAAAAAAAAAAAAAAAAAAAAAAAAAAAA
AAAAAAAAAAAAAAAAAAAAAAAAAAAAAAAAAAAAAAAAAAAAAAAAAAAAAAAAAAAAAAAAAAAAAAAAAAAA
AAAAAAAAAAAAAAAAAAAAAAAAAAAAAAAAAAAAAAAAAAAAAAAAAAAAAAAAAAAAAAAAAAAAAAAAAAAA
AAAAAAAAAAAAAAAAAAAAAAAAAAAAAAAAAAAAAAAAAAAAAAAAAAAAAAAAAAAAAAAAAAAAAAAAAAAA
AAAAAAAAAAAAAAAAAAAAAAAAAAAAAAAAAAAAAAAAAAAAAAAAAAAAAAAAAAAAAAAAAAAAAAAAAAAA
AAAAAAAAAAAAAAAAAAAAAAAAAAAAAAAAAAAAAAAAAAAAAAAAAAAAAAAAAAAAAAAAAAAAAAAAAAAA
AAAAAAAAAAAAAAAAAAAAAAAAAAAAAAAAAAAAAAAAAAAAAAAAAAAAAAAAAAAAAAAAAAAAAAAAAAAA
AAAAAAAAAAAAAAAAAAAAAAAAAAAAAAAAAAAAAAAAAAAAAAAAAAAAAAAAAAAAAAAAAAAAAAAAAAAA
AAAAAAAAAAAAAAAAAAAAAAAAAAAAAAAAAAAAAAAAAAAAAAAAAAAAAAAAAAAAAAAAAAAAAAAAAAAA
AAAAAAAAAAAAAAAAAAAAAAAAAAAAAAAAAAAAAAAAAAAAAAAAAAAAAAAAAAAAAAAAAAAAAAAAAAAA
AAAAAAAAAAAAAAAAAAAAAAAAAAAAAAAAAAAAAAAAAAAAAAAAAAAAAAAAAAAAAAAAAAAAAAAAAAAA
AAAAAAAAAAAAAAAAAAAAAAAAAAAAAAAAAAAAAAAAAAAAAAAAAAAAAAAAAAAAAAAAAAAAAAAAAAAA
AAAAAAAAAAAAAAAAAAAAAAAAAAAAAAAAAAAAAAAAAAAAAAAAAAAAAAAAAAAAAAAAAAAAAAAAAAAA
AAAAAAAAAAAAAAAAAAAAAAAAAAAAAAAAAAAAAAAAAAAAAAAAAAAAAAAAAAAAAAAAAAAAAAAAAAAA
AAAAAAAAAAAAAAAAAAAAAAAAAAAAAAAAAAAAAAAAAAAAAAAAAAAAAAAAAAAAAAAAAAAAAAAAAAAA
AAAAAAAAAAAAAAAAAAAAAAAAAAAAAAAAAAAAAAAAAAAAAAAAAAAAAAAAAAAAAAAAAAAAAAAAAAAA
AAAAAAAAAAAAAAAAAAAAAAAAAAAAAAAAAAAAAAAAAAAAAAAAAAAAAAAAAAAAAAAAAAAAAAAAAAAA
AAAAAAAAAAAAAAAAAAAAAAAAAAAAAAAAAAAAAAAAAAAAAAAAAAAAAAAAAAAAAAAAAAAAAAAAAAAA
AAAAAAAAAAAAAAAAAAAAAAAAAAAAAAAAAAAAAAAAAAAAAAAAAAAAAAAAAAAAAAAAAAAAAAAAAAAA
AAAAAAAAAAAAAAAAAAAAAAAAAAAAAAAAAAAAAAAAAAAAAAAAAAAAAAAAAAAAAAAAAAAAAAAAAAAA
AAAAAAAAAAAAAAAAAAAAAAAAAAAAAAAAAAAAAAAAAAAAAAAAAAAAAAAAAAAAAAAAAAAAAAAAAAAA
AAAAAAAAAAAAAAAAAAAAAAAAAAAAAAAAAAAAAAAAAAAAAAAAAAAAAAAAAAAAAAAAAAAAAAAAAAAA
AAAAAAAAAAAAAAAAAAAAAAAAAAAAAAAAAAAAAAAAAAAAAAAAAAAAAAAAAAAAAAAAAAAAAAAAAAAA
AAAAAAAAAAAAAAAAAAAAAAAAAAAAAAAAAAAAAAAAAAAAAAAAAAAAAAAAAAAAAAAAAAAAAAAAAAAA
AAAAAAAAAAAAAAAAAAAAAAAAAAAAAAAAAAAAAAAAAAAAAAAAAAAAAAAAAAAAAAAAAAAAAAAAAAAA
AAAAAAAAAAAAAAAAAAAAAAAAAAAAAAAAAAAAAAAAAAAAAAAAAAAAAAAAAAAAAAAAAAAAAAAAAAAA
AAAAAAAAAAAAAAAAAAAAAAAAAAAAAAAAAAAAAAAAAAAAAAAAAAAAAAAAAAAAAAAAAAAAAAAAAAAA
AAAAAAAAAAAAAAAAAAAAAAAAAAAAAAAAAAAAAAAAAAAAAAAAAAAAAAAAAAAAAAAAAAAAAAAAAAAA
AAAAAAAAAAAAAAAAAAAAAAAAAAAAAAAAAAAAAAAAAAAAAAAAAAAAAAAAAAAAAAAAAAAAAAAAAAAA
AAAAAAAAAAAAAAAAAAAAAAAAAAAAAAAAAAAAAAAAAAAAAAAAAAAAAAAAAAAAAAAAAAAAAAAAAAAA
AAAAAAAAAAAAAAAAAAAAAAAAAAAAAAAAAAAAAAAAAAAAAAAAAAAAAAAAAAAAAAAAAAAAAAAAAAAA
AAAAAAAAAAAAAAAAAAAAAAAAAAAAAAAAAAAAAAAAAAAAAAAAAAAAAAAAAAAAAAAAAAAAAAAAAAAA
AAAAAAAAAAAAAAAAAAAAAAAAAAAAAAAAAAAAAAAAAAAAAAAAAAAAAAAAAAAAAAAAAAAAAAAAAAAA
AAAAAAAAAAAAAAAAAAAAAAAAAAAAAAAAAAAAAAAAAAAAAAAAAAAAAAAAAAAAAAAAAAAAAAAAAAAA
AAAAAAAAAAAAAAAAAAAAAAAAAAAAAAAAAAAAAAAAAAAAAAAAAAAAAAAAAAAAAAAAAAAAAAAAAAAA
AAAAAAAAAAAAAAAAAAAAAAAAAAAAAAAAAAAAAAAAAAAAAAAAAAAAAAAAAAAAAAAAAAAAAAAAAAAA
AAAAAAAAAAAAAAAAAAAAAAAAAAAAAAAAAAAAAAAAAAAAAAAAAAAAAAAAAAAAAAAAAAAAAAAAAAAA
AAAAAAAAAAAAAAAAAAAAAAAAAAAAAAAAAAAAAAAAAAAAAAAAAAAAAAAAAAAAAAAAAAAAAAAAAAAA
AAAAAAAAAAAAAAAAAAAAAAAAAAAAAAAAAAAAAAAAAAAAAAAAAAAAAAAAAAAAAAAAAAAAAAAAAAAA
AAAAAAAAAAAAAAAAAAAAAAAAAAAAAAAAAAAAAAAAAAAAAAAAAAAAAAAAAAAAAAAAAAAAAAAAAAAA
AAAAAAAAAAAAAAAAAAAAAAAAAAAAAAAAAAAAAAAAAAAAAAAAAAAAAAAAAAAAAAAAAAAAAAAAAAAA
AAAAAAAAAAAAAAAAAAAAAAAAAAAAAAAAAAAAAAAAAAAAAAAAAAAAAAAAAAAAAAAAAAAAAAAAAAAA
AAAAAAAAAAAAAAAAAAAAAAAAAAAAAAAAAAAAAAAAAAAAAAAAAAAAAAAAAAAAAAAAAAAAAAAAAAAA
AAAAAAAAAAAAAAAAAAAAAAAAAAAAAAAAAAAAAAAAAAAAAAAAAAAAAAAAAAAAAAAAAAAAAAAAAAAA
AAAAAAAAAAAAAAAAAAAAAAAAAAAAAAAAAAAAAAAAAAAAAAAAAAAAAAAAAAAAAAAAAAAAAAAAAAAA
AAAAAAAAAAAAAAAAAAAAAAAAAAAAAAAAAAAAAAAAAAAAAAAAAAAAAAAAAAAAAAAAAAAAAAAAAAAA
AAAAAAAAAAAAAAAAAAAAAAAAAAAAAAAAAAAAAAAAAAAAAAAAAAAAAAAAAAAAAAAAAAAAAAAAAAAA
AAAAAAAAAAAAAAAAAAAAAAAAAAAAAAAAAAAAAAAAAAAAAAAAAAAAAAAAAAAAAAAAAAAAAAAAAAAA
AAAAAAAAAAAAAAAAAAAAAAAAAAAAAAAAAAAAAAAAAAAAAAAAAAAAAAAAAAAAAAAAAAAAAAAAAAAA
AAAAAAAAAAAAAAAAAAAAAAAAAAAAAAAAAAAAAAAAAAAAAAAAAAAAAAAAAAAAAAAAAAAAAAAAAAAA
AAAAAAAAAAAAAAAAAAAAAAAAAAAAAAAAAAAAAAAAAAAAAAAAAAAAAAAAAAAAAAAAAAAAAAAAAAAA
AAAAAAAAAAAAAAAAAAAAAAAAAAAAAAAAAAAAAAAAAAAAAAAAAAAAAAAAAAAAAAAAAAAAAAAAAAAA
AAAAAAAAAAAAAAAAAAAAAAAAAAAAAAAAAAAAAAAAAAAAAAAAAAAAAAAAAAAAAAAAAAAAAAAAAAAA
AAAAAAAAAAAAAAAAAAAAAAAAAAAAAAAAAAAAAAAAAAAAAAAAAAAAAAAAAAAAAAAAAAAAAAAAAAAA
AAAAAAAAAAAAAAAAAAAAAAAAAAAAAAAAAAAAAAAAAAAAAAAAAAAAAAAAAAAAAAAAAAAAAAAAAAAA
AAAAAAAAAAAAAAAAAAAAAAAAAAAAAAAAAAAAAAAAAAAAAAAAAAAAAAAAAAAAAAAAAAAAAAAAAAAA
AAAAAAAAAAAAAAAAAAAAAAAAAAAAAAAAAAAAAAAAAAAAAAAAAAAAAAAAAAAAAAAAAAAAAAAAAAAA
AAAAAAAAAAAAAAAAAAAAAAAAAAAAAAAAAAAAAAAAAAAAAAAAAAAAAAAAAAAAAAAAAAAAAAAAAAAA
AAAAAAAAAAAAAAAAAAAAAAAAAAAAAAAAAAAAAAAAAAAAAAAAAAAAAAAAAAAAAAAAAAAAAAAAAAAA
AAAAAAAAAAAAAAAAAAAAAAAAAAAAAAAAAAAAAAAAAAAAAAAAAAAAAAAAAAAAAAAAAAAAAAAAAAAA
AAAAAAAAAAAAAAAAAAAAAAAAAAAAAAAAAAAAAAAAAAAAAAAAAAAAAAAAAAAAAAAAAAAAAAAAAAAA
AAAAAAAAAAAAAAAAAAAAAAAAAAAAAAAAAAAAAAAAAAAAAAAAAAAAAAAAAAAAAAAAAAAAAAAAAAAA
AAAAAAAAAAAAAAAAAAAAAAAAAAAAAAAAAAAAAAAAAAAAAAAAAAAAAAAAAAAAAAAAAAAAAAAAAAAA
AAAAAAAAAAAAAAAAAAAAAAAAAAAAAAAAAAAAAAAAAAAAAAAAAAAAAAAAAAAAAAAAAAAAAAAAAAAA
AAAAAAAAAAAAAAAAAAAAAAAAAAAAAAAAAAAAAAAAAAAAAAAAAAAAAAAAAAAAAAAAAAAAAAAAAAAA
AAAAAAAAAAAAAAAAAAAAAAAAAAAAAAAAAAAAAAAAAAAAAAAAAAAAAAAAAAAAAAAAAAAAAAAAAAAA
AAAAAAAAAAAAAAAAAAAAAAAAAAAAAAAAAAAAAAAAAAAAAAAAAAAAAAAAAAAAAAAAAAAAAAAAAAAA
AAAAAAAAAAAAAAAAAAAAAAAAAAAAAAAAAAAAAAAAAAAAAAAAAAAAAAAAAAAAAAAAAAAAAAAAAAAA
AAAAAAAAAAAAAAAAAAAAAAAAAAAAAAAAAAAAAAAAAAAAAAAAAAAAAAAAAAAAAAAAAAAAAAAAAAAA
AAAAAAAAAAAAAAAAAAAAAAAAAAAAAAAAAAAAAAAAAAAAAAAAAAAAAAAAAAAAAAAAAAAAAAAAAAAA
AAAAAAAAAAAAAAAAAAAAAAAAAAAAAAAAAAAAAAAAAAAAAAAAAAAAAAAAAAAAAAAAAAAAAAAAAAAA
AAAAAAAAAAAAAAAAAAAAAAAAAAAAAAAAAAAAAAAAAAAAAAAAAAAAAAAAAAAAAAAAAAAAAAAAAAAA
AAAAAAAAAAAAAAAAAAAAAAAAAAAAAAAAAAAAAAAAAAAAAAAAAAAAAAAAAAAAAAAAAAAAAAAAAAAA
AAAAAAAAAAAAAAAAAAAAAAAAAAAAAAAAAAAAAAAAAAAAAAAAAAAAAAAAAAAAAAAAAAAAAAAAAAAA
AAAAAAAAAAAAAAAAAAAAAAAAAAAAAAAAAAAAAAAAAAAAAAAAAAAAAAAAAAAAAAAAAAAAAAAAAAAA
AAAAAAAAAAAAAAAAAAAAAAAAAAAAAAAAAAAAAAAAAAAAAAAAAAAAAAAAAAAAAAAAAAAAAAAAAAAA
AAAAAAAAAAAAAAAAAAAAAAAAAAAAAAAAAAAAAAAAAAAAAAAAAAAAAAAAAAAAAAAAAAAAAAAAAAAA
AAAAAAAAAAAAAAAAAAAAAAAAAAAAAAAAAAAAAAAAAAAAAAAAAAAAAAAAAAAAAAAAAAAAAAAAAAAA
AAAAAAAAAAAAAAAAAAAAAAAAAAAAAAAAAAAAAAAAAAAAAAAAAAAAAAAAAAAAAAAAAAAAAAAAAAAA
AAAAAAAAAAAAAAAAAAAAAAAAAAAAAAAAAAAAAAAAAAAAAAAAAAAAAAAAAAAAAAAAAAAAAAAAAAAA
AAAAAAAAAAAAAAAAAAAAAAAAAAAAAAAAAAAAAAAAAAAAAAAAAAAAAAAAAAAAAAAAAAAAAAAAAAAA
AAAAAAAAAAAAAAAAAAAAAAAAAAAAAAAAAAAAAAAAAAAAAAAAAAAAAAAAAAAAAAAAAAAAAAAAAAAA
AAAAAAAAAAAAAAAAAAAAAAAAAAAAAAAAAAAAAAAAAAAAAAAAAAAAAAAAAAAAAAAAAAAAAAAAAAAA
AAAAAAAAAAAAAAAAAAAAAAAAAAAAAAAAAAAAAAAAAAAAAAAAAAAAAAAAAAAAAAAAAAAAAAAAAAAA
AAAAAAAAAAAAAAAAAAAAAAAAAAAAAAAAAAAAAAAAAAAAAAAAAAAAAAAAAAAAAAAAAAAAAAAAAAAA
AAAAAAAAAAAAAAAAAAAAAAAAAAAAAAAAAAAAAAAAAAAAAAAAAAAAAAAAAAAAAAAAAAAAAAAAAAAA
AAAAAAAAAAAAAAAAAAAAAAAAAAAAAAAAAAAAAAAAAAAAAAAAAAAAAAAAAAAAAAAAAAAAAAAAAAAA
AAAAAAAAAAAAAAAAAAAAAAAAAAAAAAAAAAAAAAAAAAAAAAAAAAAAAAAAAAAAAAAAAAAAAAAAAAAA
AAAAAAAAAAAAAAAAAAAAAAAAAAAAAAAAAAAAAAAAAAAAAAAAAAAAAAAAAAAAAAAAAAAAAAAAAAAA
AAAAAAAAAAAAAAAAAAAAAAAAAAAAAAAAAAAAAAAAAAAAAAAAAAAAAAAAAAAAAAAAAAAAAAAAAAAA
AAAAAAAAAAAAAAAAAAAAAAAAAAAAAAAAAAAAAAAAAAAAAAAAAAAAAAAAAAAAAAAAAAAAAAAAAAAA
AAAAAAAAAAAAAAAAAAAAAAAAAAAAAAAAAAAAAAAAAAAAAAAAAAAAAAAAAAAAAAAAAAAAAAAAAAAA
AAAAAAAAAAAAAAAAAAAAAAAAAAAAAAAAAAAAAAAAAAAAAAAAAAAAAAAAAAAAAAAAAAAAAAAAAAAA
AAAAAAAAAAAAAAAAAAAAAAAAAAAAAAAAAAAAAAAAAAAAAAAAAAAAAAAAAAAAAAAAAAAAAAAAAAAA
AAAAAAAAAAAAAAAAAAAAAAAAAAAAAAAAAAAAAAAAAAAAAAAAAAAAAAAAAAAAAAAAAAAAAAAAAAAA
AAAAAAAAAAAAAAAAAAAAAAAAAAAAAAAAAAAAAAAAAAAAAAAAAAAAAAAAAAAAAAAAAAAAAAAAAAAA
AAAAAAAAAAAAAAAAAAAAAAAAAAAAAAAAAAAAAAAAAAAAAAAAAAAAAAAAAAAAAAAAAAAAAAAAAAAA
AAAAAAAAAAAAAAAAAAAAAAAAAAAAAAAAAAAAAAAAAAAAAAAAAAAAAAAAAAAAAAAAAAAAAAAAAAAA
AAAAAAAAAAAAAAAAAAAAAAAAAAAAAAAAAAAAAAAAAAAAAAAAAAAAAAAAAAAAAAAAAAAAAAAAAAAA
AAAAAAAAAAAAAAAAAAAAAAAAAAAAAAAAAAAAAAAAAAAAAAAAAAAAAAAAAAAAAAAAAAAAAAAAAAAA
AAAAAAAAAAAAAAAAAAAAAAAAAAAAAAAAAAAAAAAAAAAAAAAAAAAAAAAAAAAAAAAAAAAAAAAAAAAA
AAAAAAAAAAAAAAAAAAAAAAAAAAAAAAAAAAAAAAAAAAAAAAAAAAAAAAAAAAAAAAAAAAAAAAAAAAAA
AAAAAAAAAAAAAAAAAAAAAAAAAAAAAAAAAAAAAAAAAAAAAAAAAAAAAAAAAAAAAAAAAAAAAAAAAAAA
AAAAAAAAAAAAAAAAAAAAAAAAAAAAAAAAAAAAAAAAAAAAAAAAAAAAAAAAAAAAAAAAAAAAAAAAAAAA
AAAAAAAAAAAAAAAAAAAAAAAAAAAAAAAAAAAAAAAAAAAAAAAAAAAAAAAAAAAAAAAAAAAAAAAAAAAA
AAAAAAAAAAAAAAAAAAAAAAAAAAAAAAAAAAAAAAAAAAAAAAAAAAAAAAAAAAAAAAAAAAAAAAAAAAAA
AAAAAAAAAAAAAAAAAAAAAAAAAAAAAAAAAAAAAAAAAAAAAAAAAAAAAAAAAAAAAAAAAAAAAAAAAAAA
AAAAAAAAAAAAAAAAAAAAAAAAAAAAAAAAAAAAAAAAAAAAAAAAAAAAAAAAAAAAAAAAAAAAAAAAAAAA
AAAAAAAAAAAAAAAAAAAAAAAAAAAAAAAAAAAAAAAAAAAAAAAAAAAAAAAAAAAAAAAAAAAAAAAAAAAA
AAAAAAAAAAAAAAAAAAAAAAAAAAAAAAAAAAAAAAAAAAAAAAAAAAAAAAAAAAAAAAAAAAAAAAAAAAAA
AAAAAAAAAAAAAAAAAAAAAAAAAAAAAAAAAAAAAAAAAAAAAAAAAAAAAAAAAAAAAAAAAAAAAAAAAAAA
AAAAAAAAAAAAAAAAAAAAAAAAAAAAAAAAAAAAAAAAAAAAAAAAAAAAAAAAAAAAAAAAAAAAAAAAAAAA
AAAAAAAAAAAAAAAAAAAAAAAAAAAAAAAAAAAAAAAAAAAAAAAAAAAAAAAAAAAAAAAAAAAAAAAAAAAA
AAAAAAAAAAAAAAAAAAAAAAAAAAAAAAAAAAAAAAAAAAAAAAAAAAAAAAAAAAAAAAAAAAAAAAAAAAAA
AAAAAAAAAAAAAAAAAAAAAAAAAAAAAAAAAAAAAAAAAAAAAAAAAAAAAAAAAAAAAAAAAAAAAAAAAAAA
AAAAAAAAAAAAAAAAAAAAAAAAAAAAAAAAAAAAAAAAAAAAAAAAAAAAAAAAAAAAAAAAAAAAAAAAAAAA
AAAAAAAAAAAAAAAAAAAAAAAAAAAAAAAAAAAAAAAAAAAAAAAAAAAAAAAAAAAAAAAAAAAAAAAAAAAA
AAAAAAAAAAAAAAAAAAAAAAAAAAAAAAAAAAAAAAAAAAAAAAAAAAAAAAAAAAAAAAAAAAAAAAAAAAAA
AAAAAAAAAAAAAAAAAAAAAAAAAAAAAAAAAAAAAAAAAAAAAAAAAAAAAAAAAAAAAAAAAAAAAAAAAAAA
AAAAAAAAAAAAAAAAAAAAAAAAAAAAAAAAAAAAAAAAAAAAAAAAAAAAAAAAAAAAAAAAAAAAAAAAAAAA
AAAAAAAAAAAAAAAAAAAAAAAAAAAAAAAAAAAAAAAAAAAAAAAAAAAAAAAAAAAAAAAAAAAAAAAAAAAA
AAAAAAAAAAAAAAAAAAAAAAAAAAAAAAAAAAAAAAAAAAAAAAAAAAAAAAAAAAAAAAAAAAAAAAAAAAAA
AAAAAAAAAAAAAAAAAAAAAAAAAAAAAAAAAAAAAAAAAAAAAAAAAAAAAAAAAAAAAAAAAAAAAAAAAAAA
AAAAAAAAAAAAAAAAAAAAAAAAAAAAAAAAAAAAAAAAAAAAAAAAAAAAAAAAAAAAAAAAAAAAAAAAAAAA
AAAAAAAAAAAAAAAAAAAAAAAAAAAAAAAAAAAAAAAAAAAAAAAAAAAAAAAAAAAAAAAAAAAAAAAAAAAA
AAAAAAAAAAAAAAAAAAAAAAAAAAAAAAAAAAAAAAAAAAAAAAAAAAAAAAAAAAAAAAAAAAAAAAAAAAAA
AAAAAAAAAAAAAAAAAAAAAAAAAAAAAAAAAAAAAAAAAAAAAAAAAAAAAAAAAAAAAAAAAAAAAAAAAAAA
AAAAAAAAAAAAAAAAAAAAAAAAAAAAAAAAAAAAAAAAAAAAAAAAAAAAAAAAAAAAAAAAAAAAAAAAAAAA
AAAAAAAAAAAAAAAAAAAAAAAAAAAAAAAAAAAAAAAAAAAAAAAAAAAAAAAAAAAAAAAAAAAAAAAAAAAA
AAAAAAAAAAAAAAAAAAAAAAAAAAAAAAAAAAAAAAAAAAAAAAAAAAAAAAAAAAAAAAAAAAAAAAAAAAAA
AAAAAAAAAAAAAAAAAAAAAAAAAAAAAAAAAAAAAAAAAAAAAAAAAAAAAAAAAAAAAAAAAAAAAAAAAAAA
AAAAAAAAAAAAAAAAAAAAAAAAAAAAAAAAAAAAAAAAAAAAAAAAAAAAAAAAAAAAAAAAAAAAAAAAAAAA
AAAAAAAAAAAAAAAAAAAAAAAAAAAAAAAAAAAAAAAAAAAAAAAAAAAAAAAAAAAAAAAAAAAAAAAAAAAA
AAAAAAAAAAAAAAAAAAAAAAAAAAAAAAAAAAAAAAAAAAAAAAAAAAAAAAAAAAAAAAAAAAAAAAAAAAAA
AAAAAAAAAAAAAAAAAAAAAAAAAAAAAAAAAAAAAAAAAAAAAAAAAAAAAAAAAAAAAAAAAAAAAAAAAAAA
AAAAAAAAAAAAAAAAAAAAAAAAAAAAAAAAAAAAAAAAAAAAAAAAAAAAAAAAAAAAAAAAAAAAAAAAAAAA
AAAAAAAAAAAAAAAAAAAAAAAAAAAAAAAAAAAAAAAAAAAAAAAAAAAAAAAAAAAAAAAAAAAAAAAAAAAA
AAAAAAAAAAAAAAAAAAAAAAAAAAAAAAAAAAAAAAAAAAAAAAAAAAAAAAAAAAAAAAAAAAAAAAAAAAAA
AAAAAAAAAAAAAAAAAAAAAAAAAAAAAAAAAAAAAAAAAAAAAAAAAAAAAAAAAAAAAAAAAAAAAAAAAAAA
AAAAAAAAAAAAAAAAAAAAAAAAAAAAAAAAAAAAAAAAAAAAAAAAAAAAAAAAAAAAAAAAAAAAAAAAAAAA
AAAAAAAAAAAAAAAAAAAAAAAAAAAAAAAAAAAAAAAAAAAAAAAAAAAAAAAAAAAAAAAAAAAAAAAAAAAA
AAAAAAAAAAAAAAAAAAAAAAAAAAAAAAAAAAAAAAAAAAAAAAAAAAAAAAAAAAAAAAAAAAAAAAAAAAAA
AAAAAAAAAAAAAAAAAAAAAAAAAAAAAAAAAAAAAAAAAAAAAAAAAAAAAAAAAAAAAAAAAAAAAAAAAAAA
AAAAAAAAAAAAAAAAAAAAAAAAAAAAAAAAAAAAAAAAAAAAAAAAAAAAAAAAAAAAAAAAAAAAAAAAAAAA
AAAAAAAAAAAAAAAAAAAAAAAAAAAAAAAAAAAAAAAAAAAAAAAAAAAAAAAAAAAAAAAAAAAAAAAAAAAA
AAAAAAAAAAAAAAAAAAAAAAAAAAAAAAAAAAAAAAAAAAAAAAAAAAAAAAAAAAAAAAAAAAAAAAAAAAAA
AAAAAAAAAAAAAAAAAAAAAAAAAAAAAAAAAAAAAAAAAAAAAAAAAAAAAAAAAAAAAAAAAAAAAAAAAAAA
AAAAAAAAAAAAAAAAAAAAAAAAAAAAAAAAAAAAAAAAAAAAAAAAAAAAAAAAAAAAAAAAAAAAAAAAAAAA
AAAAAAAAAAAAAAAAAAAAAAAAAAAAAAAAAAAAAAAAAAAAAAAAAAAAAAAAAAAAAAAAAAAAAAAAAAAA
AAAAAAAAAAAAAAAAAAAAAAAAAAAAAAAAAAAAAAAAAAAAAAAAAAAAAAAAAAAAAAAAAAAAAAAAAAAA
AAAAAAAAAAAAAAAAAAAAAAAAAAAAAAAAAAAAAAAAAAAAAAAAAAAAAAAAAAAAAAAAAAAAAAAAAAAA
AAAAAAAAAAAAAAAAAAAAAAAAAAAAAAAAAAAAAAAAAAAAAAAAAAAAAAAAAAAAAAAAAAAAAAAAAAAA
AAAAAAAAAAAAAAAAAAAAAAAAAAAAAAAAAAAAAAAAAAAAAAAAAAAAAAAAAAAAAAAAAAAAAAAAAAAA
AAAAAAAAAAAAAAAAAAAAAAAAAAAAAAAAAAAAAAAAAAAAAAAAAAAAAAAAAAAAAAAAAAAAAAAAAAAA
AAAAAAAAAAAAAAAAAAAAAAAAAAAAAAAAAAAAAAAAAAAAAAAAAAAAAAAAAAAAAAAAAAAAAAAAAAAA
AAAAAAAAAAAAAAAAAAAAAAAAAAAAAAAAAAAAAAAAAAAAAAAAAAAAAAAAAAAAAAAAAAAAAAAAAAAA
AAAAAAAAAAAAAAAAAAAAAAAAAAAAAAAAAAAAAAAAAAAAAAAAAAAAAAAAAAAAAAAAAAAAAAAAAAAA
AAAAAAAAAAAAAAAAAAAAAAAAAAAAAAAAAAAAAAAAAAAAAAAAAAAAAAAAAAAAAAAAAAAAAAAAAAAA
AAAAAAAAAAAAAAAAAAAAAAAAAAAAAAAAAAAAAAAAAAAAAAAAAAAAAAAAAAAAAAAAAAAAAAAAAAAA
AAAAAAAAAAAAAAAAAAAAAAAAAAAAAAAAAAAAAAAAAAAAAAAAAAAAAAAAAAAAAAAAAAAAAAAAAAAA
AAAAAAAAAAAAAAAAAAAAAAAAAAAAAAAAAAAAAAAAAAAAAAAAAAAAAAAAAAAAAAAAAAAAAAAAAAAA
AAAAAAAAAAAAAAAAAAAAAAAAAAAAAAAAAAAAAAAAAAAAAAAAAAAAAAAAAAAAAAAAAAAAAAAAAAAA
AAAAAAAAAAAAAAAAAAAAAAAAAAAAAAAAAAAAAAAAAAAAAAAAAAAAAAAAAAAAAAAAAAAAAAAAAAAA
AAAAAAAAAAAAAAAAAAAAAAAAAAAAAAAAAAAAAAAAAAAAAAAAAAAAAAAAAAAAAAAAAAAAAAAAAAAA
AAAAAAAAAAAAAAAAAAAAAAAAAAAAAAAAAAAAAAAAAAAAAAAAAAAAAAAAAAAAAAAAAAAAAAAAAAAA
AAAAAAAAAAAAAAAAAAAAAAAAAAAAAAAAAAAAAAAAAAAAAAAAAAAAAAAAAAAAAAAAAAAAAAAAAAAA
AAAAAAAAAAAAAAAAAAAAAAAAAAAAAAAAAAAAAAAAAAAAAAAAAAAAAAAAAAAAAAAAAAAAAAAAAAAA
AAAAAAAAAAAAAAAAAAAAAAAAAAAAAAAAAAAAAAAAAAAAAAAAAAAAAAAAAAAAAAAAAAAAAAAAAAAA
AAAAAAAAAAAAAAAAAAAAAAAAAAAAAAAAAAAAAAAAAAAAAAAAAAAAAAAAAAAAAAAAAAAAAAAAAAAA
AAAAAAAAAAAAAAAAAAAAAAAAAAAAAAAAAAAAAAAAAAAAAAAAAAAAAAAAAAAAAAAAAAAAAAAAAAAA
AAAAAAAAAAAAAAAAAAAAAAAAAAAAAAAAAAAAAAAAAAAAAAAAAAAAAAAAAAAAAAAAAAAAAAAAAAAA
AAAAAAAAAAAAAAAAAAAAAAAAAAAAAAAAAAAAAAAAAAAAAAAAAAAAAAAAAAAAAAAAAAAAAAAAAAAA
AAAAAAAAAAAAAAAAAAAAAAAAAAAAAAAAAAAAAAAAAAAAAAAAAAAAAAAAAAAAAAAAAAAAAAAAAAAA
AAAAAAAAAAAAAAAAAAAAAAAAAAAAAAAAAAAAAAAAAAAAAAAAAAAAAAAAAAAAAAAAAAAAAAAAAAAA
AAAAAAAAAAAAAAAAAAAAAAAAAAAAAAAAAAAAAAAAAAAAAAAAAAAAAAAAAAAAAAAAAAAAAAAAAAAA
AAAAAAAAAAAAAAAAAAAAAAAAAAAAAAAAAAAAAAAAAAAAAAAAAAAAAAAAAAAAAAAAAAAAAAAAAAAA
AAAAAAAAAAAAAAAAAAAAAAAAAAAAAAAAAAAAAAAAAAAAAAAAAAAAAAAAAAAAAAAAAAAAAAAAAAAA
AAAAAAAAAAAAAAAAAAAAAAAAAAAAAAAAAAAAAAAAAAAAAAAAAAAAAAAAAAAAAAAAAAAAAAAAAAAA
AAAAAAAAAAAAAAAAAAAAAAAAAAAAAAAAAAAAAAAAAAAAAAAAAAAAAAAAAAAAAAAAAAAAAAAAAAAA
AAAAAAAAAAAAAAAAAAAAAAAAAAAAAAAAAAAAAAAAAAAAAAAAAAAAAAAAAAAAAAAAAAAAAAAAAAAA
AAAAAAAAAAAAAAAAAAAAAAAAAAAAAAAAAAAAAAAAAAAAAAAAAAAAAAAAAAAAAAAAAAAAAAAAAAAA
AAAAAAAAAAAAAAAAAAAAAAAAAAAAAAAAAAAAAAAAAAAAAAAAAAAAAAAAAAAAAAAAAAAAAAAAAAAA
AAAAAAAAAAAAAAAAAAAAAAAAAAAAAAAAAAAAAAAAAAAAAAAAAAAAAAAAAAAAAAAAAAAAAAAAAAAA
AAAAAAAAAAAAAAAAAAAAAAAAAAAAAAAAAAAAAAAAAAAAAAAAAAAAAAAAAAAAAAAAAAAAAAAAAAAA
AAAAAAAAAAAAAAAAAAAAAAAAAAAAAAAAAAAAAAAAAAAAAAAAAAAAAAAAAAAAAAAAAAAAAAAAAAAA
AAAAAAAAAAAAAAAAAAAAAAAAAAAAAAAAAAAAAAAAAAAAAAAAAAAAAAAAAAAAAAAAAAAAAAAAAAAA
AAAAAAAAAAAAAAAAAAAAAAAAAAAAAAAAAAAAAAAAAAAAAAAAAAAAAAAAAAAAAAAAAAAAAAAAAAAA
AAAAAAAAAAAAAAAAAAAAAAAAAAAAAAAAAAAAAAAAAAAAAAAAAAAAAAAAAAAAAAAAAAAAAAAAAAAA
AAAAAAAAAAAAAAAAAAAAAAAAAAAAAAAAAAAAAAAAAAAAAAAAAAAAAAAAAAAAAAAAAAAAAAAAAAAA
AAAAAAAAAAAAAAAAAAAAAAAAAAAAAAAAAAAAAAAAAAAAAAAAAAAAAAAAAAAAAAAAAAAAAAAAAAAA
AAAAAAAAAAAAAAAAAAAAAAAAAAAAAAAAAAAAAAAAAAAAAAAAAAAAAAAAAAAAAAAAAAAAAAAAAAAA
AAAAAAAAAAAAAAAAAAAAAAAAAAAAAAAAAAAAAAAAAAAAAAAAAAAAAAAAAAAAAAAAAAAAAAAAAAAA
AAAAAAAAAAAAAAAAAAAAAAAAAAAAAAAAAAAAAAAAAAAAAAAAAAAAAAAAAAAAAAAAAAAAAAAAAAAA
AAAAAAAAAAAAAAAAAAAAAAAAAAAAAAAAAAAAAAAAAAAAAAAAAAAAAAAAAAAAAAAAAAAAAAAAAAAA
AAAAAAAAAAAAAAAAAAAAAAAAAAAAAAAAAAAAAAAAAAAAAAAAAAAAAAAAAAAAAAAAAAAAAAAAAAAA
AAAAAAAAAAAAAAAAAAAAAAAAAAAAAAAAAAAAAAAAAAAAAAAAAAAAAAAAAAAAAAAAAAAAAAAAAAAA
AAAAAAAAAAAAAAAAAAAAAAAAAAAAAAAAAAAAAAAAAAAAAAAAAAAAAAAAAAAAAAAAAAAAAAAAAAAA
AAAAAAAAAAAAAAAAAAAAAAAAAAAAAAAAAAAAAAAAAAAAAAAAAAAAAAAAAAAAAAAAAAAAAAAAAAAA
AAAAAAAAAAAAAAAAAAAAAAAAAAAAAAAAAAAAAAAAAAAAAAAAAAAAAAAAAAAAAAAAAAAAAAAAAAAA
AAAAAAAAAAAAAAAAAAAAAAAAAAAAAAAAAAAAAAAAAAAAAAAAAAAAAAAAAAAAAAAAAAAAAAAAAAAA
AAAAAAAAAAAAAAAAAAAAAAAAAAAAAAAAAAAAAAAAAAAAAAAAAAAAAAAAAAAAAAAAAAAAAAAAAAAA
AAAAAAAAAAAAAAAAAAAAAAAAAAAAAAAAAAAAAAAAAAAAAAAAAAAAAAAAAAAAAAAAAAAAAAAAAAAA
AAAAAAAAAAAAAAAAAAAAAAAAAAAAAAAAAAAAAAAAAAAAAAAAAAAAAAAAAAAAAAAAAAAAAAAAAAAA
AAAAAAAAAAAAAAAAAAAAAAAAAAAAAAAAAAAAAAAAAAAAAAAAAAAAAAAAAAAAAAAAAAAAAAAAAAAA
AAAAAAAAAAAAAAAAAAAAAAAAAAAAAAAAAAAAAAAAAAAAAAAAAAAAAAAAAAAAAAAAAAAAAAAAAAAA
AAAAAAAAAAAAAAAAAAAAAAAAAAAAAAAAAAAAAAAAAAAAAAAAAAAAAAAAAAAAAAAAAAAAAAAAAAAA
AAAAAAAAAAAAAAAAAAAAAAAAAAAAAAAAAAAAAAAAAAAAAAAAAAAAAAAAAAAAAAAAAAAAAAAAAAAA
AAAAAAAAAAAAAAAAAAAAAAAAAAAAAAAAAAAAAAAAAAAAAAAAAAAAAAAAAAAAAAAAAAAAAAAAAAAA
AAAAAAAAAAAAAAAAAAAAAAAAAAAAAAAAAAAAAAAAAAAAAAAAAAAAAAAAAAAAAAAAAAAAAAAAAAAA
AAAAAAAAAAAAAAAAAAAAAAAAAAAAAAAAAAAAAAAAAAAAAAAAAAAAAAAAAAAAAAAAAAAAAAAAAAAA
AAAAAAAAAAAAAAAAAAAAAAAAAAAAAAAAAAAAAAAAAAAAAAAAAAAAAAAAAAAAAAAAAAAAAAAAAAAA
AAAAAAAAAAAAAAAAAAAAAAAAAAAAAAAAAAAAAAAAAAAAAAAAAAAAAAAAAAAAAAAAAAAAAAAAAAAA
AAAAAAAAAAAAAAAAAAAAAAAAAAAAAAAAAAAAAAAAAAAAAAAAAAAAAAAAAAAAAAAAAAAAAAAAAAAA
AAAAAAAAAAAAAAAAAAAAAAAAAAAAAAAAAAAAAAAAAAAAAAAAAAAAAAAAAAAAAAAAAAAAAAAAAAAA
AAAAAAAAAAAAAAAAAAAAAAAAAAAAAAAAAAAAAAAAAAAAAAAAAAAAAAAAAAAAAAAAAAAAAAAAAAAA
AAAAAAAAAAAAAAAAAAAAAAAAAAAAAAAAAAAAAAAAAAAAAAAAAAAAAAAAAAAAAAAAAAAAAAAAAAAA
AAAAAAAAAAAAAAAAAAAAAAAAAAAAAAAAAAAAAAAAAAAAAAAAAAAAAAAAAAAAAAAAAAAAAAAAAAAA
AAAAAAAAAAAAAAAAAAAAAAAAAAAAAAAAAAAAAAAAAAAAAAAAAAAAAAAAAAAAAAAAAAAAAAAAAAAA
AAAAAAAAAAAAAAAAAAAAAAAAAAAAAAAAAAAAAAAAAAAAAAAAAAAAAAAAAAAAAAAAAAAAAAAAAAAA
AAAAAAAAAAAAAAAAAAAAAAAAAAAAAAAAAAAAAAAAAAAAAAAAAAAAAAAAAAAAAAAAAAAAAAAAAAAA
AAAAAAAAAAAAAAAAAAAAAAAAAAAAAAAAAAAAAAAAAAAAAAAAAAAAAAAAAAAAAAAAAAAAAAAAAAAA
AAAAAAAAAAAAAAAAAAAAAAAAAAAAAAAAAAAAAAAAAAAAAAAAAAAAAAAAAAAAAAAAAAAAAAAAAAAA
AAAAAAAAAAAAAAAAAAAAAAAAAAAAAAAAAAAAAAAAAAAAAAAAAAAAAAAAAAAAAAAAAAAAAAAAAAAA
AAAAAAAAAAAAAAAAAAAAAAAAAAAAAAAAAAAAAAAAAAAAAAAAAAAAAAAAAAAAAAAAAAAAAAAAAAAA
AAAAAAAAAAAAAAAAAAAAAAAAAAAAAAAAAAAAAAAAAAAAAAAAAAAAAAAAAAAAAAAAAAAAAAAAAAAA
AAAAAAAAAAAAAAAAAAAAAAAAAAAAAAAAAAAAAAAAAAAAAAAAAAAAAAAAAAAAAAAAAAAAAAAAAAAA
AAAAAAAAAAAAAAAAAAAAAAAAAAAAAAAAAAAAAAAAAAAAAAAAAAAAAAAAAAAAAAAAAAAAAAAAAAAA
AAAAAAAAAAAAAAAAAAAAAAAAAAAAAAAAAAAAAAAAAAAAAAAAAAAAAAAAAAAAAAAAAAAAAAAAAAAA
AAAAAAAAAAAAAAAAAAAAAAAAAAAAAAAAAAAAAAAAAAAAAAAAAAAAAAAAAAAAAAAAAAAAAAAAAAAA
AAAAAAAAAAAAAAAAAAAAAAAAAAAAAAAAAAAAAAAAAAAAAAAAAAAAAAAAAAAAAAAAAAAAAAAAAAAA
AAAAAAAAAAAAAAAAAAAAAAAAAAAAAAAAAAAAAAAAAAAAAAAAAAAAAAAAAAAAAAAAAAAAAAAAAAAA
AAAAAAAAAAAAAAAAAAAAAAAAAAAAAAAAAAAAAAAAAAAAAAAAAAAAAAAAAAAAAAAAAAAAAAAAAAAA
AAAAAAAAAAAAAAAAAAAAAAAAAAAAAAAAAAAAAAAAAAAAAAAAAAAAAAAAAAAAAAAAAAAAAAAAAAAA
AAAAAAAAAAAAAAAAAAAAAAAAAAAAAAAAAAAAAAAAAAAAAAAAAAAAAAAAAAAAAAAAAAAAAAAAAAAA
AAAAAAAAAAAAAAAAAAAAAAAAAAAAAAAAAAAAAAAAAAAAAAAAAAAAAAAAAAAAAAAAAAAAAAAAAAAA
AAAAAAAAAAAAAAAAAAAAAAAAAAAAAAAAAAAAAAAAAAAAAAAAAAAAAAAAAAAAAAAAAAAAAAAAAAAA
AAAAAAAAAAAAAAAAAAAAAAAAAAAAAAAAAAAAAAAAAAAAAAAAAAAAAAAAAAAAAAAAAAAAAAAAAAAA
AAAAAAAAAAAAAAAAAAAAAAAAAAAAAAAAAAAAAAAAAAAAAAAAAAAAAAAAAAAAAAAAAAAAAAAAAAAA
AAAAAAAAAAAAAAAAAAAAAAAAAAAAAAAAAAAAAAAAAAAAAAAAAAAAAAAAAAAAAAAAAAAAAAAAAAAA
AAAAAAAAAAAAAAAAAAAAAAAAAAAAAAAAAAAAAAAAAAAAAAAAAAAAAAAAAAAAAAAAAAAAAAAAAAAA
AAAAAAAAAAAAAAAAAAAAAAAAAAAAAAAAAAAAAAAAAAAAAAAAAAAAAAAAAAAAAAAAAAAAAAAAAAAA
AAAAAAAAAAAAAAAAAAAAAAAAAAAAAAAAAAAAAAAAAAAAAAAAAAAAAAAAAAAAAAAAAAAAAAAAAAAA
AAAAAAAAAAAAAAAAAAAAAAAAAAAAAAAAAAAAAAAAAAAAAAAAAAAAAAAAAAAAAAAAAAAAAAAAAAAA
AAAAAAAAAAAAAAAAAAAAAAAAAAAAAAAAAAAAAAAAAAAAAAAAAAAAAAAAAAAAAAAAAAAAAAAAAAAA
AAAAAAAAAAAAAAAAAAAAAAAAAAAAAAAAAAAAAAAAAAAAAAAAAAAAAAAAAAAAAAAAAAAAAAAAAAAA
AAAAAAAAAAAAAAAAAAAAAAAAAAAAAAAAAAAAAAAAAAAAAAAAAAAAAAAAAAAAAAAAAAAAAAAAAAAA
AAAAAAAAAAAAAAAAAAAAAAAAAAAAAAAAAAAAAAAAAAAAAAAAAAAAAAAAAAAAAAAAAAAAAAAAAAAA
AAAAAAAAAAAAAAAAAAAAAAAAAAAAAAAAAAAAAAAAAAAAAAAAAAAAAAAAAAAAAAAAAAAAAAAAAAAA
AAAAAAAAAAAAAAAAAAAAAAAAAAAAAAAAAAAAAAAAAAAAAAAAAAAAAAAAAAAAAAAAAAAAAAAAAAAA
AAAAAAAAAAAAAAAAAAAAAAAAAAAAAAAAAAAAAAAAAAAAAAAAAAAAAAAAAAAAAAAAAAAAAAAAAAAA
AAAAAAAAAAAAAAAAAAAAAAAAAAAAAAAAAAAAAAAAAAAAAAAAAAAAAAAAAAAAAAAAAAAAAAAAAAAA
AAAAAAAAAAAAAAAAAAAAAAAAAAAAAAAAAAAAAAAAAAAAAAAAAAAAAAAAAAAAAAAAAAAAAAAAAAAA
AAAAAAAAAAAAAAAAAAAAAAAAAAAAAAAAAAAAAAAAAAAAAAAAAAAAAAAAAAAAAAAAAAAAAAAAAAAA
AAAAAAAAAAAAAAAAAAAAAAAAAAAAAAAAAAAAAAAAAAAAAAAAAAAAAAAAAAAAAAAAAAAAAAAAAAAA
AAAAAAAAAAAAAAAAAAAAAAAAAAAAAAAAAAAAAAAAAAAAAAAAAAAAAAAAAAAAAAAAAAAAAAAAAAAA
AAAAAAAAAAAAAAAAAAAAAAAAAAAAAAAAAAAAAAAAAAAAAAAAAAAAAAAAAAAAAAAAAAAAAAAAAAAA
AAAAAAAAAAAAAAAAAAAAAAAAAAAAAAAAAAAAAAAAAAAAAAAAAAAAAAAAAAAAAAAAAAAAAAAAAAAA
AAAAAAAAAAAAAAAAAAAAAAAAAAAAAAAAAAAAAAAAAAAAAAAAAAAAAAAAAAAAAAAAAAAAAAAAAAAA
AAAAAAAAAAAAAAAAAAAAAAAAAAAAAAAAAAAAAAAAAAAAAAAAAAAAAAAAAAAAAAAAAAAAAAAAAAAA
AAAAAAAAAAAAAAAAAAAAAAAAAAAAAAAAAAAAAAAAAAAAAAAAAAAAAAAAAAAAAAAAAAAAAAAAAAAA
AAAAAAAAAAAAAAAAAAAAAAAAAAAAAAAAAAAAAAAAAAAAAAAAAAAAAAAAAAAAAAAAAAAAAAAAAAAA
AAAAAAAAAAAAAAAAAAAAAAAAAAAAAAAAAAAAAAAAAAAAAAAAAAAAAAAAAAAAAAAAAAAAAAAAAAAA
AAAAAAAAAAAAAAAAAAAAAAAAAAAAAAAAAAAAAAAAAAAAAAAAAAAAAAAAAAAAAAAAAAAAAAAAAAAA
AAAAAAAAAAAAAAAAAAAAAAAAAAAAAAAAAAAAAAAAAAAAAAAAAAAAAAAAAAAAAAAAAAAAAAAAAAAA
AAAAAAAAAAAAAAAAAAAAAAAAAAAAAAAAAAAAAAAAAAAAAAAAAAAAAAAAAAAAAAAAAAAAAAAAAAAA
AAAAAAAAAAAAAAAAAAAAAAAAAAAAAAAAAAAAAAAAAAAAAAAAAAAAAAAAAAAAAAAAAAAAAAAAAAAA
AAAAAAAAAAAAAAAAAAAAAAAAAAAAAAAAAAAAAAAAAAAAAAAAAAAAAAAAAAAAAAAAAAAAAAAAAAAA
AAAAAAAAAAAAAAAAAAAAAAAAAAAAAAAAAAAAAAAAAAAAAAAAAAAAAAAAAAAAAAAAAAAAAAAAAAAA
AAAAAAAAAAAAAAAAAAAAAAAAAAAAAAAAAAAAAAAAAAAAAAAAAAAAAAAAAAAAAAAAAAAAAAAAAAAA
AAAAAAAAAAAAAAAAAAAAAAAAAAAAAAAAAAAAAAAAAAAAAAAAAAAAAAAAAAAAAAAAAAAAAAAAAAAA
AAAAAAAAAAAAAAAAAAAAAAAAAAAAAAAAAAAAAAAAAAAAAAAAAAAAAAAAAAAAAAAAAAAAAAAAAAAA
AAAAAAAAAAAAAAAAAAAAAAAAAAAAAAAAAAAAAAAAAAAAAAAAAAAAAAAAAAAAAAAAAAAAAAAAAAAA
AAAAAAAAAAAAAAAAAAAAAAAAAAAAAAAAAAAAAAAAAAAAAAAAAAAAAAAAAAAAAAAAAAAAAAAAAAAA
AAAAAAAAAAAAAAAAAAAAAAAAAAAAAAAAAAAAAAAAAAAAAAAAAAAAAAAAAAAAAAAAAAAAAAAAAAAA
AAAAAAAAAAAAAAAAAAAAAAAAAAAAAAAAAAAAAAAAAAAAAAAAAAAAAAAAAAAAAAAAAAAAAAAAAAAA
AAAAAAAAAAAAAAAAAAAAAAAAAAAAAAAAAAAAAAAAAAAAAAAAAAAAAAAAAAAAAAAAAAAAAAAAAAAA
AAAAAAAAAAAAAAAAAAAAAAAAAAAAAAAAAAAAAAAAAAAAAAAAAAAAAAAAAAAAAAAAAAAAAAAAAAAA
AAAAAAAAAAAAAAAAAAAAAAAAAAAAAAAAAAAAAAAAAAAAAAAAAAAAAAAAAAAAAAAAAAAAAAAAAAAA
AAAAAAAAAAAAAAAAAAAAAAAAAAAAAAAAAAAAAAAAAAAAAAAAAAAAAAAAAAAAAAAAAAAAAAAAAAAA
AAAAAAAAAAAAAAAAAAAAAAAAAAAAAAAAAAAAAAAAAAAAAAAAAAAAAAAAAAAAAAAAAAAAAAAAAAAA
AAAAAAAAAAAAAAAAAAAAAAAAAAAAAAAAAAAAAAAAAAAAAAAAAAAAAAAAAAAAAAAAAAAAAAAAAAAA
AAAAAAAAAAAAAAAAAAAAAAAAAAAAAAAAAAAAAAAAAAAAAAAAAAAAAAAAAAAAAAAAAAAAAAAAAAAA
AAAAAAAAAAAAAAAAAAAAAAAAAAAAAAAAAAAAAAAAAAAAAAAAAAAAAAAAAAAAAAAAAAAAAAAAAAAA
AAAAAAAAAAAAAAAAAAAAAAAAAAAAAAAAAAAAAAAAAAAAAAAAAAAAAAAAAAAAAAAAAAAAAAAAAAAA
AAAAAAAAAAAAAAAAAAAAAAAAAAAAAAAAAAAAAAAAAAAAAAAAAAAAAAAAAAAAAAAAAAAAAAAAAAAA
AAAAAAAAAAAAAAAAAAAAAAAAAAAAAAAAAAAAAAAAAAAAAAAAAAAAAAAAAAAAAAAAAAAAAAAAAAAA
AAAAAAAAAAAAAAAAAAAAAAAAAAAAAAAAAAAAAAAAAAAAAAAAAAAAAAAAAAAAAAAAAAAAAAAAAAAA
AAAAAAAAAAAAAAAAAAAAAAAAAAAAAAAAAAAAAAAAAAAAAAAAAAAAAAAAAAAAAAAAAAAAAAAAAAAA
AAAAAAAAAAAAAAAAAAAAAAAAAAAAAAAAAAAAAAAAAAAAAAAAAAAAAAAAAAAAAAAAAAAAAAAAAAAA
AAAAAAAAAAAAAAAAAAAAAAAAAAAAAAAAAAAAAAAAAAAAAAAAAAAAAAAAAAAAAAAAAAAAAAAAAAAA
AAAAAAAAAAAAAAAAAAAAAAAAAAAAAAAAAAAAAAAAAAAAAAAAAAAAAAAAAAAAAAAAAAAAAAAAAAAA
AAAAAAAAAAAAAAAAAAAAAAAAAAAAAAAAAAAAAAAAAAAAAAAAAAAAAAAAAAAAAAAAAAAAAAAAAAAA
AAAAAAAAAAAAAAAAAAAAAAAAAAAAAAAAAAAAAAAAAAAAAAAAAAAAAAAAAAAAAAAAAAAAAAAAAAAA
AAAAAAAAAAAAAAAAAAAAAAAAAAAAAAAAAAAAAAAAAAAAAAAAAAAAAAAAAAAAAAAAAAAAAAAAAAAA
AAAAAAAAAAAAAAAAAAAAAAAAAAAAAAAAAAAAAAAAAAAAAAAAAAAAAAAAAAAAAAAAAAAAAAAAAAAA
AAAAAAAAAAAAAAAAAAAAAAAAAAAAAAAAAAAAAAAAAAAAAAAAAAAAAAAAAAAAAAAAAAAAAAAAAAAA
AAAAAAAAAAAAAAAAAAAAAAAAAAAAAAAAAAAAAAAAAAAAAAAAAAAAAAAAAAAAAAAAAAAAAAAAAAAA
AAAAAAAAAAAAAAAAAAAAAAAAAAAAAAAAAAAAAAAAAAAAAAAAAAAAAAAAAAAAAAAAAAAAAAAAAAAA
AAAAAAAAAAAAAAAAAAAAAAAAAAAAAAAAAAAAAAAAAAAAAAAAAAAAAAAAAAAAAAAAAAAAAAAAAAAA
AAAAAAAAAAAAAAAAAAAAAAAAAAAAAAAAAAAAAAAAAAAAAAAAAAAAAAAAAAAAAAAAAAAAAAAAAAAA
AAAAAAAAAAAAAAAAAAAAAAAAAAAAAAAAAAAAAAAAAAAAAAAAAAAAAAAAAAAAAAAAAAAAAAAAAAAA
AAAAAAAAAAAAAAAAAAAAAAAAAAAAAAAAAAAAAAAAAAAAAAAAAAAAAAAAAAAAAAAAAAAAAAAAAAAA
AAAAAAAAAAAAAAAAAAAAAAAAAAAAAAAAAAAAAAAAAAAAAAAAAAAAAAAAAAAAAAAAAAAAAAAAAAAA
AAAAAAAAAAAAAAAAAAAAAAAAAAAAAAAAAAAAAAAAAAAAAAAAAAAAAAAAAAAAAAAAAAAAAAAAAAAA
AAAAAAAAAAAAAAAAAAAAAAAAAAAAAAAAAAAAAAAAAAAAAAAAAAAAAAAAAAAAAAAAAAAAAAAAAAAA
AAAAAAAAAAAAAAAAAAAAAAAAAAAAAAAAAAAAAAAAAAAAAAAAAAAAAAAAAAAAAAAAAAAAAAAAAAAA
AAAAAAAAAAAAAAAAAAAAAAAAAAAAAAAAAAAAAAAAAAAAAAAAAAAAAAAAAAAAAAAAAAAAAAAAAAAA
AAAAAAAAAAAAAAAAAAAAAAAAAAAAAAAAAAAAAAAAAAAAAAAAAAAAAAAAAAAAAAAAAAAAAAAAAAAA
AAAAAAAAAAAAAAAAAAAAAAAAAAAAAAAAAAAAAAAAAAAAAAAAAAAAAAAAAAAAAAAAAAAAAAAAAAAA
AAAAAAAAAAAAAAAAAAAAAAAAAAAAAAAAAAAAAAAAAAAAAAAAAAAAAAAAAAAAAAAAAAAAAAAAAAAA
AAAAAAAAAAAAAAAAAAAAAAAAAAAAAAAAAAAAAAAAAAAAAAAAAAAAAAAAAAAAAAAAAAAAAAAAAAAA
AAAAAAAAAAAAAAAAAAAAAAAAAAAAAAAAAAAAAAAAAAAAAAAAAAAAAAAAAAAAAAAAAAAAAAAAAAAA
AAAAAAAAAAAAAAAAAAAAAAAAAAAAAAAAAAAAAAAAAAAAAAAAAAAAAAAAAAAAAAAAAAAAAAAAAAAA
AAAAAAAAAAAAAAAAAAAAAAAAAAAAAAAAAAAAAAAAAAAAAAAAAAAAAAAAAAAAAAAAAAAAAAAAAAAA
AAAAAAAAAAAAAAAAAAAAAAAAAAAAAAAAAAAAAAAAAAAAAAAAAAAAAAAAAAAAAAAAAAAAAAAAAAAA
AAAAAAAAAAAAAAAAAAAAAAAAAAAAAAAAAAAAAAAAAAAAAAAAAAAAAAAAAAAAAAAAAAAAAAAAAAAA
AAAAAAAAAAAAAAAAAAAAAAAAAAAAAAAAAAAAAAAAAAAAAAAAAAAAAAAAAAAAAAAAAAAAAAAAAAAA
AAAAAAAAAAAAAAAAAAAAAAAAAAAAAAAAAAAAAAAAAAAAAAAAAAAAAAAAAAAAAAAAAAAAAAAAAAAA
AAAAAAAAAAAAAAAAAAAAAAAAAAAAAAAAAAAAAAAAAAAAAAAAAAAAAAAAAAAAAAAAAAAAAAAAAAAA
AAAAAAAAAAAAAAAAAAAAAAAAAAAAAAAAAAAAAAAAAAAAAAAAAAAAAAAAAAAAAAAAAAAAAAAAAAAA
AAAAAAAAAAAAAAAAAAAAAAAAAAAAAAAAAAAAAAAAAAAAAAAAAAAAAAAAAAAAAAAAAAAAAAAAAAAA
AAAAAAAAAAAAAAAAAAAAAAAAAAAAAAAAAAAAAAAAAAAAAAAAAAAAAAAAAAAAAAAAAAAAAAAAAAAA
AAAAAAAAAAAAAAAAAAAAAAAAAAAAAAAAAAAAAAAAAAAAAAAAAAAAAAAAAAAAAAAAAAAAAAAAAAAA
AAAAAAAAAAAAAAAAAAAAAAAAAAAAAAAAAAAAAAAAAAAAAAAAAAAAAAAAAAAAAAAAAAAAAAAAAAAA
AAAAAAAAAAAAAAAAAAAAAAAAAAAAAAAAAAAAAAAAAAAAAAAAAAAAAAAAAAAAAAAAAAAAAAAAAAAA
AAAAAAAAAAAAAAAAAAAAAAAAAAAAAAAAAAAAAAAAAAAAAAAAAAAAAAAAAAAAAAAAAAAAAAAAAAAA
AAAAAAAAAAAAAAAAAAAAAAAAAAAAAAAAAAAAAAAAAAAAAAAAAAAAAAAAAAAAAAAAAAAAAAAAAAAA
AAAAAAAAAAAAAAAAAAAAAAAAAAAAAAAAAAAAAAAAAAAAAAAAAAAAAAAAAAAAAAAAAAAAAAAAAAAA
AAAAAAAAAAAAAAAAAAAAAAAAAAAAAAAAAAAAAAAAAAAAAAAAAAAAAAAAAAAAAAAAAAAAAAAAAAAA
AAAAAAAAAAAAAAAAAAAAAAAAAAAAAAAAAAAAAAAAAAAAAAAAAAAAAAAAAAAAAAAAAAAAAAAAAAAA
AAAAAAAAAAAAAAAAAAAAAAAAAAAAAAAAAAAAAAAAAAAAAAAAAAAAAAAAAAAAAAAAAAAAAAAAAAAA
AAAAAAAAAAAAAAAAAAAAAAAAAAAAAAAAAAAAAAAAAAAAAAAAAAAAAAAAAAAAAAAAAAAAAAAAAAAA
AAAAAAAAAAAAAAAAAAAAAAAAAAAAAAAAAAAAAAAAAAAAAAAAAAAAAAAAAAAAAAAAAAAAAAAAAAAA
AAAAAAAAAAAAAAAAAAAAAAAAAAAAAAAAAAAAAAAAAAAAAAAAAAAAAAAAAAAAAAAAAAAAAAAAAAAA
AAAAAAAAAAAAAAAAAAAAAAAAAAAAAAAAAAAAAAAAAAAAAAAAAAAAAAAAAAAAAAAAAAAAAAAAAAAA
AAAAAAAAAAAAAAAAAAAAAAAAAAAAAAAAAAAAAAAAAAAAAAAAAAAAAAAAAAAAAAAAAAAAAAAAAAAA
AAAAAAAAAAAAAAAAAAAAAAAAAAAAAAAAAAAAAAAAAAAAAAAAAAAAAAAAAAAAAAAAAAAAAAAAAAAA
AAAAAAAAAAAAAAAAAAAAAAAAAAAAAAAAAAAAAAAAAAAAAAAAAAAAAAAAAAAAAAAAAAAAAAAAAAAA
AAAAAAAAAAAAAAAAAAAAAAAAAAAAAAAAAAAAAAAAAAAAAAAAAAAAAAAAAAAAAAAAAAAAAAAAAAAA
AAAAAAAAAAAAAAAAAAAAAAAAAAAAAAAAAAAAAAAAAAAAAAAAAAAAAAAAAAAAAAAAAAAAAAAAAAAA
AAAAAAAAAAAAAAAAAAAAAAAAAAAAAAAAAAAAAAAAAAAAAAAAAAAAAAAAAAAAAAAAAAAAAAAAAAAA
AAAAAAAAAAAAAAAAAAAAAAAAAAAAAAAAAAAAAAAAAAAAAAAAAAAAAAAAAAAAAAAAAAAAAAAAAAAA
AAAAAAAAAAAAAAAAAAAAAAAAAAAAAAAAAAAAAAAAAAAAAAAAAAAAAAAAAAAAAAAAAAAAAAAAAAAA
AAAAAAAAAAAAAAAAAAAAAAAAAAAAAAAAAAAAAAAAAAAAAAAAAAAAAAAAAAAAAAAAAAAAAAAAAAAA
AAAAAAAAAAAAAAAAAAAAAAAAAAAAAAAAAAAAAAAAAAAAAAAAAAAAAAAAAAAAAAAAAAAAAAAAAAAA
AAAAAAAAAAAAAAAAAAAAAAAAAAAAAAAAAAAAAAAAAAAAAAAAAAAAAAAAAAAAAAAAAAAAAAAAAAAA
AAAAAAAAAAAAAAAAAAAAAAAAAAAAAAAAAAAAAAAAAAAAAAAAAAAAAAAAAAAAAAAAAAAAAAAAAAAA
AAAAAAAAAAAAAAAAAAAAAAAAAAAAAAAAAAAAAAAAAAAAAAAAAAAAAAAAAAAAAAAAAAAAAAAAAAAA
AAAAAAAAAAAAAAAAAAAAAAAAAAAAAAAAAAAAAAAAAAAAAAAAAAAAAAAAAAAAAAAAAAAAAAAAAAAA
AAAAAAAAAAAAAAAAAAAAAAAAAAAAAAAAAAAAAAAAAAAAAAAAAAAAAAAAAAAAAAAAAAAAAAAAAAAA
AAAAAAAAAAAAAAAAAAAAAAAAAAAAAAAAAAAAAAAAAAAAAAAAAAAAAAAAAAAAAAAAAAAAAAAAAAAA
AAAAAAAAAAAAAAAAAAAAAAAAAAAAAAAAAAAAAAAAAAAAAAAAAAAAAAAAAAAAAAAAAAAAAAAAAAAA
AAAAAAAAAAAAAAAAAAAAAAAAAAAAAAAAAAAAAAAAAAAAAAAAAAAAAAAAAAAAAAAAAAAAAAAAAAAA
AAAAAAAAAAAAAAAAAAAAAAAAAAAAAAAAAAAAAAAAAAAAAAAAAAAAAAAAAAAAAAAAAAAAAAAAAAAA
AAAAAAAAAAAAAAAAAAAAAAAAAAAAAAAAAAAAAAAAAAAAAAAAAAAAAAAAAAAAAAAAAAAAAAAAAAAA
AAAAAAAAAAAAAAAAAAAAAAAAAAAAAAAAAAAAAAAAAAAAAAAAAAAAAAAAAAAAAAAAAAAAAAAAAAAA
AAAAAAAAAAAAAAAAAAAAAAAAAAAAAAAAAAAAAAAAAAAAAAAAAAAAAAAAAAAAAAAAAAAAAAAAAAAA
AAAAAAAAAAAAAAAAAAAAAAAAAAAAAAAAAAAAAAAAAAAAAAAAAAAAAAAAAAAAAAAAAAAAAAAAAAAA
AAAAAAAAAAAAAAAAAAAAAAAAAAAAAAAAAAAAAAAAAAAAAAAAAAAAAAAAAAAAAAAAAAAAAAAAAAAA
AAAAAAAAAAAAAAAAAAAAAAAAAAAAAAAAAAAAAAAAAAAAAAAAAAAAAAAAAAAAAAAAAAAAAAAAAAAA
AAAAAAAAAAAAAAAAAAAAAAAAAAAAAAAAAAAAAAAAAAAAAAAAAAAAAAAAAAAAAAAAAAAAAAAAAAAA
AAAAAAAAAAAAAAAAAAAAAAAAAAAAAAAAAAAAAAAAAAAAAAAAAAAAAAAAAAAAAAAAAAAAAAAAAAAA
AAAAAAAAAAAAAAAAAAAAAAAAAAAAAAAAAAAAAAAAAAAAAAAAAAAAAAAAAAAAAAAAAAAAAAAAAAAA
AAAAAAAAAAAAAAAAAAAAAAAAAAAAAAAAAAAAAAAAAAAAAAAAAAAAAAAAAAAAAAAAAAAAAAAAAAAA
AAAAAAAAAAAAAAAAAAAAAAAAAAAAAAAAAAAAAAAAAAAAAAAAAAAAAAAAAAAAAAAAAAAAAAAAAAAA
AAAAAAAAAAAAAAAAAAAAAAAAAAAAAAAAAAAAAAAAAAAAAAAAAAAAAAAAAAAAAAAAAAAAAAAAAAAA
AAAAAAAAAAAAAAAAAAAAAAAAAAAAAAAAAAAAAAAAAAAAAAAAAAAAAAAAAAAAAAAAAAAAAAAAAAAA
AAAAAAAAAAAAAAAAAAAAAAAAAAAAAAAAAAAAAAAAAAAAAAAAAAAAAAAAAAAAAAAAAAAAAAAAAAAA
AAAAAAAAAAAAAAAAAAAAAAAAAAAAAAAAAAAAAAAAAAAAAAAAAAAAAAAAAAAAAAAAAAAAAAAAAAAA
AAAAAAAAAAAAAAAAAAAAAAAAAAAAAAAAAAAAAAAAAAAAAAAAAAAAAAAAAAAAAAAAAAAAAAAAAAAA
AAAAAAAAAAAAAAAAAAAAAAAAAAAAAAAAAAAAAAAAAAAAAAAAAAAAAAAAAAAAAAAAAAAAAAAAAAAA
AAAAAAAAAAAAAAAAAAAAAAAAAAAAAAAAAAAAAAAAAAAAAAAAAAAAAAAAAAAAAAAAAAAAAAAAAAAA
AAAAAAAAAAAAAAAAAAAAAAAAAAAAAAAAAAAAAAAAAAAAAAAAAAAAAAAAAAAAAAAAAAAAAAAAAAAA
AAAAAAAAAAAAAAAAAAAAAAAAAAAAAAAAAAAAAAAAAAAAAAAAAAAAAAAAAAAAAAAAAAAAAAAAAAAA
AAAAAAAAAAAAAAAAAAAAAAAAAAAAAAAAAAAAAAAAAAAAAAAAAAAAAAAAAAAAAAAAAAAAAAAAAAAA
AAAAAAAAAAAAAAAAAAAAAAAAAAAAAAAAAAAAAAAAAAAAAAAAAAAAAAAAAAAAAAAAAAAAAAAAAAAA
AAAAAAAAAAAAAAAAAAAAAAAAAAAAAAAAAAAAAAAAAAAAAAAAAAAAAAAAAAAAAAAAAAAAAAAAAAAA
AAAAAAAAAAAAAAAAAAAAAAAAAAAAAAAAAAAAAAAAAAAAAAAAAAAAAAAAAAAAAAAAAAAAAAAAAAAA
AAAAAAAAAAAAAAAAAAAAAAAAAAAAAAAAAAAAAAAAAAAAAAAAAAAAAAAAAAAAAAAAAAAAAAAAAAAA
AAAAAAAAAAAAAAAAAAAAAAAAAAAAAAAAAAAAAAAAAAAAAAAAAAAAAAAAAAAAAAAAAAAAAAAAAAAA
AAAAAAAAAAAAAAAAAAAAAAAAAAAAAAAAAAAAAAAAAAAAAAAAAAAAAAAAAAAAAAAAAAAAAAAAAAAA
AAAAAAAAAAAAAAAAAAAAAAAAAAAAAAAAAAAAAAAAAAAAAAAAAAAAAAAAAAAAAAAAAAAAAAAAAAAA
AAAAAAAAAAAAAAAAAAAAAAAAAAAAAAAAAAAAAAAAAAAAAAAAAAAAAAAAAAAAAAAAAAAAAAAAAAAA
AAAAAAAAAAAAAAAAAAAAAAAAAAAAAAAAAAAAAAAAAAAAAAAAAAAAAAAAAAAAAAAAAAAAAAAAAAAA
AAAAAAAAAAAAAAAAAAAAAAAAAAAAAAAAAAAAAAAAAAAAAAAAAAAAAAAAAAAAAAAAAAAAAAAAAAAA
AAAAAAAAAAAAAAAAAAAAAAAAAAAAAAAAAAAAAAAAAAAAAAAAAAAAAAAAAAAAAAAAAAAAAAAAAAAA
AAAAAAAAAAAAAAAAAAAAAAAAAAAAAAAAAAAAAAAAAAAAAAAAAAAAAAAAAAAAAAAAAAAAAAAAAAAA
AAAAAAAAAAAAAAAAAAAAAAAAAAAAAAAAAAAAAAAAAAAAAAAAAAAAAAAAAAAAAAAAAAAAAAAAAAAA
AAAAAAAAAAAAAAAAAAAAAAAAAAAAAAAAAAAAAAAAAAAAAAAAAAAAAAAAAAAAAAAAAAAAAAAAAAAA
AAAAAAAAAAAAAAAAAAAAAAAAAAAAAAAAAAAAAAAAAAAAAAAAAAAAAAAAAAAAAAAAAAAAAAAAAAAA
AAAAAAAAAAAAAAAAAAAAAAAAAAAAAAAAAAAAAAAAAAAAAAAAAAAAAAAAAAAAAAAAAAAAAAAAAAAA
AAAAAAAAAAAAAAAAAAAAAAAAAAAAAAAAAAAAAAAAAAAAAAAAAAAAAAAAAAAAAAAAAAAAAAAAAAAA
AAAAAAAAAAAAAAAAAAAAAAAAAAAAAAAAAAAAAAAAAAAAAAAAAAAAAAAAAAAAAAAAAAAAAAAAAAAA
AAAAAAAAAAAAAAAAAAAAAAAAAAAAAAAAAAAAAAAAAAAAAAAAAAAAAAAAAAAAAAAAAAAAAAAAAAAA
AAAAAAAAAAAAAAAAAAAAAAAAAAAAAAAAAAAAAAAAAAAAAAAAAAAAAAAAAAAAAAAAAAAAAAAAAAAA
AAAAAAAAAAAAAAAAAAAAAAAAAAAAAAAAAAAAAAAAAAAAAAAAAAAAAAAAAAAAAAAAAAAAAAAAAAAA
AAAAAAAAAAAAAAAAAAAAAAAAAAAAAAAAAAAAAAAAAAAAAAAAAAAAAAAAAAAAAAAAAAAAAAAAAAAA
AAAAAAAAAAAAAAAAAAAAAAAAAAAAAAAAAAAAAAAAAAAAAAAAAAAAAAAAAAAAAAAAAAAAAAAAAAAA
AAAAAAAAAAAAAAAAAAAAAAAAAAAAAAAAAAAAAAAAAAAAAAAAAAAAAAAAAAAAAAAAAAAAAAAAAAAA
AAAAAAAAAAAAAAAAAAAAAAAAAAAAAAAAAAAAAAAAAAAAAAAAAAAAAAAAAAAAAAAAAAAAAAAAAAAA
AAAAAAAAAAAAAAAAAAAAAAAAAAAAAAAAAAAAAAAAAAAAAAAAAAAAAAAAAAAAAAAAAAAAAAAAAAAA
AAAAAAAAAAAAAAAAAAAAAAAAAAAAAAAAAAAAAAAAAAAAAAAAAAAAAAAAAAAAAAAAAAAAAAAAAAAA
AAAAAAAAAAAAAAAAAAAAAAAAAAAAAAAAAAAAAAAAAAAAAAAAAAAAAAAAAAAAAAAAAAAAAAAAAAAA
AAAAAAAAAAAAAAAAAAAAAAAAAAAAAAAAAAAAAAAAAAAAAAAAAAAAAAAAAAAAAAAAAAAAAAAAAAAA
AAAAAAAAAAAAAAAAAAAAAAAAAAAAAAAAAAAAAAAAAAAAAAAAAAAAAAAAAAAAAAAAAAAAAAAAAAAA
AAAAAAAAAAAAAAAAAAAAAAAAAAAAAAAAAAAAAAAAAAAAAAAAAAAAAAAAAAAAAAAAAAAAAAAAAAAA
AAAAAAAAAAAAAAAAAAAAAAAAAAAAAAAAAAAAAAAAAAAAAAAAAAAAAAAAAAAAAAAAAAAAAAAAAAAA
AAAAAAAAAAAAAAAAAAAAAAAAAAAAAAAAAAAAAAAAAAAAAAAAAAAAAAAAAAAAAAAAAAAAAAAAAAAA
AAAAAAAAAAAAAAAAAAAAAAAAAAAAAAAAAAAAAAAAAAAAAAAAAAAAAAAAAAAAAAAAAAAAAAAAAAAA
AAAAAAAAAAAAAAAAAAAAAAAAAAAAAAAAAAAAAAAAAAAAAAAAAAAAAAAAAAAAAAAAAAAAAAAAAAAA
AAAAAAAAAAAAAAAAAAAAAAAAAAAAAAAAAAAAAAAAAAAAAAAAAAAAAAAAAAAAAAAAAAAAAAAAAAAA
AAAAAAAAAAAAAAAAAAAAAAAAAAAAAAAAAAAAAAAAAAAAAAAAAAAAAAAAAAAAAAAAAAAAAAAAAAAA
AAAAAAAAAAAAAAAAAAAAAAAAAAAAAAAAAAAAAAAAAAAAAAAAAAAAAAAAAAAAAAAAAAAAAAAAAAAA
AAAAAAAAAAAAAAAAAAAAAAAAAAAAAAAAAAAAAAAAAAAAAAAAAAAAAAAAAAAAAAAAAAAAAAAAAAAA
AAAAAAAAAAAAAAAAAAAAAAAAAAAAAAAAAAAAAAAAAAAAAAAAAAAAAAAAAAAAAAAAAAAAAAAAAAAA
AAAAAAAAAAAAAAAAAAAAAAAAAAAAAAAAAAAAAAAAAAAAAAAAAAAAAAAAAAAAAAAAAAAAAAAAAAAA
AAAAAAAAAAAAAAAAAAAAAAAAAAAAAAAAAAAAAAAAAAAAAAAAAAAAAAAAAAAAAAAAAAAAAAAAAAAA
AAAAAAAAAAAAAAAAAAAAAAAAAAAAAAAAAAAAAAAAAAAAAAAAAAAAAAAAAAAAAAAAAAAAAAAAAAAA
AAAAAAAAAAAAAAAAAAAAAAAAAAAAAAAAAAAAAAAAAAAAAAAAAAAAAAAAAAAAAAAAAAAAAAAAAAAA
AAAAAAAAAAAAAAAAAAAAAAAAAAAAAAAAAAAAAAAAAAAAAAAAAAAAAAAAAAAAAAAAAAAAAAAAAAAA
AAAAAAAAAAAAAAAAAAAAAAAAAAAAAAAAAAAAAAAAAAAAAAAAAAAAAAAAAAAAAAAAAAAAAAAAAAAA
AAAAAAAAAAAAAAAAAAAAAAAAAAAAAAAAAAAAAAAAAAAAAAAAAAAAAAAAAAAAAAAAAAAAAAAAAAAA
AAAAAAAAAAAAAAAAAAAAAAAAAAAAAAAAAAAAAAAAAAAAAAAAAAAAAAAAAAAAAAAAAAAAAAAAAAAA
AAAAAAAAAAAAAAAAAAAAAAAAAAAAAAAAAAAAAAAAAAAAAAAAAAAAAAAAAAAAAAAAAAAAAAAAAAAA
AAAAAAAAAAAAAAAAAAAAAAAAAAAAAAAAAAAAAAAAAAAAAAAAAAAAAAAAAAAAAAAAAAAAAAAAAAAA
AAAAAAAAAAAAAAAAAAAAAAAAAAAAAAAAAAAAAAAAAAAAAAAAAAAAAAAAAAAAAAAAAAAAAAAAAAAA
AAAAAAAAAAAAAAAAAAAAAAAAAAAAAAAAAAAAAAAAAAAAAAAAAAAAAAAAAAAAAAAAAAAAAAAAAAAA
AAAAAAAAAAAAAAAAAAAAAAAAAAAAAAAAAAAAAAAAAAAAAAAAAAAAAAAAAAAAAAAAAAAAAAAAAAAA
AAAAAAAAAAAAAAAAAAAAAAAAAAAAAAAAAAAAAAAAAAAAAAAAAAAAAAAAAAAAAAAAAAAAAAAAAAAA
AAAAAAAAAAAAAAAAAAAAAAAAAAAAAAAAAAAAAAAAAAAAAAAAAAAAAAAAAAAAAAAAAAAAAAAAAAAA
AAAAAAAAAAAAAAAAAAAAAAAAAAAAAAAAAAAAAAAAAAAAAAAAAAAAAAAAAAAAAAAAAAAAAAAAAAAA
AAAAAAAAAAAAAAAAAAAAAAAAAAAAAAAAAAAAAAAAAAAAAAAAAAAAAAAAAAAAAAAAAAAAAAAAAAAA
AAAAAAAAAAAAAAAAAAAAAAAAAAAAAAAAAAAAAAAAAAAAAAAAAAAAAAAAAAAAAAAAAAAAAAAAAAAA
AAAAAAAAAAAAAAAAAAAAAAAAAAAAAAAAAAAAAAAAAAAAAAAAAAAAAAAAAAAAAAAAAAAAAAAAAAAA
AAAAAAAAAAAAAAAAAAAAAAAAAAAAAAAAAAAAAAAAAAAAAAAAAAAAAAAAAAAAAAAAAAAAAAAAAAAA
AAAAAAAAAAAAAAAAAAAAAAAAAAAAAAAAAAAAAAAAAAAAAAAAAAAAAAAAAAAAAAAAAAAAAAAAAAAA
AAAAAAAAAAAAAAAAAAAAAAAAAAAAAAAAAAAAAAAAAAAAAAAAAAAAAAAAAAAAAAAAAAAAAAAAAAAA
AAAAAAAAAAAAAAAAAAAAAAAAAAAAAAAAAAAAAAAAAAAAAAAAAAAAAAAAAAAAAAAAAAAAAAAAAAAA
AAAAAAAAAAAAAAAAAAAAAAAAAAAAAAAAAAAAAAAAAAAAAAAAAAAAAAAAAAAAAAAAAAAAAAAAAAAA
AAAAAAAAAAAAAAAAAAAAAAAAAAAAAAAAAAAAAAAAAAAAAAAAAAAAAAAAAAAAAAAAAAAAAAAAAAAA
AAAAAAAAAAAAAAAAAAAAAAAAAAAAAAAAAAAAAAAAAAAAAAAAAAAAAAAAAAAAAAAAAAAAAAAAAAAA
AAAAAAAAAAAAAAAAAAAAAAAAAAAAAAAAAAAAAAAAAAAAAAAAAAAAAAAAAAAAAAAAAAAAAAAAAAAA
AAAAAAAAAAAAAAAAAAAAAAAAAAAAAAAAAAAAAAAAAAAAAAAAAAAAAAAAAAAAAAAAAAAAAAAAAAAA
AAAAAAAAAAAAAAAAAAAAAAAAAAAAAAAAAAAAAAAAAAAAAAAAAAAAAAAAAAAAAAAAAAAAAAAAAAAA
AAAAAAAAAAAAAAAAAAAAAAAAAAAAAAAAAAAAAAAAAAAAAAAAAAAAAAAAAAAAAAAAAAAAAAAAAAAA
AAAAAAAAAAAAAAAAAAAAAAAA
false
false
false
AAAAAAAAAAAAAAAAAAAAAAAAAAAAAAAAAAAAAAAAAAAAAAAAAAAAAAAAAAAAAAAAAAAAAAAAAAAA
AAAAAAAAAAAAAAAAAAAAAAAAAAAAAAAAAAAAAAAAAAAAAAAAAAAAAAAAAAAAAAAAAAAAAAAAAAAA
AAAAAAAAAAAAAAAAAAAAAAAAAAAAAAAAAAAAAAAAAAAAAAAAAAAAAAAAAAAAAAAAAAAAAAAAAAAA
AAAAAAAAAAAAAAAAAAAAAAAAAAAAAAAAAAAAAAAAAAAAAAAAAAAAAAAAAAAAAAAAAAAAAAAAAAAA
AAAAAAAAAAAAAAAAAAAAAAAAAAAAAAAAAAAAAAAAAAAAAAAAAAAAAAAAAAAAAAAAAAAAAAAAAAAA
AAAAAAAAAAAAAAAAAAAAAAAAAAAAAAAAAAAAAAAAAAAAAAAAAAAAAAAAAAAAAAAAAAAAAAAAAAAA
AAAAAAAAAAAAAAAAAAAAAAAAAAAAAAAAAAAAAAAAAAAAAAAAAAAAAAAAAAAAAAAAAAAAAAAAAAAA
AAAAAAAAAAAAAAAAAAAAAAAAAAAAAAAAAAAAAAAAAAAAAAAAAAAAAAAAAAAAAAAAAAAAAAAAAAAA
AAAAAAAAAAAAAAAAAAAAAAAAAAAAAAAAAAAAAAAAAAAAAAAAAAAAAAAAAAAAAAAAAAAAAAAAAAAA
AAAAAAAAAAAAAAAAAAAAAAAAAAAAAAAAAAAAAAAAAAAAAAAAAAAAAAAAAAAAAAAAAAAAAAAAAAAA
AAAAAAAAAAAAAAAAAAAAAAAAAAAAAAAAAAAAAAAAAAAAAAAAAAAAAAAAAAAAAAAAAAAAAAAAAAAA
AAAAAAAAAAAAAAAAAAAAAAAAAAAAAAAAAAAAAAAAAAAAAAAAAAAAAAAAAAAAAAAAAAAAAAAAAAAA
AAAAAAAAAAAAAAAAAAAAAAAAAAAAAAAAAAAAAAAAAAAAAAAAAAAAAAAAAAAAAAAAAAAAAAAAAAAA
AAAAAAAAAAAAAAAAAAAAAAAAAAAAAAAAAAAAAAAAAAAAAAAAAAAAAAAAAAAAAAAAAAAAAAAAAAAA
AAAAAAAAAAAAAAAAAAAAAAAAAAAAAAAAAAAAAAAAAAAAAAAAAAAAAAAAAAAAAAAAAAAAAAAAAAAA
AAAAAAAAAAAAAAAAAAAAAAAAAAAAAAAAAAAAAAAAAAAAAAAAAAAAAAAAAAAAAAAAAAAAAAAAAAAA
AAAAAAAAAAAAAAAAAAAAAAAAAAAAAAAAAAAAAAAAAAAAAAAAAAAAAAAAAAAAAAAAAAAAAAAAAAAA
AAAAAAAAAAAAAAAAAAAAAAAAAAAAAAAAAAAAAAAAAAAAAAAAAAAAAAAAAAAAAAAAAAAAAAAAAAAA
AAAAAAAAAAAAAAAAAAAAAAAAAAAAAAAAAAAAAAAAAAAAAAAAAAAAAAAAAAAAAAAAAAAAAAAAAAAA
AAAAAAAAAAAAAAAAAAAAAAAAAAAAAAAAAAAAAAAAAAAAAAAAAAAAAAAAAAAAAAAAAAAAAAAAAAAA
AAAAAAAAAAAAAAAAAAAAAAAAAAAAAAAAAAAAAAAAAAAAAAAAAAAAAAAAAAAAAAAAAAAAAAAAAAAA
AAAAAAAAAAAAAAAAAAAAAAAAAAAAAAAAAAAAAAAAAAAAAAAAAAAAAAAAAAAAAAAAAAAAAAAAAAAA
AAAAAAAAAAAAAAAAAAAAAAAAAAAAAAAAAAAAAAAAAAAAAAAAAAAAAAAAAAAAAAAAAAAAAAAAAAAA
AAAAAAAAAAAAAAAAAAAAAAAAAAAAAAAAAAAAAAAAAAAAAAAAAAAAAAAAAAAAAAAAAAAAAAAAAAAA
AAAAAAAAAAAAAAAAAAAAAAAAAAAAAAAAAAAAAAAAAAAAAAAAAAAAAAAAAAAAAAAAAAAAAAAAAAAA
AAAAAAAAAAAAAAAAAAAAAAAAAAAAAAAAAAAAAAAAAAAAAAAAAAAAAAAAAAAAAAAAAAAAAAAAAAAA
AAAAAAAAAAAAAAAAAAAAAAAAAAAAAAAAAAAAAAAAAAAAAAAAAAAAAAAAAAAAAAAAAAAAAAAAAAAA
AAAAAAAAAAAAAAAAAAAAAAAAAAAAAAAAAAAAAAAAAAAAAAAAAAAAAAAAAAAAAAAAAAAAAAAAAAAA
AAAAAAAAAAAAAAAAAAAAAAAAAAAAAAAAAAAAAAAAAAAAAAAAAAAAAAAAAAAAAAAAAAAAAAAAAAAA
AAAAAAAAAAAAAAAAAAAAAAAAAAAAAAAAAAAAAAAAAAAAAAAAAAAAAAAAAAAAAAAAAAAAAAAAAAAA
AAAAAAAAAAAAAAAAAAAAAAAAAAAAAAAAAAAAAAAAAAAAAAAAAAAAAAAAAAAAAAAAAAAAAAAAAAAA
AAAAAAAAAAAAAAAAAAAAAAAAAAAAAAAAAAAAAAAAAAAAAAAAAAAAAAAAAAAAAAAAAAAAAAAAAAAA
AAAAAAAAAAAAAAAAAAAAAAAAAAAAAAAAAAAAAAAAAAAAAAAAAAAAAAAAAAAAAAAAAAAAAAAAAAAA
AAAAAAAAAAAAAAAAAAAAAAAAAAAAAAAAAAAAAAAAAAAAAAAAAAAAAAAAAAAAAAAAAAAAAAAAAAAA
AAAAAAAAAAAAAAAAAAAAAAAAAAAAAAAAAAAAAAAAAAAAAAAAAAAAAAAAAAAAAAAAAAAAAAAAAAAA
AAAAAAAAAAAAAAAAAAAAAAAAAAAAAAAAAAAAAAAAAAAAAAAAAAAAAAAAAAAAAAAAAAAAAAAAAAAA
AAAAAAAAAAAAAAAAAAAAAAAAAAAAAAAAAAAAAAAAAAAAAAAAAAAAAAAAAAAAAAAAAAAAAAAAAAAA
AAAAAAAAAAAAAAAAAAAAAAAAAAAAAAAAAAAAAAAAAAAAAAAAAAAAAAAAAAAAAAAAAAAAAAAAAAAA
AAAAAAAAAAAAAAAAAAAAAAAAAAAAAAAAAAAAAAAAAAAAAAAAAAAAAAAAAAAAAAAAAAAAAAAAAAAA
AAAAAAAAAAAAAAAAAAAAAAAAAAAAAAAAAAAAAAAAAAAAAAAAAAAAAAAAAAAAAAAAAAAAAAAAAAAA
AAAAAAAAAAAAAAAAAAAAAAAAAAAAAAAAAAAAAAAAAAAAAAAAAAAAAAAAAAAAAAAAAAAAAAAAAAAA
AAAAAAAAAAAAAAAAAAAAAAAAAAAAAAAAAAAAAAAAAAAAAAAAAAAAAAAAAAAAAAAAAAAAAAAAAAAA
AAAAAAAAAAAAAAAAAAAAAAAAAAAAAAAAAAAAAAAAAAAAAAAAAAAAAAAAAAAAAAAAAAAAAAAAAAAA
AAAAAAAAAAAAAAAAAAAAAAAAAAAAAAAAAAAAAAAAAAAAAAAAAAAAAAAAAAAAAAAAAAAAAAAAAAAA
AAAAAAAAAAAAAAAAAAAAAAAAAAAAAAAAAAAAAAAAAAAAAAAAAAAAAAAAAAAAAAAAAAAAAAAAAAAA
AAAAAAAAAAAAAAAAAAAAAAAAAAAAAAAAAAAAAAAAAAAAAAAAAAAAAAAAAAAAAAAAAAAAAAAAAAAA
AAAAAAAAAAAAAAAAAAAAAAAAAAAAAAAAAAAAAAAAAAAAAAAAAAAAAAAAAAAAAAAAAAAAAAAAAAAA
AAAAAAAAAAAAAAAAAAAAAAAAAAAAAAAAAAAAAAAAAAAAAAAAAAAAAAAAAAAAAAAAAAAAAAAAAAAA
AAAAAAAAAAAAAAAAAAAAAAAAAAAAAAAAAAAAAAAAAAAAAAAAAAAAAAAAAAAAAAAAAAAAAAAAAAAA
AAAAAAAAAAAAAAAAAAAAAAAAAAAAAAAAAAAAAAAAAAAAAAAAAAAAAAAAAAAAAAAAAAAAAAAAAAAA
AAAAAAAAAAAAAAAAAAAAAAAAAAAAAAAAAAAAAAAAAAAAAAAAAAAAAAAAAAAAAAAAAAAAAAAAAAAA
AAAAAAAAAAAAAAAAAAAAAAAAAAAAAAAAAAAAAAAAAAAAAAAAAAAAAAAAAAAAAAAAAAAAAAAAAAAA
AAAAAAAAAAAAAAAAAAAAAAAAAAAAAAAAAAAAAAAAAAAAAAAAAAAAAAAAAAAAAAAAAAAAAAAAAAAA
AAAAAAAAAAAAAAAAAAAAAAAAAAAAAAAAAAAAAAAAAAAAAAAAAAAAAAAAAAAAAAAAAAAAAAAAAAAA
AAAAAAAAAAAAAAAAAAAAAAAAAAAAAAAAAAAAAAAAAAAAAAAAAAAAAAAAAAAAAAAAAAAAAAAAAAAA
AAAAAAAAAAAAAAAAAAAAAAAAAAAAAAAAAAAAAAAAAAAAAAAAAAAAAAAAAAAAAAAAAAAAAAAAAAAA
AAAAAAAAAAAAAAAAAAAAAAAAAAAAAAAAAAAAAAAAAAAAAAAAAAAAAAAAAAAAAAAAAAAAAAAAAAAA
AAAAAAAAAAAAAAAAAAAAAAAAAAAAAAAAAAAAAAAAAAAAAAAAAAAAAAAAAAAAAAAAAAAAAAAAAAAA
AAAAAAAAAAAAAAAAAAAAAAAAAAAAAAAAAAAAAAAAAAAAAAAAAAAAAAAAAAAAAAAAAAAAAAAAAAAA
AAAAAAAAAAAAAAAAAAAAAAAAAAAAAAAAAAAAAAAAAAAAAAAAAAAAAAAAAAAAAAAAAAAAAAAAAAAA
AAAAAAAAAAAAAAAAAAAAAAAAAAAAAAAAAAAAAAAAAAAAAAAAAAAAAAAAAAAAAAAAAAAAAAAAAAAA
AAAAAAAAAAAAAAAAAAAAAAAAAAAAAAAAAAAAAAAAAAAAAAAAAAAAAAAAAAAAAAAAAAAAAAAAAAAA
AAAAAAAAAAAAAAAAAAAAAAAAAAAAAAAAAAAAAAAAAAAAAAAAAAAAAAAAAAAAAAAAAAAAAAAAAAAA
AAAAAAAAAAAAAAAAAAAAAAAAAAAAAAAAAAAAAAAAAAAAAAAAAAAAAAAAAAAAAAAAAAAAAAAAAAAA
AAAAAAAAAAAAAAAAAAAAAAAAAAAAAAAAAAAAAAAAAAAAAAAAAAAAAAAAAAAAAAAAAAAAAAAAAAAA
AAAAAAAAAAAAAAAAAAAAAAAAAAAAAAAAAAAAAAAAAAAAAAAAAAAAAAAAAAAAAAAAAAAAAAAAAAAA
AAAAAAAAAAAAAAAAAAAAAAAAAAAAAAAAAAAAAAAAAAAAAAAAAAAAAAAAAAAAAAAAAAAAAAAAAAAA
AAAAAAAAAAAAAAAAAAAAAAAAAAAAAAAAAAAAAAAAAAAAAAAAAAAAAAAAAAAAAAAAAAAAAAAAAAAA
AAAAAAAAAAAAAAAAAAAAAAAAAAAAAAAAAAAAAAAAAAAAAAAAAAAAAAAAAAAAAAAAAAAAAAAAAAAA
AAAAAAAAAAAAAAAAAAAAAAAAAAAAAAAAAAAAAAAAAAAAAAAAAAAAAAAAAAAAAAAAAAAAAAAAAAAA
AAAAAAAAAAAAAAAAAAAAAAAAAAAAAAAAAAAAAAAAAAAAAAAAAAAAAAAAAAAAAAAAAAAAAAAAAAAA
AAAAAAAAAAAAAAAAAAAAAAAAAAAAAAAAAAAAAAAAAAAAAAAAAAAAAAAAAAAAAAAAAAAAAAAAAAAA
AAAAAAAAAAAAAAAAAAAAAAAAAAAAAAAAAAAAAAAAAAAAAAAAAAAAAAAAAAAAAAAAAAAAAAAAAAAA
AAAAAAAAAAAAAAAAAAAAAAAAAAAAAAAAAAAAAAAAAAAAAAAAAAAAAAAAAAAAAAAAAAAAAAAAAAAA
AAAAAAAAAAAAAAAAAAAAAAAAAAAAAAAAAAAAAAAAAAAAAAAAAAAAAAAAAAAAAAAAAAAAAAAAAAAA
AAAAAAAAAAAAAAAAAAAAAAAAAAAAAAAAAAAAAAAAAAAAAAAAAAAAAAAAAAAAAAAAAAAAAAAAAAAA
AAAAAAAAAAAAAAAAAAAAAAAAAAAAAAAAAAAAAAAAAAAAAAAAAAAAAAAAAAAAAAAAAAAAAAAAAAAA
AAAAAAAAAAAAAAAAAAAAAAAAAAAAAAAAAAAAAAAAAAAAAAAAAAAAAAAAAAAAAAAAAAAAAAAAAAAA
AAAAAAAAAAAAAAAAAAAAAAAAAAAAAAAAAAAAAAAAAAAAAAAAAAAAAAAAAAAAAAAAAAAAAAAAAAAA
AAAAAAAAAAAAAAAAAAAAAAAAAAAAAAAAAAAAAAAAAAAAAAAAAAAAAAAAAAAAAAAAAAAAAAAAAAAA
AAAAAAAAAAAAAAAAAAAAAAAAAAAAAAAAAAAAAAAAAAAAAAAAAAAAAAAAAAAAAAAAAAAAAAAAAAAA
AAAAAAAAAAAAAAAAAAAAAAAAAAAAAAAAAAAAAAAAAAAAAAAAAAAAAAAAAAAAAAAAAAAAAAAAAAAA
AAAAAAAAAAAAAAAAAAAAAAAAAAAAAAAAAAAAAAAAAAAAAAAAAAAAAAAAAAAAAAAAAAAAAAAAAAAA
AAAAAAAAAAAAAAAAAAAAAAAAAAAAAAAAAAAAAAAAAAAAAAAAAAAAAAAAAAAAAAAAAAAAAAAAAAAA
AAAAAAAAAAAAAAAAAAAAAAAAAAAAAAAAAAAAAAAAAAAAAAAAAAAAAAAAAAAAAAAAAAAAAAAAAAAA
AAAAAAAAAAAAAAAAAAAAAAAAAAAAAAAAAAAAAAAAAAAAAAAAAAAAAAAAAAAAAAAAAAAAAAAAAAAA
AAAAAAAAAAAAAAAAAAAAAAAAAAAAAAAAAAAAAAAAAAAAAAAAAAAAAAAAAAAAAAAAAAAAAAAAAAAA
AAAAAAAAAAAAAAAAAAAAAAAAAAAAAAAAAAAAAAAAAAAAAAAAAAAAAAAAAAAAAAAAAAAAAAAAAAAA
AAAAAAAAAAAAAAAAAAAAAAAAAAAAAAAAAAAAAAAAAAAAAAAAAAAAAAAAAAAAAAAAAAAAAAAAAAAA
AAAAAAAAAAAAAAAAAAAAAAAAAAAAAAAAAAAAAAAAAAAAAAAAAAAAAAAAAAAAAAAAAAAAAAAAAAAA
AAAAAAAAAAAAAAAAAAAAAAAAAAAAAAAAAAAAAAAAAAAAAAAAAAAAAAAAAAAAAAAAAAAAAAAAAAAA
AAAAAAAAAAAAAAAAAAAAAAAAAAAAAAAAAAAAAAAAAAAAAAAAAAAAAAAAAAAAAAAAAAAAAAAAAAAA
AAAAAAAAAAAAAAAAAAAAAAAAAAAAAAAAAAAAAAAAAAAAAAAAAAAAAAAAAAAAAAAAAAAAAAAAAAAA
AAAAAAAAAAAAAAAAAAAAAAAAAAAAAAAAAAAAAAAAAAAAAAAAAAAAAAAAAAAAAAAAAAAAAAAAAAAA
AAAAAAAAAAAAAAAAAAAAAAAAAAAAAAAAAAAAAAAAAAAAAAAAAAAAAAAAAAAAAAAAAAAAAAAAAAAA
AAAAAAAAAAAAAAAAAAAAAAAAAAAAAAAAAAAAAAAAAAAAAAAAAAAAAAAAAAAAAAAAAAAAAAAAAAAA
AAAAAAAAAAAAAAAAAAAAAAAAAAAAAAAAAAAAAAAAAAAAAAAAAAAAAAAAAAAAAAAAAAAAAAAAAAAA
AAAAAAAAAAAAAAAAAAAAAAAAAAAAAAAAAAAAAAAAAAAAAAAAAAAAAAAAAAAAAAAAAAAAAAAAAAAA
AAAAAAAAAAAAAAAAAAAAAAAAAAAAAAAAAAAAAAAAAAAAAAAAAAAAAAAAAAAAAAAAAAAAAAAAAAAA
AAAAAAAAAAAAAAAAAAAAAAAAAAAAAAAAAAAAAAAAAAAAAAAAAAAAAAAAAAAAAAAAAAAAAAAAAAAA
AAAAAAAAAAAAAAAAAAAAAAAAAAAAAAAAAAAAAAAAAAAAAAAAAAAAAAAAAAAAAAAAAAAAAAAAAAAA
AAAAAAAAAAAAAAAAAAAAAAAAAAAAAAAAAAAAAAAAAAAAAAAAAAAAAAAAAAAAAAAAAAAAAAAAAAAA
AAAAAAAAAAAAAAAAAAAAAAAAAAAAAAAAAAAAAAAAAAAAAAAAAAAAAAAAAAAAAAAAAAAAAAAAAAAA
AAAAAAAAAAAAAAAAAAAAAAAAAAAAAAAAAAAAAAAAAAAAAAAAAAAAAAAAAAAAAAAAAAAAAAAAAAAA
AAAAAAAAAAAAAAAAAAAAAAAAAAAAAAAAAAAAAAAAAAAAAAAAAAAAAAAAAAAAAAAAAAAAAAAAAAAA
AAAAAAAAAAAAAAAAAAAAAAAAAAAAAAAAAAAAAAAAAAAAAAAAAAAAAAAAAAAAAAAAAAAAAAAAAAAA
AAAAAAAAAAAAAAAAAAAAAAAAAAAAAAAAAAAAAAAAAAAAAAAAAAAAAAAAAAAAAAAAAAAAAAAAAAAA
AAAAAAAAAAAAAAAAAAAAAAAAAAAAAAAAAAAAAAAAAAAAAAAAAAAAAAAAAAAAAAAAAAAAAAAAAAAA
AAAAAAAAAAAAAAAAAAAAAAAAAAAAAAAAAAAAAAAAAAAAAAAAAAAAAAAAAAAAAAAAAAAAAAAAAAAA
AAAAAAAAAAAAAAAAAAAAAAAAAAAAAAAAAAAAAAAAAAAAAAAAAAAAAAAAAAAAAAAAAAAAAAAAAAAA
AAAAAAAAAAAAAAAAAAAAAAAAAAAAAAAAAAAAAAAAAAAAAAAAAAAAAAAAAAAAAAAAAAAAAAAAAAAA
AAAAAAAAAAAAAAAAAAAAAAAAAAAAAAAAAAAAAAAAAAAAAAAAAAAAAAAAAAAAAAAAAAAAAAAAAAAA
AAAAAAAAAAAAAAAAAAAAAAAAAAAAAAAAAAAAAAAAAAAAAAAAAAAAAAAAAAAAAAAAAAAAAAAAAAAA
AAAAAAAAAAAAAAAAAAAAAAAAAAAAAAAAAAAAAAAAAAAAAAAAAAAAAAAAAAAAAAAAAAAAAAAAAAAA
AAAAAAAAAAAAAAAAAAAAAAAAAAAAAAAAAAAAAAAAAAAAAAAAAAAAAAAAAAAAAAAAAAAAAAAAAAAA
AAAAAAAAAAAAAAAAAAAAAAAAAAAAAAAAAAAAAAAAAAAAAAAAAAAAAAAAAAAAAAAAAAAAAAAAAAAA
AAAAAAAAAAAAAAAAAAAAAAAAAAAAAAAAAAAAAAAAAAAAAAAAAAAAAAAAAAAAAAAAAAAAAAAAAAAA
AAAAAAAAAAAAAAAAAAAAAAAAAAAAAAAAAAAAAAAAAAAAAAAAAAAAAAAAAAAAAAAAAAAAAAAAAAAA
AAAAAAAAAAAAAAAAAAAAAAAAAAAAAAAAAAAAAAAAAAAAAAAAAAAAAAAAAAAAAAAAAAAAAAAAAAAA
AAAAAAAAAAAAAAAAAAAAAAAAAAAAAAAAAAAAAAAAAAAAAAAAAAAAAAAAAAAAAAAAAAAAAAAAAAAA
AAAAAAAAAAAAAAAAAAAAAAAAAAAAAAAAAAAAAAAAAAAAAAAAAAAAAAAAAAAAAAAAAAAAAAAAAAAA
AAAAAAAAAAAAAAAAAAAAAAAAAAAAAAAAAAAAAAAAAAAAAAAAAAAAAAAAAAAAAAAAAAAAAAAAAAAA
AAAAAAAAAAAAAAAAAAAAAAAAAAAAAAAAAAAAAAAAAAAAAAAAAAAAAAAAAAAAAAAAAAAAAAAAAAAA
AAAAAAAAAAAAAAAAAAAAAAAAAAAAAAAAAAAAAAAAAAAAAAAAAAAAAAAAAAAAAAAAAAAAAAAAAAAA
AAAAAAAAAAAAAAAAAAAAAAAAAAAAAAAAAAAAAAAAAAAAAAAAAAAAAAAAAAAAAAAAAAAAAAAAAAAA
AAAAAAAAAAAAAAAAAAAAAAAAAAAAAAAAAAAAAAAAAAAAAAAAAAAAAAAAAAAAAAAAAAAAAAAAAAAA
AAAAAAAAAAAAAAAAAAAAAAAAAAAAAAAAAAAAAAAAAAAAAAAAAAAAAAAAAAAAAAAAAAAAAAAAAAAA
AAAAAAAAAAAAAAAAAAAAAAAAAAAAAAAAAAAAAAAAAAAAAAAAAAAAAAAAAAAAAAAAAAAAAAAAAAAA
AAAAAAAAAAAAAAAAAAAAAAAAAAAAAAAAAAAAAAAAAAAAAAAAAAAAAAAAAAAAAAAAAAAAAAAAAAAA
AAAAAAAAAAAAAAAAAAAAAAAAAAAAAAAAAAAAAAAAAAAAAAAAAAAAAAAAAAAAAAAAAAAAAAAAAAAA
AAAAAAAAAAAAAAAAAAAAAAAAAAAAAAAAAAAAAAAAAAAAAAAAAAAAAAAAAAAAAAAAAAAAAAAAAAAA
AAAAAAAAAAAAAAAAAAAAAAAAAAAAAAAAAAAAAAAAAAAAAAAAAAAAAAAAAAAAAAAAAAAAAAAAAAAA
AAAAAAAAAAAAAAAAAAAAAAAAAAAAAAAAAAAAAAAAAAAAAAAAAAAAAAAAAAAAAAAAAAAAAAAAAAAA
AAAAAAAAAAAAAAAAAAAAAAAAAAAAAAAAAAAAAAAAAAAAAAAAAAAAAAAAAAAAAAAAAAAAAAAAAAAA
AAAAAAAAAAAAAAAAAAAAAAAAAAAAAAAAAAAAAAAAAAAAAAAAAAAAAAAAAAAAAAAAAAAAAAAAAAAA
AAAAAAAAAAAAAAAAAAAAAAAAAAAAAAAAAAAAAAAAAAAAAAAAAAAAAAAAAAAAAAAAAAAAAAAAAAAA
AAAAAAAAAAAAAAAAAAAAAAAAAAAAAAAAAAAAAAAAAAAAAAAAAAAAAAAAAAAAAAAAAAAAAAAAAAAA
AAAAAAAAAAAAAAAAAAAAAAAAAAAAAAAAAAAAAAAAAAAAAAAAAAAAAAAAAAAAAAAAAAAAAAAAAAAA
AAAAAAAAAAAAAAAAAAAAAAAAAAAAAAAAAAAAAAAAAAAAAAAAAAAAAAAAAAAAAAAAAAAAAAAAAAAA
AAAAAAAAAAAAAAAAAAAAAAAAAAAAAAAAAAAAAAAAAAAAAAAAAAAAAAAAAAAAAAAAAAAAAAAAAAAA
AAAAAAAAAAAAAAAAAAAAAAAAAAAAAAAAAAAAAAAAAAAAAAAAAAAAAAAAAAAAAAAAAAAAAAAAAAAA
AAAAAAAAAAAAAAAAAAAAAAAAAAAAAAAAAAAAAAAAAAAAAAAAAAAAAAAAAAAAAAAAAAAAAAAAAAAA
AAAAAAAAAAAAAAAAAAAAAAAAAAAAAAAAAAAAAAAAAAAAAAAAAAAAAAAAAAAAAAAAAAAAAAAAAAAA
AAAAAAAAAAAAAAAAAAAAAAAAAAAAAAAAAAAAAAAAAAAAAAAAAAAAAAAAAAAAAAAAAAAAAAAAAAAA
AAAAAAAAAAAAAAAAAAAAAAAAAAAAAAAAAAAAAAAAAAAAAAAAAAAAAAAAAAAAAAAAAAAAAAAAAAAA
AAAAAAAAAAAAAAAAAAAAAAAAAAAAAAAAAAAAAAAAAAAAAAAAAAAAAAAAAAAAAAAAAAAAAAAAAAAA
AAAAAAAAAAAAAAAAAAAAAAAAAAAAAAAAAAAAAAAAAAAAAAAAAAAAAAAAAAAAAAAAAAAAAAAAAAAA
AAAAAAAAAAAAAAAAAAAAAAAAAAAAAAAAAAAAAAAAAAAAAAAAAAAAAAAAAAAAAAAAAAAAAAAAAAAA
AAAAAAAAAAAAAAAAAAAAAAAAAAAAAAAAAAAAAAAAAAAAAAAAAAAAAAAAAAAAAAAAAAAAAAAAAAAA
AAAAAAAAAAAAAAAAAAAAAAAAAAAAAAAAAAAAAAAAAAAAAAAAAAAAAAAAAAAAAAAAAAAAAAAAAAAA
AAAAAAAAAAAAAAAAAAAAAAAAAAAAAAAAAAAAAAAAAAAAAAAAAAAAAAAAAAAAAAAAAAAAAAAAAAAA
AAAAAAAAAAAAAAAAAAAAAAAAAAAAAAAAAAAAAAAAAAAAAAAAAAAAAAAAAAAAAAAAAAAAAAAAAAAA
AAAAAAAAAAAAAAAAAAAAAAAAAAAAAAAAAAAAAAAAAAAAAAAAAAAAAAAAAAAAAAAAAAAAAAAAAAAA
AAAAAAAAAAAAAAAAAAAAAAAAAAAAAAAAAAAAAAAAAAAAAAAAAAAAAAAAAAAAAAAAAAAAAAAAAAAA
AAAAAAAAAAAAAAAAAAAAAAAAAAAAAAAAAAAAAAAAAAAAAAAAAAAAAAAAAAAAAAAAAAAAAAAAAAAA
AAAAAAAAAAAAAAAAAAAAAAAAAAAAAAAAAAAAAAAAAAAAAAAAAAAAAAAAAAAAAAAAAAAAAAAAAAAA
AAAAAAAAAAAAAAAAAAAAAAAAAAAAAAAAAAAAAAAAAAAAAAAAAAAAAAAAAAAAAAAAAAAAAAAAAAAA
AAAAAAAAAAAAAAAAAAAAAAAAAAAAAAAAAAAAAAAAAAAAAAAAAAAAAAAAAAAAAAAAAAAAAAAAAAAA
AAAAAAAAAAAAAAAAAAAAAAAAAAAAAAAAAAAAAAAAAAAAAAAAAAAAAAAAAAAAAAAAAAAAAAAAAAAA
AAAAAAAAAAAAAAAAAAAAAAAAAAAAAAAAAAAAAAAAAAAAAAAAAAAAAAAAAAAAAAAAAAAAAAAAAAAA
AAAAAAAAAAAAAAAAAAAAAAAAAAAAAAAAAAAAAAAAAAAAAAAAAAAAAAAAAAAAAAAAAAAAAAAAAAAA
AAAAAAAAAAAAAAAAAAAAAAAAAAAAAAAAAAAAAAAAAAAAAAAAAAAAAAAAAAAAAAAAAAAAAAAAAAAA
AAAAAAAAAAAAAAAAAAAAAAAAAAAAAAAAAAAAAAAAAAAAAAAAAAAAAAAAAAAAAAAAAAAAAAAAAAAA
AAAAAAAAAAAAAAAAAAAAAAAAAAAAAAAAAAAAAAAAAAAAAAAAAAAAAAAAAAAAAAAAAAAAAAAAAAAA
AAAAAAAAAAAAAAAAAAAAAAAAAAAAAAAAAAAAAAAAAAAAAAAAAAAAAAAAAAAAAAAAAAAAAAAAAAAA
AAAAAAAAAAAAAAAAAAAAAAAAAAAAAAAAAAAAAAAAAAAAAAAAAAAAAAAAAAAAAAAAAAAAAAAAAAAA
AAAAAAAAAAAAAAAAAAAAAAAAAAAAAAAAAAAAAAAAAAAAAAAAAAAAAAAAAAAAAAAAAAAAAAAAAAAA
AAAAAAAAAAAAAAAAAAAAAAAAAAAAAAAAAAAAAAAAAAAAAAAAAAAAAAAAAAAAAAAAAAAAAAAAAAAA
AAAAAAAAAAAAAAAAAAAAAAAAAAAAAAAAAAAAAAAAAAAAAAAAAAAAAAAAAAAAAAAAAAAAAAAAAAAA
AAAAAAAAAAAAAAAAAAAAAAAAAAAAAAAAAAAAAAAAAAAAAAAAAAAAAAAAAAAAAAAAAAAAAAAAAAAA
AAAAAAAAAAAAAAAAAAAAAAAAAAAAAAAAAAAAAAAAAAAAAAAAAAAAAAAAAAAAAAAAAAAAAAAAAAAA
AAAAAAAAAAAAAAAAAAAAAAAAAAAAAAAAAAAAAAAAAAAAAAAAAAAAAAAAAAAAAAAAAAAAAAAAAAAA
AAAAAAAAAAAAAAAAAAAAAAAAAAAAAAAAAAAAAAAAAAAAAAAAAAAAAAAAAAAAAAAAAAAAAAAAAAAA
AAAAAAAAAAAAAAAAAAAAAAAAAAAAAAAAAAAAAAAAAAAAAAAAAAAAAAAAAAAAAAAAAAAAAAAAAAAA
AAAAAAAAAAAAAAAAAAAAAAAAAAAAAAAAAAAAAAAAAAAAAAAAAAAAAAAAAAAAAAAAAAAAAAAAAAAA
AAAAAAAAAAAAAAAAAAAAAAAAAAAAAAAAAAAAAAAAAAAAAAAAAAAAAAAAAAAAAAAAAAAAAAAAAAAA
AAAAAAAAAAAAAAAAAAAAAAAAAAAAAAAAAAAAAAAAAAAAAAAAAAAAAAAAAAAAAAAAAAAAAAAAAAAA
AAAAAAAAAAAAAAAAAAAAAAAAAAAAAAAAAAAAAAAAAAAAAAAAAAAAAAAAAAAAAAAAAAAAAAAAAAAA
AAAAAAAAAAAAAAAAAAAAAAAAAAAAAAAAAAAAAAAAAAAAAAAAAAAAAAAAAAAAAAAAAAAAAAAAAAAA
AAAAAAAAAAAAAAAAAAAAAAAAAAAAAAAAAAAAAAAAAAAAAAAAAAAAAAAAAAAAAAAAAAAAAAAAAAAA
AAAAAAAAAAAAAAAAAAAAAAAAAAAAAAAAAAAAAAAAAAAAAAAAAAAAAAAAAAAAAAAAAAAAAAAAAAAA
AAAAAAAAAAAAAAAAAAAAAAAAAAAAAAAAAAAAAAAAAAAAAAAAAAAAAAAAAAAAAAAAAAAAAAAAAAAA
AAAAAAAAAAAAAAAAAAAAAAAAAAAAAAAAAAAAAAAAAAAAAAAAAAAAAAAAAAAAAAAAAAAAAAAAAAAA
AAAAAAAAAAAAAAAAAAAAAAAAAAAAAAAAAAAAAAAAAAAAAAAAAAAAAAAAAAAAAAAAAAAAAAAAAAAA
AAAAAAAAAAAAAAAAAAAAAAAAAAAAAAAAAAAAAAAAAAAAAAAAAAAAAAAAAAAAAAAAAAAAAAAAAAAA
AAAAAAAAAAAAAAAAAAAAAAAAAAAAAAAAAAAAAAAAAAAAAAAAAAAAAAAAAAAAAAAAAAAAAAAAAAAA
AAAAAAAAAAAAAAAAAAAAAAAAAAAAAAAAAAAAAAAAAAAAAAAAAAAAAAAAAAAAAAAAAAAAAAAAAAAA
AAAAAAAAAAAAAAAAAAAAAAAAAAAAAAAAAAAAAAAAAAAAAAAAAAAAAAAAAAAAAAAAAAAAAAAAAAAA
AAAAAAAAAAAAAAAAAAAAAAAAAAAAAAAAAAAAAAAAAAAAAAAAAAAAAAAAAAAAAAAAAAAAAAAAAAAA
AAAAAAAAAAAAAAAAAAAAAAAAAAAAAAAAAAAAAAAAAAAAAAAAAAAAAAAAAAAAAAAAAAAAAAAAAAAA
AAAAAAAAAAAAAAAAAAAAAAAAAAAAAAAAAAAAAAAAAAAAAAAAAAAAAAAAAAAAAAAAAAAAAAAAAAAA
AAAAAAAAAAAAAAAAAAAAAAAAAAAAAAAAAAAAAAAAAAAAAAAAAAAAAAAAAAAAAAAAAAAAAAAAAAAA
AAAAAAAAAAAAAAAAAAAAAAAAAAAAAAAAAAAAAAAAAAAAAAAAAAAAAAAAAAAAAAAAAAAAAAAAAAAA
AAAAAAAAAAAAAAAAAAAAAAAAAAAAAAAAAAAAAAAAAAAAAAAAAAAAAAAAAAAAAAAAAAAAAAAAAAAA
AAAAAAAAAAAAAAAAAAAAAAAAAAAAAAAAAAAAAAAAAAAAAAAAAAAAAAAAAAAAAAAAAAAAAAAAAAAA
AAAAAAAAAAAAAAAAAAAAAAAAAAAAAAAAAAAAAAAAAAAAAAAAAAAAAAAAAAAAAAAAAAAAAAAAAAAA
AAAAAAAAAAAAAAAAAAAAAAAAAAAAAAAAAAAAAAAAAAAAAAAAAAAAAAAAAAAAAAAAAAAAAAAAAAAA
AAAAAAAAAAAAAAAAAAAAAAAAAAAAAAAAAAAAAAAAAAAAAAAAAAAAAAAAAAAAAAAAAAAAAAAAAAAA
AAAAAAAAAAAAAAAAAAAAAAAAAAAAAAAAAAAAAAAAAAAAAAAAAAAAAAAAAAAAAAAAAAAAAAAAAAAA
AAAAAAAAAAAAAAAAAAAAAAAAAAAAAAAAAAAAAAAAAAAAAAAAAAAAAAAAAAAAAAAAAAAAAAAAAAAA
AAAAAAAAAAAAAAAAAAAAAAAAAAAAAAAAAAAAAAAAAAAAAAAAAAAAAAAAAAAAAAAAAAAAAAAAAAAA
AAAAAAAAAAAAAAAAAAAAAAAAAAAAAAAAAAAAAAAAAAAAAAAAAAAAAAAAAAAAAAAAAAAAAAAAAAAA
AAAAAAAAAAAAAAAAAAAAAAAAAAAAAAAAAAAAAAAAAAAAAAAAAAAAAAAAAAAAAAAAAAAAAAAAAAAA
AAAAAAAAAAAAAAAAAAAAAAAAAAAAAAAAAAAAAAAAAAAAAAAAAAAAAAAAAAAAAAAAAAAAAAAAAAAA
AAAAAAAAAAAAAAAAAAAAAAAAAAAAAAAAAAAAAAAAAAAAAAAAAAAAAAAAAAAAAAAAAAAAAAAAAAAA
AAAAAAAAAAAAAAAAAAAAAAAAAAAAAAAAAAAAAAAAAAAAAAAAAAAAAAAAAAAAAAAAAAAAAAAAAAAA
AAAAAAAAAAAAAAAAAAAAAAAAAAAAAAAAAAAAAAAAAAAAAAAAAAAAAAAAAAAAAAAAAAAAAAAAAAAA
AAAAAAAAAAAAAAAAAAAAAAAAAAAAAAAAAAAAAAAAAAAAAAAAAAAAAAAAAAAAAAAAAAAAAAAAAAAA
AAAAAAAAAAAAAAAAAAAAAAAAAAAAAAAAAAAAAAAAAAAAAAAAAAAAAAAAAAAAAAAAAAAAAAAAAAAA
AAAAAAAAAAAAAAAAAAAAAAAAAAAAAAAAAAAAAAAAAAAAAAAAAAAAAAAAAAAAAAAAAAAAAAAAAAAA
AAAAAAAAAAAAAAAAAAAAAAAAAAAAAAAAAAAAAAAAAAAAAAAAAAAAAAAAAAAAAAAAAAAAAAAAAAAA
AAAAAAAAAAAAAAAAAAAAAAAAAAAAAAAAAAAAAAAAAAAAAAAAAAAAAAAAAAAAAAAAAAAAAAAAAAAA
AAAAAAAAAAAAAAAAAAAAAAAAAAAAAAAAAAAAAAAAAAAAAAAAAAAAAAAAAAAAAAAAAAAAAAAAAAAA
AAAAAAAAAAAAAAAAAAAAAAAAAAAAAAAAAAAAAAAAAAAAAAAAAAAAAAAAAAAAAAAAAAAAAAAAAAAA
AAAAAAAAAAAAAAAAAAAAAAAAAAAAAAAAAAAAAAAAAAAAAAAAAAAAAAAAAAAAAAAAAAAAAAAAAAAA
AAAAAAAAAAAAAAAAAAAAAAAAAAAAAAAAAAAAAAAAAAAAAAAAAAAAAAAAAAAAAAAAAAAAAAAAAAAA
AAAAAAAAAAAAAAAAAAAAAAAAAAAAAAAAAAAAAAAAAAAAAAAAAAAAAAAAAAAAAAAAAAAAAAAAAAAA
AAAAAAAAAAAAAAAAAAAAAAAAAAAAAAAAAAAAAAAAAAAAAAAAAAAAAAAAAAAAAAAAAAAAAAAAAAAA
AAAAAAAAAAAAAAAAAAAAAAAAAAAAAAAAAAAAAAAAAAAAAAAAAAAAAAAAAAAAAAAAAAAAAAAAAAAA
AAAAAAAAAAAAAAAAAAAAAAAAAAAAAAAAAAAAAAAAAAAAAAAAAAAAAAAAAAAAAAAAAAAAAAAAAAAA
AAAAAAAAAAAAAAAAAAAAAAAAAAAAAAAAAAAAAAAAAAAAAAAAAAAAAAAAAAAAAAAAAAAAAAAAAAAA
AAAAAAAAAAAAAAAAAAAAAAAAAAAAAAAAAAAAAAAAAAAAAAAAAAAAAAAAAAAAAAAAAAAAAAAAAAAA
AAAAAAAAAAAAAAAAAAAAAAAAAAAAAAAAAAAAAAAAAAAAAAAAAAAAAAAAAAAAAAAAAAAAAAAAAAAA
AAAAAAAAAAAAAAAAAAAAAAAAAAAAAAAAAAAAAAAAAAAAAAAAAAAAAAAAAAAAAAAAAAAAAAAAAAAA
AAAAAAAAAAAAAAAAAAAAAAAAAAAAAAAAAAAAAAAAAAAAAAAAAAAAAAAAAAAAAAAAAAAAAAAAAAAA
AAAAAAAAAAAAAAAAAAAAAAAAAAAAAAAAAAAAAAAAAAAAAAAAAAAAAAAAAAAAAAAAAAAAAAAAAAAA
AAAAAAAAAAAAAAAAAAAAAAAAAAAAAAAAAAAAAAAAAAAAAAAAAAAAAAAAAAAAAAAAAAAAAAAAAAAA
AAAAAAAAAAAAAAAAAAAAAAAAAAAAAAAAAAAAAAAAAAAAAAAAAAAAAAAAAAAAAAAAAAAAAAAAAAAA
AAAAAAAAAAAAAAAAAAAAAAAAAAAAAAAAAAAAAAAAAAAAAAAAAAAAAAAAAAAAAAAAAAAAAAAAAAAA
AAAAAAAAAAAAAAAAAAAAAAAAAAAAAAAAAAAAAAAAAAAAAAAAAAAAAAAAAAAAAAAAAAAAAAAAAAAA
AAAAAAAAAAAAAAAAAAAAAAAAAAAAAAAAAAAAAAAAAAAAAAAAAAAAAAAAAAAAAAAAAAAAAAAAAAAA
AAAAAAAAAAAAAAAAAAAAAAAAAAAAAAAAAAAAAAAAAAAAAAAAAAAAAAAAAAAAAAAAAAAAAAAAAAAA
AAAAAAAAAAAAAAAAAAAAAAAAAAAAAAAAAAAAAAAAAAAAAAAAAAAAAAAAAAAAAAAAAAAAAAAAAAAA
AAAAAAAAAAAAAAAAAAAAAAAAAAAAAAAAAAAAAAAAAAAAAAAAAAAAAAAAAAAAAAAAAAAAAAAAAAAA
AAAAAAAAAAAAAAAAAAAAAAAAAAAAAAAAAAAAAAAAAAAAAAAAAAAAAAAAAAAAAAAAAAAAAAAAAAAA
AAAAAAAAAAAAAAAAAAAAAAAAAAAAAAAAAAAAAAAAAAAAAAAAAAAAAAAAAAAAAAAAAAAAAAAAAAAA
AAAAAAAAAAAAAAAAAAAAAAAAAAAAAAAAAAAAAAAAAAAAAAAAAAAAAAAAAAAAAAAAAAAAAAAAAAAA
AAAAAAAAAAAAAAAAAAAAAAAAAAAAAAAAAAAAAAAAAAAAAAAAAAAAAAAAAAAAAAAAAAAAAAAAAAAA
AAAAAAAAAAAAAAAAAAAAAAAAAAAAAAAAAAAAAAAAAAAAAAAAAAAAAAAAAAAAAAAAAAAAAAAAAAAA
AAAAAAAAAAAAAAAAAAAAAAAAAAAAAAAAAAAAAAAAAAAAAAAAAAAAAAAAAAAAAAAAAAAAAAAAAAAA
AAAAAAAAAAAAAAAAAAAAAAAAAAAAAAAAAAAAAAAAAAAAAAAAAAAAAAAAAAAAAAAAAAAAAAAAAAAA
AAAAAAAAAAAAAAAAAAAAAAAAAAAAAAAAAAAAAAAAAAAAAAAAAAAAAAAAAAAAAAAAAAAAAAAAAAAA
AAAAAAAAAAAAAAAAAAAAAAAAAAAAAAAAAAAAAAAAAAAAAAAAAAAAAAAAAAAAAAAAAAAAAAAAAAAA
AAAAAAAAAAAAAAAAAAAAAAAAAAAAAAAAAAAAAAAAAAAAAAAAAAAAAAAAAAAAAAAAAAAAAAAAAAAA
AAAAAAAAAAAAAAAAAAAAAAAAAAAAAAAAAAAAAAAAAAAAAAAAAAAAAAAAAAAAAAAAAAAAAAAAAAAA
AAAAAAAAAAAAAAAAAAAAAAAAAAAAAAAAAAAAAAAAAAAAAAAAAAAAAAAAAAAAAAAAAAAAAAAAAAAA
AAAAAAAAAAAAAAAAAAAAAAAAAAAAAAAAAAAAAAAAAAAAAAAAAAAAAAAAAAAAAAAAAAAAAAAAAAAA
AAAAAAAAAAAAAAAAAAAAAAAAAAAAAAAAAAAAAAAAAAAAAAAAAAAAAAAAAAAAAAAAAAAAAAAAAAAA
AAAAAAAAAAAAAAAAAAAAAAAAAAAAAAAAAAAAAAAAAAAAAAAAAAAAAAAAAAAAAAAAAAAAAAAAAAAA
AAAAAAAAAAAAAAAAAAAAAAAAAAAAAAAAAAAAAAAAAAAAAAAAAAAAAAAAAAAAAAAAAAAAAAAAAAAA
AAAAAAAAAAAAAAAAAAAAAAAAAAAAAAAAAAAAAAAAAAAAAAAAAAAAAAAAAAAAAAAAAAAAAAAAAAAA
AAAAAAAAAAAAAAAAAAAAAAAAAAAAAAAAAAAAAAAAAAAAAAAAAAAAAAAAAAAAAAAAAAAAAAAAAAAA
AAAAAAAAAAAAAAAAAAAAAAAAAAAAAAAAAAAAAAAAAAAAAAAAAAAAAAAAAAAAAAAAAAAAAAAAAAAA
AAAAAAAAAAAAAAAAAAAAAAAAAAAAAAAAAAAAAAAAAAAAAAAAAAAAAAAAAAAAAAAAAAAAAAAAAAAA
AAAAAAAAAAAAAAAAAAAAAAAAAAAAAAAAAAAAAAAAAAAAAAAAAAAAAAAAAAAAAAAAAAAAAAAAAAAA
AAAAAAAAAAAAAAAAAAAAAAAAAAAAAAAAAAAAAAAAAAAAAAAAAAAAAAAAAAAAAAAAAAAAAAAAAAAA
AAAAAAAAAAAAAAAAAAAAAAAAAAAAAAAAAAAAAAAAAAAAAAAAAAAAAAAAAAAAAAAAAAAAAAAAAAAA
AAAAAAAAAAAAAAAAAAAAAAAAAAAAAAAAAAAAAAAAAAAAAAAAAAAAAAAAAAAAAAAAAAAAAAAAAAAA
AAAAAAAAAAAAAAAAAAAAAAAAAAAAAAAAAAAAAAAAAAAAAAAAAAAAAAAAAAAAAAAAAAAAAAAAAAAA
AAAAAAAAAAAAAAAAAAAAAAAAAAAAAAAAAAAAAAAAAAAAAAAAAAAAAAAAAAAAAAAAAAAAAAAAAAAA
AAAAAAAAAAAAAAAAAAAAAAAAAAAAAAAAAAAAAAAAAAAAAAAAAAAAAAAAAAAAAAAAAAAAAAAAAAAA
AAAAAAAAAAAAAAAAAAAAAAAAAAAAAAAAAAAAAAAAAAAAAAAAAAAAAAAAAAAAAAAAAAAAAAAAAAAA
AAAAAAAAAAAAAAAAAAAAAAAAAAAAAAAAAAAAAAAAAAAAAAAAAAAAAAAAAAAAAAAAAAAAAAAAAAAA
AAAAAAAAAAAAAAAAAAAAAAAAAAAAAAAAAAAAAAAAAAAAAAAAAAAAAAAAAAAAAAAAAAAAAAAAAAAA
AAAAAAAAAAAAAAAAAAAAAAAAAAAAAAAAAAAAAAAAAAAAAAAAAAAAAAAAAAAAAAAAAAAAAAAAAAAA
AAAAAAAAAAAAAAAAAAAAAAAAAAAAAAAAAAAAAAAAAAAAAAAAAAAAAAAAAAAAAAAAAAAAAAAAAAAA
AAAAAAAAAAAAAAAAAAAAAAAAAAAAAAAAAAAAAAAAAAAAAAAAAAAAAAAAAAAAAAAAAAAAAAAAAAAA
AAAAAAAAAAAAAAAAAAAAAAAAAAAAAAAAAAAAAAAAAAAAAAAAAAAAAAAAAAAAAAAAAAAAAAAAAAAA
AAAAAAAAAAAAAAAAAAAAAAAAAAAAAAAAAAAAAAAAAAAAAAAAAAAAAAAAAAAAAAAAAAAAAAAAAAAA
AAAAAAAAAAAAAAAAAAAAAAAAAAAAAAAAAAAAAAAAAAAAAAAAAAAAAAAAAAAAAAAAAAAAAAAAAAAA
AAAAAAAAAAAAAAAAAAAAAAAAAAAAAAAAAAAAAAAAAAAAAAAAAAAAAAAAAAAAAAAAAAAAAAAAAAAA
AAAAAAAAAAAAAAAAAAAAAAAAAAAAAAAAAAAAAAAAAAAAAAAAAAAAAAAAAAAAAAAAAAAAAAAAAAAA
AAAAAAAAAAAAAAAAAAAAAAAAAAAAAAAAAAAAAAAAAAAAAAAAAAAAAAAAAAAAAAAAAAAAAAAAAAAA
AAAAAAAAAAAAAAAAAAAAAAAAAAAAAAAAAAAAAAAAAAAAAAAAAAAAAAAAAAAAAAAAAAAAAAAAAAAA
AAAAAAAAAAAAAAAAAAAAAAAAAAAAAAAAAAAAAAAAAAAAAAAAAAAAAAAAAAAAAAAAAAAAAAAAAAAA
AAAAAAAAAAAAAAAAAAAAAAAAAAAAAAAAAAAAAAAAAAAAAAAAAAAAAAAAAAAAAAAAAAAAAAAAAAAA
AAAAAAAAAAAAAAAAAAAAAAAAAAAAAAAAAAAAAAAAAAAAAAAAAAAAAAAAAAAAAAAAAAAAAAAAAAAA
AAAAAAAAAAAAAAAAAAAAAAAAAAAAAAAAAAAAAAAAAAAAAAAAAAAAAAAAAAAAAAAAAAAAAAAAAAAA
AAAAAAAAAAAAAAAAAAAAAAAAAAAAAAAAAAAAAAAAAAAAAAAAAAAAAAAAAAAAAAAAAAAAAAAAAAAA
AAAAAAAAAAAAAAAAAAAAAAAAAAAAAAAAAAAAAAAAAAAAAAAAAAAAAAAAAAAAAAAAAAAAAAAAAAAA
AAAAAAAAAAAAAAAAAAAAAAAAAAAAAAAAAAAAAAAAAAAAAAAAAAAAAAAAAAAAAAAAAAAAAAAAAAAA
AAAAAAAAAAAAAAAAAAAAAAAAAAAAAAAAAAAAAAAAAAAAAAAAAAAAAAAAAAAAAAAAAAAAAAAAAAAA
AAAAAAAAAAAAAAAAAAAAAAAAAAAAAAAAAAAAAAAAAAAAAAAAAAAAAAAAAAAAAAAAAAAAAAAAAAAA
AAAAAAAAAAAAAAAAAAAAAAAAAAAAAAAAAAAAAAAAAAAAAAAAAAAAAAAAAAAAAAAAAAAAAAAAAAAA
AAAAAAAAAAAAAAAAAAAAAAAAAAAAAAAAAAAAAAAAAAAAAAAAAAAAAAAAAAAAAAAAAAAAAAAAAAAA
AAAAAAAAAAAAAAAAAAAAAAAAAAAAAAAAAAAAAAAAAAAAAAAAAAAAAAAAAAAAAAAAAAAAAAAAAAAA
AAAAAAAAAAAAAAAAAAAAAAAAAAAAAAAAAAAAAAAAAAAAAAAAAAAAAAAAAAAAAAAAAAAAAAAAAAAA
AAAAAAAAAAAAAAAAAAAAAAAAAAAAAAAAAAAAAAAAAAAAAAAAAAAAAAAAAAAAAAAAAAAAAAAAAAAA
AAAAAAAAAAAAAAAAAAAAAAAAAAAAAAAAAAAAAAAAAAAAAAAAAAAAAAAAAAAAAAAAAAAAAAAAAAAA
AAAAAAAAAAAAAAAAAAAAAAAAAAAAAAAAAAAAAAAAAAAAAAAAAAAAAAAAAAAAAAAAAAAAAAAAAAAA
AAAAAAAAAAAAAAAAAAAAAAAAAAAAAAAAAAAAAAAAAAAAAAAAAAAAAAAAAAAAAAAAAAAAAAAAAAAA
AAAAAAAAAAAAAAAAAAAAAAAAAAAAAAAAAAAAAAAAAAAAAAAAAAAAAAAAAAAAAAAAAAAAAAAAAAAA
AAAAAAAAAAAAAAAAAAAAAAAAAAAAAAAAAAAAAAAAAAAAAAAAAAAAAAAAAAAAAAAAAAAAAAAAAAAA
AAAAAAAAAAAAAAAAAAAAAAAAAAAAAAAAAAAAAAAAAAAAAAAAAAAAAAAAAAAAAAAAAAAAAAAAAAAA
AAAAAAAAAAAAAAAAAAAAAAAAAAAAAAAAAAAAAAAAAAAAAAAAAAAAAAAAAAAAAAAAAAAAAAAAAAAA
AAAAAAAAAAAAAAAAAAAAAAAAAAAAAAAAAAAAAAAAAAAAAAAAAAAAAAAAAAAAAAAAAAAAAAAAAAAA
AAAAAAAAAAAAAAAAAAAAAAAAAAAAAAAAAAAAAAAAAAAAAAAAAAAAAAAAAAAAAAAAAAAAAAAAAAAA
AAAAAAAAAAAAAAAAAAAAAAAAAAAAAAAAAAAAAAAAAAAAAAAAAAAAAAAAAAAAAAAAAAAAAAAAAAAA
AAAAAAAAAAAAAAAAAAAAAAAAAAAAAAAAAAAAAAAAAAAAAAAAAAAAAAAAAAAAAAAAAAAAAAAAAAAA
AAAAAAAAAAAAAAAAAAAAAAAAAAAAAAAAAAAAAAAAAAAAAAAAAAAAAAAAAAAAAAAAAAAAAAAAAAAA
AAAAAAAAAAAAAAAAAAAAAAAAAAAAAAAAAAAAAAAAAAAAAAAAAAAAAAAAAAAAAAAAAAAAAAAAAAAA
AAAAAAAAAAAAAAAAAAAAAAAAAAAAAAAAAAAAAAAAAAAAAAAAAAAAAAAAAAAAAAAAAAAAAAAAAAAA
AAAAAAAAAAAAAAAAAAAAAAAAAAAAAAAAAAAAAAAAAAAAAAAAAAAAAAAAAAAAAAAAAAAAAAAAAAAA
AAAAAAAAAAAAAAAAAAAAAAAAAAAAAAAAAAAAAAAAAAAAAAAAAAAAAAAAAAAAAAAAAAAAAAAAAAAA
AAAAAAAAAAAAAAAAAAAAAAAAAAAAAAAAAAAAAAAAAAAAAAAAAAAAAAAAAAAAAAAAAAAAAAAAAAAA
AAAAAAAAAAAAAAAAAAAAAAAAAAAAAAAAAAAAAAAAAAAAAAAAAAAAAAAAAAAAAAAAAAAAAAAAAAAA
AAAAAAAAAAAAAAAAAAAAAAAAAAAAAAAAAAAAAAAAAAAAAAAAAAAAAAAAAAAAAAAAAAAAAAAAAAAA
AAAAAAAAAAAAAAAAAAAAAAAAAAAAAAAAAAAAAAAAAAAAAAAAAAAAAAAAAAAAAAAAAAAAAAAAAAAA
AAAAAAAAAAAAAAAAAAAAAAAAAAAAAAAAAAAAAAAAAAAAAAAAAAAAAAAAAAAAAAAAAAAAAAAAAAAA
AAAAAAAAAAAAAAAAAAAAAAAAAAAAAAAAAAAAAAAAAAAAAAAAAAAAAAAAAAAAAAAAAAAAAAAAAAAA
AAAAAAAAAAAAAAAAAAAAAAAAAAAAAAAAAAAAAAAAAAAAAAAAAAAAAAAAAAAAAAAAAAAAAAAAAAAA
AAAAAAAAAAAAAAAAAAAAAAAAAAAAAAAAAAAAAAAAAAAAAAAAAAAAAAAAAAAAAAAAAAAAAAAAAAAA
AAAAAAAAAAAAAAAAAAAAAAAAAAAAAAAAAAAAAAAAAAAAAAAAAAAAAAAAAAAAAAAAAAAAAAAAAAAA
AAAAAAAAAAAAAAAAAAAAAAAAAAAAAAAAAAAAAAAAAAAAAAAAAAAAAAAAAAAAAAAAAAAAAAAAAAAA
AAAAAAAAAAAAAAAAAAAAAAAAAAAAAAAAAAAAAAAAAAAAAAAAAAAAAAAAAAAAAAAAAAAAAAAAAAAA
AAAAAAAAAAAAAAAAAAAAAAAAAAAAAAAAAAAAAAAAAAAAAAAAAAAAAAAAAAAAAAAAAAAAAAAAAAAA
AAAAAAAAAAAAAAAAAAAAAAAAAAAAAAAAAAAAAAAAAAAAAAAAAAAAAAAAAAAAAAAAAAAAAAAAAAAA
AAAAAAAAAAAAAAAAAAAAAAAAAAAAAAAAAAAAAAAAAAAAAAAAAAAAAAAAAAAAAAAAAAAAAAAAAAAA
AAAAAAAAAAAAAAAAAAAAAAAAAAAAAAAAAAAAAAAAAAAAAAAAAAAAAAAAAAAAAAAAAAAAAAAAAAAA
AAAAAAAAAAAAAAAAAAAAAAAAAAAAAAAAAAAAAAAAAAAAAAAAAAAAAAAAAAAAAAAAAAAAAAAAAAAA
AAAAAAAAAAAAAAAAAAAAAAAAAAAAAAAAAAAAAAAAAAAAAAAAAAAAAAAAAAAAAAAAAAAAAAAAAAAA
AAAAAAAAAAAAAAAAAAAAAAAAAAAAAAAAAAAAAAAAAAAAAAAAAAAAAAAAAAAAAAAAAAAAAAAAAAAA
AAAAAAAAAAAAAAAAAAAAAAAAAAAAAAAAAAAAAAAAAAAAAAAAAAAAAAAAAAAAAAAAAAAAAAAAAAAA
AAAAAAAAAAAAAAAAAAAAAAAAAAAAAAAAAAAAAAAAAAAAAAAAAAAAAAAAAAAAAAAAAAAAAAAAAAAA
AAAAAAAAAAAAAAAAAAAAAAAAAAAAAAAAAAAAAAAAAAAAAAAAAAAAAAAAAAAAAAAAAAAAAAAAAAAA
AAAAAAAAAAAAAAAAAAAAAAAAAAAAAAAAAAAAAAAAAAAAAAAAAAAAAAAAAAAAAAAAAAAAAAAAAAAA
AAAAAAAAAAAAAAAAAAAAAAAAAAAAAAAAAAAAAAAAAAAAAAAAAAAAAAAAAAAAAAAAAAAAAAAAAAAA
AAAAAAAAAAAAAAAAAAAAAAAAAAAAAAAAAAAAAAAAAAAAAAAAAAAAAAAAAAAAAAAAAAAAAAAAAAAA
AAAAAAAAAAAAAAAAAAAAAAAAAAAAAAAAAAAAAAAAAAAAAAAAAAAAAAAAAAAAAAAAAAAAAAAAAAAA
AAAAAAAAAAAAAAAAAAAAAAAAAAAAAAAAAAAAAAAAAAAAAAAAAAAAAAAAAAAAAAAAAAAAAAAAAAAA
AAAAAAAAAAAAAAAAAAAAAAAAAAAAAAAAAAAAAAAAAAAAAAAAAAAAAAAAAAAAAAAAAAAAAAAAAAAA
AAAAAAAAAAAAAAAAAAAAAAAAAAAAAAAAAAAAAAAAAAAAAAAAAAAAAAAAAAAAAAAAAAAAAAAAAAAA
AAAAAAAAAAAAAAAAAAAAAAAAAAAAAAAAAAAAAAAAAAAAAAAAAAAAAAAAAAAAAAAAAAAAAAAAAAAA
AAAAAAAAAAAAAAAAAAAAAAAAAAAAAAAAAAAAAAAAAAAAAAAAAAAAAAAAAAAAAAAAAAAAAAAAAAAA
AAAAAAAAAAAAAAAAAAAAAAAAAAAAAAAAAAAAAAAAAAAAAAAAAAAAAAAAAAAAAAAAAAAAAAAAAAAA
AAAAAAAAAAAAAAAAAAAAAAAAAAAAAAAAAAAAAAAAAAAAAAAAAAAAAAAAAAAAAAAAAAAAAAAAAAAA
AAAAAAAAAAAAAAAAAAAAAAAAAAAAAAAAAAAAAAAAAAAAAAAAAAAAAAAAAAAAAAAAAAAAAAAAAAAA
AAAAAAAAAAAAAAAAAAAAAAAAAAAAAAAAAAAAAAAAAAAAAAAAAAAAAAAAAAAAAAAAAAAAAAAAAAAA
AAAAAAAAAAAAAAAAAAAAAAAAAAAAAAAAAAAAAAAAAAAAAAAAAAAAAAAAAAAAAAAAAAAAAAAAAAAA
AAAAAAAAAAAAAAAAAAAAAAAAAAAAAAAAAAAAAAAAAAAAAAAAAAAAAAAAAAAAAAAAAAAAAAAAAAAA
AAAAAAAAAAAAAAAAAAAAAAAAAAAAAAAAAAAAAAAAAAAAAAAAAAAAAAAAAAAAAAAAAAAAAAAAAAAA
AAAAAAAAAAAAAAAAAAAAAAAAAAAAAAAAAAAAAAAAAAAAAAAAAAAAAAAAAAAAAAAAAAAAAAAAAAAA
AAAAAAAAAAAAAAAAAAAAAAAAAAAAAAAAAAAAAAAAAAAAAAAAAAAAAAAAAAAAAAAAAAAAAAAAAAAA
AAAAAAAAAAAAAAAAAAAAAAAAAAAAAAAAAAAAAAAAAAAAAAAAAAAAAAAAAAAAAAAAAAAAAAAAAAAA
AAAAAAAAAAAAAAAAAAAAAAAAAAAAAAAAAAAAAAAAAAAAAAAAAAAAAAAAAAAAAAAAAAAAAAAAAAAA
AAAAAAAAAAAAAAAAAAAAAAAAAAAAAAAAAAAAAAAAAAAAAAAAAAAAAAAAAAAAAAAAAAAAAAAAAAAA
AAAAAAAAAAAAAAAAAAAAAAAAAAAAAAAAAAAAAAAAAAAAAAAAAAAAAAAAAAAAAAAAAAAAAAAAAAAA
AAAAAAAAAAAAAAAAAAAAAAAAAAAAAAAAAAAAAAAAAAAAAAAAAAAAAAAAAAAAAAAAAAAAAAAAAAAA
AAAAAAAAAAAAAAAAAAAAAAAAAAAAAAAAAAAAAAAAAAAAAAAAAAAAAAAAAAAAAAAAAAAAAAAAAAAA
AAAAAAAAAAAAAAAAAAAAAAAAAAAAAAAAAAAAAAAAAAAAAAAAAAAAAAAAAAAAAAAAAAAAAAAAAAAA
AAAAAAAAAAAAAAAAAAAAAAAAAAAAAAAAAAAAAAAAAAAAAAAAAAAAAAAAAAAAAAAAAAAAAAAAAAAA
AAAAAAAAAAAAAAAAAAAAAAAAAAAAAAAAAAAAAAAAAAAAAAAAAAAAAAAAAAAAAAAAAAAAAAAAAAAA
AAAAAAAAAAAAAAAAAAAAAAAAAAAAAAAAAAAAAAAAAAAAAAAAAAAAAAAAAAAAAAAAAAAAAAAAAAAA
AAAAAAAAAAAAAAAAAAAAAAAAAAAAAAAAAAAAAAAAAAAAAAAAAAAAAAAAAAAAAAAAAAAAAAAAAAAA
AAAAAAAAAAAAAAAAAAAAAAAAAAAAAAAAAAAAAAAAAAAAAAAAAAAAAAAAAAAAAAAAAAAAAAAAAAAA
AAAAAAAAAAAAAAAAAAAAAAAAAAAAAAAAAAAAAAAAAAAAAAAAAAAAAAAAAAAAAAAAAAAAAAAAAAAA
AAAAAAAAAAAAAAAAAAAAAAAAAAAAAAAAAAAAAAAAAAAAAAAAAAAAAAAAAAAAAAAAAAAAAAAAAAAA
AAAAAAAAAAAAAAAAAAAAAAAAAAAAAAAAAAAAAAAAAAAAAAAAAAAAAAAAAAAAAAAAAAAAAAAAAAAA
AAAAAAAAAAAAAAAAAAAAAAAAAAAAAAAAAAAAAAAAAAAAAAAAAAAAAAAAAAAAAAAAAAAAAAAAAAAA
AAAAAAAAAAAAAAAAAAAAAAAAAAAAAAAAAAAAAAAAAAAAAAAAAAAAAAAAAAAAAAAAAAAAAAAAAAAA
AAAAAAAAAAAAAAAAAAAAAAAAAAAAAAAAAAAAAAAAAAAAAAAAAAAAAAAAAAAAAAAAAAAAAAAAAAAA
AAAAAAAAAAAAAAAAAAAAAAAAAAAAAAAAAAAAAAAAAAAAAAAAAAAAAAAAAAAAAAAAAAAAAAAAAAAA
AAAAAAAAAAAAAAAAAAAAAAAAAAAAAAAAAAAAAAAAAAAAAAAAAAAAAAAAAAAAAAAAAAAAAAAAAAAA
AAAAAAAAAAAAAAAAAAAAAAAAAAAAAAAAAAAAAAAAAAAAAAAAAAAAAAAAAAAAAAAAAAAAAAAAAAAA
AAAAAAAAAAAAAAAAAAAAAAAAAAAAAAAAAAAAAAAAAAAAAAAAAAAAAAAAAAAAAAAAAAAAAAAAAAAA
AAAAAAAAAAAAAAAAAAAAAAAAAAAAAAAAAAAAAAAAAAAAAAAAAAAAAAAAAAAAAAAAAAAAAAAAAAAA
AAAAAAAAAAAAAAAAAAAAAAAAAAAAAAAAAAAAAAAAAAAAAAAAAAAAAAAAAAAAAAAAAAAAAAAAAAAA
AAAAAAAAAAAAAAAAAAAAAAAAAAAAAAAAAAAAAAAAAAAAAAAAAAAAAAAAAAAAAAAAAAAAAAAAAAAA
AAAAAAAAAAAAAAAAAAAAAAAAAAAAAAAAAAAAAAAAAAAAAAAAAAAAAAAAAAAAAAAAAAAAAAAAAAAA
AAAAAAAAAAAAAAAAAAAAAAAAAAAAAAAAAAAAAAAAAAAAAAAAAAAAAAAAAAAAAAAAAAAAAAAAAAAA
AAAAAAAAAAAAAAAAAAAAAAAAAAAAAAAAAAAAAAAAAAAAAAAAAAAAAAAAAAAAAAAAAAAAAAAAAAAA
AAAAAAAAAAAAAAAAAAAAAAAAAAAAAAAAAAAAAAAAAAAAAAAAAAAAAAAAAAAAAAAAAAAAAAAAAAAA
AAAAAAAAAAAAAAAAAAAAAAAAAAAAAAAAAAAAAAAAAAAAAAAAAAAAAAAAAAAAAAAAAAAAAAAAAAAA
AAAAAAAAAAAAAAAAAAAAAAAAAAAAAAAAAAAAAAAAAAAAAAAAAAAAAAAAAAAAAAAAAAAAAAAAAAAA
AAAAAAAAAAAAAAAAAAAAAAAAAAAAAAAAAAAAAAAAAAAAAAAAAAAAAAAAAAAAAAAAAAAAAAAAAAAA
AAAAAAAAAAAAAAAAAAAAAAAAAAAAAAAAAAAAAAAAAAAAAAAAAAAAAAAAAAAAAAAAAAAAAAAAAAAA
AAAAAAAAAAAAAAAAAAAAAAAAAAAAAAAAAAAAAAAAAAAAAAAAAAAAAAAAAAAAAAAAAAAAAAAAAAAA
AAAAAAAAAAAAAAAAAAAAAAAAAAAAAAAAAAAAAAAAAAAAAAAAAAAAAAAAAAAAAAAAAAAAAAAAAAAA
AAAAAAAAAAAAAAAAAAAAAAAAAAAAAAAAAAAAAAAAAAAAAAAAAAAAAAAAAAAAAAAAAAAAAAAAAAAA
AAAAAAAAAAAAAAAAAAAAAAAAAAAAAAAAAAAAAAAAAAAAAAAAAAAAAAAAAAAAAAAAAAAAAAAAAAAA
AAAAAAAAAAAAAAAAAAAAAAAAAAAAAAAAAAAAAAAAAAAAAAAAAAAAAAAAAAAAAAAAAAAAAAAAAAAA
AAAAAAAAAAAAAAAAAAAAAAAAAAAAAAAAAAAAAAAAAAAAAAAAAAAAAAAAAAAAAAAAAAAAAAAAAAAA
AAAAAAAAAAAAAAAAAAAAAAAAAAAAAAAAAAAAAAAAAAAAAAAAAAAAAAAAAAAAAAAAAAAAAAAAAAAA
AAAAAAAAAAAAAAAAAAAAAAAAAAAAAAAAAAAAAAAAAAAAAAAAAAAAAAAAAAAAAAAAAAAAAAAAAAAA
AAAAAAAAAAAAAAAAAAAAAAAAAAAAAAAAAAAAAAAAAAAAAAAAAAAAAAAAAAAAAAAAAAAAAAAAAAAA
AAAAAAAAAAAAAAAAAAAAAAAAAAAAAAAAAAAAAAAAAAAAAAAAAAAAAAAAAAAAAAAAAAAAAAAAAAAA
AAAAAAAAAAAAAAAAAAAAAAAAAAAAAAAAAAAAAAAAAAAAAAAAAAAAAAAAAAAAAAAAAAAAAAAAAAAA
AAAAAAAAAAAAAAAAAAAAAAAAAAAAAAAAAAAAAAAAAAAAAAAAAAAAAAAAAAAAAAAAAAAAAAAAAAAA
AAAAAAAAAAAAAAAAAAAAAAAAAAAAAAAAAAAAAAAAAAAAAAAAAAAAAAAAAAAAAAAAAAAAAAAAAAAA
AAAAAAAAAAAAAAAAAAAAAAAAAAAAAAAAAAAAAAAAAAAAAAAAAAAAAAAAAAAAAAAAAAAAAAAAAAAA
AAAAAAAAAAAAAAAAAAAAAAAAAAAAAAAAAAAAAAAAAAAAAAAAAAAAAAAAAAAAAAAAAAAAAAAAAAAA
AAAAAAAAAAAAAAAAAAAAAAAAAAAAAAAAAAAAAAAAAAAAAAAAAAAAAAAAAAAAAAAAAAAAAAAAAAAA
AAAAAAAAAAAAAAAAAAAAAAAAAAAAAAAAAAAAAAAAAAAAAAAAAAAAAAAAAAAAAAAAAAAAAAAAAAAA
AAAAAAAAAAAAAAAAAAAAAAAAAAAAAAAAAAAAAAAAAAAAAAAAAAAAAAAAAAAAAAAAAAAAAAAAAAAA
AAAAAAAAAAAAAAAAAAAAAAAAAAAAAAAAAAAAAAAAAAAAAAAAAAAAAAAAAAAAAAAAAAAAAAAAAAAA
AAAAAAAAAAAAAAAAAAAAAAAAAAAAAAAAAAAAAAAAAAAAAAAAAAAAAAAAAAAAAAAAAAAAAAAAAAAA
AAAAAAAAAAAAAAAAAAAAAAAAAAAAAAAAAAAAAAAAAAAAAAAAAAAAAAAAAAAAAAAAAAAAAAAAAAAA
AAAAAAAAAAAAAAAAAAAAAAAAAAAAAAAAAAAAAAAAAAAAAAAAAAAAAAAAAAAAAAAAAAAAAAAAAAAA
AAAAAAAAAAAAAAAAAAAAAAAAAAAAAAAAAAAAAAAAAAAAAAAAAAAAAAAAAAAAAAAAAAAAAAAAAAAA
AAAAAAAAAAAAAAAAAAAAAAAAAAAAAAAAAAAAAAAAAAAAAAAAAAAAAAAAAAAAAAAAAAAAAAAAAAAA
AAAAAAAAAAAAAAAAAAAAAAAAAAAAAAAAAAAAAAAAAAAAAAAAAAAAAAAAAAAAAAAAAAAAAAAAAAAA
AAAAAAAAAAAAAAAAAAAAAAAAAAAAAAAAAAAAAAAAAAAAAAAAAAAAAAAAAAAAAAAAAAAAAAAAAAAA
AAAAAAAAAAAAAAAAAAAAAAAAAAAAAAAAAAAAAAAAAAAAAAAAAAAAAAAAAAAAAAAAAAAAAAAAAAAA
AAAAAAAAAAAAAAAAAAAAAAAAAAAAAAAAAAAAAAAAAAAAAAAAAAAAAAAAAAAAAAAAAAAAAAAAAAAA
AAAAAAAAAAAAAAAAAAAAAAAAAAAAAAAAAAAAAAAAAAAAAAAAAAAAAAAAAAAAAAAAAAAAAAAAAAAA
AAAAAAAAAAAAAAAAAAAAAAAAAAAAAAAAAAAAAAAAAAAAAAAAAAAAAAAAAAAAAAAAAAAAAAAAAAAA
AAAAAAAAAAAAAAAAAAAAAAAAAAAAAAAAAAAAAAAAAAAAAAAAAAAAAAAAAAAAAAAAAAAAAAAAAAAA
AAAAAAAAAAAAAAAAAAAAAAAAAAAAAAAAAAAAAAAAAAAAAAAAAAAAAAAAAAAAAAAAAAAAAAAAAAAA
AAAAAAAAAAAAAAAAAAAAAAAAAAAAAAAAAAAAAAAAAAAAAAAAAAAAAAAAAAAAAAAAAAAAAAAAAAAA
AAAAAAAAAAAAAAAAAAAAAAAAAAAAAAAAAAAAAAAAAAAAAAAAAAAAAAAAAAAAAAAAAAAAAAAAAAAA
AAAAAAAAAAAAAAAAAAAAAAAAAAAAAAAAAAAAAAAAAAAAAAAAAAAAAAAAAAAAAAAAAAAAAAAAAAAA
AAAAAAAAAAAAAAAAAAAAAAAAAAAAAAAAAAAAAAAAAAAAAAAAAAAAAAAAAAAAAAAAAAAAAAAAAAAA
AAAAAAAAAAAAAAAAAAAAAAAAAAAAAAAAAAAAAAAAAAAAAAAAAAAAAAAAAAAAAAAAAAAAAAAAAAAA
AAAAAAAAAAAAAAAAAAAAAAAAAAAAAAAAAAAAAAAAAAAAAAAAAAAAAAAAAAAAAAAAAAAAAAAAAAAA
AAAAAAAAAAAAAAAAAAAAAAAAAAAAAAAAAAAAAAAAAAAAAAAAAAAAAAAAAAAAAAAAAAAAAAAAAAAA
AAAAAAAAAAAAAAAAAAAAAAAAAAAAAAAAAAAAAAAAAAAAAAAAAAAAAAAAAAAAAAAAAAAAAAAAAAAA
AAAAAAAAAAAAAAAAAAAAAAAAAAAAAAAAAAAAAAAAAAAAAAAAAAAAAAAAAAAAAAAAAAAAAAAAAAAA
AAAAAAAAAAAAAAAAAAAAAAAAAAAAAAAAAAAAAAAAAAAAAAAAAAAAAAAAAAAAAAAAAAAAAAAAAAAA
AAAAAAAAAAAAAAAAAAAAAAAAAAAAAAAAAAAAAAAAAAAAAAAAAAAAAAAAAAAAAAAAAAAAAAAAAAAA
AAAAAAAAAAAAAAAAAAAAAAAAAAAAAAAAAAAAAAAAAAAAAAAAAAAAAAAAAAAAAAAAAAAAAAAAAAAA
AAAAAAAAAAAAAAAAAAAAAAAAAAAAAAAAAAAAAAAAAAAAAAAAAAAAAAAAAAAAAAAAAAAAAAAAAAAA
AAAAAAAAAAAAAAAAAAAAAAAAAAAAAAAAAAAAAAAAAAAAAAAAAAAAAAAAAAAAAAAAAAAAAAAAAAAA
AAAAAAAAAAAAAAAAAAAAAAAAAAAAAAAAAAAAAAAAAAAAAAAAAAAAAAAAAAAAAAAAAAAAAAAAAAAA
AAAAAAAAAAAAAAAAAAAAAAAAAAAAAAAAAAAAAAAAAAAAAAAAAAAAAAAAAAAAAAAAAAAAAAAAAAAA
AAAAAAAAAAAAAAAAAAAAAAAAAAAAAAAAAAAAAAAAAAAAAAAAAAAAAAAAAAAAAAAAAAAAAAAAAAAA
AAAAAAAAAAAAAAAAAAAAAAAAAAAAAAAAAAAAAAAAAAAAAAAAAAAAAAAAAAAAAAAAAAAAAAAAAAAA
AAAAAAAAAAAAAAAAAAAAAAAAAAAAAAAAAAAAAAAAAAAAAAAAAAAAAAAAAAAAAAAAAAAAAAAAAAAA
AAAAAAAAAAAAAAAAAAAAAAAAAAAAAAAAAAAAAAAAAAAAAAAAAAAAAAAAAAAAAAAAAAAAAAAAAAAA
AAAAAAAAAAAAAAAAAAAAAAAAAAAAAAAAAAAAAAAAAAAAAAAAAAAAAAAAAAAAAAAAAAAAAAAAAAAA
AAAAAAAAAAAAAAAAAAAAAAAAAAAAAAAAAAAAAAAAAAAAAAAAAAAAAAAAAAAAAAAAAAAAAAAAAAAA
AAAAAAAAAAAAAAAAAAAAAAAAAAAAAAAAAAAAAAAAAAAAAAAAAAAAAAAAAAAAAAAAAAAAAAAAAAAA
AAAAAAAAAAAAAAAAAAAAAAAAAAAAAAAAAAAAAAAAAAAAAAAAAAAAAAAAAAAAAAAAAAAAAAAAAAAA
AAAAAAAAAAAAAAAAAAAAAAAAAAAAAAAAAAAAAAAAAAAAAAAAAAAAAAAAAAAAAAAAAAAAAAAAAAAA
AAAAAAAAAAAAAAAAAAAAAAAAAAAAAAAAAAAAAAAAAAAAAAAAAAAAAAAAAAAAAAAAAAAAAAAAAAAA
AAAAAAAAAAAAAAAAAAAAAAAAAAAAAAAAAAAAAAAAAAAAAAAAAAAAAAAAAAAAAAAAAAAAAAAAAAAA
AAAAAAAAAAAAAAAAAAAAAAAAAAAAAAAAAAAAAAAAAAAAAAAAAAAAAAAAAAAAAAAAAAAAAAAAAAAA
AAAAAAAAAAAAAAAAAAAAAAAAAAAAAAAAAAAAAAAAAAAAAAAAAAAAAAAAAAAAAAAAAAAAAAAAAAAA
AAAAAAAAAAAAAAAAAAAAAAAAAAAAAAAAAAAAAAAAAAAAAAAAAAAAAAAAAAAAAAAAAAAAAAAAAAAA
AAAAAAAAAAAAAAAAAAAAAAAAAAAAAAAAAAAAAAAAAAAAAAAAAAAAAAAAAAAAAAAAAAAAAAAAAAAA
AAAAAAAAAAAAAAAAAAAAAAAAAAAAAAAAAAAAAAAAAAAAAAAAAAAAAAAAAAAAAAAAAAAAAAAAAAAA
AAAAAAAAAAAAAAAAAAAAAAAAAAAAAAAAAAAAAAAAAAAAAAAAAAAAAAAAAAAAAAAAAAAAAAAAAAAA
AAAAAAAAAAAAAAAAAAAAAAAAAAAAAAAAAAAAAAAAAAAAAAAAAAAAAAAAAAAAAAAAAAAAAAAAAAAA
AAAAAAAAAAAAAAAAAAAAAAAAAAAAAAAAAAAAAAAAAAAAAAAAAAAAAAAAAAAAAAAAAAAAAAAAAAAA
AAAAAAAAAAAAAAAAAAAAAAAAAAAAAAAAAAAAAAAAAAAAAAAAAAAAAAAAAAAAAAAAAAAAAAAAAAAA
AAAAAAAAAAAAAAAAAAAAAAAAAAAAAAAAAAAAAAAAAAAAAAAAAAAAAAAAAAAAAAAAAAAAAAAAAAAA
AAAAAAAAAAAAAAAAAAAAAAAAAAAAAAAAAAAAAAAAAAAAAAAAAAAAAAAAAAAAAAAAAAAAAAAAAAAA
AAAAAAAAAAAAAAAAAAAAAAAAAAAAAAAAAAAAAAAAAAAAAAAAAAAAAAAAAAAAAAAAAAAAAAAAAAAA
AAAAAAAAAAAAAAAAAAAAAAAAAAAAAAAAAAAAAAAAAAAAAAAAAAAAAAAAAAAAAAAAAAAAAAAAAAAA
AAAAAAAAAAAAAAAAAAAAAAAAAAAAAAAAAAAAAAAAAAAAAAAAAAAAAAAAAAAAAAAAAAAAAAAAAAAA
AAAAAAAAAAAAAAAAAAAAAAAAAAAAAAAAAAAAAAAAAAAAAAAAAAAAAAAAAAAAAAAAAAAAAAAAAAAA
AAAAAAAAAAAAAAAAAAAAAAAAAAAAAAAAAAAAAAAAAAAAAAAAAAAAAAAAAAAAAAAAAAAAAAAAAAAA
AAAAAAAAAAAAAAAAAAAAAAAAAAAAAAAAAAAAAAAAAAAAAAAAAAAAAAAAAAAAAAAAAAAAAAAAAAAA
AAAAAAAAAAAAAAAAAAAAAAAAAAAAAAAAAAAAAAAAAAAAAAAAAAAAAAAAAAAAAAAAAAAAAAAAAAAA
AAAAAAAAAAAAAAAAAAAAAAAAAAAAAAAAAAAAAAAAAAAAAAAAAAAAAAAAAAAAAAAAAAAAAAAAAAAA
AAAAAAAAAAAAAAAAAAAAAAAAAAAAAAAAAAAAAAAAAAAAAAAAAAAAAAAAAAAAAAAAAAAAAAAAAAAA
AAAAAAAAAAAAAAAAAAAAAAAAAAAAAAAAAAAAAAAAAAAAAAAAAAAAAAAAAAAAAAAAAAAAAAAAAAAA
AAAAAAAAAAAAAAAAAAAAAAAAAAAAAAAAAAAAAAAAAAAAAAAAAAAAAAAAAAAAAAAAAAAAAAAAAAAA
AAAAAAAAAAAAAAAAAAAAAAAAAAAAAAAAAAAAAAAAAAAAAAAAAAAAAAAAAAAAAAAAAAAAAAAAAAAA
AAAAAAAAAAAAAAAAAAAAAAAAAAAAAAAAAAAAAAAAAAAAAAAAAAAAAAAAAAAAAAAAAAAAAAAAAAAA
AAAAAAAAAAAAAAAAAAAAAAAAAAAAAAAAAAAAAAAAAAAAAAAAAAAAAAAAAAAAAAAAAAAAAAAAAAAA
AAAAAAAAAAAAAAAAAAAAAAAAAAAAAAAAAAAAAAAAAAAAAAAAAAAAAAAAAAAAAAAAAAAAAAAAAAAA
AAAAAAAAAAAAAAAAAAAAAAAAAAAAAAAAAAAAAAAAAAAAAAAAAAAAAAAAAAAAAAAAAAAAAAAAAAAA
AAAAAAAAAAAAAAAAAAAAAAAAAAAAAAAAAAAAAAAAAAAAAAAAAAAAAAAAAAAAAAAAAAAAAAAAAAAA
AAAAAAAAAAAAAAAAAAAAAAAAAAAAAAAAAAAAAAAAAAAAAAAAAAAAAAAAAAAAAAAAAAAAAAAAAAAA
AAAAAAAAAAAAAAAAAAAAAAAAAAAAAAAAAAAAAAAAAAAAAAAAAAAAAAAAAAAAAAAAAAAAAAAAAAAA
AAAAAAAAAAAAAAAAAAAAAAAAAAAAAAAAAAAAAAAAAAAAAAAAAAAAAAAAAAAAAAAAAAAAAAAAAAAA
AAAAAAAAAAAAAAAAAAAAAAAAAAAAAAAAAAAAAAAAAAAAAAAAAAAAAAAAAAAAAAAAAAAAAAAAAAAA
AAAAAAAAAAAAAAAAAAAAAAAAAAAAAAAAAAAAAAAAAAAAAAAAAAAAAAAAAAAAAAAAAAAAAAAAAAAA
AAAAAAAAAAAAAAAAAAAAAAAAAAAAAAAAAAAAAAAAAAAAAAAAAAAAAAAAAAAAAAAAAAAAAAAAAAAA
AAAAAAAAAAAAAAAAAAAAAAAAAAAAAAAAAAAAAAAAAAAAAAAAAAAAAAAAAAAAAAAAAAAAAAAAAAAA
AAAAAAAAAAAAAAAAAAAAAAAAAAAAAAAAAAAAAAAAAAAAAAAAAAAAAAAAAAAAAAAAAAAAAAAAAAAA
AAAAAAAAAAAAAAAAAAAAAAAAAAAAAAAAAAAAAAAAAAAAAAAAAAAAAAAAAAAAAAAAAAAAAAAAAAAA
AAAAAAAAAAAAAAAAAAAAAAAAAAAAAAAAAAAAAAAAAAAAAAAAAAAAAAAAAAAAAAAAAAAAAAAAAAAA
AAAAAAAAAAAAAAAAAAAAAAAAAAAAAAAAAAAAAAAAAAAAAAAAAAAAAAAAAAAAAAAAAAAAAAAAAAAA
AAAAAAAAAAAAAAAAAAAAAAAAAAAAAAAAAAAAAAAAAAAAAAAAAAAAAAAAAAAAAAAAAAAAAAAAAAAA
AAAAAAAAAAAAAAAAAAAAAAAAAAAAAAAAAAAAAAAAAAAAAAAAAAAAAAAAAAAAAAAAAAAAAAAAAAAA
AAAAAAAAAAAAAAAAAAAAAAAAAAAAAAAAAAAAAAAAAAAAAAAAAAAAAAAAAAAAAAAAAAAAAAAAAAAA
AAAAAAAAAAAAAAAAAAAAAAAAAAAAAAAAAAAAAAAAAAAAAAAAAAAAAAAAAAAAAAAAAAAAAAAAAAAA
AAAAAAAAAAAAAAAAAAAAAAAAAAAAAAAAAAAAAAAAAAAAAAAAAAAAAAAAAAAAAAAAAAAAAAAAAAAA
AAAAAAAAAAAAAAAAAAAAAAAAAAAAAAAAAAAAAAAAAAAAAAAAAAAAAAAAAAAAAAAAAAAAAAAAAAAA
AAAAAAAAAAAAAAAAAAAAAAAAAAAAAAAAAAAAAAAAAAAAAAAAAAAAAAAAAAAAAAAAAAAAAAAAAAAA
AAAAAAAAAAAAAAAAAAAAAAAAAAAAAAAAAAAAAAAAAAAAAAAAAAAAAAAAAAAAAAAAAAAAAAAAAAAA
AAAAAAAAAAAAAAAAAAAAAAAAAAAAAAAAAAAAAAAAAAAAAAAAAAAAAAAAAAAAAAAAAAAAAAAAAAAA
AAAAAAAAAAAAAAAAAAAAAAAAAAAAAAAAAAAAAAAAAAAAAAAAAAAAAAAAAAAAAAAAAAAAAAAAAAAA
AAAAAAAAAAAAAAAAAAAAAAAAAAAAAAAAAAAAAAAAAAAAAAAAAAAAAAAAAAAAAAAAAAAAAAAAAAAA
AAAAAAAAAAAAAAAAAAAAAAAAAAAAAAAAAAAAAAAAAAAAAAAAAAAAAAAAAAAAAAAAAAAAAAAAAAAA
AAAAAAAAAAAAAAAAAAAAAAAAAAAAAAAAAAAAAAAAAAAAAAAAAAAAAAAAAAAAAAAAAAAAAAAAAAAA
AAAAAAAAAAAAAAAAAAAAAAAAAAAAAAAAAAAAAAAAAAAAAAAAAAAAAAAAAAAAAAAAAAAAAAAAAAAA
AAAAAAAAAAAAAAAAAAAAAAAAAAAAAAAAAAAAAAAAAAAAAAAAAAAAAAAAAAAAAAAAAAAAAAAAAAAA
AAAAAAAAAAAAAAAAAAAAAAAAAAAAAAAAAAAAAAAAAAAAAAAAAAAAAAAAAAAAAAAAAAAAAAAAAAAA
AAAAAAAAAAAAAAAAAAAAAAAAAAAAAAAAAAAAAAAAAAAAAAAAAAAAAAAAAAAAAAAAAAAAAAAAAAAA
AAAAAAAAAAAAAAAAAAAAAAAAAAAAAAAAAAAAAAAAAAAAAAAAAAAAAAAAAAAAAAAAAAAAAAAAAAAA
AAAAAAAAAAAAAAAAAAAAAAAAAAAAAAAAAAAAAAAAAAAAAAAAAAAAAAAAAAAAAAAAAAAAAAAAAAAA
AAAAAAAAAAAAAAAAAAAAAAAAAAAAAAAAAAAAAAAAAAAAAAAAAAAAAAAAAAAAAAAAAAAAAAAAAAAA
AAAAAAAAAAAAAAAAAAAAAAAAAAAAAAAAAAAAAAAAAAAAAAAAAAAAAAAAAAAAAAAAAAAAAAAAAAAA
AAAAAAAAAAAAAAAAAAAAAAAAAAAAAAAAAAAAAAAAAAAAAAAAAAAAAAAAAAAAAAAAAAAAAAAAAAAA
AAAAAAAAAAAAAAAAAAAAAAAAAAAAAAAAAAAAAAAAAAAAAAAAAAAAAAAAAAAAAAAAAAAAAAAAAAAA
AAAAAAAAAAAAAAAAAAAAAAAAAAAAAAAAAAAAAAAAAAAAAAAAAAAAAAAAAAAAAAAAAAAAAAAAAAAA
AAAAAAAAAAAAAAAAAAAAAAAAAAAAAAAAAAAAAAAAAAAAAAAAAAAAAAAAAAAAAAAAAAAAAAAAAAAA
AAAAAAAAAAAAAAAAAAAAAAAAAAAAAAAAAAAAAAAAAAAAAAAAAAAAAAAAAAAAAAAAAAAAAAAAAAAA
AAAAAAAAAAAAAAAAAAAAAAAAAAAAAAAAAAAAAAAAAAAAAAAAAAAAAAAAAAAAAAAAAAAAAAAAAAAA
AAAAAAAAAAAAAAAAAAAAAAAAAAAAAAAAAAAAAAAAAAAAAAAAAAAAAAAAAAAAAAAAAAAAAAAAAAAA
AAAAAAAAAAAAAAAAAAAAAAAAAAAAAAAAAAAAAAAAAAAAAAAAAAAAAAAAAAAAAAAAAAAAAAAAAAAA
AAAAAAAAAAAAAAAAAAAAAAAAAAAAAAAAAAAAAAAAAAAAAAAAAAAAAAAAAAAAAAAAAAAAAAAAAAAA
AAAAAAAAAAAAAAAAAAAAAAAAAAAAAAAAAAAAAAAAAAAAAAAAAAAAAAAAAAAAAAAAAAAAAAAAAAAA
AAAAAAAAAAAAAAAAAAAAAAAAAAAAAAAAAAAAAAAAAAAAAAAAAAAAAAAAAAAAAAAAAAAAAAAAAAAA
AAAAAAAAAAAAAAAAAAAAAAAAAAAAAAAAAAAAAAAAAAAAAAAAAAAAAAAAAAAAAAAAAAAAAAAAAAAA
AAAAAAAAAAAAAAAAAAAAAAAAAAAAAAAAAAAAAAAAAAAAAAAAAAAAAAAAAAAAAAAAAAAAAAAAAAAA
AAAAAAAAAAAAAAAAAAAAAAAAAAAAAAAAAAAAAAAAAAAAAAAAAAAAAAAAAAAAAAAAAAAAAAAAAAAA
AAAAAAAAAAAAAAAAAAAAAAAAAAAAAAAAAAAAAAAAAAAAAAAAAAAAAAAAAAAAAAAAAAAAAAAAAAAA
AAAAAAAAAAAAAAAAAAAAAAAAAAAAAAAAAAAAAAAAAAAAAAAAAAAAAAAAAAAAAAAAAAAAAAAAAAAA
AAAAAAAAAAAAAAAAAAAAAAAAAAAAAAAAAAAAAAAAAAAAAAAAAAAAAAAAAAAAAAAAAAAAAAAAAAAA
AAAAAAAAAAAAAAAAAAAAAAAAAAAAAAAAAAAAAAAAAAAAAAAAAAAAAAAAAAAAAAAAAAAAAAAAAAAA
AAAAAAAAAAAAAAAAAAAAAAAAAAAAAAAAAAAAAAAAAAAAAAAAAAAAAAAAAAAAAAAAAAAAAAAAAAAA
AAAAAAAAAAAAAAAAAAAAAAAAAAAAAAAAAAAAAAAAAAAAAAAAAAAAAAAAAAAAAAAAAAAAAAAAAAAA
AAAAAAAAAAAAAAAAAAAAAAAAAAAAAAAAAAAAAAAAAAAAAAAAAAAAAAAAAAAAAAAAAAAAAAAAAAAA
AAAAAAAAAAAAAAAAAAAAAAAAAAAAAAAAAAAAAAAAAAAAAAAAAAAAAAAAAAAAAAAAAAAAAAAAAAAA
AAAAAAAAAAAAAAAAAAAAAAAAAAAAAAAAAAAAAAAAAAAAAAAAAAAAAAAAAAAAAAAAAAAAAAAAAAAA
AAAAAAAAAAAAAAAAAAAAAAAAAAAAAAAAAAAAAAAAAAAAAAAAAAAAAAAAAAAAAAAAAAAAAAAAAAAA
AAAAAAAAAAAAAAAAAAAAAAAAAAAAAAAAAAAAAAAAAAAAAAAAAAAAAAAAAAAAAAAAAAAAAAAAAAAA
AAAAAAAAAAAAAAAAAAAAAAAAAAAAAAAAAAAAAAAAAAAAAAAAAAAAAAAAAAAAAAAAAAAAAAAAAAAA
AAAAAAAAAAAAAAAAAAAAAAAAAAAAAAAAAAAAAAAAAAAAAAAAAAAAAAAAAAAAAAAAAAAAAAAAAAAA
AAAAAAAAAAAAAAAAAAAAAAAAAAAAAAAAAAAAAAAAAAAAAAAAAAAAAAAAAAAAAAAAAAAAAAAAAAAA
AAAAAAAAAAAAAAAAAAAAAAAAAAAAAAAAAAAAAAAAAAAAAAAAAAAAAAAAAAAAAAAAAAAAAAAAAAAA
AAAAAAAAAAAAAAAAAAAAAAAAAAAAAAAAAAAAAAAAAAAAAAAAAAAAAAAAAAAAAAAAAAAAAAAAAAAA
AAAAAAAAAAAAAAAAAAAAAAAAAAAAAAAAAAAAAAAAAAAAAAAAAAAAAAAAAAAAAAAAAAAAAAAAAAAA
AAAAAAAAAAAAAAAAAAAAAAAA
false
false
false
AAAAAAAAAAAAAAAAAAAAAAAAAAAAAAAAAAAAAAAAAAAAAAAAAAAAAAAAAAAAAAAAAAAAAAAAAAAA
AAAAAAAAAAAAAAAAAAAAAAAAAAAAAAAAAAAAAAAAAAAAAAAAAAAAAAAAAAAAAAAAAAAAAAAAAAAA
AAAAAAAAAAAAAAAAAAAAAAAAAAAAAAAAAAAAAAAAAAAAAAAAAAAAAAAAAAAAAAAAAAAAAAAAAAAA
AAAAAAAAAAAAAAAAAAAAAAAAAAAAAAAAAAAAAAAAAAAAAAAAAAAAAAAAAAAAAAAAAAAAAAAAAAAA
AAAAAAAAAAAAAAAAAAAAAAAAAAAAAAAAAAAAAAAAAAAAAAAAAAAAAAAAAAAAAAAAAAAAAAAAAAAA
AAAAAAAAAAAAAAAAAAAAAAAAAAAAAAAAAAAAAAAAAAAAAAAAAAAAAAAAAAAAAAAAAAAAAAAAAAAA
AAAAAAAAAAAAAAAAAAAAAAAAAAAAAAAAAAAAAAAAAAAAAAAAAAAAAAAAAAAAAAAAAAAAAAAAAAAA
AAAAAAAAAAAAAAAAAAAAAAAAAAAAAAAAAAAAAAAAAAAAAAAAAAAAAAAAAAAAAAAAAAAAAAAAAAAA
AAAAAAAAAAAAAAAAAAAAAAAAAAAAAAAAAAAAAAAAAAAAAAAAAAAAAAAAAAAAAAAAAAAAAAAAAAAA
AAAAAAAAAAAAAAAAAAAAAAAAAAAAAAAAAAAAAAAAAAAAAAAAAAAAAAAAAAAAAAAAAAAAAAAAAAAA
AAAAAAAAAAAAAAAAAAAAAAAAAAAAAAAAAAAAAAAAAAAAAAAAAAAAAAAAAAAAAAAAAAAAAAAAAAAA
AAAAAAAAAAAAAAAAAAAAAAAAAAAAAAAAAAAAAAAAAAAAAAAAAAAAAAAAAAAAAAAAAAAAAAAAAAAA
AAAAAAAAAAAAAAAAAAAAAAAAAAAAAAAAAAAAAAAAAAAAAAAAAAAAAAAAAAAAAAAAAAAAAAAAAAAA
AAAAAAAAAAAAAAAAAAAAAAAAAAAAAAAAAAAAAAAAAAAAAAAAAAAAAAAAAAAAAAAAAAAAAAAAAAAA
AAAAAAAAAAAAAAAAAAAAAAAAAAAAAAAAAAAAAAAAAAAAAAAAAAAAAAAAAAAAAAAAAAAAAAAAAAAA
AAAAAAAAAAAAAAAAAAAAAAAAAAAAAAAAAAAAAAAAAAAAAAAAAAAAAAAAAAAAAAAAAAAAAAAAAAAA
AAAAAAAAAAAAAAAAAAAAAAAAAAAAAAAAAAAAAAAAAAAAAAAAAAAAAAAAAAAAAAAAAAAAAAAAAAAA
AAAAAAAAAAAAAAAAAAAAAAAAAAAAAAAAAAAAAAAAAAAAAAAAAAAAAAAAAAAAAAAAAAAAAAAAAAAA
AAAAAAAAAAAAAAAAAAAAAAAAAAAAAAAAAAAAAAAAAAAAAAAAAAAAAAAAAAAAAAAAAAAAAAAAAAAA
AAAAAAAAAAAAAAAAAAAAAAAAAAAAAAAAAAAAAAAAAAAAAAAAAAAAAAAAAAAAAAAAAAAAAAAAAAAA
AAAAAAAAAAAAAAAAAAAAAAAAAAAAAAAAAAAAAAAAAAAAAAAAAAAAAAAAAAAAAAAAAAAAAAAAAAAA
AAAAAAAAAAAAAAAAAAAAAAAAAAAAAAAAAAAAAAAAAAAAAAAAAAAAAAAAAAAAAAAAAAAAAAAAAAAA
AAAAAAAAAAAAAAAAAAAAAAAAAAAAAAAAAAAAAAAAAAAAAAAAAAAAAAAAAAAAAAAAAAAAAAAAAAAA
AAAAAAAAAAAAAAAAAAAAAAAAAAAAAAAAAAAAAAAAAAAAAAAAAAAAAAAAAAAAAAAAAAAAAAAAAAAA
AAAAAAAAAAAAAAAAAAAAAAAAAAAAAAAAAAAAAAAAAAAAAAAAAAAAAAAAAAAAAAAAAAAAAAAAAAAA
AAAAAAAAAAAAAAAAAAAAAAAAAAAAAAAAAAAAAAAAAAAAAAAAAAAAAAAAAAAAAAAAAAAAAAAAAAAA
AAAAAAAAAAAAAAAAAAAAAAAAAAAAAAAAAAAAAAAAAAAAAAAAAAAAAAAAAAAAAAAAAAAAAAAAAAAA
AAAAAAAAAAAAAAAAAAAAAAAAAAAAAAAAAAAAAAAAAAAAAAAAAAAAAAAAAAAAAAAAAAAAAAAAAAAA
AAAAAAAAAAAAAAAAAAAAAAAAAAAAAAAAAAAAAAAAAAAAAAAAAAAAAAAAAAAAAAAAAAAAAAAAAAAA
AAAAAAAAAAAAAAAAAAAAAAAAAAAAAAAAAAAAAAAAAAAAAAAAAAAAAAAAAAAAAAAAAAAAAAAAAAAA
AAAAAAAAAAAAAAAAAAAAAAAAAAAAAAAAAAAAAAAAAAAAAAAAAAAAAAAAAAAAAAAAAAAAAAAAAAAA
AAAAAAAAAAAAAAAAAAAAAAAAAAAAAAAAAAAAAAAAAAAAAAAAAAAAAAAAAAAAAAAAAAAAAAAAAAAA
AAAAAAAAAAAAAAAAAAAAAAAAAAAAAAAAAAAAAAAAAAAAAAAAAAAAAAAAAAAAAAAAAAAAAAAAAAAA
AAAAAAAAAAAAAAAAAAAAAAAAAAAAAAAAAAAAAAAAAAAAAAAAAAAAAAAAAAAAAAAAAAAAAAAAAAAA
AAAAAAAAAAAAAAAAAAAAAAAAAAAAAAAAAAAAAAAAAAAAAAAAAAAAAAAAAAAAAAAAAAAAAAAAAAAA
AAAAAAAAAAAAAAAAAAAAAAAAAAAAAAAAAAAAAAAAAAAAAAAAAAAAAAAAAAAAAAAAAAAAAAAAAAAA
AAAAAAAAAAAAAAAAAAAAAAAAAAAAAAAAAAAAAAAAAAAAAAAAAAAAAAAAAAAAAAAAAAAAAAAAAAAA
AAAAAAAAAAAAAAAAAAAAAAAAAAAAAAAAAAAAAAAAAAAAAAAAAAAAAAAAAAAAAAAAAAAAAAAAAAAA
AAAAAAAAAAAAAAAAAAAAAAAAAAAAAAAAAAAAAAAAAAAAAAAAAAAAAAAAAAAAAAAAAAAAAAAAAAAA
AAAAAAAAAAAAAAAAAAAAAAAAAAAAAAAAAAAAAAAAAAAAAAAAAAAAAAAAAAAAAAAAAAAAAAAAAAAA
AAAAAAAAAAAAAAAAAAAAAAAAAAAAAAAAAAAAAAAAAAAAAAAAAAAAAAAAAAAAAAAAAAAAAAAAAAAA
AAAAAAAAAAAAAAAAAAAAAAAAAAAAAAAAAAAAAAAAAAAAAAAAAAAAAAAAAAAAAAAAAAAAAAAAAAAA
AAAAAAAAAAAAAAAAAAAAAAAAAAAAAAAAAAAAAAAAAAAAAAAAAAAAAAAAAAAAAAAAAAAAAAAAAAAA
AAAAAAAAAAAAAAAAAAAAAAAAAAAAAAAAAAAAAAAAAAAAAAAAAAAAAAAAAAAAAAAAAAAAAAAAAAAA
AAAAAAAAAAAAAAAAAAAAAAAAAAAAAAAAAAAAAAAAAAAAAAAAAAAAAAAAAAAAAAAAAAAAAAAAAAAA
AAAAAAAAAAAAAAAAAAAAAAAAAAAAAAAAAAAAAAAAAAAAAAAAAAAAAAAAAAAAAAAAAAAAAAAAAAAA
AAAAAAAAAAAAAAAAAAAAAAAAAAAAAAAAAAAAAAAAAAAAAAAAAAAAAAAAAAAAAAAAAAAAAAAAAAAA
AAAAAAAAAAAAAAAAAAAAAAAAAAAAAAAAAAAAAAAAAAAAAAAAAAAAAAAAAAAAAAAAAAAAAAAAAAAA
AAAAAAAAAAAAAAAAAAAAAAAAAAAAAAAAAAAAAAAAAAAAAAAAAAAAAAAAAAAAAAAAAAAAAAAAAAAA
AAAAAAAAAAAAAAAAAAAAAAAAAAAAAAAAAAAAAAAAAAAAAAAAAAAAAAAAAAAAAAAAAAAAAAAAAAAA
AAAAAAAAAAAAAAAAAAAAAAAAAAAAAAAAAAAAAAAAAAAAAAAAAAAAAAAAAAAAAAAAAAAAAAAAAAAA
AAAAAAAAAAAAAAAAAAAAAAAAAAAAAAAAAAAAAAAAAAAAAAAAAAAAAAAAAAAAAAAAAAAAAAAAAAAA
AAAAAAAAAAAAAAAAAAAAAAAAAAAAAAAAAAAAAAAAAAAAAAAAAAAAAAAAAAAAAAAAAAAAAAAAAAAA
AAAAAAAAAAAAAAAAAAAAAAAAAAAAAAAAAAAAAAAAAAAAAAAAAAAAAAAAAAAAAAAAAAAAAAAAAAAA
AAAAAAAAAAAAAAAAAAAAAAAAAAAAAAAAAAAAAAAAAAAAAAAAAAAAAAAAAAAAAAAAAAAAAAAAAAAA
AAAAAAAAAAAAAAAAAAAAAAAAAAAAAAAAAAAAAAAAAAAAAAAAAAAAAAAAAAAAAAAAAAAAAAAAAAAA
AAAAAAAAAAAAAAAAAAAAAAAAAAAAAAAAAAAAAAAAAAAAAAAAAAAAAAAAAAAAAAAAAAAAAAAAAAAA
AAAAAAAAAAAAAAAAAAAAAAAAAAAAAAAAAAAAAAAAAAAAAAAAAAAAAAAAAAAAAAAAAAAAAAAAAAAA
AAAAAAAAAAAAAAAAAAAAAAAAAAAAAAAAAAAAAAAAAAAAAAAAAAAAAAAAAAAAAAAAAAAAAAAAAAAA
AAAAAAAAAAAAAAAAAAAAAAAAAAAAAAAAAAAAAAAAAAAAAAAAAAAAAAAAAAAAAAAAAAAAAAAAAAAA
AAAAAAAAAAAAAAAAAAAAAAAAAAAAAAAAAAAAAAAAAAAAAAAAAAAAAAAAAAAAAAAAAAAAAAAAAAAA
AAAAAAAAAAAAAAAAAAAAAAAAAAAAAAAAAAAAAAAAAAAAAAAAAAAAAAAAAAAAAAAAAAAAAAAAAAAA
AAAAAAAAAAAAAAAAAAAAAAAAAAAAAAAAAAAAAAAAAAAAAAAAAAAAAAAAAAAAAAAAAAAAAAAAAAAA
AAAAAAAAAAAAAAAAAAAAAAAAAAAAAAAAAAAAAAAAAAAAAAAAAAAAAAAAAAAAAAAAAAAAAAAAAAAA
AAAAAAAAAAAAAAAAAAAAAAAAAAAAAAAAAAAAAAAAAAAAAAAAAAAAAAAAAAAAAAAAAAAAAAAAAAAA
AAAAAAAAAAAAAAAAAAAAAAAAAAAAAAAAAAAAAAAAAAAAAAAAAAAAAAAAAAAAAAAAAAAAAAAAAAAA
AAAAAAAAAAAAAAAAAAAAAAAAAAAAAAAAAAAAAAAAAAAAAAAAAAAAAAAAAAAAAAAAAAAAAAAAAAAA
AAAAAAAAAAAAAAAAAAAAAAAAAAAAAAAAAAAAAAAAAAAAAAAAAAAAAAAAAAAAAAAAAAAAAAAAAAAA
AAAAAAAAAAAAAAAAAAAAAAAAAAAAAAAAAAAAAAAAAAAAAAAAAAAAAAAAAAAAAAAAAAAAAAAAAAAA
AAAAAAAAAAAAAAAAAAAAAAAAAAAAAAAAAAAAAAAAAAAAAAAAAAAAAAAAAAAAAAAAAAAAAAAAAAAA
AAAAAAAAAAAAAAAAAAAAAAAAAAAAAAAAAAAAAAAAAAAAAAAAAAAAAAAAAAAAAAAAAAAAAAAAAAAA
AAAAAAAAAAAAAAAAAAAAAAAAAAAAAAAAAAAAAAAAAAAAAAAAAAAAAAAAAAAAAAAAAAAAAAAAAAAA
AAAAAAAAAAAAAAAAAAAAAAAAAAAAAAAAAAAAAAAAAAAAAAAAAAAAAAAAAAAAAAAAAAAAAAAAAAAA
AAAAAAAAAAAAAAAAAAAAAAAAAAAAAAAAAAAAAAAAAAAAAAAAAAAAAAAAAAAAAAAAAAAAAAAAAAAA
AAAAAAAAAAAAAAAAAAAAAAAAAAAAAAAAAAAAAAAAAAAAAAAAAAAAAAAAAAAAAAAAAAAAAAAAAAAA
AAAAAAAAAAAAAAAAAAAAAAAAAAAAAAAAAAAAAAAAAAAAAAAAAAAAAAAAAAAAAAAAAAAAAAAAAAAA
AAAAAAAAAAAAAAAAAAAAAAAAAAAAAAAAAAAAAAAAAAAAAAAAAAAAAAAAAAAAAAAAAAAAAAAAAAAA
AAAAAAAAAAAAAAAAAAAAAAAAAAAAAAAAAAAAAAAAAAAAAAAAAAAAAAAAAAAAAAAAAAAAAAAAAAAA
AAAAAAAAAAAAAAAAAAAAAAAAAAAAAAAAAAAAAAAAAAAAAAAAAAAAAAAAAAAAAAAAAAAAAAAAAAAA
AAAAAAAAAAAAAAAAAAAAAAAAAAAAAAAAAAAAAAAAAAAAAAAAAAAAAAAAAAAAAAAAAAAAAAAAAAAA
AAAAAAAAAAAAAAAAAAAAAAAAAAAAAAAAAAAAAAAAAAAAAAAAAAAAAAAAAAAAAAAAAAAAAAAAAAAA
AAAAAAAAAAAAAAAAAAAAAAAAAAAAAAAAAAAAAAAAAAAAAAAAAAAAAAAAAAAAAAAAAAAAAAAAAAAA
AAAAAAAAAAAAAAAAAAAAAAAAAAAAAAAAAAAAAAAAAAAAAAAAAAAAAAAAAAAAAAAAAAAAAAAAAAAA
AAAAAAAAAAAAAAAAAAAAAAAAAAAAAAAAAAAAAAAAAAAAAAAAAAAAAAAAAAAAAAAAAAAAAAAAAAAA
AAAAAAAAAAAAAAAAAAAAAAAAAAAAAAAAAAAAAAAAAAAAAAAAAAAAAAAAAAAAAAAAAAAAAAAAAAAA
AAAAAAAAAAAAAAAAAAAAAAAAAAAAAAAAAAAAAAAAAAAAAAAAAAAAAAAAAAAAAAAAAAAAAAAAAAAA
AAAAAAAAAAAAAAAAAAAAAAAAAAAAAAAAAAAAAAAAAAAAAAAAAAAAAAAAAAAAAAAAAAAAAAAAAAAA
AAAAAAAAAAAAAAAAAAAAAAAAAAAAAAAAAAAAAAAAAAAAAAAAAAAAAAAAAAAAAAAAAAAAAAAAAAAA
AAAAAAAAAAAAAAAAAAAAAAAAAAAAAAAAAAAAAAAAAAAAAAAAAAAAAAAAAAAAAAAAAAAAAAAAAAAA
AAAAAAAAAAAAAAAAAAAAAAAAAAAAAAAAAAAAAAAAAAAAAAAAAAAAAAAAAAAAAAAAAAAAAAAAAAAA
AAAAAAAAAAAAAAAAAAAAAAAAAAAAAAAAAAAAAAAAAAAAAAAAAAAAAAAAAAAAAAAAAAAAAAAAAAAA
AAAAAAAAAAAAAAAAAAAAAAAAAAAAAAAAAAAAAAAAAAAAAAAAAAAAAAAAAAAAAAAAAAAAAAAAAAAA
AAAAAAAAAAAAAAAAAAAAAAAAAAAAAAAAAAAAAAAAAAAAAAAAAAAAAAAAAAAAAAAAAAAAAAAAAAAA
AAAAAAAAAAAAAAAAAAAAAAAAAAAAAAAAAAAAAAAAAAAAAAAAAAAAAAAAAAAAAAAAAAAAAAAAAAAA
AAAAAAAAAAAAAAAAAAAAAAAAAAAAAAAAAAAAAAAAAAAAAAAAAAAAAAAAAAAAAAAAAAAAAAAAAAAA
AAAAAAAAAAAAAAAAAAAAAAAAAAAAAAAAAAAAAAAAAAAAAAAAAAAAAAAAAAAAAAAAAAAAAAAAAAAA
AAAAAAAAAAAAAAAAAAAAAAAAAAAAAAAAAAAAAAAAAAAAAAAAAAAAAAAAAAAAAAAAAAAAAAAAAAAA
AAAAAAAAAAAAAAAAAAAAAAAAAAAAAAAAAAAAAAAAAAAAAAAAAAAAAAAAAAAAAAAAAAAAAAAAAAAA
AAAAAAAAAAAAAAAAAAAAAAAAAAAAAAAAAAAAAAAAAAAAAAAAAAAAAAAAAAAAAAAAAAAAAAAAAAAA
AAAAAAAAAAAAAAAAAAAAAAAAAAAAAAAAAAAAAAAAAAAAAAAAAAAAAAAAAAAAAAAAAAAAAAAAAAAA
AAAAAAAAAAAAAAAAAAAAAAAAAAAAAAAAAAAAAAAAAAAAAAAAAAAAAAAAAAAAAAAAAAAAAAAAAAAA
AAAAAAAAAAAAAAAAAAAAAAAAAAAAAAAAAAAAAAAAAAAAAAAAAAAAAAAAAAAAAAAAAAAAAAAAAAAA
AAAAAAAAAAAAAAAAAAAAAAAAAAAAAAAAAAAAAAAAAAAAAAAAAAAAAAAAAAAAAAAAAAAAAAAAAAAA
AAAAAAAAAAAAAAAAAAAAAAAAAAAAAAAAAAAAAAAAAAAAAAAAAAAAAAAAAAAAAAAAAAAAAAAAAAAA
AAAAAAAAAAAAAAAAAAAAAAAAAAAAAAAAAAAAAAAAAAAAAAAAAAAAAAAAAAAAAAAAAAAAAAAAAAAA
AAAAAAAAAAAAAAAAAAAAAAAAAAAAAAAAAAAAAAAAAAAAAAAAAAAAAAAAAAAAAAAAAAAAAAAAAAAA
AAAAAAAAAAAAAAAAAAAAAAAAAAAAAAAAAAAAAAAAAAAAAAAAAAAAAAAAAAAAAAAAAAAAAAAAAAAA
AAAAAAAAAAAAAAAAAAAAAAAAAAAAAAAAAAAAAAAAAAAAAAAAAAAAAAAAAAAAAAAAAAAAAAAAAAAA
AAAAAAAAAAAAAAAAAAAAAAAAAAAAAAAAAAAAAAAAAAAAAAAAAAAAAAAAAAAAAAAAAAAAAAAAAAAA
AAAAAAAAAAAAAAAAAAAAAAAAAAAAAAAAAAAAAAAAAAAAAAAAAAAAAAAAAAAAAAAAAAAAAAAAAAAA
AAAAAAAAAAAAAAAAAAAAAAAAAAAAAAAAAAAAAAAAAAAAAAAAAAAAAAAAAAAAAAAAAAAAAAAAAAAA
AAAAAAAAAAAAAAAAAAAAAAAAAAAAAAAAAAAAAAAAAAAAAAAAAAAAAAAAAAAAAAAAAAAAAAAAAAAA
AAAAAAAAAAAAAAAAAAAAAAAAAAAAAAAAAAAAAAAAAAAAAAAAAAAAAAAAAAAAAAAAAAAAAAAAAAAA
AAAAAAAAAAAAAAAAAAAAAAAAAAAAAAAAAAAAAAAAAAAAAAAAAAAAAAAAAAAAAAAAAAAAAAAAAAAA
AAAAAAAAAAAAAAAAAAAAAAAAAAAAAAAAAAAAAAAAAAAAAAAAAAAAAAAAAAAAAAAAAAAAAAAAAAAA
AAAAAAAAAAAAAAAAAAAAAAAAAAAAAAAAAAAAAAAAAAAAAAAAAAAAAAAAAAAAAAAAAAAAAAAAAAAA
AAAAAAAAAAAAAAAAAAAAAAAAAAAAAAAAAAAAAAAAAAAAAAAAAAAAAAAAAAAAAAAAAAAAAAAAAAAA
AAAAAAAAAAAAAAAAAAAAAAAAAAAAAAAAAAAAAAAAAAAAAAAAAAAAAAAAAAAAAAAAAAAAAAAAAAAA
AAAAAAAAAAAAAAAAAAAAAAAAAAAAAAAAAAAAAAAAAAAAAAAAAAAAAAAAAAAAAAAAAAAAAAAAAAAA
AAAAAAAAAAAAAAAAAAAAAAAAAAAAAAAAAAAAAAAAAAAAAAAAAAAAAAAAAAAAAAAAAAAAAAAAAAAA
AAAAAAAAAAAAAAAAAAAAAAAAAAAAAAAAAAAAAAAAAAAAAAAAAAAAAAAAAAAAAAAAAAAAAAAAAAAA
AAAAAAAAAAAAAAAAAAAAAAAAAAAAAAAAAAAAAAAAAAAAAAAAAAAAAAAAAAAAAAAAAAAAAAAAAAAA
AAAAAAAAAAAAAAAAAAAAAAAAAAAAAAAAAAAAAAAAAAAAAAAAAAAAAAAAAAAAAAAAAAAAAAAAAAAA
AAAAAAAAAAAAAAAAAAAAAAAAAAAAAAAAAAAAAAAAAAAAAAAAAAAAAAAAAAAAAAAAAAAAAAAAAAAA
AAAAAAAAAAAAAAAAAAAAAAAAAAAAAAAAAAAAAAAAAAAAAAAAAAAAAAAAAAAAAAAAAAAAAAAAAAAA
AAAAAAAAAAAAAAAAAAAAAAAAAAAAAAAAAAAAAAAAAAAAAAAAAAAAAAAAAAAAAAAAAAAAAAAAAAAA
AAAAAAAAAAAAAAAAAAAAAAAAAAAAAAAAAAAAAAAAAAAAAAAAAAAAAAAAAAAAAAAAAAAAAAAAAAAA
AAAAAAAAAAAAAAAAAAAAAAAAAAAAAAAAAAAAAAAAAAAAAAAAAAAAAAAAAAAAAAAAAAAAAAAAAAAA
AAAAAAAAAAAAAAAAAAAAAAAAAAAAAAAAAAAAAAAAAAAAAAAAAAAAAAAAAAAAAAAAAAAAAAAAAAAA
AAAAAAAAAAAAAAAAAAAAAAAAAAAAAAAAAAAAAAAAAAAAAAAAAAAAAAAAAAAAAAAAAAAAAAAAAAAA
AAAAAAAAAAAAAAAAAAAAAAAAAAAAAAAAAAAAAAAAAAAAAAAAAAAAAAAAAAAAAAAAAAAAAAAAAAAA
AAAAAAAAAAAAAAAAAAAAAAAAAAAAAAAAAAAAAAAAAAAAAAAAAAAAAAAAAAAAAAAAAAAAAAAAAAAA
AAAAAAAAAAAAAAAAAAAAAAAAAAAAAAAAAAAAAAAAAAAAAAAAAAAAAAAAAAAAAAAAAAAAAAAAAAAA
AAAAAAAAAAAAAAAAAAAAAAAAAAAAAAAAAAAAAAAAAAAAAAAAAAAAAAAAAAAAAAAAAAAAAAAAAAAA
AAAAAAAAAAAAAAAAAAAAAAAAAAAAAAAAAAAAAAAAAAAAAAAAAAAAAAAAAAAAAAAAAAAAAAAAAAAA
AAAAAAAAAAAAAAAAAAAAAAAAAAAAAAAAAAAAAAAAAAAAAAAAAAAAAAAAAAAAAAAAAAAAAAAAAAAA
AAAAAAAAAAAAAAAAAAAAAAAAAAAAAAAAAAAAAAAAAAAAAAAAAAAAAAAAAAAAAAAAAAAAAAAAAAAA
AAAAAAAAAAAAAAAAAAAAAAAAAAAAAAAAAAAAAAAAAAAAAAAAAAAAAAAAAAAAAAAAAAAAAAAAAAAA
AAAAAAAAAAAAAAAAAAAAAAAAAAAAAAAAAAAAAAAAAAAAAAAAAAAAAAAAAAAAAAAAAAAAAAAAAAAA
AAAAAAAAAAAAAAAAAAAAAAAAAAAAAAAAAAAAAAAAAAAAAAAAAAAAAAAAAAAAAAAAAAAAAAAAAAAA
AAAAAAAAAAAAAAAAAAAAAAAAAAAAAAAAAAAAAAAAAAAAAAAAAAAAAAAAAAAAAAAAAAAAAAAAAAAA
AAAAAAAAAAAAAAAAAAAAAAAAAAAAAAAAAAAAAAAAAAAAAAAAAAAAAAAAAAAAAAAAAAAAAAAAAAAA
AAAAAAAAAAAAAAAAAAAAAAAAAAAAAAAAAAAAAAAAAAAAAAAAAAAAAAAAAAAAAAAAAAAAAAAAAAAA
AAAAAAAAAAAAAAAAAAAAAAAAAAAAAAAAAAAAAAAAAAAAAAAAAAAAAAAAAAAAAAAAAAAAAAAAAAAA
AAAAAAAAAAAAAAAAAAAAAAAAAAAAAAAAAAAAAAAAAAAAAAAAAAAAAAAAAAAAAAAAAAAAAAAAAAAA
AAAAAAAAAAAAAAAAAAAAAAAAAAAAAAAAAAAAAAAAAAAAAAAAAAAAAAAAAAAAAAAAAAAAAAAAAAAA
AAAAAAAAAAAAAAAAAAAAAAAAAAAAAAAAAAAAAAAAAAAAAAAAAAAAAAAAAAAAAAAAAAAAAAAAAAAA
AAAAAAAAAAAAAAAAAAAAAAAAAAAAAAAAAAAAAAAAAAAAAAAAAAAAAAAAAAAAAAAAAAAAAAAAAAAA
AAAAAAAAAAAAAAAAAAAAAAAAAAAAAAAAAAAAAAAAAAAAAAAAAAAAAAAAAAAAAAAAAAAAAAAAAAAA
AAAAAAAAAAAAAAAAAAAAAAAAAAAAAAAAAAAAAAAAAAAAAAAAAAAAAAAAAAAAAAAAAAAAAAAAAAAA
AAAAAAAAAAAAAAAAAAAAAAAAAAAAAAAAAAAAAAAAAAAAAAAAAAAAAAAAAAAAAAAAAAAAAAAAAAAA
AAAAAAAAAAAAAAAAAAAAAAAAAAAAAAAAAAAAAAAAAAAAAAAAAAAAAAAAAAAAAAAAAAAAAAAAAAAA
AAAAAAAAAAAAAAAAAAAAAAAAAAAAAAAAAAAAAAAAAAAAAAAAAAAAAAAAAAAAAAAAAAAAAAAAAAAA
AAAAAAAAAAAAAAAAAAAAAAAAAAAAAAAAAAAAAAAAAAAAAAAAAAAAAAAAAAAAAAAAAAAAAAAAAAAA
AAAAAAAAAAAAAAAAAAAAAAAAAAAAAAAAAAAAAAAAAAAAAAAAAAAAAAAAAAAAAAAAAAAAAAAAAAAA
AAAAAAAAAAAAAAAAAAAAAAAAAAAAAAAAAAAAAAAAAAAAAAAAAAAAAAAAAAAAAAAAAAAAAAAAAAAA
AAAAAAAAAAAAAAAAAAAAAAAAAAAAAAAAAAAAAAAAAAAAAAAAAAAAAAAAAAAAAAAAAAAAAAAAAAAA
AAAAAAAAAAAAAAAAAAAAAAAAAAAAAAAAAAAAAAAAAAAAAAAAAAAAAAAAAAAAAAAAAAAAAAAAAAAA
AAAAAAAAAAAAAAAAAAAAAAAAAAAAAAAAAAAAAAAAAAAAAAAAAAAAAAAAAAAAAAAAAAAAAAAAAAAA
AAAAAAAAAAAAAAAAAAAAAAAAAAAAAAAAAAAAAAAAAAAAAAAAAAAAAAAAAAAAAAAAAAAAAAAAAAAA
AAAAAAAAAAAAAAAAAAAAAAAAAAAAAAAAAAAAAAAAAAAAAAAAAAAAAAAAAAAAAAAAAAAAAAAAAAAA
AAAAAAAAAAAAAAAAAAAAAAAAAAAAAAAAAAAAAAAAAAAAAAAAAAAAAAAAAAAAAAAAAAAAAAAAAAAA
AAAAAAAAAAAAAAAAAAAAAAAAAAAAAAAAAAAAAAAAAAAAAAAAAAAAAAAAAAAAAAAAAAAAAAAAAAAA
AAAAAAAAAAAAAAAAAAAAAAAAAAAAAAAAAAAAAAAAAAAAAAAAAAAAAAAAAAAAAAAAAAAAAAAAAAAA
AAAAAAAAAAAAAAAAAAAAAAAAAAAAAAAAAAAAAAAAAAAAAAAAAAAAAAAAAAAAAAAAAAAAAAAAAAAA
AAAAAAAAAAAAAAAAAAAAAAAAAAAAAAAAAAAAAAAAAAAAAAAAAAAAAAAAAAAAAAAAAAAAAAAAAAAA
AAAAAAAAAAAAAAAAAAAAAAAAAAAAAAAAAAAAAAAAAAAAAAAAAAAAAAAAAAAAAAAAAAAAAAAAAAAA
AAAAAAAAAAAAAAAAAAAAAAAAAAAAAAAAAAAAAAAAAAAAAAAAAAAAAAAAAAAAAAAAAAAAAAAAAAAA
AAAAAAAAAAAAAAAAAAAAAAAAAAAAAAAAAAAAAAAAAAAAAAAAAAAAAAAAAAAAAAAAAAAAAAAAAAAA
AAAAAAAAAAAAAAAAAAAAAAAAAAAAAAAAAAAAAAAAAAAAAAAAAAAAAAAAAAAAAAAAAAAAAAAAAAAA
AAAAAAAAAAAAAAAAAAAAAAAAAAAAAAAAAAAAAAAAAAAAAAAAAAAAAAAAAAAAAAAAAAAAAAAAAAAA
AAAAAAAAAAAAAAAAAAAAAAAAAAAAAAAAAAAAAAAAAAAAAAAAAAAAAAAAAAAAAAAAAAAAAAAAAAAA
AAAAAAAAAAAAAAAAAAAAAAAAAAAAAAAAAAAAAAAAAAAAAAAAAAAAAAAAAAAAAAAAAAAAAAAAAAAA
AAAAAAAAAAAAAAAAAAAAAAAAAAAAAAAAAAAAAAAAAAAAAAAAAAAAAAAAAAAAAAAAAAAAAAAAAAAA
AAAAAAAAAAAAAAAAAAAAAAAAAAAAAAAAAAAAAAAAAAAAAAAAAAAAAAAAAAAAAAAAAAAAAAAAAAAA
AAAAAAAAAAAAAAAAAAAAAAAAAAAAAAAAAAAAAAAAAAAAAAAAAAAAAAAAAAAAAAAAAAAAAAAAAAAA
AAAAAAAAAAAAAAAAAAAAAAAAAAAAAAAAAAAAAAAAAAAAAAAAAAAAAAAAAAAAAAAAAAAAAAAAAAAA
AAAAAAAAAAAAAAAAAAAAAAAAAAAAAAAAAAAAAAAAAAAAAAAAAAAAAAAAAAAAAAAAAAAAAAAAAAAA
AAAAAAAAAAAAAAAAAAAAAAAAAAAAAAAAAAAAAAAAAAAAAAAAAAAAAAAAAAAAAAAAAAAAAAAAAAAA
AAAAAAAAAAAAAAAAAAAAAAAAAAAAAAAAAAAAAAAAAAAAAAAAAAAAAAAAAAAAAAAAAAAAAAAAAAAA
AAAAAAAAAAAAAAAAAAAAAAAAAAAAAAAAAAAAAAAAAAAAAAAAAAAAAAAAAAAAAAAAAAAAAAAAAAAA
AAAAAAAAAAAAAAAAAAAAAAAAAAAAAAAAAAAAAAAAAAAAAAAAAAAAAAAAAAAAAAAAAAAAAAAAAAAA
AAAAAAAAAAAAAAAAAAAAAAAAAAAAAAAAAAAAAAAAAAAAAAAAAAAAAAAAAAAAAAAAAAAAAAAAAAAA
AAAAAAAAAAAAAAAAAAAAAAAAAAAAAAAAAAAAAAAAAAAAAAAAAAAAAAAAAAAAAAAAAAAAAAAAAAAA
AAAAAAAAAAAAAAAAAAAAAAAAAAAAAAAAAAAAAAAAAAAAAAAAAAAAAAAAAAAAAAAAAAAAAAAAAAAA
AAAAAAAAAAAAAAAAAAAAAAAAAAAAAAAAAAAAAAAAAAAAAAAAAAAAAAAAAAAAAAAAAAAAAAAAAAAA
AAAAAAAAAAAAAAAAAAAAAAAAAAAAAAAAAAAAAAAAAAAAAAAAAAAAAAAAAAAAAAAAAAAAAAAAAAAA
AAAAAAAAAAAAAAAAAAAAAAAAAAAAAAAAAAAAAAAAAAAAAAAAAAAAAAAAAAAAAAAAAAAAAAAAAAAA
AAAAAAAAAAAAAAAAAAAAAAAAAAAAAAAAAAAAAAAAAAAAAAAAAAAAAAAAAAAAAAAAAAAAAAAAAAAA
AAAAAAAAAAAAAAAAAAAAAAAAAAAAAAAAAAAAAAAAAAAAAAAAAAAAAAAAAAAAAAAAAAAAAAAAAAAA
AAAAAAAAAAAAAAAAAAAAAAAAAAAAAAAAAAAAAAAAAAAAAAAAAAAAAAAAAAAAAAAAAAAAAAAAAAAA
AAAAAAAAAAAAAAAAAAAAAAAAAAAAAAAAAAAAAAAAAAAAAAAAAAAAAAAAAAAAAAAAAAAAAAAAAAAA
AAAAAAAAAAAAAAAAAAAAAAAAAAAAAAAAAAAAAAAAAAAAAAAAAAAAAAAAAAAAAAAAAAAAAAAAAAAA
AAAAAAAAAAAAAAAAAAAAAAAAAAAAAAAAAAAAAAAAAAAAAAAAAAAAAAAAAAAAAAAAAAAAAAAAAAAA
AAAAAAAAAAAAAAAAAAAAAAAAAAAAAAAAAAAAAAAAAAAAAAAAAAAAAAAAAAAAAAAAAAAAAAAAAAAA
AAAAAAAAAAAAAAAAAAAAAAAAAAAAAAAAAAAAAAAAAAAAAAAAAAAAAAAAAAAAAAAAAAAAAAAAAAAA
AAAAAAAAAAAAAAAAAAAAAAAAAAAAAAAAAAAAAAAAAAAAAAAAAAAAAAAAAAAAAAAAAAAAAAAAAAAA
AAAAAAAAAAAAAAAAAAAAAAAAAAAAAAAAAAAAAAAAAAAAAAAAAAAAAAAAAAAAAAAAAAAAAAAAAAAA
AAAAAAAAAAAAAAAAAAAAAAAAAAAAAAAAAAAAAAAAAAAAAAAAAAAAAAAAAAAAAAAAAAAAAAAAAAAA
AAAAAAAAAAAAAAAAAAAAAAAAAAAAAAAAAAAAAAAAAAAAAAAAAAAAAAAAAAAAAAAAAAAAAAAAAAAA
AAAAAAAAAAAAAAAAAAAAAAAAAAAAAAAAAAAAAAAAAAAAAAAAAAAAAAAAAAAAAAAAAAAAAAAAAAAA
AAAAAAAAAAAAAAAAAAAAAAAAAAAAAAAAAAAAAAAAAAAAAAAAAAAAAAAAAAAAAAAAAAAAAAAAAAAA
AAAAAAAAAAAAAAAAAAAAAAAAAAAAAAAAAAAAAAAAAAAAAAAAAAAAAAAAAAAAAAAAAAAAAAAAAAAA
AAAAAAAAAAAAAAAAAAAAAAAAAAAAAAAAAAAAAAAAAAAAAAAAAAAAAAAAAAAAAAAAAAAAAAAAAAAA
AAAAAAAAAAAAAAAAAAAAAAAAAAAAAAAAAAAAAAAAAAAAAAAAAAAAAAAAAAAAAAAAAAAAAAAAAAAA
AAAAAAAAAAAAAAAAAAAAAAAAAAAAAAAAAAAAAAAAAAAAAAAAAAAAAAAAAAAAAAAAAAAAAAAAAAAA
AAAAAAAAAAAAAAAAAAAAAAAAAAAAAAAAAAAAAAAAAAAAAAAAAAAAAAAAAAAAAAAAAAAAAAAAAAAA
AAAAAAAAAAAAAAAAAAAAAAAAAAAAAAAAAAAAAAAAAAAAAAAAAAAAAAAAAAAAAAAAAAAAAAAAAAAA
AAAAAAAAAAAAAAAAAAAAAAAAAAAAAAAAAAAAAAAAAAAAAAAAAAAAAAAAAAAAAAAAAAAAAAAAAAAA
AAAAAAAAAAAAAAAAAAAAAAAAAAAAAAAAAAAAAAAAAAAAAAAAAAAAAAAAAAAAAAAAAAAAAAAAAAAA
AAAAAAAAAAAAAAAAAAAAAAAAAAAAAAAAAAAAAAAAAAAAAAAAAAAAAAAAAAAAAAAAAAAAAAAAAAAA
AAAAAAAAAAAAAAAAAAAAAAAAAAAAAAAAAAAAAAAAAAAAAAAAAAAAAAAAAAAAAAAAAAAAAAAAAAAA
AAAAAAAAAAAAAAAAAAAAAAAAAAAAAAAAAAAAAAAAAAAAAAAAAAAAAAAAAAAAAAAAAAAAAAAAAAAA
AAAAAAAAAAAAAAAAAAAAAAAAAAAAAAAAAAAAAAAAAAAAAAAAAAAAAAAAAAAAAAAAAAAAAAAAAAAA
AAAAAAAAAAAAAAAAAAAAAAAAAAAAAAAAAAAAAAAAAAAAAAAAAAAAAAAAAAAAAAAAAAAAAAAAAAAA
AAAAAAAAAAAAAAAAAAAAAAAAAAAAAAAAAAAAAAAAAAAAAAAAAAAAAAAAAAAAAAAAAAAAAAAAAAAA
AAAAAAAAAAAAAAAAAAAAAAAAAAAAAAAAAAAAAAAAAAAAAAAAAAAAAAAAAAAAAAAAAAAAAAAAAAAA
AAAAAAAAAAAAAAAAAAAAAAAAAAAAAAAAAAAAAAAAAAAAAAAAAAAAAAAAAAAAAAAAAAAAAAAAAAAA
AAAAAAAAAAAAAAAAAAAAAAAAAAAAAAAAAAAAAAAAAAAAAAAAAAAAAAAAAAAAAAAAAAAAAAAAAAAA
AAAAAAAAAAAAAAAAAAAAAAAAAAAAAAAAAAAAAAAAAAAAAAAAAAAAAAAAAAAAAAAAAAAAAAAAAAAA
AAAAAAAAAAAAAAAAAAAAAAAAAAAAAAAAAAAAAAAAAAAAAAAAAAAAAAAAAAAAAAAAAAAAAAAAAAAA
AAAAAAAAAAAAAAAAAAAAAAAAAAAAAAAAAAAAAAAAAAAAAAAAAAAAAAAAAAAAAAAAAAAAAAAAAAAA
AAAAAAAAAAAAAAAAAAAAAAAAAAAAAAAAAAAAAAAAAAAAAAAAAAAAAAAAAAAAAAAAAAAAAAAAAAAA
AAAAAAAAAAAAAAAAAAAAAAAAAAAAAAAAAAAAAAAAAAAAAAAAAAAAAAAAAAAAAAAAAAAAAAAAAAAA
AAAAAAAAAAAAAAAAAAAAAAAAAAAAAAAAAAAAAAAAAAAAAAAAAAAAAAAAAAAAAAAAAAAAAAAAAAAA
AAAAAAAAAAAAAAAAAAAAAAAAAAAAAAAAAAAAAAAAAAAAAAAAAAAAAAAAAAAAAAAAAAAAAAAAAAAA
AAAAAAAAAAAAAAAAAAAAAAAAAAAAAAAAAAAAAAAAAAAAAAAAAAAAAAAAAAAAAAAAAAAAAAAAAAAA
AAAAAAAAAAAAAAAAAAAAAAAAAAAAAAAAAAAAAAAAAAAAAAAAAAAAAAAAAAAAAAAAAAAAAAAAAAAA
AAAAAAAAAAAAAAAAAAAAAAAAAAAAAAAAAAAAAAAAAAAAAAAAAAAAAAAAAAAAAAAAAAAAAAAAAAAA
AAAAAAAAAAAAAAAAAAAAAAAAAAAAAAAAAAAAAAAAAAAAAAAAAAAAAAAAAAAAAAAAAAAAAAAAAAAA
AAAAAAAAAAAAAAAAAAAAAAAAAAAAAAAAAAAAAAAAAAAAAAAAAAAAAAAAAAAAAAAAAAAAAAAAAAAA
AAAAAAAAAAAAAAAAAAAAAAAAAAAAAAAAAAAAAAAAAAAAAAAAAAAAAAAAAAAAAAAAAAAAAAAAAAAA
AAAAAAAAAAAAAAAAAAAAAAAAAAAAAAAAAAAAAAAAAAAAAAAAAAAAAAAAAAAAAAAAAAAAAAAAAAAA
AAAAAAAAAAAAAAAAAAAAAAAAAAAAAAAAAAAAAAAAAAAAAAAAAAAAAAAAAAAAAAAAAAAAAAAAAAAA
AAAAAAAAAAAAAAAAAAAAAAAAAAAAAAAAAAAAAAAAAAAAAAAAAAAAAAAAAAAAAAAAAAAAAAAAAAAA
AAAAAAAAAAAAAAAAAAAAAAAAAAAAAAAAAAAAAAAAAAAAAAAAAAAAAAAAAAAAAAAAAAAAAAAAAAAA
AAAAAAAAAAAAAAAAAAAAAAAAAAAAAAAAAAAAAAAAAAAAAAAAAAAAAAAAAAAAAAAAAAAAAAAAAAAA
AAAAAAAAAAAAAAAAAAAAAAAAAAAAAAAAAAAAAAAAAAAAAAAAAAAAAAAAAAAAAAAAAAAAAAAAAAAA
AAAAAAAAAAAAAAAAAAAAAAAAAAAAAAAAAAAAAAAAAAAAAAAAAAAAAAAAAAAAAAAAAAAAAAAAAAAA
AAAAAAAAAAAAAAAAAAAAAAAAAAAAAAAAAAAAAAAAAAAAAAAAAAAAAAAAAAAAAAAAAAAAAAAAAAAA
AAAAAAAAAAAAAAAAAAAAAAAAAAAAAAAAAAAAAAAAAAAAAAAAAAAAAAAAAAAAAAAAAAAAAAAAAAAA
AAAAAAAAAAAAAAAAAAAAAAAAAAAAAAAAAAAAAAAAAAAAAAAAAAAAAAAAAAAAAAAAAAAAAAAAAAAA
AAAAAAAAAAAAAAAAAAAAAAAAAAAAAAAAAAAAAAAAAAAAAAAAAAAAAAAAAAAAAAAAAAAAAAAAAAAA
AAAAAAAAAAAAAAAAAAAAAAAAAAAAAAAAAAAAAAAAAAAAAAAAAAAAAAAAAAAAAAAAAAAAAAAAAAAA
AAAAAAAAAAAAAAAAAAAAAAAAAAAAAAAAAAAAAAAAAAAAAAAAAAAAAAAAAAAAAAAAAAAAAAAAAAAA
AAAAAAAAAAAAAAAAAAAAAAAAAAAAAAAAAAAAAAAAAAAAAAAAAAAAAAAAAAAAAAAAAAAAAAAAAAAA
AAAAAAAAAAAAAAAAAAAAAAAAAAAAAAAAAAAAAAAAAAAAAAAAAAAAAAAAAAAAAAAAAAAAAAAAAAAA
AAAAAAAAAAAAAAAAAAAAAAAAAAAAAAAAAAAAAAAAAAAAAAAAAAAAAAAAAAAAAAAAAAAAAAAAAAAA
AAAAAAAAAAAAAAAAAAAAAAAAAAAAAAAAAAAAAAAAAAAAAAAAAAAAAAAAAAAAAAAAAAAAAAAAAAAA
AAAAAAAAAAAAAAAAAAAAAAAAAAAAAAAAAAAAAAAAAAAAAAAAAAAAAAAAAAAAAAAAAAAAAAAAAAAA
AAAAAAAAAAAAAAAAAAAAAAAAAAAAAAAAAAAAAAAAAAAAAAAAAAAAAAAAAAAAAAAAAAAAAAAAAAAA
AAAAAAAAAAAAAAAAAAAAAAAAAAAAAAAAAAAAAAAAAAAAAAAAAAAAAAAAAAAAAAAAAAAAAAAAAAAA
AAAAAAAAAAAAAAAAAAAAAAAAAAAAAAAAAAAAAAAAAAAAAAAAAAAAAAAAAAAAAAAAAAAAAAAAAAAA
AAAAAAAAAAAAAAAAAAAAAAAAAAAAAAAAAAAAAAAAAAAAAAAAAAAAAAAAAAAAAAAAAAAAAAAAAAAA
AAAAAAAAAAAAAAAAAAAAAAAAAAAAAAAAAAAAAAAAAAAAAAAAAAAAAAAAAAAAAAAAAAAAAAAAAAAA
AAAAAAAAAAAAAAAAAAAAAAAAAAAAAAAAAAAAAAAAAAAAAAAAAAAAAAAAAAAAAAAAAAAAAAAAAAAA
AAAAAAAAAAAAAAAAAAAAAAAAAAAAAAAAAAAAAAAAAAAAAAAAAAAAAAAAAAAAAAAAAAAAAAAAAAAA
AAAAAAAAAAAAAAAAAAAAAAAAAAAAAAAAAAAAAAAAAAAAAAAAAAAAAAAAAAAAAAAAAAAAAAAAAAAA
AAAAAAAAAAAAAAAAAAAAAAAAAAAAAAAAAAAAAAAAAAAAAAAAAAAAAAAAAAAAAAAAAAAAAAAAAAAA
AAAAAAAAAAAAAAAAAAAAAAAAAAAAAAAAAAAAAAAAAAAAAAAAAAAAAAAAAAAAAAAAAAAAAAAAAAAA
AAAAAAAAAAAAAAAAAAAAAAAAAAAAAAAAAAAAAAAAAAAAAAAAAAAAAAAAAAAAAAAAAAAAAAAAAAAA
AAAAAAAAAAAAAAAAAAAAAAAAAAAAAAAAAAAAAAAAAAAAAAAAAAAAAAAAAAAAAAAAAAAAAAAAAAAA
AAAAAAAAAAAAAAAAAAAAAAAAAAAAAAAAAAAAAAAAAAAAAAAAAAAAAAAAAAAAAAAAAAAAAAAAAAAA
AAAAAAAAAAAAAAAAAAAAAAAAAAAAAAAAAAAAAAAAAAAAAAAAAAAAAAAAAAAAAAAAAAAAAAAAAAAA
AAAAAAAAAAAAAAAAAAAAAAAAAAAAAAAAAAAAAAAAAAAAAAAAAAAAAAAAAAAAAAAAAAAAAAAAAAAA
AAAAAAAAAAAAAAAAAAAAAAAAAAAAAAAAAAAAAAAAAAAAAAAAAAAAAAAAAAAAAAAAAAAAAAAAAAAA
AAAAAAAAAAAAAAAAAAAAAAAAAAAAAAAAAAAAAAAAAAAAAAAAAAAAAAAAAAAAAAAAAAAAAAAAAAAA
AAAAAAAAAAAAAAAAAAAAAAAAAAAAAAAAAAAAAAAAAAAAAAAAAAAAAAAAAAAAAAAAAAAAAAAAAAAA
AAAAAAAAAAAAAAAAAAAAAAAAAAAAAAAAAAAAAAAAAAAAAAAAAAAAAAAAAAAAAAAAAAAAAAAAAAAA
AAAAAAAAAAAAAAAAAAAAAAAAAAAAAAAAAAAAAAAAAAAAAAAAAAAAAAAAAAAAAAAAAAAAAAAAAAAA
AAAAAAAAAAAAAAAAAAAAAAAAAAAAAAAAAAAAAAAAAAAAAAAAAAAAAAAAAAAAAAAAAAAAAAAAAAAA
AAAAAAAAAAAAAAAAAAAAAAAAAAAAAAAAAAAAAAAAAAAAAAAAAAAAAAAAAAAAAAAAAAAAAAAAAAAA
AAAAAAAAAAAAAAAAAAAAAAAAAAAAAAAAAAAAAAAAAAAAAAAAAAAAAAAAAAAAAAAAAAAAAAAAAAAA
AAAAAAAAAAAAAAAAAAAAAAAAAAAAAAAAAAAAAAAAAAAAAAAAAAAAAAAAAAAAAAAAAAAAAAAAAAAA
AAAAAAAAAAAAAAAAAAAAAAAAAAAAAAAAAAAAAAAAAAAAAAAAAAAAAAAAAAAAAAAAAAAAAAAAAAAA
AAAAAAAAAAAAAAAAAAAAAAAAAAAAAAAAAAAAAAAAAAAAAAAAAAAAAAAAAAAAAAAAAAAAAAAAAAAA
AAAAAAAAAAAAAAAAAAAAAAAAAAAAAAAAAAAAAAAAAAAAAAAAAAAAAAAAAAAAAAAAAAAAAAAAAAAA
AAAAAAAAAAAAAAAAAAAAAAAAAAAAAAAAAAAAAAAAAAAAAAAAAAAAAAAAAAAAAAAAAAAAAAAAAAAA
AAAAAAAAAAAAAAAAAAAAAAAAAAAAAAAAAAAAAAAAAAAAAAAAAAAAAAAAAAAAAAAAAAAAAAAAAAAA
AAAAAAAAAAAAAAAAAAAAAAAAAAAAAAAAAAAAAAAAAAAAAAAAAAAAAAAAAAAAAAAAAAAAAAAAAAAA
AAAAAAAAAAAAAAAAAAAAAAAAAAAAAAAAAAAAAAAAAAAAAAAAAAAAAAAAAAAAAAAAAAAAAAAAAAAA
AAAAAAAAAAAAAAAAAAAAAAAAAAAAAAAAAAAAAAAAAAAAAAAAAAAAAAAAAAAAAAAAAAAAAAAAAAAA
AAAAAAAAAAAAAAAAAAAAAAAAAAAAAAAAAAAAAAAAAAAAAAAAAAAAAAAAAAAAAAAAAAAAAAAAAAAA
AAAAAAAAAAAAAAAAAAAAAAAAAAAAAAAAAAAAAAAAAAAAAAAAAAAAAAAAAAAAAAAAAAAAAAAAAAAA
AAAAAAAAAAAAAAAAAAAAAAAAAAAAAAAAAAAAAAAAAAAAAAAAAAAAAAAAAAAAAAAAAAAAAAAAAAAA
AAAAAAAAAAAAAAAAAAAAAAAAAAAAAAAAAAAAAAAAAAAAAAAAAAAAAAAAAAAAAAAAAAAAAAAAAAAA
AAAAAAAAAAAAAAAAAAAAAAAAAAAAAAAAAAAAAAAAAAAAAAAAAAAAAAAAAAAAAAAAAAAAAAAAAAAA
AAAAAAAAAAAAAAAAAAAAAAAAAAAAAAAAAAAAAAAAAAAAAAAAAAAAAAAAAAAAAAAAAAAAAAAAAAAA
AAAAAAAAAAAAAAAAAAAAAAAAAAAAAAAAAAAAAAAAAAAAAAAAAAAAAAAAAAAAAAAAAAAAAAAAAAAA
AAAAAAAAAAAAAAAAAAAAAAAAAAAAAAAAAAAAAAAAAAAAAAAAAAAAAAAAAAAAAAAAAAAAAAAAAAAA
AAAAAAAAAAAAAAAAAAAAAAAAAAAAAAAAAAAAAAAAAAAAAAAAAAAAAAAAAAAAAAAAAAAAAAAAAAAA
AAAAAAAAAAAAAAAAAAAAAAAAAAAAAAAAAAAAAAAAAAAAAAAAAAAAAAAAAAAAAAAAAAAAAAAAAAAA
AAAAAAAAAAAAAAAAAAAAAAAAAAAAAAAAAAAAAAAAAAAAAAAAAAAAAAAAAAAAAAAAAAAAAAAAAAAA
AAAAAAAAAAAAAAAAAAAAAAAAAAAAAAAAAAAAAAAAAAAAAAAAAAAAAAAAAAAAAAAAAAAAAAAAAAAA
AAAAAAAAAAAAAAAAAAAAAAAAAAAAAAAAAAAAAAAAAAAAAAAAAAAAAAAAAAAAAAAAAAAAAAAAAAAA
AAAAAAAAAAAAAAAAAAAAAAAAAAAAAAAAAAAAAAAAAAAAAAAAAAAAAAAAAAAAAAAAAAAAAAAAAAAA
AAAAAAAAAAAAAAAAAAAAAAAAAAAAAAAAAAAAAAAAAAAAAAAAAAAAAAAAAAAAAAAAAAAAAAAAAAAA
AAAAAAAAAAAAAAAAAAAAAAAAAAAAAAAAAAAAAAAAAAAAAAAAAAAAAAAAAAAAAAAAAAAAAAAAAAAA
AAAAAAAAAAAAAAAAAAAAAAAAAAAAAAAAAAAAAAAAAAAAAAAAAAAAAAAAAAAAAAAAAAAAAAAAAAAA
AAAAAAAAAAAAAAAAAAAAAAAAAAAAAAAAAAAAAAAAAAAAAAAAAAAAAAAAAAAAAAAAAAAAAAAAAAAA
AAAAAAAAAAAAAAAAAAAAAAAAAAAAAAAAAAAAAAAAAAAAAAAAAAAAAAAAAAAAAAAAAAAAAAAAAAAA
AAAAAAAAAAAAAAAAAAAAAAAAAAAAAAAAAAAAAAAAAAAAAAAAAAAAAAAAAAAAAAAAAAAAAAAAAAAA
AAAAAAAAAAAAAAAAAAAAAAAAAAAAAAAAAAAAAAAAAAAAAAAAAAAAAAAAAAAAAAAAAAAAAAAAAAAA
AAAAAAAAAAAAAAAAAAAAAAAAAAAAAAAAAAAAAAAAAAAAAAAAAAAAAAAAAAAAAAAAAAAAAAAAAAAA
AAAAAAAAAAAAAAAAAAAAAAAAAAAAAAAAAAAAAAAAAAAAAAAAAAAAAAAAAAAAAAAAAAAAAAAAAAAA
AAAAAAAAAAAAAAAAAAAAAAAAAAAAAAAAAAAAAAAAAAAAAAAAAAAAAAAAAAAAAAAAAAAAAAAAAAAA
AAAAAAAAAAAAAAAAAAAAAAAAAAAAAAAAAAAAAAAAAAAAAAAAAAAAAAAAAAAAAAAAAAAAAAAAAAAA
AAAAAAAAAAAAAAAAAAAAAAAAAAAAAAAAAAAAAAAAAAAAAAAAAAAAAAAAAAAAAAAAAAAAAAAAAAAA
AAAAAAAAAAAAAAAAAAAAAAAAAAAAAAAAAAAAAAAAAAAAAAAAAAAAAAAAAAAAAAAAAAAAAAAAAAAA
AAAAAAAAAAAAAAAAAAAAAAAAAAAAAAAAAAAAAAAAAAAAAAAAAAAAAAAAAAAAAAAAAAAAAAAAAAAA
AAAAAAAAAAAAAAAAAAAAAAAAAAAAAAAAAAAAAAAAAAAAAAAAAAAAAAAAAAAAAAAAAAAAAAAAAAAA
AAAAAAAAAAAAAAAAAAAAAAAAAAAAAAAAAAAAAAAAAAAAAAAAAAAAAAAAAAAAAAAAAAAAAAAAAAAA
AAAAAAAAAAAAAAAAAAAAAAAAAAAAAAAAAAAAAAAAAAAAAAAAAAAAAAAAAAAAAAAAAAAAAAAAAAAA
AAAAAAAAAAAAAAAAAAAAAAAAAAAAAAAAAAAAAAAAAAAAAAAAAAAAAAAAAAAAAAAAAAAAAAAAAAAA
AAAAAAAAAAAAAAAAAAAAAAAAAAAAAAAAAAAAAAAAAAAAAAAAAAAAAAAAAAAAAAAAAAAAAAAAAAAA
AAAAAAAAAAAAAAAAAAAAAAAAAAAAAAAAAAAAAAAAAAAAAAAAAAAAAAAAAAAAAAAAAAAAAAAAAAAA
AAAAAAAAAAAAAAAAAAAAAAAAAAAAAAAAAAAAAAAAAAAAAAAAAAAAAAAAAAAAAAAAAAAAAAAAAAAA
AAAAAAAAAAAAAAAAAAAAAAAAAAAAAAAAAAAAAAAAAAAAAAAAAAAAAAAAAAAAAAAAAAAAAAAAAAAA
AAAAAAAAAAAAAAAAAAAAAAAAAAAAAAAAAAAAAAAAAAAAAAAAAAAAAAAAAAAAAAAAAAAAAAAAAAAA
AAAAAAAAAAAAAAAAAAAAAAAAAAAAAAAAAAAAAAAAAAAAAAAAAAAAAAAAAAAAAAAAAAAAAAAAAAAA
AAAAAAAAAAAAAAAAAAAAAAAAAAAAAAAAAAAAAAAAAAAAAAAAAAAAAAAAAAAAAAAAAAAAAAAAAAAA
AAAAAAAAAAAAAAAAAAAAAAAAAAAAAAAAAAAAAAAAAAAAAAAAAAAAAAAAAAAAAAAAAAAAAAAAAAAA
AAAAAAAAAAAAAAAAAAAAAAAAAAAAAAAAAAAAAAAAAAAAAAAAAAAAAAAAAAAAAAAAAAAAAAAAAAAA
AAAAAAAAAAAAAAAAAAAAAAAAAAAAAAAAAAAAAAAAAAAAAAAAAAAAAAAAAAAAAAAAAAAAAAAAAAAA
AAAAAAAAAAAAAAAAAAAAAAAAAAAAAAAAAAAAAAAAAAAAAAAAAAAAAAAAAAAAAAAAAAAAAAAAAAAA
AAAAAAAAAAAAAAAAAAAAAAAAAAAAAAAAAAAAAAAAAAAAAAAAAAAAAAAAAAAAAAAAAAAAAAAAAAAA
AAAAAAAAAAAAAAAAAAAAAAAAAAAAAAAAAAAAAAAAAAAAAAAAAAAAAAAAAAAAAAAAAAAAAAAAAAAA
AAAAAAAAAAAAAAAAAAAAAAAAAAAAAAAAAAAAAAAAAAAAAAAAAAAAAAAAAAAAAAAAAAAAAAAAAAAA
AAAAAAAAAAAAAAAAAAAAAAAAAAAAAAAAAAAAAAAAAAAAAAAAAAAAAAAAAAAAAAAAAAAAAAAAAAAA
AAAAAAAAAAAAAAAAAAAAAAAAAAAAAAAAAAAAAAAAAAAAAAAAAAAAAAAAAAAAAAAAAAAAAAAAAAAA
AAAAAAAAAAAAAAAAAAAAAAAAAAAAAAAAAAAAAAAAAAAAAAAAAAAAAAAAAAAAAAAAAAAAAAAAAAAA
AAAAAAAAAAAAAAAAAAAAAAAAAAAAAAAAAAAAAAAAAAAAAAAAAAAAAAAAAAAAAAAAAAAAAAAAAAAA
AAAAAAAAAAAAAAAAAAAAAAAAAAAAAAAAAAAAAAAAAAAAAAAAAAAAAAAAAAAAAAAAAAAAAAAAAAAA
AAAAAAAAAAAAAAAAAAAAAAAAAAAAAAAAAAAAAAAAAAAAAAAAAAAAAAAAAAAAAAAAAAAAAAAAAAAA
AAAAAAAAAAAAAAAAAAAAAAAAAAAAAAAAAAAAAAAAAAAAAAAAAAAAAAAAAAAAAAAAAAAAAAAAAAAA
AAAAAAAAAAAAAAAAAAAAAAAAAAAAAAAAAAAAAAAAAAAAAAAAAAAAAAAAAAAAAAAAAAAAAAAAAAAA
AAAAAAAAAAAAAAAAAAAAAAAAAAAAAAAAAAAAAAAAAAAAAAAAAAAAAAAAAAAAAAAAAAAAAAAAAAAA
AAAAAAAAAAAAAAAAAAAAAAAAAAAAAAAAAAAAAAAAAAAAAAAAAAAAAAAAAAAAAAAAAAAAAAAAAAAA
AAAAAAAAAAAAAAAAAAAAAAAAAAAAAAAAAAAAAAAAAAAAAAAAAAAAAAAAAAAAAAAAAAAAAAAAAAAA
AAAAAAAAAAAAAAAAAAAAAAAAAAAAAAAAAAAAAAAAAAAAAAAAAAAAAAAAAAAAAAAAAAAAAAAAAAAA
AAAAAAAAAAAAAAAAAAAAAAAAAAAAAAAAAAAAAAAAAAAAAAAAAAAAAAAAAAAAAAAAAAAAAAAAAAAA
AAAAAAAAAAAAAAAAAAAAAAAAAAAAAAAAAAAAAAAAAAAAAAAAAAAAAAAAAAAAAAAAAAAAAAAAAAAA
AAAAAAAAAAAAAAAAAAAAAAAAAAAAAAAAAAAAAAAAAAAAAAAAAAAAAAAAAAAAAAAAAAAAAAAAAAAA
AAAAAAAAAAAAAAAAAAAAAAAAAAAAAAAAAAAAAAAAAAAAAAAAAAAAAAAAAAAAAAAAAAAAAAAAAAAA
AAAAAAAAAAAAAAAAAAAAAAAAAAAAAAAAAAAAAAAAAAAAAAAAAAAAAAAAAAAAAAAAAAAAAAAAAAAA
AAAAAAAAAAAAAAAAAAAAAAAAAAAAAAAAAAAAAAAAAAAAAAAAAAAAAAAAAAAAAAAAAAAAAAAAAAAA
AAAAAAAAAAAAAAAAAAAAAAAAAAAAAAAAAAAAAAAAAAAAAAAAAAAAAAAAAAAAAAAAAAAAAAAAAAAA
AAAAAAAAAAAAAAAAAAAAAAAAAAAAAAAAAAAAAAAAAAAAAAAAAAAAAAAAAAAAAAAAAAAAAAAAAAAA
AAAAAAAAAAAAAAAAAAAAAAAAAAAAAAAAAAAAAAAAAAAAAAAAAAAAAAAAAAAAAAAAAAAAAAAAAAAA
AAAAAAAAAAAAAAAAAAAAAAAAAAAAAAAAAAAAAAAAAAAAAAAAAAAAAAAAAAAAAAAAAAAAAAAAAAAA
AAAAAAAAAAAAAAAAAAAAAAAAAAAAAAAAAAAAAAAAAAAAAAAAAAAAAAAAAAAAAAAAAAAAAAAAAAAA
AAAAAAAAAAAAAAAAAAAAAAAAAAAAAAAAAAAAAAAAAAAAAAAAAAAAAAAAAAAAAAAAAAAAAAAAAAAA
AAAAAAAAAAAAAAAAAAAAAAAAAAAAAAAAAAAAAAAAAAAAAAAAAAAAAAAAAAAAAAAAAAAAAAAAAAAA
AAAAAAAAAAAAAAAAAAAAAAAAAAAAAAAAAAAAAAAAAAAAAAAAAAAAAAAAAAAAAAAAAAAAAAAAAAAA
AAAAAAAAAAAAAAAAAAAAAAAAAAAAAAAAAAAAAAAAAAAAAAAAAAAAAAAAAAAAAAAAAAAAAAAAAAAA
AAAAAAAAAAAAAAAAAAAAAAAAAAAAAAAAAAAAAAAAAAAAAAAAAAAAAAAAAAAAAAAAAAAAAAAAAAAA
AAAAAAAAAAAAAAAAAAAAAAAAAAAAAAAAAAAAAAAAAAAAAAAAAAAAAAAAAAAAAAAAAAAAAAAAAAAA
AAAAAAAAAAAAAAAAAAAAAAAAAAAAAAAAAAAAAAAAAAAAAAAAAAAAAAAAAAAAAAAAAAAAAAAAAAAA
AAAAAAAAAAAAAAAAAAAAAAAAAAAAAAAAAAAAAAAAAAAAAAAAAAAAAAAAAAAAAAAAAAAAAAAAAAAA
AAAAAAAAAAAAAAAAAAAAAAAAAAAAAAAAAAAAAAAAAAAAAAAAAAAAAAAAAAAAAAAAAAAAAAAAAAAA
AAAAAAAAAAAAAAAAAAAAAAAAAAAAAAAAAAAAAAAAAAAAAAAAAAAAAAAAAAAAAAAAAAAAAAAAAAAA
AAAAAAAAAAAAAAAAAAAAAAAAAAAAAAAAAAAAAAAAAAAAAAAAAAAAAAAAAAAAAAAAAAAAAAAAAAAA
AAAAAAAAAAAAAAAAAAAAAAAAAAAAAAAAAAAAAAAAAAAAAAAAAAAAAAAAAAAAAAAAAAAAAAAAAAAA
AAAAAAAAAAAAAAAAAAAAAAAAAAAAAAAAAAAAAAAAAAAAAAAAAAAAAAAAAAAAAAAAAAAAAAAAAAAA
AAAAAAAAAAAAAAAAAAAAAAAAAAAAAAAAAAAAAAAAAAAAAAAAAAAAAAAAAAAAAAAAAAAAAAAAAAAA
AAAAAAAAAAAAAAAAAAAAAAAAAAAAAAAAAAAAAAAAAAAAAAAAAAAAAAAAAAAAAAAAAAAAAAAAAAAA
AAAAAAAAAAAAAAAAAAAAAAAAAAAAAAAAAAAAAAAAAAAAAAAAAAAAAAAAAAAAAAAAAAAAAAAAAAAA
AAAAAAAAAAAAAAAAAAAAAAAAAAAAAAAAAAAAAAAAAAAAAAAAAAAAAAAAAAAAAAAAAAAAAAAAAAAA
AAAAAAAAAAAAAAAAAAAAAAAAAAAAAAAAAAAAAAAAAAAAAAAAAAAAAAAAAAAAAAAAAAAAAAAAAAAA
AAAAAAAAAAAAAAAAAAAAAAAAAAAAAAAAAAAAAAAAAAAAAAAAAAAAAAAAAAAAAAAAAAAAAAAAAAAA
AAAAAAAAAAAAAAAAAAAAAAAAAAAAAAAAAAAAAAAAAAAAAAAAAAAAAAAAAAAAAAAAAAAAAAAAAAAA
AAAAAAAAAAAAAAAAAAAAAAAAAAAAAAAAAAAAAAAAAAAAAAAAAAAAAAAAAAAAAAAAAAAAAAAAAAAA
AAAAAAAAAAAAAAAAAAAAAAAAAAAAAAAAAAAAAAAAAAAAAAAAAAAAAAAAAAAAAAAAAAAAAAAAAAAA
AAAAAAAAAAAAAAAAAAAAAAAAAAAAAAAAAAAAAAAAAAAAAAAAAAAAAAAAAAAAAAAAAAAAAAAAAAAA
AAAAAAAAAAAAAAAAAAAAAAAAAAAAAAAAAAAAAAAAAAAAAAAAAAAAAAAAAAAAAAAAAAAAAAAAAAAA
AAAAAAAAAAAAAAAAAAAAAAAAAAAAAAAAAAAAAAAAAAAAAAAAAAAAAAAAAAAAAAAAAAAAAAAAAAAA
AAAAAAAAAAAAAAAAAAAAAAAAAAAAAAAAAAAAAAAAAAAAAAAAAAAAAAAAAAAAAAAAAAAAAAAAAAAA
AAAAAAAAAAAAAAAAAAAAAAAAAAAAAAAAAAAAAAAAAAAAAAAAAAAAAAAAAAAAAAAAAAAAAAAAAAAA
AAAAAAAAAAAAAAAAAAAAAAAAAAAAAAAAAAAAAAAAAAAAAAAAAAAAAAAAAAAAAAAAAAAAAAAAAAAA
AAAAAAAAAAAAAAAAAAAAAAAAAAAAAAAAAAAAAAAAAAAAAAAAAAAAAAAAAAAAAAAAAAAAAAAAAAAA
AAAAAAAAAAAAAAAAAAAAAAAAAAAAAAAAAAAAAAAAAAAAAAAAAAAAAAAAAAAAAAAAAAAAAAAAAAAA
AAAAAAAAAAAAAAAAAAAAAAAAAAAAAAAAAAAAAAAAAAAAAAAAAAAAAAAAAAAAAAAAAAAAAAAAAAAA
AAAAAAAAAAAAAAAAAAAAAAAAAAAAAAAAAAAAAAAAAAAAAAAAAAAAAAAAAAAAAAAAAAAAAAAAAAAA
AAAAAAAAAAAAAAAAAAAAAAAAAAAAAAAAAAAAAAAAAAAAAAAAAAAAAAAAAAAAAAAAAAAAAAAAAAAA
AAAAAAAAAAAAAAAAAAAAAAAAAAAAAAAAAAAAAAAAAAAAAAAAAAAAAAAAAAAAAAAAAAAAAAAAAAAA
AAAAAAAAAAAAAAAAAAAAAAAAAAAAAAAAAAAAAAAAAAAAAAAAAAAAAAAAAAAAAAAAAAAAAAAAAAAA
AAAAAAAAAAAAAAAAAAAAAAAAAAAAAAAAAAAAAAAAAAAAAAAAAAAAAAAAAAAAAAAAAAAAAAAAAAAA
AAAAAAAAAAAAAAAAAAAAAAAAAAAAAAAAAAAAAAAAAAAAAAAAAAAAAAAAAAAAAAAAAAAAAAAAAAAA
AAAAAAAAAAAAAAAAAAAAAAAAAAAAAAAAAAAAAAAAAAAAAAAAAAAAAAAAAAAAAAAAAAAAAAAAAAAA
AAAAAAAAAAAAAAAAAAAAAAAAAAAAAAAAAAAAAAAAAAAAAAAAAAAAAAAAAAAAAAAAAAAAAAAAAAAA
AAAAAAAAAAAAAAAAAAAAAAAAAAAAAAAAAAAAAAAAAAAAAAAAAAAAAAAAAAAAAAAAAAAAAAAAAAAA
AAAAAAAAAAAAAAAAAAAAAAAAAAAAAAAAAAAAAAAAAAAAAAAAAAAAAAAAAAAAAAAAAAAAAAAAAAAA
AAAAAAAAAAAAAAAAAAAAAAAAAAAAAAAAAAAAAAAAAAAAAAAAAAAAAAAAAAAAAAAAAAAAAAAAAAAA
AAAAAAAAAAAAAAAAAAAAAAAAAAAAAAAAAAAAAAAAAAAAAAAAAAAAAAAAAAAAAAAAAAAAAAAAAAAA
AAAAAAAAAAAAAAAAAAAAAAAAAAAAAAAAAAAAAAAAAAAAAAAAAAAAAAAAAAAAAAAAAAAAAAAAAAAA
AAAAAAAAAAAAAAAAAAAAAAAAAAAAAAAAAAAAAAAAAAAAAAAAAAAAAAAAAAAAAAAAAAAAAAAAAAAA
AAAAAAAAAAAAAAAAAAAAAAAAAAAAAAAAAAAAAAAAAAAAAAAAAAAAAAAAAAAAAAAAAAAAAAAAAAAA
AAAAAAAAAAAAAAAAAAAAAAAAAAAAAAAAAAAAAAAAAAAAAAAAAAAAAAAAAAAAAAAAAAAAAAAAAAAA
AAAAAAAAAAAAAAAAAAAAAAAAAAAAAAAAAAAAAAAAAAAAAAAAAAAAAAAAAAAAAAAAAAAAAAAAAAAA
AAAAAAAAAAAAAAAAAAAAAAAAAAAAAAAAAAAAAAAAAAAAAAAAAAAAAAAAAAAAAAAAAAAAAAAAAAAA
AAAAAAAAAAAAAAAAAAAAAAAAAAAAAAAAAAAAAAAAAAAAAAAAAAAAAAAAAAAAAAAAAAAAAAAAAAAA
AAAAAAAAAAAAAAAAAAAAAAAAAAAAAAAAAAAAAAAAAAAAAAAAAAAAAAAAAAAAAAAAAAAAAAAAAAAA
AAAAAAAAAAAAAAAAAAAAAAAAAAAAAAAAAAAAAAAAAAAAAAAAAAAAAAAAAAAAAAAAAAAAAAAAAAAA
AAAAAAAAAAAAAAAAAAAAAAAAAAAAAAAAAAAAAAAAAAAAAAAAAAAAAAAAAAAAAAAAAAAAAAAAAAAA
AAAAAAAAAAAAAAAAAAAAAAAAAAAAAAAAAAAAAAAAAAAAAAAAAAAAAAAAAAAAAAAAAAAAAAAAAAAA
AAAAAAAAAAAAAAAAAAAAAAAAAAAAAAAAAAAAAAAAAAAAAAAAAAAAAAAAAAAAAAAAAAAAAAAAAAAA
AAAAAAAAAAAAAAAAAAAAAAAAAAAAAAAAAAAAAAAAAAAAAAAAAAAAAAAAAAAAAAAAAAAAAAAAAAAA
AAAAAAAAAAAAAAAAAAAAAAAAAAAAAAAAAAAAAAAAAAAAAAAAAAAAAAAAAAAAAAAAAAAAAAAAAAAA
AAAAAAAAAAAAAAAAAAAAAAAAAAAAAAAAAAAAAAAAAAAAAAAAAAAAAAAAAAAAAAAAAAAAAAAAAAAA
AAAAAAAAAAAAAAAAAAAAAAAAAAAAAAAAAAAAAAAAAAAAAAAAAAAAAAAAAAAAAAAAAAAAAAAAAAAA
AAAAAAAAAAAAAAAAAAAAAAAAAAAAAAAAAAAAAAAAAAAAAAAAAAAAAAAAAAAAAAAAAAAAAAAAAAAA
AAAAAAAAAAAAAAAAAAAAAAAAAAAAAAAAAAAAAAAAAAAAAAAAAAAAAAAAAAAAAAAAAAAAAAAAAAAA
AAAAAAAAAAAAAAAAAAAAAAAAAAAAAAAAAAAAAAAAAAAAAAAAAAAAAAAAAAAAAAAAAAAAAAAAAAAA
AAAAAAAAAAAAAAAAAAAAAAAAAAAAAAAAAAAAAAAAAAAAAAAAAAAAAAAAAAAAAAAAAAAAAAAAAAAA
AAAAAAAAAAAAAAAAAAAAAAAAAAAAAAAAAAAAAAAAAAAAAAAAAAAAAAAAAAAAAAAAAAAAAAAAAAAA
AAAAAAAAAAAAAAAAAAAAAAAAAAAAAAAAAAAAAAAAAAAAAAAAAAAAAAAAAAAAAAAAAAAAAAAAAAAA
AAAAAAAAAAAAAAAAAAAAAAAAAAAAAAAAAAAAAAAAAAAAAAAAAAAAAAAAAAAAAAAAAAAAAAAAAAAA
AAAAAAAAAAAAAAAAAAAAAAAAAAAAAAAAAAAAAAAAAAAAAAAAAAAAAAAAAAAAAAAAAAAAAAAAAAAA
AAAAAAAAAAAAAAAAAAAAAAAAAAAAAAAAAAAAAAAAAAAAAAAAAAAAAAAAAAAAAAAAAAAAAAAAAAAA
AAAAAAAAAAAAAAAAAAAAAAAAAAAAAAAAAAAAAAAAAAAAAAAAAAAAAAAAAAAAAAAAAAAAAAAAAAAA
AAAAAAAAAAAAAAAAAAAAAAAAAAAAAAAAAAAAAAAAAAAAAAAAAAAAAAAAAAAAAAAAAAAAAAAAAAAA
AAAAAAAAAAAAAAAAAAAAAAAAAAAAAAAAAAAAAAAAAAAAAAAAAAAAAAAAAAAAAAAAAAAAAAAAAAAA
AAAAAAAAAAAAAAAAAAAAAAAAAAAAAAAAAAAAAAAAAAAAAAAAAAAAAAAAAAAAAAAAAAAAAAAAAAAA
AAAAAAAAAAAAAAAAAAAAAAAAAAAAAAAAAAAAAAAAAAAAAAAAAAAAAAAAAAAAAAAAAAAAAAAAAAAA
AAAAAAAAAAAAAAAAAAAAAAAAAAAAAAAAAAAAAAAAAAAAAAAAAAAAAAAAAAAAAAAAAAAAAAAAAAAA
AAAAAAAAAAAAAAAAAAAAAAAAAAAAAAAAAAAAAAAAAAAAAAAAAAAAAAAAAAAAAAAAAAAAAAAAAAAA
AAAAAAAAAAAAAAAAAAAAAAAAAAAAAAAAAAAAAAAAAAAAAAAAAAAAAAAAAAAAAAAAAAAAAAAAAAAA
AAAAAAAAAAAAAAAAAAAAAAAAAAAAAAAAAAAAAAAAAAAAAAAAAAAAAAAAAAAAAAAAAAAAAAAAAAAA
AAAAAAAAAAAAAAAAAAAAAAAAAAAAAAAAAAAAAAAAAAAAAAAAAAAAAAAAAAAAAAAAAAAAAAAAAAAA
AAAAAAAAAAAAAAAAAAAAAAAAAAAAAAAAAAAAAAAAAAAAAAAAAAAAAAAAAAAAAAAAAAAAAAAAAAAA
AAAAAAAAAAAAAAAAAAAAAAAAAAAAAAAAAAAAAAAAAAAAAAAAAAAAAAAAAAAAAAAAAAAAAAAAAAAA
AAAAAAAAAAAAAAAAAAAAAAAAAAAAAAAAAAAAAAAAAAAAAAAAAAAAAAAAAAAAAAAAAAAAAAAAAAAA
AAAAAAAAAAAAAAAAAAAAAAAAAAAAAAAAAAAAAAAAAAAAAAAAAAAAAAAAAAAAAAAAAAAAAAAAAAAA
AAAAAAAAAAAAAAAAAAAAAAAAAAAAAAAAAAAAAAAAAAAAAAAAAAAAAAAAAAAAAAAAAAAAAAAAAAAA
AAAAAAAAAAAAAAAAAAAAAAAAAAAAAAAAAAAAAAAAAAAAAAAAAAAAAAAAAAAAAAAAAAAAAAAAAAAA
AAAAAAAAAAAAAAAAAAAAAAAAAAAAAAAAAAAAAAAAAAAAAAAAAAAAAAAAAAAAAAAAAAAAAAAAAAAA
AAAAAAAAAAAAAAAAAAAAAAAAAAAAAAAAAAAAAAAAAAAAAAAAAAAAAAAAAAAAAAAAAAAAAAAAAAAA
AAAAAAAAAAAAAAAAAAAAAAAAAAAAAAAAAAAAAAAAAAAAAAAAAAAAAAAAAAAAAAAAAAAAAAAAAAAA
AAAAAAAAAAAAAAAAAAAAAAAAAAAAAAAAAAAAAAAAAAAAAAAAAAAAAAAAAAAAAAAAAAAAAAAAAAAA
AAAAAAAAAAAAAAAAAAAAAAAAAAAAAAAAAAAAAAAAAAAAAAAAAAAAAAAAAAAAAAAAAAAAAAAAAAAA
AAAAAAAAAAAAAAAAAAAAAAAAAAAAAAAAAAAAAAAAAAAAAAAAAAAAAAAAAAAAAAAAAAAAAAAAAAAA
AAAAAAAAAAAAAAAAAAAAAAAAAAAAAAAAAAAAAAAAAAAAAAAAAAAAAAAAAAAAAAAAAAAAAAAAAAAA
AAAAAAAAAAAAAAAAAAAAAAAAAAAAAAAAAAAAAAAAAAAAAAAAAAAAAAAAAAAAAAAAAAAAAAAAAAAA
AAAAAAAAAAAAAAAAAAAAAAAAAAAAAAAAAAAAAAAAAAAAAAAAAAAAAAAAAAAAAAAAAAAAAAAAAAAA
AAAAAAAAAAAAAAAAAAAAAAAAAAAAAAAAAAAAAAAAAAAAAAAAAAAAAAAAAAAAAAAAAAAAAAAAAAAA
AAAAAAAAAAAAAAAAAAAAAAAAAAAAAAAAAAAAAAAAAAAAAAAAAAAAAAAAAAAAAAAAAAAAAAAAAAAA
AAAAAAAAAAAAAAAAAAAAAAAAAAAAAAAAAAAAAAAAAAAAAAAAAAAAAAAAAAAAAAAAAAAAAAAAAAAA
AAAAAAAAAAAAAAAAAAAAAAAAAAAAAAAAAAAAAAAAAAAAAAAAAAAAAAAAAAAAAAAAAAAAAAAAAAAA
AAAAAAAAAAAAAAAAAAAAAAAAAAAAAAAAAAAAAAAAAAAAAAAAAAAAAAAAAAAAAAAAAAAAAAAAAAAA
AAAAAAAAAAAAAAAAAAAAAAAAAAAAAAAAAAAAAAAAAAAAAAAAAAAAAAAAAAAAAAAAAAAAAAAAAAAA
AAAAAAAAAAAAAAAAAAAAAAAAAAAAAAAAAAAAAAAAAAAAAAAAAAAAAAAAAAAAAAAAAAAAAAAAAAAA
AAAAAAAAAAAAAAAAAAAAAAAAAAAAAAAAAAAAAAAAAAAAAAAAAAAAAAAAAAAAAAAAAAAAAAAAAAAA
AAAAAAAAAAAAAAAAAAAAAAAAAAAAAAAAAAAAAAAAAAAAAAAAAAAAAAAAAAAAAAAAAAAAAAAAAAAA
AAAAAAAAAAAAAAAAAAAAAAAAAAAAAAAAAAAAAAAAAAAAAAAAAAAAAAAAAAAAAAAAAAAAAAAAAAAA
AAAAAAAAAAAAAAAAAAAAAAAAAAAAAAAAAAAAAAAAAAAAAAAAAAAAAAAAAAAAAAAAAAAAAAAAAAAA
AAAAAAAAAAAAAAAAAAAAAAAAAAAAAAAAAAAAAAAAAAAAAAAAAAAAAAAAAAAAAAAAAAAAAAAAAAAA
AAAAAAAAAAAAAAAAAAAAAAAAAAAAAAAAAAAAAAAAAAAAAAAAAAAAAAAAAAAAAAAAAAAAAAAAAAAA
AAAAAAAAAAAAAAAAAAAAAAAAAAAAAAAAAAAAAAAAAAAAAAAAAAAAAAAAAAAAAAAAAAAAAAAAAAAA
AAAAAAAAAAAAAAAAAAAAAAAAAAAAAAAAAAAAAAAAAAAAAAAAAAAAAAAAAAAAAAAAAAAAAAAAAAAA
AAAAAAAAAAAAAAAAAAAAAAAAAAAAAAAAAAAAAAAAAAAAAAAAAAAAAAAAAAAAAAAAAAAAAAAAAAAA
AAAAAAAAAAAAAAAAAAAAAAAAAAAAAAAAAAAAAAAAAAAAAAAAAAAAAAAAAAAAAAAAAAAAAAAAAAAA
AAAAAAAAAAAAAAAAAAAAAAAAAAAAAAAAAAAAAAAAAAAAAAAAAAAAAAAAAAAAAAAAAAAAAAAAAAAA
AAAAAAAAAAAAAAAAAAAAAAAAAAAAAAAAAAAAAAAAAAAAAAAAAAAAAAAAAAAAAAAAAAAAAAAAAAAA
AAAAAAAAAAAAAAAAAAAAAAAAAAAAAAAAAAAAAAAAAAAAAAAAAAAAAAAAAAAAAAAAAAAAAAAAAAAA
AAAAAAAAAAAAAAAAAAAAAAAAAAAAAAAAAAAAAAAAAAAAAAAAAAAAAAAAAAAAAAAAAAAAAAAAAAAA
AAAAAAAAAAAAAAAAAAAAAAAAAAAAAAAAAAAAAAAAAAAAAAAAAAAAAAAAAAAAAAAAAAAAAAAAAAAA
AAAAAAAAAAAAAAAAAAAAAAAAAAAAAAAAAAAAAAAAAAAAAAAAAAAAAAAAAAAAAAAAAAAAAAAAAAAA
AAAAAAAAAAAAAAAAAAAAAAAAAAAAAAAAAAAAAAAAAAAAAAAAAAAAAAAAAAAAAAAAAAAAAAAAAAAA
AAAAAAAAAAAAAAAAAAAAAAAAAAAAAAAAAAAAAAAAAAAAAAAAAAAAAAAAAAAAAAAAAAAAAAAAAAAA
AAAAAAAAAAAAAAAAAAAAAAAAAAAAAAAAAAAAAAAAAAAAAAAAAAAAAAAAAAAAAAAAAAAAAAAAAAAA
AAAAAAAAAAAAAAAAAAAAAAAAAAAAAAAAAAAAAAAAAAAAAAAAAAAAAAAAAAAAAAAAAAAAAAAAAAAA
AAAAAAAAAAAAAAAAAAAAAAAAAAAAAAAAAAAAAAAAAAAAAAAAAAAAAAAAAAAAAAAAAAAAAAAAAAAA
AAAAAAAAAAAAAAAAAAAAAAAAAAAAAAAAAAAAAAAAAAAAAAAAAAAAAAAAAAAAAAAAAAAAAAAAAAAA
AAAAAAAAAAAAAAAAAAAAAAAAAAAAAAAAAAAAAAAAAAAAAAAAAAAAAAAAAAAAAAAAAAAAAAAAAAAA
AAAAAAAAAAAAAAAAAAAAAAAAAAAAAAAAAAAAAAAAAAAAAAAAAAAAAAAAAAAAAAAAAAAAAAAAAAAA
AAAAAAAAAAAAAAAAAAAAAAAAAAAAAAAAAAAAAAAAAAAAAAAAAAAAAAAAAAAAAAAAAAAAAAAAAAAA
AAAAAAAAAAAAAAAAAAAAAAAAAAAAAAAAAAAAAAAAAAAAAAAAAAAAAAAAAAAAAAAAAAAAAAAAAAAA
AAAAAAAAAAAAAAAAAAAAAAAAAAAAAAAAAAAAAAAAAAAAAAAAAAAAAAAAAAAAAAAAAAAAAAAAAAAA
AAAAAAAAAAAAAAAAAAAAAAAAAAAAAAAAAAAAAAAAAAAAAAAAAAAAAAAAAAAAAAAAAAAAAAAAAAAA
AAAAAAAAAAAAAAAAAAAAAAAAAAAAAAAAAAAAAAAAAAAAAAAAAAAAAAAAAAAAAAAAAAAAAAAAAAAA
AAAAAAAAAAAAAAAAAAAAAAAAAAAAAAAAAAAAAAAAAAAAAAAAAAAAAAAAAAAAAAAAAAAAAAAAAAAA
AAAAAAAAAAAAAAAAAAAAAAAAAAAAAAAAAAAAAAAAAAAAAAAAAAAAAAAAAAAAAAAAAAAAAAAAAAAA
AAAAAAAAAAAAAAAAAAAAAAAAAAAAAAAAAAAAAAAAAAAAAAAAAAAAAAAAAAAAAAAAAAAAAAAAAAAA
AAAAAAAAAAAAAAAAAAAAAAAAAAAAAAAAAAAAAAAAAAAAAAAAAAAAAAAAAAAAAAAAAAAAAAAAAAAA
AAAAAAAAAAAAAAAAAAAAAAAAAAAAAAAAAAAAAAAAAAAAAAAAAAAAAAAAAAAAAAAAAAAAAAAAAAAA
AAAAAAAAAAAAAAAAAAAAAAAAAAAAAAAAAAAAAAAAAAAAAAAAAAAAAAAAAAAAAAAAAAAAAAAAAAAA
AAAAAAAAAAAAAAAAAAAAAAAAAAAAAAAAAAAAAAAAAAAAAAAAAAAAAAAAAAAAAAAAAAAAAAAAAAAA
AAAAAAAAAAAAAAAAAAAAAAAAAAAAAAAAAAAAAAAAAAAAAAAAAAAAAAAAAAAAAAAAAAAAAAAAAAAA
AAAAAAAAAAAAAAAAAAAAAAAAAAAAAAAAAAAAAAAAAAAAAAAAAAAAAAAAAAAAAAAAAAAAAAAAAAAA
AAAAAAAAAAAAAAAAAAAAAAAAAAAAAAAAAAAAAAAAAAAAAAAAAAAAAAAAAAAAAAAAAAAAAAAAAAAA
AAAAAAAAAAAAAAAAAAAAAAAAAAAAAAAAAAAAAAAAAAAAAAAAAAAAAAAAAAAAAAAAAAAAAAAAAAAA
AAAAAAAAAAAAAAAAAAAAAAAAAAAAAAAAAAAAAAAAAAAAAAAAAAAAAAAAAAAAAAAAAAAAAAAAAAAA
AAAAAAAAAAAAAAAAAAAAAAAAAAAAAAAAAAAAAAAAAAAAAAAAAAAAAAAAAAAAAAAAAAAAAAAAAAAA
AAAAAAAAAAAAAAAAAAAAAAAAAAAAAAAAAAAAAAAAAAAAAAAAAAAAAAAAAAAAAAAAAAAAAAAAAAAA
AAAAAAAAAAAAAAAAAAAAAAAAAAAAAAAAAAAAAAAAAAAAAAAAAAAAAAAAAAAAAAAAAAAAAAAAAAAA
AAAAAAAAAAAAAAAAAAAAAAAAAAAAAAAAAAAAAAAAAAAAAAAAAAAAAAAAAAAAAAAAAAAAAAAAAAAA
AAAAAAAAAAAAAAAAAAAAAAAAAAAAAAAAAAAAAAAAAAAAAAAAAAAAAAAAAAAAAAAAAAAAAAAAAAAA
AAAAAAAAAAAAAAAAAAAAAAAAAAAAAAAAAAAAAAAAAAAAAAAAAAAAAAAAAAAAAAAAAAAAAAAAAAAA
AAAAAAAAAAAAAAAAAAAAAAAAAAAAAAAAAAAAAAAAAAAAAAAAAAAAAAAAAAAAAAAAAAAAAAAAAAAA
AAAAAAAAAAAAAAAAAAAAAAAAAAAAAAAAAAAAAAAAAAAAAAAAAAAAAAAAAAAAAAAAAAAAAAAAAAAA
AAAAAAAAAAAAAAAAAAAAAAAAAAAAAAAAAAAAAAAAAAAAAAAAAAAAAAAAAAAAAAAAAAAAAAAAAAAA
AAAAAAAAAAAAAAAAAAAAAAAAAAAAAAAAAAAAAAAAAAAAAAAAAAAAAAAAAAAAAAAAAAAAAAAAAAAA
AAAAAAAAAAAAAAAAAAAAAAAAAAAAAAAAAAAAAAAAAAAAAAAAAAAAAAAAAAAAAAAAAAAAAAAAAAAA
AAAAAAAAAAAAAAAAAAAAAAAAAAAAAAAAAAAAAAAAAAAAAAAAAAAAAAAAAAAAAAAAAAAAAAAAAAAA
AAAAAAAAAAAAAAAAAAAAAAAAAAAAAAAAAAAAAAAAAAAAAAAAAAAAAAAAAAAAAAAAAAAAAAAAAAAA
AAAAAAAAAAAAAAAAAAAAAAAAAAAAAAAAAAAAAAAAAAAAAAAAAAAAAAAAAAAAAAAAAAAAAAAAAAAA
AAAAAAAAAAAAAAAAAAAAAAAAAAAAAAAAAAAAAAAAAAAAAAAAAAAAAAAAAAAAAAAAAAAAAAAAAAAA
AAAAAAAAAAAAAAAAAAAAAAAAAAAAAAAAAAAAAAAAAAAAAAAAAAAAAAAAAAAAAAAAAAAAAAAAAAAA
AAAAAAAAAAAAAAAAAAAAAAAAAAAAAAAAAAAAAAAAAAAAAAAAAAAAAAAAAAAAAAAAAAAAAAAAAAAA
AAAAAAAAAAAAAAAAAAAAAAAAAAAAAAAAAAAAAAAAAAAAAAAAAAAAAAAAAAAAAAAAAAAAAAAAAAAA
AAAAAAAAAAAAAAAAAAAAAAAAAAAAAAAAAAAAAAAAAAAAAAAAAAAAAAAAAAAAAAAAAAAAAAAAAAAA
AAAAAAAAAAAAAAAAAAAAAAAAAAAAAAAAAAAAAAAAAAAAAAAAAAAAAAAAAAAAAAAAAAAAAAAAAAAA
AAAAAAAAAAAAAAAAAAAAAAAAAAAAAAAAAAAAAAAAAAAAAAAAAAAAAAAAAAAAAAAAAAAAAAAAAAAA
AAAAAAAAAAAAAAAAAAAAAAAAAAAAAAAAAAAAAAAAAAAAAAAAAAAAAAAAAAAAAAAAAAAAAAAAAAAA
AAAAAAAAAAAAAAAAAAAAAAAAAAAAAAAAAAAAAAAAAAAAAAAAAAAAAAAAAAAAAAAAAAAAAAAAAAAA
AAAAAAAAAAAAAAAAAAAAAAAAAAAAAAAAAAAAAAAAAAAAAAAAAAAAAAAAAAAAAAAAAAAAAAAAAAAA
AAAAAAAAAAAAAAAAAAAAAAAAAAAAAAAAAAAAAAAAAAAAAAAAAAAAAAAAAAAAAAAAAAAAAAAAAAAA
AAAAAAAAAAAAAAAAAAAAAAAAAAAAAAAAAAAAAAAAAAAAAAAAAAAAAAAAAAAAAAAAAAAAAAAAAAAA
AAAAAAAAAAAAAAAAAAAAAAAAAAAAAAAAAAAAAAAAAAAAAAAAAAAAAAAAAAAAAAAAAAAAAAAAAAAA
AAAAAAAAAAAAAAAAAAAAAAAAAAAAAAAAAAAAAAAAAAAAAAAAAAAAAAAAAAAAAAAAAAAAAAAAAAAA
AAAAAAAAAAAAAAAAAAAAAAAAAAAAAAAAAAAAAAAAAAAAAAAAAAAAAAAAAAAAAAAAAAAAAAAAAAAA
AAAAAAAAAAAAAAAAAAAAAAAAAAAAAAAAAAAAAAAAAAAAAAAAAAAAAAAAAAAAAAAAAAAAAAAAAAAA
AAAAAAAAAAAAAAAAAAAAAAAAAAAAAAAAAAAAAAAAAAAAAAAAAAAAAAAAAAAAAAAAAAAAAAAAAAAA
AAAAAAAAAAAAAAAAAAAAAAAAAAAAAAAAAAAAAAAAAAAAAAAAAAAAAAAAAAAAAAAAAAAAAAAAAAAA
AAAAAAAAAAAAAAAAAAAAAAAAAAAAAAAAAAAAAAAAAAAAAAAAAAAAAAAAAAAAAAAAAAAAAAAAAAAA
AAAAAAAAAAAAAAAAAAAAAAAAAAAAAAAAAAAAAAAAAAAAAAAAAAAAAAAAAAAAAAAAAAAAAAAAAAAA
AAAAAAAAAAAAAAAAAAAAAAAA
false
false
false
AAAAAAAAAAAAAAAAAAAAAAAAAAAAAAAAAAAAAAAAAAAAAAAAAAAAAAAAAAAAAAAAAAAAAAAAAAAA
AAAAAAAAAAAAAAAAAAAAAAAAAAAAAAAAAAAAAAAAAAAAAAAAAAAAAAAAAAAAAAAAAAAAAAAAAAAA
AAAAAAAAAAAAAAAAAAAAAAAAAAAAAAAAAAAAAAAAAAAAAAAAAAAAAAAAAAAAAAAAAAAAAAAAAAAA
AAAAAAAAAAAAAAAAAAAAAAAAAAAAAAAAAAAAAAAAAAAAAAAAAAAAAAAAAAAAAAAAAAAAAAAAAAAA
AAAAAAAAAAAAAAAAAAAAAAAAAAAAAAAAAAAAAAAAAAAAAAAAAAAAAAAAAAAAAAAAAAAAAAAAAAAA
AAAAAAAAAAAAAAAAAAAAAAAAAAAAAAAAAAAAAAAAAAAAAAAAAAAAAAAAAAAAAAAAAAAAAAAAAAAA
AAAAAAAAAAAAAAAAAAAAAAAAAAAAAAAAAAAAAAAAAAAAAAAAAAAAAAAAAAAAAAAAAAAAAAAAAAAA
AAAAAAAAAAAAAAAAAAAAAAAAAAAAAAAAAAAAAAAAAAAAAAAAAAAAAAAAAAAAAAAAAAAAAAAAAAAA
AAAAAAAAAAAAAAAAAAAAAAAAAAAAAAAAAAAAAAAAAAAAAAAAAAAAAAAAAAAAAAAAAAAAAAAAAAAA
AAAAAAAAAAAAAAAAAAAAAAAAAAAAAAAAAAAAAAAAAAAAAAAAAAAAAAAAAAAAAAAAAAAAAAAAAAAA
AAAAAAAAAAAAAAAAAAAAAAAAAAAAAAAAAAAAAAAAAAAAAAAAAAAAAAAAAAAAAAAAAAAAAAAAAAAA
AAAAAAAAAAAAAAAAAAAAAAAAAAAAAAAAAAAAAAAAAAAAAAAAAAAAAAAAAAAAAAAAAAAAAAAAAAAA
AAAAAAAAAAAAAAAAAAAAAAAAAAAAAAAAAAAAAAAAAAAAAAAAAAAAAAAAAAAAAAAAAAAAAAAAAAAA
AAAAAAAAAAAAAAAAAAAAAAAAAAAAAAAAAAAAAAAAAAAAAAAAAAAAAAAAAAAAAAAAAAAAAAAAAAAA
AAAAAAAAAAAAAAAAAAAAAAAAAAAAAAAAAAAAAAAAAAAAAAAAAAAAAAAAAAAAAAAAAAAAAAAAAAAA
AAAAAAAAAAAAAAAAAAAAAAAAAAAAAAAAAAAAAAAAAAAAAAAAAAAAAAAAAAAAAAAAAAAAAAAAAAAA
AAAAAAAAAAAAAAAAAAAAAAAAAAAAAAAAAAAAAAAAAAAAAAAAAAAAAAAAAAAAAAAAAAAAAAAAAAAA
AAAAAAAAAAAAAAAAAAAAAAAAAAAAAAAAAAAAAAAAAAAAAAAAAAAAAAAAAAAAAAAAAAAAAAAAAAAA
AAAAAAAAAAAAAAAAAAAAAAAAAAAAAAAAAAAAAAAAAAAAAAAAAAAAAAAAAAAAAAAAAAAAAAAAAAAA
AAAAAAAAAAAAAAAAAAAAAAAAAAAAAAAAAAAAAAAAAAAAAAAAAAAAAAAAAAAAAAAAAAAAAAAAAAAA
AAAAAAAAAAAAAAAAAAAAAAAAAAAAAAAAAAAAAAAAAAAAAAAAAAAAAAAAAAAAAAAAAAAAAAAAAAAA
AAAAAAAAAAAAAAAAAAAAAAAAAAAAAAAAAAAAAAAAAAAAAAAAAAAAAAAAAAAAAAAAAAAAAAAAAAAA
AAAAAAAAAAAAAAAAAAAAAAAAAAAAAAAAAAAAAAAAAAAAAAAAAAAAAAAAAAAAAAAAAAAAAAAAAAAA
AAAAAAAAAAAAAAAAAAAAAAAAAAAAAAAAAAAAAAAAAAAAAAAAAAAAAAAAAAAAAAAAAAAAAAAAAAAA
AAAAAAAAAAAAAAAAAAAAAAAAAAAAAAAAAAAAAAAAAAAAAAAAAAAAAAAAAAAAAAAAAAAAAAAAAAAA
AAAAAAAAAAAAAAAAAAAAAAAAAAAAAAAAAAAAAAAAAAAAAAAAAAAAAAAAAAAAAAAAAAAAAAAAAAAA
AAAAAAAAAAAAAAAAAAAAAAAAAAAAAAAAAAAAAAAAAAAAAAAAAAAAAAAAAAAAAAAAAAAAAAAAAAAA
AAAAAAAAAAAAAAAAAAAAAAAAAAAAAAAAAAAAAAAAAAAAAAAAAAAAAAAAAAAAAAAAAAAAAAAAAAAA
AAAAAAAAAAAAAAAAAAAAAAAAAAAAAAAAAAAAAAAAAAAAAAAAAAAAAAAAAAAAAAAAAAAAAAAAAAAA
AAAAAAAAAAAAAAAAAAAAAAAAAAAAAAAAAAAAAAAAAAAAAAAAAAAAAAAAAAAAAAAAAAAAAAAAAAAA
AAAAAAAAAAAAAAAAAAAAAAAAAAAAAAAAAAAAAAAAAAAAAAAAAAAAAAAAAAAAAAAAAAAAAAAAAAAA
AAAAAAAAAAAAAAAAAAAAAAAAAAAAAAAAAAAAAAAAAAAAAAAAAAAAAAAAAAAAAAAAAAAAAAAAAAAA
AAAAAAAAAAAAAAAAAAAAAAAAAAAAAAAAAAAAAAAAAAAAAAAAAAAAAAAAAAAAAAAAAAAAAAAAAAAA
AAAAAAAAAAAAAAAAAAAAAAAAAAAAAAAAAAAAAAAAAAAAAAAAAAAAAAAAAAAAAAAAAAAAAAAAAAAA
AAAAAAAAAAAAAAAAAAAAAAAAAAAAAAAAAAAAAAAAAAAAAAAAAAAAAAAAAAAAAAAAAAAAAAAAAAAA
AAAAAAAAAAAAAAAAAAAAAAAAAAAAAAAAAAAAAAAAAAAAAAAAAAAAAAAAAAAAAAAAAAAAAAAAAAAA
AAAAAAAAAAAAAAAAAAAAAAAAAAAAAAAAAAAAAAAAAAAAAAAAAAAAAAAAAAAAAAAAAAAAAAAAAAAA
AAAAAAAAAAAAAAAAAAAAAAAAAAAAAAAAAAAAAAAAAAAAAAAAAAAAAAAAAAAAAAAAAAAAAAAAAAAA
AAAAAAAAAAAAAAAAAAAAAAAAAAAAAAAAAAAAAAAAAAAAAAAAAAAAAAAAAAAAAAAAAAAAAAAAAAAA
AAAAAAAAAAAAAAAAAAAAAAAAAAAAAAAAAAAAAAAAAAAAAAAAAAAAAAAAAAAAAAAAAAAAAAAAAAAA
AAAAAAAAAAAAAAAAAAAAAAAAAAAAAAAAAAAAAAAAAAAAAAAAAAAAAAAAAAAAAAAAAAAAAAAAAAAA
AAAAAAAAAAAAAAAAAAAAAAAAAAAAAAAAAAAAAAAAAAAAAAAAAAAAAAAAAAAAAAAAAAAAAAAAAAAA
AAAAAAAAAAAAAAAAAAAAAAAAAAAAAAAAAAAAAAAAAAAAAAAAAAAAAAAAAAAAAAAAAAAAAAAAAAAA
AAAAAAAAAAAAAAAAAAAAAAAAAAAAAAAAAAAAAAAAAAAAAAAAAAAAAAAAAAAAAAAAAAAAAAAAAAAA
AAAAAAAAAAAAAAAAAAAAAAAAAAAAAAAAAAAAAAAAAAAAAAAAAAAAAAAAAAAAAAAAAAAAAAAAAAAA
AAAAAAAAAAAAAAAAAAAAAAAAAAAAAAAAAAAAAAAAAAAAAAAAAAAAAAAAAAAAAAAAAAAAAAAAAAAA
AAAAAAAAAAAAAAAAAAAAAAAAAAAAAAAAAAAAAAAAAAAAAAAAAAAAAAAAAAAAAAAAAAAAAAAAAAAA
AAAAAAAAAAAAAAAAAAAAAAAAAAAAAAAAAAAAAAAAAAAAAAAAAAAAAAAAAAAAAAAAAAAAAAAAAAAA
AAAAAAAAAAAAAAAAAAAAAAAAAAAAAAAAAAAAAAAAAAAAAAAAAAAAAAAAAAAAAAAAAAAAAAAAAAAA
AAAAAAAAAAAAAAAAAAAAAAAAAAAAAAAAAAAAAAAAAAAAAAAAAAAAAAAAAAAAAAAAAAAAAAAAAAAA
AAAAAAAAAAAAAAAAAAAAAAAAAAAAAAAAAAAAAAAAAAAAAAAAAAAAAAAAAAAAAAAAAAAAAAAAAAAA
AAAAAAAAAAAAAAAAAAAAAAAAAAAAAAAAAAAAAAAAAAAAAAAAAAAAAAAAAAAAAAAAAAAAAAAAAAAA
AAAAAAAAAAAAAAAAAAAAAAAAAAAAAAAAAAAAAAAAAAAAAAAAAAAAAAAAAAAAAAAAAAAAAAAAAAAA
AAAAAAAAAAAAAAAAAAAAAAAAAAAAAAAAAAAAAAAAAAAAAAAAAAAAAAAAAAAAAAAAAAAAAAAAAAAA
AAAAAAAAAAAAAAAAAAAAAAAAAAAAAAAAAAAAAAAAAAAAAAAAAAAAAAAAAAAAAAAAAAAAAAAAAAAA
AAAAAAAAAAAAAAAAAAAAAAAAAAAAAAAAAAAAAAAAAAAAAAAAAAAAAAAAAAAAAAAAAAAAAAAAAAAA
AAAAAAAAAAAAAAAAAAAAAAAAAAAAAAAAAAAAAAAAAAAAAAAAAAAAAAAAAAAAAAAAAAAAAAAAAAAA
AAAAAAAAAAAAAAAAAAAAAAAAAAAAAAAAAAAAAAAAAAAAAAAAAAAAAAAAAAAAAAAAAAAAAAAAAAAA
AAAAAAAAAAAAAAAAAAAAAAAAAAAAAAAAAAAAAAAAAAAAAAAAAAAAAAAAAAAAAAAAAAAAAAAAAAAA
AAAAAAAAAAAAAAAAAAAAAAAAAAAAAAAAAAAAAAAAAAAAAAAAAAAAAAAAAAAAAAAAAAAAAAAAAAAA
AAAAAAAAAAAAAAAAAAAAAAAAAAAAAAAAAAAAAAAAAAAAAAAAAAAAAAAAAAAAAAAAAAAAAAAAAAAA
AAAAAAAAAAAAAAAAAAAAAAAAAAAAAAAAAAAAAAAAAAAAAAAAAAAAAAAAAAAAAAAAAAAAAAAAAAAA
AAAAAAAAAAAAAAAAAAAAAAAAAAAAAAAAAAAAAAAAAAAAAAAAAAAAAAAAAAAAAAAAAAAAAAAAAAAA
AAAAAAAAAAAAAAAAAAAAAAAAAAAAAAAAAAAAAAAAAAAAAAAAAAAAAAAAAAAAAAAAAAAAAAAAAAAA
AAAAAAAAAAAAAAAAAAAAAAAAAAAAAAAAAAAAAAAAAAAAAAAAAAAAAAAAAAAAAAAAAAAAAAAAAAAA
AAAAAAAAAAAAAAAAAAAAAAAAAAAAAAAAAAAAAAAAAAAAAAAAAAAAAAAAAAAAAAAAAAAAAAAAAAAA
AAAAAAAAAAAAAAAAAAAAAAAAAAAAAAAAAAAAAAAAAAAAAAAAAAAAAAAAAAAAAAAAAAAAAAAAAAAA
AAAAAAAAAAAAAAAAAAAAAAAAAAAAAAAAAAAAAAAAAAAAAAAAAAAAAAAAAAAAAAAAAAAAAAAAAAAA
AAAAAAAAAAAAAAAAAAAAAAAAAAAAAAAAAAAAAAAAAAAAAAAAAAAAAAAAAAAAAAAAAAAAAAAAAAAA
AAAAAAAAAAAAAAAAAAAAAAAAAAAAAAAAAAAAAAAAAAAAAAAAAAAAAAAAAAAAAAAAAAAAAAAAAAAA
AAAAAAAAAAAAAAAAAAAAAAAAAAAAAAAAAAAAAAAAAAAAAAAAAAAAAAAAAAAAAAAAAAAAAAAAAAAA
AAAAAAAAAAAAAAAAAAAAAAAAAAAAAAAAAAAAAAAAAAAAAAAAAAAAAAAAAAAAAAAAAAAAAAAAAAAA
AAAAAAAAAAAAAAAAAAAAAAAAAAAAAAAAAAAAAAAAAAAAAAAAAAAAAAAAAAAAAAAAAAAAAAAAAAAA
AAAAAAAAAAAAAAAAAAAAAAAAAAAAAAAAAAAAAAAAAAAAAAAAAAAAAAAAAAAAAAAAAAAAAAAAAAAA
AAAAAAAAAAAAAAAAAAAAAAAAAAAAAAAAAAAAAAAAAAAAAAAAAAAAAAAAAAAAAAAAAAAAAAAAAAAA
AAAAAAAAAAAAAAAAAAAAAAAAAAAAAAAAAAAAAAAAAAAAAAAAAAAAAAAAAAAAAAAAAAAAAAAAAAAA
AAAAAAAAAAAAAAAAAAAAAAAAAAAAAAAAAAAAAAAAAAAAAAAAAAAAAAAAAAAAAAAAAAAAAAAAAAAA
AAAAAAAAAAAAAAAAAAAAAAAAAAAAAAAAAAAAAAAAAAAAAAAAAAAAAAAAAAAAAAAAAAAAAAAAAAAA
AAAAAAAAAAAAAAAAAAAAAAAAAAAAAAAAAAAAAAAAAAAAAAAAAAAAAAAAAAAAAAAAAAAAAAAAAAAA
AAAAAAAAAAAAAAAAAAAAAAAAAAAAAAAAAAAAAAAAAAAAAAAAAAAAAAAAAAAAAAAAAAAAAAAAAAAA
AAAAAAAAAAAAAAAAAAAAAAAAAAAAAAAAAAAAAAAAAAAAAAAAAAAAAAAAAAAAAAAAAAAAAAAAAAAA
AAAAAAAAAAAAAAAAAAAAAAAAAAAAAAAAAAAAAAAAAAAAAAAAAAAAAAAAAAAAAAAAAAAAAAAAAAAA
AAAAAAAAAAAAAAAAAAAAAAAAAAAAAAAAAAAAAAAAAAAAAAAAAAAAAAAAAAAAAAAAAAAAAAAAAAAA
AAAAAAAAAAAAAAAAAAAAAAAAAAAAAAAAAAAAAAAAAAAAAAAAAAAAAAAAAAAAAAAAAAAAAAAAAAAA
AAAAAAAAAAAAAAAAAAAAAAAAAAAAAAAAAAAAAAAAAAAAAAAAAAAAAAAAAAAAAAAAAAAAAAAAAAAA
AAAAAAAAAAAAAAAAAAAAAAAAAAAAAAAAAAAAAAAAAAAAAAAAAAAAAAAAAAAAAAAAAAAAAAAAAAAA
AAAAAAAAAAAAAAAAAAAAAAAAAAAAAAAAAAAAAAAAAAAAAAAAAAAAAAAAAAAAAAAAAAAAAAAAAAAA
AAAAAAAAAAAAAAAAAAAAAAAAAAAAAAAAAAAAAAAAAAAAAAAAAAAAAAAAAAAAAAAAAAAAAAAAAAAA
AAAAAAAAAAAAAAAAAAAAAAAAAAAAAAAAAAAAAAAAAAAAAAAAAAAAAAAAAAAAAAAAAAAAAAAAAAAA
AAAAAAAAAAAAAAAAAAAAAAAAAAAAAAAAAAAAAAAAAAAAAAAAAAAAAAAAAAAAAAAAAAAAAAAAAAAA
AAAAAAAAAAAAAAAAAAAAAAAAAAAAAAAAAAAAAAAAAAAAAAAAAAAAAAAAAAAAAAAAAAAAAAAAAAAA
AAAAAAAAAAAAAAAAAAAAAAAAAAAAAAAAAAAAAAAAAAAAAAAAAAAAAAAAAAAAAAAAAAAAAAAAAAAA
AAAAAAAAAAAAAAAAAAAAAAAAAAAAAAAAAAAAAAAAAAAAAAAAAAAAAAAAAAAAAAAAAAAAAAAAAAAA
AAAAAAAAAAAAAAAAAAAAAAAAAAAAAAAAAAAAAAAAAAAAAAAAAAAAAAAAAAAAAAAAAAAAAAAAAAAA
AAAAAAAAAAAAAAAAAAAAAAAAAAAAAAAAAAAAAAAAAAAAAAAAAAAAAAAAAAAAAAAAAAAAAAAAAAAA
AAAAAAAAAAAAAAAAAAAAAAAAAAAAAAAAAAAAAAAAAAAAAAAAAAAAAAAAAAAAAAAAAAAAAAAAAAAA
AAAAAAAAAAAAAAAAAAAAAAAAAAAAAAAAAAAAAAAAAAAAAAAAAAAAAAAAAAAAAAAAAAAAAAAAAAAA
AAAAAAAAAAAAAAAAAAAAAAAAAAAAAAAAAAAAAAAAAAAAAAAAAAAAAAAAAAAAAAAAAAAAAAAAAAAA
AAAAAAAAAAAAAAAAAAAAAAAAAAAAAAAAAAAAAAAAAAAAAAAAAAAAAAAAAAAAAAAAAAAAAAAAAAAA
AAAAAAAAAAAAAAAAAAAAAAAAAAAAAAAAAAAAAAAAAAAAAAAAAAAAAAAAAAAAAAAAAAAAAAAAAAAA
AAAAAAAAAAAAAAAAAAAAAAAAAAAAAAAAAAAAAAAAAAAAAAAAAAAAAAAAAAAAAAAAAAAAAAAAAAAA
AAAAAAAAAAAAAAAAAAAAAAAAAAAAAAAAAAAAAAAAAAAAAAAAAAAAAAAAAAAAAAAAAAAAAAAAAAAA
AAAAAAAAAAAAAAAAAAAAAAAAAAAAAAAAAAAAAAAAAAAAAAAAAAAAAAAAAAAAAAAAAAAAAAAAAAAA
AAAAAAAAAAAAAAAAAAAAAAAAAAAAAAAAAAAAAAAAAAAAAAAAAAAAAAAAAAAAAAAAAAAAAAAAAAAA
AAAAAAAAAAAAAAAAAAAAAAAAAAAAAAAAAAAAAAAAAAAAAAAAAAAAAAAAAAAAAAAAAAAAAAAAAAAA
AAAAAAAAAAAAAAAAAAAAAAAAAAAAAAAAAAAAAAAAAAAAAAAAAAAAAAAAAAAAAAAAAAAAAAAAAAAA
AAAAAAAAAAAAAAAAAAAAAAAAAAAAAAAAAAAAAAAAAAAAAAAAAAAAAAAAAAAAAAAAAAAAAAAAAAAA
AAAAAAAAAAAAAAAAAAAAAAAAAAAAAAAAAAAAAAAAAAAAAAAAAAAAAAAAAAAAAAAAAAAAAAAAAAAA
AAAAAAAAAAAAAAAAAAAAAAAAAAAAAAAAAAAAAAAAAAAAAAAAAAAAAAAAAAAAAAAAAAAAAAAAAAAA
AAAAAAAAAAAAAAAAAAAAAAAAAAAAAAAAAAAAAAAAAAAAAAAAAAAAAAAAAAAAAAAAAAAAAAAAAAAA
AAAAAAAAAAAAAAAAAAAAAAAAAAAAAAAAAAAAAAAAAAAAAAAAAAAAAAAAAAAAAAAAAAAAAAAAAAAA
AAAAAAAAAAAAAAAAAAAAAAAAAAAAAAAAAAAAAAAAAAAAAAAAAAAAAAAAAAAAAAAAAAAAAAAAAAAA
AAAAAAAAAAAAAAAAAAAAAAAAAAAAAAAAAAAAAAAAAAAAAAAAAAAAAAAAAAAAAAAAAAAAAAAAAAAA
AAAAAAAAAAAAAAAAAAAAAAAAAAAAAAAAAAAAAAAAAAAAAAAAAAAAAAAAAAAAAAAAAAAAAAAAAAAA
AAAAAAAAAAAAAAAAAAAAAAAAAAAAAAAAAAAAAAAAAAAAAAAAAAAAAAAAAAAAAAAAAAAAAAAAAAAA
AAAAAAAAAAAAAAAAAAAAAAAAAAAAAAAAAAAAAAAAAAAAAAAAAAAAAAAAAAAAAAAAAAAAAAAAAAAA
AAAAAAAAAAAAAAAAAAAAAAAAAAAAAAAAAAAAAAAAAAAAAAAAAAAAAAAAAAAAAAAAAAAAAAAAAAAA
AAAAAAAAAAAAAAAAAAAAAAAAAAAAAAAAAAAAAAAAAAAAAAAAAAAAAAAAAAAAAAAAAAAAAAAAAAAA
AAAAAAAAAAAAAAAAAAAAAAAAAAAAAAAAAAAAAAAAAAAAAAAAAAAAAAAAAAAAAAAAAAAAAAAAAAAA
AAAAAAAAAAAAAAAAAAAAAAAAAAAAAAAAAAAAAAAAAAAAAAAAAAAAAAAAAAAAAAAAAAAAAAAAAAAA
AAAAAAAAAAAAAAAAAAAAAAAAAAAAAAAAAAAAAAAAAAAAAAAAAAAAAAAAAAAAAAAAAAAAAAAAAAAA
AAAAAAAAAAAAAAAAAAAAAAAAAAAAAAAAAAAAAAAAAAAAAAAAAAAAAAAAAAAAAAAAAAAAAAAAAAAA
AAAAAAAAAAAAAAAAAAAAAAAAAAAAAAAAAAAAAAAAAAAAAAAAAAAAAAAAAAAAAAAAAAAAAAAAAAAA
AAAAAAAAAAAAAAAAAAAAAAAAAAAAAAAAAAAAAAAAAAAAAAAAAAAAAAAAAAAAAAAAAAAAAAAAAAAA
AAAAAAAAAAAAAAAAAAAAAAAAAAAAAAAAAAAAAAAAAAAAAAAAAAAAAAAAAAAAAAAAAAAAAAAAAAAA
AAAAAAAAAAAAAAAAAAAAAAAAAAAAAAAAAAAAAAAAAAAAAAAAAAAAAAAAAAAAAAAAAAAAAAAAAAAA
AAAAAAAAAAAAAAAAAAAAAAAAAAAAAAAAAAAAAAAAAAAAAAAAAAAAAAAAAAAAAAAAAAAAAAAAAAAA
AAAAAAAAAAAAAAAAAAAAAAAAAAAAAAAAAAAAAAAAAAAAAAAAAAAAAAAAAAAAAAAAAAAAAAAAAAAA
AAAAAAAAAAAAAAAAAAAAAAAAAAAAAAAAAAAAAAAAAAAAAAAAAAAAAAAAAAAAAAAAAAAAAAAAAAAA
AAAAAAAAAAAAAAAAAAAAAAAAAAAAAAAAAAAAAAAAAAAAAAAAAAAAAAAAAAAAAAAAAAAAAAAAAAAA
AAAAAAAAAAAAAAAAAAAAAAAAAAAAAAAAAAAAAAAAAAAAAAAAAAAAAAAAAAAAAAAAAAAAAAAAAAAA
AAAAAAAAAAAAAAAAAAAAAAAAAAAAAAAAAAAAAAAAAAAAAAAAAAAAAAAAAAAAAAAAAAAAAAAAAAAA
AAAAAAAAAAAAAAAAAAAAAAAAAAAAAAAAAAAAAAAAAAAAAAAAAAAAAAAAAAAAAAAAAAAAAAAAAAAA
AAAAAAAAAAAAAAAAAAAAAAAAAAAAAAAAAAAAAAAAAAAAAAAAAAAAAAAAAAAAAAAAAAAAAAAAAAAA
AAAAAAAAAAAAAAAAAAAAAAAAAAAAAAAAAAAAAAAAAAAAAAAAAAAAAAAAAAAAAAAAAAAAAAAAAAAA
AAAAAAAAAAAAAAAAAAAAAAAAAAAAAAAAAAAAAAAAAAAAAAAAAAAAAAAAAAAAAAAAAAAAAAAAAAAA
AAAAAAAAAAAAAAAAAAAAAAAAAAAAAAAAAAAAAAAAAAAAAAAAAAAAAAAAAAAAAAAAAAAAAAAAAAAA
AAAAAAAAAAAAAAAAAAAAAAAAAAAAAAAAAAAAAAAAAAAAAAAAAAAAAAAAAAAAAAAAAAAAAAAAAAAA
AAAAAAAAAAAAAAAAAAAAAAAAAAAAAAAAAAAAAAAAAAAAAAAAAAAAAAAAAAAAAAAAAAAAAAAAAAAA
AAAAAAAAAAAAAAAAAAAAAAAAAAAAAAAAAAAAAAAAAAAAAAAAAAAAAAAAAAAAAAAAAAAAAAAAAAAA
AAAAAAAAAAAAAAAAAAAAAAAAAAAAAAAAAAAAAAAAAAAAAAAAAAAAAAAAAAAAAAAAAAAAAAAAAAAA
AAAAAAAAAAAAAAAAAAAAAAAAAAAAAAAAAAAAAAAAAAAAAAAAAAAAAAAAAAAAAAAAAAAAAAAAAAAA
AAAAAAAAAAAAAAAAAAAAAAAAAAAAAAAAAAAAAAAAAAAAAAAAAAAAAAAAAAAAAAAAAAAAAAAAAAAA
AAAAAAAAAAAAAAAAAAAAAAAAAAAAAAAAAAAAAAAAAAAAAAAAAAAAAAAAAAAAAAAAAAAAAAAAAAAA
AAAAAAAAAAAAAAAAAAAAAAAAAAAAAAAAAAAAAAAAAAAAAAAAAAAAAAAAAAAAAAAAAAAAAAAAAAAA
AAAAAAAAAAAAAAAAAAAAAAAAAAAAAAAAAAAAAAAAAAAAAAAAAAAAAAAAAAAAAAAAAAAAAAAAAAAA
AAAAAAAAAAAAAAAAAAAAAAAAAAAAAAAAAAAAAAAAAAAAAAAAAAAAAAAAAAAAAAAAAAAAAAAAAAAA
AAAAAAAAAAAAAAAAAAAAAAAAAAAAAAAAAAAAAAAAAAAAAAAAAAAAAAAAAAAAAAAAAAAAAAAAAAAA
AAAAAAAAAAAAAAAAAAAAAAAAAAAAAAAAAAAAAAAAAAAAAAAAAAAAAAAAAAAAAAAAAAAAAAAAAAAA
AAAAAAAAAAAAAAAAAAAAAAAAAAAAAAAAAAAAAAAAAAAAAAAAAAAAAAAAAAAAAAAAAAAAAAAAAAAA
AAAAAAAAAAAAAAAAAAAAAAAAAAAAAAAAAAAAAAAAAAAAAAAAAAAAAAAAAAAAAAAAAAAAAAAAAAAA
AAAAAAAAAAAAAAAAAAAAAAAAAAAAAAAAAAAAAAAAAAAAAAAAAAAAAAAAAAAAAAAAAAAAAAAAAAAA
AAAAAAAAAAAAAAAAAAAAAAAAAAAAAAAAAAAAAAAAAAAAAAAAAAAAAAAAAAAAAAAAAAAAAAAAAAAA
AAAAAAAAAAAAAAAAAAAAAAAAAAAAAAAAAAAAAAAAAAAAAAAAAAAAAAAAAAAAAAAAAAAAAAAAAAAA
AAAAAAAAAAAAAAAAAAAAAAAAAAAAAAAAAAAAAAAAAAAAAAAAAAAAAAAAAAAAAAAAAAAAAAAAAAAA
AAAAAAAAAAAAAAAAAAAAAAAAAAAAAAAAAAAAAAAAAAAAAAAAAAAAAAAAAAAAAAAAAAAAAAAAAAAA
AAAAAAAAAAAAAAAAAAAAAAAAAAAAAAAAAAAAAAAAAAAAAAAAAAAAAAAAAAAAAAAAAAAAAAAAAAAA
AAAAAAAAAAAAAAAAAAAAAAAAAAAAAAAAAAAAAAAAAAAAAAAAAAAAAAAAAAAAAAAAAAAAAAAAAAAA
AAAAAAAAAAAAAAAAAAAAAAAAAAAAAAAAAAAAAAAAAAAAAAAAAAAAAAAAAAAAAAAAAAAAAAAAAAAA
AAAAAAAAAAAAAAAAAAAAAAAAAAAAAAAAAAAAAAAAAAAAAAAAAAAAAAAAAAAAAAAAAAAAAAAAAAAA
AAAAAAAAAAAAAAAAAAAAAAAAAAAAAAAAAAAAAAAAAAAAAAAAAAAAAAAAAAAAAAAAAAAAAAAAAAAA
AAAAAAAAAAAAAAAAAAAAAAAAAAAAAAAAAAAAAAAAAAAAAAAAAAAAAAAAAAAAAAAAAAAAAAAAAAAA
AAAAAAAAAAAAAAAAAAAAAAAAAAAAAAAAAAAAAAAAAAAAAAAAAAAAAAAAAAAAAAAAAAAAAAAAAAAA
AAAAAAAAAAAAAAAAAAAAAAAAAAAAAAAAAAAAAAAAAAAAAAAAAAAAAAAAAAAAAAAAAAAAAAAAAAAA
AAAAAAAAAAAAAAAAAAAAAAAAAAAAAAAAAAAAAAAAAAAAAAAAAAAAAAAAAAAAAAAAAAAAAAAAAAAA
AAAAAAAAAAAAAAAAAAAAAAAAAAAAAAAAAAAAAAAAAAAAAAAAAAAAAAAAAAAAAAAAAAAAAAAAAAAA
AAAAAAAAAAAAAAAAAAAAAAAAAAAAAAAAAAAAAAAAAAAAAAAAAAAAAAAAAAAAAAAAAAAAAAAAAAAA
AAAAAAAAAAAAAAAAAAAAAAAAAAAAAAAAAAAAAAAAAAAAAAAAAAAAAAAAAAAAAAAAAAAAAAAAAAAA
AAAAAAAAAAAAAAAAAAAAAAAAAAAAAAAAAAAAAAAAAAAAAAAAAAAAAAAAAAAAAAAAAAAAAAAAAAAA
AAAAAAAAAAAAAAAAAAAAAAAAAAAAAAAAAAAAAAAAAAAAAAAAAAAAAAAAAAAAAAAAAAAAAAAAAAAA
AAAAAAAAAAAAAAAAAAAAAAAAAAAAAAAAAAAAAAAAAAAAAAAAAAAAAAAAAAAAAAAAAAAAAAAAAAAA
AAAAAAAAAAAAAAAAAAAAAAAAAAAAAAAAAAAAAAAAAAAAAAAAAAAAAAAAAAAAAAAAAAAAAAAAAAAA
AAAAAAAAAAAAAAAAAAAAAAAAAAAAAAAAAAAAAAAAAAAAAAAAAAAAAAAAAAAAAAAAAAAAAAAAAAAA
AAAAAAAAAAAAAAAAAAAAAAAAAAAAAAAAAAAAAAAAAAAAAAAAAAAAAAAAAAAAAAAAAAAAAAAAAAAA
AAAAAAAAAAAAAAAAAAAAAAAAAAAAAAAAAAAAAAAAAAAAAAAAAAAAAAAAAAAAAAAAAAAAAAAAAAAA
AAAAAAAAAAAAAAAAAAAAAAAAAAAAAAAAAAAAAAAAAAAAAAAAAAAAAAAAAAAAAAAAAAAAAAAAAAAA
AAAAAAAAAAAAAAAAAAAAAAAAAAAAAAAAAAAAAAAAAAAAAAAAAAAAAAAAAAAAAAAAAAAAAAAAAAAA
AAAAAAAAAAAAAAAAAAAAAAAAAAAAAAAAAAAAAAAAAAAAAAAAAAAAAAAAAAAAAAAAAAAAAAAAAAAA
AAAAAAAAAAAAAAAAAAAAAAAAAAAAAAAAAAAAAAAAAAAAAAAAAAAAAAAAAAAAAAAAAAAAAAAAAAAA
AAAAAAAAAAAAAAAAAAAAAAAAAAAAAAAAAAAAAAAAAAAAAAAAAAAAAAAAAAAAAAAAAAAAAAAAAAAA
AAAAAAAAAAAAAAAAAAAAAAAAAAAAAAAAAAAAAAAAAAAAAAAAAAAAAAAAAAAAAAAAAAAAAAAAAAAA
AAAAAAAAAAAAAAAAAAAAAAAAAAAAAAAAAAAAAAAAAAAAAAAAAAAAAAAAAAAAAAAAAAAAAAAAAAAA
AAAAAAAAAAAAAAAAAAAAAAAAAAAAAAAAAAAAAAAAAAAAAAAAAAAAAAAAAAAAAAAAAAAAAAAAAAAA
AAAAAAAAAAAAAAAAAAAAAAAAAAAAAAAAAAAAAAAAAAAAAAAAAAAAAAAAAAAAAAAAAAAAAAAAAAAA
AAAAAAAAAAAAAAAAAAAAAAAAAAAAAAAAAAAAAAAAAAAAAAAAAAAAAAAAAAAAAAAAAAAAAAAAAAAA
AAAAAAAAAAAAAAAAAAAAAAAAAAAAAAAAAAAAAAAAAAAAAAAAAAAAAAAAAAAAAAAAAAAAAAAAAAAA
AAAAAAAAAAAAAAAAAAAAAAAAAAAAAAAAAAAAAAAAAAAAAAAAAAAAAAAAAAAAAAAAAAAAAAAAAAAA
AAAAAAAAAAAAAAAAAAAAAAAAAAAAAAAAAAAAAAAAAAAAAAAAAAAAAAAAAAAAAAAAAAAAAAAAAAAA
AAAAAAAAAAAAAAAAAAAAAAAAAAAAAAAAAAAAAAAAAAAAAAAAAAAAAAAAAAAAAAAAAAAAAAAAAAAA
AAAAAAAAAAAAAAAAAAAAAAAAAAAAAAAAAAAAAAAAAAAAAAAAAAAAAAAAAAAAAAAAAAAAAAAAAAAA
AAAAAAAAAAAAAAAAAAAAAAAAAAAAAAAAAAAAAAAAAAAAAAAAAAAAAAAAAAAAAAAAAAAAAAAAAAAA
AAAAAAAAAAAAAAAAAAAAAAAAAAAAAAAAAAAAAAAAAAAAAAAAAAAAAAAAAAAAAAAAAAAAAAAAAAAA
AAAAAAAAAAAAAAAAAAAAAAAAAAAAAAAAAAAAAAAAAAAAAAAAAAAAAAAAAAAAAAAAAAAAAAAAAAAA
AAAAAAAAAAAAAAAAAAAAAAAAAAAAAAAAAAAAAAAAAAAAAAAAAAAAAAAAAAAAAAAAAAAAAAAAAAAA
AAAAAAAAAAAAAAAAAAAAAAAAAAAAAAAAAAAAAAAAAAAAAAAAAAAAAAAAAAAAAAAAAAAAAAAAAAAA
AAAAAAAAAAAAAAAAAAAAAAAAAAAAAAAAAAAAAAAAAAAAAAAAAAAAAAAAAAAAAAAAAAAAAAAAAAAA
AAAAAAAAAAAAAAAAAAAAAAAAAAAAAAAAAAAAAAAAAAAAAAAAAAAAAAAAAAAAAAAAAAAAAAAAAAAA
AAAAAAAAAAAAAAAAAAAAAAAAAAAAAAAAAAAAAAAAAAAAAAAAAAAAAAAAAAAAAAAAAAAAAAAAAAAA
AAAAAAAAAAAAAAAAAAAAAAAAAAAAAAAAAAAAAAAAAAAAAAAAAAAAAAAAAAAAAAAAAAAAAAAAAAAA
AAAAAAAAAAAAAAAAAAAAAAAAAAAAAAAAAAAAAAAAAAAAAAAAAAAAAAAAAAAAAAAAAAAAAAAAAAAA
AAAAAAAAAAAAAAAAAAAAAAAAAAAAAAAAAAAAAAAAAAAAAAAAAAAAAAAAAAAAAAAAAAAAAAAAAAAA
AAAAAAAAAAAAAAAAAAAAAAAAAAAAAAAAAAAAAAAAAAAAAAAAAAAAAAAAAAAAAAAAAAAAAAAAAAAA
AAAAAAAAAAAAAAAAAAAAAAAAAAAAAAAAAAAAAAAAAAAAAAAAAAAAAAAAAAAAAAAAAAAAAAAAAAAA
AAAAAAAAAAAAAAAAAAAAAAAAAAAAAAAAAAAAAAAAAAAAAAAAAAAAAAAAAAAAAAAAAAAAAAAAAAAA
AAAAAAAAAAAAAAAAAAAAAAAAAAAAAAAAAAAAAAAAAAAAAAAAAAAAAAAAAAAAAAAAAAAAAAAAAAAA
AAAAAAAAAAAAAAAAAAAAAAAAAAAAAAAAAAAAAAAAAAAAAAAAAAAAAAAAAAAAAAAAAAAAAAAAAAAA
AAAAAAAAAAAAAAAAAAAAAAAAAAAAAAAAAAAAAAAAAAAAAAAAAAAAAAAAAAAAAAAAAAAAAAAAAAAA
AAAAAAAAAAAAAAAAAAAAAAAAAAAAAAAAAAAAAAAAAAAAAAAAAAAAAAAAAAAAAAAAAAAAAAAAAAAA
AAAAAAAAAAAAAAAAAAAAAAAAAAAAAAAAAAAAAAAAAAAAAAAAAAAAAAAAAAAAAAAAAAAAAAAAAAAA
AAAAAAAAAAAAAAAAAAAAAAAAAAAAAAAAAAAAAAAAAAAAAAAAAAAAAAAAAAAAAAAAAAAAAAAAAAAA
AAAAAAAAAAAAAAAAAAAAAAAAAAAAAAAAAAAAAAAAAAAAAAAAAAAAAAAAAAAAAAAAAAAAAAAAAAAA
AAAAAAAAAAAAAAAAAAAAAAAAAAAAAAAAAAAAAAAAAAAAAAAAAAAAAAAAAAAAAAAAAAAAAAAAAAAA
AAAAAAAAAAAAAAAAAAAAAAAAAAAAAAAAAAAAAAAAAAAAAAAAAAAAAAAAAAAAAAAAAAAAAAAAAAAA
AAAAAAAAAAAAAAAAAAAAAAAAAAAAAAAAAAAAAAAAAAAAAAAAAAAAAAAAAAAAAAAAAAAAAAAAAAAA
AAAAAAAAAAAAAAAAAAAAAAAAAAAAAAAAAAAAAAAAAAAAAAAAAAAAAAAAAAAAAAAAAAAAAAAAAAAA
AAAAAAAAAAAAAAAAAAAAAAAAAAAAAAAAAAAAAAAAAAAAAAAAAAAAAAAAAAAAAAAAAAAAAAAAAAAA
AAAAAAAAAAAAAAAAAAAAAAAAAAAAAAAAAAAAAAAAAAAAAAAAAAAAAAAAAAAAAAAAAAAAAAAAAAAA
AAAAAAAAAAAAAAAAAAAAAAAAAAAAAAAAAAAAAAAAAAAAAAAAAAAAAAAAAAAAAAAAAAAAAAAAAAAA
AAAAAAAAAAAAAAAAAAAAAAAAAAAAAAAAAAAAAAAAAAAAAAAAAAAAAAAAAAAAAAAAAAAAAAAAAAAA
AAAAAAAAAAAAAAAAAAAAAAAAAAAAAAAAAAAAAAAAAAAAAAAAAAAAAAAAAAAAAAAAAAAAAAAAAAAA
AAAAAAAAAAAAAAAAAAAAAAAAAAAAAAAAAAAAAAAAAAAAAAAAAAAAAAAAAAAAAAAAAAAAAAAAAAAA
AAAAAAAAAAAAAAAAAAAAAAAAAAAAAAAAAAAAAAAAAAAAAAAAAAAAAAAAAAAAAAAAAAAAAAAAAAAA
AAAAAAAAAAAAAAAAAAAAAAAAAAAAAAAAAAAAAAAAAAAAAAAAAAAAAAAAAAAAAAAAAAAAAAAAAAAA
AAAAAAAAAAAAAAAAAAAAAAAAAAAAAAAAAAAAAAAAAAAAAAAAAAAAAAAAAAAAAAAAAAAAAAAAAAAA
AAAAAAAAAAAAAAAAAAAAAAAAAAAAAAAAAAAAAAAAAAAAAAAAAAAAAAAAAAAAAAAAAAAAAAAAAAAA
AAAAAAAAAAAAAAAAAAAAAAAAAAAAAAAAAAAAAAAAAAAAAAAAAAAAAAAAAAAAAAAAAAAAAAAAAAAA
AAAAAAAAAAAAAAAAAAAAAAAAAAAAAAAAAAAAAAAAAAAAAAAAAAAAAAAAAAAAAAAAAAAAAAAAAAAA
AAAAAAAAAAAAAAAAAAAAAAAAAAAAAAAAAAAAAAAAAAAAAAAAAAAAAAAAAAAAAAAAAAAAAAAAAAAA
AAAAAAAAAAAAAAAAAAAAAAAAAAAAAAAAAAAAAAAAAAAAAAAAAAAAAAAAAAAAAAAAAAAAAAAAAAAA
AAAAAAAAAAAAAAAAAAAAAAAAAAAAAAAAAAAAAAAAAAAAAAAAAAAAAAAAAAAAAAAAAAAAAAAAAAAA
AAAAAAAAAAAAAAAAAAAAAAAAAAAAAAAAAAAAAAAAAAAAAAAAAAAAAAAAAAAAAAAAAAAAAAAAAAAA
AAAAAAAAAAAAAAAAAAAAAAAAAAAAAAAAAAAAAAAAAAAAAAAAAAAAAAAAAAAAAAAAAAAAAAAAAAAA
AAAAAAAAAAAAAAAAAAAAAAAAAAAAAAAAAAAAAAAAAAAAAAAAAAAAAAAAAAAAAAAAAAAAAAAAAAAA
AAAAAAAAAAAAAAAAAAAAAAAAAAAAAAAAAAAAAAAAAAAAAAAAAAAAAAAAAAAAAAAAAAAAAAAAAAAA
AAAAAAAAAAAAAAAAAAAAAAAAAAAAAAAAAAAAAAAAAAAAAAAAAAAAAAAAAAAAAAAAAAAAAAAAAAAA
AAAAAAAAAAAAAAAAAAAAAAAAAAAAAAAAAAAAAAAAAAAAAAAAAAAAAAAAAAAAAAAAAAAAAAAAAAAA
AAAAAAAAAAAAAAAAAAAAAAAAAAAAAAAAAAAAAAAAAAAAAAAAAAAAAAAAAAAAAAAAAAAAAAAAAAAA
AAAAAAAAAAAAAAAAAAAAAAAAAAAAAAAAAAAAAAAAAAAAAAAAAAAAAAAAAAAAAAAAAAAAAAAAAAAA
AAAAAAAAAAAAAAAAAAAAAAAAAAAAAAAAAAAAAAAAAAAAAAAAAAAAAAAAAAAAAAAAAAAAAAAAAAAA
AAAAAAAAAAAAAAAAAAAAAAAAAAAAAAAAAAAAAAAAAAAAAAAAAAAAAAAAAAAAAAAAAAAAAAAAAAAA
AAAAAAAAAAAAAAAAAAAAAAAAAAAAAAAAAAAAAAAAAAAAAAAAAAAAAAAAAAAAAAAAAAAAAAAAAAAA
AAAAAAAAAAAAAAAAAAAAAAAAAAAAAAAAAAAAAAAAAAAAAAAAAAAAAAAAAAAAAAAAAAAAAAAAAAAA
AAAAAAAAAAAAAAAAAAAAAAAAAAAAAAAAAAAAAAAAAAAAAAAAAAAAAAAAAAAAAAAAAAAAAAAAAAAA
AAAAAAAAAAAAAAAAAAAAAAAAAAAAAAAAAAAAAAAAAAAAAAAAAAAAAAAAAAAAAAAAAAAAAAAAAAAA
AAAAAAAAAAAAAAAAAAAAAAAAAAAAAAAAAAAAAAAAAAAAAAAAAAAAAAAAAAAAAAAAAAAAAAAAAAAA
AAAAAAAAAAAAAAAAAAAAAAAAAAAAAAAAAAAAAAAAAAAAAAAAAAAAAAAAAAAAAAAAAAAAAAAAAAAA
AAAAAAAAAAAAAAAAAAAAAAAAAAAAAAAAAAAAAAAAAAAAAAAAAAAAAAAAAAAAAAAAAAAAAAAAAAAA
AAAAAAAAAAAAAAAAAAAAAAAAAAAAAAAAAAAAAAAAAAAAAAAAAAAAAAAAAAAAAAAAAAAAAAAAAAAA
AAAAAAAAAAAAAAAAAAAAAAAAAAAAAAAAAAAAAAAAAAAAAAAAAAAAAAAAAAAAAAAAAAAAAAAAAAAA
AAAAAAAAAAAAAAAAAAAAAAAAAAAAAAAAAAAAAAAAAAAAAAAAAAAAAAAAAAAAAAAAAAAAAAAAAAAA
AAAAAAAAAAAAAAAAAAAAAAAAAAAAAAAAAAAAAAAAAAAAAAAAAAAAAAAAAAAAAAAAAAAAAAAAAAAA
AAAAAAAAAAAAAAAAAAAAAAAAAAAAAAAAAAAAAAAAAAAAAAAAAAAAAAAAAAAAAAAAAAAAAAAAAAAA
AAAAAAAAAAAAAAAAAAAAAAAAAAAAAAAAAAAAAAAAAAAAAAAAAAAAAAAAAAAAAAAAAAAAAAAAAAAA
AAAAAAAAAAAAAAAAAAAAAAAAAAAAAAAAAAAAAAAAAAAAAAAAAAAAAAAAAAAAAAAAAAAAAAAAAAAA
AAAAAAAAAAAAAAAAAAAAAAAAAAAAAAAAAAAAAAAAAAAAAAAAAAAAAAAAAAAAAAAAAAAAAAAAAAAA
AAAAAAAAAAAAAAAAAAAAAAAAAAAAAAAAAAAAAAAAAAAAAAAAAAAAAAAAAAAAAAAAAAAAAAAAAAAA
AAAAAAAAAAAAAAAAAAAAAAAAAAAAAAAAAAAAAAAAAAAAAAAAAAAAAAAAAAAAAAAAAAAAAAAAAAAA
AAAAAAAAAAAAAAAAAAAAAAAAAAAAAAAAAAAAAAAAAAAAAAAAAAAAAAAAAAAAAAAAAAAAAAAAAAAA
AAAAAAAAAAAAAAAAAAAAAAAAAAAAAAAAAAAAAAAAAAAAAAAAAAAAAAAAAAAAAAAAAAAAAAAAAAAA
AAAAAAAAAAAAAAAAAAAAAAAAAAAAAAAAAAAAAAAAAAAAAAAAAAAAAAAAAAAAAAAAAAAAAAAAAAAA
AAAAAAAAAAAAAAAAAAAAAAAAAAAAAAAAAAAAAAAAAAAAAAAAAAAAAAAAAAAAAAAAAAAAAAAAAAAA
AAAAAAAAAAAAAAAAAAAAAAAAAAAAAAAAAAAAAAAAAAAAAAAAAAAAAAAAAAAAAAAAAAAAAAAAAAAA
AAAAAAAAAAAAAAAAAAAAAAAAAAAAAAAAAAAAAAAAAAAAAAAAAAAAAAAAAAAAAAAAAAAAAAAAAAAA
AAAAAAAAAAAAAAAAAAAAAAAAAAAAAAAAAAAAAAAAAAAAAAAAAAAAAAAAAAAAAAAAAAAAAAAAAAAA
AAAAAAAAAAAAAAAAAAAAAAAAAAAAAAAAAAAAAAAAAAAAAAAAAAAAAAAAAAAAAAAAAAAAAAAAAAAA
AAAAAAAAAAAAAAAAAAAAAAAAAAAAAAAAAAAAAAAAAAAAAAAAAAAAAAAAAAAAAAAAAAAAAAAAAAAA
AAAAAAAAAAAAAAAAAAAAAAAAAAAAAAAAAAAAAAAAAAAAAAAAAAAAAAAAAAAAAAAAAAAAAAAAAAAA
AAAAAAAAAAAAAAAAAAAAAAAAAAAAAAAAAAAAAAAAAAAAAAAAAAAAAAAAAAAAAAAAAAAAAAAAAAAA
AAAAAAAAAAAAAAAAAAAAAAAAAAAAAAAAAAAAAAAAAAAAAAAAAAAAAAAAAAAAAAAAAAAAAAAAAAAA
AAAAAAAAAAAAAAAAAAAAAAAAAAAAAAAAAAAAAAAAAAAAAAAAAAAAAAAAAAAAAAAAAAAAAAAAAAAA
AAAAAAAAAAAAAAAAAAAAAAAAAAAAAAAAAAAAAAAAAAAAAAAAAAAAAAAAAAAAAAAAAAAAAAAAAAAA
AAAAAAAAAAAAAAAAAAAAAAAAAAAAAAAAAAAAAAAAAAAAAAAAAAAAAAAAAAAAAAAAAAAAAAAAAAAA
AAAAAAAAAAAAAAAAAAAAAAAAAAAAAAAAAAAAAAAAAAAAAAAAAAAAAAAAAAAAAAAAAAAAAAAAAAAA
AAAAAAAAAAAAAAAAAAAAAAAAAAAAAAAAAAAAAAAAAAAAAAAAAAAAAAAAAAAAAAAAAAAAAAAAAAAA
AAAAAAAAAAAAAAAAAAAAAAAAAAAAAAAAAAAAAAAAAAAAAAAAAAAAAAAAAAAAAAAAAAAAAAAAAAAA
AAAAAAAAAAAAAAAAAAAAAAAAAAAAAAAAAAAAAAAAAAAAAAAAAAAAAAAAAAAAAAAAAAAAAAAAAAAA
AAAAAAAAAAAAAAAAAAAAAAAAAAAAAAAAAAAAAAAAAAAAAAAAAAAAAAAAAAAAAAAAAAAAAAAAAAAA
AAAAAAAAAAAAAAAAAAAAAAAAAAAAAAAAAAAAAAAAAAAAAAAAAAAAAAAAAAAAAAAAAAAAAAAAAAAA
AAAAAAAAAAAAAAAAAAAAAAAAAAAAAAAAAAAAAAAAAAAAAAAAAAAAAAAAAAAAAAAAAAAAAAAAAAAA
AAAAAAAAAAAAAAAAAAAAAAAAAAAAAAAAAAAAAAAAAAAAAAAAAAAAAAAAAAAAAAAAAAAAAAAAAAAA
AAAAAAAAAAAAAAAAAAAAAAAAAAAAAAAAAAAAAAAAAAAAAAAAAAAAAAAAAAAAAAAAAAAAAAAAAAAA
AAAAAAAAAAAAAAAAAAAAAAAAAAAAAAAAAAAAAAAAAAAAAAAAAAAAAAAAAAAAAAAAAAAAAAAAAAAA
AAAAAAAAAAAAAAAAAAAAAAAAAAAAAAAAAAAAAAAAAAAAAAAAAAAAAAAAAAAAAAAAAAAAAAAAAAAA
AAAAAAAAAAAAAAAAAAAAAAAAAAAAAAAAAAAAAAAAAAAAAAAAAAAAAAAAAAAAAAAAAAAAAAAAAAAA
AAAAAAAAAAAAAAAAAAAAAAAAAAAAAAAAAAAAAAAAAAAAAAAAAAAAAAAAAAAAAAAAAAAAAAAAAAAA
AAAAAAAAAAAAAAAAAAAAAAAAAAAAAAAAAAAAAAAAAAAAAAAAAAAAAAAAAAAAAAAAAAAAAAAAAAAA
AAAAAAAAAAAAAAAAAAAAAAAAAAAAAAAAAAAAAAAAAAAAAAAAAAAAAAAAAAAAAAAAAAAAAAAAAAAA
AAAAAAAAAAAAAAAAAAAAAAAAAAAAAAAAAAAAAAAAAAAAAAAAAAAAAAAAAAAAAAAAAAAAAAAAAAAA
AAAAAAAAAAAAAAAAAAAAAAAAAAAAAAAAAAAAAAAAAAAAAAAAAAAAAAAAAAAAAAAAAAAAAAAAAAAA
AAAAAAAAAAAAAAAAAAAAAAAAAAAAAAAAAAAAAAAAAAAAAAAAAAAAAAAAAAAAAAAAAAAAAAAAAAAA
AAAAAAAAAAAAAAAAAAAAAAAAAAAAAAAAAAAAAAAAAAAAAAAAAAAAAAAAAAAAAAAAAAAAAAAAAAAA
AAAAAAAAAAAAAAAAAAAAAAAAAAAAAAAAAAAAAAAAAAAAAAAAAAAAAAAAAAAAAAAAAAAAAAAAAAAA
AAAAAAAAAAAAAAAAAAAAAAAAAAAAAAAAAAAAAAAAAAAAAAAAAAAAAAAAAAAAAAAAAAAAAAAAAAAA
AAAAAAAAAAAAAAAAAAAAAAAAAAAAAAAAAAAAAAAAAAAAAAAAAAAAAAAAAAAAAAAAAAAAAAAAAAAA
AAAAAAAAAAAAAAAAAAAAAAAAAAAAAAAAAAAAAAAAAAAAAAAAAAAAAAAAAAAAAAAAAAAAAAAAAAAA
AAAAAAAAAAAAAAAAAAAAAAAAAAAAAAAAAAAAAAAAAAAAAAAAAAAAAAAAAAAAAAAAAAAAAAAAAAAA
AAAAAAAAAAAAAAAAAAAAAAAAAAAAAAAAAAAAAAAAAAAAAAAAAAAAAAAAAAAAAAAAAAAAAAAAAAAA
AAAAAAAAAAAAAAAAAAAAAAAAAAAAAAAAAAAAAAAAAAAAAAAAAAAAAAAAAAAAAAAAAAAAAAAAAAAA
AAAAAAAAAAAAAAAAAAAAAAAAAAAAAAAAAAAAAAAAAAAAAAAAAAAAAAAAAAAAAAAAAAAAAAAAAAAA
AAAAAAAAAAAAAAAAAAAAAAAAAAAAAAAAAAAAAAAAAAAAAAAAAAAAAAAAAAAAAAAAAAAAAAAAAAAA
AAAAAAAAAAAAAAAAAAAAAAAAAAAAAAAAAAAAAAAAAAAAAAAAAAAAAAAAAAAAAAAAAAAAAAAAAAAA
AAAAAAAAAAAAAAAAAAAAAAAAAAAAAAAAAAAAAAAAAAAAAAAAAAAAAAAAAAAAAAAAAAAAAAAAAAAA
AAAAAAAAAAAAAAAAAAAAAAAAAAAAAAAAAAAAAAAAAAAAAAAAAAAAAAAAAAAAAAAAAAAAAAAAAAAA
AAAAAAAAAAAAAAAAAAAAAAAAAAAAAAAAAAAAAAAAAAAAAAAAAAAAAAAAAAAAAAAAAAAAAAAAAAAA
AAAAAAAAAAAAAAAAAAAAAAAAAAAAAAAAAAAAAAAAAAAAAAAAAAAAAAAAAAAAAAAAAAAAAAAAAAAA
AAAAAAAAAAAAAAAAAAAAAAAAAAAAAAAAAAAAAAAAAAAAAAAAAAAAAAAAAAAAAAAAAAAAAAAAAAAA
AAAAAAAAAAAAAAAAAAAAAAAAAAAAAAAAAAAAAAAAAAAAAAAAAAAAAAAAAAAAAAAAAAAAAAAAAAAA
AAAAAAAAAAAAAAAAAAAAAAAAAAAAAAAAAAAAAAAAAAAAAAAAAAAAAAAAAAAAAAAAAAAAAAAAAAAA
AAAAAAAAAAAAAAAAAAAAAAAAAAAAAAAAAAAAAAAAAAAAAAAAAAAAAAAAAAAAAAAAAAAAAAAAAAAA
AAAAAAAAAAAAAAAAAAAAAAAAAAAAAAAAAAAAAAAAAAAAAAAAAAAAAAAAAAAAAAAAAAAAAAAAAAAA
AAAAAAAAAAAAAAAAAAAAAAAAAAAAAAAAAAAAAAAAAAAAAAAAAAAAAAAAAAAAAAAAAAAAAAAAAAAA
AAAAAAAAAAAAAAAAAAAAAAAAAAAAAAAAAAAAAAAAAAAAAAAAAAAAAAAAAAAAAAAAAAAAAAAAAAAA
AAAAAAAAAAAAAAAAAAAAAAAAAAAAAAAAAAAAAAAAAAAAAAAAAAAAAAAAAAAAAAAAAAAAAAAAAAAA
AAAAAAAAAAAAAAAAAAAAAAAAAAAAAAAAAAAAAAAAAAAAAAAAAAAAAAAAAAAAAAAAAAAAAAAAAAAA
AAAAAAAAAAAAAAAAAAAAAAAAAAAAAAAAAAAAAAAAAAAAAAAAAAAAAAAAAAAAAAAAAAAAAAAAAAAA
AAAAAAAAAAAAAAAAAAAAAAAAAAAAAAAAAAAAAAAAAAAAAAAAAAAAAAAAAAAAAAAAAAAAAAAAAAAA
AAAAAAAAAAAAAAAAAAAAAAAAAAAAAAAAAAAAAAAAAAAAAAAAAAAAAAAAAAAAAAAAAAAAAAAAAAAA
AAAAAAAAAAAAAAAAAAAAAAAAAAAAAAAAAAAAAAAAAAAAAAAAAAAAAAAAAAAAAAAAAAAAAAAAAAAA
AAAAAAAAAAAAAAAAAAAAAAAAAAAAAAAAAAAAAAAAAAAAAAAAAAAAAAAAAAAAAAAAAAAAAAAAAAAA
AAAAAAAAAAAAAAAAAAAAAAAAAAAAAAAAAAAAAAAAAAAAAAAAAAAAAAAAAAAAAAAAAAAAAAAAAAAA
AAAAAAAAAAAAAAAAAAAAAAAAAAAAAAAAAAAAAAAAAAAAAAAAAAAAAAAAAAAAAAAAAAAAAAAAAAAA
AAAAAAAAAAAAAAAAAAAAAAAAAAAAAAAAAAAAAAAAAAAAAAAAAAAAAAAAAAAAAAAAAAAAAAAAAAAA
AAAAAAAAAAAAAAAAAAAAAAAAAAAAAAAAAAAAAAAAAAAAAAAAAAAAAAAAAAAAAAAAAAAAAAAAAAAA
AAAAAAAAAAAAAAAAAAAAAAAAAAAAAAAAAAAAAAAAAAAAAAAAAAAAAAAAAAAAAAAAAAAAAAAAAAAA
AAAAAAAAAAAAAAAAAAAAAAAAAAAAAAAAAAAAAAAAAAAAAAAAAAAAAAAAAAAAAAAAAAAAAAAAAAAA
AAAAAAAAAAAAAAAAAAAAAAAAAAAAAAAAAAAAAAAAAAAAAAAAAAAAAAAAAAAAAAAAAAAAAAAAAAAA
AAAAAAAAAAAAAAAAAAAAAAAAAAAAAAAAAAAAAAAAAAAAAAAAAAAAAAAAAAAAAAAAAAAAAAAAAAAA
AAAAAAAAAAAAAAAAAAAAAAAAAAAAAAAAAAAAAAAAAAAAAAAAAAAAAAAAAAAAAAAAAAAAAAAAAAAA
AAAAAAAAAAAAAAAAAAAAAAAAAAAAAAAAAAAAAAAAAAAAAAAAAAAAAAAAAAAAAAAAAAAAAAAAAAAA
AAAAAAAAAAAAAAAAAAAAAAAAAAAAAAAAAAAAAAAAAAAAAAAAAAAAAAAAAAAAAAAAAAAAAAAAAAAA
AAAAAAAAAAAAAAAAAAAAAAAAAAAAAAAAAAAAAAAAAAAAAAAAAAAAAAAAAAAAAAAAAAAAAAAAAAAA
AAAAAAAAAAAAAAAAAAAAAAAAAAAAAAAAAAAAAAAAAAAAAAAAAAAAAAAAAAAAAAAAAAAAAAAAAAAA
AAAAAAAAAAAAAAAAAAAAAAAAAAAAAAAAAAAAAAAAAAAAAAAAAAAAAAAAAAAAAAAAAAAAAAAAAAAA
AAAAAAAAAAAAAAAAAAAAAAAAAAAAAAAAAAAAAAAAAAAAAAAAAAAAAAAAAAAAAAAAAAAAAAAAAAAA
AAAAAAAAAAAAAAAAAAAAAAAAAAAAAAAAAAAAAAAAAAAAAAAAAAAAAAAAAAAAAAAAAAAAAAAAAAAA
AAAAAAAAAAAAAAAAAAAAAAAAAAAAAAAAAAAAAAAAAAAAAAAAAAAAAAAAAAAAAAAAAAAAAAAAAAAA
AAAAAAAAAAAAAAAAAAAAAAAAAAAAAAAAAAAAAAAAAAAAAAAAAAAAAAAAAAAAAAAAAAAAAAAAAAAA
AAAAAAAAAAAAAAAAAAAAAAAAAAAAAAAAAAAAAAAAAAAAAAAAAAAAAAAAAAAAAAAAAAAAAAAAAAAA
AAAAAAAAAAAAAAAAAAAAAAAAAAAAAAAAAAAAAAAAAAAAAAAAAAAAAAAAAAAAAAAAAAAAAAAAAAAA
AAAAAAAAAAAAAAAAAAAAAAAAAAAAAAAAAAAAAAAAAAAAAAAAAAAAAAAAAAAAAAAAAAAAAAAAAAAA
AAAAAAAAAAAAAAAAAAAAAAAAAAAAAAAAAAAAAAAAAAAAAAAAAAAAAAAAAAAAAAAAAAAAAAAAAAAA
AAAAAAAAAAAAAAAAAAAAAAAAAAAAAAAAAAAAAAAAAAAAAAAAAAAAAAAAAAAAAAAAAAAAAAAAAAAA
AAAAAAAAAAAAAAAAAAAAAAAAAAAAAAAAAAAAAAAAAAAAAAAAAAAAAAAAAAAAAAAAAAAAAAAAAAAA
AAAAAAAAAAAAAAAAAAAAAAAAAAAAAAAAAAAAAAAAAAAAAAAAAAAAAAAAAAAAAAAAAAAAAAAAAAAA
AAAAAAAAAAAAAAAAAAAAAAAAAAAAAAAAAAAAAAAAAAAAAAAAAAAAAAAAAAAAAAAAAAAAAAAAAAAA
AAAAAAAAAAAAAAAAAAAAAAAAAAAAAAAAAAAAAAAAAAAAAAAAAAAAAAAAAAAAAAAAAAAAAAAAAAAA
AAAAAAAAAAAAAAAAAAAAAAAAAAAAAAAAAAAAAAAAAAAAAAAAAAAAAAAAAAAAAAAAAAAAAAAAAAAA
AAAAAAAAAAAAAAAAAAAAAAAAAAAAAAAAAAAAAAAAAAAAAAAAAAAAAAAAAAAAAAAAAAAAAAAAAAAA
AAAAAAAAAAAAAAAAAAAAAAAAAAAAAAAAAAAAAAAAAAAAAAAAAAAAAAAAAAAAAAAAAAAAAAAAAAAA
AAAAAAAAAAAAAAAAAAAAAAAAAAAAAAAAAAAAAAAAAAAAAAAAAAAAAAAAAAAAAAAAAAAAAAAAAAAA
AAAAAAAAAAAAAAAAAAAAAAAAAAAAAAAAAAAAAAAAAAAAAAAAAAAAAAAAAAAAAAAAAAAAAAAAAAAA
AAAAAAAAAAAAAAAAAAAAAAAAAAAAAAAAAAAAAAAAAAAAAAAAAAAAAAAAAAAAAAAAAAAAAAAAAAAA
AAAAAAAAAAAAAAAAAAAAAAAAAAAAAAAAAAAAAAAAAAAAAAAAAAAAAAAAAAAAAAAAAAAAAAAAAAAA
AAAAAAAAAAAAAAAAAAAAAAAAAAAAAAAAAAAAAAAAAAAAAAAAAAAAAAAAAAAAAAAAAAAAAAAAAAAA
AAAAAAAAAAAAAAAAAAAAAAAAAAAAAAAAAAAAAAAAAAAAAAAAAAAAAAAAAAAAAAAAAAAAAAAAAAAA
AAAAAAAAAAAAAAAAAAAAAAAAAAAAAAAAAAAAAAAAAAAAAAAAAAAAAAAAAAAAAAAAAAAAAAAAAAAA
AAAAAAAAAAAAAAAAAAAAAAAAAAAAAAAAAAAAAAAAAAAAAAAAAAAAAAAAAAAAAAAAAAAAAAAAAAAA
AAAAAAAAAAAAAAAAAAAAAAAAAAAAAAAAAAAAAAAAAAAAAAAAAAAAAAAAAAAAAAAAAAAAAAAAAAAA
AAAAAAAAAAAAAAAAAAAAAAAAAAAAAAAAAAAAAAAAAAAAAAAAAAAAAAAAAAAAAAAAAAAAAAAAAAAA
AAAAAAAAAAAAAAAAAAAAAAAAAAAAAAAAAAAAAAAAAAAAAAAAAAAAAAAAAAAAAAAAAAAAAAAAAAAA
AAAAAAAAAAAAAAAAAAAAAAAAAAAAAAAAAAAAAAAAAAAAAAAAAAAAAAAAAAAAAAAAAAAAAAAAAAAA
AAAAAAAAAAAAAAAAAAAAAAAAAAAAAAAAAAAAAAAAAAAAAAAAAAAAAAAAAAAAAAAAAAAAAAAAAAAA
AAAAAAAAAAAAAAAAAAAAAAAAAAAAAAAAAAAAAAAAAAAAAAAAAAAAAAAAAAAAAAAAAAAAAAAAAAAA
AAAAAAAAAAAAAAAAAAAAAAAAAAAAAAAAAAAAAAAAAAAAAAAAAAAAAAAAAAAAAAAAAAAAAAAAAAAA
AAAAAAAAAAAAAAAAAAAAAAAAAAAAAAAAAAAAAAAAAAAAAAAAAAAAAAAAAAAAAAAAAAAAAAAAAAAA
AAAAAAAAAAAAAAAAAAAAAAAAAAAAAAAAAAAAAAAAAAAAAAAAAAAAAAAAAAAAAAAAAAAAAAAAAAAA
AAAAAAAAAAAAAAAAAAAAAAAAAAAAAAAAAAAAAAAAAAAAAAAAAAAAAAAAAAAAAAAAAAAAAAAAAAAA
AAAAAAAAAAAAAAAAAAAAAAAAAAAAAAAAAAAAAAAAAAAAAAAAAAAAAAAAAAAAAAAAAAAAAAAAAAAA
AAAAAAAAAAAAAAAAAAAAAAAAAAAAAAAAAAAAAAAAAAAAAAAAAAAAAAAAAAAAAAAAAAAAAAAAAAAA
AAAAAAAAAAAAAAAAAAAAAAAAAAAAAAAAAAAAAAAAAAAAAAAAAAAAAAAAAAAAAAAAAAAAAAAAAAAA
AAAAAAAAAAAAAAAAAAAAAAAAAAAAAAAAAAAAAAAAAAAAAAAAAAAAAAAAAAAAAAAAAAAAAAAAAAAA
AAAAAAAAAAAAAAAAAAAAAAAAAAAAAAAAAAAAAAAAAAAAAAAAAAAAAAAAAAAAAAAAAAAAAAAAAAAA
AAAAAAAAAAAAAAAAAAAAAAAAAAAAAAAAAAAAAAAAAAAAAAAAAAAAAAAAAAAAAAAAAAAAAAAAAAAA
AAAAAAAAAAAAAAAAAAAAAAAAAAAAAAAAAAAAAAAAAAAAAAAAAAAAAAAAAAAAAAAAAAAAAAAAAAAA
AAAAAAAAAAAAAAAAAAAAAAAAAAAAAAAAAAAAAAAAAAAAAAAAAAAAAAAAAAAAAAAAAAAAAAAAAAAA
AAAAAAAAAAAAAAAAAAAAAAAAAAAAAAAAAAAAAAAAAAAAAAAAAAAAAAAAAAAAAAAAAAAAAAAAAAAA
AAAAAAAAAAAAAAAAAAAAAAAAAAAAAAAAAAAAAAAAAAAAAAAAAAAAAAAAAAAAAAAAAAAAAAAAAAAA
AAAAAAAAAAAAAAAAAAAAAAAAAAAAAAAAAAAAAAAAAAAAAAAAAAAAAAAAAAAAAAAAAAAAAAAAAAAA
AAAAAAAAAAAAAAAAAAAAAAAAAAAAAAAAAAAAAAAAAAAAAAAAAAAAAAAAAAAAAAAAAAAAAAAAAAAA
AAAAAAAAAAAAAAAAAAAAAAAAAAAAAAAAAAAAAAAAAAAAAAAAAAAAAAAAAAAAAAAAAAAAAAAAAAAA
AAAAAAAAAAAAAAAAAAAAAAAAAAAAAAAAAAAAAAAAAAAAAAAAAAAAAAAAAAAAAAAAAAAAAAAAAAAA
AAAAAAAAAAAAAAAAAAAAAAAAAAAAAAAAAAAAAAAAAAAAAAAAAAAAAAAAAAAAAAAAAAAAAAAAAAAA
AAAAAAAAAAAAAAAAAAAAAAAAAAAAAAAAAAAAAAAAAAAAAAAAAAAAAAAAAAAAAAAAAAAAAAAAAAAA
AAAAAAAAAAAAAAAAAAAAAAAAAAAAAAAAAAAAAAAAAAAAAAAAAAAAAAAAAAAAAAAAAAAAAAAAAAAA
AAAAAAAAAAAAAAAAAAAAAAAAAAAAAAAAAAAAAAAAAAAAAAAAAAAAAAAAAAAAAAAAAAAAAAAAAAAA
AAAAAAAAAAAAAAAAAAAAAAAAAAAAAAAAAAAAAAAAAAAAAAAAAAAAAAAAAAAAAAAAAAAAAAAAAAAA
AAAAAAAAAAAAAAAAAAAAAAAAAAAAAAAAAAAAAAAAAAAAAAAAAAAAAAAAAAAAAAAAAAAAAAAAAAAA
AAAAAAAAAAAAAAAAAAAAAAAAAAAAAAAAAAAAAAAAAAAAAAAAAAAAAAAAAAAAAAAAAAAAAAAAAAAA
AAAAAAAAAAAAAAAAAAAAAAAAAAAAAAAAAAAAAAAAAAAAAAAAAAAAAAAAAAAAAAAAAAAAAAAAAAAA
AAAAAAAAAAAAAAAAAAAAAAAAAAAAAAAAAAAAAAAAAAAAAAAAAAAAAAAAAAAAAAAAAAAAAAAAAAAA
AAAAAAAAAAAAAAAAAAAAAAAAAAAAAAAAAAAAAAAAAAAAAAAAAAAAAAAAAAAAAAAAAAAAAAAAAAAA
AAAAAAAAAAAAAAAAAAAAAAAAAAAAAAAAAAAAAAAAAAAAAAAAAAAAAAAAAAAAAAAAAAAAAAAAAAAA
AAAAAAAAAAAAAAAAAAAAAAAAAAAAAAAAAAAAAAAAAAAAAAAAAAAAAAAAAAAAAAAAAAAAAAAAAAAA
AAAAAAAAAAAAAAAAAAAAAAAAAAAAAAAAAAAAAAAAAAAAAAAAAAAAAAAAAAAAAAAAAAAAAAAAAAAA
AAAAAAAAAAAAAAAAAAAAAAAAAAAAAAAAAAAAAAAAAAAAAAAAAAAAAAAAAAAAAAAAAAAAAAAAAAAA
AAAAAAAAAAAAAAAAAAAAAAAAAAAAAAAAAAAAAAAAAAAAAAAAAAAAAAAAAAAAAAAAAAAAAAAAAAAA
AAAAAAAAAAAAAAAAAAAAAAAAAAAAAAAAAAAAAAAAAAAAAAAAAAAAAAAAAAAAAAAAAAAAAAAAAAAA
AAAAAAAAAAAAAAAAAAAAAAAAAAAAAAAAAAAAAAAAAAAAAAAAAAAAAAAAAAAAAAAAAAAAAAAAAAAA
AAAAAAAAAAAAAAAAAAAAAAAAAAAAAAAAAAAAAAAAAAAAAAAAAAAAAAAAAAAAAAAAAAAAAAAAAAAA
AAAAAAAAAAAAAAAAAAAAAAAAAAAAAAAAAAAAAAAAAAAAAAAAAAAAAAAAAAAAAAAAAAAAAAAAAAAA
AAAAAAAAAAAAAAAAAAAAAAAAAAAAAAAAAAAAAAAAAAAAAAAAAAAAAAAAAAAAAAAAAAAAAAAAAAAA
AAAAAAAAAAAAAAAAAAAAAAAAAAAAAAAAAAAAAAAAAAAAAAAAAAAAAAAAAAAAAAAAAAAAAAAAAAAA
AAAAAAAAAAAAAAAAAAAAAAAAAAAAAAAAAAAAAAAAAAAAAAAAAAAAAAAAAAAAAAAAAAAAAAAAAAAA
AAAAAAAAAAAAAAAAAAAAAAAAAAAAAAAAAAAAAAAAAAAAAAAAAAAAAAAAAAAAAAAAAAAAAAAAAAAA
AAAAAAAAAAAAAAAAAAAAAAAAAAAAAAAAAAAAAAAAAAAAAAAAAAAAAAAAAAAAAAAAAAAAAAAAAAAA
AAAAAAAAAAAAAAAAAAAAAAAAAAAAAAAAAAAAAAAAAAAAAAAAAAAAAAAAAAAAAAAAAAAAAAAAAAAA
AAAAAAAAAAAAAAAAAAAAAAAAAAAAAAAAAAAAAAAAAAAAAAAAAAAAAAAAAAAAAAAAAAAAAAAAAAAA
AAAAAAAAAAAAAAAAAAAAAAAAAAAAAAAAAAAAAAAAAAAAAAAAAAAAAAAAAAAAAAAAAAAAAAAAAAAA
AAAAAAAAAAAAAAAAAAAAAAAAAAAAAAAAAAAAAAAAAAAAAAAAAAAAAAAAAAAAAAAAAAAAAAAAAAAA
AAAAAAAAAAAAAAAAAAAAAAAAAAAAAAAAAAAAAAAAAAAAAAAAAAAAAAAAAAAAAAAAAAAAAAAAAAAA
AAAAAAAAAAAAAAAAAAAAAAAAAAAAAAAAAAAAAAAAAAAAAAAAAAAAAAAAAAAAAAAAAAAAAAAAAAAA
AAAAAAAAAAAAAAAAAAAAAAAAAAAAAAAAAAAAAAAAAAAAAAAAAAAAAAAAAAAAAAAAAAAAAAAAAAAA
AAAAAAAAAAAAAAAAAAAAAAAAAAAAAAAAAAAAAAAAAAAAAAAAAAAAAAAAAAAAAAAAAAAAAAAAAAAA
AAAAAAAAAAAAAAAAAAAAAAAAAAAAAAAAAAAAAAAAAAAAAAAAAAAAAAAAAAAAAAAAAAAAAAAAAAAA
AAAAAAAAAAAAAAAAAAAAAAAAAAAAAAAAAAAAAAAAAAAAAAAAAAAAAAAAAAAAAAAAAAAAAAAAAAAA
AAAAAAAAAAAAAAAAAAAAAAAAAAAAAAAAAAAAAAAAAAAAAAAAAAAAAAAAAAAAAAAAAAAAAAAAAAAA
AAAAAAAAAAAAAAAAAAAAAAAAAAAAAAAAAAAAAAAAAAAAAAAAAAAAAAAAAAAAAAAAAAAAAAAAAAAA
AAAAAAAAAAAAAAAAAAAAAAAAAAAAAAAAAAAAAAAAAAAAAAAAAAAAAAAAAAAAAAAAAAAAAAAAAAAA
AAAAAAAAAAAAAAAAAAAAAAAAAAAAAAAAAAAAAAAAAAAAAAAAAAAAAAAAAAAAAAAAAAAAAAAAAAAA
AAAAAAAAAAAAAAAAAAAAAAAAAAAAAAAAAAAAAAAAAAAAAAAAAAAAAAAAAAAAAAAAAAAAAAAAAAAA
AAAAAAAAAAAAAAAAAAAAAAAAAAAAAAAAAAAAAAAAAAAAAAAAAAAAAAAAAAAAAAAAAAAAAAAAAAAA
AAAAAAAAAAAAAAAAAAAAAAAAAAAAAAAAAAAAAAAAAAAAAAAAAAAAAAAAAAAAAAAAAAAAAAAAAAAA
AAAAAAAAAAAAAAAAAAAAAAAAAAAAAAAAAAAAAAAAAAAAAAAAAAAAAAAAAAAAAAAAAAAAAAAAAAAA
AAAAAAAAAAAAAAAAAAAAAAAAAAAAAAAAAAAAAAAAAAAAAAAAAAAAAAAAAAAAAAAAAAAAAAAAAAAA
AAAAAAAAAAAAAAAAAAAAAAAAAAAAAAAAAAAAAAAAAAAAAAAAAAAAAAAAAAAAAAAAAAAAAAAAAAAA
AAAAAAAAAAAAAAAAAAAAAAAAAAAAAAAAAAAAAAAAAAAAAAAAAAAAAAAAAAAAAAAAAAAAAAAAAAAA
AAAAAAAAAAAAAAAAAAAAAAAAAAAAAAAAAAAAAAAAAAAAAAAAAAAAAAAAAAAAAAAAAAAAAAAAAAAA
AAAAAAAAAAAAAAAAAAAAAAAAAAAAAAAAAAAAAAAAAAAAAAAAAAAAAAAAAAAAAAAAAAAAAAAAAAAA
AAAAAAAAAAAAAAAAAAAAAAAAAAAAAAAAAAAAAAAAAAAAAAAAAAAAAAAAAAAAAAAAAAAAAAAAAAAA
AAAAAAAAAAAAAAAAAAAAAAAAAAAAAAAAAAAAAAAAAAAAAAAAAAAAAAAAAAAAAAAAAAAAAAAAAAAA
AAAAAAAAAAAAAAAAAAAAAAAAAAAAAAAAAAAAAAAAAAAAAAAAAAAAAAAAAAAAAAAAAAAAAAAAAAAA
AAAAAAAAAAAAAAAAAAAAAAAAAAAAAAAAAAAAAAAAAAAAAAAAAAAAAAAAAAAAAAAAAAAAAAAAAAAA
AAAAAAAAAAAAAAAAAAAAAAAAAAAAAAAAAAAAAAAAAAAAAAAAAAAAAAAAAAAAAAAAAAAAAAAAAAAA
AAAAAAAAAAAAAAAAAAAAAAAAAAAAAAAAAAAAAAAAAAAAAAAAAAAAAAAAAAAAAAAAAAAAAAAAAAAA
AAAAAAAAAAAAAAAAAAAAAAAAAAAAAAAAAAAAAAAAAAAAAAAAAAAAAAAAAAAAAAAAAAAAAAAAAAAA
AAAAAAAAAAAAAAAAAAAAAAAAAAAAAAAAAAAAAAAAAAAAAAAAAAAAAAAAAAAAAAAAAAAAAAAAAAAA
AAAAAAAAAAAAAAAAAAAAAAAAAAAAAAAAAAAAAAAAAAAAAAAAAAAAAAAAAAAAAAAAAAAAAAAAAAAA
AAAAAAAAAAAAAAAAAAAAAAAAAAAAAAAAAAAAAAAAAAAAAAAAAAAAAAAAAAAAAAAAAAAAAAAAAAAA
AAAAAAAAAAAAAAAAAAAAAAAAAAAAAAAAAAAAAAAAAAAAAAAAAAAAAAAAAAAAAAAAAAAAAAAAAAAA
AAAAAAAAAAAAAAAAAAAAAAAAAAAAAAAAAAAAAAAAAAAAAAAAAAAAAAAAAAAAAAAAAAAAAAAAAAAA
AAAAAAAAAAAAAAAAAAAAAAAAAAAAAAAAAAAAAAAAAAAAAAAAAAAAAAAAAAAAAAAAAAAAAAAAAAAA
AAAAAAAAAAAAAAAAAAAAAAAAAAAAAAAAAAAAAAAAAAAAAAAAAAAAAAAAAAAAAAAAAAAAAAAAAAAA
AAAAAAAAAAAAAAAAAAAAAAAAAAAAAAAAAAAAAAAAAAAAAAAAAAAAAAAAAAAAAAAAAAAAAAAAAAAA
AAAAAAAAAAAAAAAAAAAAAAAAAAAAAAAAAAAAAAAAAAAAAAAAAAAAAAAAAAAAAAAAAAAAAAAAAAAA
AAAAAAAAAAAAAAAAAAAAAAAAAAAAAAAAAAAAAAAAAAAAAAAAAAAAAAAAAAAAAAAAAAAAAAAAAAAA
AAAAAAAAAAAAAAAAAAAAAAAAAAAAAAAAAAAAAAAAAAAAAAAAAAAAAAAAAAAAAAAAAAAAAAAAAAAA
AAAAAAAAAAAAAAAAAAAAAAAAAAAAAAAAAAAAAAAAAAAAAAAAAAAAAAAAAAAAAAAAAAAAAAAAAAAA
AAAAAAAAAAAAAAAAAAAAAAAAAAAAAAAAAAAAAAAAAAAAAAAAAAAAAAAAAAAAAAAAAAAAAAAAAAAA
AAAAAAAAAAAAAAAAAAAAAAAAAAAAAAAAAAAAAAAAAAAAAAAAAAAAAAAAAAAAAAAAAAAAAAAAAAAA
AAAAAAAAAAAAAAAAAAAAAAAAAAAAAAAAAAAAAAAAAAAAAAAAAAAAAAAAAAAAAAAAAAAAAAAAAAAA
AAAAAAAAAAAAAAAAAAAAAAAAAAAAAAAAAAAAAAAAAAAAAAAAAAAAAAAAAAAAAAAAAAAAAAAAAAAA
AAAAAAAAAAAAAAAAAAAAAAAAAAAAAAAAAAAAAAAAAAAAAAAAAAAAAAAAAAAAAAAAAAAAAAAAAAAA
AAAAAAAAAAAAAAAAAAAAAAAAAAAAAAAAAAAAAAAAAAAAAAAAAAAAAAAAAAAAAAAAAAAAAAAAAAAA
AAAAAAAAAAAAAAAAAAAAAAAAAAAAAAAAAAAAAAAAAAAAAAAAAAAAAAAAAAAAAAAAAAAAAAAAAAAA
AAAAAAAAAAAAAAAAAAAAAAAAAAAAAAAAAAAAAAAAAAAAAAAAAAAAAAAAAAAAAAAAAAAAAAAAAAAA
AAAAAAAAAAAAAAAAAAAAAAAAAAAAAAAAAAAAAAAAAAAAAAAAAAAAAAAAAAAAAAAAAAAAAAAAAAAA
AAAAAAAAAAAAAAAAAAAAAAAAAAAAAAAAAAAAAAAAAAAAAAAAAAAAAAAAAAAAAAAAAAAAAAAAAAAA
AAAAAAAAAAAAAAAAAAAAAAAAAAAAAAAAAAAAAAAAAAAAAAAAAAAAAAAAAAAAAAAAAAAAAAAAAAAA
AAAAAAAAAAAAAAAAAAAAAAAAAAAAAAAAAAAAAAAAAAAAAAAAAAAAAAAAAAAAAAAAAAAAAAAAAAAA
AAAAAAAAAAAAAAAAAAAAAAAAAAAAAAAAAAAAAAAAAAAAAAAAAAAAAAAAAAAAAAAAAAAAAAAAAAAA
AAAAAAAAAAAAAAAAAAAAAAAAAAAAAAAAAAAAAAAAAAAAAAAAAAAAAAAAAAAAAAAAAAAAAAAAAAAA
AAAAAAAAAAAAAAAAAAAAAAAAAAAAAAAAAAAAAAAAAAAAAAAAAAAAAAAAAAAAAAAAAAAAAAAAAAAA
AAAAAAAAAAAAAAAAAAAAAAAAAAAAAAAAAAAAAAAAAAAAAAAAAAAAAAAAAAAAAAAAAAAAAAAAAAAA
AAAAAAAAAAAAAAAAAAAAAAAAAAAAAAAAAAAAAAAAAAAAAAAAAAAAAAAAAAAAAAAAAAAAAAAAAAAA
AAAAAAAAAAAAAAAAAAAAAAAAAAAAAAAAAAAAAAAAAAAAAAAAAAAAAAAAAAAAAAAAAAAAAAAAAAAA
AAAAAAAAAAAAAAAAAAAAAAAAAAAAAAAAAAAAAAAAAAAAAAAAAAAAAAAAAAAAAAAAAAAAAAAAAAAA
AAAAAAAAAAAAAAAAAAAAAAAAAAAAAAAAAAAAAAAAAAAAAAAAAAAAAAAAAAAAAAAAAAAAAAAAAAAA
AAAAAAAAAAAAAAAAAAAAAAAAAAAAAAAAAAAAAAAAAAAAAAAAAAAAAAAAAAAAAAAAAAAAAAAAAAAA
AAAAAAAAAAAAAAAAAAAAAAAAAAAAAAAAAAAAAAAAAAAAAAAAAAAAAAAAAAAAAAAAAAAAAAAAAAAA
AAAAAAAAAAAAAAAAAAAAAAAAAAAAAAAAAAAAAAAAAAAAAAAAAAAAAAAAAAAAAAAAAAAAAAAAAAAA
AAAAAAAAAAAAAAAAAAAAAAAAAAAAAAAAAAAAAAAAAAAAAAAAAAAAAAAAAAAAAAAAAAAAAAAAAAAA
AAAAAAAAAAAAAAAAAAAAAAAAAAAAAAAAAAAAAAAAAAAAAAAAAAAAAAAAAAAAAAAAAAAAAAAAAAAA
AAAAAAAAAAAAAAAAAAAAAAAAAAAAAAAAAAAAAAAAAAAAAAAAAAAAAAAAAAAAAAAAAAAAAAAAAAAA
AAAAAAAAAAAAAAAAAAAAAAAAAAAAAAAAAAAAAAAAAAAAAAAAAAAAAAAAAAAAAAAAAAAAAAAAAAAA
AAAAAAAAAAAAAAAAAAAAAAAAAAAAAAAAAAAAAAAAAAAAAAAAAAAAAAAAAAAAAAAAAAAAAAAAAAAA
AAAAAAAAAAAAAAAAAAAAAAAAAAAAAAAAAAAAAAAAAAAAAAAAAAAAAAAAAAAAAAAAAAAAAAAAAAAA
AAAAAAAAAAAAAAAAAAAAAAAAAAAAAAAAAAAAAAAAAAAAAAAAAAAAAAAAAAAAAAAAAAAAAAAAAAAA
AAAAAAAAAAAAAAAAAAAAAAAAAAAAAAAAAAAAAAAAAAAAAAAAAAAAAAAAAAAAAAAAAAAAAAAAAAAA
AAAAAAAAAAAAAAAAAAAAAAAAAAAAAAAAAAAAAAAAAAAAAAAAAAAAAAAAAAAAAAAAAAAAAAAAAAAA
AAAAAAAAAAAAAAAAAAAAAAAAAAAAAAAAAAAAAAAAAAAAAAAAAAAAAAAAAAAAAAAAAAAAAAAAAAAA
AAAAAAAAAAAAAAAAAAAAAAAAAAAAAAAAAAAAAAAAAAAAAAAAAAAAAAAAAAAAAAAAAAAAAAAAAAAA
AAAAAAAAAAAAAAAAAAAAAAAAAAAAAAAAAAAAAAAAAAAAAAAAAAAAAAAAAAAAAAAAAAAAAAAAAAAA
AAAAAAAAAAAAAAAAAAAAAAAAAAAAAAAAAAAAAAAAAAAAAAAAAAAAAAAAAAAAAAAAAAAAAAAAAAAA
AAAAAAAAAAAAAAAAAAAAAAAAAAAAAAAAAAAAAAAAAAAAAAAAAAAAAAAAAAAAAAAAAAAAAAAAAAAA
AAAAAAAAAAAAAAAAAAAAAAAAAAAAAAAAAAAAAAAAAAAAAAAAAAAAAAAAAAAAAAAAAAAAAAAAAAAA
AAAAAAAAAAAAAAAAAAAAAAAAAAAAAAAAAAAAAAAAAAAAAAAAAAAAAAAAAAAAAAAAAAAAAAAAAAAA
AAAAAAAAAAAAAAAAAAAAAAAAAAAAAAAAAAAAAAAAAAAAAAAAAAAAAAAAAAAAAAAAAAAAAAAAAAAA
AAAAAAAAAAAAAAAAAAAAAAAAAAAAAAAAAAAAAAAAAAAAAAAAAAAAAAAAAAAAAAAAAAAAAAAAAAAA
AAAAAAAAAAAAAAAAAAAAAAAAAAAAAAAAAAAAAAAAAAAAAAAAAAAAAAAAAAAAAAAAAAAAAAAAAAAA
AAAAAAAAAAAAAAAAAAAAAAAAAAAAAAAAAAAAAAAAAAAAAAAAAAAAAAAAAAAAAAAAAAAAAAAAAAAA
AAAAAAAAAAAAAAAAAAAAAAAAAAAAAAAAAAAAAAAAAAAAAAAAAAAAAAAAAAAAAAAAAAAAAAAAAAAA
AAAAAAAAAAAAAAAAAAAAAAAAAAAAAAAAAAAAAAAAAAAAAAAAAAAAAAAAAAAAAAAAAAAAAAAAAAAA
AAAAAAAAAAAAAAAAAAAAAAAAAAAAAAAAAAAAAAAAAAAAAAAAAAAAAAAAAAAAAAAAAAAAAAAAAAAA
AAAAAAAAAAAAAAAAAAAAAAAAAAAAAAAAAAAAAAAAAAAAAAAAAAAAAAAAAAAAAAAAAAAAAAAAAAAA
AAAAAAAAAAAAAAAAAAAAAAAAAAAAAAAAAAAAAAAAAAAAAAAAAAAAAAAAAAAAAAAAAAAAAAAAAAAA
AAAAAAAAAAAAAAAAAAAAAAAAAAAAAAAAAAAAAAAAAAAAAAAAAAAAAAAAAAAAAAAAAAAAAAAAAAAA
AAAAAAAAAAAAAAAAAAAAAAAAAAAAAAAAAAAAAAAAAAAAAAAAAAAAAAAAAAAAAAAAAAAAAAAAAAAA
AAAAAAAAAAAAAAAAAAAAAAAAAAAAAAAAAAAAAAAAAAAAAAAAAAAAAAAAAAAAAAAAAAAAAAAAAAAA
AAAAAAAAAAAAAAAAAAAAAAAAAAAAAAAAAAAAAAAAAAAAAAAAAAAAAAAAAAAAAAAAAAAAAAAAAAAA
AAAAAAAAAAAAAAAAAAAAAAAAAAAAAAAAAAAAAAAAAAAAAAAAAAAAAAAAAAAAAAAAAAAAAAAAAAAA
AAAAAAAAAAAAAAAAAAAAAAAAAAAAAAAAAAAAAAAAAAAAAAAAAAAAAAAAAAAAAAAAAAAAAAAAAAAA
AAAAAAAAAAAAAAAAAAAAAAAAAAAAAAAAAAAAAAAAAAAAAAAAAAAAAAAAAAAAAAAAAAAAAAAAAAAA
AAAAAAAAAAAAAAAAAAAAAAAAAAAAAAAAAAAAAAAAAAAAAAAAAAAAAAAAAAAAAAAAAAAAAAAAAAAA
AAAAAAAAAAAAAAAAAAAAAAAAAAAAAAAAAAAAAAAAAAAAAAAAAAAAAAAAAAAAAAAAAAAAAAAAAAAA
AAAAAAAAAAAAAAAAAAAAAAAAAAAAAAAAAAAAAAAAAAAAAAAAAAAAAAAAAAAAAAAAAAAAAAAAAAAA
AAAAAAAAAAAAAAAAAAAAAAAAAAAAAAAAAAAAAAAAAAAAAAAAAAAAAAAAAAAAAAAAAAAAAAAAAAAA
AAAAAAAAAAAAAAAAAAAAAAAAAAAAAAAAAAAAAAAAAAAAAAAAAAAAAAAAAAAAAAAAAAAAAAAAAAAA
AAAAAAAAAAAAAAAAAAAAAAAAAAAAAAAAAAAAAAAAAAAAAAAAAAAAAAAAAAAAAAAAAAAAAAAAAAAA
AAAAAAAAAAAAAAAAAAAAAAAAAAAAAAAAAAAAAAAAAAAAAAAAAAAAAAAAAAAAAAAAAAAAAAAAAAAA
AAAAAAAAAAAAAAAAAAAAAAAAAAAAAAAAAAAAAAAAAAAAAAAAAAAAAAAAAAAAAAAAAAAAAAAAAAAA
AAAAAAAAAAAAAAAAAAAAAAAAAAAAAAAAAAAAAAAAAAAAAAAAAAAAAAAAAAAAAAAAAAAAAAAAAAAA
AAAAAAAAAAAAAAAAAAAAAAAAAAAAAAAAAAAAAAAAAAAAAAAAAAAAAAAAAAAAAAAAAAAAAAAAAAAA
AAAAAAAAAAAAAAAAAAAAAAAAAAAAAAAAAAAAAAAAAAAAAAAAAAAAAAAAAAAAAAAAAAAAAAAAAAAA
AAAAAAAAAAAAAAAAAAAAAAAAAAAAAAAAAAAAAAAAAAAAAAAAAAAAAAAAAAAAAAAAAAAAAAAAAAAA
AAAAAAAAAAAAAAAAAAAAAAAAAAAAAAAAAAAAAAAAAAAAAAAAAAAAAAAAAAAAAAAAAAAAAAAAAAAA
AAAAAAAAAAAAAAAAAAAAAAAAAAAAAAAAAAAAAAAAAAAAAAAAAAAAAAAAAAAAAAAAAAAAAAAAAAAA
AAAAAAAAAAAAAAAAAAAAAAAAAAAAAAAAAAAAAAAAAAAAAAAAAAAAAAAAAAAAAAAAAAAAAAAAAAAA
AAAAAAAAAAAAAAAAAAAAAAAAAAAAAAAAAAAAAAAAAAAAAAAAAAAAAAAAAAAAAAAAAAAAAAAAAAAA
AAAAAAAAAAAAAAAAAAAAAAAAAAAAAAAAAAAAAAAAAAAAAAAAAAAAAAAAAAAAAAAAAAAAAAAAAAAA
AAAAAAAAAAAAAAAAAAAAAAAAAAAAAAAAAAAAAAAAAAAAAAAAAAAAAAAAAAAAAAAAAAAAAAAAAAAA
AAAAAAAAAAAAAAAAAAAAAAAAAAAAAAAAAAAAAAAAAAAAAAAAAAAAAAAAAAAAAAAAAAAAAAAAAAAA
AAAAAAAAAAAAAAAAAAAAAAAAAAAAAAAAAAAAAAAAAAAAAAAAAAAAAAAAAAAAAAAAAAAAAAAAAAAA
AAAAAAAAAAAAAAAAAAAAAAAAAAAAAAAAAAAAAAAAAAAAAAAAAAAAAAAAAAAAAAAAAAAAAAAAAAAA
AAAAAAAAAAAAAAAAAAAAAAAAAAAAAAAAAAAAAAAAAAAAAAAAAAAAAAAAAAAAAAAAAAAAAAAAAAAA
AAAAAAAAAAAAAAAAAAAAAAAAAAAAAAAAAAAAAAAAAAAAAAAAAAAAAAAAAAAAAAAAAAAAAAAAAAAA
AAAAAAAAAAAAAAAAAAAAAAAAAAAAAAAAAAAAAAAAAAAAAAAAAAAAAAAAAAAAAAAAAAAAAAAAAAAA
AAAAAAAAAAAAAAAAAAAAAAAA
false
false
false
AAAAAAAAAAAAAAAAAAAAAAAAAAAAAAAAAAAAAAAAAAAAAAAAAAAAAAAAAAAAAAAAAAAAAAAAAAAA
AAAAAAAAAAAAAAAAAAAAAAAAAAAAAAAAAAAAAAAAAAAAAAAAAAAAAAAAAAAAAAAAAAAAAAAAAAAA
AAAAAAAAAAAAAAAAAAAAAAAAAAAAAAAAAAAAAAAAAAAAAAAAAAAAAAAAAAAAAAAAAAAAAAAAAAAA
AAAAAAAAAAAAAAAAAAAAAAAAAAAAAAAAAAAAAAAAAAAAAAAAAAAAAAAAAAAAAAAAAAAAAAAAAAAA
AAAAAAAAAAAAAAAAAAAAAAAAAAAAAAAAAAAAAAAAAAAAAAAAAAAAAAAAAAAAAAAAAAAAAAAAAAAA
AAAAAAAAAAAAAAAAAAAAAAAAAAAAAAAAAAAAAAAAAAAAAAAAAAAAAAAAAAAAAAAAAAAAAAAAAAAA
AAAAAAAAAAAAAAAAAAAAAAAAAAAAAAAAAAAAAAAAAAAAAAAAAAAAAAAAAAAAAAAAAAAAAAAAAAAA
AAAAAAAAAAAAAAAAAAAAAAAAAAAAAAAAAAAAAAAAAAAAAAAAAAAAAAAAAAAAAAAAAAAAAAAAAAAA
AAAAAAAAAAAAAAAAAAAAAAAAAAAAAAAAAAAAAAAAAAAAAAAAAAAAAAAAAAAAAAAAAAAAAAAAAAAA
AAAAAAAAAAAAAAAAAAAAAAAAAAAAAAAAAAAAAAAAAAAAAAAAAAAAAAAAAAAAAAAAAAAAAAAAAAAA
AAAAAAAAAAAAAAAAAAAAAAAAAAAAAAAAAAAAAAAAAAAAAAAAAAAAAAAAAAAAAAAAAAAAAAAAAAAA
AAAAAAAAAAAAAAAAAAAAAAAAAAAAAAAAAAAAAAAAAAAAAAAAAAAAAAAAAAAAAAAAAAAAAAAAAAAA
AAAAAAAAAAAAAAAAAAAAAAAAAAAAAAAAAAAAAAAAAAAAAAAAAAAAAAAAAAAAAAAAAAAAAAAAAAAA
AAAAAAAAAAAAAAAAAAAAAAAAAAAAAAAAAAAAAAAAAAAAAAAAAAAAAAAAAAAAAAAAAAAAAAAAAAAA
AAAAAAAAAAAAAAAAAAAAAAAAAAAAAAAAAAAAAAAAAAAAAAAAAAAAAAAAAAAAAAAAAAAAAAAAAAAA
AAAAAAAAAAAAAAAAAAAAAAAAAAAAAAAAAAAAAAAAAAAAAAAAAAAAAAAAAAAAAAAAAAAAAAAAAAAA
AAAAAAAAAAAAAAAAAAAAAAAAAAAAAAAAAAAAAAAAAAAAAAAAAAAAAAAAAAAAAAAAAAAAAAAAAAAA
AAAAAAAAAAAAAAAAAAAAAAAAAAAAAAAAAAAAAAAAAAAAAAAAAAAAAAAAAAAAAAAAAAAAAAAAAAAA
AAAAAAAAAAAAAAAAAAAAAAAAAAAAAAAAAAAAAAAAAAAAAAAAAAAAAAAAAAAAAAAAAAAAAAAAAAAA
AAAAAAAAAAAAAAAAAAAAAAAAAAAAAAAAAAAAAAAAAAAAAAAAAAAAAAAAAAAAAAAAAAAAAAAAAAAA
AAAAAAAAAAAAAAAAAAAAAAAAAAAAAAAAAAAAAAAAAAAAAAAAAAAAAAAAAAAAAAAAAAAAAAAAAAAA
AAAAAAAAAAAAAAAAAAAAAAAAAAAAAAAAAAAAAAAAAAAAAAAAAAAAAAAAAAAAAAAAAAAAAAAAAAAA
AAAAAAAAAAAAAAAAAAAAAAAAAAAAAAAAAAAAAAAAAAAAAAAAAAAAAAAAAAAAAAAAAAAAAAAAAAAA
AAAAAAAAAAAAAAAAAAAAAAAAAAAAAAAAAAAAAAAAAAAAAAAAAAAAAAAAAAAAAAAAAAAAAAAAAAAA
AAAAAAAAAAAAAAAAAAAAAAAAAAAAAAAAAAAAAAAAAAAAAAAAAAAAAAAAAAAAAAAAAAAAAAAAAAAA
AAAAAAAAAAAAAAAAAAAAAAAAAAAAAAAAAAAAAAAAAAAAAAAAAAAAAAAAAAAAAAAAAAAAAAAAAAAA
AAAAAAAAAAAAAAAAAAAAAAAAAAAAAAAAAAAAAAAAAAAAAAAAAAAAAAAAAAAAAAAAAAAAAAAAAAAA
AAAAAAAAAAAAAAAAAAAAAAAAAAAAAAAAAAAAAAAAAAAAAAAAAAAAAAAAAAAAAAAAAAAAAAAAAAAA
AAAAAAAAAAAAAAAAAAAAAAAAAAAAAAAAAAAAAAAAAAAAAAAAAAAAAAAAAAAAAAAAAAAAAAAAAAAA
AAAAAAAAAAAAAAAAAAAAAAAAAAAAAAAAAAAAAAAAAAAAAAAAAAAAAAAAAAAAAAAAAAAAAAAAAAAA
AAAAAAAAAAAAAAAAAAAAAAAAAAAAAAAAAAAAAAAAAAAAAAAAAAAAAAAAAAAAAAAAAAAAAAAAAAAA
AAAAAAAAAAAAAAAAAAAAAAAAAAAAAAAAAAAAAAAAAAAAAAAAAAAAAAAAAAAAAAAAAAAAAAAAAAAA
AAAAAAAAAAAAAAAAAAAAAAAAAAAAAAAAAAAAAAAAAAAAAAAAAAAAAAAAAAAAAAAAAAAAAAAAAAAA
AAAAAAAAAAAAAAAAAAAAAAAAAAAAAAAAAAAAAAAAAAAAAAAAAAAAAAAAAAAAAAAAAAAAAAAAAAAA
AAAAAAAAAAAAAAAAAAAAAAAAAAAAAAAAAAAAAAAAAAAAAAAAAAAAAAAAAAAAAAAAAAAAAAAAAAAA
AAAAAAAAAAAAAAAAAAAAAAAAAAAAAAAAAAAAAAAAAAAAAAAAAAAAAAAAAAAAAAAAAAAAAAAAAAAA
AAAAAAAAAAAAAAAAAAAAAAAAAAAAAAAAAAAAAAAAAAAAAAAAAAAAAAAAAAAAAAAAAAAAAAAAAAAA
AAAAAAAAAAAAAAAAAAAAAAAAAAAAAAAAAAAAAAAAAAAAAAAAAAAAAAAAAAAAAAAAAAAAAAAAAAAA
AAAAAAAAAAAAAAAAAAAAAAAAAAAAAAAAAAAAAAAAAAAAAAAAAAAAAAAAAAAAAAAAAAAAAAAAAAAA
AAAAAAAAAAAAAAAAAAAAAAAAAAAAAAAAAAAAAAAAAAAAAAAAAAAAAAAAAAAAAAAAAAAAAAAAAAAA
AAAAAAAAAAAAAAAAAAAAAAAAAAAAAAAAAAAAAAAAAAAAAAAAAAAAAAAAAAAAAAAAAAAAAAAAAAAA
AAAAAAAAAAAAAAAAAAAAAAAAAAAAAAAAAAAAAAAAAAAAAAAAAAAAAAAAAAAAAAAAAAAAAAAAAAAA
AAAAAAAAAAAAAAAAAAAAAAAAAAAAAAAAAAAAAAAAAAAAAAAAAAAAAAAAAAAAAAAAAAAAAAAAAAAA
AAAAAAAAAAAAAAAAAAAAAAAAAAAAAAAAAAAAAAAAAAAAAAAAAAAAAAAAAAAAAAAAAAAAAAAAAAAA
AAAAAAAAAAAAAAAAAAAAAAAAAAAAAAAAAAAAAAAAAAAAAAAAAAAAAAAAAAAAAAAAAAAAAAAAAAAA
AAAAAAAAAAAAAAAAAAAAAAAAAAAAAAAAAAAAAAAAAAAAAAAAAAAAAAAAAAAAAAAAAAAAAAAAAAAA
AAAAAAAAAAAAAAAAAAAAAAAAAAAAAAAAAAAAAAAAAAAAAAAAAAAAAAAAAAAAAAAAAAAAAAAAAAAA
AAAAAAAAAAAAAAAAAAAAAAAAAAAAAAAAAAAAAAAAAAAAAAAAAAAAAAAAAAAAAAAAAAAAAAAAAAAA
AAAAAAAAAAAAAAAAAAAAAAAAAAAAAAAAAAAAAAAAAAAAAAAAAAAAAAAAAAAAAAAAAAAAAAAAAAAA
AAAAAAAAAAAAAAAAAAAAAAAAAAAAAAAAAAAAAAAAAAAAAAAAAAAAAAAAAAAAAAAAAAAAAAAAAAAA
AAAAAAAAAAAAAAAAAAAAAAAAAAAAAAAAAAAAAAAAAAAAAAAAAAAAAAAAAAAAAAAAAAAAAAAAAAAA
AAAAAAAAAAAAAAAAAAAAAAAAAAAAAAAAAAAAAAAAAAAAAAAAAAAAAAAAAAAAAAAAAAAAAAAAAAAA
AAAAAAAAAAAAAAAAAAAAAAAAAAAAAAAAAAAAAAAAAAAAAAAAAAAAAAAAAAAAAAAAAAAAAAAAAAAA
AAAAAAAAAAAAAAAAAAAAAAAAAAAAAAAAAAAAAAAAAAAAAAAAAAAAAAAAAAAAAAAAAAAAAAAAAAAA
AAAAAAAAAAAAAAAAAAAAAAAAAAAAAAAAAAAAAAAAAAAAAAAAAAAAAAAAAAAAAAAAAAAAAAAAAAAA
AAAAAAAAAAAAAAAAAAAAAAAAAAAAAAAAAAAAAAAAAAAAAAAAAAAAAAAAAAAAAAAAAAAAAAAAAAAA
AAAAAAAAAAAAAAAAAAAAAAAAAAAAAAAAAAAAAAAAAAAAAAAAAAAAAAAAAAAAAAAAAAAAAAAAAAAA
AAAAAAAAAAAAAAAAAAAAAAAAAAAAAAAAAAAAAAAAAAAAAAAAAAAAAAAAAAAAAAAAAAAAAAAAAAAA
AAAAAAAAAAAAAAAAAAAAAAAAAAAAAAAAAAAAAAAAAAAAAAAAAAAAAAAAAAAAAAAAAAAAAAAAAAAA
AAAAAAAAAAAAAAAAAAAAAAAAAAAAAAAAAAAAAAAAAAAAAAAAAAAAAAAAAAAAAAAAAAAAAAAAAAAA
AAAAAAAAAAAAAAAAAAAAAAAAAAAAAAAAAAAAAAAAAAAAAAAAAAAAAAAAAAAAAAAAAAAAAAAAAAAA
AAAAAAAAAAAAAAAAAAAAAAAAAAAAAAAAAAAAAAAAAAAAAAAAAAAAAAAAAAAAAAAAAAAAAAAAAAAA
AAAAAAAAAAAAAAAAAAAAAAAAAAAAAAAAAAAAAAAAAAAAAAAAAAAAAAAAAAAAAAAAAAAAAAAAAAAA
AAAAAAAAAAAAAAAAAAAAAAAAAAAAAAAAAAAAAAAAAAAAAAAAAAAAAAAAAAAAAAAAAAAAAAAAAAAA
AAAAAAAAAAAAAAAAAAAAAAAAAAAAAAAAAAAAAAAAAAAAAAAAAAAAAAAAAAAAAAAAAAAAAAAAAAAA
AAAAAAAAAAAAAAAAAAAAAAAAAAAAAAAAAAAAAAAAAAAAAAAAAAAAAAAAAAAAAAAAAAAAAAAAAAAA
AAAAAAAAAAAAAAAAAAAAAAAAAAAAAAAAAAAAAAAAAAAAAAAAAAAAAAAAAAAAAAAAAAAAAAAAAAAA
AAAAAAAAAAAAAAAAAAAAAAAAAAAAAAAAAAAAAAAAAAAAAAAAAAAAAAAAAAAAAAAAAAAAAAAAAAAA
AAAAAAAAAAAAAAAAAAAAAAAAAAAAAAAAAAAAAAAAAAAAAAAAAAAAAAAAAAAAAAAAAAAAAAAAAAAA
AAAAAAAAAAAAAAAAAAAAAAAAAAAAAAAAAAAAAAAAAAAAAAAAAAAAAAAAAAAAAAAAAAAAAAAAAAAA
AAAAAAAAAAAAAAAAAAAAAAAAAAAAAAAAAAAAAAAAAAAAAAAAAAAAAAAAAAAAAAAAAAAAAAAAAAAA
AAAAAAAAAAAAAAAAAAAAAAAAAAAAAAAAAAAAAAAAAAAAAAAAAAAAAAAAAAAAAAAAAAAAAAAAAAAA
AAAAAAAAAAAAAAAAAAAAAAAAAAAAAAAAAAAAAAAAAAAAAAAAAAAAAAAAAAAAAAAAAAAAAAAAAAAA
AAAAAAAAAAAAAAAAAAAAAAAAAAAAAAAAAAAAAAAAAAAAAAAAAAAAAAAAAAAAAAAAAAAAAAAAAAAA
AAAAAAAAAAAAAAAAAAAAAAAAAAAAAAAAAAAAAAAAAAAAAAAAAAAAAAAAAAAAAAAAAAAAAAAAAAAA
AAAAAAAAAAAAAAAAAAAAAAAAAAAAAAAAAAAAAAAAAAAAAAAAAAAAAAAAAAAAAAAAAAAAAAAAAAAA
AAAAAAAAAAAAAAAAAAAAAAAAAAAAAAAAAAAAAAAAAAAAAAAAAAAAAAAAAAAAAAAAAAAAAAAAAAAA
AAAAAAAAAAAAAAAAAAAAAAAAAAAAAAAAAAAAAAAAAAAAAAAAAAAAAAAAAAAAAAAAAAAAAAAAAAAA
AAAAAAAAAAAAAAAAAAAAAAAAAAAAAAAAAAAAAAAAAAAAAAAAAAAAAAAAAAAAAAAAAAAAAAAAAAAA
AAAAAAAAAAAAAAAAAAAAAAAAAAAAAAAAAAAAAAAAAAAAAAAAAAAAAAAAAAAAAAAAAAAAAAAAAAAA
AAAAAAAAAAAAAAAAAAAAAAAAAAAAAAAAAAAAAAAAAAAAAAAAAAAAAAAAAAAAAAAAAAAAAAAAAAAA
AAAAAAAAAAAAAAAAAAAAAAAAAAAAAAAAAAAAAAAAAAAAAAAAAAAAAAAAAAAAAAAAAAAAAAAAAAAA
AAAAAAAAAAAAAAAAAAAAAAAAAAAAAAAAAAAAAAAAAAAAAAAAAAAAAAAAAAAAAAAAAAAAAAAAAAAA
AAAAAAAAAAAAAAAAAAAAAAAAAAAAAAAAAAAAAAAAAAAAAAAAAAAAAAAAAAAAAAAAAAAAAAAAAAAA
AAAAAAAAAAAAAAAAAAAAAAAAAAAAAAAAAAAAAAAAAAAAAAAAAAAAAAAAAAAAAAAAAAAAAAAAAAAA
AAAAAAAAAAAAAAAAAAAAAAAAAAAAAAAAAAAAAAAAAAAAAAAAAAAAAAAAAAAAAAAAAAAAAAAAAAAA
AAAAAAAAAAAAAAAAAAAAAAAAAAAAAAAAAAAAAAAAAAAAAAAAAAAAAAAAAAAAAAAAAAAAAAAAAAAA
AAAAAAAAAAAAAAAAAAAAAAAAAAAAAAAAAAAAAAAAAAAAAAAAAAAAAAAAAAAAAAAAAAAAAAAAAAAA
AAAAAAAAAAAAAAAAAAAAAAAAAAAAAAAAAAAAAAAAAAAAAAAAAAAAAAAAAAAAAAAAAAAAAAAAAAAA
AAAAAAAAAAAAAAAAAAAAAAAAAAAAAAAAAAAAAAAAAAAAAAAAAAAAAAAAAAAAAAAAAAAAAAAAAAAA
AAAAAAAAAAAAAAAAAAAAAAAAAAAAAAAAAAAAAAAAAAAAAAAAAAAAAAAAAAAAAAAAAAAAAAAAAAAA
AAAAAAAAAAAAAAAAAAAAAAAAAAAAAAAAAAAAAAAAAAAAAAAAAAAAAAAAAAAAAAAAAAAAAAAAAAAA
AAAAAAAAAAAAAAAAAAAAAAAAAAAAAAAAAAAAAAAAAAAAAAAAAAAAAAAAAAAAAAAAAAAAAAAAAAAA
AAAAAAAAAAAAAAAAAAAAAAAAAAAAAAAAAAAAAAAAAAAAAAAAAAAAAAAAAAAAAAAAAAAAAAAAAAAA
AAAAAAAAAAAAAAAAAAAAAAAAAAAAAAAAAAAAAAAAAAAAAAAAAAAAAAAAAAAAAAAAAAAAAAAAAAAA
AAAAAAAAAAAAAAAAAAAAAAAAAAAAAAAAAAAAAAAAAAAAAAAAAAAAAAAAAAAAAAAAAAAAAAAAAAAA
AAAAAAAAAAAAAAAAAAAAAAAAAAAAAAAAAAAAAAAAAAAAAAAAAAAAAAAAAAAAAAAAAAAAAAAAAAAA
AAAAAAAAAAAAAAAAAAAAAAAAAAAAAAAAAAAAAAAAAAAAAAAAAAAAAAAAAAAAAAAAAAAAAAAAAAAA
AAAAAAAAAAAAAAAAAAAAAAAAAAAAAAAAAAAAAAAAAAAAAAAAAAAAAAAAAAAAAAAAAAAAAAAAAAAA
AAAAAAAAAAAAAAAAAAAAAAAAAAAAAAAAAAAAAAAAAAAAAAAAAAAAAAAAAAAAAAAAAAAAAAAAAAAA
AAAAAAAAAAAAAAAAAAAAAAAAAAAAAAAAAAAAAAAAAAAAAAAAAAAAAAAAAAAAAAAAAAAAAAAAAAAA
AAAAAAAAAAAAAAAAAAAAAAAAAAAAAAAAAAAAAAAAAAAAAAAAAAAAAAAAAAAAAAAAAAAAAAAAAAAA
AAAAAAAAAAAAAAAAAAAAAAAAAAAAAAAAAAAAAAAAAAAAAAAAAAAAAAAAAAAAAAAAAAAAAAAAAAAA
AAAAAAAAAAAAAAAAAAAAAAAAAAAAAAAAAAAAAAAAAAAAAAAAAAAAAAAAAAAAAAAAAAAAAAAAAAAA
AAAAAAAAAAAAAAAAAAAAAAAAAAAAAAAAAAAAAAAAAAAAAAAAAAAAAAAAAAAAAAAAAAAAAAAAAAAA
AAAAAAAAAAAAAAAAAAAAAAAAAAAAAAAAAAAAAAAAAAAAAAAAAAAAAAAAAAAAAAAAAAAAAAAAAAAA
AAAAAAAAAAAAAAAAAAAAAAAAAAAAAAAAAAAAAAAAAAAAAAAAAAAAAAAAAAAAAAAAAAAAAAAAAAAA
AAAAAAAAAAAAAAAAAAAAAAAAAAAAAAAAAAAAAAAAAAAAAAAAAAAAAAAAAAAAAAAAAAAAAAAAAAAA
AAAAAAAAAAAAAAAAAAAAAAAAAAAAAAAAAAAAAAAAAAAAAAAAAAAAAAAAAAAAAAAAAAAAAAAAAAAA
AAAAAAAAAAAAAAAAAAAAAAAAAAAAAAAAAAAAAAAAAAAAAAAAAAAAAAAAAAAAAAAAAAAAAAAAAAAA
AAAAAAAAAAAAAAAAAAAAAAAAAAAAAAAAAAAAAAAAAAAAAAAAAAAAAAAAAAAAAAAAAAAAAAAAAAAA
AAAAAAAAAAAAAAAAAAAAAAAAAAAAAAAAAAAAAAAAAAAAAAAAAAAAAAAAAAAAAAAAAAAAAAAAAAAA
AAAAAAAAAAAAAAAAAAAAAAAAAAAAAAAAAAAAAAAAAAAAAAAAAAAAAAAAAAAAAAAAAAAAAAAAAAAA
AAAAAAAAAAAAAAAAAAAAAAAAAAAAAAAAAAAAAAAAAAAAAAAAAAAAAAAAAAAAAAAAAAAAAAAAAAAA
AAAAAAAAAAAAAAAAAAAAAAAAAAAAAAAAAAAAAAAAAAAAAAAAAAAAAAAAAAAAAAAAAAAAAAAAAAAA
AAAAAAAAAAAAAAAAAAAAAAAAAAAAAAAAAAAAAAAAAAAAAAAAAAAAAAAAAAAAAAAAAAAAAAAAAAAA
AAAAAAAAAAAAAAAAAAAAAAAAAAAAAAAAAAAAAAAAAAAAAAAAAAAAAAAAAAAAAAAAAAAAAAAAAAAA
AAAAAAAAAAAAAAAAAAAAAAAAAAAAAAAAAAAAAAAAAAAAAAAAAAAAAAAAAAAAAAAAAAAAAAAAAAAA
AAAAAAAAAAAAAAAAAAAAAAAAAAAAAAAAAAAAAAAAAAAAAAAAAAAAAAAAAAAAAAAAAAAAAAAAAAAA
AAAAAAAAAAAAAAAAAAAAAAAAAAAAAAAAAAAAAAAAAAAAAAAAAAAAAAAAAAAAAAAAAAAAAAAAAAAA
AAAAAAAAAAAAAAAAAAAAAAAAAAAAAAAAAAAAAAAAAAAAAAAAAAAAAAAAAAAAAAAAAAAAAAAAAAAA
AAAAAAAAAAAAAAAAAAAAAAAAAAAAAAAAAAAAAAAAAAAAAAAAAAAAAAAAAAAAAAAAAAAAAAAAAAAA
AAAAAAAAAAAAAAAAAAAAAAAAAAAAAAAAAAAAAAAAAAAAAAAAAAAAAAAAAAAAAAAAAAAAAAAAAAAA
AAAAAAAAAAAAAAAAAAAAAAAAAAAAAAAAAAAAAAAAAAAAAAAAAAAAAAAAAAAAAAAAAAAAAAAAAAAA
AAAAAAAAAAAAAAAAAAAAAAAAAAAAAAAAAAAAAAAAAAAAAAAAAAAAAAAAAAAAAAAAAAAAAAAAAAAA
AAAAAAAAAAAAAAAAAAAAAAAAAAAAAAAAAAAAAAAAAAAAAAAAAAAAAAAAAAAAAAAAAAAAAAAAAAAA
AAAAAAAAAAAAAAAAAAAAAAAAAAAAAAAAAAAAAAAAAAAAAAAAAAAAAAAAAAAAAAAAAAAAAAAAAAAA
AAAAAAAAAAAAAAAAAAAAAAAAAAAAAAAAAAAAAAAAAAAAAAAAAAAAAAAAAAAAAAAAAAAAAAAAAAAA
AAAAAAAAAAAAAAAAAAAAAAAAAAAAAAAAAAAAAAAAAAAAAAAAAAAAAAAAAAAAAAAAAAAAAAAAAAAA
AAAAAAAAAAAAAAAAAAAAAAAAAAAAAAAAAAAAAAAAAAAAAAAAAAAAAAAAAAAAAAAAAAAAAAAAAAAA
AAAAAAAAAAAAAAAAAAAAAAAAAAAAAAAAAAAAAAAAAAAAAAAAAAAAAAAAAAAAAAAAAAAAAAAAAAAA
AAAAAAAAAAAAAAAAAAAAAAAAAAAAAAAAAAAAAAAAAAAAAAAAAAAAAAAAAAAAAAAAAAAAAAAAAAAA
AAAAAAAAAAAAAAAAAAAAAAAAAAAAAAAAAAAAAAAAAAAAAAAAAAAAAAAAAAAAAAAAAAAAAAAAAAAA
AAAAAAAAAAAAAAAAAAAAAAAAAAAAAAAAAAAAAAAAAAAAAAAAAAAAAAAAAAAAAAAAAAAAAAAAAAAA
AAAAAAAAAAAAAAAAAAAAAAAAAAAAAAAAAAAAAAAAAAAAAAAAAAAAAAAAAAAAAAAAAAAAAAAAAAAA
AAAAAAAAAAAAAAAAAAAAAAAAAAAAAAAAAAAAAAAAAAAAAAAAAAAAAAAAAAAAAAAAAAAAAAAAAAAA
AAAAAAAAAAAAAAAAAAAAAAAAAAAAAAAAAAAAAAAAAAAAAAAAAAAAAAAAAAAAAAAAAAAAAAAAAAAA
AAAAAAAAAAAAAAAAAAAAAAAAAAAAAAAAAAAAAAAAAAAAAAAAAAAAAAAAAAAAAAAAAAAAAAAAAAAA
AAAAAAAAAAAAAAAAAAAAAAAAAAAAAAAAAAAAAAAAAAAAAAAAAAAAAAAAAAAAAAAAAAAAAAAAAAAA
AAAAAAAAAAAAAAAAAAAAAAAAAAAAAAAAAAAAAAAAAAAAAAAAAAAAAAAAAAAAAAAAAAAAAAAAAAAA
AAAAAAAAAAAAAAAAAAAAAAAAAAAAAAAAAAAAAAAAAAAAAAAAAAAAAAAAAAAAAAAAAAAAAAAAAAAA
AAAAAAAAAAAAAAAAAAAAAAAAAAAAAAAAAAAAAAAAAAAAAAAAAAAAAAAAAAAAAAAAAAAAAAAAAAAA
AAAAAAAAAAAAAAAAAAAAAAAAAAAAAAAAAAAAAAAAAAAAAAAAAAAAAAAAAAAAAAAAAAAAAAAAAAAA
AAAAAAAAAAAAAAAAAAAAAAAAAAAAAAAAAAAAAAAAAAAAAAAAAAAAAAAAAAAAAAAAAAAAAAAAAAAA
AAAAAAAAAAAAAAAAAAAAAAAAAAAAAAAAAAAAAAAAAAAAAAAAAAAAAAAAAAAAAAAAAAAAAAAAAAAA
AAAAAAAAAAAAAAAAAAAAAAAAAAAAAAAAAAAAAAAAAAAAAAAAAAAAAAAAAAAAAAAAAAAAAAAAAAAA
AAAAAAAAAAAAAAAAAAAAAAAAAAAAAAAAAAAAAAAAAAAAAAAAAAAAAAAAAAAAAAAAAAAAAAAAAAAA
AAAAAAAAAAAAAAAAAAAAAAAAAAAAAAAAAAAAAAAAAAAAAAAAAAAAAAAAAAAAAAAAAAAAAAAAAAAA
AAAAAAAAAAAAAAAAAAAAAAAAAAAAAAAAAAAAAAAAAAAAAAAAAAAAAAAAAAAAAAAAAAAAAAAAAAAA
AAAAAAAAAAAAAAAAAAAAAAAAAAAAAAAAAAAAAAAAAAAAAAAAAAAAAAAAAAAAAAAAAAAAAAAAAAAA
AAAAAAAAAAAAAAAAAAAAAAAAAAAAAAAAAAAAAAAAAAAAAAAAAAAAAAAAAAAAAAAAAAAAAAAAAAAA
AAAAAAAAAAAAAAAAAAAAAAAAAAAAAAAAAAAAAAAAAAAAAAAAAAAAAAAAAAAAAAAAAAAAAAAAAAAA
AAAAAAAAAAAAAAAAAAAAAAAAAAAAAAAAAAAAAAAAAAAAAAAAAAAAAAAAAAAAAAAAAAAAAAAAAAAA
AAAAAAAAAAAAAAAAAAAAAAAAAAAAAAAAAAAAAAAAAAAAAAAAAAAAAAAAAAAAAAAAAAAAAAAAAAAA
AAAAAAAAAAAAAAAAAAAAAAAAAAAAAAAAAAAAAAAAAAAAAAAAAAAAAAAAAAAAAAAAAAAAAAAAAAAA
AAAAAAAAAAAAAAAAAAAAAAAAAAAAAAAAAAAAAAAAAAAAAAAAAAAAAAAAAAAAAAAAAAAAAAAAAAAA
AAAAAAAAAAAAAAAAAAAAAAAAAAAAAAAAAAAAAAAAAAAAAAAAAAAAAAAAAAAAAAAAAAAAAAAAAAAA
AAAAAAAAAAAAAAAAAAAAAAAAAAAAAAAAAAAAAAAAAAAAAAAAAAAAAAAAAAAAAAAAAAAAAAAAAAAA
AAAAAAAAAAAAAAAAAAAAAAAAAAAAAAAAAAAAAAAAAAAAAAAAAAAAAAAAAAAAAAAAAAAAAAAAAAAA
AAAAAAAAAAAAAAAAAAAAAAAAAAAAAAAAAAAAAAAAAAAAAAAAAAAAAAAAAAAAAAAAAAAAAAAAAAAA
AAAAAAAAAAAAAAAAAAAAAAAAAAAAAAAAAAAAAAAAAAAAAAAAAAAAAAAAAAAAAAAAAAAAAAAAAAAA
AAAAAAAAAAAAAAAAAAAAAAAAAAAAAAAAAAAAAAAAAAAAAAAAAAAAAAAAAAAAAAAAAAAAAAAAAAAA
AAAAAAAAAAAAAAAAAAAAAAAAAAAAAAAAAAAAAAAAAAAAAAAAAAAAAAAAAAAAAAAAAAAAAAAAAAAA
AAAAAAAAAAAAAAAAAAAAAAAAAAAAAAAAAAAAAAAAAAAAAAAAAAAAAAAAAAAAAAAAAAAAAAAAAAAA
AAAAAAAAAAAAAAAAAAAAAAAAAAAAAAAAAAAAAAAAAAAAAAAAAAAAAAAAAAAAAAAAAAAAAAAAAAAA
AAAAAAAAAAAAAAAAAAAAAAAAAAAAAAAAAAAAAAAAAAAAAAAAAAAAAAAAAAAAAAAAAAAAAAAAAAAA
AAAAAAAAAAAAAAAAAAAAAAAAAAAAAAAAAAAAAAAAAAAAAAAAAAAAAAAAAAAAAAAAAAAAAAAAAAAA
AAAAAAAAAAAAAAAAAAAAAAAAAAAAAAAAAAAAAAAAAAAAAAAAAAAAAAAAAAAAAAAAAAAAAAAAAAAA
AAAAAAAAAAAAAAAAAAAAAAAAAAAAAAAAAAAAAAAAAAAAAAAAAAAAAAAAAAAAAAAAAAAAAAAAAAAA
AAAAAAAAAAAAAAAAAAAAAAAAAAAAAAAAAAAAAAAAAAAAAAAAAAAAAAAAAAAAAAAAAAAAAAAAAAAA
AAAAAAAAAAAAAAAAAAAAAAAAAAAAAAAAAAAAAAAAAAAAAAAAAAAAAAAAAAAAAAAAAAAAAAAAAAAA
AAAAAAAAAAAAAAAAAAAAAAAAAAAAAAAAAAAAAAAAAAAAAAAAAAAAAAAAAAAAAAAAAAAAAAAAAAAA
AAAAAAAAAAAAAAAAAAAAAAAAAAAAAAAAAAAAAAAAAAAAAAAAAAAAAAAAAAAAAAAAAAAAAAAAAAAA
AAAAAAAAAAAAAAAAAAAAAAAAAAAAAAAAAAAAAAAAAAAAAAAAAAAAAAAAAAAAAAAAAAAAAAAAAAAA
AAAAAAAAAAAAAAAAAAAAAAAAAAAAAAAAAAAAAAAAAAAAAAAAAAAAAAAAAAAAAAAAAAAAAAAAAAAA
AAAAAAAAAAAAAAAAAAAAAAAAAAAAAAAAAAAAAAAAAAAAAAAAAAAAAAAAAAAAAAAAAAAAAAAAAAAA
AAAAAAAAAAAAAAAAAAAAAAAAAAAAAAAAAAAAAAAAAAAAAAAAAAAAAAAAAAAAAAAAAAAAAAAAAAAA
AAAAAAAAAAAAAAAAAAAAAAAAAAAAAAAAAAAAAAAAAAAAAAAAAAAAAAAAAAAAAAAAAAAAAAAAAAAA
AAAAAAAAAAAAAAAAAAAAAAAAAAAAAAAAAAAAAAAAAAAAAAAAAAAAAAAAAAAAAAAAAAAAAAAAAAAA
AAAAAAAAAAAAAAAAAAAAAAAAAAAAAAAAAAAAAAAAAAAAAAAAAAAAAAAAAAAAAAAAAAAAAAAAAAAA
AAAAAAAAAAAAAAAAAAAAAAAAAAAAAAAAAAAAAAAAAAAAAAAAAAAAAAAAAAAAAAAAAAAAAAAAAAAA
AAAAAAAAAAAAAAAAAAAAAAAAAAAAAAAAAAAAAAAAAAAAAAAAAAAAAAAAAAAAAAAAAAAAAAAAAAAA
AAAAAAAAAAAAAAAAAAAAAAAAAAAAAAAAAAAAAAAAAAAAAAAAAAAAAAAAAAAAAAAAAAAAAAAAAAAA
AAAAAAAAAAAAAAAAAAAAAAAAAAAAAAAAAAAAAAAAAAAAAAAAAAAAAAAAAAAAAAAAAAAAAAAAAAAA
AAAAAAAAAAAAAAAAAAAAAAAAAAAAAAAAAAAAAAAAAAAAAAAAAAAAAAAAAAAAAAAAAAAAAAAAAAAA
AAAAAAAAAAAAAAAAAAAAAAAAAAAAAAAAAAAAAAAAAAAAAAAAAAAAAAAAAAAAAAAAAAAAAAAAAAAA
AAAAAAAAAAAAAAAAAAAAAAAAAAAAAAAAAAAAAAAAAAAAAAAAAAAAAAAAAAAAAAAAAAAAAAAAAAAA
AAAAAAAAAAAAAAAAAAAAAAAAAAAAAAAAAAAAAAAAAAAAAAAAAAAAAAAAAAAAAAAAAAAAAAAAAAAA
AAAAAAAAAAAAAAAAAAAAAAAAAAAAAAAAAAAAAAAAAAAAAAAAAAAAAAAAAAAAAAAAAAAAAAAAAAAA
AAAAAAAAAAAAAAAAAAAAAAAAAAAAAAAAAAAAAAAAAAAAAAAAAAAAAAAAAAAAAAAAAAAAAAAAAAAA
AAAAAAAAAAAAAAAAAAAAAAAAAAAAAAAAAAAAAAAAAAAAAAAAAAAAAAAAAAAAAAAAAAAAAAAAAAAA
AAAAAAAAAAAAAAAAAAAAAAAAAAAAAAAAAAAAAAAAAAAAAAAAAAAAAAAAAAAAAAAAAAAAAAAAAAAA
AAAAAAAAAAAAAAAAAAAAAAAAAAAAAAAAAAAAAAAAAAAAAAAAAAAAAAAAAAAAAAAAAAAAAAAAAAAA
AAAAAAAAAAAAAAAAAAAAAAAAAAAAAAAAAAAAAAAAAAAAAAAAAAAAAAAAAAAAAAAAAAAAAAAAAAAA
AAAAAAAAAAAAAAAAAAAAAAAAAAAAAAAAAAAAAAAAAAAAAAAAAAAAAAAAAAAAAAAAAAAAAAAAAAAA
AAAAAAAAAAAAAAAAAAAAAAAAAAAAAAAAAAAAAAAAAAAAAAAAAAAAAAAAAAAAAAAAAAAAAAAAAAAA
AAAAAAAAAAAAAAAAAAAAAAAAAAAAAAAAAAAAAAAAAAAAAAAAAAAAAAAAAAAAAAAAAAAAAAAAAAAA
AAAAAAAAAAAAAAAAAAAAAAAAAAAAAAAAAAAAAAAAAAAAAAAAAAAAAAAAAAAAAAAAAAAAAAAAAAAA
AAAAAAAAAAAAAAAAAAAAAAAAAAAAAAAAAAAAAAAAAAAAAAAAAAAAAAAAAAAAAAAAAAAAAAAAAAAA
AAAAAAAAAAAAAAAAAAAAAAAAAAAAAAAAAAAAAAAAAAAAAAAAAAAAAAAAAAAAAAAAAAAAAAAAAAAA
AAAAAAAAAAAAAAAAAAAAAAAAAAAAAAAAAAAAAAAAAAAAAAAAAAAAAAAAAAAAAAAAAAAAAAAAAAAA
AAAAAAAAAAAAAAAAAAAAAAAAAAAAAAAAAAAAAAAAAAAAAAAAAAAAAAAAAAAAAAAAAAAAAAAAAAAA
AAAAAAAAAAAAAAAAAAAAAAAAAAAAAAAAAAAAAAAAAAAAAAAAAAAAAAAAAAAAAAAAAAAAAAAAAAAA
AAAAAAAAAAAAAAAAAAAAAAAAAAAAAAAAAAAAAAAAAAAAAAAAAAAAAAAAAAAAAAAAAAAAAAAAAAAA
AAAAAAAAAAAAAAAAAAAAAAAAAAAAAAAAAAAAAAAAAAAAAAAAAAAAAAAAAAAAAAAAAAAAAAAAAAAA
AAAAAAAAAAAAAAAAAAAAAAAAAAAAAAAAAAAAAAAAAAAAAAAAAAAAAAAAAAAAAAAAAAAAAAAAAAAA
AAAAAAAAAAAAAAAAAAAAAAAAAAAAAAAAAAAAAAAAAAAAAAAAAAAAAAAAAAAAAAAAAAAAAAAAAAAA
AAAAAAAAAAAAAAAAAAAAAAAAAAAAAAAAAAAAAAAAAAAAAAAAAAAAAAAAAAAAAAAAAAAAAAAAAAAA
AAAAAAAAAAAAAAAAAAAAAAAAAAAAAAAAAAAAAAAAAAAAAAAAAAAAAAAAAAAAAAAAAAAAAAAAAAAA
AAAAAAAAAAAAAAAAAAAAAAAAAAAAAAAAAAAAAAAAAAAAAAAAAAAAAAAAAAAAAAAAAAAAAAAAAAAA
AAAAAAAAAAAAAAAAAAAAAAAAAAAAAAAAAAAAAAAAAAAAAAAAAAAAAAAAAAAAAAAAAAAAAAAAAAAA
AAAAAAAAAAAAAAAAAAAAAAAAAAAAAAAAAAAAAAAAAAAAAAAAAAAAAAAAAAAAAAAAAAAAAAAAAAAA
AAAAAAAAAAAAAAAAAAAAAAAAAAAAAAAAAAAAAAAAAAAAAAAAAAAAAAAAAAAAAAAAAAAAAAAAAAAA
AAAAAAAAAAAAAAAAAAAAAAAAAAAAAAAAAAAAAAAAAAAAAAAAAAAAAAAAAAAAAAAAAAAAAAAAAAAA
AAAAAAAAAAAAAAAAAAAAAAAAAAAAAAAAAAAAAAAAAAAAAAAAAAAAAAAAAAAAAAAAAAAAAAAAAAAA
AAAAAAAAAAAAAAAAAAAAAAAAAAAAAAAAAAAAAAAAAAAAAAAAAAAAAAAAAAAAAAAAAAAAAAAAAAAA
AAAAAAAAAAAAAAAAAAAAAAAAAAAAAAAAAAAAAAAAAAAAAAAAAAAAAAAAAAAAAAAAAAAAAAAAAAAA
AAAAAAAAAAAAAAAAAAAAAAAAAAAAAAAAAAAAAAAAAAAAAAAAAAAAAAAAAAAAAAAAAAAAAAAAAAAA
AAAAAAAAAAAAAAAAAAAAAAAAAAAAAAAAAAAAAAAAAAAAAAAAAAAAAAAAAAAAAAAAAAAAAAAAAAAA
AAAAAAAAAAAAAAAAAAAAAAAAAAAAAAAAAAAAAAAAAAAAAAAAAAAAAAAAAAAAAAAAAAAAAAAAAAAA
AAAAAAAAAAAAAAAAAAAAAAAAAAAAAAAAAAAAAAAAAAAAAAAAAAAAAAAAAAAAAAAAAAAAAAAAAAAA
AAAAAAAAAAAAAAAAAAAAAAAAAAAAAAAAAAAAAAAAAAAAAAAAAAAAAAAAAAAAAAAAAAAAAAAAAAAA
AAAAAAAAAAAAAAAAAAAAAAAAAAAAAAAAAAAAAAAAAAAAAAAAAAAAAAAAAAAAAAAAAAAAAAAAAAAA
AAAAAAAAAAAAAAAAAAAAAAAAAAAAAAAAAAAAAAAAAAAAAAAAAAAAAAAAAAAAAAAAAAAAAAAAAAAA
AAAAAAAAAAAAAAAAAAAAAAAAAAAAAAAAAAAAAAAAAAAAAAAAAAAAAAAAAAAAAAAAAAAAAAAAAAAA
AAAAAAAAAAAAAAAAAAAAAAAAAAAAAAAAAAAAAAAAAAAAAAAAAAAAAAAAAAAAAAAAAAAAAAAAAAAA
AAAAAAAAAAAAAAAAAAAAAAAAAAAAAAAAAAAAAAAAAAAAAAAAAAAAAAAAAAAAAAAAAAAAAAAAAAAA
AAAAAAAAAAAAAAAAAAAAAAAAAAAAAAAAAAAAAAAAAAAAAAAAAAAAAAAAAAAAAAAAAAAAAAAAAAAA
AAAAAAAAAAAAAAAAAAAAAAAAAAAAAAAAAAAAAAAAAAAAAAAAAAAAAAAAAAAAAAAAAAAAAAAAAAAA
AAAAAAAAAAAAAAAAAAAAAAAAAAAAAAAAAAAAAAAAAAAAAAAAAAAAAAAAAAAAAAAAAAAAAAAAAAAA
AAAAAAAAAAAAAAAAAAAAAAAAAAAAAAAAAAAAAAAAAAAAAAAAAAAAAAAAAAAAAAAAAAAAAAAAAAAA
AAAAAAAAAAAAAAAAAAAAAAAAAAAAAAAAAAAAAAAAAAAAAAAAAAAAAAAAAAAAAAAAAAAAAAAAAAAA
AAAAAAAAAAAAAAAAAAAAAAAAAAAAAAAAAAAAAAAAAAAAAAAAAAAAAAAAAAAAAAAAAAAAAAAAAAAA
AAAAAAAAAAAAAAAAAAAAAAAAAAAAAAAAAAAAAAAAAAAAAAAAAAAAAAAAAAAAAAAAAAAAAAAAAAAA
AAAAAAAAAAAAAAAAAAAAAAAAAAAAAAAAAAAAAAAAAAAAAAAAAAAAAAAAAAAAAAAAAAAAAAAAAAAA
AAAAAAAAAAAAAAAAAAAAAAAAAAAAAAAAAAAAAAAAAAAAAAAAAAAAAAAAAAAAAAAAAAAAAAAAAAAA
AAAAAAAAAAAAAAAAAAAAAAAAAAAAAAAAAAAAAAAAAAAAAAAAAAAAAAAAAAAAAAAAAAAAAAAAAAAA
AAAAAAAAAAAAAAAAAAAAAAAAAAAAAAAAAAAAAAAAAAAAAAAAAAAAAAAAAAAAAAAAAAAAAAAAAAAA
AAAAAAAAAAAAAAAAAAAAAAAAAAAAAAAAAAAAAAAAAAAAAAAAAAAAAAAAAAAAAAAAAAAAAAAAAAAA
AAAAAAAAAAAAAAAAAAAAAAAAAAAAAAAAAAAAAAAAAAAAAAAAAAAAAAAAAAAAAAAAAAAAAAAAAAAA
AAAAAAAAAAAAAAAAAAAAAAAAAAAAAAAAAAAAAAAAAAAAAAAAAAAAAAAAAAAAAAAAAAAAAAAAAAAA
AAAAAAAAAAAAAAAAAAAAAAAAAAAAAAAAAAAAAAAAAAAAAAAAAAAAAAAAAAAAAAAAAAAAAAAAAAAA
AAAAAAAAAAAAAAAAAAAAAAAAAAAAAAAAAAAAAAAAAAAAAAAAAAAAAAAAAAAAAAAAAAAAAAAAAAAA
AAAAAAAAAAAAAAAAAAAAAAAAAAAAAAAAAAAAAAAAAAAAAAAAAAAAAAAAAAAAAAAAAAAAAAAAAAAA
AAAAAAAAAAAAAAAAAAAAAAAAAAAAAAAAAAAAAAAAAAAAAAAAAAAAAAAAAAAAAAAAAAAAAAAAAAAA
AAAAAAAAAAAAAAAAAAAAAAAAAAAAAAAAAAAAAAAAAAAAAAAAAAAAAAAAAAAAAAAAAAAAAAAAAAAA
AAAAAAAAAAAAAAAAAAAAAAAAAAAAAAAAAAAAAAAAAAAAAAAAAAAAAAAAAAAAAAAAAAAAAAAAAAAA
AAAAAAAAAAAAAAAAAAAAAAAAAAAAAAAAAAAAAAAAAAAAAAAAAAAAAAAAAAAAAAAAAAAAAAAAAAAA
AAAAAAAAAAAAAAAAAAAAAAAAAAAAAAAAAAAAAAAAAAAAAAAAAAAAAAAAAAAAAAAAAAAAAAAAAAAA
AAAAAAAAAAAAAAAAAAAAAAAAAAAAAAAAAAAAAAAAAAAAAAAAAAAAAAAAAAAAAAAAAAAAAAAAAAAA
AAAAAAAAAAAAAAAAAAAAAAAAAAAAAAAAAAAAAAAAAAAAAAAAAAAAAAAAAAAAAAAAAAAAAAAAAAAA
AAAAAAAAAAAAAAAAAAAAAAAAAAAAAAAAAAAAAAAAAAAAAAAAAAAAAAAAAAAAAAAAAAAAAAAAAAAA
AAAAAAAAAAAAAAAAAAAAAAAAAAAAAAAAAAAAAAAAAAAAAAAAAAAAAAAAAAAAAAAAAAAAAAAAAAAA
AAAAAAAAAAAAAAAAAAAAAAAAAAAAAAAAAAAAAAAAAAAAAAAAAAAAAAAAAAAAAAAAAAAAAAAAAAAA
AAAAAAAAAAAAAAAAAAAAAAAAAAAAAAAAAAAAAAAAAAAAAAAAAAAAAAAAAAAAAAAAAAAAAAAAAAAA
AAAAAAAAAAAAAAAAAAAAAAAAAAAAAAAAAAAAAAAAAAAAAAAAAAAAAAAAAAAAAAAAAAAAAAAAAAAA
AAAAAAAAAAAAAAAAAAAAAAAAAAAAAAAAAAAAAAAAAAAAAAAAAAAAAAAAAAAAAAAAAAAAAAAAAAAA
AAAAAAAAAAAAAAAAAAAAAAAAAAAAAAAAAAAAAAAAAAAAAAAAAAAAAAAAAAAAAAAAAAAAAAAAAAAA
AAAAAAAAAAAAAAAAAAAAAAAAAAAAAAAAAAAAAAAAAAAAAAAAAAAAAAAAAAAAAAAAAAAAAAAAAAAA
AAAAAAAAAAAAAAAAAAAAAAAAAAAAAAAAAAAAAAAAAAAAAAAAAAAAAAAAAAAAAAAAAAAAAAAAAAAA
AAAAAAAAAAAAAAAAAAAAAAAAAAAAAAAAAAAAAAAAAAAAAAAAAAAAAAAAAAAAAAAAAAAAAAAAAAAA
AAAAAAAAAAAAAAAAAAAAAAAAAAAAAAAAAAAAAAAAAAAAAAAAAAAAAAAAAAAAAAAAAAAAAAAAAAAA
AAAAAAAAAAAAAAAAAAAAAAAAAAAAAAAAAAAAAAAAAAAAAAAAAAAAAAAAAAAAAAAAAAAAAAAAAAAA
AAAAAAAAAAAAAAAAAAAAAAAAAAAAAAAAAAAAAAAAAAAAAAAAAAAAAAAAAAAAAAAAAAAAAAAAAAAA
AAAAAAAAAAAAAAAAAAAAAAAAAAAAAAAAAAAAAAAAAAAAAAAAAAAAAAAAAAAAAAAAAAAAAAAAAAAA
AAAAAAAAAAAAAAAAAAAAAAAAAAAAAAAAAAAAAAAAAAAAAAAAAAAAAAAAAAAAAAAAAAAAAAAAAAAA
AAAAAAAAAAAAAAAAAAAAAAAAAAAAAAAAAAAAAAAAAAAAAAAAAAAAAAAAAAAAAAAAAAAAAAAAAAAA
AAAAAAAAAAAAAAAAAAAAAAAAAAAAAAAAAAAAAAAAAAAAAAAAAAAAAAAAAAAAAAAAAAAAAAAAAAAA
AAAAAAAAAAAAAAAAAAAAAAAAAAAAAAAAAAAAAAAAAAAAAAAAAAAAAAAAAAAAAAAAAAAAAAAAAAAA
AAAAAAAAAAAAAAAAAAAAAAAAAAAAAAAAAAAAAAAAAAAAAAAAAAAAAAAAAAAAAAAAAAAAAAAAAAAA
AAAAAAAAAAAAAAAAAAAAAAAAAAAAAAAAAAAAAAAAAAAAAAAAAAAAAAAAAAAAAAAAAAAAAAAAAAAA
AAAAAAAAAAAAAAAAAAAAAAAAAAAAAAAAAAAAAAAAAAAAAAAAAAAAAAAAAAAAAAAAAAAAAAAAAAAA
AAAAAAAAAAAAAAAAAAAAAAAAAAAAAAAAAAAAAAAAAAAAAAAAAAAAAAAAAAAAAAAAAAAAAAAAAAAA
AAAAAAAAAAAAAAAAAAAAAAAAAAAAAAAAAAAAAAAAAAAAAAAAAAAAAAAAAAAAAAAAAAAAAAAAAAAA
AAAAAAAAAAAAAAAAAAAAAAAAAAAAAAAAAAAAAAAAAAAAAAAAAAAAAAAAAAAAAAAAAAAAAAAAAAAA
AAAAAAAAAAAAAAAAAAAAAAAAAAAAAAAAAAAAAAAAAAAAAAAAAAAAAAAAAAAAAAAAAAAAAAAAAAAA
AAAAAAAAAAAAAAAAAAAAAAAAAAAAAAAAAAAAAAAAAAAAAAAAAAAAAAAAAAAAAAAAAAAAAAAAAAAA
AAAAAAAAAAAAAAAAAAAAAAAAAAAAAAAAAAAAAAAAAAAAAAAAAAAAAAAAAAAAAAAAAAAAAAAAAAAA
AAAAAAAAAAAAAAAAAAAAAAAAAAAAAAAAAAAAAAAAAAAAAAAAAAAAAAAAAAAAAAAAAAAAAAAAAAAA
AAAAAAAAAAAAAAAAAAAAAAAAAAAAAAAAAAAAAAAAAAAAAAAAAAAAAAAAAAAAAAAAAAAAAAAAAAAA
AAAAAAAAAAAAAAAAAAAAAAAAAAAAAAAAAAAAAAAAAAAAAAAAAAAAAAAAAAAAAAAAAAAAAAAAAAAA
AAAAAAAAAAAAAAAAAAAAAAAAAAAAAAAAAAAAAAAAAAAAAAAAAAAAAAAAAAAAAAAAAAAAAAAAAAAA
AAAAAAAAAAAAAAAAAAAAAAAAAAAAAAAAAAAAAAAAAAAAAAAAAAAAAAAAAAAAAAAAAAAAAAAAAAAA
AAAAAAAAAAAAAAAAAAAAAAAAAAAAAAAAAAAAAAAAAAAAAAAAAAAAAAAAAAAAAAAAAAAAAAAAAAAA
AAAAAAAAAAAAAAAAAAAAAAAAAAAAAAAAAAAAAAAAAAAAAAAAAAAAAAAAAAAAAAAAAAAAAAAAAAAA
AAAAAAAAAAAAAAAAAAAAAAAAAAAAAAAAAAAAAAAAAAAAAAAAAAAAAAAAAAAAAAAAAAAAAAAAAAAA
AAAAAAAAAAAAAAAAAAAAAAAAAAAAAAAAAAAAAAAAAAAAAAAAAAAAAAAAAAAAAAAAAAAAAAAAAAAA
AAAAAAAAAAAAAAAAAAAAAAAAAAAAAAAAAAAAAAAAAAAAAAAAAAAAAAAAAAAAAAAAAAAAAAAAAAAA
AAAAAAAAAAAAAAAAAAAAAAAAAAAAAAAAAAAAAAAAAAAAAAAAAAAAAAAAAAAAAAAAAAAAAAAAAAAA
AAAAAAAAAAAAAAAAAAAAAAAAAAAAAAAAAAAAAAAAAAAAAAAAAAAAAAAAAAAAAAAAAAAAAAAAAAAA
AAAAAAAAAAAAAAAAAAAAAAAAAAAAAAAAAAAAAAAAAAAAAAAAAAAAAAAAAAAAAAAAAAAAAAAAAAAA
AAAAAAAAAAAAAAAAAAAAAAAAAAAAAAAAAAAAAAAAAAAAAAAAAAAAAAAAAAAAAAAAAAAAAAAAAAAA
AAAAAAAAAAAAAAAAAAAAAAAAAAAAAAAAAAAAAAAAAAAAAAAAAAAAAAAAAAAAAAAAAAAAAAAAAAAA
AAAAAAAAAAAAAAAAAAAAAAAAAAAAAAAAAAAAAAAAAAAAAAAAAAAAAAAAAAAAAAAAAAAAAAAAAAAA
AAAAAAAAAAAAAAAAAAAAAAAAAAAAAAAAAAAAAAAAAAAAAAAAAAAAAAAAAAAAAAAAAAAAAAAAAAAA
AAAAAAAAAAAAAAAAAAAAAAAAAAAAAAAAAAAAAAAAAAAAAAAAAAAAAAAAAAAAAAAAAAAAAAAAAAAA
AAAAAAAAAAAAAAAAAAAAAAAAAAAAAAAAAAAAAAAAAAAAAAAAAAAAAAAAAAAAAAAAAAAAAAAAAAAA
AAAAAAAAAAAAAAAAAAAAAAAAAAAAAAAAAAAAAAAAAAAAAAAAAAAAAAAAAAAAAAAAAAAAAAAAAAAA
AAAAAAAAAAAAAAAAAAAAAAAAAAAAAAAAAAAAAAAAAAAAAAAAAAAAAAAAAAAAAAAAAAAAAAAAAAAA
AAAAAAAAAAAAAAAAAAAAAAAAAAAAAAAAAAAAAAAAAAAAAAAAAAAAAAAAAAAAAAAAAAAAAAAAAAAA
AAAAAAAAAAAAAAAAAAAAAAAAAAAAAAAAAAAAAAAAAAAAAAAAAAAAAAAAAAAAAAAAAAAAAAAAAAAA
AAAAAAAAAAAAAAAAAAAAAAAAAAAAAAAAAAAAAAAAAAAAAAAAAAAAAAAAAAAAAAAAAAAAAAAAAAAA
AAAAAAAAAAAAAAAAAAAAAAAAAAAAAAAAAAAAAAAAAAAAAAAAAAAAAAAAAAAAAAAAAAAAAAAAAAAA
AAAAAAAAAAAAAAAAAAAAAAAAAAAAAAAAAAAAAAAAAAAAAAAAAAAAAAAAAAAAAAAAAAAAAAAAAAAA
AAAAAAAAAAAAAAAAAAAAAAAAAAAAAAAAAAAAAAAAAAAAAAAAAAAAAAAAAAAAAAAAAAAAAAAAAAAA
AAAAAAAAAAAAAAAAAAAAAAAAAAAAAAAAAAAAAAAAAAAAAAAAAAAAAAAAAAAAAAAAAAAAAAAAAAAA
AAAAAAAAAAAAAAAAAAAAAAAAAAAAAAAAAAAAAAAAAAAAAAAAAAAAAAAAAAAAAAAAAAAAAAAAAAAA
AAAAAAAAAAAAAAAAAAAAAAAAAAAAAAAAAAAAAAAAAAAAAAAAAAAAAAAAAAAAAAAAAAAAAAAAAAAA
AAAAAAAAAAAAAAAAAAAAAAAAAAAAAAAAAAAAAAAAAAAAAAAAAAAAAAAAAAAAAAAAAAAAAAAAAAAA
AAAAAAAAAAAAAAAAAAAAAAAAAAAAAAAAAAAAAAAAAAAAAAAAAAAAAAAAAAAAAAAAAAAAAAAAAAAA
AAAAAAAAAAAAAAAAAAAAAAAAAAAAAAAAAAAAAAAAAAAAAAAAAAAAAAAAAAAAAAAAAAAAAAAAAAAA
AAAAAAAAAAAAAAAAAAAAAAAAAAAAAAAAAAAAAAAAAAAAAAAAAAAAAAAAAAAAAAAAAAAAAAAAAAAA
AAAAAAAAAAAAAAAAAAAAAAAAAAAAAAAAAAAAAAAAAAAAAAAAAAAAAAAAAAAAAAAAAAAAAAAAAAAA
AAAAAAAAAAAAAAAAAAAAAAAAAAAAAAAAAAAAAAAAAAAAAAAAAAAAAAAAAAAAAAAAAAAAAAAAAAAA
AAAAAAAAAAAAAAAAAAAAAAAAAAAAAAAAAAAAAAAAAAAAAAAAAAAAAAAAAAAAAAAAAAAAAAAAAAAA
AAAAAAAAAAAAAAAAAAAAAAAAAAAAAAAAAAAAAAAAAAAAAAAAAAAAAAAAAAAAAAAAAAAAAAAAAAAA
AAAAAAAAAAAAAAAAAAAAAAAAAAAAAAAAAAAAAAAAAAAAAAAAAAAAAAAAAAAAAAAAAAAAAAAAAAAA
AAAAAAAAAAAAAAAAAAAAAAAAAAAAAAAAAAAAAAAAAAAAAAAAAAAAAAAAAAAAAAAAAAAAAAAAAAAA
AAAAAAAAAAAAAAAAAAAAAAAAAAAAAAAAAAAAAAAAAAAAAAAAAAAAAAAAAAAAAAAAAAAAAAAAAAAA
AAAAAAAAAAAAAAAAAAAAAAAAAAAAAAAAAAAAAAAAAAAAAAAAAAAAAAAAAAAAAAAAAAAAAAAAAAAA
AAAAAAAAAAAAAAAAAAAAAAAAAAAAAAAAAAAAAAAAAAAAAAAAAAAAAAAAAAAAAAAAAAAAAAAAAAAA
AAAAAAAAAAAAAAAAAAAAAAAAAAAAAAAAAAAAAAAAAAAAAAAAAAAAAAAAAAAAAAAAAAAAAAAAAAAA
AAAAAAAAAAAAAAAAAAAAAAAAAAAAAAAAAAAAAAAAAAAAAAAAAAAAAAAAAAAAAAAAAAAAAAAAAAAA
AAAAAAAAAAAAAAAAAAAAAAAAAAAAAAAAAAAAAAAAAAAAAAAAAAAAAAAAAAAAAAAAAAAAAAAAAAAA
AAAAAAAAAAAAAAAAAAAAAAAAAAAAAAAAAAAAAAAAAAAAAAAAAAAAAAAAAAAAAAAAAAAAAAAAAAAA
AAAAAAAAAAAAAAAAAAAAAAAAAAAAAAAAAAAAAAAAAAAAAAAAAAAAAAAAAAAAAAAAAAAAAAAAAAAA
AAAAAAAAAAAAAAAAAAAAAAAAAAAAAAAAAAAAAAAAAAAAAAAAAAAAAAAAAAAAAAAAAAAAAAAAAAAA
AAAAAAAAAAAAAAAAAAAAAAAAAAAAAAAAAAAAAAAAAAAAAAAAAAAAAAAAAAAAAAAAAAAAAAAAAAAA
AAAAAAAAAAAAAAAAAAAAAAAAAAAAAAAAAAAAAAAAAAAAAAAAAAAAAAAAAAAAAAAAAAAAAAAAAAAA
AAAAAAAAAAAAAAAAAAAAAAAAAAAAAAAAAAAAAAAAAAAAAAAAAAAAAAAAAAAAAAAAAAAAAAAAAAAA
AAAAAAAAAAAAAAAAAAAAAAAAAAAAAAAAAAAAAAAAAAAAAAAAAAAAAAAAAAAAAAAAAAAAAAAAAAAA
AAAAAAAAAAAAAAAAAAAAAAAAAAAAAAAAAAAAAAAAAAAAAAAAAAAAAAAAAAAAAAAAAAAAAAAAAAAA
AAAAAAAAAAAAAAAAAAAAAAAAAAAAAAAAAAAAAAAAAAAAAAAAAAAAAAAAAAAAAAAAAAAAAAAAAAAA
AAAAAAAAAAAAAAAAAAAAAAAAAAAAAAAAAAAAAAAAAAAAAAAAAAAAAAAAAAAAAAAAAAAAAAAAAAAA
AAAAAAAAAAAAAAAAAAAAAAAAAAAAAAAAAAAAAAAAAAAAAAAAAAAAAAAAAAAAAAAAAAAAAAAAAAAA
AAAAAAAAAAAAAAAAAAAAAAAAAAAAAAAAAAAAAAAAAAAAAAAAAAAAAAAAAAAAAAAAAAAAAAAAAAAA
AAAAAAAAAAAAAAAAAAAAAAAAAAAAAAAAAAAAAAAAAAAAAAAAAAAAAAAAAAAAAAAAAAAAAAAAAAAA
AAAAAAAAAAAAAAAAAAAAAAAAAAAAAAAAAAAAAAAAAAAAAAAAAAAAAAAAAAAAAAAAAAAAAAAAAAAA
AAAAAAAAAAAAAAAAAAAAAAAAAAAAAAAAAAAAAAAAAAAAAAAAAAAAAAAAAAAAAAAAAAAAAAAAAAAA
AAAAAAAAAAAAAAAAAAAAAAAAAAAAAAAAAAAAAAAAAAAAAAAAAAAAAAAAAAAAAAAAAAAAAAAAAAAA
AAAAAAAAAAAAAAAAAAAAAAAAAAAAAAAAAAAAAAAAAAAAAAAAAAAAAAAAAAAAAAAAAAAAAAAAAAAA
AAAAAAAAAAAAAAAAAAAAAAAAAAAAAAAAAAAAAAAAAAAAAAAAAAAAAAAAAAAAAAAAAAAAAAAAAAAA
AAAAAAAAAAAAAAAAAAAAAAAAAAAAAAAAAAAAAAAAAAAAAAAAAAAAAAAAAAAAAAAAAAAAAAAAAAAA
AAAAAAAAAAAAAAAAAAAAAAAAAAAAAAAAAAAAAAAAAAAAAAAAAAAAAAAAAAAAAAAAAAAAAAAAAAAA
AAAAAAAAAAAAAAAAAAAAAAAAAAAAAAAAAAAAAAAAAAAAAAAAAAAAAAAAAAAAAAAAAAAAAAAAAAAA
AAAAAAAAAAAAAAAAAAAAAAAAAAAAAAAAAAAAAAAAAAAAAAAAAAAAAAAAAAAAAAAAAAAAAAAAAAAA
AAAAAAAAAAAAAAAAAAAAAAAAAAAAAAAAAAAAAAAAAAAAAAAAAAAAAAAAAAAAAAAAAAAAAAAAAAAA
AAAAAAAAAAAAAAAAAAAAAAAAAAAAAAAAAAAAAAAAAAAAAAAAAAAAAAAAAAAAAAAAAAAAAAAAAAAA
AAAAAAAAAAAAAAAAAAAAAAAAAAAAAAAAAAAAAAAAAAAAAAAAAAAAAAAAAAAAAAAAAAAAAAAAAAAA
AAAAAAAAAAAAAAAAAAAAAAAAAAAAAAAAAAAAAAAAAAAAAAAAAAAAAAAAAAAAAAAAAAAAAAAAAAAA
AAAAAAAAAAAAAAAAAAAAAAAAAAAAAAAAAAAAAAAAAAAAAAAAAAAAAAAAAAAAAAAAAAAAAAAAAAAA
AAAAAAAAAAAAAAAAAAAAAAAAAAAAAAAAAAAAAAAAAAAAAAAAAAAAAAAAAAAAAAAAAAAAAAAAAAAA
AAAAAAAAAAAAAAAAAAAAAAAAAAAAAAAAAAAAAAAAAAAAAAAAAAAAAAAAAAAAAAAAAAAAAAAAAAAA
AAAAAAAAAAAAAAAAAAAAAAAAAAAAAAAAAAAAAAAAAAAAAAAAAAAAAAAAAAAAAAAAAAAAAAAAAAAA
AAAAAAAAAAAAAAAAAAAAAAAAAAAAAAAAAAAAAAAAAAAAAAAAAAAAAAAAAAAAAAAAAAAAAAAAAAAA
AAAAAAAAAAAAAAAAAAAAAAAAAAAAAAAAAAAAAAAAAAAAAAAAAAAAAAAAAAAAAAAAAAAAAAAAAAAA
AAAAAAAAAAAAAAAAAAAAAAAAAAAAAAAAAAAAAAAAAAAAAAAAAAAAAAAAAAAAAAAAAAAAAAAAAAAA
AAAAAAAAAAAAAAAAAAAAAAAAAAAAAAAAAAAAAAAAAAAAAAAAAAAAAAAAAAAAAAAAAAAAAAAAAAAA
AAAAAAAAAAAAAAAAAAAAAAAAAAAAAAAAAAAAAAAAAAAAAAAAAAAAAAAAAAAAAAAAAAAAAAAAAAAA
AAAAAAAAAAAAAAAAAAAAAAAAAAAAAAAAAAAAAAAAAAAAAAAAAAAAAAAAAAAAAAAAAAAAAAAAAAAA
AAAAAAAAAAAAAAAAAAAAAAAAAAAAAAAAAAAAAAAAAAAAAAAAAAAAAAAAAAAAAAAAAAAAAAAAAAAA
AAAAAAAAAAAAAAAAAAAAAAAAAAAAAAAAAAAAAAAAAAAAAAAAAAAAAAAAAAAAAAAAAAAAAAAAAAAA
AAAAAAAAAAAAAAAAAAAAAAAAAAAAAAAAAAAAAAAAAAAAAAAAAAAAAAAAAAAAAAAAAAAAAAAAAAAA
AAAAAAAAAAAAAAAAAAAAAAAAAAAAAAAAAAAAAAAAAAAAAAAAAAAAAAAAAAAAAAAAAAAAAAAAAAAA
AAAAAAAAAAAAAAAAAAAAAAAAAAAAAAAAAAAAAAAAAAAAAAAAAAAAAAAAAAAAAAAAAAAAAAAAAAAA
AAAAAAAAAAAAAAAAAAAAAAAAAAAAAAAAAAAAAAAAAAAAAAAAAAAAAAAAAAAAAAAAAAAAAAAAAAAA
AAAAAAAAAAAAAAAAAAAAAAAAAAAAAAAAAAAAAAAAAAAAAAAAAAAAAAAAAAAAAAAAAAAAAAAAAAAA
AAAAAAAAAAAAAAAAAAAAAAAAAAAAAAAAAAAAAAAAAAAAAAAAAAAAAAAAAAAAAAAAAAAAAAAAAAAA
AAAAAAAAAAAAAAAAAAAAAAAAAAAAAAAAAAAAAAAAAAAAAAAAAAAAAAAAAAAAAAAAAAAAAAAAAAAA
AAAAAAAAAAAAAAAAAAAAAAAAAAAAAAAAAAAAAAAAAAAAAAAAAAAAAAAAAAAAAAAAAAAAAAAAAAAA
AAAAAAAAAAAAAAAAAAAAAAAAAAAAAAAAAAAAAAAAAAAAAAAAAAAAAAAAAAAAAAAAAAAAAAAAAAAA
AAAAAAAAAAAAAAAAAAAAAAAAAAAAAAAAAAAAAAAAAAAAAAAAAAAAAAAAAAAAAAAAAAAAAAAAAAAA
AAAAAAAAAAAAAAAAAAAAAAAAAAAAAAAAAAAAAAAAAAAAAAAAAAAAAAAAAAAAAAAAAAAAAAAAAAAA
AAAAAAAAAAAAAAAAAAAAAAAAAAAAAAAAAAAAAAAAAAAAAAAAAAAAAAAAAAAAAAAAAAAAAAAAAAAA
AAAAAAAAAAAAAAAAAAAAAAAAAAAAAAAAAAAAAAAAAAAAAAAAAAAAAAAAAAAAAAAAAAAAAAAAAAAA
AAAAAAAAAAAAAAAAAAAAAAAAAAAAAAAAAAAAAAAAAAAAAAAAAAAAAAAAAAAAAAAAAAAAAAAAAAAA
AAAAAAAAAAAAAAAAAAAAAAAAAAAAAAAAAAAAAAAAAAAAAAAAAAAAAAAAAAAAAAAAAAAAAAAAAAAA
AAAAAAAAAAAAAAAAAAAAAAAAAAAAAAAAAAAAAAAAAAAAAAAAAAAAAAAAAAAAAAAAAAAAAAAAAAAA
AAAAAAAAAAAAAAAAAAAAAAAAAAAAAAAAAAAAAAAAAAAAAAAAAAAAAAAAAAAAAAAAAAAAAAAAAAAA
AAAAAAAAAAAAAAAAAAAAAAAAAAAAAAAAAAAAAAAAAAAAAAAAAAAAAAAAAAAAAAAAAAAAAAAAAAAA
AAAAAAAAAAAAAAAAAAAAAAAAAAAAAAAAAAAAAAAAAAAAAAAAAAAAAAAAAAAAAAAAAAAAAAAAAAAA
AAAAAAAAAAAAAAAAAAAAAAAAAAAAAAAAAAAAAAAAAAAAAAAAAAAAAAAAAAAAAAAAAAAAAAAAAAAA
AAAAAAAAAAAAAAAAAAAAAAAAAAAAAAAAAAAAAAAAAAAAAAAAAAAAAAAAAAAAAAAAAAAAAAAAAAAA
AAAAAAAAAAAAAAAAAAAAAAAAAAAAAAAAAAAAAAAAAAAAAAAAAAAAAAAAAAAAAAAAAAAAAAAAAAAA
AAAAAAAAAAAAAAAAAAAAAAAAAAAAAAAAAAAAAAAAAAAAAAAAAAAAAAAAAAAAAAAAAAAAAAAAAAAA
AAAAAAAAAAAAAAAAAAAAAAAAAAAAAAAAAAAAAAAAAAAAAAAAAAAAAAAAAAAAAAAAAAAAAAAAAAAA
AAAAAAAAAAAAAAAAAAAAAAAAAAAAAAAAAAAAAAAAAAAAAAAAAAAAAAAAAAAAAAAAAAAAAAAAAAAA
AAAAAAAAAAAAAAAAAAAAAAAAAAAAAAAAAAAAAAAAAAAAAAAAAAAAAAAAAAAAAAAAAAAAAAAAAAAA
AAAAAAAAAAAAAAAAAAAAAAAAAAAAAAAAAAAAAAAAAAAAAAAAAAAAAAAAAAAAAAAAAAAAAAAAAAAA
AAAAAAAAAAAAAAAAAAAAAAAAAAAAAAAAAAAAAAAAAAAAAAAAAAAAAAAAAAAAAAAAAAAAAAAAAAAA
AAAAAAAAAAAAAAAAAAAAAAAAAAAAAAAAAAAAAAAAAAAAAAAAAAAAAAAAAAAAAAAAAAAAAAAAAAAA
AAAAAAAAAAAAAAAAAAAAAAAAAAAAAAAAAAAAAAAAAAAAAAAAAAAAAAAAAAAAAAAAAAAAAAAAAAAA
AAAAAAAAAAAAAAAAAAAAAAAAAAAAAAAAAAAAAAAAAAAAAAAAAAAAAAAAAAAAAAAAAAAAAAAAAAAA
AAAAAAAAAAAAAAAAAAAAAAAAAAAAAAAAAAAAAAAAAAAAAAAAAAAAAAAAAAAAAAAAAAAAAAAAAAAA
AAAAAAAAAAAAAAAAAAAAAAAAAAAAAAAAAAAAAAAAAAAAAAAAAAAAAAAAAAAAAAAAAAAAAAAAAAAA
AAAAAAAAAAAAAAAAAAAAAAAAAAAAAAAAAAAAAAAAAAAAAAAAAAAAAAAAAAAAAAAAAAAAAAAAAAAA
AAAAAAAAAAAAAAAAAAAAAAAAAAAAAAAAAAAAAAAAAAAAAAAAAAAAAAAAAAAAAAAAAAAAAAAAAAAA
AAAAAAAAAAAAAAAAAAAAAAAAAAAAAAAAAAAAAAAAAAAAAAAAAAAAAAAAAAAAAAAAAAAAAAAAAAAA
AAAAAAAAAAAAAAAAAAAAAAAAAAAAAAAAAAAAAAAAAAAAAAAAAAAAAAAAAAAAAAAAAAAAAAAAAAAA
AAAAAAAAAAAAAAAAAAAAAAAAAAAAAAAAAAAAAAAAAAAAAAAAAAAAAAAAAAAAAAAAAAAAAAAAAAAA
AAAAAAAAAAAAAAAAAAAAAAAAAAAAAAAAAAAAAAAAAAAAAAAAAAAAAAAAAAAAAAAAAAAAAAAAAAAA
AAAAAAAAAAAAAAAAAAAAAAAAAAAAAAAAAAAAAAAAAAAAAAAAAAAAAAAAAAAAAAAAAAAAAAAAAAAA
AAAAAAAAAAAAAAAAAAAAAAAAAAAAAAAAAAAAAAAAAAAAAAAAAAAAAAAAAAAAAAAAAAAAAAAAAAAA
AAAAAAAAAAAAAAAAAAAAAAAAAAAAAAAAAAAAAAAAAAAAAAAAAAAAAAAAAAAAAAAAAAAAAAAAAAAA
AAAAAAAAAAAAAAAAAAAAAAAAAAAAAAAAAAAAAAAAAAAAAAAAAAAAAAAAAAAAAAAAAAAAAAAAAAAA
AAAAAAAAAAAAAAAAAAAAAAAAAAAAAAAAAAAAAAAAAAAAAAAAAAAAAAAAAAAAAAAAAAAAAAAAAAAA
AAAAAAAAAAAAAAAAAAAAAAAAAAAAAAAAAAAAAAAAAAAAAAAAAAAAAAAAAAAAAAAAAAAAAAAAAAAA
AAAAAAAAAAAAAAAAAAAAAAAAAAAAAAAAAAAAAAAAAAAAAAAAAAAAAAAAAAAAAAAAAAAAAAAAAAAA
AAAAAAAAAAAAAAAAAAAAAAAAAAAAAAAAAAAAAAAAAAAAAAAAAAAAAAAAAAAAAAAAAAAAAAAAAAAA
AAAAAAAAAAAAAAAAAAAAAAAAAAAAAAAAAAAAAAAAAAAAAAAAAAAAAAAAAAAAAAAAAAAAAAAAAAAA
AAAAAAAAAAAAAAAAAAAAAAAAAAAAAAAAAAAAAAAAAAAAAAAAAAAAAAAAAAAAAAAAAAAAAAAAAAAA
AAAAAAAAAAAAAAAAAAAAAAAAAAAAAAAAAAAAAAAAAAAAAAAAAAAAAAAAAAAAAAAAAAAAAAAAAAAA
AAAAAAAAAAAAAAAAAAAAAAAAAAAAAAAAAAAAAAAAAAAAAAAAAAAAAAAAAAAAAAAAAAAAAAAAAAAA
AAAAAAAAAAAAAAAAAAAAAAAAAAAAAAAAAAAAAAAAAAAAAAAAAAAAAAAAAAAAAAAAAAAAAAAAAAAA
AAAAAAAAAAAAAAAAAAAAAAAAAAAAAAAAAAAAAAAAAAAAAAAAAAAAAAAAAAAAAAAAAAAAAAAAAAAA
AAAAAAAAAAAAAAAAAAAAAAAAAAAAAAAAAAAAAAAAAAAAAAAAAAAAAAAAAAAAAAAAAAAAAAAAAAAA
AAAAAAAAAAAAAAAAAAAAAAAAAAAAAAAAAAAAAAAAAAAAAAAAAAAAAAAAAAAAAAAAAAAAAAAAAAAA
AAAAAAAAAAAAAAAAAAAAAAAAAAAAAAAAAAAAAAAAAAAAAAAAAAAAAAAAAAAAAAAAAAAAAAAAAAAA
AAAAAAAAAAAAAAAAAAAAAAAAAAAAAAAAAAAAAAAAAAAAAAAAAAAAAAAAAAAAAAAAAAAAAAAAAAAA
AAAAAAAAAAAAAAAAAAAAAAAAAAAAAAAAAAAAAAAAAAAAAAAAAAAAAAAAAAAAAAAAAAAAAAAAAAAA
AAAAAAAAAAAAAAAAAAAAAAAAAAAAAAAAAAAAAAAAAAAAAAAAAAAAAAAAAAAAAAAAAAAAAAAAAAAA
AAAAAAAAAAAAAAAAAAAAAAAAAAAAAAAAAAAAAAAAAAAAAAAAAAAAAAAAAAAAAAAAAAAAAAAAAAAA
AAAAAAAAAAAAAAAAAAAAAAAAAAAAAAAAAAAAAAAAAAAAAAAAAAAAAAAAAAAAAAAAAAAAAAAAAAAA
AAAAAAAAAAAAAAAAAAAAAAAAAAAAAAAAAAAAAAAAAAAAAAAAAAAAAAAAAAAAAAAAAAAAAAAAAAAA
AAAAAAAAAAAAAAAAAAAAAAAAAAAAAAAAAAAAAAAAAAAAAAAAAAAAAAAAAAAAAAAAAAAAAAAAAAAA
AAAAAAAAAAAAAAAAAAAAAAAAAAAAAAAAAAAAAAAAAAAAAAAAAAAAAAAAAAAAAAAAAAAAAAAAAAAA
AAAAAAAAAAAAAAAAAAAAAAAAAAAAAAAAAAAAAAAAAAAAAAAAAAAAAAAAAAAAAAAAAAAAAAAAAAAA
AAAAAAAAAAAAAAAAAAAAAAAAAAAAAAAAAAAAAAAAAAAAAAAAAAAAAAAAAAAAAAAAAAAAAAAAAAAA
AAAAAAAAAAAAAAAAAAAAAAAAAAAAAAAAAAAAAAAAAAAAAAAAAAAAAAAAAAAAAAAAAAAAAAAAAAAA
AAAAAAAAAAAAAAAAAAAAAAAAAAAAAAAAAAAAAAAAAAAAAAAAAAAAAAAAAAAAAAAAAAAAAAAAAAAA
AAAAAAAAAAAAAAAAAAAAAAAAAAAAAAAAAAAAAAAAAAAAAAAAAAAAAAAAAAAAAAAAAAAAAAAAAAAA
AAAAAAAAAAAAAAAAAAAAAAAAAAAAAAAAAAAAAAAAAAAAAAAAAAAAAAAAAAAAAAAAAAAAAAAAAAAA
AAAAAAAAAAAAAAAAAAAAAAAAAAAAAAAAAAAAAAAAAAAAAAAAAAAAAAAAAAAAAAAAAAAAAAAAAAAA
AAAAAAAAAAAAAAAAAAAAAAAAAAAAAAAAAAAAAAAAAAAAAAAAAAAAAAAAAAAAAAAAAAAAAAAAAAAA
AAAAAAAAAAAAAAAAAAAAAAAAAAAAAAAAAAAAAAAAAAAAAAAAAAAAAAAAAAAAAAAAAAAAAAAAAAAA
AAAAAAAAAAAAAAAAAAAAAAAAAAAAAAAAAAAAAAAAAAAAAAAAAAAAAAAAAAAAAAAAAAAAAAAAAAAA
AAAAAAAAAAAAAAAAAAAAAAAAAAAAAAAAAAAAAAAAAAAAAAAAAAAAAAAAAAAAAAAAAAAAAAAAAAAA
AAAAAAAAAAAAAAAAAAAAAAAAAAAAAAAAAAAAAAAAAAAAAAAAAAAAAAAAAAAAAAAAAAAAAAAAAAAA
AAAAAAAAAAAAAAAAAAAAAAAAAAAAAAAAAAAAAAAAAAAAAAAAAAAAAAAAAAAAAAAAAAAAAAAAAAAA
AAAAAAAAAAAAAAAAAAAAAAAAAAAAAAAAAAAAAAAAAAAAAAAAAAAAAAAAAAAAAAAAAAAAAAAAAAAA
AAAAAAAAAAAAAAAAAAAAAAAAAAAAAAAAAAAAAAAAAAAAAAAAAAAAAAAAAAAAAAAAAAAAAAAAAAAA
AAAAAAAAAAAAAAAAAAAAAAAAAAAAAAAAAAAAAAAAAAAAAAAAAAAAAAAAAAAAAAAAAAAAAAAAAAAA
AAAAAAAAAAAAAAAAAAAAAAAAAAAAAAAAAAAAAAAAAAAAAAAAAAAAAAAAAAAAAAAAAAAAAAAAAAAA
AAAAAAAAAAAAAAAAAAAAAAAAAAAAAAAAAAAAAAAAAAAAAAAAAAAAAAAAAAAAAAAAAAAAAAAAAAAA
AAAAAAAAAAAAAAAAAAAAAAAAAAAAAAAAAAAAAAAAAAAAAAAAAAAAAAAAAAAAAAAAAAAAAAAAAAAA
AAAAAAAAAAAAAAAAAAAAAAAAAAAAAAAAAAAAAAAAAAAAAAAAAAAAAAAAAAAAAAAAAAAAAAAAAAAA
AAAAAAAAAAAAAAAAAAAAAAAAAAAAAAAAAAAAAAAAAAAAAAAAAAAAAAAAAAAAAAAAAAAAAAAAAAAA
AAAAAAAAAAAAAAAAAAAAAAAAAAAAAAAAAAAAAAAAAAAAAAAAAAAAAAAAAAAAAAAAAAAAAAAAAAAA
AAAAAAAAAAAAAAAAAAAAAAAAAAAAAAAAAAAAAAAAAAAAAAAAAAAAAAAAAAAAAAAAAAAAAAAAAAAA
AAAAAAAAAAAAAAAAAAAAAAAAAAAAAAAAAAAAAAAAAAAAAAAAAAAAAAAAAAAAAAAAAAAAAAAAAAAA
AAAAAAAAAAAAAAAAAAAAAAAAAAAAAAAAAAAAAAAAAAAAAAAAAAAAAAAAAAAAAAAAAAAAAAAAAAAA
AAAAAAAAAAAAAAAAAAAAAAAAAAAAAAAAAAAAAAAAAAAAAAAAAAAAAAAAAAAAAAAAAAAAAAAAAAAA
AAAAAAAAAAAAAAAAAAAAAAAAAAAAAAAAAAAAAAAAAAAAAAAAAAAAAAAAAAAAAAAAAAAAAAAAAAAA
AAAAAAAAAAAAAAAAAAAAAAAAAAAAAAAAAAAAAAAAAAAAAAAAAAAAAAAAAAAAAAAAAAAAAAAAAAAA
AAAAAAAAAAAAAAAAAAAAAAAAAAAAAAAAAAAAAAAAAAAAAAAAAAAAAAAAAAAAAAAAAAAAAAAAAAAA
AAAAAAAAAAAAAAAAAAAAAAAAAAAAAAAAAAAAAAAAAAAAAAAAAAAAAAAAAAAAAAAAAAAAAAAAAAAA
AAAAAAAAAAAAAAAAAAAAAAAAAAAAAAAAAAAAAAAAAAAAAAAAAAAAAAAAAAAAAAAAAAAAAAAAAAAA
AAAAAAAAAAAAAAAAAAAAAAAAAAAAAAAAAAAAAAAAAAAAAAAAAAAAAAAAAAAAAAAAAAAAAAAAAAAA
AAAAAAAAAAAAAAAAAAAAAAAAAAAAAAAAAAAAAAAAAAAAAAAAAAAAAAAAAAAAAAAAAAAAAAAAAAAA
AAAAAAAAAAAAAAAAAAAAAAAAAAAAAAAAAAAAAAAAAAAAAAAAAAAAAAAAAAAAAAAAAAAAAAAAAAAA
AAAAAAAAAAAAAAAAAAAAAAAAAAAAAAAAAAAAAAAAAAAAAAAAAAAAAAAAAAAAAAAAAAAAAAAAAAAA
AAAAAAAAAAAAAAAAAAAAAAAAAAAAAAAAAAAAAAAAAAAAAAAAAAAAAAAAAAAAAAAAAAAAAAAAAAAA
AAAAAAAAAAAAAAAAAAAAAAAAAAAAAAAAAAAAAAAAAAAAAAAAAAAAAAAAAAAAAAAAAAAAAAAAAAAA
AAAAAAAAAAAAAAAAAAAAAAAAAAAAAAAAAAAAAAAAAAAAAAAAAAAAAAAAAAAAAAAAAAAAAAAAAAAA
AAAAAAAAAAAAAAAAAAAAAAAAAAAAAAAAAAAAAAAAAAAAAAAAAAAAAAAAAAAAAAAAAAAAAAAAAAAA
AAAAAAAAAAAAAAAAAAAAAAAAAAAAAAAAAAAAAAAAAAAAAAAAAAAAAAAAAAAAAAAAAAAAAAAAAAAA
AAAAAAAAAAAAAAAAAAAAAAAAAAAAAAAAAAAAAAAAAAAAAAAAAAAAAAAAAAAAAAAAAAAAAAAAAAAA
AAAAAAAAAAAAAAAAAAAAAAAAAAAAAAAAAAAAAAAAAAAAAAAAAAAAAAAAAAAAAAAAAAAAAAAAAAAA
AAAAAAAAAAAAAAAAAAAAAAAAAAAAAAAAAAAAAAAAAAAAAAAAAAAAAAAAAAAAAAAAAAAAAAAAAAAA
AAAAAAAAAAAAAAAAAAAAAAAAAAAAAAAAAAAAAAAAAAAAAAAAAAAAAAAAAAAAAAAAAAAAAAAAAAAA
AAAAAAAAAAAAAAAAAAAAAAAAAAAAAAAAAAAAAAAAAAAAAAAAAAAAAAAAAAAAAAAAAAAAAAAAAAAA
AAAAAAAAAAAAAAAAAAAAAAAAAAAAAAAAAAAAAAAAAAAAAAAAAAAAAAAAAAAAAAAAAAAAAAAAAAAA
AAAAAAAAAAAAAAAAAAAAAAAAAAAAAAAAAAAAAAAAAAAAAAAAAAAAAAAAAAAAAAAAAAAAAAAAAAAA
AAAAAAAAAAAAAAAAAAAAAAAAAAAAAAAAAAAAAAAAAAAAAAAAAAAAAAAAAAAAAAAAAAAAAAAAAAAA
AAAAAAAAAAAAAAAAAAAAAAAAAAAAAAAAAAAAAAAAAAAAAAAAAAAAAAAAAAAAAAAAAAAAAAAAAAAA
AAAAAAAAAAAAAAAAAAAAAAAAAAAAAAAAAAAAAAAAAAAAAAAAAAAAAAAAAAAAAAAAAAAAAAAAAAAA
AAAAAAAAAAAAAAAAAAAAAAAAAAAAAAAAAAAAAAAAAAAAAAAAAAAAAAAAAAAAAAAAAAAAAAAAAAAA
AAAAAAAAAAAAAAAAAAAAAAAAAAAAAAAAAAAAAAAAAAAAAAAAAAAAAAAAAAAAAAAAAAAAAAAAAAAA
AAAAAAAAAAAAAAAAAAAAAAAAAAAAAAAAAAAAAAAAAAAAAAAAAAAAAAAAAAAAAAAAAAAAAAAAAAAA
AAAAAAAAAAAAAAAAAAAAAAAAAAAAAAAAAAAAAAAAAAAAAAAAAAAAAAAAAAAAAAAAAAAAAAAAAAAA
AAAAAAAAAAAAAAAAAAAAAAAAAAAAAAAAAAAAAAAAAAAAAAAAAAAAAAAAAAAAAAAAAAAAAAAAAAAA
AAAAAAAAAAAAAAAAAAAAAAAAAAAAAAAAAAAAAAAAAAAAAAAAAAAAAAAAAAAAAAAAAAAAAAAAAAAA
AAAAAAAAAAAAAAAAAAAAAAAAAAAAAAAAAAAAAAAAAAAAAAAAAAAAAAAAAAAAAAAAAAAAAAAAAAAA
AAAAAAAAAAAAAAAAAAAAAAAAAAAAAAAAAAAAAAAAAAAAAAAAAAAAAAAAAAAAAAAAAAAAAAAAAAAA
AAAAAAAAAAAAAAAAAAAAAAAAAAAAAAAAAAAAAAAAAAAAAAAAAAAAAAAAAAAAAAAAAAAAAAAAAAAA
AAAAAAAAAAAAAAAAAAAAAAAAAAAAAAAAAAAAAAAAAAAAAAAAAAAAAAAAAAAAAAAAAAAAAAAAAAAA
AAAAAAAAAAAAAAAAAAAAAAAAAAAAAAAAAAAAAAAAAAAAAAAAAAAAAAAAAAAAAAAAAAAAAAAAAAAA
AAAAAAAAAAAAAAAAAAAAAAAAAAAAAAAAAAAAAAAAAAAAAAAAAAAAAAAAAAAAAAAAAAAAAAAAAAAA
AAAAAAAAAAAAAAAAAAAAAAAAAAAAAAAAAAAAAAAAAAAAAAAAAAAAAAAAAAAAAAAAAAAAAAAAAAAA
AAAAAAAAAAAAAAAAAAAAAAAAAAAAAAAAAAAAAAAAAAAAAAAAAAAAAAAAAAAAAAAAAAAAAAAAAAAA
AAAAAAAAAAAAAAAAAAAAAAAAAAAAAAAAAAAAAAAAAAAAAAAAAAAAAAAAAAAAAAAAAAAAAAAAAAAA
AAAAAAAAAAAAAAAAAAAAAAAAAAAAAAAAAAAAAAAAAAAAAAAAAAAAAAAAAAAAAAAAAAAAAAAAAAAA
AAAAAAAAAAAAAAAAAAAAAAAAAAAAAAAAAAAAAAAAAAAAAAAAAAAAAAAAAAAAAAAAAAAAAAAAAAAA
AAAAAAAAAAAAAAAAAAAAAAAAAAAAAAAAAAAAAAAAAAAAAAAAAAAAAAAAAAAAAAAAAAAAAAAAAAAA
AAAAAAAAAAAAAAAAAAAAAAAAAAAAAAAAAAAAAAAAAAAAAAAAAAAAAAAAAAAAAAAAAAAAAAAAAAAA
AAAAAAAAAAAAAAAAAAAAAAAAAAAAAAAAAAAAAAAAAAAAAAAAAAAAAAAAAAAAAAAAAAAAAAAAAAAA
AAAAAAAAAAAAAAAAAAAAAAAAAAAAAAAAAAAAAAAAAAAAAAAAAAAAAAAAAAAAAAAAAAAAAAAAAAAA
AAAAAAAAAAAAAAAAAAAAAAAAAAAAAAAAAAAAAAAAAAAAAAAAAAAAAAAAAAAAAAAAAAAAAAAAAAAA
AAAAAAAAAAAAAAAAAAAAAAAAAAAAAAAAAAAAAAAAAAAAAAAAAAAAAAAAAAAAAAAAAAAAAAAAAAAA
AAAAAAAAAAAAAAAAAAAAAAAAAAAAAAAAAAAAAAAAAAAAAAAAAAAAAAAAAAAAAAAAAAAAAAAAAAAA
AAAAAAAAAAAAAAAAAAAAAAAAAAAAAAAAAAAAAAAAAAAAAAAAAAAAAAAAAAAAAAAAAAAAAAAAAAAA
AAAAAAAAAAAAAAAAAAAAAAAAAAAAAAAAAAAAAAAAAAAAAAAAAAAAAAAAAAAAAAAAAAAAAAAAAAAA
AAAAAAAAAAAAAAAAAAAAAAAAAAAAAAAAAAAAAAAAAAAAAAAAAAAAAAAAAAAAAAAAAAAAAAAAAAAA
AAAAAAAAAAAAAAAAAAAAAAAAAAAAAAAAAAAAAAAAAAAAAAAAAAAAAAAAAAAAAAAAAAAAAAAAAAAA
AAAAAAAAAAAAAAAAAAAAAAAAAAAAAAAAAAAAAAAAAAAAAAAAAAAAAAAAAAAAAAAAAAAAAAAAAAAA
AAAAAAAAAAAAAAAAAAAAAAAAAAAAAAAAAAAAAAAAAAAAAAAAAAAAAAAAAAAAAAAAAAAAAAAAAAAA
AAAAAAAAAAAAAAAAAAAAAAAAAAAAAAAAAAAAAAAAAAAAAAAAAAAAAAAAAAAAAAAAAAAAAAAAAAAA
AAAAAAAAAAAAAAAAAAAAAAAAAAAAAAAAAAAAAAAAAAAAAAAAAAAAAAAAAAAAAAAAAAAAAAAAAAAA
AAAAAAAAAAAAAAAAAAAAAAAAAAAAAAAAAAAAAAAAAAAAAAAAAAAAAAAAAAAAAAAAAAAAAAAAAAAA
AAAAAAAAAAAAAAAAAAAAAAAAAAAAAAAAAAAAAAAAAAAAAAAAAAAAAAAAAAAAAAAAAAAAAAAAAAAA
AAAAAAAAAAAAAAAAAAAAAAAAAAAAAAAAAAAAAAAAAAAAAAAAAAAAAAAAAAAAAAAAAAAAAAAAAAAA
AAAAAAAAAAAAAAAAAAAAAAAAAAAAAAAAAAAAAAAAAAAAAAAAAAAAAAAAAAAAAAAAAAAAAAAAAAAA
AAAAAAAAAAAAAAAAAAAAAAAAAAAAAAAAAAAAAAAAAAAAAAAAAAAAAAAAAAAAAAAAAAAAAAAAAAAA
AAAAAAAAAAAAAAAAAAAAAAAAAAAAAAAAAAAAAAAAAAAAAAAAAAAAAAAAAAAAAAAAAAAAAAAAAAAA
AAAAAAAAAAAAAAAAAAAAAAAAAAAAAAAAAAAAAAAAAAAAAAAAAAAAAAAAAAAAAAAAAAAAAAAAAAAA
AAAAAAAAAAAAAAAAAAAAAAAAAAAAAAAAAAAAAAAAAAAAAAAAAAAAAAAAAAAAAAAAAAAAAAAAAAAA
AAAAAAAAAAAAAAAAAAAAAAAAAAAAAAAAAAAAAAAAAAAAAAAAAAAAAAAAAAAAAAAAAAAAAAAAAAAA
AAAAAAAAAAAAAAAAAAAAAAAAAAAAAAAAAAAAAAAAAAAAAAAAAAAAAAAAAAAAAAAAAAAAAAAAAAAA
AAAAAAAAAAAAAAAAAAAAAAAAAAAAAAAAAAAAAAAAAAAAAAAAAAAAAAAAAAAAAAAAAAAAAAAAAAAA
AAAAAAAAAAAAAAAAAAAAAAAAAAAAAAAAAAAAAAAAAAAAAAAAAAAAAAAAAAAAAAAAAAAAAAAAAAAA
AAAAAAAAAAAAAAAAAAAAAAAAAAAAAAAAAAAAAAAAAAAAAAAAAAAAAAAAAAAAAAAAAAAAAAAAAAAA
AAAAAAAAAAAAAAAAAAAAAAAAAAAAAAAAAAAAAAAAAAAAAAAAAAAAAAAAAAAAAAAAAAAAAAAAAAAA
AAAAAAAAAAAAAAAAAAAAAAAAAAAAAAAAAAAAAAAAAAAAAAAAAAAAAAAAAAAAAAAAAAAAAAAAAAAA
AAAAAAAAAAAAAAAAAAAAAAAAAAAAAAAAAAAAAAAAAAAAAAAAAAAAAAAAAAAAAAAAAAAAAAAAAAAA
AAAAAAAAAAAAAAAAAAAAAAAAAAAAAAAAAAAAAAAAAAAAAAAAAAAAAAAAAAAAAAAAAAAAAAAAAAAA
AAAAAAAAAAAAAAAAAAAAAAAAAAAAAAAAAAAAAAAAAAAAAAAAAAAAAAAAAAAAAAAAAAAAAAAAAAAA
AAAAAAAAAAAAAAAAAAAAAAAA
false
false
false
AAAAAAAAAAAAAAAAAAAAAAAAAAAAAAAAAAAAAAAAAAAAAAAAAAAAAAAAAAAAAAAAAAAAAAAAAAAA
AAAAAAAAAAAAAAAAAAAAAAAAAAAAAAAAAAAAAAAAAAAAAAAAAAAAAAAAAAAAAAAAAAAAAAAAAAAA
AAAAAAAAAAAAAAAAAAAAAAAAAAAAAAAAAAAAAAAAAAAAAAAAAAAAAAAAAAAAAAAAAAAAAAAAAAAA
AAAAAAAAAAAAAAAAAAAAAAAAAAAAAAAAAAAAAAAAAAAAAAAAAAAAAAAAAAAAAAAAAAAAAAAAAAAA
AAAAAAAAAAAAAAAAAAAAAAAAAAAAAAAAAAAAAAAAAAAAAAAAAAAAAAAAAAAAAAAAAAAAAAAAAAAA
AAAAAAAAAAAAAAAAAAAAAAAAAAAAAAAAAAAAAAAAAAAAAAAAAAAAAAAAAAAAAAAAAAAAAAAAAAAA
AAAAAAAAAAAAAAAAAAAAAAAAAAAAAAAAAAAAAAAAAAAAAAAAAAAAAAAAAAAAAAAAAAAAAAAAAAAA
AAAAAAAAAAAAAAAAAAAAAAAAAAAAAAAAAAAAAAAAAAAAAAAAAAAAAAAAAAAAAAAAAAAAAAAAAAAA
AAAAAAAAAAAAAAAAAAAAAAAAAAAAAAAAAAAAAAAAAAAAAAAAAAAAAAAAAAAAAAAAAAAAAAAAAAAA
AAAAAAAAAAAAAAAAAAAAAAAAAAAAAAAAAAAAAAAAAAAAAAAAAAAAAAAAAAAAAAAAAAAAAAAAAAAA
AAAAAAAAAAAAAAAAAAAAAAAAAAAAAAAAAAAAAAAAAAAAAAAAAAAAAAAAAAAAAAAAAAAAAAAAAAAA
AAAAAAAAAAAAAAAAAAAAAAAAAAAAAAAAAAAAAAAAAAAAAAAAAAAAAAAAAAAAAAAAAAAAAAAAAAAA
AAAAAAAAAAAAAAAAAAAAAAAAAAAAAAAAAAAAAAAAAAAAAAAAAAAAAAAAAAAAAAAAAAAAAAAAAAAA
AAAAAAAAAAAAAAAAAAAAAAAAAAAAAAAAAAAAAAAAAAAAAAAAAAAAAAAAAAAAAAAAAAAAAAAAAAAA
AAAAAAAAAAAAAAAAAAAAAAAAAAAAAAAAAAAAAAAAAAAAAAAAAAAAAAAAAAAAAAAAAAAAAAAAAAAA
AAAAAAAAAAAAAAAAAAAAAAAAAAAAAAAAAAAAAAAAAAAAAAAAAAAAAAAAAAAAAAAAAAAAAAAAAAAA
AAAAAAAAAAAAAAAAAAAAAAAAAAAAAAAAAAAAAAAAAAAAAAAAAAAAAAAAAAAAAAAAAAAAAAAAAAAA
AAAAAAAAAAAAAAAAAAAAAAAAAAAAAAAAAAAAAAAAAAAAAAAAAAAAAAAAAAAAAAAAAAAAAAAAAAAA
AAAAAAAAAAAAAAAAAAAAAAAAAAAAAAAAAAAAAAAAAAAAAAAAAAAAAAAAAAAAAAAAAAAAAAAAAAAA
AAAAAAAAAAAAAAAAAAAAAAAAAAAAAAAAAAAAAAAAAAAAAAAAAAAAAAAAAAAAAAAAAAAAAAAAAAAA
AAAAAAAAAAAAAAAAAAAAAAAAAAAAAAAAAAAAAAAAAAAAAAAAAAAAAAAAAAAAAAAAAAAAAAAAAAAA
AAAAAAAAAAAAAAAAAAAAAAAAAAAAAAAAAAAAAAAAAAAAAAAAAAAAAAAAAAAAAAAAAAAAAAAAAAAA
AAAAAAAAAAAAAAAAAAAAAAAAAAAAAAAAAAAAAAAAAAAAAAAAAAAAAAAAAAAAAAAAAAAAAAAAAAAA
AAAAAAAAAAAAAAAAAAAAAAAAAAAAAAAAAAAAAAAAAAAAAAAAAAAAAAAAAAAAAAAAAAAAAAAAAAAA
AAAAAAAAAAAAAAAAAAAAAAAAAAAAAAAAAAAAAAAAAAAAAAAAAAAAAAAAAAAAAAAAAAAAAAAAAAAA
AAAAAAAAAAAAAAAAAAAAAAAAAAAAAAAAAAAAAAAAAAAAAAAAAAAAAAAAAAAAAAAAAAAAAAAAAAAA
AAAAAAAAAAAAAAAAAAAAAAAAAAAAAAAAAAAAAAAAAAAAAAAAAAAAAAAAAAAAAAAAAAAAAAAAAAAA
AAAAAAAAAAAAAAAAAAAAAAAAAAAAAAAAAAAAAAAAAAAAAAAAAAAAAAAAAAAAAAAAAAAAAAAAAAAA
AAAAAAAAAAAAAAAAAAAAAAAAAAAAAAAAAAAAAAAAAAAAAAAAAAAAAAAAAAAAAAAAAAAAAAAAAAAA
AAAAAAAAAAAAAAAAAAAAAAAAAAAAAAAAAAAAAAAAAAAAAAAAAAAAAAAAAAAAAAAAAAAAAAAAAAAA
AAAAAAAAAAAAAAAAAAAAAAAAAAAAAAAAAAAAAAAAAAAAAAAAAAAAAAAAAAAAAAAAAAAAAAAAAAAA
AAAAAAAAAAAAAAAAAAAAAAAAAAAAAAAAAAAAAAAAAAAAAAAAAAAAAAAAAAAAAAAAAAAAAAAAAAAA
AAAAAAAAAAAAAAAAAAAAAAAAAAAAAAAAAAAAAAAAAAAAAAAAAAAAAAAAAAAAAAAAAAAAAAAAAAAA
AAAAAAAAAAAAAAAAAAAAAAAAAAAAAAAAAAAAAAAAAAAAAAAAAAAAAAAAAAAAAAAAAAAAAAAAAAAA
AAAAAAAAAAAAAAAAAAAAAAAAAAAAAAAAAAAAAAAAAAAAAAAAAAAAAAAAAAAAAAAAAAAAAAAAAAAA
AAAAAAAAAAAAAAAAAAAAAAAAAAAAAAAAAAAAAAAAAAAAAAAAAAAAAAAAAAAAAAAAAAAAAAAAAAAA
AAAAAAAAAAAAAAAAAAAAAAAAAAAAAAAAAAAAAAAAAAAAAAAAAAAAAAAAAAAAAAAAAAAAAAAAAAAA
AAAAAAAAAAAAAAAAAAAAAAAAAAAAAAAAAAAAAAAAAAAAAAAAAAAAAAAAAAAAAAAAAAAAAAAAAAAA
AAAAAAAAAAAAAAAAAAAAAAAAAAAAAAAAAAAAAAAAAAAAAAAAAAAAAAAAAAAAAAAAAAAAAAAAAAAA
AAAAAAAAAAAAAAAAAAAAAAAAAAAAAAAAAAAAAAAAAAAAAAAAAAAAAAAAAAAAAAAAAAAAAAAAAAAA
AAAAAAAAAAAAAAAAAAAAAAAAAAAAAAAAAAAAAAAAAAAAAAAAAAAAAAAAAAAAAAAAAAAAAAAAAAAA
AAAAAAAAAAAAAAAAAAAAAAAAAAAAAAAAAAAAAAAAAAAAAAAAAAAAAAAAAAAAAAAAAAAAAAAAAAAA
AAAAAAAAAAAAAAAAAAAAAAAAAAAAAAAAAAAAAAAAAAAAAAAAAAAAAAAAAAAAAAAAAAAAAAAAAAAA
AAAAAAAAAAAAAAAAAAAAAAAAAAAAAAAAAAAAAAAAAAAAAAAAAAAAAAAAAAAAAAAAAAAAAAAAAAAA
AAAAAAAAAAAAAAAAAAAAAAAAAAAAAAAAAAAAAAAAAAAAAAAAAAAAAAAAAAAAAAAAAAAAAAAAAAAA
AAAAAAAAAAAAAAAAAAAAAAAAAAAAAAAAAAAAAAAAAAAAAAAAAAAAAAAAAAAAAAAAAAAAAAAAAAAA
AAAAAAAAAAAAAAAAAAAAAAAAAAAAAAAAAAAAAAAAAAAAAAAAAAAAAAAAAAAAAAAAAAAAAAAAAAAA
AAAAAAAAAAAAAAAAAAAAAAAAAAAAAAAAAAAAAAAAAAAAAAAAAAAAAAAAAAAAAAAAAAAAAAAAAAAA
AAAAAAAAAAAAAAAAAAAAAAAAAAAAAAAAAAAAAAAAAAAAAAAAAAAAAAAAAAAAAAAAAAAAAAAAAAAA
AAAAAAAAAAAAAAAAAAAAAAAAAAAAAAAAAAAAAAAAAAAAAAAAAAAAAAAAAAAAAAAAAAAAAAAAAAAA
AAAAAAAAAAAAAAAAAAAAAAAAAAAAAAAAAAAAAAAAAAAAAAAAAAAAAAAAAAAAAAAAAAAAAAAAAAAA
AAAAAAAAAAAAAAAAAAAAAAAAAAAAAAAAAAAAAAAAAAAAAAAAAAAAAAAAAAAAAAAAAAAAAAAAAAAA
AAAAAAAAAAAAAAAAAAAAAAAAAAAAAAAAAAAAAAAAAAAAAAAAAAAAAAAAAAAAAAAAAAAAAAAAAAAA
AAAAAAAAAAAAAAAAAAAAAAAAAAAAAAAAAAAAAAAAAAAAAAAAAAAAAAAAAAAAAAAAAAAAAAAAAAAA
AAAAAAAAAAAAAAAAAAAAAAAAAAAAAAAAAAAAAAAAAAAAAAAAAAAAAAAAAAAAAAAAAAAAAAAAAAAA
AAAAAAAAAAAAAAAAAAAAAAAAAAAAAAAAAAAAAAAAAAAAAAAAAAAAAAAAAAAAAAAAAAAAAAAAAAAA
AAAAAAAAAAAAAAAAAAAAAAAAAAAAAAAAAAAAAAAAAAAAAAAAAAAAAAAAAAAAAAAAAAAAAAAAAAAA
AAAAAAAAAAAAAAAAAAAAAAAAAAAAAAAAAAAAAAAAAAAAAAAAAAAAAAAAAAAAAAAAAAAAAAAAAAAA
AAAAAAAAAAAAAAAAAAAAAAAAAAAAAAAAAAAAAAAAAAAAAAAAAAAAAAAAAAAAAAAAAAAAAAAAAAAA
AAAAAAAAAAAAAAAAAAAAAAAAAAAAAAAAAAAAAAAAAAAAAAAAAAAAAAAAAAAAAAAAAAAAAAAAAAAA
AAAAAAAAAAAAAAAAAAAAAAAAAAAAAAAAAAAAAAAAAAAAAAAAAAAAAAAAAAAAAAAAAAAAAAAAAAAA
AAAAAAAAAAAAAAAAAAAAAAAAAAAAAAAAAAAAAAAAAAAAAAAAAAAAAAAAAAAAAAAAAAAAAAAAAAAA
AAAAAAAAAAAAAAAAAAAAAAAAAAAAAAAAAAAAAAAAAAAAAAAAAAAAAAAAAAAAAAAAAAAAAAAAAAAA
AAAAAAAAAAAAAAAAAAAAAAAAAAAAAAAAAAAAAAAAAAAAAAAAAAAAAAAAAAAAAAAAAAAAAAAAAAAA
AAAAAAAAAAAAAAAAAAAAAAAAAAAAAAAAAAAAAAAAAAAAAAAAAAAAAAAAAAAAAAAAAAAAAAAAAAAA
AAAAAAAAAAAAAAAAAAAAAAAAAAAAAAAAAAAAAAAAAAAAAAAAAAAAAAAAAAAAAAAAAAAAAAAAAAAA
AAAAAAAAAAAAAAAAAAAAAAAAAAAAAAAAAAAAAAAAAAAAAAAAAAAAAAAAAAAAAAAAAAAAAAAAAAAA
AAAAAAAAAAAAAAAAAAAAAAAAAAAAAAAAAAAAAAAAAAAAAAAAAAAAAAAAAAAAAAAAAAAAAAAAAAAA
AAAAAAAAAAAAAAAAAAAAAAAAAAAAAAAAAAAAAAAAAAAAAAAAAAAAAAAAAAAAAAAAAAAAAAAAAAAA
AAAAAAAAAAAAAAAAAAAAAAAAAAAAAAAAAAAAAAAAAAAAAAAAAAAAAAAAAAAAAAAAAAAAAAAAAAAA
AAAAAAAAAAAAAAAAAAAAAAAAAAAAAAAAAAAAAAAAAAAAAAAAAAAAAAAAAAAAAAAAAAAAAAAAAAAA
AAAAAAAAAAAAAAAAAAAAAAAAAAAAAAAAAAAAAAAAAAAAAAAAAAAAAAAAAAAAAAAAAAAAAAAAAAAA
AAAAAAAAAAAAAAAAAAAAAAAAAAAAAAAAAAAAAAAAAAAAAAAAAAAAAAAAAAAAAAAAAAAAAAAAAAAA
AAAAAAAAAAAAAAAAAAAAAAAAAAAAAAAAAAAAAAAAAAAAAAAAAAAAAAAAAAAAAAAAAAAAAAAAAAAA
AAAAAAAAAAAAAAAAAAAAAAAAAAAAAAAAAAAAAAAAAAAAAAAAAAAAAAAAAAAAAAAAAAAAAAAAAAAA
AAAAAAAAAAAAAAAAAAAAAAAAAAAAAAAAAAAAAAAAAAAAAAAAAAAAAAAAAAAAAAAAAAAAAAAAAAAA
AAAAAAAAAAAAAAAAAAAAAAAAAAAAAAAAAAAAAAAAAAAAAAAAAAAAAAAAAAAAAAAAAAAAAAAAAAAA
AAAAAAAAAAAAAAAAAAAAAAAAAAAAAAAAAAAAAAAAAAAAAAAAAAAAAAAAAAAAAAAAAAAAAAAAAAAA
AAAAAAAAAAAAAAAAAAAAAAAAAAAAAAAAAAAAAAAAAAAAAAAAAAAAAAAAAAAAAAAAAAAAAAAAAAAA
AAAAAAAAAAAAAAAAAAAAAAAAAAAAAAAAAAAAAAAAAAAAAAAAAAAAAAAAAAAAAAAAAAAAAAAAAAAA
AAAAAAAAAAAAAAAAAAAAAAAAAAAAAAAAAAAAAAAAAAAAAAAAAAAAAAAAAAAAAAAAAAAAAAAAAAAA
AAAAAAAAAAAAAAAAAAAAAAAAAAAAAAAAAAAAAAAAAAAAAAAAAAAAAAAAAAAAAAAAAAAAAAAAAAAA
AAAAAAAAAAAAAAAAAAAAAAAAAAAAAAAAAAAAAAAAAAAAAAAAAAAAAAAAAAAAAAAAAAAAAAAAAAAA
AAAAAAAAAAAAAAAAAAAAAAAAAAAAAAAAAAAAAAAAAAAAAAAAAAAAAAAAAAAAAAAAAAAAAAAAAAAA
AAAAAAAAAAAAAAAAAAAAAAAAAAAAAAAAAAAAAAAAAAAAAAAAAAAAAAAAAAAAAAAAAAAAAAAAAAAA
AAAAAAAAAAAAAAAAAAAAAAAAAAAAAAAAAAAAAAAAAAAAAAAAAAAAAAAAAAAAAAAAAAAAAAAAAAAA
AAAAAAAAAAAAAAAAAAAAAAAAAAAAAAAAAAAAAAAAAAAAAAAAAAAAAAAAAAAAAAAAAAAAAAAAAAAA
AAAAAAAAAAAAAAAAAAAAAAAAAAAAAAAAAAAAAAAAAAAAAAAAAAAAAAAAAAAAAAAAAAAAAAAAAAAA
AAAAAAAAAAAAAAAAAAAAAAAAAAAAAAAAAAAAAAAAAAAAAAAAAAAAAAAAAAAAAAAAAAAAAAAAAAAA
AAAAAAAAAAAAAAAAAAAAAAAAAAAAAAAAAAAAAAAAAAAAAAAAAAAAAAAAAAAAAAAAAAAAAAAAAAAA
AAAAAAAAAAAAAAAAAAAAAAAAAAAAAAAAAAAAAAAAAAAAAAAAAAAAAAAAAAAAAAAAAAAAAAAAAAAA
AAAAAAAAAAAAAAAAAAAAAAAAAAAAAAAAAAAAAAAAAAAAAAAAAAAAAAAAAAAAAAAAAAAAAAAAAAAA
AAAAAAAAAAAAAAAAAAAAAAAAAAAAAAAAAAAAAAAAAAAAAAAAAAAAAAAAAAAAAAAAAAAAAAAAAAAA
AAAAAAAAAAAAAAAAAAAAAAAAAAAAAAAAAAAAAAAAAAAAAAAAAAAAAAAAAAAAAAAAAAAAAAAAAAAA
AAAAAAAAAAAAAAAAAAAAAAAAAAAAAAAAAAAAAAAAAAAAAAAAAAAAAAAAAAAAAAAAAAAAAAAAAAAA
AAAAAAAAAAAAAAAAAAAAAAAAAAAAAAAAAAAAAAAAAAAAAAAAAAAAAAAAAAAAAAAAAAAAAAAAAAAA
AAAAAAAAAAAAAAAAAAAAAAAAAAAAAAAAAAAAAAAAAAAAAAAAAAAAAAAAAAAAAAAAAAAAAAAAAAAA
AAAAAAAAAAAAAAAAAAAAAAAAAAAAAAAAAAAAAAAAAAAAAAAAAAAAAAAAAAAAAAAAAAAAAAAAAAAA
AAAAAAAAAAAAAAAAAAAAAAAAAAAAAAAAAAAAAAAAAAAAAAAAAAAAAAAAAAAAAAAAAAAAAAAAAAAA
AAAAAAAAAAAAAAAAAAAAAAAAAAAAAAAAAAAAAAAAAAAAAAAAAAAAAAAAAAAAAAAAAAAAAAAAAAAA
AAAAAAAAAAAAAAAAAAAAAAAAAAAAAAAAAAAAAAAAAAAAAAAAAAAAAAAAAAAAAAAAAAAAAAAAAAAA
AAAAAAAAAAAAAAAAAAAAAAAAAAAAAAAAAAAAAAAAAAAAAAAAAAAAAAAAAAAAAAAAAAAAAAAAAAAA
AAAAAAAAAAAAAAAAAAAAAAAAAAAAAAAAAAAAAAAAAAAAAAAAAAAAAAAAAAAAAAAAAAAAAAAAAAAA
AAAAAAAAAAAAAAAAAAAAAAAAAAAAAAAAAAAAAAAAAAAAAAAAAAAAAAAAAAAAAAAAAAAAAAAAAAAA
AAAAAAAAAAAAAAAAAAAAAAAAAAAAAAAAAAAAAAAAAAAAAAAAAAAAAAAAAAAAAAAAAAAAAAAAAAAA
AAAAAAAAAAAAAAAAAAAAAAAAAAAAAAAAAAAAAAAAAAAAAAAAAAAAAAAAAAAAAAAAAAAAAAAAAAAA
AAAAAAAAAAAAAAAAAAAAAAAAAAAAAAAAAAAAAAAAAAAAAAAAAAAAAAAAAAAAAAAAAAAAAAAAAAAA
AAAAAAAAAAAAAAAAAAAAAAAAAAAAAAAAAAAAAAAAAAAAAAAAAAAAAAAAAAAAAAAAAAAAAAAAAAAA
AAAAAAAAAAAAAAAAAAAAAAAAAAAAAAAAAAAAAAAAAAAAAAAAAAAAAAAAAAAAAAAAAAAAAAAAAAAA
AAAAAAAAAAAAAAAAAAAAAAAAAAAAAAAAAAAAAAAAAAAAAAAAAAAAAAAAAAAAAAAAAAAAAAAAAAAA
AAAAAAAAAAAAAAAAAAAAAAAAAAAAAAAAAAAAAAAAAAAAAAAAAAAAAAAAAAAAAAAAAAAAAAAAAAAA
AAAAAAAAAAAAAAAAAAAAAAAAAAAAAAAAAAAAAAAAAAAAAAAAAAAAAAAAAAAAAAAAAAAAAAAAAAAA
AAAAAAAAAAAAAAAAAAAAAAAAAAAAAAAAAAAAAAAAAAAAAAAAAAAAAAAAAAAAAAAAAAAAAAAAAAAA
AAAAAAAAAAAAAAAAAAAAAAAAAAAAAAAAAAAAAAAAAAAAAAAAAAAAAAAAAAAAAAAAAAAAAAAAAAAA
AAAAAAAAAAAAAAAAAAAAAAAAAAAAAAAAAAAAAAAAAAAAAAAAAAAAAAAAAAAAAAAAAAAAAAAAAAAA
AAAAAAAAAAAAAAAAAAAAAAAAAAAAAAAAAAAAAAAAAAAAAAAAAAAAAAAAAAAAAAAAAAAAAAAAAAAA
AAAAAAAAAAAAAAAAAAAAAAAAAAAAAAAAAAAAAAAAAAAAAAAAAAAAAAAAAAAAAAAAAAAAAAAAAAAA
AAAAAAAAAAAAAAAAAAAAAAAAAAAAAAAAAAAAAAAAAAAAAAAAAAAAAAAAAAAAAAAAAAAAAAAAAAAA
AAAAAAAAAAAAAAAAAAAAAAAAAAAAAAAAAAAAAAAAAAAAAAAAAAAAAAAAAAAAAAAAAAAAAAAAAAAA
AAAAAAAAAAAAAAAAAAAAAAAAAAAAAAAAAAAAAAAAAAAAAAAAAAAAAAAAAAAAAAAAAAAAAAAAAAAA
AAAAAAAAAAAAAAAAAAAAAAAAAAAAAAAAAAAAAAAAAAAAAAAAAAAAAAAAAAAAAAAAAAAAAAAAAAAA
AAAAAAAAAAAAAAAAAAAAAAAAAAAAAAAAAAAAAAAAAAAAAAAAAAAAAAAAAAAAAAAAAAAAAAAAAAAA
AAAAAAAAAAAAAAAAAAAAAAAAAAAAAAAAAAAAAAAAAAAAAAAAAAAAAAAAAAAAAAAAAAAAAAAAAAAA
AAAAAAAAAAAAAAAAAAAAAAAAAAAAAAAAAAAAAAAAAAAAAAAAAAAAAAAAAAAAAAAAAAAAAAAAAAAA
AAAAAAAAAAAAAAAAAAAAAAAAAAAAAAAAAAAAAAAAAAAAAAAAAAAAAAAAAAAAAAAAAAAAAAAAAAAA
AAAAAAAAAAAAAAAAAAAAAAAAAAAAAAAAAAAAAAAAAAAAAAAAAAAAAAAAAAAAAAAAAAAAAAAAAAAA
AAAAAAAAAAAAAAAAAAAAAAAAAAAAAAAAAAAAAAAAAAAAAAAAAAAAAAAAAAAAAAAAAAAAAAAAAAAA
AAAAAAAAAAAAAAAAAAAAAAAAAAAAAAAAAAAAAAAAAAAAAAAAAAAAAAAAAAAAAAAAAAAAAAAAAAAA
AAAAAAAAAAAAAAAAAAAAAAAAAAAAAAAAAAAAAAAAAAAAAAAAAAAAAAAAAAAAAAAAAAAAAAAAAAAA
AAAAAAAAAAAAAAAAAAAAAAAAAAAAAAAAAAAAAAAAAAAAAAAAAAAAAAAAAAAAAAAAAAAAAAAAAAAA
AAAAAAAAAAAAAAAAAAAAAAAAAAAAAAAAAAAAAAAAAAAAAAAAAAAAAAAAAAAAAAAAAAAAAAAAAAAA
AAAAAAAAAAAAAAAAAAAAAAAAAAAAAAAAAAAAAAAAAAAAAAAAAAAAAAAAAAAAAAAAAAAAAAAAAAAA
AAAAAAAAAAAAAAAAAAAAAAAAAAAAAAAAAAAAAAAAAAAAAAAAAAAAAAAAAAAAAAAAAAAAAAAAAAAA
AAAAAAAAAAAAAAAAAAAAAAAAAAAAAAAAAAAAAAAAAAAAAAAAAAAAAAAAAAAAAAAAAAAAAAAAAAAA
AAAAAAAAAAAAAAAAAAAAAAAAAAAAAAAAAAAAAAAAAAAAAAAAAAAAAAAAAAAAAAAAAAAAAAAAAAAA
AAAAAAAAAAAAAAAAAAAAAAAAAAAAAAAAAAAAAAAAAAAAAAAAAAAAAAAAAAAAAAAAAAAAAAAAAAAA
AAAAAAAAAAAAAAAAAAAAAAAAAAAAAAAAAAAAAAAAAAAAAAAAAAAAAAAAAAAAAAAAAAAAAAAAAAAA
AAAAAAAAAAAAAAAAAAAAAAAAAAAAAAAAAAAAAAAAAAAAAAAAAAAAAAAAAAAAAAAAAAAAAAAAAAAA
AAAAAAAAAAAAAAAAAAAAAAAAAAAAAAAAAAAAAAAAAAAAAAAAAAAAAAAAAAAAAAAAAAAAAAAAAAAA
AAAAAAAAAAAAAAAAAAAAAAAAAAAAAAAAAAAAAAAAAAAAAAAAAAAAAAAAAAAAAAAAAAAAAAAAAAAA
AAAAAAAAAAAAAAAAAAAAAAAAAAAAAAAAAAAAAAAAAAAAAAAAAAAAAAAAAAAAAAAAAAAAAAAAAAAA
AAAAAAAAAAAAAAAAAAAAAAAAAAAAAAAAAAAAAAAAAAAAAAAAAAAAAAAAAAAAAAAAAAAAAAAAAAAA
AAAAAAAAAAAAAAAAAAAAAAAAAAAAAAAAAAAAAAAAAAAAAAAAAAAAAAAAAAAAAAAAAAAAAAAAAAAA
AAAAAAAAAAAAAAAAAAAAAAAAAAAAAAAAAAAAAAAAAAAAAAAAAAAAAAAAAAAAAAAAAAAAAAAAAAAA
AAAAAAAAAAAAAAAAAAAAAAAAAAAAAAAAAAAAAAAAAAAAAAAAAAAAAAAAAAAAAAAAAAAAAAAAAAAA
AAAAAAAAAAAAAAAAAAAAAAAAAAAAAAAAAAAAAAAAAAAAAAAAAAAAAAAAAAAAAAAAAAAAAAAAAAAA
AAAAAAAAAAAAAAAAAAAAAAAAAAAAAAAAAAAAAAAAAAAAAAAAAAAAAAAAAAAAAAAAAAAAAAAAAAAA
AAAAAAAAAAAAAAAAAAAAAAAAAAAAAAAAAAAAAAAAAAAAAAAAAAAAAAAAAAAAAAAAAAAAAAAAAAAA
AAAAAAAAAAAAAAAAAAAAAAAAAAAAAAAAAAAAAAAAAAAAAAAAAAAAAAAAAAAAAAAAAAAAAAAAAAAA
AAAAAAAAAAAAAAAAAAAAAAAAAAAAAAAAAAAAAAAAAAAAAAAAAAAAAAAAAAAAAAAAAAAAAAAAAAAA
AAAAAAAAAAAAAAAAAAAAAAAAAAAAAAAAAAAAAAAAAAAAAAAAAAAAAAAAAAAAAAAAAAAAAAAAAAAA
AAAAAAAAAAAAAAAAAAAAAAAAAAAAAAAAAAAAAAAAAAAAAAAAAAAAAAAAAAAAAAAAAAAAAAAAAAAA
AAAAAAAAAAAAAAAAAAAAAAAAAAAAAAAAAAAAAAAAAAAAAAAAAAAAAAAAAAAAAAAAAAAAAAAAAAAA
AAAAAAAAAAAAAAAAAAAAAAAAAAAAAAAAAAAAAAAAAAAAAAAAAAAAAAAAAAAAAAAAAAAAAAAAAAAA
AAAAAAAAAAAAAAAAAAAAAAAAAAAAAAAAAAAAAAAAAAAAAAAAAAAAAAAAAAAAAAAAAAAAAAAAAAAA
AAAAAAAAAAAAAAAAAAAAAAAAAAAAAAAAAAAAAAAAAAAAAAAAAAAAAAAAAAAAAAAAAAAAAAAAAAAA
AAAAAAAAAAAAAAAAAAAAAAAAAAAAAAAAAAAAAAAAAAAAAAAAAAAAAAAAAAAAAAAAAAAAAAAAAAAA
AAAAAAAAAAAAAAAAAAAAAAAAAAAAAAAAAAAAAAAAAAAAAAAAAAAAAAAAAAAAAAAAAAAAAAAAAAAA
AAAAAAAAAAAAAAAAAAAAAAAAAAAAAAAAAAAAAAAAAAAAAAAAAAAAAAAAAAAAAAAAAAAAAAAAAAAA
AAAAAAAAAAAAAAAAAAAAAAAAAAAAAAAAAAAAAAAAAAAAAAAAAAAAAAAAAAAAAAAAAAAAAAAAAAAA
AAAAAAAAAAAAAAAAAAAAAAAAAAAAAAAAAAAAAAAAAAAAAAAAAAAAAAAAAAAAAAAAAAAAAAAAAAAA
AAAAAAAAAAAAAAAAAAAAAAAAAAAAAAAAAAAAAAAAAAAAAAAAAAAAAAAAAAAAAAAAAAAAAAAAAAAA
AAAAAAAAAAAAAAAAAAAAAAAAAAAAAAAAAAAAAAAAAAAAAAAAAAAAAAAAAAAAAAAAAAAAAAAAAAAA
AAAAAAAAAAAAAAAAAAAAAAAAAAAAAAAAAAAAAAAAAAAAAAAAAAAAAAAAAAAAAAAAAAAAAAAAAAAA
AAAAAAAAAAAAAAAAAAAAAAAAAAAAAAAAAAAAAAAAAAAAAAAAAAAAAAAAAAAAAAAAAAAAAAAAAAAA
AAAAAAAAAAAAAAAAAAAAAAAAAAAAAAAAAAAAAAAAAAAAAAAAAAAAAAAAAAAAAAAAAAAAAAAAAAAA
AAAAAAAAAAAAAAAAAAAAAAAAAAAAAAAAAAAAAAAAAAAAAAAAAAAAAAAAAAAAAAAAAAAAAAAAAAAA
AAAAAAAAAAAAAAAAAAAAAAAAAAAAAAAAAAAAAAAAAAAAAAAAAAAAAAAAAAAAAAAAAAAAAAAAAAAA
AAAAAAAAAAAAAAAAAAAAAAAAAAAAAAAAAAAAAAAAAAAAAAAAAAAAAAAAAAAAAAAAAAAAAAAAAAAA
AAAAAAAAAAAAAAAAAAAAAAAAAAAAAAAAAAAAAAAAAAAAAAAAAAAAAAAAAAAAAAAAAAAAAAAAAAAA
AAAAAAAAAAAAAAAAAAAAAAAAAAAAAAAAAAAAAAAAAAAAAAAAAAAAAAAAAAAAAAAAAAAAAAAAAAAA
AAAAAAAAAAAAAAAAAAAAAAAAAAAAAAAAAAAAAAAAAAAAAAAAAAAAAAAAAAAAAAAAAAAAAAAAAAAA
AAAAAAAAAAAAAAAAAAAAAAAAAAAAAAAAAAAAAAAAAAAAAAAAAAAAAAAAAAAAAAAAAAAAAAAAAAAA
AAAAAAAAAAAAAAAAAAAAAAAAAAAAAAAAAAAAAAAAAAAAAAAAAAAAAAAAAAAAAAAAAAAAAAAAAAAA
AAAAAAAAAAAAAAAAAAAAAAAAAAAAAAAAAAAAAAAAAAAAAAAAAAAAAAAAAAAAAAAAAAAAAAAAAAAA
AAAAAAAAAAAAAAAAAAAAAAAAAAAAAAAAAAAAAAAAAAAAAAAAAAAAAAAAAAAAAAAAAAAAAAAAAAAA
AAAAAAAAAAAAAAAAAAAAAAAAAAAAAAAAAAAAAAAAAAAAAAAAAAAAAAAAAAAAAAAAAAAAAAAAAAAA
AAAAAAAAAAAAAAAAAAAAAAAAAAAAAAAAAAAAAAAAAAAAAAAAAAAAAAAAAAAAAAAAAAAAAAAAAAAA
AAAAAAAAAAAAAAAAAAAAAAAAAAAAAAAAAAAAAAAAAAAAAAAAAAAAAAAAAAAAAAAAAAAAAAAAAAAA
AAAAAAAAAAAAAAAAAAAAAAAAAAAAAAAAAAAAAAAAAAAAAAAAAAAAAAAAAAAAAAAAAAAAAAAAAAAA
AAAAAAAAAAAAAAAAAAAAAAAAAAAAAAAAAAAAAAAAAAAAAAAAAAAAAAAAAAAAAAAAAAAAAAAAAAAA
AAAAAAAAAAAAAAAAAAAAAAAAAAAAAAAAAAAAAAAAAAAAAAAAAAAAAAAAAAAAAAAAAAAAAAAAAAAA
AAAAAAAAAAAAAAAAAAAAAAAAAAAAAAAAAAAAAAAAAAAAAAAAAAAAAAAAAAAAAAAAAAAAAAAAAAAA
AAAAAAAAAAAAAAAAAAAAAAAAAAAAAAAAAAAAAAAAAAAAAAAAAAAAAAAAAAAAAAAAAAAAAAAAAAAA
AAAAAAAAAAAAAAAAAAAAAAAAAAAAAAAAAAAAAAAAAAAAAAAAAAAAAAAAAAAAAAAAAAAAAAAAAAAA
AAAAAAAAAAAAAAAAAAAAAAAAAAAAAAAAAAAAAAAAAAAAAAAAAAAAAAAAAAAAAAAAAAAAAAAAAAAA
AAAAAAAAAAAAAAAAAAAAAAAAAAAAAAAAAAAAAAAAAAAAAAAAAAAAAAAAAAAAAAAAAAAAAAAAAAAA
AAAAAAAAAAAAAAAAAAAAAAAAAAAAAAAAAAAAAAAAAAAAAAAAAAAAAAAAAAAAAAAAAAAAAAAAAAAA
AAAAAAAAAAAAAAAAAAAAAAAAAAAAAAAAAAAAAAAAAAAAAAAAAAAAAAAAAAAAAAAAAAAAAAAAAAAA
AAAAAAAAAAAAAAAAAAAAAAAAAAAAAAAAAAAAAAAAAAAAAAAAAAAAAAAAAAAAAAAAAAAAAAAAAAAA
AAAAAAAAAAAAAAAAAAAAAAAAAAAAAAAAAAAAAAAAAAAAAAAAAAAAAAAAAAAAAAAAAAAAAAAAAAAA
AAAAAAAAAAAAAAAAAAAAAAAAAAAAAAAAAAAAAAAAAAAAAAAAAAAAAAAAAAAAAAAAAAAAAAAAAAAA
AAAAAAAAAAAAAAAAAAAAAAAAAAAAAAAAAAAAAAAAAAAAAAAAAAAAAAAAAAAAAAAAAAAAAAAAAAAA
AAAAAAAAAAAAAAAAAAAAAAAAAAAAAAAAAAAAAAAAAAAAAAAAAAAAAAAAAAAAAAAAAAAAAAAAAAAA
AAAAAAAAAAAAAAAAAAAAAAAAAAAAAAAAAAAAAAAAAAAAAAAAAAAAAAAAAAAAAAAAAAAAAAAAAAAA
AAAAAAAAAAAAAAAAAAAAAAAAAAAAAAAAAAAAAAAAAAAAAAAAAAAAAAAAAAAAAAAAAAAAAAAAAAAA
AAAAAAAAAAAAAAAAAAAAAAAAAAAAAAAAAAAAAAAAAAAAAAAAAAAAAAAAAAAAAAAAAAAAAAAAAAAA
AAAAAAAAAAAAAAAAAAAAAAAAAAAAAAAAAAAAAAAAAAAAAAAAAAAAAAAAAAAAAAAAAAAAAAAAAAAA
AAAAAAAAAAAAAAAAAAAAAAAAAAAAAAAAAAAAAAAAAAAAAAAAAAAAAAAAAAAAAAAAAAAAAAAAAAAA
AAAAAAAAAAAAAAAAAAAAAAAAAAAAAAAAAAAAAAAAAAAAAAAAAAAAAAAAAAAAAAAAAAAAAAAAAAAA
AAAAAAAAAAAAAAAAAAAAAAAAAAAAAAAAAAAAAAAAAAAAAAAAAAAAAAAAAAAAAAAAAAAAAAAAAAAA
AAAAAAAAAAAAAAAAAAAAAAAAAAAAAAAAAAAAAAAAAAAAAAAAAAAAAAAAAAAAAAAAAAAAAAAAAAAA
AAAAAAAAAAAAAAAAAAAAAAAAAAAAAAAAAAAAAAAAAAAAAAAAAAAAAAAAAAAAAAAAAAAAAAAAAAAA
AAAAAAAAAAAAAAAAAAAAAAAAAAAAAAAAAAAAAAAAAAAAAAAAAAAAAAAAAAAAAAAAAAAAAAAAAAAA
AAAAAAAAAAAAAAAAAAAAAAAAAAAAAAAAAAAAAAAAAAAAAAAAAAAAAAAAAAAAAAAAAAAAAAAAAAAA
AAAAAAAAAAAAAAAAAAAAAAAAAAAAAAAAAAAAAAAAAAAAAAAAAAAAAAAAAAAAAAAAAAAAAAAAAAAA
AAAAAAAAAAAAAAAAAAAAAAAAAAAAAAAAAAAAAAAAAAAAAAAAAAAAAAAAAAAAAAAAAAAAAAAAAAAA
AAAAAAAAAAAAAAAAAAAAAAAAAAAAAAAAAAAAAAAAAAAAAAAAAAAAAAAAAAAAAAAAAAAAAAAAAAAA
AAAAAAAAAAAAAAAAAAAAAAAAAAAAAAAAAAAAAAAAAAAAAAAAAAAAAAAAAAAAAAAAAAAAAAAAAAAA
AAAAAAAAAAAAAAAAAAAAAAAAAAAAAAAAAAAAAAAAAAAAAAAAAAAAAAAAAAAAAAAAAAAAAAAAAAAA
AAAAAAAAAAAAAAAAAAAAAAAAAAAAAAAAAAAAAAAAAAAAAAAAAAAAAAAAAAAAAAAAAAAAAAAAAAAA
AAAAAAAAAAAAAAAAAAAAAAAAAAAAAAAAAAAAAAAAAAAAAAAAAAAAAAAAAAAAAAAAAAAAAAAAAAAA
AAAAAAAAAAAAAAAAAAAAAAAAAAAAAAAAAAAAAAAAAAAAAAAAAAAAAAAAAAAAAAAAAAAAAAAAAAAA
AAAAAAAAAAAAAAAAAAAAAAAAAAAAAAAAAAAAAAAAAAAAAAAAAAAAAAAAAAAAAAAAAAAAAAAAAAAA
AAAAAAAAAAAAAAAAAAAAAAAAAAAAAAAAAAAAAAAAAAAAAAAAAAAAAAAAAAAAAAAAAAAAAAAAAAAA
AAAAAAAAAAAAAAAAAAAAAAAAAAAAAAAAAAAAAAAAAAAAAAAAAAAAAAAAAAAAAAAAAAAAAAAAAAAA
AAAAAAAAAAAAAAAAAAAAAAAAAAAAAAAAAAAAAAAAAAAAAAAAAAAAAAAAAAAAAAAAAAAAAAAAAAAA
AAAAAAAAAAAAAAAAAAAAAAAAAAAAAAAAAAAAAAAAAAAAAAAAAAAAAAAAAAAAAAAAAAAAAAAAAAAA
AAAAAAAAAAAAAAAAAAAAAAAAAAAAAAAAAAAAAAAAAAAAAAAAAAAAAAAAAAAAAAAAAAAAAAAAAAAA
AAAAAAAAAAAAAAAAAAAAAAAAAAAAAAAAAAAAAAAAAAAAAAAAAAAAAAAAAAAAAAAAAAAAAAAAAAAA
AAAAAAAAAAAAAAAAAAAAAAAAAAAAAAAAAAAAAAAAAAAAAAAAAAAAAAAAAAAAAAAAAAAAAAAAAAAA
AAAAAAAAAAAAAAAAAAAAAAAAAAAAAAAAAAAAAAAAAAAAAAAAAAAAAAAAAAAAAAAAAAAAAAAAAAAA
AAAAAAAAAAAAAAAAAAAAAAAAAAAAAAAAAAAAAAAAAAAAAAAAAAAAAAAAAAAAAAAAAAAAAAAAAAAA
AAAAAAAAAAAAAAAAAAAAAAAAAAAAAAAAAAAAAAAAAAAAAAAAAAAAAAAAAAAAAAAAAAAAAAAAAAAA
AAAAAAAAAAAAAAAAAAAAAAAAAAAAAAAAAAAAAAAAAAAAAAAAAAAAAAAAAAAAAAAAAAAAAAAAAAAA
AAAAAAAAAAAAAAAAAAAAAAAAAAAAAAAAAAAAAAAAAAAAAAAAAAAAAAAAAAAAAAAAAAAAAAAAAAAA
AAAAAAAAAAAAAAAAAAAAAAAAAAAAAAAAAAAAAAAAAAAAAAAAAAAAAAAAAAAAAAAAAAAAAAAAAAAA
AAAAAAAAAAAAAAAAAAAAAAAAAAAAAAAAAAAAAAAAAAAAAAAAAAAAAAAAAAAAAAAAAAAAAAAAAAAA
AAAAAAAAAAAAAAAAAAAAAAAAAAAAAAAAAAAAAAAAAAAAAAAAAAAAAAAAAAAAAAAAAAAAAAAAAAAA
AAAAAAAAAAAAAAAAAAAAAAAAAAAAAAAAAAAAAAAAAAAAAAAAAAAAAAAAAAAAAAAAAAAAAAAAAAAA
AAAAAAAAAAAAAAAAAAAAAAAAAAAAAAAAAAAAAAAAAAAAAAAAAAAAAAAAAAAAAAAAAAAAAAAAAAAA
AAAAAAAAAAAAAAAAAAAAAAAAAAAAAAAAAAAAAAAAAAAAAAAAAAAAAAAAAAAAAAAAAAAAAAAAAAAA
AAAAAAAAAAAAAAAAAAAAAAAAAAAAAAAAAAAAAAAAAAAAAAAAAAAAAAAAAAAAAAAAAAAAAAAAAAAA
AAAAAAAAAAAAAAAAAAAAAAAAAAAAAAAAAAAAAAAAAAAAAAAAAAAAAAAAAAAAAAAAAAAAAAAAAAAA
AAAAAAAAAAAAAAAAAAAAAAAAAAAAAAAAAAAAAAAAAAAAAAAAAAAAAAAAAAAAAAAAAAAAAAAAAAAA
AAAAAAAAAAAAAAAAAAAAAAAAAAAAAAAAAAAAAAAAAAAAAAAAAAAAAAAAAAAAAAAAAAAAAAAAAAAA
AAAAAAAAAAAAAAAAAAAAAAAAAAAAAAAAAAAAAAAAAAAAAAAAAAAAAAAAAAAAAAAAAAAAAAAAAAAA
AAAAAAAAAAAAAAAAAAAAAAAAAAAAAAAAAAAAAAAAAAAAAAAAAAAAAAAAAAAAAAAAAAAAAAAAAAAA
AAAAAAAAAAAAAAAAAAAAAAAAAAAAAAAAAAAAAAAAAAAAAAAAAAAAAAAAAAAAAAAAAAAAAAAAAAAA
AAAAAAAAAAAAAAAAAAAAAAAAAAAAAAAAAAAAAAAAAAAAAAAAAAAAAAAAAAAAAAAAAAAAAAAAAAAA
AAAAAAAAAAAAAAAAAAAAAAAAAAAAAAAAAAAAAAAAAAAAAAAAAAAAAAAAAAAAAAAAAAAAAAAAAAAA
AAAAAAAAAAAAAAAAAAAAAAAAAAAAAAAAAAAAAAAAAAAAAAAAAAAAAAAAAAAAAAAAAAAAAAAAAAAA
AAAAAAAAAAAAAAAAAAAAAAAAAAAAAAAAAAAAAAAAAAAAAAAAAAAAAAAAAAAAAAAAAAAAAAAAAAAA
AAAAAAAAAAAAAAAAAAAAAAAAAAAAAAAAAAAAAAAAAAAAAAAAAAAAAAAAAAAAAAAAAAAAAAAAAAAA
AAAAAAAAAAAAAAAAAAAAAAAAAAAAAAAAAAAAAAAAAAAAAAAAAAAAAAAAAAAAAAAAAAAAAAAAAAAA
AAAAAAAAAAAAAAAAAAAAAAAAAAAAAAAAAAAAAAAAAAAAAAAAAAAAAAAAAAAAAAAAAAAAAAAAAAAA
AAAAAAAAAAAAAAAAAAAAAAAAAAAAAAAAAAAAAAAAAAAAAAAAAAAAAAAAAAAAAAAAAAAAAAAAAAAA
AAAAAAAAAAAAAAAAAAAAAAAAAAAAAAAAAAAAAAAAAAAAAAAAAAAAAAAAAAAAAAAAAAAAAAAAAAAA
AAAAAAAAAAAAAAAAAAAAAAAAAAAAAAAAAAAAAAAAAAAAAAAAAAAAAAAAAAAAAAAAAAAAAAAAAAAA
AAAAAAAAAAAAAAAAAAAAAAAAAAAAAAAAAAAAAAAAAAAAAAAAAAAAAAAAAAAAAAAAAAAAAAAAAAAA
AAAAAAAAAAAAAAAAAAAAAAAAAAAAAAAAAAAAAAAAAAAAAAAAAAAAAAAAAAAAAAAAAAAAAAAAAAAA
AAAAAAAAAAAAAAAAAAAAAAAAAAAAAAAAAAAAAAAAAAAAAAAAAAAAAAAAAAAAAAAAAAAAAAAAAAAA
AAAAAAAAAAAAAAAAAAAAAAAAAAAAAAAAAAAAAAAAAAAAAAAAAAAAAAAAAAAAAAAAAAAAAAAAAAAA
AAAAAAAAAAAAAAAAAAAAAAAAAAAAAAAAAAAAAAAAAAAAAAAAAAAAAAAAAAAAAAAAAAAAAAAAAAAA
AAAAAAAAAAAAAAAAAAAAAAAAAAAAAAAAAAAAAAAAAAAAAAAAAAAAAAAAAAAAAAAAAAAAAAAAAAAA
AAAAAAAAAAAAAAAAAAAAAAAAAAAAAAAAAAAAAAAAAAAAAAAAAAAAAAAAAAAAAAAAAAAAAAAAAAAA
AAAAAAAAAAAAAAAAAAAAAAAAAAAAAAAAAAAAAAAAAAAAAAAAAAAAAAAAAAAAAAAAAAAAAAAAAAAA
AAAAAAAAAAAAAAAAAAAAAAAAAAAAAAAAAAAAAAAAAAAAAAAAAAAAAAAAAAAAAAAAAAAAAAAAAAAA
AAAAAAAAAAAAAAAAAAAAAAAAAAAAAAAAAAAAAAAAAAAAAAAAAAAAAAAAAAAAAAAAAAAAAAAAAAAA
AAAAAAAAAAAAAAAAAAAAAAAAAAAAAAAAAAAAAAAAAAAAAAAAAAAAAAAAAAAAAAAAAAAAAAAAAAAA
AAAAAAAAAAAAAAAAAAAAAAAAAAAAAAAAAAAAAAAAAAAAAAAAAAAAAAAAAAAAAAAAAAAAAAAAAAAA
AAAAAAAAAAAAAAAAAAAAAAAAAAAAAAAAAAAAAAAAAAAAAAAAAAAAAAAAAAAAAAAAAAAAAAAAAAAA
AAAAAAAAAAAAAAAAAAAAAAAAAAAAAAAAAAAAAAAAAAAAAAAAAAAAAAAAAAAAAAAAAAAAAAAAAAAA
AAAAAAAAAAAAAAAAAAAAAAAAAAAAAAAAAAAAAAAAAAAAAAAAAAAAAAAAAAAAAAAAAAAAAAAAAAAA
AAAAAAAAAAAAAAAAAAAAAAAAAAAAAAAAAAAAAAAAAAAAAAAAAAAAAAAAAAAAAAAAAAAAAAAAAAAA
AAAAAAAAAAAAAAAAAAAAAAAAAAAAAAAAAAAAAAAAAAAAAAAAAAAAAAAAAAAAAAAAAAAAAAAAAAAA
AAAAAAAAAAAAAAAAAAAAAAAAAAAAAAAAAAAAAAAAAAAAAAAAAAAAAAAAAAAAAAAAAAAAAAAAAAAA
AAAAAAAAAAAAAAAAAAAAAAAAAAAAAAAAAAAAAAAAAAAAAAAAAAAAAAAAAAAAAAAAAAAAAAAAAAAA
AAAAAAAAAAAAAAAAAAAAAAAAAAAAAAAAAAAAAAAAAAAAAAAAAAAAAAAAAAAAAAAAAAAAAAAAAAAA
AAAAAAAAAAAAAAAAAAAAAAAAAAAAAAAAAAAAAAAAAAAAAAAAAAAAAAAAAAAAAAAAAAAAAAAAAAAA
AAAAAAAAAAAAAAAAAAAAAAAAAAAAAAAAAAAAAAAAAAAAAAAAAAAAAAAAAAAAAAAAAAAAAAAAAAAA
AAAAAAAAAAAAAAAAAAAAAAAAAAAAAAAAAAAAAAAAAAAAAAAAAAAAAAAAAAAAAAAAAAAAAAAAAAAA
AAAAAAAAAAAAAAAAAAAAAAAAAAAAAAAAAAAAAAAAAAAAAAAAAAAAAAAAAAAAAAAAAAAAAAAAAAAA
AAAAAAAAAAAAAAAAAAAAAAAAAAAAAAAAAAAAAAAAAAAAAAAAAAAAAAAAAAAAAAAAAAAAAAAAAAAA
AAAAAAAAAAAAAAAAAAAAAAAAAAAAAAAAAAAAAAAAAAAAAAAAAAAAAAAAAAAAAAAAAAAAAAAAAAAA
AAAAAAAAAAAAAAAAAAAAAAAAAAAAAAAAAAAAAAAAAAAAAAAAAAAAAAAAAAAAAAAAAAAAAAAAAAAA
AAAAAAAAAAAAAAAAAAAAAAAAAAAAAAAAAAAAAAAAAAAAAAAAAAAAAAAAAAAAAAAAAAAAAAAAAAAA
AAAAAAAAAAAAAAAAAAAAAAAAAAAAAAAAAAAAAAAAAAAAAAAAAAAAAAAAAAAAAAAAAAAAAAAAAAAA
AAAAAAAAAAAAAAAAAAAAAAAAAAAAAAAAAAAAAAAAAAAAAAAAAAAAAAAAAAAAAAAAAAAAAAAAAAAA
AAAAAAAAAAAAAAAAAAAAAAAAAAAAAAAAAAAAAAAAAAAAAAAAAAAAAAAAAAAAAAAAAAAAAAAAAAAA
AAAAAAAAAAAAAAAAAAAAAAAAAAAAAAAAAAAAAAAAAAAAAAAAAAAAAAAAAAAAAAAAAAAAAAAAAAAA
AAAAAAAAAAAAAAAAAAAAAAAAAAAAAAAAAAAAAAAAAAAAAAAAAAAAAAAAAAAAAAAAAAAAAAAAAAAA
AAAAAAAAAAAAAAAAAAAAAAAAAAAAAAAAAAAAAAAAAAAAAAAAAAAAAAAAAAAAAAAAAAAAAAAAAAAA
AAAAAAAAAAAAAAAAAAAAAAAAAAAAAAAAAAAAAAAAAAAAAAAAAAAAAAAAAAAAAAAAAAAAAAAAAAAA
AAAAAAAAAAAAAAAAAAAAAAAAAAAAAAAAAAAAAAAAAAAAAAAAAAAAAAAAAAAAAAAAAAAAAAAAAAAA
AAAAAAAAAAAAAAAAAAAAAAAAAAAAAAAAAAAAAAAAAAAAAAAAAAAAAAAAAAAAAAAAAAAAAAAAAAAA
AAAAAAAAAAAAAAAAAAAAAAAAAAAAAAAAAAAAAAAAAAAAAAAAAAAAAAAAAAAAAAAAAAAAAAAAAAAA
AAAAAAAAAAAAAAAAAAAAAAAAAAAAAAAAAAAAAAAAAAAAAAAAAAAAAAAAAAAAAAAAAAAAAAAAAAAA
AAAAAAAAAAAAAAAAAAAAAAAAAAAAAAAAAAAAAAAAAAAAAAAAAAAAAAAAAAAAAAAAAAAAAAAAAAAA
AAAAAAAAAAAAAAAAAAAAAAAAAAAAAAAAAAAAAAAAAAAAAAAAAAAAAAAAAAAAAAAAAAAAAAAAAAAA
AAAAAAAAAAAAAAAAAAAAAAAAAAAAAAAAAAAAAAAAAAAAAAAAAAAAAAAAAAAAAAAAAAAAAAAAAAAA
AAAAAAAAAAAAAAAAAAAAAAAAAAAAAAAAAAAAAAAAAAAAAAAAAAAAAAAAAAAAAAAAAAAAAAAAAAAA
AAAAAAAAAAAAAAAAAAAAAAAAAAAAAAAAAAAAAAAAAAAAAAAAAAAAAAAAAAAAAAAAAAAAAAAAAAAA
AAAAAAAAAAAAAAAAAAAAAAAAAAAAAAAAAAAAAAAAAAAAAAAAAAAAAAAAAAAAAAAAAAAAAAAAAAAA
AAAAAAAAAAAAAAAAAAAAAAAAAAAAAAAAAAAAAAAAAAAAAAAAAAAAAAAAAAAAAAAAAAAAAAAAAAAA
AAAAAAAAAAAAAAAAAAAAAAAAAAAAAAAAAAAAAAAAAAAAAAAAAAAAAAAAAAAAAAAAAAAAAAAAAAAA
AAAAAAAAAAAAAAAAAAAAAAAAAAAAAAAAAAAAAAAAAAAAAAAAAAAAAAAAAAAAAAAAAAAAAAAAAAAA
AAAAAAAAAAAAAAAAAAAAAAAAAAAAAAAAAAAAAAAAAAAAAAAAAAAAAAAAAAAAAAAAAAAAAAAAAAAA
AAAAAAAAAAAAAAAAAAAAAAAAAAAAAAAAAAAAAAAAAAAAAAAAAAAAAAAAAAAAAAAAAAAAAAAAAAAA
AAAAAAAAAAAAAAAAAAAAAAAAAAAAAAAAAAAAAAAAAAAAAAAAAAAAAAAAAAAAAAAAAAAAAAAAAAAA
AAAAAAAAAAAAAAAAAAAAAAAAAAAAAAAAAAAAAAAAAAAAAAAAAAAAAAAAAAAAAAAAAAAAAAAAAAAA
AAAAAAAAAAAAAAAAAAAAAAAAAAAAAAAAAAAAAAAAAAAAAAAAAAAAAAAAAAAAAAAAAAAAAAAAAAAA
AAAAAAAAAAAAAAAAAAAAAAAAAAAAAAAAAAAAAAAAAAAAAAAAAAAAAAAAAAAAAAAAAAAAAAAAAAAA
AAAAAAAAAAAAAAAAAAAAAAAAAAAAAAAAAAAAAAAAAAAAAAAAAAAAAAAAAAAAAAAAAAAAAAAAAAAA
AAAAAAAAAAAAAAAAAAAAAAAAAAAAAAAAAAAAAAAAAAAAAAAAAAAAAAAAAAAAAAAAAAAAAAAAAAAA
AAAAAAAAAAAAAAAAAAAAAAAAAAAAAAAAAAAAAAAAAAAAAAAAAAAAAAAAAAAAAAAAAAAAAAAAAAAA
AAAAAAAAAAAAAAAAAAAAAAAAAAAAAAAAAAAAAAAAAAAAAAAAAAAAAAAAAAAAAAAAAAAAAAAAAAAA
AAAAAAAAAAAAAAAAAAAAAAAAAAAAAAAAAAAAAAAAAAAAAAAAAAAAAAAAAAAAAAAAAAAAAAAAAAAA
AAAAAAAAAAAAAAAAAAAAAAAAAAAAAAAAAAAAAAAAAAAAAAAAAAAAAAAAAAAAAAAAAAAAAAAAAAAA
AAAAAAAAAAAAAAAAAAAAAAAAAAAAAAAAAAAAAAAAAAAAAAAAAAAAAAAAAAAAAAAAAAAAAAAAAAAA
AAAAAAAAAAAAAAAAAAAAAAAAAAAAAAAAAAAAAAAAAAAAAAAAAAAAAAAAAAAAAAAAAAAAAAAAAAAA
AAAAAAAAAAAAAAAAAAAAAAAAAAAAAAAAAAAAAAAAAAAAAAAAAAAAAAAAAAAAAAAAAAAAAAAAAAAA
AAAAAAAAAAAAAAAAAAAAAAAAAAAAAAAAAAAAAAAAAAAAAAAAAAAAAAAAAAAAAAAAAAAAAAAAAAAA
AAAAAAAAAAAAAAAAAAAAAAAAAAAAAAAAAAAAAAAAAAAAAAAAAAAAAAAAAAAAAAAAAAAAAAAAAAAA
AAAAAAAAAAAAAAAAAAAAAAAAAAAAAAAAAAAAAAAAAAAAAAAAAAAAAAAAAAAAAAAAAAAAAAAAAAAA
AAAAAAAAAAAAAAAAAAAAAAAAAAAAAAAAAAAAAAAAAAAAAAAAAAAAAAAAAAAAAAAAAAAAAAAAAAAA
AAAAAAAAAAAAAAAAAAAAAAAAAAAAAAAAAAAAAAAAAAAAAAAAAAAAAAAAAAAAAAAAAAAAAAAAAAAA
AAAAAAAAAAAAAAAAAAAAAAAAAAAAAAAAAAAAAAAAAAAAAAAAAAAAAAAAAAAAAAAAAAAAAAAAAAAA
AAAAAAAAAAAAAAAAAAAAAAAAAAAAAAAAAAAAAAAAAAAAAAAAAAAAAAAAAAAAAAAAAAAAAAAAAAAA
AAAAAAAAAAAAAAAAAAAAAAAAAAAAAAAAAAAAAAAAAAAAAAAAAAAAAAAAAAAAAAAAAAAAAAAAAAAA
AAAAAAAAAAAAAAAAAAAAAAAAAAAAAAAAAAAAAAAAAAAAAAAAAAAAAAAAAAAAAAAAAAAAAAAAAAAA
AAAAAAAAAAAAAAAAAAAAAAAAAAAAAAAAAAAAAAAAAAAAAAAAAAAAAAAAAAAAAAAAAAAAAAAAAAAA
AAAAAAAAAAAAAAAAAAAAAAAAAAAAAAAAAAAAAAAAAAAAAAAAAAAAAAAAAAAAAAAAAAAAAAAAAAAA
AAAAAAAAAAAAAAAAAAAAAAAAAAAAAAAAAAAAAAAAAAAAAAAAAAAAAAAAAAAAAAAAAAAAAAAAAAAA
AAAAAAAAAAAAAAAAAAAAAAAAAAAAAAAAAAAAAAAAAAAAAAAAAAAAAAAAAAAAAAAAAAAAAAAAAAAA
AAAAAAAAAAAAAAAAAAAAAAAAAAAAAAAAAAAAAAAAAAAAAAAAAAAAAAAAAAAAAAAAAAAAAAAAAAAA
AAAAAAAAAAAAAAAAAAAAAAAAAAAAAAAAAAAAAAAAAAAAAAAAAAAAAAAAAAAAAAAAAAAAAAAAAAAA
AAAAAAAAAAAAAAAAAAAAAAAAAAAAAAAAAAAAAAAAAAAAAAAAAAAAAAAAAAAAAAAAAAAAAAAAAAAA
AAAAAAAAAAAAAAAAAAAAAAAAAAAAAAAAAAAAAAAAAAAAAAAAAAAAAAAAAAAAAAAAAAAAAAAAAAAA
AAAAAAAAAAAAAAAAAAAAAAAAAAAAAAAAAAAAAAAAAAAAAAAAAAAAAAAAAAAAAAAAAAAAAAAAAAAA
AAAAAAAAAAAAAAAAAAAAAAAAAAAAAAAAAAAAAAAAAAAAAAAAAAAAAAAAAAAAAAAAAAAAAAAAAAAA
AAAAAAAAAAAAAAAAAAAAAAAAAAAAAAAAAAAAAAAAAAAAAAAAAAAAAAAAAAAAAAAAAAAAAAAAAAAA
AAAAAAAAAAAAAAAAAAAAAAAAAAAAAAAAAAAAAAAAAAAAAAAAAAAAAAAAAAAAAAAAAAAAAAAAAAAA
AAAAAAAAAAAAAAAAAAAAAAAAAAAAAAAAAAAAAAAAAAAAAAAAAAAAAAAAAAAAAAAAAAAAAAAAAAAA
AAAAAAAAAAAAAAAAAAAAAAAAAAAAAAAAAAAAAAAAAAAAAAAAAAAAAAAAAAAAAAAAAAAAAAAAAAAA
AAAAAAAAAAAAAAAAAAAAAAAAAAAAAAAAAAAAAAAAAAAAAAAAAAAAAAAAAAAAAAAAAAAAAAAAAAAA
AAAAAAAAAAAAAAAAAAAAAAAAAAAAAAAAAAAAAAAAAAAAAAAAAAAAAAAAAAAAAAAAAAAAAAAAAAAA
AAAAAAAAAAAAAAAAAAAAAAAAAAAAAAAAAAAAAAAAAAAAAAAAAAAAAAAAAAAAAAAAAAAAAAAAAAAA
AAAAAAAAAAAAAAAAAAAAAAAAAAAAAAAAAAAAAAAAAAAAAAAAAAAAAAAAAAAAAAAAAAAAAAAAAAAA
AAAAAAAAAAAAAAAAAAAAAAAAAAAAAAAAAAAAAAAAAAAAAAAAAAAAAAAAAAAAAAAAAAAAAAAAAAAA
AAAAAAAAAAAAAAAAAAAAAAAAAAAAAAAAAAAAAAAAAAAAAAAAAAAAAAAAAAAAAAAAAAAAAAAAAAAA
AAAAAAAAAAAAAAAAAAAAAAAAAAAAAAAAAAAAAAAAAAAAAAAAAAAAAAAAAAAAAAAAAAAAAAAAAAAA
AAAAAAAAAAAAAAAAAAAAAAAAAAAAAAAAAAAAAAAAAAAAAAAAAAAAAAAAAAAAAAAAAAAAAAAAAAAA
AAAAAAAAAAAAAAAAAAAAAAAAAAAAAAAAAAAAAAAAAAAAAAAAAAAAAAAAAAAAAAAAAAAAAAAAAAAA
AAAAAAAAAAAAAAAAAAAAAAAAAAAAAAAAAAAAAAAAAAAAAAAAAAAAAAAAAAAAAAAAAAAAAAAAAAAA
AAAAAAAAAAAAAAAAAAAAAAAAAAAAAAAAAAAAAAAAAAAAAAAAAAAAAAAAAAAAAAAAAAAAAAAAAAAA
AAAAAAAAAAAAAAAAAAAAAAAAAAAAAAAAAAAAAAAAAAAAAAAAAAAAAAAAAAAAAAAAAAAAAAAAAAAA
AAAAAAAAAAAAAAAAAAAAAAAAAAAAAAAAAAAAAAAAAAAAAAAAAAAAAAAAAAAAAAAAAAAAAAAAAAAA
AAAAAAAAAAAAAAAAAAAAAAAAAAAAAAAAAAAAAAAAAAAAAAAAAAAAAAAAAAAAAAAAAAAAAAAAAAAA
AAAAAAAAAAAAAAAAAAAAAAAAAAAAAAAAAAAAAAAAAAAAAAAAAAAAAAAAAAAAAAAAAAAAAAAAAAAA
AAAAAAAAAAAAAAAAAAAAAAAAAAAAAAAAAAAAAAAAAAAAAAAAAAAAAAAAAAAAAAAAAAAAAAAAAAAA
AAAAAAAAAAAAAAAAAAAAAAAAAAAAAAAAAAAAAAAAAAAAAAAAAAAAAAAAAAAAAAAAAAAAAAAAAAAA
AAAAAAAAAAAAAAAAAAAAAAAAAAAAAAAAAAAAAAAAAAAAAAAAAAAAAAAAAAAAAAAAAAAAAAAAAAAA
AAAAAAAAAAAAAAAAAAAAAAAAAAAAAAAAAAAAAAAAAAAAAAAAAAAAAAAAAAAAAAAAAAAAAAAAAAAA
AAAAAAAAAAAAAAAAAAAAAAAAAAAAAAAAAAAAAAAAAAAAAAAAAAAAAAAAAAAAAAAAAAAAAAAAAAAA
AAAAAAAAAAAAAAAAAAAAAAAAAAAAAAAAAAAAAAAAAAAAAAAAAAAAAAAAAAAAAAAAAAAAAAAAAAAA
AAAAAAAAAAAAAAAAAAAAAAAAAAAAAAAAAAAAAAAAAAAAAAAAAAAAAAAAAAAAAAAAAAAAAAAAAAAA
AAAAAAAAAAAAAAAAAAAAAAAAAAAAAAAAAAAAAAAAAAAAAAAAAAAAAAAAAAAAAAAAAAAAAAAAAAAA
AAAAAAAAAAAAAAAAAAAAAAAAAAAAAAAAAAAAAAAAAAAAAAAAAAAAAAAAAAAAAAAAAAAAAAAAAAAA
AAAAAAAAAAAAAAAAAAAAAAAAAAAAAAAAAAAAAAAAAAAAAAAAAAAAAAAAAAAAAAAAAAAAAAAAAAAA
AAAAAAAAAAAAAAAAAAAAAAAAAAAAAAAAAAAAAAAAAAAAAAAAAAAAAAAAAAAAAAAAAAAAAAAAAAAA
AAAAAAAAAAAAAAAAAAAAAAAAAAAAAAAAAAAAAAAAAAAAAAAAAAAAAAAAAAAAAAAAAAAAAAAAAAAA
AAAAAAAAAAAAAAAAAAAAAAAAAAAAAAAAAAAAAAAAAAAAAAAAAAAAAAAAAAAAAAAAAAAAAAAAAAAA
AAAAAAAAAAAAAAAAAAAAAAAAAAAAAAAAAAAAAAAAAAAAAAAAAAAAAAAAAAAAAAAAAAAAAAAAAAAA
AAAAAAAAAAAAAAAAAAAAAAAAAAAAAAAAAAAAAAAAAAAAAAAAAAAAAAAAAAAAAAAAAAAAAAAAAAAA
AAAAAAAAAAAAAAAAAAAAAAAAAAAAAAAAAAAAAAAAAAAAAAAAAAAAAAAAAAAAAAAAAAAAAAAAAAAA
AAAAAAAAAAAAAAAAAAAAAAAAAAAAAAAAAAAAAAAAAAAAAAAAAAAAAAAAAAAAAAAAAAAAAAAAAAAA
AAAAAAAAAAAAAAAAAAAAAAAAAAAAAAAAAAAAAAAAAAAAAAAAAAAAAAAAAAAAAAAAAAAAAAAAAAAA
AAAAAAAAAAAAAAAAAAAAAAAAAAAAAAAAAAAAAAAAAAAAAAAAAAAAAAAAAAAAAAAAAAAAAAAAAAAA
AAAAAAAAAAAAAAAAAAAAAAAAAAAAAAAAAAAAAAAAAAAAAAAAAAAAAAAAAAAAAAAAAAAAAAAAAAAA
AAAAAAAAAAAAAAAAAAAAAAAAAAAAAAAAAAAAAAAAAAAAAAAAAAAAAAAAAAAAAAAAAAAAAAAAAAAA
AAAAAAAAAAAAAAAAAAAAAAAAAAAAAAAAAAAAAAAAAAAAAAAAAAAAAAAAAAAAAAAAAAAAAAAAAAAA
AAAAAAAAAAAAAAAAAAAAAAAAAAAAAAAAAAAAAAAAAAAAAAAAAAAAAAAAAAAAAAAAAAAAAAAAAAAA
AAAAAAAAAAAAAAAAAAAAAAAAAAAAAAAAAAAAAAAAAAAAAAAAAAAAAAAAAAAAAAAAAAAAAAAAAAAA
AAAAAAAAAAAAAAAAAAAAAAAAAAAAAAAAAAAAAAAAAAAAAAAAAAAAAAAAAAAAAAAAAAAAAAAAAAAA
AAAAAAAAAAAAAAAAAAAAAAAAAAAAAAAAAAAAAAAAAAAAAAAAAAAAAAAAAAAAAAAAAAAAAAAAAAAA
AAAAAAAAAAAAAAAAAAAAAAAAAAAAAAAAAAAAAAAAAAAAAAAAAAAAAAAAAAAAAAAAAAAAAAAAAAAA
AAAAAAAAAAAAAAAAAAAAAAAAAAAAAAAAAAAAAAAAAAAAAAAAAAAAAAAAAAAAAAAAAAAAAAAAAAAA
AAAAAAAAAAAAAAAAAAAAAAAAAAAAAAAAAAAAAAAAAAAAAAAAAAAAAAAAAAAAAAAAAAAAAAAAAAAA
AAAAAAAAAAAAAAAAAAAAAAAAAAAAAAAAAAAAAAAAAAAAAAAAAAAAAAAAAAAAAAAAAAAAAAAAAAAA
AAAAAAAAAAAAAAAAAAAAAAAAAAAAAAAAAAAAAAAAAAAAAAAAAAAAAAAAAAAAAAAAAAAAAAAAAAAA
AAAAAAAAAAAAAAAAAAAAAAAAAAAAAAAAAAAAAAAAAAAAAAAAAAAAAAAAAAAAAAAAAAAAAAAAAAAA
AAAAAAAAAAAAAAAAAAAAAAAAAAAAAAAAAAAAAAAAAAAAAAAAAAAAAAAAAAAAAAAAAAAAAAAAAAAA
AAAAAAAAAAAAAAAAAAAAAAAAAAAAAAAAAAAAAAAAAAAAAAAAAAAAAAAAAAAAAAAAAAAAAAAAAAAA
AAAAAAAAAAAAAAAAAAAAAAAAAAAAAAAAAAAAAAAAAAAAAAAAAAAAAAAAAAAAAAAAAAAAAAAAAAAA
AAAAAAAAAAAAAAAAAAAAAAAAAAAAAAAAAAAAAAAAAAAAAAAAAAAAAAAAAAAAAAAAAAAAAAAAAAAA
AAAAAAAAAAAAAAAAAAAAAAAAAAAAAAAAAAAAAAAAAAAAAAAAAAAAAAAAAAAAAAAAAAAAAAAAAAAA
AAAAAAAAAAAAAAAAAAAAAAAAAAAAAAAAAAAAAAAAAAAAAAAAAAAAAAAAAAAAAAAAAAAAAAAAAAAA
AAAAAAAAAAAAAAAAAAAAAAAAAAAAAAAAAAAAAAAAAAAAAAAAAAAAAAAAAAAAAAAAAAAAAAAAAAAA
AAAAAAAAAAAAAAAAAAAAAAAAAAAAAAAAAAAAAAAAAAAAAAAAAAAAAAAAAAAAAAAAAAAAAAAAAAAA
AAAAAAAAAAAAAAAAAAAAAAAAAAAAAAAAAAAAAAAAAAAAAAAAAAAAAAAAAAAAAAAAAAAAAAAAAAAA
AAAAAAAAAAAAAAAAAAAAAAAAAAAAAAAAAAAAAAAAAAAAAAAAAAAAAAAAAAAAAAAAAAAAAAAAAAAA
AAAAAAAAAAAAAAAAAAAAAAAAAAAAAAAAAAAAAAAAAAAAAAAAAAAAAAAAAAAAAAAAAAAAAAAAAAAA
AAAAAAAAAAAAAAAAAAAAAAAAAAAAAAAAAAAAAAAAAAAAAAAAAAAAAAAAAAAAAAAAAAAAAAAAAAAA
AAAAAAAAAAAAAAAAAAAAAAAAAAAAAAAAAAAAAAAAAAAAAAAAAAAAAAAAAAAAAAAAAAAAAAAAAAAA
AAAAAAAAAAAAAAAAAAAAAAAAAAAAAAAAAAAAAAAAAAAAAAAAAAAAAAAAAAAAAAAAAAAAAAAAAAAA
AAAAAAAAAAAAAAAAAAAAAAAAAAAAAAAAAAAAAAAAAAAAAAAAAAAAAAAAAAAAAAAAAAAAAAAAAAAA
AAAAAAAAAAAAAAAAAAAAAAAAAAAAAAAAAAAAAAAAAAAAAAAAAAAAAAAAAAAAAAAAAAAAAAAAAAAA
AAAAAAAAAAAAAAAAAAAAAAAAAAAAAAAAAAAAAAAAAAAAAAAAAAAAAAAAAAAAAAAAAAAAAAAAAAAA
AAAAAAAAAAAAAAAAAAAAAAAAAAAAAAAAAAAAAAAAAAAAAAAAAAAAAAAAAAAAAAAAAAAAAAAAAAAA
AAAAAAAAAAAAAAAAAAAAAAAAAAAAAAAAAAAAAAAAAAAAAAAAAAAAAAAAAAAAAAAAAAAAAAAAAAAA
AAAAAAAAAAAAAAAAAAAAAAAAAAAAAAAAAAAAAAAAAAAAAAAAAAAAAAAAAAAAAAAAAAAAAAAAAAAA
AAAAAAAAAAAAAAAAAAAAAAAAAAAAAAAAAAAAAAAAAAAAAAAAAAAAAAAAAAAAAAAAAAAAAAAAAAAA
AAAAAAAAAAAAAAAAAAAAAAAAAAAAAAAAAAAAAAAAAAAAAAAAAAAAAAAAAAAAAAAAAAAAAAAAAAAA
AAAAAAAAAAAAAAAAAAAAAAAAAAAAAAAAAAAAAAAAAAAAAAAAAAAAAAAAAAAAAAAAAAAAAAAAAAAA
AAAAAAAAAAAAAAAAAAAAAAAAAAAAAAAAAAAAAAAAAAAAAAAAAAAAAAAAAAAAAAAAAAAAAAAAAAAA
AAAAAAAAAAAAAAAAAAAAAAAAAAAAAAAAAAAAAAAAAAAAAAAAAAAAAAAAAAAAAAAAAAAAAAAAAAAA
AAAAAAAAAAAAAAAAAAAAAAAAAAAAAAAAAAAAAAAAAAAAAAAAAAAAAAAAAAAAAAAAAAAAAAAAAAAA
AAAAAAAAAAAAAAAAAAAAAAAAAAAAAAAAAAAAAAAAAAAAAAAAAAAAAAAAAAAAAAAAAAAAAAAAAAAA
AAAAAAAAAAAAAAAAAAAAAAAAAAAAAAAAAAAAAAAAAAAAAAAAAAAAAAAAAAAAAAAAAAAAAAAAAAAA
AAAAAAAAAAAAAAAAAAAAAAAAAAAAAAAAAAAAAAAAAAAAAAAAAAAAAAAAAAAAAAAAAAAAAAAAAAAA
AAAAAAAAAAAAAAAAAAAAAAAAAAAAAAAAAAAAAAAAAAAAAAAAAAAAAAAAAAAAAAAAAAAAAAAAAAAA
AAAAAAAAAAAAAAAAAAAAAAAAAAAAAAAAAAAAAAAAAAAAAAAAAAAAAAAAAAAAAAAAAAAAAAAAAAAA
AAAAAAAAAAAAAAAAAAAAAAAAAAAAAAAAAAAAAAAAAAAAAAAAAAAAAAAAAAAAAAAAAAAAAAAAAAAA
AAAAAAAAAAAAAAAAAAAAAAAAAAAAAAAAAAAAAAAAAAAAAAAAAAAAAAAAAAAAAAAAAAAAAAAAAAAA
AAAAAAAAAAAAAAAAAAAAAAAAAAAAAAAAAAAAAAAAAAAAAAAAAAAAAAAAAAAAAAAAAAAAAAAAAAAA
AAAAAAAAAAAAAAAAAAAAAAAAAAAAAAAAAAAAAAAAAAAAAAAAAAAAAAAAAAAAAAAAAAAAAAAAAAAA
AAAAAAAAAAAAAAAAAAAAAAAAAAAAAAAAAAAAAAAAAAAAAAAAAAAAAAAAAAAAAAAAAAAAAAAAAAAA
AAAAAAAAAAAAAAAAAAAAAAAAAAAAAAAAAAAAAAAAAAAAAAAAAAAAAAAAAAAAAAAAAAAAAAAAAAAA
AAAAAAAAAAAAAAAAAAAAAAAAAAAAAAAAAAAAAAAAAAAAAAAAAAAAAAAAAAAAAAAAAAAAAAAAAAAA
AAAAAAAAAAAAAAAAAAAAAAAAAAAAAAAAAAAAAAAAAAAAAAAAAAAAAAAAAAAAAAAAAAAAAAAAAAAA
AAAAAAAAAAAAAAAAAAAAAAAAAAAAAAAAAAAAAAAAAAAAAAAAAAAAAAAAAAAAAAAAAAAAAAAAAAAA
AAAAAAAAAAAAAAAAAAAAAAAAAAAAAAAAAAAAAAAAAAAAAAAAAAAAAAAAAAAAAAAAAAAAAAAAAAAA
AAAAAAAAAAAAAAAAAAAAAAAAAAAAAAAAAAAAAAAAAAAAAAAAAAAAAAAAAAAAAAAAAAAAAAAAAAAA
AAAAAAAAAAAAAAAAAAAAAAAAAAAAAAAAAAAAAAAAAAAAAAAAAAAAAAAAAAAAAAAAAAAAAAAAAAAA
AAAAAAAAAAAAAAAAAAAAAAAAAAAAAAAAAAAAAAAAAAAAAAAAAAAAAAAAAAAAAAAAAAAAAAAAAAAA
AAAAAAAAAAAAAAAAAAAAAAAAAAAAAAAAAAAAAAAAAAAAAAAAAAAAAAAAAAAAAAAAAAAAAAAAAAAA
AAAAAAAAAAAAAAAAAAAAAAAAAAAAAAAAAAAAAAAAAAAAAAAAAAAAAAAAAAAAAAAAAAAAAAAAAAAA
AAAAAAAAAAAAAAAAAAAAAAAAAAAAAAAAAAAAAAAAAAAAAAAAAAAAAAAAAAAAAAAAAAAAAAAAAAAA
AAAAAAAAAAAAAAAAAAAAAAAAAAAAAAAAAAAAAAAAAAAAAAAAAAAAAAAAAAAAAAAAAAAAAAAAAAAA
AAAAAAAAAAAAAAAAAAAAAAAAAAAAAAAAAAAAAAAAAAAAAAAAAAAAAAAAAAAAAAAAAAAAAAAAAAAA
AAAAAAAAAAAAAAAAAAAAAAAAAAAAAAAAAAAAAAAAAAAAAAAAAAAAAAAAAAAAAAAAAAAAAAAAAAAA
AAAAAAAAAAAAAAAAAAAAAAAAAAAAAAAAAAAAAAAAAAAAAAAAAAAAAAAAAAAAAAAAAAAAAAAAAAAA
AAAAAAAAAAAAAAAAAAAAAAAAAAAAAAAAAAAAAAAAAAAAAAAAAAAAAAAAAAAAAAAAAAAAAAAAAAAA
AAAAAAAAAAAAAAAAAAAAAAAAAAAAAAAAAAAAAAAAAAAAAAAAAAAAAAAAAAAAAAAAAAAAAAAAAAAA
AAAAAAAAAAAAAAAAAAAAAAAAAAAAAAAAAAAAAAAAAAAAAAAAAAAAAAAAAAAAAAAAAAAAAAAAAAAA
AAAAAAAAAAAAAAAAAAAAAAAAAAAAAAAAAAAAAAAAAAAAAAAAAAAAAAAAAAAAAAAAAAAAAAAAAAAA
AAAAAAAAAAAAAAAAAAAAAAAAAAAAAAAAAAAAAAAAAAAAAAAAAAAAAAAAAAAAAAAAAAAAAAAAAAAA
AAAAAAAAAAAAAAAAAAAAAAAAAAAAAAAAAAAAAAAAAAAAAAAAAAAAAAAAAAAAAAAAAAAAAAAAAAAA
AAAAAAAAAAAAAAAAAAAAAAAAAAAAAAAAAAAAAAAAAAAAAAAAAAAAAAAAAAAAAAAAAAAAAAAAAAAA
AAAAAAAAAAAAAAAAAAAAAAAAAAAAAAAAAAAAAAAAAAAAAAAAAAAAAAAAAAAAAAAAAAAAAAAAAAAA
AAAAAAAAAAAAAAAAAAAAAAAAAAAAAAAAAAAAAAAAAAAAAAAAAAAAAAAAAAAAAAAAAAAAAAAAAAAA
AAAAAAAAAAAAAAAAAAAAAAAAAAAAAAAAAAAAAAAAAAAAAAAAAAAAAAAAAAAAAAAAAAAAAAAAAAAA
AAAAAAAAAAAAAAAAAAAAAAAAAAAAAAAAAAAAAAAAAAAAAAAAAAAAAAAAAAAAAAAAAAAAAAAAAAAA
AAAAAAAAAAAAAAAAAAAAAAAAAAAAAAAAAAAAAAAAAAAAAAAAAAAAAAAAAAAAAAAAAAAAAAAAAAAA
AAAAAAAAAAAAAAAAAAAAAAAAAAAAAAAAAAAAAAAAAAAAAAAAAAAAAAAAAAAAAAAAAAAAAAAAAAAA
AAAAAAAAAAAAAAAAAAAAAAAAAAAAAAAAAAAAAAAAAAAAAAAAAAAAAAAAAAAAAAAAAAAAAAAAAAAA
AAAAAAAAAAAAAAAAAAAAAAAAAAAAAAAAAAAAAAAAAAAAAAAAAAAAAAAAAAAAAAAAAAAAAAAAAAAA
AAAAAAAAAAAAAAAAAAAAAAAAAAAAAAAAAAAAAAAAAAAAAAAAAAAAAAAAAAAAAAAAAAAAAAAAAAAA
AAAAAAAAAAAAAAAAAAAAAAAAAAAAAAAAAAAAAAAAAAAAAAAAAAAAAAAAAAAAAAAAAAAAAAAAAAAA
AAAAAAAAAAAAAAAAAAAAAAAAAAAAAAAAAAAAAAAAAAAAAAAAAAAAAAAAAAAAAAAAAAAAAAAAAAAA
AAAAAAAAAAAAAAAAAAAAAAAAAAAAAAAAAAAAAAAAAAAAAAAAAAAAAAAAAAAAAAAAAAAAAAAAAAAA
AAAAAAAAAAAAAAAAAAAAAAAAAAAAAAAAAAAAAAAAAAAAAAAAAAAAAAAAAAAAAAAAAAAAAAAAAAAA
AAAAAAAAAAAAAAAAAAAAAAAAAAAAAAAAAAAAAAAAAAAAAAAAAAAAAAAAAAAAAAAAAAAAAAAAAAAA
AAAAAAAAAAAAAAAAAAAAAAAAAAAAAAAAAAAAAAAAAAAAAAAAAAAAAAAAAAAAAAAAAAAAAAAAAAAA
AAAAAAAAAAAAAAAAAAAAAAAAAAAAAAAAAAAAAAAAAAAAAAAAAAAAAAAAAAAAAAAAAAAAAAAAAAAA
AAAAAAAAAAAAAAAAAAAAAAAAAAAAAAAAAAAAAAAAAAAAAAAAAAAAAAAAAAAAAAAAAAAAAAAAAAAA
AAAAAAAAAAAAAAAAAAAAAAAAAAAAAAAAAAAAAAAAAAAAAAAAAAAAAAAAAAAAAAAAAAAAAAAAAAAA
AAAAAAAAAAAAAAAAAAAAAAAAAAAAAAAAAAAAAAAAAAAAAAAAAAAAAAAAAAAAAAAAAAAAAAAAAAAA
AAAAAAAAAAAAAAAAAAAAAAAAAAAAAAAAAAAAAAAAAAAAAAAAAAAAAAAAAAAAAAAAAAAAAAAAAAAA
AAAAAAAAAAAAAAAAAAAAAAAAAAAAAAAAAAAAAAAAAAAAAAAAAAAAAAAAAAAAAAAAAAAAAAAAAAAA
AAAAAAAAAAAAAAAAAAAAAAAAAAAAAAAAAAAAAAAAAAAAAAAAAAAAAAAAAAAAAAAAAAAAAAAAAAAA
AAAAAAAAAAAAAAAAAAAAAAAAAAAAAAAAAAAAAAAAAAAAAAAAAAAAAAAAAAAAAAAAAAAAAAAAAAAA
AAAAAAAAAAAAAAAAAAAAAAAAAAAAAAAAAAAAAAAAAAAAAAAAAAAAAAAAAAAAAAAAAAAAAAAAAAAA
AAAAAAAAAAAAAAAAAAAAAAAAAAAAAAAAAAAAAAAAAAAAAAAAAAAAAAAAAAAAAAAAAAAAAAAAAAAA
AAAAAAAAAAAAAAAAAAAAAAAAAAAAAAAAAAAAAAAAAAAAAAAAAAAAAAAAAAAAAAAAAAAAAAAAAAAA
AAAAAAAAAAAAAAAAAAAAAAAAAAAAAAAAAAAAAAAAAAAAAAAAAAAAAAAAAAAAAAAAAAAAAAAAAAAA
AAAAAAAAAAAAAAAAAAAAAAAAAAAAAAAAAAAAAAAAAAAAAAAAAAAAAAAAAAAAAAAAAAAAAAAAAAAA
AAAAAAAAAAAAAAAAAAAAAAAAAAAAAAAAAAAAAAAAAAAAAAAAAAAAAAAAAAAAAAAAAAAAAAAAAAAA
AAAAAAAAAAAAAAAAAAAAAAAAAAAAAAAAAAAAAAAAAAAAAAAAAAAAAAAAAAAAAAAAAAAAAAAAAAAA
AAAAAAAAAAAAAAAAAAAAAAAAAAAAAAAAAAAAAAAAAAAAAAAAAAAAAAAAAAAAAAAAAAAAAAAAAAAA
AAAAAAAAAAAAAAAAAAAAAAAAAAAAAAAAAAAAAAAAAAAAAAAAAAAAAAAAAAAAAAAAAAAAAAAAAAAA
AAAAAAAAAAAAAAAAAAAAAAAAAAAAAAAAAAAAAAAAAAAAAAAAAAAAAAAAAAAAAAAAAAAAAAAAAAAA
AAAAAAAAAAAAAAAAAAAAAAAAAAAAAAAAAAAAAAAAAAAAAAAAAAAAAAAAAAAAAAAAAAAAAAAAAAAA
AAAAAAAAAAAAAAAAAAAAAAAAAAAAAAAAAAAAAAAAAAAAAAAAAAAAAAAAAAAAAAAAAAAAAAAAAAAA
AAAAAAAAAAAAAAAAAAAAAAAAAAAAAAAAAAAAAAAAAAAAAAAAAAAAAAAAAAAAAAAAAAAAAAAAAAAA
AAAAAAAAAAAAAAAAAAAAAAAAAAAAAAAAAAAAAAAAAAAAAAAAAAAAAAAAAAAAAAAAAAAAAAAAAAAA
AAAAAAAAAAAAAAAAAAAAAAAAAAAAAAAAAAAAAAAAAAAAAAAAAAAAAAAAAAAAAAAAAAAAAAAAAAAA
AAAAAAAAAAAAAAAAAAAAAAAAAAAAAAAAAAAAAAAAAAAAAAAAAAAAAAAAAAAAAAAAAAAAAAAAAAAA
AAAAAAAAAAAAAAAAAAAAAAAAAAAAAAAAAAAAAAAAAAAAAAAAAAAAAAAAAAAAAAAAAAAAAAAAAAAA
AAAAAAAAAAAAAAAAAAAAAAAAAAAAAAAAAAAAAAAAAAAAAAAAAAAAAAAAAAAAAAAAAAAAAAAAAAAA
AAAAAAAAAAAAAAAAAAAAAAAAAAAAAAAAAAAAAAAAAAAAAAAAAAAAAAAAAAAAAAAAAAAAAAAAAAAA
AAAAAAAAAAAAAAAAAAAAAAAAAAAAAAAAAAAAAAAAAAAAAAAAAAAAAAAAAAAAAAAAAAAAAAAAAAAA
AAAAAAAAAAAAAAAAAAAAAAAAAAAAAAAAAAAAAAAAAAAAAAAAAAAAAAAAAAAAAAAAAAAAAAAAAAAA
AAAAAAAAAAAAAAAAAAAAAAAAAAAAAAAAAAAAAAAAAAAAAAAAAAAAAAAAAAAAAAAAAAAAAAAAAAAA
AAAAAAAAAAAAAAAAAAAAAAAAAAAAAAAAAAAAAAAAAAAAAAAAAAAAAAAAAAAAAAAAAAAAAAAAAAAA
AAAAAAAAAAAAAAAAAAAAAAAAAAAAAAAAAAAAAAAAAAAAAAAAAAAAAAAAAAAAAAAAAAAAAAAAAAAA
AAAAAAAAAAAAAAAAAAAAAAAAAAAAAAAAAAAAAAAAAAAAAAAAAAAAAAAAAAAAAAAAAAAAAAAAAAAA
AAAAAAAAAAAAAAAAAAAAAAAAAAAAAAAAAAAAAAAAAAAAAAAAAAAAAAAAAAAAAAAAAAAAAAAAAAAA
AAAAAAAAAAAAAAAAAAAAAAAAAAAAAAAAAAAAAAAAAAAAAAAAAAAAAAAAAAAAAAAAAAAAAAAAAAAA
AAAAAAAAAAAAAAAAAAAAAAAAAAAAAAAAAAAAAAAAAAAAAAAAAAAAAAAAAAAAAAAAAAAAAAAAAAAA
AAAAAAAAAAAAAAAAAAAAAAAAAAAAAAAAAAAAAAAAAAAAAAAAAAAAAAAAAAAAAAAAAAAAAAAAAAAA
AAAAAAAAAAAAAAAAAAAAAAAAAAAAAAAAAAAAAAAAAAAAAAAAAAAAAAAAAAAAAAAAAAAAAAAAAAAA
AAAAAAAAAAAAAAAAAAAAAAAAAAAAAAAAAAAAAAAAAAAAAAAAAAAAAAAAAAAAAAAAAAAAAAAAAAAA
AAAAAAAAAAAAAAAAAAAAAAAAAAAAAAAAAAAAAAAAAAAAAAAAAAAAAAAAAAAAAAAAAAAAAAAAAAAA
AAAAAAAAAAAAAAAAAAAAAAAAAAAAAAAAAAAAAAAAAAAAAAAAAAAAAAAAAAAAAAAAAAAAAAAAAAAA
AAAAAAAAAAAAAAAAAAAAAAAAAAAAAAAAAAAAAAAAAAAAAAAAAAAAAAAAAAAAAAAAAAAAAAAAAAAA
AAAAAAAAAAAAAAAAAAAAAAAAAAAAAAAAAAAAAAAAAAAAAAAAAAAAAAAAAAAAAAAAAAAAAAAAAAAA
AAAAAAAAAAAAAAAAAAAAAAAAAAAAAAAAAAAAAAAAAAAAAAAAAAAAAAAAAAAAAAAAAAAAAAAAAAAA
AAAAAAAAAAAAAAAAAAAAAAAAAAAAAAAAAAAAAAAAAAAAAAAAAAAAAAAAAAAAAAAAAAAAAAAAAAAA
AAAAAAAAAAAAAAAAAAAAAAAAAAAAAAAAAAAAAAAAAAAAAAAAAAAAAAAAAAAAAAAAAAAAAAAAAAAA
AAAAAAAAAAAAAAAAAAAAAAAAAAAAAAAAAAAAAAAAAAAAAAAAAAAAAAAAAAAAAAAAAAAAAAAAAAAA
AAAAAAAAAAAAAAAAAAAAAAAAAAAAAAAAAAAAAAAAAAAAAAAAAAAAAAAAAAAAAAAAAAAAAAAAAAAA
AAAAAAAAAAAAAAAAAAAAAAAAAAAAAAAAAAAAAAAAAAAAAAAAAAAAAAAAAAAAAAAAAAAAAAAAAAAA
AAAAAAAAAAAAAAAAAAAAAAAAAAAAAAAAAAAAAAAAAAAAAAAAAAAAAAAAAAAAAAAAAAAAAAAAAAAA
AAAAAAAAAAAAAAAAAAAAAAAAAAAAAAAAAAAAAAAAAAAAAAAAAAAAAAAAAAAAAAAAAAAAAAAAAAAA
AAAAAAAAAAAAAAAAAAAAAAAAAAAAAAAAAAAAAAAAAAAAAAAAAAAAAAAAAAAAAAAAAAAAAAAAAAAA
AAAAAAAAAAAAAAAAAAAAAAAAAAAAAAAAAAAAAAAAAAAAAAAAAAAAAAAAAAAAAAAAAAAAAAAAAAAA
AAAAAAAAAAAAAAAAAAAAAAAAAAAAAAAAAAAAAAAAAAAAAAAAAAAAAAAAAAAAAAAAAAAAAAAAAAAA
AAAAAAAAAAAAAAAAAAAAAAAAAAAAAAAAAAAAAAAAAAAAAAAAAAAAAAAAAAAAAAAAAAAAAAAAAAAA
AAAAAAAAAAAAAAAAAAAAAAAAAAAAAAAAAAAAAAAAAAAAAAAAAAAAAAAAAAAAAAAAAAAAAAAAAAAA
AAAAAAAAAAAAAAAAAAAAAAAAAAAAAAAAAAAAAAAAAAAAAAAAAAAAAAAAAAAAAAAAAAAAAAAAAAAA
AAAAAAAAAAAAAAAAAAAAAAAAAAAAAAAAAAAAAAAAAAAAAAAAAAAAAAAAAAAAAAAAAAAAAAAAAAAA
AAAAAAAAAAAAAAAAAAAAAAAAAAAAAAAAAAAAAAAAAAAAAAAAAAAAAAAAAAAAAAAAAAAAAAAAAAAA
AAAAAAAAAAAAAAAAAAAAAAAAAAAAAAAAAAAAAAAAAAAAAAAAAAAAAAAAAAAAAAAAAAAAAAAAAAAA
AAAAAAAAAAAAAAAAAAAAAAAAAAAAAAAAAAAAAAAAAAAAAAAAAAAAAAAAAAAAAAAAAAAAAAAAAAAA
AAAAAAAAAAAAAAAAAAAAAAAAAAAAAAAAAAAAAAAAAAAAAAAAAAAAAAAAAAAAAAAAAAAAAAAAAAAA
AAAAAAAAAAAAAAAAAAAAAAAAAAAAAAAAAAAAAAAAAAAAAAAAAAAAAAAAAAAAAAAAAAAAAAAAAAAA
AAAAAAAAAAAAAAAAAAAAAAAAAAAAAAAAAAAAAAAAAAAAAAAAAAAAAAAAAAAAAAAAAAAAAAAAAAAA
AAAAAAAAAAAAAAAAAAAAAAAAAAAAAAAAAAAAAAAAAAAAAAAAAAAAAAAAAAAAAAAAAAAAAAAAAAAA
AAAAAAAAAAAAAAAAAAAAAAAAAAAAAAAAAAAAAAAAAAAAAAAAAAAAAAAAAAAAAAAAAAAAAAAAAAAA
AAAAAAAAAAAAAAAAAAAAAAAAAAAAAAAAAAAAAAAAAAAAAAAAAAAAAAAAAAAAAAAAAAAAAAAAAAAA
AAAAAAAAAAAAAAAAAAAAAAAAAAAAAAAAAAAAAAAAAAAAAAAAAAAAAAAAAAAAAAAAAAAAAAAAAAAA
AAAAAAAAAAAAAAAAAAAAAAAAAAAAAAAAAAAAAAAAAAAAAAAAAAAAAAAAAAAAAAAAAAAAAAAAAAAA
AAAAAAAAAAAAAAAAAAAAAAAAAAAAAAAAAAAAAAAAAAAAAAAAAAAAAAAAAAAAAAAAAAAAAAAAAAAA
AAAAAAAAAAAAAAAAAAAAAAAAAAAAAAAAAAAAAAAAAAAAAAAAAAAAAAAAAAAAAAAAAAAAAAAAAAAA
AAAAAAAAAAAAAAAAAAAAAAAA
false
false
false
AAAAAAAAAAAAAAAAAAAAAAAAAAAAAAAAAAAAAAAAAAAAAAAAAAAAAAAAAAAAAAAAAAAAAAAAAAAA
AAAAAAAAAAAAAAAAAAAAAAAAAAAAAAAAAAAAAAAAAAAAAAAAAAAAAAAAAAAAAAAAAAAAAAAAAAAA
AAAAAAAAAAAAAAAAAAAAAAAAAAAAAAAAAAAAAAAAAAAAAAAAAAAAAAAAAAAAAAAAAAAAAAAAAAAA
AAAAAAAAAAAAAAAAAAAAAAAAAAAAAAAAAAAAAAAAAAAAAAAAAAAAAAAAAAAAAAAAAAAAAAAAAAAA
AAAAAAAAAAAAAAAAAAAAAAAAAAAAAAAAAAAAAAAAAAAAAAAAAAAAAAAAAAAAAAAAAAAAAAAAAAAA
AAAAAAAAAAAAAAAAAAAAAAAAAAAAAAAAAAAAAAAAAAAAAAAAAAAAAAAAAAAAAAAAAAAAAAAAAAAA
AAAAAAAAAAAAAAAAAAAAAAAAAAAAAAAAAAAAAAAAAAAAAAAAAAAAAAAAAAAAAAAAAAAAAAAAAAAA
AAAAAAAAAAAAAAAAAAAAAAAAAAAAAAAAAAAAAAAAAAAAAAAAAAAAAAAAAAAAAAAAAAAAAAAAAAAA
AAAAAAAAAAAAAAAAAAAAAAAAAAAAAAAAAAAAAAAAAAAAAAAAAAAAAAAAAAAAAAAAAAAAAAAAAAAA
AAAAAAAAAAAAAAAAAAAAAAAAAAAAAAAAAAAAAAAAAAAAAAAAAAAAAAAAAAAAAAAAAAAAAAAAAAAA
AAAAAAAAAAAAAAAAAAAAAAAAAAAAAAAAAAAAAAAAAAAAAAAAAAAAAAAAAAAAAAAAAAAAAAAAAAAA
AAAAAAAAAAAAAAAAAAAAAAAAAAAAAAAAAAAAAAAAAAAAAAAAAAAAAAAAAAAAAAAAAAAAAAAAAAAA
AAAAAAAAAAAAAAAAAAAAAAAAAAAAAAAAAAAAAAAAAAAAAAAAAAAAAAAAAAAAAAAAAAAAAAAAAAAA
AAAAAAAAAAAAAAAAAAAAAAAAAAAAAAAAAAAAAAAAAAAAAAAAAAAAAAAAAAAAAAAAAAAAAAAAAAAA
AAAAAAAAAAAAAAAAAAAAAAAAAAAAAAAAAAAAAAAAAAAAAAAAAAAAAAAAAAAAAAAAAAAAAAAAAAAA
AAAAAAAAAAAAAAAAAAAAAAAAAAAAAAAAAAAAAAAAAAAAAAAAAAAAAAAAAAAAAAAAAAAAAAAAAAAA
AAAAAAAAAAAAAAAAAAAAAAAAAAAAAAAAAAAAAAAAAAAAAAAAAAAAAAAAAAAAAAAAAAAAAAAAAAAA
AAAAAAAAAAAAAAAAAAAAAAAAAAAAAAAAAAAAAAAAAAAAAAAAAAAAAAAAAAAAAAAAAAAAAAAAAAAA
AAAAAAAAAAAAAAAAAAAAAAAAAAAAAAAAAAAAAAAAAAAAAAAAAAAAAAAAAAAAAAAAAAAAAAAAAAAA
AAAAAAAAAAAAAAAAAAAAAAAAAAAAAAAAAAAAAAAAAAAAAAAAAAAAAAAAAAAAAAAAAAAAAAAAAAAA
AAAAAAAAAAAAAAAAAAAAAAAAAAAAAAAAAAAAAAAAAAAAAAAAAAAAAAAAAAAAAAAAAAAAAAAAAAAA
AAAAAAAAAAAAAAAAAAAAAAAAAAAAAAAAAAAAAAAAAAAAAAAAAAAAAAAAAAAAAAAAAAAAAAAAAAAA
AAAAAAAAAAAAAAAAAAAAAAAAAAAAAAAAAAAAAAAAAAAAAAAAAAAAAAAAAAAAAAAAAAAAAAAAAAAA
AAAAAAAAAAAAAAAAAAAAAAAAAAAAAAAAAAAAAAAAAAAAAAAAAAAAAAAAAAAAAAAAAAAAAAAAAAAA
AAAAAAAAAAAAAAAAAAAAAAAAAAAAAAAAAAAAAAAAAAAAAAAAAAAAAAAAAAAAAAAAAAAAAAAAAAAA
AAAAAAAAAAAAAAAAAAAAAAAAAAAAAAAAAAAAAAAAAAAAAAAAAAAAAAAAAAAAAAAAAAAAAAAAAAAA
AAAAAAAAAAAAAAAAAAAAAAAAAAAAAAAAAAAAAAAAAAAAAAAAAAAAAAAAAAAAAAAAAAAAAAAAAAAA
AAAAAAAAAAAAAAAAAAAAAAAAAAAAAAAAAAAAAAAAAAAAAAAAAAAAAAAAAAAAAAAAAAAAAAAAAAAA
AAAAAAAAAAAAAAAAAAAAAAAAAAAAAAAAAAAAAAAAAAAAAAAAAAAAAAAAAAAAAAAAAAAAAAAAAAAA
AAAAAAAAAAAAAAAAAAAAAAAAAAAAAAAAAAAAAAAAAAAAAAAAAAAAAAAAAAAAAAAAAAAAAAAAAAAA
AAAAAAAAAAAAAAAAAAAAAAAAAAAAAAAAAAAAAAAAAAAAAAAAAAAAAAAAAAAAAAAAAAAAAAAAAAAA
AAAAAAAAAAAAAAAAAAAAAAAAAAAAAAAAAAAAAAAAAAAAAAAAAAAAAAAAAAAAAAAAAAAAAAAAAAAA
AAAAAAAAAAAAAAAAAAAAAAAAAAAAAAAAAAAAAAAAAAAAAAAAAAAAAAAAAAAAAAAAAAAAAAAAAAAA
AAAAAAAAAAAAAAAAAAAAAAAAAAAAAAAAAAAAAAAAAAAAAAAAAAAAAAAAAAAAAAAAAAAAAAAAAAAA
AAAAAAAAAAAAAAAAAAAAAAAAAAAAAAAAAAAAAAAAAAAAAAAAAAAAAAAAAAAAAAAAAAAAAAAAAAAA
AAAAAAAAAAAAAAAAAAAAAAAAAAAAAAAAAAAAAAAAAAAAAAAAAAAAAAAAAAAAAAAAAAAAAAAAAAAA
AAAAAAAAAAAAAAAAAAAAAAAAAAAAAAAAAAAAAAAAAAAAAAAAAAAAAAAAAAAAAAAAAAAAAAAAAAAA
AAAAAAAAAAAAAAAAAAAAAAAAAAAAAAAAAAAAAAAAAAAAAAAAAAAAAAAAAAAAAAAAAAAAAAAAAAAA
AAAAAAAAAAAAAAAAAAAAAAAAAAAAAAAAAAAAAAAAAAAAAAAAAAAAAAAAAAAAAAAAAAAAAAAAAAAA
AAAAAAAAAAAAAAAAAAAAAAAAAAAAAAAAAAAAAAAAAAAAAAAAAAAAAAAAAAAAAAAAAAAAAAAAAAAA
AAAAAAAAAAAAAAAAAAAAAAAAAAAAAAAAAAAAAAAAAAAAAAAAAAAAAAAAAAAAAAAAAAAAAAAAAAAA
AAAAAAAAAAAAAAAAAAAAAAAAAAAAAAAAAAAAAAAAAAAAAAAAAAAAAAAAAAAAAAAAAAAAAAAAAAAA
AAAAAAAAAAAAAAAAAAAAAAAAAAAAAAAAAAAAAAAAAAAAAAAAAAAAAAAAAAAAAAAAAAAAAAAAAAAA
AAAAAAAAAAAAAAAAAAAAAAAAAAAAAAAAAAAAAAAAAAAAAAAAAAAAAAAAAAAAAAAAAAAAAAAAAAAA
AAAAAAAAAAAAAAAAAAAAAAAAAAAAAAAAAAAAAAAAAAAAAAAAAAAAAAAAAAAAAAAAAAAAAAAAAAAA
AAAAAAAAAAAAAAAAAAAAAAAAAAAAAAAAAAAAAAAAAAAAAAAAAAAAAAAAAAAAAAAAAAAAAAAAAAAA
AAAAAAAAAAAAAAAAAAAAAAAAAAAAAAAAAAAAAAAAAAAAAAAAAAAAAAAAAAAAAAAAAAAAAAAAAAAA
AAAAAAAAAAAAAAAAAAAAAAAAAAAAAAAAAAAAAAAAAAAAAAAAAAAAAAAAAAAAAAAAAAAAAAAAAAAA
AAAAAAAAAAAAAAAAAAAAAAAAAAAAAAAAAAAAAAAAAAAAAAAAAAAAAAAAAAAAAAAAAAAAAAAAAAAA
AAAAAAAAAAAAAAAAAAAAAAAAAAAAAAAAAAAAAAAAAAAAAAAAAAAAAAAAAAAAAAAAAAAAAAAAAAAA
AAAAAAAAAAAAAAAAAAAAAAAAAAAAAAAAAAAAAAAAAAAAAAAAAAAAAAAAAAAAAAAAAAAAAAAAAAAA
AAAAAAAAAAAAAAAAAAAAAAAAAAAAAAAAAAAAAAAAAAAAAAAAAAAAAAAAAAAAAAAAAAAAAAAAAAAA
AAAAAAAAAAAAAAAAAAAAAAAAAAAAAAAAAAAAAAAAAAAAAAAAAAAAAAAAAAAAAAAAAAAAAAAAAAAA
AAAAAAAAAAAAAAAAAAAAAAAAAAAAAAAAAAAAAAAAAAAAAAAAAAAAAAAAAAAAAAAAAAAAAAAAAAAA
AAAAAAAAAAAAAAAAAAAAAAAAAAAAAAAAAAAAAAAAAAAAAAAAAAAAAAAAAAAAAAAAAAAAAAAAAAAA
AAAAAAAAAAAAAAAAAAAAAAAAAAAAAAAAAAAAAAAAAAAAAAAAAAAAAAAAAAAAAAAAAAAAAAAAAAAA
AAAAAAAAAAAAAAAAAAAAAAAAAAAAAAAAAAAAAAAAAAAAAAAAAAAAAAAAAAAAAAAAAAAAAAAAAAAA
AAAAAAAAAAAAAAAAAAAAAAAAAAAAAAAAAAAAAAAAAAAAAAAAAAAAAAAAAAAAAAAAAAAAAAAAAAAA
AAAAAAAAAAAAAAAAAAAAAAAAAAAAAAAAAAAAAAAAAAAAAAAAAAAAAAAAAAAAAAAAAAAAAAAAAAAA
AAAAAAAAAAAAAAAAAAAAAAAAAAAAAAAAAAAAAAAAAAAAAAAAAAAAAAAAAAAAAAAAAAAAAAAAAAAA
AAAAAAAAAAAAAAAAAAAAAAAAAAAAAAAAAAAAAAAAAAAAAAAAAAAAAAAAAAAAAAAAAAAAAAAAAAAA
AAAAAAAAAAAAAAAAAAAAAAAAAAAAAAAAAAAAAAAAAAAAAAAAAAAAAAAAAAAAAAAAAAAAAAAAAAAA
AAAAAAAAAAAAAAAAAAAAAAAAAAAAAAAAAAAAAAAAAAAAAAAAAAAAAAAAAAAAAAAAAAAAAAAAAAAA
AAAAAAAAAAAAAAAAAAAAAAAAAAAAAAAAAAAAAAAAAAAAAAAAAAAAAAAAAAAAAAAAAAAAAAAAAAAA
AAAAAAAAAAAAAAAAAAAAAAAAAAAAAAAAAAAAAAAAAAAAAAAAAAAAAAAAAAAAAAAAAAAAAAAAAAAA
AAAAAAAAAAAAAAAAAAAAAAAAAAAAAAAAAAAAAAAAAAAAAAAAAAAAAAAAAAAAAAAAAAAAAAAAAAAA
AAAAAAAAAAAAAAAAAAAAAAAAAAAAAAAAAAAAAAAAAAAAAAAAAAAAAAAAAAAAAAAAAAAAAAAAAAAA
AAAAAAAAAAAAAAAAAAAAAAAAAAAAAAAAAAAAAAAAAAAAAAAAAAAAAAAAAAAAAAAAAAAAAAAAAAAA
AAAAAAAAAAAAAAAAAAAAAAAAAAAAAAAAAAAAAAAAAAAAAAAAAAAAAAAAAAAAAAAAAAAAAAAAAAAA
AAAAAAAAAAAAAAAAAAAAAAAAAAAAAAAAAAAAAAAAAAAAAAAAAAAAAAAAAAAAAAAAAAAAAAAAAAAA
AAAAAAAAAAAAAAAAAAAAAAAAAAAAAAAAAAAAAAAAAAAAAAAAAAAAAAAAAAAAAAAAAAAAAAAAAAAA
AAAAAAAAAAAAAAAAAAAAAAAAAAAAAAAAAAAAAAAAAAAAAAAAAAAAAAAAAAAAAAAAAAAAAAAAAAAA
AAAAAAAAAAAAAAAAAAAAAAAAAAAAAAAAAAAAAAAAAAAAAAAAAAAAAAAAAAAAAAAAAAAAAAAAAAAA
AAAAAAAAAAAAAAAAAAAAAAAAAAAAAAAAAAAAAAAAAAAAAAAAAAAAAAAAAAAAAAAAAAAAAAAAAAAA
AAAAAAAAAAAAAAAAAAAAAAAAAAAAAAAAAAAAAAAAAAAAAAAAAAAAAAAAAAAAAAAAAAAAAAAAAAAA
AAAAAAAAAAAAAAAAAAAAAAAAAAAAAAAAAAAAAAAAAAAAAAAAAAAAAAAAAAAAAAAAAAAAAAAAAAAA
AAAAAAAAAAAAAAAAAAAAAAAAAAAAAAAAAAAAAAAAAAAAAAAAAAAAAAAAAAAAAAAAAAAAAAAAAAAA
AAAAAAAAAAAAAAAAAAAAAAAAAAAAAAAAAAAAAAAAAAAAAAAAAAAAAAAAAAAAAAAAAAAAAAAAAAAA
AAAAAAAAAAAAAAAAAAAAAAAAAAAAAAAAAAAAAAAAAAAAAAAAAAAAAAAAAAAAAAAAAAAAAAAAAAAA
AAAAAAAAAAAAAAAAAAAAAAAAAAAAAAAAAAAAAAAAAAAAAAAAAAAAAAAAAAAAAAAAAAAAAAAAAAAA
AAAAAAAAAAAAAAAAAAAAAAAAAAAAAAAAAAAAAAAAAAAAAAAAAAAAAAAAAAAAAAAAAAAAAAAAAAAA
AAAAAAAAAAAAAAAAAAAAAAAAAAAAAAAAAAAAAAAAAAAAAAAAAAAAAAAAAAAAAAAAAAAAAAAAAAAA
AAAAAAAAAAAAAAAAAAAAAAAAAAAAAAAAAAAAAAAAAAAAAAAAAAAAAAAAAAAAAAAAAAAAAAAAAAAA
AAAAAAAAAAAAAAAAAAAAAAAAAAAAAAAAAAAAAAAAAAAAAAAAAAAAAAAAAAAAAAAAAAAAAAAAAAAA
AAAAAAAAAAAAAAAAAAAAAAAAAAAAAAAAAAAAAAAAAAAAAAAAAAAAAAAAAAAAAAAAAAAAAAAAAAAA
AAAAAAAAAAAAAAAAAAAAAAAAAAAAAAAAAAAAAAAAAAAAAAAAAAAAAAAAAAAAAAAAAAAAAAAAAAAA
AAAAAAAAAAAAAAAAAAAAAAAAAAAAAAAAAAAAAAAAAAAAAAAAAAAAAAAAAAAAAAAAAAAAAAAAAAAA
AAAAAAAAAAAAAAAAAAAAAAAAAAAAAAAAAAAAAAAAAAAAAAAAAAAAAAAAAAAAAAAAAAAAAAAAAAAA
AAAAAAAAAAAAAAAAAAAAAAAAAAAAAAAAAAAAAAAAAAAAAAAAAAAAAAAAAAAAAAAAAAAAAAAAAAAA
AAAAAAAAAAAAAAAAAAAAAAAAAAAAAAAAAAAAAAAAAAAAAAAAAAAAAAAAAAAAAAAAAAAAAAAAAAAA
AAAAAAAAAAAAAAAAAAAAAAAAAAAAAAAAAAAAAAAAAAAAAAAAAAAAAAAAAAAAAAAAAAAAAAAAAAAA
AAAAAAAAAAAAAAAAAAAAAAAAAAAAAAAAAAAAAAAAAAAAAAAAAAAAAAAAAAAAAAAAAAAAAAAAAAAA
AAAAAAAAAAAAAAAAAAAAAAAAAAAAAAAAAAAAAAAAAAAAAAAAAAAAAAAAAAAAAAAAAAAAAAAAAAAA
AAAAAAAAAAAAAAAAAAAAAAAAAAAAAAAAAAAAAAAAAAAAAAAAAAAAAAAAAAAAAAAAAAAAAAAAAAAA
AAAAAAAAAAAAAAAAAAAAAAAAAAAAAAAAAAAAAAAAAAAAAAAAAAAAAAAAAAAAAAAAAAAAAAAAAAAA
AAAAAAAAAAAAAAAAAAAAAAAAAAAAAAAAAAAAAAAAAAAAAAAAAAAAAAAAAAAAAAAAAAAAAAAAAAAA
AAAAAAAAAAAAAAAAAAAAAAAAAAAAAAAAAAAAAAAAAAAAAAAAAAAAAAAAAAAAAAAAAAAAAAAAAAAA
AAAAAAAAAAAAAAAAAAAAAAAAAAAAAAAAAAAAAAAAAAAAAAAAAAAAAAAAAAAAAAAAAAAAAAAAAAAA
AAAAAAAAAAAAAAAAAAAAAAAAAAAAAAAAAAAAAAAAAAAAAAAAAAAAAAAAAAAAAAAAAAAAAAAAAAAA
AAAAAAAAAAAAAAAAAAAAAAAAAAAAAAAAAAAAAAAAAAAAAAAAAAAAAAAAAAAAAAAAAAAAAAAAAAAA
AAAAAAAAAAAAAAAAAAAAAAAAAAAAAAAAAAAAAAAAAAAAAAAAAAAAAAAAAAAAAAAAAAAAAAAAAAAA
AAAAAAAAAAAAAAAAAAAAAAAAAAAAAAAAAAAAAAAAAAAAAAAAAAAAAAAAAAAAAAAAAAAAAAAAAAAA
AAAAAAAAAAAAAAAAAAAAAAAAAAAAAAAAAAAAAAAAAAAAAAAAAAAAAAAAAAAAAAAAAAAAAAAAAAAA
AAAAAAAAAAAAAAAAAAAAAAAAAAAAAAAAAAAAAAAAAAAAAAAAAAAAAAAAAAAAAAAAAAAAAAAAAAAA
AAAAAAAAAAAAAAAAAAAAAAAAAAAAAAAAAAAAAAAAAAAAAAAAAAAAAAAAAAAAAAAAAAAAAAAAAAAA
AAAAAAAAAAAAAAAAAAAAAAAAAAAAAAAAAAAAAAAAAAAAAAAAAAAAAAAAAAAAAAAAAAAAAAAAAAAA
AAAAAAAAAAAAAAAAAAAAAAAAAAAAAAAAAAAAAAAAAAAAAAAAAAAAAAAAAAAAAAAAAAAAAAAAAAAA
AAAAAAAAAAAAAAAAAAAAAAAAAAAAAAAAAAAAAAAAAAAAAAAAAAAAAAAAAAAAAAAAAAAAAAAAAAAA
AAAAAAAAAAAAAAAAAAAAAAAAAAAAAAAAAAAAAAAAAAAAAAAAAAAAAAAAAAAAAAAAAAAAAAAAAAAA
AAAAAAAAAAAAAAAAAAAAAAAAAAAAAAAAAAAAAAAAAAAAAAAAAAAAAAAAAAAAAAAAAAAAAAAAAAAA
AAAAAAAAAAAAAAAAAAAAAAAAAAAAAAAAAAAAAAAAAAAAAAAAAAAAAAAAAAAAAAAAAAAAAAAAAAAA
AAAAAAAAAAAAAAAAAAAAAAAAAAAAAAAAAAAAAAAAAAAAAAAAAAAAAAAAAAAAAAAAAAAAAAAAAAAA
AAAAAAAAAAAAAAAAAAAAAAAAAAAAAAAAAAAAAAAAAAAAAAAAAAAAAAAAAAAAAAAAAAAAAAAAAAAA
AAAAAAAAAAAAAAAAAAAAAAAAAAAAAAAAAAAAAAAAAAAAAAAAAAAAAAAAAAAAAAAAAAAAAAAAAAAA
AAAAAAAAAAAAAAAAAAAAAAAAAAAAAAAAAAAAAAAAAAAAAAAAAAAAAAAAAAAAAAAAAAAAAAAAAAAA
AAAAAAAAAAAAAAAAAAAAAAAAAAAAAAAAAAAAAAAAAAAAAAAAAAAAAAAAAAAAAAAAAAAAAAAAAAAA
AAAAAAAAAAAAAAAAAAAAAAAAAAAAAAAAAAAAAAAAAAAAAAAAAAAAAAAAAAAAAAAAAAAAAAAAAAAA
AAAAAAAAAAAAAAAAAAAAAAAAAAAAAAAAAAAAAAAAAAAAAAAAAAAAAAAAAAAAAAAAAAAAAAAAAAAA
AAAAAAAAAAAAAAAAAAAAAAAAAAAAAAAAAAAAAAAAAAAAAAAAAAAAAAAAAAAAAAAAAAAAAAAAAAAA
AAAAAAAAAAAAAAAAAAAAAAAAAAAAAAAAAAAAAAAAAAAAAAAAAAAAAAAAAAAAAAAAAAAAAAAAAAAA
AAAAAAAAAAAAAAAAAAAAAAAAAAAAAAAAAAAAAAAAAAAAAAAAAAAAAAAAAAAAAAAAAAAAAAAAAAAA
AAAAAAAAAAAAAAAAAAAAAAAAAAAAAAAAAAAAAAAAAAAAAAAAAAAAAAAAAAAAAAAAAAAAAAAAAAAA
AAAAAAAAAAAAAAAAAAAAAAAAAAAAAAAAAAAAAAAAAAAAAAAAAAAAAAAAAAAAAAAAAAAAAAAAAAAA
AAAAAAAAAAAAAAAAAAAAAAAAAAAAAAAAAAAAAAAAAAAAAAAAAAAAAAAAAAAAAAAAAAAAAAAAAAAA
AAAAAAAAAAAAAAAAAAAAAAAAAAAAAAAAAAAAAAAAAAAAAAAAAAAAAAAAAAAAAAAAAAAAAAAAAAAA
AAAAAAAAAAAAAAAAAAAAAAAAAAAAAAAAAAAAAAAAAAAAAAAAAAAAAAAAAAAAAAAAAAAAAAAAAAAA
AAAAAAAAAAAAAAAAAAAAAAAAAAAAAAAAAAAAAAAAAAAAAAAAAAAAAAAAAAAAAAAAAAAAAAAAAAAA
AAAAAAAAAAAAAAAAAAAAAAAAAAAAAAAAAAAAAAAAAAAAAAAAAAAAAAAAAAAAAAAAAAAAAAAAAAAA
AAAAAAAAAAAAAAAAAAAAAAAAAAAAAAAAAAAAAAAAAAAAAAAAAAAAAAAAAAAAAAAAAAAAAAAAAAAA
AAAAAAAAAAAAAAAAAAAAAAAAAAAAAAAAAAAAAAAAAAAAAAAAAAAAAAAAAAAAAAAAAAAAAAAAAAAA
AAAAAAAAAAAAAAAAAAAAAAAAAAAAAAAAAAAAAAAAAAAAAAAAAAAAAAAAAAAAAAAAAAAAAAAAAAAA
AAAAAAAAAAAAAAAAAAAAAAAAAAAAAAAAAAAAAAAAAAAAAAAAAAAAAAAAAAAAAAAAAAAAAAAAAAAA
AAAAAAAAAAAAAAAAAAAAAAAAAAAAAAAAAAAAAAAAAAAAAAAAAAAAAAAAAAAAAAAAAAAAAAAAAAAA
AAAAAAAAAAAAAAAAAAAAAAAAAAAAAAAAAAAAAAAAAAAAAAAAAAAAAAAAAAAAAAAAAAAAAAAAAAAA
AAAAAAAAAAAAAAAAAAAAAAAAAAAAAAAAAAAAAAAAAAAAAAAAAAAAAAAAAAAAAAAAAAAAAAAAAAAA
AAAAAAAAAAAAAAAAAAAAAAAAAAAAAAAAAAAAAAAAAAAAAAAAAAAAAAAAAAAAAAAAAAAAAAAAAAAA
AAAAAAAAAAAAAAAAAAAAAAAAAAAAAAAAAAAAAAAAAAAAAAAAAAAAAAAAAAAAAAAAAAAAAAAAAAAA
AAAAAAAAAAAAAAAAAAAAAAAAAAAAAAAAAAAAAAAAAAAAAAAAAAAAAAAAAAAAAAAAAAAAAAAAAAAA
AAAAAAAAAAAAAAAAAAAAAAAAAAAAAAAAAAAAAAAAAAAAAAAAAAAAAAAAAAAAAAAAAAAAAAAAAAAA
AAAAAAAAAAAAAAAAAAAAAAAAAAAAAAAAAAAAAAAAAAAAAAAAAAAAAAAAAAAAAAAAAAAAAAAAAAAA
AAAAAAAAAAAAAAAAAAAAAAAAAAAAAAAAAAAAAAAAAAAAAAAAAAAAAAAAAAAAAAAAAAAAAAAAAAAA
AAAAAAAAAAAAAAAAAAAAAAAAAAAAAAAAAAAAAAAAAAAAAAAAAAAAAAAAAAAAAAAAAAAAAAAAAAAA
AAAAAAAAAAAAAAAAAAAAAAAAAAAAAAAAAAAAAAAAAAAAAAAAAAAAAAAAAAAAAAAAAAAAAAAAAAAA
AAAAAAAAAAAAAAAAAAAAAAAAAAAAAAAAAAAAAAAAAAAAAAAAAAAAAAAAAAAAAAAAAAAAAAAAAAAA
AAAAAAAAAAAAAAAAAAAAAAAAAAAAAAAAAAAAAAAAAAAAAAAAAAAAAAAAAAAAAAAAAAAAAAAAAAAA
AAAAAAAAAAAAAAAAAAAAAAAAAAAAAAAAAAAAAAAAAAAAAAAAAAAAAAAAAAAAAAAAAAAAAAAAAAAA
AAAAAAAAAAAAAAAAAAAAAAAAAAAAAAAAAAAAAAAAAAAAAAAAAAAAAAAAAAAAAAAAAAAAAAAAAAAA
AAAAAAAAAAAAAAAAAAAAAAAAAAAAAAAAAAAAAAAAAAAAAAAAAAAAAAAAAAAAAAAAAAAAAAAAAAAA
AAAAAAAAAAAAAAAAAAAAAAAAAAAAAAAAAAAAAAAAAAAAAAAAAAAAAAAAAAAAAAAAAAAAAAAAAAAA
AAAAAAAAAAAAAAAAAAAAAAAAAAAAAAAAAAAAAAAAAAAAAAAAAAAAAAAAAAAAAAAAAAAAAAAAAAAA
AAAAAAAAAAAAAAAAAAAAAAAAAAAAAAAAAAAAAAAAAAAAAAAAAAAAAAAAAAAAAAAAAAAAAAAAAAAA
AAAAAAAAAAAAAAAAAAAAAAAAAAAAAAAAAAAAAAAAAAAAAAAAAAAAAAAAAAAAAAAAAAAAAAAAAAAA
AAAAAAAAAAAAAAAAAAAAAAAAAAAAAAAAAAAAAAAAAAAAAAAAAAAAAAAAAAAAAAAAAAAAAAAAAAAA
AAAAAAAAAAAAAAAAAAAAAAAAAAAAAAAAAAAAAAAAAAAAAAAAAAAAAAAAAAAAAAAAAAAAAAAAAAAA
AAAAAAAAAAAAAAAAAAAAAAAAAAAAAAAAAAAAAAAAAAAAAAAAAAAAAAAAAAAAAAAAAAAAAAAAAAAA
AAAAAAAAAAAAAAAAAAAAAAAAAAAAAAAAAAAAAAAAAAAAAAAAAAAAAAAAAAAAAAAAAAAAAAAAAAAA
AAAAAAAAAAAAAAAAAAAAAAAAAAAAAAAAAAAAAAAAAAAAAAAAAAAAAAAAAAAAAAAAAAAAAAAAAAAA
AAAAAAAAAAAAAAAAAAAAAAAAAAAAAAAAAAAAAAAAAAAAAAAAAAAAAAAAAAAAAAAAAAAAAAAAAAAA
AAAAAAAAAAAAAAAAAAAAAAAAAAAAAAAAAAAAAAAAAAAAAAAAAAAAAAAAAAAAAAAAAAAAAAAAAAAA
AAAAAAAAAAAAAAAAAAAAAAAAAAAAAAAAAAAAAAAAAAAAAAAAAAAAAAAAAAAAAAAAAAAAAAAAAAAA
AAAAAAAAAAAAAAAAAAAAAAAAAAAAAAAAAAAAAAAAAAAAAAAAAAAAAAAAAAAAAAAAAAAAAAAAAAAA
AAAAAAAAAAAAAAAAAAAAAAAAAAAAAAAAAAAAAAAAAAAAAAAAAAAAAAAAAAAAAAAAAAAAAAAAAAAA
AAAAAAAAAAAAAAAAAAAAAAAAAAAAAAAAAAAAAAAAAAAAAAAAAAAAAAAAAAAAAAAAAAAAAAAAAAAA
AAAAAAAAAAAAAAAAAAAAAAAAAAAAAAAAAAAAAAAAAAAAAAAAAAAAAAAAAAAAAAAAAAAAAAAAAAAA
AAAAAAAAAAAAAAAAAAAAAAAAAAAAAAAAAAAAAAAAAAAAAAAAAAAAAAAAAAAAAAAAAAAAAAAAAAAA
AAAAAAAAAAAAAAAAAAAAAAAAAAAAAAAAAAAAAAAAAAAAAAAAAAAAAAAAAAAAAAAAAAAAAAAAAAAA
AAAAAAAAAAAAAAAAAAAAAAAAAAAAAAAAAAAAAAAAAAAAAAAAAAAAAAAAAAAAAAAAAAAAAAAAAAAA
AAAAAAAAAAAAAAAAAAAAAAAAAAAAAAAAAAAAAAAAAAAAAAAAAAAAAAAAAAAAAAAAAAAAAAAAAAAA
AAAAAAAAAAAAAAAAAAAAAAAAAAAAAAAAAAAAAAAAAAAAAAAAAAAAAAAAAAAAAAAAAAAAAAAAAAAA
AAAAAAAAAAAAAAAAAAAAAAAAAAAAAAAAAAAAAAAAAAAAAAAAAAAAAAAAAAAAAAAAAAAAAAAAAAAA
AAAAAAAAAAAAAAAAAAAAAAAAAAAAAAAAAAAAAAAAAAAAAAAAAAAAAAAAAAAAAAAAAAAAAAAAAAAA
AAAAAAAAAAAAAAAAAAAAAAAAAAAAAAAAAAAAAAAAAAAAAAAAAAAAAAAAAAAAAAAAAAAAAAAAAAAA
AAAAAAAAAAAAAAAAAAAAAAAAAAAAAAAAAAAAAAAAAAAAAAAAAAAAAAAAAAAAAAAAAAAAAAAAAAAA
AAAAAAAAAAAAAAAAAAAAAAAAAAAAAAAAAAAAAAAAAAAAAAAAAAAAAAAAAAAAAAAAAAAAAAAAAAAA
AAAAAAAAAAAAAAAAAAAAAAAAAAAAAAAAAAAAAAAAAAAAAAAAAAAAAAAAAAAAAAAAAAAAAAAAAAAA
AAAAAAAAAAAAAAAAAAAAAAAAAAAAAAAAAAAAAAAAAAAAAAAAAAAAAAAAAAAAAAAAAAAAAAAAAAAA
AAAAAAAAAAAAAAAAAAAAAAAAAAAAAAAAAAAAAAAAAAAAAAAAAAAAAAAAAAAAAAAAAAAAAAAAAAAA
AAAAAAAAAAAAAAAAAAAAAAAAAAAAAAAAAAAAAAAAAAAAAAAAAAAAAAAAAAAAAAAAAAAAAAAAAAAA
AAAAAAAAAAAAAAAAAAAAAAAAAAAAAAAAAAAAAAAAAAAAAAAAAAAAAAAAAAAAAAAAAAAAAAAAAAAA
AAAAAAAAAAAAAAAAAAAAAAAAAAAAAAAAAAAAAAAAAAAAAAAAAAAAAAAAAAAAAAAAAAAAAAAAAAAA
AAAAAAAAAAAAAAAAAAAAAAAAAAAAAAAAAAAAAAAAAAAAAAAAAAAAAAAAAAAAAAAAAAAAAAAAAAAA
AAAAAAAAAAAAAAAAAAAAAAAAAAAAAAAAAAAAAAAAAAAAAAAAAAAAAAAAAAAAAAAAAAAAAAAAAAAA
AAAAAAAAAAAAAAAAAAAAAAAAAAAAAAAAAAAAAAAAAAAAAAAAAAAAAAAAAAAAAAAAAAAAAAAAAAAA
AAAAAAAAAAAAAAAAAAAAAAAAAAAAAAAAAAAAAAAAAAAAAAAAAAAAAAAAAAAAAAAAAAAAAAAAAAAA
AAAAAAAAAAAAAAAAAAAAAAAAAAAAAAAAAAAAAAAAAAAAAAAAAAAAAAAAAAAAAAAAAAAAAAAAAAAA
AAAAAAAAAAAAAAAAAAAAAAAAAAAAAAAAAAAAAAAAAAAAAAAAAAAAAAAAAAAAAAAAAAAAAAAAAAAA
AAAAAAAAAAAAAAAAAAAAAAAAAAAAAAAAAAAAAAAAAAAAAAAAAAAAAAAAAAAAAAAAAAAAAAAAAAAA
AAAAAAAAAAAAAAAAAAAAAAAAAAAAAAAAAAAAAAAAAAAAAAAAAAAAAAAAAAAAAAAAAAAAAAAAAAAA
AAAAAAAAAAAAAAAAAAAAAAAAAAAAAAAAAAAAAAAAAAAAAAAAAAAAAAAAAAAAAAAAAAAAAAAAAAAA
AAAAAAAAAAAAAAAAAAAAAAAAAAAAAAAAAAAAAAAAAAAAAAAAAAAAAAAAAAAAAAAAAAAAAAAAAAAA
AAAAAAAAAAAAAAAAAAAAAAAAAAAAAAAAAAAAAAAAAAAAAAAAAAAAAAAAAAAAAAAAAAAAAAAAAAAA
AAAAAAAAAAAAAAAAAAAAAAAAAAAAAAAAAAAAAAAAAAAAAAAAAAAAAAAAAAAAAAAAAAAAAAAAAAAA
AAAAAAAAAAAAAAAAAAAAAAAAAAAAAAAAAAAAAAAAAAAAAAAAAAAAAAAAAAAAAAAAAAAAAAAAAAAA
AAAAAAAAAAAAAAAAAAAAAAAAAAAAAAAAAAAAAAAAAAAAAAAAAAAAAAAAAAAAAAAAAAAAAAAAAAAA
AAAAAAAAAAAAAAAAAAAAAAAAAAAAAAAAAAAAAAAAAAAAAAAAAAAAAAAAAAAAAAAAAAAAAAAAAAAA
AAAAAAAAAAAAAAAAAAAAAAAAAAAAAAAAAAAAAAAAAAAAAAAAAAAAAAAAAAAAAAAAAAAAAAAAAAAA
AAAAAAAAAAAAAAAAAAAAAAAAAAAAAAAAAAAAAAAAAAAAAAAAAAAAAAAAAAAAAAAAAAAAAAAAAAAA
AAAAAAAAAAAAAAAAAAAAAAAAAAAAAAAAAAAAAAAAAAAAAAAAAAAAAAAAAAAAAAAAAAAAAAAAAAAA
AAAAAAAAAAAAAAAAAAAAAAAAAAAAAAAAAAAAAAAAAAAAAAAAAAAAAAAAAAAAAAAAAAAAAAAAAAAA
AAAAAAAAAAAAAAAAAAAAAAAAAAAAAAAAAAAAAAAAAAAAAAAAAAAAAAAAAAAAAAAAAAAAAAAAAAAA
AAAAAAAAAAAAAAAAAAAAAAAAAAAAAAAAAAAAAAAAAAAAAAAAAAAAAAAAAAAAAAAAAAAAAAAAAAAA
AAAAAAAAAAAAAAAAAAAAAAAAAAAAAAAAAAAAAAAAAAAAAAAAAAAAAAAAAAAAAAAAAAAAAAAAAAAA
AAAAAAAAAAAAAAAAAAAAAAAAAAAAAAAAAAAAAAAAAAAAAAAAAAAAAAAAAAAAAAAAAAAAAAAAAAAA
AAAAAAAAAAAAAAAAAAAAAAAAAAAAAAAAAAAAAAAAAAAAAAAAAAAAAAAAAAAAAAAAAAAAAAAAAAAA
AAAAAAAAAAAAAAAAAAAAAAAAAAAAAAAAAAAAAAAAAAAAAAAAAAAAAAAAAAAAAAAAAAAAAAAAAAAA
AAAAAAAAAAAAAAAAAAAAAAAAAAAAAAAAAAAAAAAAAAAAAAAAAAAAAAAAAAAAAAAAAAAAAAAAAAAA
AAAAAAAAAAAAAAAAAAAAAAAAAAAAAAAAAAAAAAAAAAAAAAAAAAAAAAAAAAAAAAAAAAAAAAAAAAAA
AAAAAAAAAAAAAAAAAAAAAAAAAAAAAAAAAAAAAAAAAAAAAAAAAAAAAAAAAAAAAAAAAAAAAAAAAAAA
AAAAAAAAAAAAAAAAAAAAAAAAAAAAAAAAAAAAAAAAAAAAAAAAAAAAAAAAAAAAAAAAAAAAAAAAAAAA
AAAAAAAAAAAAAAAAAAAAAAAAAAAAAAAAAAAAAAAAAAAAAAAAAAAAAAAAAAAAAAAAAAAAAAAAAAAA
AAAAAAAAAAAAAAAAAAAAAAAAAAAAAAAAAAAAAAAAAAAAAAAAAAAAAAAAAAAAAAAAAAAAAAAAAAAA
AAAAAAAAAAAAAAAAAAAAAAAAAAAAAAAAAAAAAAAAAAAAAAAAAAAAAAAAAAAAAAAAAAAAAAAAAAAA
AAAAAAAAAAAAAAAAAAAAAAAAAAAAAAAAAAAAAAAAAAAAAAAAAAAAAAAAAAAAAAAAAAAAAAAAAAAA
AAAAAAAAAAAAAAAAAAAAAAAAAAAAAAAAAAAAAAAAAAAAAAAAAAAAAAAAAAAAAAAAAAAAAAAAAAAA
AAAAAAAAAAAAAAAAAAAAAAAAAAAAAAAAAAAAAAAAAAAAAAAAAAAAAAAAAAAAAAAAAAAAAAAAAAAA
AAAAAAAAAAAAAAAAAAAAAAAAAAAAAAAAAAAAAAAAAAAAAAAAAAAAAAAAAAAAAAAAAAAAAAAAAAAA
AAAAAAAAAAAAAAAAAAAAAAAAAAAAAAAAAAAAAAAAAAAAAAAAAAAAAAAAAAAAAAAAAAAAAAAAAAAA
AAAAAAAAAAAAAAAAAAAAAAAAAAAAAAAAAAAAAAAAAAAAAAAAAAAAAAAAAAAAAAAAAAAAAAAAAAAA
AAAAAAAAAAAAAAAAAAAAAAAAAAAAAAAAAAAAAAAAAAAAAAAAAAAAAAAAAAAAAAAAAAAAAAAAAAAA
AAAAAAAAAAAAAAAAAAAAAAAAAAAAAAAAAAAAAAAAAAAAAAAAAAAAAAAAAAAAAAAAAAAAAAAAAAAA
AAAAAAAAAAAAAAAAAAAAAAAAAAAAAAAAAAAAAAAAAAAAAAAAAAAAAAAAAAAAAAAAAAAAAAAAAAAA
AAAAAAAAAAAAAAAAAAAAAAAAAAAAAAAAAAAAAAAAAAAAAAAAAAAAAAAAAAAAAAAAAAAAAAAAAAAA
AAAAAAAAAAAAAAAAAAAAAAAAAAAAAAAAAAAAAAAAAAAAAAAAAAAAAAAAAAAAAAAAAAAAAAAAAAAA
AAAAAAAAAAAAAAAAAAAAAAAAAAAAAAAAAAAAAAAAAAAAAAAAAAAAAAAAAAAAAAAAAAAAAAAAAAAA
AAAAAAAAAAAAAAAAAAAAAAAAAAAAAAAAAAAAAAAAAAAAAAAAAAAAAAAAAAAAAAAAAAAAAAAAAAAA
AAAAAAAAAAAAAAAAAAAAAAAAAAAAAAAAAAAAAAAAAAAAAAAAAAAAAAAAAAAAAAAAAAAAAAAAAAAA
AAAAAAAAAAAAAAAAAAAAAAAAAAAAAAAAAAAAAAAAAAAAAAAAAAAAAAAAAAAAAAAAAAAAAAAAAAAA
AAAAAAAAAAAAAAAAAAAAAAAAAAAAAAAAAAAAAAAAAAAAAAAAAAAAAAAAAAAAAAAAAAAAAAAAAAAA
AAAAAAAAAAAAAAAAAAAAAAAAAAAAAAAAAAAAAAAAAAAAAAAAAAAAAAAAAAAAAAAAAAAAAAAAAAAA
AAAAAAAAAAAAAAAAAAAAAAAAAAAAAAAAAAAAAAAAAAAAAAAAAAAAAAAAAAAAAAAAAAAAAAAAAAAA
AAAAAAAAAAAAAAAAAAAAAAAAAAAAAAAAAAAAAAAAAAAAAAAAAAAAAAAAAAAAAAAAAAAAAAAAAAAA
AAAAAAAAAAAAAAAAAAAAAAAAAAAAAAAAAAAAAAAAAAAAAAAAAAAAAAAAAAAAAAAAAAAAAAAAAAAA
AAAAAAAAAAAAAAAAAAAAAAAAAAAAAAAAAAAAAAAAAAAAAAAAAAAAAAAAAAAAAAAAAAAAAAAAAAAA
AAAAAAAAAAAAAAAAAAAAAAAAAAAAAAAAAAAAAAAAAAAAAAAAAAAAAAAAAAAAAAAAAAAAAAAAAAAA
AAAAAAAAAAAAAAAAAAAAAAAAAAAAAAAAAAAAAAAAAAAAAAAAAAAAAAAAAAAAAAAAAAAAAAAAAAAA
AAAAAAAAAAAAAAAAAAAAAAAAAAAAAAAAAAAAAAAAAAAAAAAAAAAAAAAAAAAAAAAAAAAAAAAAAAAA
AAAAAAAAAAAAAAAAAAAAAAAAAAAAAAAAAAAAAAAAAAAAAAAAAAAAAAAAAAAAAAAAAAAAAAAAAAAA
AAAAAAAAAAAAAAAAAAAAAAAAAAAAAAAAAAAAAAAAAAAAAAAAAAAAAAAAAAAAAAAAAAAAAAAAAAAA
AAAAAAAAAAAAAAAAAAAAAAAAAAAAAAAAAAAAAAAAAAAAAAAAAAAAAAAAAAAAAAAAAAAAAAAAAAAA
AAAAAAAAAAAAAAAAAAAAAAAAAAAAAAAAAAAAAAAAAAAAAAAAAAAAAAAAAAAAAAAAAAAAAAAAAAAA
AAAAAAAAAAAAAAAAAAAAAAAAAAAAAAAAAAAAAAAAAAAAAAAAAAAAAAAAAAAAAAAAAAAAAAAAAAAA
AAAAAAAAAAAAAAAAAAAAAAAAAAAAAAAAAAAAAAAAAAAAAAAAAAAAAAAAAAAAAAAAAAAAAAAAAAAA
AAAAAAAAAAAAAAAAAAAAAAAAAAAAAAAAAAAAAAAAAAAAAAAAAAAAAAAAAAAAAAAAAAAAAAAAAAAA
AAAAAAAAAAAAAAAAAAAAAAAAAAAAAAAAAAAAAAAAAAAAAAAAAAAAAAAAAAAAAAAAAAAAAAAAAAAA
AAAAAAAAAAAAAAAAAAAAAAAAAAAAAAAAAAAAAAAAAAAAAAAAAAAAAAAAAAAAAAAAAAAAAAAAAAAA
AAAAAAAAAAAAAAAAAAAAAAAAAAAAAAAAAAAAAAAAAAAAAAAAAAAAAAAAAAAAAAAAAAAAAAAAAAAA
AAAAAAAAAAAAAAAAAAAAAAAAAAAAAAAAAAAAAAAAAAAAAAAAAAAAAAAAAAAAAAAAAAAAAAAAAAAA
AAAAAAAAAAAAAAAAAAAAAAAAAAAAAAAAAAAAAAAAAAAAAAAAAAAAAAAAAAAAAAAAAAAAAAAAAAAA
AAAAAAAAAAAAAAAAAAAAAAAAAAAAAAAAAAAAAAAAAAAAAAAAAAAAAAAAAAAAAAAAAAAAAAAAAAAA
AAAAAAAAAAAAAAAAAAAAAAAAAAAAAAAAAAAAAAAAAAAAAAAAAAAAAAAAAAAAAAAAAAAAAAAAAAAA
AAAAAAAAAAAAAAAAAAAAAAAAAAAAAAAAAAAAAAAAAAAAAAAAAAAAAAAAAAAAAAAAAAAAAAAAAAAA
AAAAAAAAAAAAAAAAAAAAAAAAAAAAAAAAAAAAAAAAAAAAAAAAAAAAAAAAAAAAAAAAAAAAAAAAAAAA
AAAAAAAAAAAAAAAAAAAAAAAAAAAAAAAAAAAAAAAAAAAAAAAAAAAAAAAAAAAAAAAAAAAAAAAAAAAA
AAAAAAAAAAAAAAAAAAAAAAAAAAAAAAAAAAAAAAAAAAAAAAAAAAAAAAAAAAAAAAAAAAAAAAAAAAAA
AAAAAAAAAAAAAAAAAAAAAAAAAAAAAAAAAAAAAAAAAAAAAAAAAAAAAAAAAAAAAAAAAAAAAAAAAAAA
AAAAAAAAAAAAAAAAAAAAAAAAAAAAAAAAAAAAAAAAAAAAAAAAAAAAAAAAAAAAAAAAAAAAAAAAAAAA
AAAAAAAAAAAAAAAAAAAAAAAAAAAAAAAAAAAAAAAAAAAAAAAAAAAAAAAAAAAAAAAAAAAAAAAAAAAA
AAAAAAAAAAAAAAAAAAAAAAAAAAAAAAAAAAAAAAAAAAAAAAAAAAAAAAAAAAAAAAAAAAAAAAAAAAAA
AAAAAAAAAAAAAAAAAAAAAAAAAAAAAAAAAAAAAAAAAAAAAAAAAAAAAAAAAAAAAAAAAAAAAAAAAAAA
AAAAAAAAAAAAAAAAAAAAAAAAAAAAAAAAAAAAAAAAAAAAAAAAAAAAAAAAAAAAAAAAAAAAAAAAAAAA
AAAAAAAAAAAAAAAAAAAAAAAAAAAAAAAAAAAAAAAAAAAAAAAAAAAAAAAAAAAAAAAAAAAAAAAAAAAA
AAAAAAAAAAAAAAAAAAAAAAAAAAAAAAAAAAAAAAAAAAAAAAAAAAAAAAAAAAAAAAAAAAAAAAAAAAAA
AAAAAAAAAAAAAAAAAAAAAAAAAAAAAAAAAAAAAAAAAAAAAAAAAAAAAAAAAAAAAAAAAAAAAAAAAAAA
AAAAAAAAAAAAAAAAAAAAAAAAAAAAAAAAAAAAAAAAAAAAAAAAAAAAAAAAAAAAAAAAAAAAAAAAAAAA
AAAAAAAAAAAAAAAAAAAAAAAAAAAAAAAAAAAAAAAAAAAAAAAAAAAAAAAAAAAAAAAAAAAAAAAAAAAA
AAAAAAAAAAAAAAAAAAAAAAAAAAAAAAAAAAAAAAAAAAAAAAAAAAAAAAAAAAAAAAAAAAAAAAAAAAAA
AAAAAAAAAAAAAAAAAAAAAAAAAAAAAAAAAAAAAAAAAAAAAAAAAAAAAAAAAAAAAAAAAAAAAAAAAAAA
AAAAAAAAAAAAAAAAAAAAAAAAAAAAAAAAAAAAAAAAAAAAAAAAAAAAAAAAAAAAAAAAAAAAAAAAAAAA
AAAAAAAAAAAAAAAAAAAAAAAAAAAAAAAAAAAAAAAAAAAAAAAAAAAAAAAAAAAAAAAAAAAAAAAAAAAA
AAAAAAAAAAAAAAAAAAAAAAAAAAAAAAAAAAAAAAAAAAAAAAAAAAAAAAAAAAAAAAAAAAAAAAAAAAAA
AAAAAAAAAAAAAAAAAAAAAAAAAAAAAAAAAAAAAAAAAAAAAAAAAAAAAAAAAAAAAAAAAAAAAAAAAAAA
AAAAAAAAAAAAAAAAAAAAAAAAAAAAAAAAAAAAAAAAAAAAAAAAAAAAAAAAAAAAAAAAAAAAAAAAAAAA
AAAAAAAAAAAAAAAAAAAAAAAAAAAAAAAAAAAAAAAAAAAAAAAAAAAAAAAAAAAAAAAAAAAAAAAAAAAA
AAAAAAAAAAAAAAAAAAAAAAAAAAAAAAAAAAAAAAAAAAAAAAAAAAAAAAAAAAAAAAAAAAAAAAAAAAAA
AAAAAAAAAAAAAAAAAAAAAAAAAAAAAAAAAAAAAAAAAAAAAAAAAAAAAAAAAAAAAAAAAAAAAAAAAAAA
AAAAAAAAAAAAAAAAAAAAAAAAAAAAAAAAAAAAAAAAAAAAAAAAAAAAAAAAAAAAAAAAAAAAAAAAAAAA
AAAAAAAAAAAAAAAAAAAAAAAAAAAAAAAAAAAAAAAAAAAAAAAAAAAAAAAAAAAAAAAAAAAAAAAAAAAA
AAAAAAAAAAAAAAAAAAAAAAAAAAAAAAAAAAAAAAAAAAAAAAAAAAAAAAAAAAAAAAAAAAAAAAAAAAAA
AAAAAAAAAAAAAAAAAAAAAAAAAAAAAAAAAAAAAAAAAAAAAAAAAAAAAAAAAAAAAAAAAAAAAAAAAAAA
AAAAAAAAAAAAAAAAAAAAAAAAAAAAAAAAAAAAAAAAAAAAAAAAAAAAAAAAAAAAAAAAAAAAAAAAAAAA
AAAAAAAAAAAAAAAAAAAAAAAAAAAAAAAAAAAAAAAAAAAAAAAAAAAAAAAAAAAAAAAAAAAAAAAAAAAA
AAAAAAAAAAAAAAAAAAAAAAAAAAAAAAAAAAAAAAAAAAAAAAAAAAAAAAAAAAAAAAAAAAAAAAAAAAAA
AAAAAAAAAAAAAAAAAAAAAAAAAAAAAAAAAAAAAAAAAAAAAAAAAAAAAAAAAAAAAAAAAAAAAAAAAAAA
AAAAAAAAAAAAAAAAAAAAAAAAAAAAAAAAAAAAAAAAAAAAAAAAAAAAAAAAAAAAAAAAAAAAAAAAAAAA
AAAAAAAAAAAAAAAAAAAAAAAAAAAAAAAAAAAAAAAAAAAAAAAAAAAAAAAAAAAAAAAAAAAAAAAAAAAA
AAAAAAAAAAAAAAAAAAAAAAAAAAAAAAAAAAAAAAAAAAAAAAAAAAAAAAAAAAAAAAAAAAAAAAAAAAAA
AAAAAAAAAAAAAAAAAAAAAAAAAAAAAAAAAAAAAAAAAAAAAAAAAAAAAAAAAAAAAAAAAAAAAAAAAAAA
AAAAAAAAAAAAAAAAAAAAAAAAAAAAAAAAAAAAAAAAAAAAAAAAAAAAAAAAAAAAAAAAAAAAAAAAAAAA
AAAAAAAAAAAAAAAAAAAAAAAAAAAAAAAAAAAAAAAAAAAAAAAAAAAAAAAAAAAAAAAAAAAAAAAAAAAA
AAAAAAAAAAAAAAAAAAAAAAAAAAAAAAAAAAAAAAAAAAAAAAAAAAAAAAAAAAAAAAAAAAAAAAAAAAAA
AAAAAAAAAAAAAAAAAAAAAAAAAAAAAAAAAAAAAAAAAAAAAAAAAAAAAAAAAAAAAAAAAAAAAAAAAAAA
AAAAAAAAAAAAAAAAAAAAAAAAAAAAAAAAAAAAAAAAAAAAAAAAAAAAAAAAAAAAAAAAAAAAAAAAAAAA
AAAAAAAAAAAAAAAAAAAAAAAAAAAAAAAAAAAAAAAAAAAAAAAAAAAAAAAAAAAAAAAAAAAAAAAAAAAA
AAAAAAAAAAAAAAAAAAAAAAAAAAAAAAAAAAAAAAAAAAAAAAAAAAAAAAAAAAAAAAAAAAAAAAAAAAAA
AAAAAAAAAAAAAAAAAAAAAAAAAAAAAAAAAAAAAAAAAAAAAAAAAAAAAAAAAAAAAAAAAAAAAAAAAAAA
AAAAAAAAAAAAAAAAAAAAAAAAAAAAAAAAAAAAAAAAAAAAAAAAAAAAAAAAAAAAAAAAAAAAAAAAAAAA
AAAAAAAAAAAAAAAAAAAAAAAAAAAAAAAAAAAAAAAAAAAAAAAAAAAAAAAAAAAAAAAAAAAAAAAAAAAA
AAAAAAAAAAAAAAAAAAAAAAAAAAAAAAAAAAAAAAAAAAAAAAAAAAAAAAAAAAAAAAAAAAAAAAAAAAAA
AAAAAAAAAAAAAAAAAAAAAAAAAAAAAAAAAAAAAAAAAAAAAAAAAAAAAAAAAAAAAAAAAAAAAAAAAAAA
AAAAAAAAAAAAAAAAAAAAAAAAAAAAAAAAAAAAAAAAAAAAAAAAAAAAAAAAAAAAAAAAAAAAAAAAAAAA
AAAAAAAAAAAAAAAAAAAAAAAAAAAAAAAAAAAAAAAAAAAAAAAAAAAAAAAAAAAAAAAAAAAAAAAAAAAA
AAAAAAAAAAAAAAAAAAAAAAAAAAAAAAAAAAAAAAAAAAAAAAAAAAAAAAAAAAAAAAAAAAAAAAAAAAAA
AAAAAAAAAAAAAAAAAAAAAAAAAAAAAAAAAAAAAAAAAAAAAAAAAAAAAAAAAAAAAAAAAAAAAAAAAAAA
AAAAAAAAAAAAAAAAAAAAAAAAAAAAAAAAAAAAAAAAAAAAAAAAAAAAAAAAAAAAAAAAAAAAAAAAAAAA
AAAAAAAAAAAAAAAAAAAAAAAAAAAAAAAAAAAAAAAAAAAAAAAAAAAAAAAAAAAAAAAAAAAAAAAAAAAA
AAAAAAAAAAAAAAAAAAAAAAAAAAAAAAAAAAAAAAAAAAAAAAAAAAAAAAAAAAAAAAAAAAAAAAAAAAAA
AAAAAAAAAAAAAAAAAAAAAAAAAAAAAAAAAAAAAAAAAAAAAAAAAAAAAAAAAAAAAAAAAAAAAAAAAAAA
AAAAAAAAAAAAAAAAAAAAAAAAAAAAAAAAAAAAAAAAAAAAAAAAAAAAAAAAAAAAAAAAAAAAAAAAAAAA
AAAAAAAAAAAAAAAAAAAAAAAAAAAAAAAAAAAAAAAAAAAAAAAAAAAAAAAAAAAAAAAAAAAAAAAAAAAA
AAAAAAAAAAAAAAAAAAAAAAAAAAAAAAAAAAAAAAAAAAAAAAAAAAAAAAAAAAAAAAAAAAAAAAAAAAAA
AAAAAAAAAAAAAAAAAAAAAAAAAAAAAAAAAAAAAAAAAAAAAAAAAAAAAAAAAAAAAAAAAAAAAAAAAAAA
AAAAAAAAAAAAAAAAAAAAAAAAAAAAAAAAAAAAAAAAAAAAAAAAAAAAAAAAAAAAAAAAAAAAAAAAAAAA
AAAAAAAAAAAAAAAAAAAAAAAAAAAAAAAAAAAAAAAAAAAAAAAAAAAAAAAAAAAAAAAAAAAAAAAAAAAA
AAAAAAAAAAAAAAAAAAAAAAAAAAAAAAAAAAAAAAAAAAAAAAAAAAAAAAAAAAAAAAAAAAAAAAAAAAAA
AAAAAAAAAAAAAAAAAAAAAAAAAAAAAAAAAAAAAAAAAAAAAAAAAAAAAAAAAAAAAAAAAAAAAAAAAAAA
AAAAAAAAAAAAAAAAAAAAAAAAAAAAAAAAAAAAAAAAAAAAAAAAAAAAAAAAAAAAAAAAAAAAAAAAAAAA
AAAAAAAAAAAAAAAAAAAAAAAAAAAAAAAAAAAAAAAAAAAAAAAAAAAAAAAAAAAAAAAAAAAAAAAAAAAA
AAAAAAAAAAAAAAAAAAAAAAAAAAAAAAAAAAAAAAAAAAAAAAAAAAAAAAAAAAAAAAAAAAAAAAAAAAAA
AAAAAAAAAAAAAAAAAAAAAAAAAAAAAAAAAAAAAAAAAAAAAAAAAAAAAAAAAAAAAAAAAAAAAAAAAAAA
AAAAAAAAAAAAAAAAAAAAAAAAAAAAAAAAAAAAAAAAAAAAAAAAAAAAAAAAAAAAAAAAAAAAAAAAAAAA
AAAAAAAAAAAAAAAAAAAAAAAAAAAAAAAAAAAAAAAAAAAAAAAAAAAAAAAAAAAAAAAAAAAAAAAAAAAA
AAAAAAAAAAAAAAAAAAAAAAAAAAAAAAAAAAAAAAAAAAAAAAAAAAAAAAAAAAAAAAAAAAAAAAAAAAAA
AAAAAAAAAAAAAAAAAAAAAAAAAAAAAAAAAAAAAAAAAAAAAAAAAAAAAAAAAAAAAAAAAAAAAAAAAAAA
AAAAAAAAAAAAAAAAAAAAAAAAAAAAAAAAAAAAAAAAAAAAAAAAAAAAAAAAAAAAAAAAAAAAAAAAAAAA
AAAAAAAAAAAAAAAAAAAAAAAAAAAAAAAAAAAAAAAAAAAAAAAAAAAAAAAAAAAAAAAAAAAAAAAAAAAA
AAAAAAAAAAAAAAAAAAAAAAAAAAAAAAAAAAAAAAAAAAAAAAAAAAAAAAAAAAAAAAAAAAAAAAAAAAAA
AAAAAAAAAAAAAAAAAAAAAAAAAAAAAAAAAAAAAAAAAAAAAAAAAAAAAAAAAAAAAAAAAAAAAAAAAAAA
AAAAAAAAAAAAAAAAAAAAAAAAAAAAAAAAAAAAAAAAAAAAAAAAAAAAAAAAAAAAAAAAAAAAAAAAAAAA
AAAAAAAAAAAAAAAAAAAAAAAAAAAAAAAAAAAAAAAAAAAAAAAAAAAAAAAAAAAAAAAAAAAAAAAAAAAA
AAAAAAAAAAAAAAAAAAAAAAAAAAAAAAAAAAAAAAAAAAAAAAAAAAAAAAAAAAAAAAAAAAAAAAAAAAAA
AAAAAAAAAAAAAAAAAAAAAAAAAAAAAAAAAAAAAAAAAAAAAAAAAAAAAAAAAAAAAAAAAAAAAAAAAAAA
AAAAAAAAAAAAAAAAAAAAAAAAAAAAAAAAAAAAAAAAAAAAAAAAAAAAAAAAAAAAAAAAAAAAAAAAAAAA
AAAAAAAAAAAAAAAAAAAAAAAAAAAAAAAAAAAAAAAAAAAAAAAAAAAAAAAAAAAAAAAAAAAAAAAAAAAA
AAAAAAAAAAAAAAAAAAAAAAAAAAAAAAAAAAAAAAAAAAAAAAAAAAAAAAAAAAAAAAAAAAAAAAAAAAAA
AAAAAAAAAAAAAAAAAAAAAAAAAAAAAAAAAAAAAAAAAAAAAAAAAAAAAAAAAAAAAAAAAAAAAAAAAAAA
AAAAAAAAAAAAAAAAAAAAAAAAAAAAAAAAAAAAAAAAAAAAAAAAAAAAAAAAAAAAAAAAAAAAAAAAAAAA
AAAAAAAAAAAAAAAAAAAAAAAAAAAAAAAAAAAAAAAAAAAAAAAAAAAAAAAAAAAAAAAAAAAAAAAAAAAA
AAAAAAAAAAAAAAAAAAAAAAAAAAAAAAAAAAAAAAAAAAAAAAAAAAAAAAAAAAAAAAAAAAAAAAAAAAAA
AAAAAAAAAAAAAAAAAAAAAAAAAAAAAAAAAAAAAAAAAAAAAAAAAAAAAAAAAAAAAAAAAAAAAAAAAAAA
AAAAAAAAAAAAAAAAAAAAAAAAAAAAAAAAAAAAAAAAAAAAAAAAAAAAAAAAAAAAAAAAAAAAAAAAAAAA
AAAAAAAAAAAAAAAAAAAAAAAAAAAAAAAAAAAAAAAAAAAAAAAAAAAAAAAAAAAAAAAAAAAAAAAAAAAA
AAAAAAAAAAAAAAAAAAAAAAAAAAAAAAAAAAAAAAAAAAAAAAAAAAAAAAAAAAAAAAAAAAAAAAAAAAAA
AAAAAAAAAAAAAAAAAAAAAAAAAAAAAAAAAAAAAAAAAAAAAAAAAAAAAAAAAAAAAAAAAAAAAAAAAAAA
AAAAAAAAAAAAAAAAAAAAAAAAAAAAAAAAAAAAAAAAAAAAAAAAAAAAAAAAAAAAAAAAAAAAAAAAAAAA
AAAAAAAAAAAAAAAAAAAAAAAAAAAAAAAAAAAAAAAAAAAAAAAAAAAAAAAAAAAAAAAAAAAAAAAAAAAA
AAAAAAAAAAAAAAAAAAAAAAAAAAAAAAAAAAAAAAAAAAAAAAAAAAAAAAAAAAAAAAAAAAAAAAAAAAAA
AAAAAAAAAAAAAAAAAAAAAAAAAAAAAAAAAAAAAAAAAAAAAAAAAAAAAAAAAAAAAAAAAAAAAAAAAAAA
AAAAAAAAAAAAAAAAAAAAAAAAAAAAAAAAAAAAAAAAAAAAAAAAAAAAAAAAAAAAAAAAAAAAAAAAAAAA
AAAAAAAAAAAAAAAAAAAAAAAAAAAAAAAAAAAAAAAAAAAAAAAAAAAAAAAAAAAAAAAAAAAAAAAAAAAA
AAAAAAAAAAAAAAAAAAAAAAAAAAAAAAAAAAAAAAAAAAAAAAAAAAAAAAAAAAAAAAAAAAAAAAAAAAAA
AAAAAAAAAAAAAAAAAAAAAAAAAAAAAAAAAAAAAAAAAAAAAAAAAAAAAAAAAAAAAAAAAAAAAAAAAAAA
AAAAAAAAAAAAAAAAAAAAAAAAAAAAAAAAAAAAAAAAAAAAAAAAAAAAAAAAAAAAAAAAAAAAAAAAAAAA
AAAAAAAAAAAAAAAAAAAAAAAAAAAAAAAAAAAAAAAAAAAAAAAAAAAAAAAAAAAAAAAAAAAAAAAAAAAA
AAAAAAAAAAAAAAAAAAAAAAAAAAAAAAAAAAAAAAAAAAAAAAAAAAAAAAAAAAAAAAAAAAAAAAAAAAAA
AAAAAAAAAAAAAAAAAAAAAAAAAAAAAAAAAAAAAAAAAAAAAAAAAAAAAAAAAAAAAAAAAAAAAAAAAAAA
AAAAAAAAAAAAAAAAAAAAAAAAAAAAAAAAAAAAAAAAAAAAAAAAAAAAAAAAAAAAAAAAAAAAAAAAAAAA
AAAAAAAAAAAAAAAAAAAAAAAAAAAAAAAAAAAAAAAAAAAAAAAAAAAAAAAAAAAAAAAAAAAAAAAAAAAA
AAAAAAAAAAAAAAAAAAAAAAAAAAAAAAAAAAAAAAAAAAAAAAAAAAAAAAAAAAAAAAAAAAAAAAAAAAAA
AAAAAAAAAAAAAAAAAAAAAAAAAAAAAAAAAAAAAAAAAAAAAAAAAAAAAAAAAAAAAAAAAAAAAAAAAAAA
AAAAAAAAAAAAAAAAAAAAAAAAAAAAAAAAAAAAAAAAAAAAAAAAAAAAAAAAAAAAAAAAAAAAAAAAAAAA
AAAAAAAAAAAAAAAAAAAAAAAAAAAAAAAAAAAAAAAAAAAAAAAAAAAAAAAAAAAAAAAAAAAAAAAAAAAA
AAAAAAAAAAAAAAAAAAAAAAAAAAAAAAAAAAAAAAAAAAAAAAAAAAAAAAAAAAAAAAAAAAAAAAAAAAAA
AAAAAAAAAAAAAAAAAAAAAAAAAAAAAAAAAAAAAAAAAAAAAAAAAAAAAAAAAAAAAAAAAAAAAAAAAAAA
AAAAAAAAAAAAAAAAAAAAAAAAAAAAAAAAAAAAAAAAAAAAAAAAAAAAAAAAAAAAAAAAAAAAAAAAAAAA
AAAAAAAAAAAAAAAAAAAAAAAAAAAAAAAAAAAAAAAAAAAAAAAAAAAAAAAAAAAAAAAAAAAAAAAAAAAA
AAAAAAAAAAAAAAAAAAAAAAAAAAAAAAAAAAAAAAAAAAAAAAAAAAAAAAAAAAAAAAAAAAAAAAAAAAAA
AAAAAAAAAAAAAAAAAAAAAAAAAAAAAAAAAAAAAAAAAAAAAAAAAAAAAAAAAAAAAAAAAAAAAAAAAAAA
AAAAAAAAAAAAAAAAAAAAAAAAAAAAAAAAAAAAAAAAAAAAAAAAAAAAAAAAAAAAAAAAAAAAAAAAAAAA
AAAAAAAAAAAAAAAAAAAAAAAAAAAAAAAAAAAAAAAAAAAAAAAAAAAAAAAAAAAAAAAAAAAAAAAAAAAA
AAAAAAAAAAAAAAAAAAAAAAAAAAAAAAAAAAAAAAAAAAAAAAAAAAAAAAAAAAAAAAAAAAAAAAAAAAAA
AAAAAAAAAAAAAAAAAAAAAAAAAAAAAAAAAAAAAAAAAAAAAAAAAAAAAAAAAAAAAAAAAAAAAAAAAAAA
AAAAAAAAAAAAAAAAAAAAAAAAAAAAAAAAAAAAAAAAAAAAAAAAAAAAAAAAAAAAAAAAAAAAAAAAAAAA
AAAAAAAAAAAAAAAAAAAAAAAAAAAAAAAAAAAAAAAAAAAAAAAAAAAAAAAAAAAAAAAAAAAAAAAAAAAA
AAAAAAAAAAAAAAAAAAAAAAAAAAAAAAAAAAAAAAAAAAAAAAAAAAAAAAAAAAAAAAAAAAAAAAAAAAAA
AAAAAAAAAAAAAAAAAAAAAAAAAAAAAAAAAAAAAAAAAAAAAAAAAAAAAAAAAAAAAAAAAAAAAAAAAAAA
AAAAAAAAAAAAAAAAAAAAAAAAAAAAAAAAAAAAAAAAAAAAAAAAAAAAAAAAAAAAAAAAAAAAAAAAAAAA
AAAAAAAAAAAAAAAAAAAAAAAAAAAAAAAAAAAAAAAAAAAAAAAAAAAAAAAAAAAAAAAAAAAAAAAAAAAA
AAAAAAAAAAAAAAAAAAAAAAAAAAAAAAAAAAAAAAAAAAAAAAAAAAAAAAAAAAAAAAAAAAAAAAAAAAAA
AAAAAAAAAAAAAAAAAAAAAAAAAAAAAAAAAAAAAAAAAAAAAAAAAAAAAAAAAAAAAAAAAAAAAAAAAAAA
AAAAAAAAAAAAAAAAAAAAAAAAAAAAAAAAAAAAAAAAAAAAAAAAAAAAAAAAAAAAAAAAAAAAAAAAAAAA
AAAAAAAAAAAAAAAAAAAAAAAAAAAAAAAAAAAAAAAAAAAAAAAAAAAAAAAAAAAAAAAAAAAAAAAAAAAA
AAAAAAAAAAAAAAAAAAAAAAAAAAAAAAAAAAAAAAAAAAAAAAAAAAAAAAAAAAAAAAAAAAAAAAAAAAAA
AAAAAAAAAAAAAAAAAAAAAAAAAAAAAAAAAAAAAAAAAAAAAAAAAAAAAAAAAAAAAAAAAAAAAAAAAAAA
AAAAAAAAAAAAAAAAAAAAAAAAAAAAAAAAAAAAAAAAAAAAAAAAAAAAAAAAAAAAAAAAAAAAAAAAAAAA
AAAAAAAAAAAAAAAAAAAAAAAAAAAAAAAAAAAAAAAAAAAAAAAAAAAAAAAAAAAAAAAAAAAAAAAAAAAA
AAAAAAAAAAAAAAAAAAAAAAAAAAAAAAAAAAAAAAAAAAAAAAAAAAAAAAAAAAAAAAAAAAAAAAAAAAAA
AAAAAAAAAAAAAAAAAAAAAAAAAAAAAAAAAAAAAAAAAAAAAAAAAAAAAAAAAAAAAAAAAAAAAAAAAAAA
AAAAAAAAAAAAAAAAAAAAAAAAAAAAAAAAAAAAAAAAAAAAAAAAAAAAAAAAAAAAAAAAAAAAAAAAAAAA
AAAAAAAAAAAAAAAAAAAAAAAAAAAAAAAAAAAAAAAAAAAAAAAAAAAAAAAAAAAAAAAAAAAAAAAAAAAA
AAAAAAAAAAAAAAAAAAAAAAAAAAAAAAAAAAAAAAAAAAAAAAAAAAAAAAAAAAAAAAAAAAAAAAAAAAAA
AAAAAAAAAAAAAAAAAAAAAAAAAAAAAAAAAAAAAAAAAAAAAAAAAAAAAAAAAAAAAAAAAAAAAAAAAAAA
AAAAAAAAAAAAAAAAAAAAAAAAAAAAAAAAAAAAAAAAAAAAAAAAAAAAAAAAAAAAAAAAAAAAAAAAAAAA
AAAAAAAAAAAAAAAAAAAAAAAAAAAAAAAAAAAAAAAAAAAAAAAAAAAAAAAAAAAAAAAAAAAAAAAAAAAA
AAAAAAAAAAAAAAAAAAAAAAAAAAAAAAAAAAAAAAAAAAAAAAAAAAAAAAAAAAAAAAAAAAAAAAAAAAAA
AAAAAAAAAAAAAAAAAAAAAAAAAAAAAAAAAAAAAAAAAAAAAAAAAAAAAAAAAAAAAAAAAAAAAAAAAAAA
AAAAAAAAAAAAAAAAAAAAAAAAAAAAAAAAAAAAAAAAAAAAAAAAAAAAAAAAAAAAAAAAAAAAAAAAAAAA
AAAAAAAAAAAAAAAAAAAAAAAAAAAAAAAAAAAAAAAAAAAAAAAAAAAAAAAAAAAAAAAAAAAAAAAAAAAA
AAAAAAAAAAAAAAAAAAAAAAAAAAAAAAAAAAAAAAAAAAAAAAAAAAAAAAAAAAAAAAAAAAAAAAAAAAAA
AAAAAAAAAAAAAAAAAAAAAAAAAAAAAAAAAAAAAAAAAAAAAAAAAAAAAAAAAAAAAAAAAAAAAAAAAAAA
AAAAAAAAAAAAAAAAAAAAAAAAAAAAAAAAAAAAAAAAAAAAAAAAAAAAAAAAAAAAAAAAAAAAAAAAAAAA
AAAAAAAAAAAAAAAAAAAAAAAAAAAAAAAAAAAAAAAAAAAAAAAAAAAAAAAAAAAAAAAAAAAAAAAAAAAA
AAAAAAAAAAAAAAAAAAAAAAAAAAAAAAAAAAAAAAAAAAAAAAAAAAAAAAAAAAAAAAAAAAAAAAAAAAAA
AAAAAAAAAAAAAAAAAAAAAAAAAAAAAAAAAAAAAAAAAAAAAAAAAAAAAAAAAAAAAAAAAAAAAAAAAAAA
AAAAAAAAAAAAAAAAAAAAAAAAAAAAAAAAAAAAAAAAAAAAAAAAAAAAAAAAAAAAAAAAAAAAAAAAAAAA
AAAAAAAAAAAAAAAAAAAAAAAAAAAAAAAAAAAAAAAAAAAAAAAAAAAAAAAAAAAAAAAAAAAAAAAAAAAA
AAAAAAAAAAAAAAAAAAAAAAAAAAAAAAAAAAAAAAAAAAAAAAAAAAAAAAAAAAAAAAAAAAAAAAAAAAAA
AAAAAAAAAAAAAAAAAAAAAAAAAAAAAAAAAAAAAAAAAAAAAAAAAAAAAAAAAAAAAAAAAAAAAAAAAAAA
AAAAAAAAAAAAAAAAAAAAAAAAAAAAAAAAAAAAAAAAAAAAAAAAAAAAAAAAAAAAAAAAAAAAAAAAAAAA
AAAAAAAAAAAAAAAAAAAAAAAAAAAAAAAAAAAAAAAAAAAAAAAAAAAAAAAAAAAAAAAAAAAAAAAAAAAA
AAAAAAAAAAAAAAAAAAAAAAAAAAAAAAAAAAAAAAAAAAAAAAAAAAAAAAAAAAAAAAAAAAAAAAAAAAAA
AAAAAAAAAAAAAAAAAAAAAAAAAAAAAAAAAAAAAAAAAAAAAAAAAAAAAAAAAAAAAAAAAAAAAAAAAAAA
AAAAAAAAAAAAAAAAAAAAAAAAAAAAAAAAAAAAAAAAAAAAAAAAAAAAAAAAAAAAAAAAAAAAAAAAAAAA
AAAAAAAAAAAAAAAAAAAAAAAAAAAAAAAAAAAAAAAAAAAAAAAAAAAAAAAAAAAAAAAAAAAAAAAAAAAA
AAAAAAAAAAAAAAAAAAAAAAAAAAAAAAAAAAAAAAAAAAAAAAAAAAAAAAAAAAAAAAAAAAAAAAAAAAAA
AAAAAAAAAAAAAAAAAAAAAAAAAAAAAAAAAAAAAAAAAAAAAAAAAAAAAAAAAAAAAAAAAAAAAAAAAAAA
AAAAAAAAAAAAAAAAAAAAAAAAAAAAAAAAAAAAAAAAAAAAAAAAAAAAAAAAAAAAAAAAAAAAAAAAAAAA
AAAAAAAAAAAAAAAAAAAAAAAAAAAAAAAAAAAAAAAAAAAAAAAAAAAAAAAAAAAAAAAAAAAAAAAAAAAA
AAAAAAAAAAAAAAAAAAAAAAAAAAAAAAAAAAAAAAAAAAAAAAAAAAAAAAAAAAAAAAAAAAAAAAAAAAAA
AAAAAAAAAAAAAAAAAAAAAAAAAAAAAAAAAAAAAAAAAAAAAAAAAAAAAAAAAAAAAAAAAAAAAAAAAAAA
AAAAAAAAAAAAAAAAAAAAAAAAAAAAAAAAAAAAAAAAAAAAAAAAAAAAAAAAAAAAAAAAAAAAAAAAAAAA
AAAAAAAAAAAAAAAAAAAAAAAAAAAAAAAAAAAAAAAAAAAAAAAAAAAAAAAAAAAAAAAAAAAAAAAAAAAA
AAAAAAAAAAAAAAAAAAAAAAAAAAAAAAAAAAAAAAAAAAAAAAAAAAAAAAAAAAAAAAAAAAAAAAAAAAAA
AAAAAAAAAAAAAAAAAAAAAAAAAAAAAAAAAAAAAAAAAAAAAAAAAAAAAAAAAAAAAAAAAAAAAAAAAAAA
AAAAAAAAAAAAAAAAAAAAAAAAAAAAAAAAAAAAAAAAAAAAAAAAAAAAAAAAAAAAAAAAAAAAAAAAAAAA
AAAAAAAAAAAAAAAAAAAAAAAAAAAAAAAAAAAAAAAAAAAAAAAAAAAAAAAAAAAAAAAAAAAAAAAAAAAA
AAAAAAAAAAAAAAAAAAAAAAAAAAAAAAAAAAAAAAAAAAAAAAAAAAAAAAAAAAAAAAAAAAAAAAAAAAAA
AAAAAAAAAAAAAAAAAAAAAAAAAAAAAAAAAAAAAAAAAAAAAAAAAAAAAAAAAAAAAAAAAAAAAAAAAAAA
AAAAAAAAAAAAAAAAAAAAAAAAAAAAAAAAAAAAAAAAAAAAAAAAAAAAAAAAAAAAAAAAAAAAAAAAAAAA
AAAAAAAAAAAAAAAAAAAAAAAAAAAAAAAAAAAAAAAAAAAAAAAAAAAAAAAAAAAAAAAAAAAAAAAAAAAA
AAAAAAAAAAAAAAAAAAAAAAAAAAAAAAAAAAAAAAAAAAAAAAAAAAAAAAAAAAAAAAAAAAAAAAAAAAAA
AAAAAAAAAAAAAAAAAAAAAAAAAAAAAAAAAAAAAAAAAAAAAAAAAAAAAAAAAAAAAAAAAAAAAAAAAAAA
AAAAAAAAAAAAAAAAAAAAAAAAAAAAAAAAAAAAAAAAAAAAAAAAAAAAAAAAAAAAAAAAAAAAAAAAAAAA
AAAAAAAAAAAAAAAAAAAAAAAAAAAAAAAAAAAAAAAAAAAAAAAAAAAAAAAAAAAAAAAAAAAAAAAAAAAA
AAAAAAAAAAAAAAAAAAAAAAAAAAAAAAAAAAAAAAAAAAAAAAAAAAAAAAAAAAAAAAAAAAAAAAAAAAAA
AAAAAAAAAAAAAAAAAAAAAAAAAAAAAAAAAAAAAAAAAAAAAAAAAAAAAAAAAAAAAAAAAAAAAAAAAAAA
AAAAAAAAAAAAAAAAAAAAAAAAAAAAAAAAAAAAAAAAAAAAAAAAAAAAAAAAAAAAAAAAAAAAAAAAAAAA
AAAAAAAAAAAAAAAAAAAAAAAAAAAAAAAAAAAAAAAAAAAAAAAAAAAAAAAAAAAAAAAAAAAAAAAAAAAA
AAAAAAAAAAAAAAAAAAAAAAAAAAAAAAAAAAAAAAAAAAAAAAAAAAAAAAAAAAAAAAAAAAAAAAAAAAAA
AAAAAAAAAAAAAAAAAAAAAAAAAAAAAAAAAAAAAAAAAAAAAAAAAAAAAAAAAAAAAAAAAAAAAAAAAAAA
AAAAAAAAAAAAAAAAAAAAAAAAAAAAAAAAAAAAAAAAAAAAAAAAAAAAAAAAAAAAAAAAAAAAAAAAAAAA
AAAAAAAAAAAAAAAAAAAAAAAAAAAAAAAAAAAAAAAAAAAAAAAAAAAAAAAAAAAAAAAAAAAAAAAAAAAA
AAAAAAAAAAAAAAAAAAAAAAAAAAAAAAAAAAAAAAAAAAAAAAAAAAAAAAAAAAAAAAAAAAAAAAAAAAAA
AAAAAAAAAAAAAAAAAAAAAAAAAAAAAAAAAAAAAAAAAAAAAAAAAAAAAAAAAAAAAAAAAAAAAAAAAAAA
AAAAAAAAAAAAAAAAAAAAAAAAAAAAAAAAAAAAAAAAAAAAAAAAAAAAAAAAAAAAAAAAAAAAAAAAAAAA
AAAAAAAAAAAAAAAAAAAAAAAAAAAAAAAAAAAAAAAAAAAAAAAAAAAAAAAAAAAAAAAAAAAAAAAAAAAA
AAAAAAAAAAAAAAAAAAAAAAAAAAAAAAAAAAAAAAAAAAAAAAAAAAAAAAAAAAAAAAAAAAAAAAAAAAAA
AAAAAAAAAAAAAAAAAAAAAAAAAAAAAAAAAAAAAAAAAAAAAAAAAAAAAAAAAAAAAAAAAAAAAAAAAAAA
AAAAAAAAAAAAAAAAAAAAAAAAAAAAAAAAAAAAAAAAAAAAAAAAAAAAAAAAAAAAAAAAAAAAAAAAAAAA
AAAAAAAAAAAAAAAAAAAAAAAAAAAAAAAAAAAAAAAAAAAAAAAAAAAAAAAAAAAAAAAAAAAAAAAAAAAA
AAAAAAAAAAAAAAAAAAAAAAAAAAAAAAAAAAAAAAAAAAAAAAAAAAAAAAAAAAAAAAAAAAAAAAAAAAAA
AAAAAAAAAAAAAAAAAAAAAAAAAAAAAAAAAAAAAAAAAAAAAAAAAAAAAAAAAAAAAAAAAAAAAAAAAAAA
AAAAAAAAAAAAAAAAAAAAAAAAAAAAAAAAAAAAAAAAAAAAAAAAAAAAAAAAAAAAAAAAAAAAAAAAAAAA
AAAAAAAAAAAAAAAAAAAAAAAAAAAAAAAAAAAAAAAAAAAAAAAAAAAAAAAAAAAAAAAAAAAAAAAAAAAA
AAAAAAAAAAAAAAAAAAAAAAAAAAAAAAAAAAAAAAAAAAAAAAAAAAAAAAAAAAAAAAAAAAAAAAAAAAAA
AAAAAAAAAAAAAAAAAAAAAAAAAAAAAAAAAAAAAAAAAAAAAAAAAAAAAAAAAAAAAAAAAAAAAAAAAAAA
AAAAAAAAAAAAAAAAAAAAAAAAAAAAAAAAAAAAAAAAAAAAAAAAAAAAAAAAAAAAAAAAAAAAAAAAAAAA
AAAAAAAAAAAAAAAAAAAAAAAAAAAAAAAAAAAAAAAAAAAAAAAAAAAAAAAAAAAAAAAAAAAAAAAAAAAA
AAAAAAAAAAAAAAAAAAAAAAAAAAAAAAAAAAAAAAAAAAAAAAAAAAAAAAAAAAAAAAAAAAAAAAAAAAAA
AAAAAAAAAAAAAAAAAAAAAAAAAAAAAAAAAAAAAAAAAAAAAAAAAAAAAAAAAAAAAAAAAAAAAAAAAAAA
AAAAAAAAAAAAAAAAAAAAAAAAAAAAAAAAAAAAAAAAAAAAAAAAAAAAAAAAAAAAAAAAAAAAAAAAAAAA
AAAAAAAAAAAAAAAAAAAAAAAAAAAAAAAAAAAAAAAAAAAAAAAAAAAAAAAAAAAAAAAAAAAAAAAAAAAA
AAAAAAAAAAAAAAAAAAAAAAAAAAAAAAAAAAAAAAAAAAAAAAAAAAAAAAAAAAAAAAAAAAAAAAAAAAAA
AAAAAAAAAAAAAAAAAAAAAAAAAAAAAAAAAAAAAAAAAAAAAAAAAAAAAAAAAAAAAAAAAAAAAAAAAAAA
AAAAAAAAAAAAAAAAAAAAAAAAAAAAAAAAAAAAAAAAAAAAAAAAAAAAAAAAAAAAAAAAAAAAAAAAAAAA
AAAAAAAAAAAAAAAAAAAAAAAAAAAAAAAAAAAAAAAAAAAAAAAAAAAAAAAAAAAAAAAAAAAAAAAAAAAA
AAAAAAAAAAAAAAAAAAAAAAAAAAAAAAAAAAAAAAAAAAAAAAAAAAAAAAAAAAAAAAAAAAAAAAAAAAAA
AAAAAAAAAAAAAAAAAAAAAAAAAAAAAAAAAAAAAAAAAAAAAAAAAAAAAAAAAAAAAAAAAAAAAAAAAAAA
AAAAAAAAAAAAAAAAAAAAAAAAAAAAAAAAAAAAAAAAAAAAAAAAAAAAAAAAAAAAAAAAAAAAAAAAAAAA
AAAAAAAAAAAAAAAAAAAAAAAAAAAAAAAAAAAAAAAAAAAAAAAAAAAAAAAAAAAAAAAAAAAAAAAAAAAA
AAAAAAAAAAAAAAAAAAAAAAAAAAAAAAAAAAAAAAAAAAAAAAAAAAAAAAAAAAAAAAAAAAAAAAAAAAAA
AAAAAAAAAAAAAAAAAAAAAAAAAAAAAAAAAAAAAAAAAAAAAAAAAAAAAAAAAAAAAAAAAAAAAAAAAAAA
AAAAAAAAAAAAAAAAAAAAAAAAAAAAAAAAAAAAAAAAAAAAAAAAAAAAAAAAAAAAAAAAAAAAAAAAAAAA
AAAAAAAAAAAAAAAAAAAAAAAAAAAAAAAAAAAAAAAAAAAAAAAAAAAAAAAAAAAAAAAAAAAAAAAAAAAA
AAAAAAAAAAAAAAAAAAAAAAAAAAAAAAAAAAAAAAAAAAAAAAAAAAAAAAAAAAAAAAAAAAAAAAAAAAAA
AAAAAAAAAAAAAAAAAAAAAAAAAAAAAAAAAAAAAAAAAAAAAAAAAAAAAAAAAAAAAAAAAAAAAAAAAAAA
AAAAAAAAAAAAAAAAAAAAAAAAAAAAAAAAAAAAAAAAAAAAAAAAAAAAAAAAAAAAAAAAAAAAAAAAAAAA
AAAAAAAAAAAAAAAAAAAAAAAAAAAAAAAAAAAAAAAAAAAAAAAAAAAAAAAAAAAAAAAAAAAAAAAAAAAA
AAAAAAAAAAAAAAAAAAAAAAAAAAAAAAAAAAAAAAAAAAAAAAAAAAAAAAAAAAAAAAAAAAAAAAAAAAAA
AAAAAAAAAAAAAAAAAAAAAAAAAAAAAAAAAAAAAAAAAAAAAAAAAAAAAAAAAAAAAAAAAAAAAAAAAAAA
AAAAAAAAAAAAAAAAAAAAAAAAAAAAAAAAAAAAAAAAAAAAAAAAAAAAAAAAAAAAAAAAAAAAAAAAAAAA
AAAAAAAAAAAAAAAAAAAAAAAAAAAAAAAAAAAAAAAAAAAAAAAAAAAAAAAAAAAAAAAAAAAAAAAAAAAA
AAAAAAAAAAAAAAAAAAAAAAAAAAAAAAAAAAAAAAAAAAAAAAAAAAAAAAAAAAAAAAAAAAAAAAAAAAAA
AAAAAAAAAAAAAAAAAAAAAAAAAAAAAAAAAAAAAAAAAAAAAAAAAAAAAAAAAAAAAAAAAAAAAAAAAAAA
AAAAAAAAAAAAAAAAAAAAAAAAAAAAAAAAAAAAAAAAAAAAAAAAAAAAAAAAAAAAAAAAAAAAAAAAAAAA
AAAAAAAAAAAAAAAAAAAAAAAAAAAAAAAAAAAAAAAAAAAAAAAAAAAAAAAAAAAAAAAAAAAAAAAAAAAA
AAAAAAAAAAAAAAAAAAAAAAAAAAAAAAAAAAAAAAAAAAAAAAAAAAAAAAAAAAAAAAAAAAAAAAAAAAAA
AAAAAAAAAAAAAAAAAAAAAAAAAAAAAAAAAAAAAAAAAAAAAAAAAAAAAAAAAAAAAAAAAAAAAAAAAAAA
AAAAAAAAAAAAAAAAAAAAAAAAAAAAAAAAAAAAAAAAAAAAAAAAAAAAAAAAAAAAAAAAAAAAAAAAAAAA
AAAAAAAAAAAAAAAAAAAAAAAAAAAAAAAAAAAAAAAAAAAAAAAAAAAAAAAAAAAAAAAAAAAAAAAAAAAA
AAAAAAAAAAAAAAAAAAAAAAAAAAAAAAAAAAAAAAAAAAAAAAAAAAAAAAAAAAAAAAAAAAAAAAAAAAAA
AAAAAAAAAAAAAAAAAAAAAAAAAAAAAAAAAAAAAAAAAAAAAAAAAAAAAAAAAAAAAAAAAAAAAAAAAAAA
AAAAAAAAAAAAAAAAAAAAAAAAAAAAAAAAAAAAAAAAAAAAAAAAAAAAAAAAAAAAAAAAAAAAAAAAAAAA
AAAAAAAAAAAAAAAAAAAAAAAAAAAAAAAAAAAAAAAAAAAAAAAAAAAAAAAAAAAAAAAAAAAAAAAAAAAA
AAAAAAAAAAAAAAAAAAAAAAAAAAAAAAAAAAAAAAAAAAAAAAAAAAAAAAAAAAAAAAAAAAAAAAAAAAAA
AAAAAAAAAAAAAAAAAAAAAAAAAAAAAAAAAAAAAAAAAAAAAAAAAAAAAAAAAAAAAAAAAAAAAAAAAAAA
AAAAAAAAAAAAAAAAAAAAAAAAAAAAAAAAAAAAAAAAAAAAAAAAAAAAAAAAAAAAAAAAAAAAAAAAAAAA
AAAAAAAAAAAAAAAAAAAAAAAAAAAAAAAAAAAAAAAAAAAAAAAAAAAAAAAAAAAAAAAAAAAAAAAAAAAA
AAAAAAAAAAAAAAAAAAAAAAAAAAAAAAAAAAAAAAAAAAAAAAAAAAAAAAAAAAAAAAAAAAAAAAAAAAAA
AAAAAAAAAAAAAAAAAAAAAAAAAAAAAAAAAAAAAAAAAAAAAAAAAAAAAAAAAAAAAAAAAAAAAAAAAAAA
AAAAAAAAAAAAAAAAAAAAAAAAAAAAAAAAAAAAAAAAAAAAAAAAAAAAAAAAAAAAAAAAAAAAAAAAAAAA
AAAAAAAAAAAAAAAAAAAAAAAAAAAAAAAAAAAAAAAAAAAAAAAAAAAAAAAAAAAAAAAAAAAAAAAAAAAA
AAAAAAAAAAAAAAAAAAAAAAAAAAAAAAAAAAAAAAAAAAAAAAAAAAAAAAAAAAAAAAAAAAAAAAAAAAAA
AAAAAAAAAAAAAAAAAAAAAAAAAAAAAAAAAAAAAAAAAAAAAAAAAAAAAAAAAAAAAAAAAAAAAAAAAAAA
AAAAAAAAAAAAAAAAAAAAAAAAAAAAAAAAAAAAAAAAAAAAAAAAAAAAAAAAAAAAAAAAAAAAAAAAAAAA
AAAAAAAAAAAAAAAAAAAAAAAAAAAAAAAAAAAAAAAAAAAAAAAAAAAAAAAAAAAAAAAAAAAAAAAAAAAA
AAAAAAAAAAAAAAAAAAAAAAAAAAAAAAAAAAAAAAAAAAAAAAAAAAAAAAAAAAAAAAAAAAAAAAAAAAAA
AAAAAAAAAAAAAAAAAAAAAAAAAAAAAAAAAAAAAAAAAAAAAAAAAAAAAAAAAAAAAAAAAAAAAAAAAAAA
AAAAAAAAAAAAAAAAAAAAAAAAAAAAAAAAAAAAAAAAAAAAAAAAAAAAAAAAAAAAAAAAAAAAAAAAAAAA
AAAAAAAAAAAAAAAAAAAAAAAAAAAAAAAAAAAAAAAAAAAAAAAAAAAAAAAAAAAAAAAAAAAAAAAAAAAA
AAAAAAAAAAAAAAAAAAAAAAAAAAAAAAAAAAAAAAAAAAAAAAAAAAAAAAAAAAAAAAAAAAAAAAAAAAAA
AAAAAAAAAAAAAAAAAAAAAAAAAAAAAAAAAAAAAAAAAAAAAAAAAAAAAAAAAAAAAAAAAAAAAAAAAAAA
AAAAAAAAAAAAAAAAAAAAAAAAAAAAAAAAAAAAAAAAAAAAAAAAAAAAAAAAAAAAAAAAAAAAAAAAAAAA
AAAAAAAAAAAAAAAAAAAAAAAAAAAAAAAAAAAAAAAAAAAAAAAAAAAAAAAAAAAAAAAAAAAAAAAAAAAA
AAAAAAAAAAAAAAAAAAAAAAAAAAAAAAAAAAAAAAAAAAAAAAAAAAAAAAAAAAAAAAAAAAAAAAAAAAAA
AAAAAAAAAAAAAAAAAAAAAAAAAAAAAAAAAAAAAAAAAAAAAAAAAAAAAAAAAAAAAAAAAAAAAAAAAAAA
AAAAAAAAAAAAAAAAAAAAAAAAAAAAAAAAAAAAAAAAAAAAAAAAAAAAAAAAAAAAAAAAAAAAAAAAAAAA
AAAAAAAAAAAAAAAAAAAAAAAAAAAAAAAAAAAAAAAAAAAAAAAAAAAAAAAAAAAAAAAAAAAAAAAAAAAA
AAAAAAAAAAAAAAAAAAAAAAAAAAAAAAAAAAAAAAAAAAAAAAAAAAAAAAAAAAAAAAAAAAAAAAAAAAAA
AAAAAAAAAAAAAAAAAAAAAAAAAAAAAAAAAAAAAAAAAAAAAAAAAAAAAAAAAAAAAAAAAAAAAAAAAAAA
AAAAAAAAAAAAAAAAAAAAAAAAAAAAAAAAAAAAAAAAAAAAAAAAAAAAAAAAAAAAAAAAAAAAAAAAAAAA
AAAAAAAAAAAAAAAAAAAAAAAAAAAAAAAAAAAAAAAAAAAAAAAAAAAAAAAAAAAAAAAAAAAAAAAAAAAA
AAAAAAAAAAAAAAAAAAAAAAAAAAAAAAAAAAAAAAAAAAAAAAAAAAAAAAAAAAAAAAAAAAAAAAAAAAAA
AAAAAAAAAAAAAAAAAAAAAAAAAAAAAAAAAAAAAAAAAAAAAAAAAAAAAAAAAAAAAAAAAAAAAAAAAAAA
AAAAAAAAAAAAAAAAAAAAAAAAAAAAAAAAAAAAAAAAAAAAAAAAAAAAAAAAAAAAAAAAAAAAAAAAAAAA
AAAAAAAAAAAAAAAAAAAAAAAAAAAAAAAAAAAAAAAAAAAAAAAAAAAAAAAAAAAAAAAAAAAAAAAAAAAA
AAAAAAAAAAAAAAAAAAAAAAAAAAAAAAAAAAAAAAAAAAAAAAAAAAAAAAAAAAAAAAAAAAAAAAAAAAAA
AAAAAAAAAAAAAAAAAAAAAAAA
false
false
false
AAAAAAAAAAAAAAAAAAAAAAAAAAAAAAAAAAAAAAAAAAAAAAAAAAAAAAAAAAAAAAAAAAAAAAAAAAAA
AAAAAAAAAAAAAAAAAAAAAAAAAAAAAAAAAAAAAAAAAAAAAAAAAAAAAAAAAAAAAAAAAAAAAAAAAAAA
AAAAAAAAAAAAAAAAAAAAAAAAAAAAAAAAAAAAAAAAAAAAAAAAAAAAAAAAAAAAAAAAAAAAAAAAAAAA
AAAAAAAAAAAAAAAAAAAAAAAAAAAAAAAAAAAAAAAAAAAAAAAAAAAAAAAAAAAAAAAAAAAAAAAAAAAA
AAAAAAAAAAAAAAAAAAAAAAAAAAAAAAAAAAAAAAAAAAAAAAAAAAAAAAAAAAAAAAAAAAAAAAAAAAAA
AAAAAAAAAAAAAAAAAAAAAAAAAAAAAAAAAAAAAAAAAAAAAAAAAAAAAAAAAAAAAAAAAAAAAAAAAAAA
AAAAAAAAAAAAAAAAAAAAAAAAAAAAAAAAAAAAAAAAAAAAAAAAAAAAAAAAAAAAAAAAAAAAAAAAAAAA
AAAAAAAAAAAAAAAAAAAAAAAAAAAAAAAAAAAAAAAAAAAAAAAAAAAAAAAAAAAAAAAAAAAAAAAAAAAA
AAAAAAAAAAAAAAAAAAAAAAAAAAAAAAAAAAAAAAAAAAAAAAAAAAAAAAAAAAAAAAAAAAAAAAAAAAAA
AAAAAAAAAAAAAAAAAAAAAAAAAAAAAAAAAAAAAAAAAAAAAAAAAAAAAAAAAAAAAAAAAAAAAAAAAAAA
AAAAAAAAAAAAAAAAAAAAAAAAAAAAAAAAAAAAAAAAAAAAAAAAAAAAAAAAAAAAAAAAAAAAAAAAAAAA
AAAAAAAAAAAAAAAAAAAAAAAAAAAAAAAAAAAAAAAAAAAAAAAAAAAAAAAAAAAAAAAAAAAAAAAAAAAA
AAAAAAAAAAAAAAAAAAAAAAAAAAAAAAAAAAAAAAAAAAAAAAAAAAAAAAAAAAAAAAAAAAAAAAAAAAAA
AAAAAAAAAAAAAAAAAAAAAAAAAAAAAAAAAAAAAAAAAAAAAAAAAAAAAAAAAAAAAAAAAAAAAAAAAAAA
AAAAAAAAAAAAAAAAAAAAAAAAAAAAAAAAAAAAAAAAAAAAAAAAAAAAAAAAAAAAAAAAAAAAAAAAAAAA
AAAAAAAAAAAAAAAAAAAAAAAAAAAAAAAAAAAAAAAAAAAAAAAAAAAAAAAAAAAAAAAAAAAAAAAAAAAA
AAAAAAAAAAAAAAAAAAAAAAAAAAAAAAAAAAAAAAAAAAAAAAAAAAAAAAAAAAAAAAAAAAAAAAAAAAAA
AAAAAAAAAAAAAAAAAAAAAAAAAAAAAAAAAAAAAAAAAAAAAAAAAAAAAAAAAAAAAAAAAAAAAAAAAAAA
AAAAAAAAAAAAAAAAAAAAAAAAAAAAAAAAAAAAAAAAAAAAAAAAAAAAAAAAAAAAAAAAAAAAAAAAAAAA
AAAAAAAAAAAAAAAAAAAAAAAAAAAAAAAAAAAAAAAAAAAAAAAAAAAAAAAAAAAAAAAAAAAAAAAAAAAA
AAAAAAAAAAAAAAAAAAAAAAAAAAAAAAAAAAAAAAAAAAAAAAAAAAAAAAAAAAAAAAAAAAAAAAAAAAAA
AAAAAAAAAAAAAAAAAAAAAAAAAAAAAAAAAAAAAAAAAAAAAAAAAAAAAAAAAAAAAAAAAAAAAAAAAAAA
AAAAAAAAAAAAAAAAAAAAAAAAAAAAAAAAAAAAAAAAAAAAAAAAAAAAAAAAAAAAAAAAAAAAAAAAAAAA
AAAAAAAAAAAAAAAAAAAAAAAAAAAAAAAAAAAAAAAAAAAAAAAAAAAAAAAAAAAAAAAAAAAAAAAAAAAA
AAAAAAAAAAAAAAAAAAAAAAAAAAAAAAAAAAAAAAAAAAAAAAAAAAAAAAAAAAAAAAAAAAAAAAAAAAAA
AAAAAAAAAAAAAAAAAAAAAAAAAAAAAAAAAAAAAAAAAAAAAAAAAAAAAAAAAAAAAAAAAAAAAAAAAAAA
AAAAAAAAAAAAAAAAAAAAAAAAAAAAAAAAAAAAAAAAAAAAAAAAAAAAAAAAAAAAAAAAAAAAAAAAAAAA
AAAAAAAAAAAAAAAAAAAAAAAAAAAAAAAAAAAAAAAAAAAAAAAAAAAAAAAAAAAAAAAAAAAAAAAAAAAA
AAAAAAAAAAAAAAAAAAAAAAAAAAAAAAAAAAAAAAAAAAAAAAAAAAAAAAAAAAAAAAAAAAAAAAAAAAAA
AAAAAAAAAAAAAAAAAAAAAAAAAAAAAAAAAAAAAAAAAAAAAAAAAAAAAAAAAAAAAAAAAAAAAAAAAAAA
AAAAAAAAAAAAAAAAAAAAAAAAAAAAAAAAAAAAAAAAAAAAAAAAAAAAAAAAAAAAAAAAAAAAAAAAAAAA
AAAAAAAAAAAAAAAAAAAAAAAAAAAAAAAAAAAAAAAAAAAAAAAAAAAAAAAAAAAAAAAAAAAAAAAAAAAA
AAAAAAAAAAAAAAAAAAAAAAAAAAAAAAAAAAAAAAAAAAAAAAAAAAAAAAAAAAAAAAAAAAAAAAAAAAAA
AAAAAAAAAAAAAAAAAAAAAAAAAAAAAAAAAAAAAAAAAAAAAAAAAAAAAAAAAAAAAAAAAAAAAAAAAAAA
AAAAAAAAAAAAAAAAAAAAAAAAAAAAAAAAAAAAAAAAAAAAAAAAAAAAAAAAAAAAAAAAAAAAAAAAAAAA
AAAAAAAAAAAAAAAAAAAAAAAAAAAAAAAAAAAAAAAAAAAAAAAAAAAAAAAAAAAAAAAAAAAAAAAAAAAA
AAAAAAAAAAAAAAAAAAAAAAAAAAAAAAAAAAAAAAAAAAAAAAAAAAAAAAAAAAAAAAAAAAAAAAAAAAAA
AAAAAAAAAAAAAAAAAAAAAAAAAAAAAAAAAAAAAAAAAAAAAAAAAAAAAAAAAAAAAAAAAAAAAAAAAAAA
AAAAAAAAAAAAAAAAAAAAAAAAAAAAAAAAAAAAAAAAAAAAAAAAAAAAAAAAAAAAAAAAAAAAAAAAAAAA
AAAAAAAAAAAAAAAAAAAAAAAAAAAAAAAAAAAAAAAAAAAAAAAAAAAAAAAAAAAAAAAAAAAAAAAAAAAA
AAAAAAAAAAAAAAAAAAAAAAAAAAAAAAAAAAAAAAAAAAAAAAAAAAAAAAAAAAAAAAAAAAAAAAAAAAAA
AAAAAAAAAAAAAAAAAAAAAAAAAAAAAAAAAAAAAAAAAAAAAAAAAAAAAAAAAAAAAAAAAAAAAAAAAAAA
AAAAAAAAAAAAAAAAAAAAAAAAAAAAAAAAAAAAAAAAAAAAAAAAAAAAAAAAAAAAAAAAAAAAAAAAAAAA
AAAAAAAAAAAAAAAAAAAAAAAAAAAAAAAAAAAAAAAAAAAAAAAAAAAAAAAAAAAAAAAAAAAAAAAAAAAA
AAAAAAAAAAAAAAAAAAAAAAAAAAAAAAAAAAAAAAAAAAAAAAAAAAAAAAAAAAAAAAAAAAAAAAAAAAAA
AAAAAAAAAAAAAAAAAAAAAAAAAAAAAAAAAAAAAAAAAAAAAAAAAAAAAAAAAAAAAAAAAAAAAAAAAAAA
AAAAAAAAAAAAAAAAAAAAAAAAAAAAAAAAAAAAAAAAAAAAAAAAAAAAAAAAAAAAAAAAAAAAAAAAAAAA
AAAAAAAAAAAAAAAAAAAAAAAAAAAAAAAAAAAAAAAAAAAAAAAAAAAAAAAAAAAAAAAAAAAAAAAAAAAA
AAAAAAAAAAAAAAAAAAAAAAAAAAAAAAAAAAAAAAAAAAAAAAAAAAAAAAAAAAAAAAAAAAAAAAAAAAAA
AAAAAAAAAAAAAAAAAAAAAAAAAAAAAAAAAAAAAAAAAAAAAAAAAAAAAAAAAAAAAAAAAAAAAAAAAAAA
AAAAAAAAAAAAAAAAAAAAAAAAAAAAAAAAAAAAAAAAAAAAAAAAAAAAAAAAAAAAAAAAAAAAAAAAAAAA
AAAAAAAAAAAAAAAAAAAAAAAAAAAAAAAAAAAAAAAAAAAAAAAAAAAAAAAAAAAAAAAAAAAAAAAAAAAA
AAAAAAAAAAAAAAAAAAAAAAAAAAAAAAAAAAAAAAAAAAAAAAAAAAAAAAAAAAAAAAAAAAAAAAAAAAAA
AAAAAAAAAAAAAAAAAAAAAAAAAAAAAAAAAAAAAAAAAAAAAAAAAAAAAAAAAAAAAAAAAAAAAAAAAAAA
AAAAAAAAAAAAAAAAAAAAAAAAAAAAAAAAAAAAAAAAAAAAAAAAAAAAAAAAAAAAAAAAAAAAAAAAAAAA
AAAAAAAAAAAAAAAAAAAAAAAAAAAAAAAAAAAAAAAAAAAAAAAAAAAAAAAAAAAAAAAAAAAAAAAAAAAA
AAAAAAAAAAAAAAAAAAAAAAAAAAAAAAAAAAAAAAAAAAAAAAAAAAAAAAAAAAAAAAAAAAAAAAAAAAAA
AAAAAAAAAAAAAAAAAAAAAAAAAAAAAAAAAAAAAAAAAAAAAAAAAAAAAAAAAAAAAAAAAAAAAAAAAAAA
AAAAAAAAAAAAAAAAAAAAAAAAAAAAAAAAAAAAAAAAAAAAAAAAAAAAAAAAAAAAAAAAAAAAAAAAAAAA
AAAAAAAAAAAAAAAAAAAAAAAAAAAAAAAAAAAAAAAAAAAAAAAAAAAAAAAAAAAAAAAAAAAAAAAAAAAA
AAAAAAAAAAAAAAAAAAAAAAAAAAAAAAAAAAAAAAAAAAAAAAAAAAAAAAAAAAAAAAAAAAAAAAAAAAAA
AAAAAAAAAAAAAAAAAAAAAAAAAAAAAAAAAAAAAAAAAAAAAAAAAAAAAAAAAAAAAAAAAAAAAAAAAAAA
AAAAAAAAAAAAAAAAAAAAAAAAAAAAAAAAAAAAAAAAAAAAAAAAAAAAAAAAAAAAAAAAAAAAAAAAAAAA
AAAAAAAAAAAAAAAAAAAAAAAAAAAAAAAAAAAAAAAAAAAAAAAAAAAAAAAAAAAAAAAAAAAAAAAAAAAA
AAAAAAAAAAAAAAAAAAAAAAAAAAAAAAAAAAAAAAAAAAAAAAAAAAAAAAAAAAAAAAAAAAAAAAAAAAAA
AAAAAAAAAAAAAAAAAAAAAAAAAAAAAAAAAAAAAAAAAAAAAAAAAAAAAAAAAAAAAAAAAAAAAAAAAAAA
AAAAAAAAAAAAAAAAAAAAAAAAAAAAAAAAAAAAAAAAAAAAAAAAAAAAAAAAAAAAAAAAAAAAAAAAAAAA
AAAAAAAAAAAAAAAAAAAAAAAAAAAAAAAAAAAAAAAAAAAAAAAAAAAAAAAAAAAAAAAAAAAAAAAAAAAA
AAAAAAAAAAAAAAAAAAAAAAAAAAAAAAAAAAAAAAAAAAAAAAAAAAAAAAAAAAAAAAAAAAAAAAAAAAAA
AAAAAAAAAAAAAAAAAAAAAAAAAAAAAAAAAAAAAAAAAAAAAAAAAAAAAAAAAAAAAAAAAAAAAAAAAAAA
AAAAAAAAAAAAAAAAAAAAAAAAAAAAAAAAAAAAAAAAAAAAAAAAAAAAAAAAAAAAAAAAAAAAAAAAAAAA
AAAAAAAAAAAAAAAAAAAAAAAAAAAAAAAAAAAAAAAAAAAAAAAAAAAAAAAAAAAAAAAAAAAAAAAAAAAA
AAAAAAAAAAAAAAAAAAAAAAAAAAAAAAAAAAAAAAAAAAAAAAAAAAAAAAAAAAAAAAAAAAAAAAAAAAAA
AAAAAAAAAAAAAAAAAAAAAAAAAAAAAAAAAAAAAAAAAAAAAAAAAAAAAAAAAAAAAAAAAAAAAAAAAAAA
AAAAAAAAAAAAAAAAAAAAAAAAAAAAAAAAAAAAAAAAAAAAAAAAAAAAAAAAAAAAAAAAAAAAAAAAAAAA
AAAAAAAAAAAAAAAAAAAAAAAAAAAAAAAAAAAAAAAAAAAAAAAAAAAAAAAAAAAAAAAAAAAAAAAAAAAA
AAAAAAAAAAAAAAAAAAAAAAAAAAAAAAAAAAAAAAAAAAAAAAAAAAAAAAAAAAAAAAAAAAAAAAAAAAAA
AAAAAAAAAAAAAAAAAAAAAAAAAAAAAAAAAAAAAAAAAAAAAAAAAAAAAAAAAAAAAAAAAAAAAAAAAAAA
AAAAAAAAAAAAAAAAAAAAAAAAAAAAAAAAAAAAAAAAAAAAAAAAAAAAAAAAAAAAAAAAAAAAAAAAAAAA
AAAAAAAAAAAAAAAAAAAAAAAAAAAAAAAAAAAAAAAAAAAAAAAAAAAAAAAAAAAAAAAAAAAAAAAAAAAA
AAAAAAAAAAAAAAAAAAAAAAAAAAAAAAAAAAAAAAAAAAAAAAAAAAAAAAAAAAAAAAAAAAAAAAAAAAAA
AAAAAAAAAAAAAAAAAAAAAAAAAAAAAAAAAAAAAAAAAAAAAAAAAAAAAAAAAAAAAAAAAAAAAAAAAAAA
AAAAAAAAAAAAAAAAAAAAAAAAAAAAAAAAAAAAAAAAAAAAAAAAAAAAAAAAAAAAAAAAAAAAAAAAAAAA
AAAAAAAAAAAAAAAAAAAAAAAAAAAAAAAAAAAAAAAAAAAAAAAAAAAAAAAAAAAAAAAAAAAAAAAAAAAA
AAAAAAAAAAAAAAAAAAAAAAAAAAAAAAAAAAAAAAAAAAAAAAAAAAAAAAAAAAAAAAAAAAAAAAAAAAAA
AAAAAAAAAAAAAAAAAAAAAAAAAAAAAAAAAAAAAAAAAAAAAAAAAAAAAAAAAAAAAAAAAAAAAAAAAAAA
AAAAAAAAAAAAAAAAAAAAAAAAAAAAAAAAAAAAAAAAAAAAAAAAAAAAAAAAAAAAAAAAAAAAAAAAAAAA
AAAAAAAAAAAAAAAAAAAAAAAAAAAAAAAAAAAAAAAAAAAAAAAAAAAAAAAAAAAAAAAAAAAAAAAAAAAA
AAAAAAAAAAAAAAAAAAAAAAAAAAAAAAAAAAAAAAAAAAAAAAAAAAAAAAAAAAAAAAAAAAAAAAAAAAAA
AAAAAAAAAAAAAAAAAAAAAAAAAAAAAAAAAAAAAAAAAAAAAAAAAAAAAAAAAAAAAAAAAAAAAAAAAAAA
AAAAAAAAAAAAAAAAAAAAAAAAAAAAAAAAAAAAAAAAAAAAAAAAAAAAAAAAAAAAAAAAAAAAAAAAAAAA
AAAAAAAAAAAAAAAAAAAAAAAAAAAAAAAAAAAAAAAAAAAAAAAAAAAAAAAAAAAAAAAAAAAAAAAAAAAA
AAAAAAAAAAAAAAAAAAAAAAAAAAAAAAAAAAAAAAAAAAAAAAAAAAAAAAAAAAAAAAAAAAAAAAAAAAAA
AAAAAAAAAAAAAAAAAAAAAAAAAAAAAAAAAAAAAAAAAAAAAAAAAAAAAAAAAAAAAAAAAAAAAAAAAAAA
AAAAAAAAAAAAAAAAAAAAAAAAAAAAAAAAAAAAAAAAAAAAAAAAAAAAAAAAAAAAAAAAAAAAAAAAAAAA
AAAAAAAAAAAAAAAAAAAAAAAAAAAAAAAAAAAAAAAAAAAAAAAAAAAAAAAAAAAAAAAAAAAAAAAAAAAA
AAAAAAAAAAAAAAAAAAAAAAAAAAAAAAAAAAAAAAAAAAAAAAAAAAAAAAAAAAAAAAAAAAAAAAAAAAAA
AAAAAAAAAAAAAAAAAAAAAAAAAAAAAAAAAAAAAAAAAAAAAAAAAAAAAAAAAAAAAAAAAAAAAAAAAAAA
AAAAAAAAAAAAAAAAAAAAAAAAAAAAAAAAAAAAAAAAAAAAAAAAAAAAAAAAAAAAAAAAAAAAAAAAAAAA
AAAAAAAAAAAAAAAAAAAAAAAAAAAAAAAAAAAAAAAAAAAAAAAAAAAAAAAAAAAAAAAAAAAAAAAAAAAA
AAAAAAAAAAAAAAAAAAAAAAAAAAAAAAAAAAAAAAAAAAAAAAAAAAAAAAAAAAAAAAAAAAAAAAAAAAAA
AAAAAAAAAAAAAAAAAAAAAAAAAAAAAAAAAAAAAAAAAAAAAAAAAAAAAAAAAAAAAAAAAAAAAAAAAAAA
AAAAAAAAAAAAAAAAAAAAAAAAAAAAAAAAAAAAAAAAAAAAAAAAAAAAAAAAAAAAAAAAAAAAAAAAAAAA
AAAAAAAAAAAAAAAAAAAAAAAAAAAAAAAAAAAAAAAAAAAAAAAAAAAAAAAAAAAAAAAAAAAAAAAAAAAA
AAAAAAAAAAAAAAAAAAAAAAAAAAAAAAAAAAAAAAAAAAAAAAAAAAAAAAAAAAAAAAAAAAAAAAAAAAAA
AAAAAAAAAAAAAAAAAAAAAAAAAAAAAAAAAAAAAAAAAAAAAAAAAAAAAAAAAAAAAAAAAAAAAAAAAAAA
AAAAAAAAAAAAAAAAAAAAAAAAAAAAAAAAAAAAAAAAAAAAAAAAAAAAAAAAAAAAAAAAAAAAAAAAAAAA
AAAAAAAAAAAAAAAAAAAAAAAAAAAAAAAAAAAAAAAAAAAAAAAAAAAAAAAAAAAAAAAAAAAAAAAAAAAA
AAAAAAAAAAAAAAAAAAAAAAAAAAAAAAAAAAAAAAAAAAAAAAAAAAAAAAAAAAAAAAAAAAAAAAAAAAAA
AAAAAAAAAAAAAAAAAAAAAAAAAAAAAAAAAAAAAAAAAAAAAAAAAAAAAAAAAAAAAAAAAAAAAAAAAAAA
AAAAAAAAAAAAAAAAAAAAAAAAAAAAAAAAAAAAAAAAAAAAAAAAAAAAAAAAAAAAAAAAAAAAAAAAAAAA
AAAAAAAAAAAAAAAAAAAAAAAAAAAAAAAAAAAAAAAAAAAAAAAAAAAAAAAAAAAAAAAAAAAAAAAAAAAA
AAAAAAAAAAAAAAAAAAAAAAAAAAAAAAAAAAAAAAAAAAAAAAAAAAAAAAAAAAAAAAAAAAAAAAAAAAAA
AAAAAAAAAAAAAAAAAAAAAAAAAAAAAAAAAAAAAAAAAAAAAAAAAAAAAAAAAAAAAAAAAAAAAAAAAAAA
AAAAAAAAAAAAAAAAAAAAAAAAAAAAAAAAAAAAAAAAAAAAAAAAAAAAAAAAAAAAAAAAAAAAAAAAAAAA
AAAAAAAAAAAAAAAAAAAAAAAAAAAAAAAAAAAAAAAAAAAAAAAAAAAAAAAAAAAAAAAAAAAAAAAAAAAA
AAAAAAAAAAAAAAAAAAAAAAAAAAAAAAAAAAAAAAAAAAAAAAAAAAAAAAAAAAAAAAAAAAAAAAAAAAAA
AAAAAAAAAAAAAAAAAAAAAAAAAAAAAAAAAAAAAAAAAAAAAAAAAAAAAAAAAAAAAAAAAAAAAAAAAAAA
AAAAAAAAAAAAAAAAAAAAAAAAAAAAAAAAAAAAAAAAAAAAAAAAAAAAAAAAAAAAAAAAAAAAAAAAAAAA
AAAAAAAAAAAAAAAAAAAAAAAAAAAAAAAAAAAAAAAAAAAAAAAAAAAAAAAAAAAAAAAAAAAAAAAAAAAA
AAAAAAAAAAAAAAAAAAAAAAAAAAAAAAAAAAAAAAAAAAAAAAAAAAAAAAAAAAAAAAAAAAAAAAAAAAAA
AAAAAAAAAAAAAAAAAAAAAAAAAAAAAAAAAAAAAAAAAAAAAAAAAAAAAAAAAAAAAAAAAAAAAAAAAAAA
AAAAAAAAAAAAAAAAAAAAAAAAAAAAAAAAAAAAAAAAAAAAAAAAAAAAAAAAAAAAAAAAAAAAAAAAAAAA
AAAAAAAAAAAAAAAAAAAAAAAAAAAAAAAAAAAAAAAAAAAAAAAAAAAAAAAAAAAAAAAAAAAAAAAAAAAA
AAAAAAAAAAAAAAAAAAAAAAAAAAAAAAAAAAAAAAAAAAAAAAAAAAAAAAAAAAAAAAAAAAAAAAAAAAAA
AAAAAAAAAAAAAAAAAAAAAAAAAAAAAAAAAAAAAAAAAAAAAAAAAAAAAAAAAAAAAAAAAAAAAAAAAAAA
AAAAAAAAAAAAAAAAAAAAAAAAAAAAAAAAAAAAAAAAAAAAAAAAAAAAAAAAAAAAAAAAAAAAAAAAAAAA
AAAAAAAAAAAAAAAAAAAAAAAAAAAAAAAAAAAAAAAAAAAAAAAAAAAAAAAAAAAAAAAAAAAAAAAAAAAA
AAAAAAAAAAAAAAAAAAAAAAAAAAAAAAAAAAAAAAAAAAAAAAAAAAAAAAAAAAAAAAAAAAAAAAAAAAAA
AAAAAAAAAAAAAAAAAAAAAAAAAAAAAAAAAAAAAAAAAAAAAAAAAAAAAAAAAAAAAAAAAAAAAAAAAAAA
AAAAAAAAAAAAAAAAAAAAAAAAAAAAAAAAAAAAAAAAAAAAAAAAAAAAAAAAAAAAAAAAAAAAAAAAAAAA
AAAAAAAAAAAAAAAAAAAAAAAAAAAAAAAAAAAAAAAAAAAAAAAAAAAAAAAAAAAAAAAAAAAAAAAAAAAA
AAAAAAAAAAAAAAAAAAAAAAAAAAAAAAAAAAAAAAAAAAAAAAAAAAAAAAAAAAAAAAAAAAAAAAAAAAAA
AAAAAAAAAAAAAAAAAAAAAAAAAAAAAAAAAAAAAAAAAAAAAAAAAAAAAAAAAAAAAAAAAAAAAAAAAAAA
AAAAAAAAAAAAAAAAAAAAAAAAAAAAAAAAAAAAAAAAAAAAAAAAAAAAAAAAAAAAAAAAAAAAAAAAAAAA
AAAAAAAAAAAAAAAAAAAAAAAAAAAAAAAAAAAAAAAAAAAAAAAAAAAAAAAAAAAAAAAAAAAAAAAAAAAA
AAAAAAAAAAAAAAAAAAAAAAAAAAAAAAAAAAAAAAAAAAAAAAAAAAAAAAAAAAAAAAAAAAAAAAAAAAAA
AAAAAAAAAAAAAAAAAAAAAAAAAAAAAAAAAAAAAAAAAAAAAAAAAAAAAAAAAAAAAAAAAAAAAAAAAAAA
AAAAAAAAAAAAAAAAAAAAAAAAAAAAAAAAAAAAAAAAAAAAAAAAAAAAAAAAAAAAAAAAAAAAAAAAAAAA
AAAAAAAAAAAAAAAAAAAAAAAAAAAAAAAAAAAAAAAAAAAAAAAAAAAAAAAAAAAAAAAAAAAAAAAAAAAA
AAAAAAAAAAAAAAAAAAAAAAAAAAAAAAAAAAAAAAAAAAAAAAAAAAAAAAAAAAAAAAAAAAAAAAAAAAAA
AAAAAAAAAAAAAAAAAAAAAAAAAAAAAAAAAAAAAAAAAAAAAAAAAAAAAAAAAAAAAAAAAAAAAAAAAAAA
AAAAAAAAAAAAAAAAAAAAAAAAAAAAAAAAAAAAAAAAAAAAAAAAAAAAAAAAAAAAAAAAAAAAAAAAAAAA
AAAAAAAAAAAAAAAAAAAAAAAAAAAAAAAAAAAAAAAAAAAAAAAAAAAAAAAAAAAAAAAAAAAAAAAAAAAA
AAAAAAAAAAAAAAAAAAAAAAAAAAAAAAAAAAAAAAAAAAAAAAAAAAAAAAAAAAAAAAAAAAAAAAAAAAAA
AAAAAAAAAAAAAAAAAAAAAAAAAAAAAAAAAAAAAAAAAAAAAAAAAAAAAAAAAAAAAAAAAAAAAAAAAAAA
AAAAAAAAAAAAAAAAAAAAAAAAAAAAAAAAAAAAAAAAAAAAAAAAAAAAAAAAAAAAAAAAAAAAAAAAAAAA
AAAAAAAAAAAAAAAAAAAAAAAAAAAAAAAAAAAAAAAAAAAAAAAAAAAAAAAAAAAAAAAAAAAAAAAAAAAA
AAAAAAAAAAAAAAAAAAAAAAAAAAAAAAAAAAAAAAAAAAAAAAAAAAAAAAAAAAAAAAAAAAAAAAAAAAAA
AAAAAAAAAAAAAAAAAAAAAAAAAAAAAAAAAAAAAAAAAAAAAAAAAAAAAAAAAAAAAAAAAAAAAAAAAAAA
AAAAAAAAAAAAAAAAAAAAAAAAAAAAAAAAAAAAAAAAAAAAAAAAAAAAAAAAAAAAAAAAAAAAAAAAAAAA
AAAAAAAAAAAAAAAAAAAAAAAAAAAAAAAAAAAAAAAAAAAAAAAAAAAAAAAAAAAAAAAAAAAAAAAAAAAA
AAAAAAAAAAAAAAAAAAAAAAAAAAAAAAAAAAAAAAAAAAAAAAAAAAAAAAAAAAAAAAAAAAAAAAAAAAAA
AAAAAAAAAAAAAAAAAAAAAAAAAAAAAAAAAAAAAAAAAAAAAAAAAAAAAAAAAAAAAAAAAAAAAAAAAAAA
AAAAAAAAAAAAAAAAAAAAAAAAAAAAAAAAAAAAAAAAAAAAAAAAAAAAAAAAAAAAAAAAAAAAAAAAAAAA
AAAAAAAAAAAAAAAAAAAAAAAAAAAAAAAAAAAAAAAAAAAAAAAAAAAAAAAAAAAAAAAAAAAAAAAAAAAA
AAAAAAAAAAAAAAAAAAAAAAAAAAAAAAAAAAAAAAAAAAAAAAAAAAAAAAAAAAAAAAAAAAAAAAAAAAAA
AAAAAAAAAAAAAAAAAAAAAAAAAAAAAAAAAAAAAAAAAAAAAAAAAAAAAAAAAAAAAAAAAAAAAAAAAAAA
AAAAAAAAAAAAAAAAAAAAAAAAAAAAAAAAAAAAAAAAAAAAAAAAAAAAAAAAAAAAAAAAAAAAAAAAAAAA
AAAAAAAAAAAAAAAAAAAAAAAAAAAAAAAAAAAAAAAAAAAAAAAAAAAAAAAAAAAAAAAAAAAAAAAAAAAA
AAAAAAAAAAAAAAAAAAAAAAAAAAAAAAAAAAAAAAAAAAAAAAAAAAAAAAAAAAAAAAAAAAAAAAAAAAAA
AAAAAAAAAAAAAAAAAAAAAAAAAAAAAAAAAAAAAAAAAAAAAAAAAAAAAAAAAAAAAAAAAAAAAAAAAAAA
AAAAAAAAAAAAAAAAAAAAAAAAAAAAAAAAAAAAAAAAAAAAAAAAAAAAAAAAAAAAAAAAAAAAAAAAAAAA
AAAAAAAAAAAAAAAAAAAAAAAAAAAAAAAAAAAAAAAAAAAAAAAAAAAAAAAAAAAAAAAAAAAAAAAAAAAA
AAAAAAAAAAAAAAAAAAAAAAAAAAAAAAAAAAAAAAAAAAAAAAAAAAAAAAAAAAAAAAAAAAAAAAAAAAAA
AAAAAAAAAAAAAAAAAAAAAAAAAAAAAAAAAAAAAAAAAAAAAAAAAAAAAAAAAAAAAAAAAAAAAAAAAAAA
AAAAAAAAAAAAAAAAAAAAAAAAAAAAAAAAAAAAAAAAAAAAAAAAAAAAAAAAAAAAAAAAAAAAAAAAAAAA
AAAAAAAAAAAAAAAAAAAAAAAAAAAAAAAAAAAAAAAAAAAAAAAAAAAAAAAAAAAAAAAAAAAAAAAAAAAA
AAAAAAAAAAAAAAAAAAAAAAAAAAAAAAAAAAAAAAAAAAAAAAAAAAAAAAAAAAAAAAAAAAAAAAAAAAAA
AAAAAAAAAAAAAAAAAAAAAAAAAAAAAAAAAAAAAAAAAAAAAAAAAAAAAAAAAAAAAAAAAAAAAAAAAAAA
AAAAAAAAAAAAAAAAAAAAAAAAAAAAAAAAAAAAAAAAAAAAAAAAAAAAAAAAAAAAAAAAAAAAAAAAAAAA
AAAAAAAAAAAAAAAAAAAAAAAAAAAAAAAAAAAAAAAAAAAAAAAAAAAAAAAAAAAAAAAAAAAAAAAAAAAA
AAAAAAAAAAAAAAAAAAAAAAAAAAAAAAAAAAAAAAAAAAAAAAAAAAAAAAAAAAAAAAAAAAAAAAAAAAAA
AAAAAAAAAAAAAAAAAAAAAAAAAAAAAAAAAAAAAAAAAAAAAAAAAAAAAAAAAAAAAAAAAAAAAAAAAAAA
AAAAAAAAAAAAAAAAAAAAAAAAAAAAAAAAAAAAAAAAAAAAAAAAAAAAAAAAAAAAAAAAAAAAAAAAAAAA
AAAAAAAAAAAAAAAAAAAAAAAAAAAAAAAAAAAAAAAAAAAAAAAAAAAAAAAAAAAAAAAAAAAAAAAAAAAA
AAAAAAAAAAAAAAAAAAAAAAAAAAAAAAAAAAAAAAAAAAAAAAAAAAAAAAAAAAAAAAAAAAAAAAAAAAAA
AAAAAAAAAAAAAAAAAAAAAAAAAAAAAAAAAAAAAAAAAAAAAAAAAAAAAAAAAAAAAAAAAAAAAAAAAAAA
AAAAAAAAAAAAAAAAAAAAAAAAAAAAAAAAAAAAAAAAAAAAAAAAAAAAAAAAAAAAAAAAAAAAAAAAAAAA
AAAAAAAAAAAAAAAAAAAAAAAAAAAAAAAAAAAAAAAAAAAAAAAAAAAAAAAAAAAAAAAAAAAAAAAAAAAA
AAAAAAAAAAAAAAAAAAAAAAAAAAAAAAAAAAAAAAAAAAAAAAAAAAAAAAAAAAAAAAAAAAAAAAAAAAAA
AAAAAAAAAAAAAAAAAAAAAAAAAAAAAAAAAAAAAAAAAAAAAAAAAAAAAAAAAAAAAAAAAAAAAAAAAAAA
AAAAAAAAAAAAAAAAAAAAAAAAAAAAAAAAAAAAAAAAAAAAAAAAAAAAAAAAAAAAAAAAAAAAAAAAAAAA
AAAAAAAAAAAAAAAAAAAAAAAAAAAAAAAAAAAAAAAAAAAAAAAAAAAAAAAAAAAAAAAAAAAAAAAAAAAA
AAAAAAAAAAAAAAAAAAAAAAAAAAAAAAAAAAAAAAAAAAAAAAAAAAAAAAAAAAAAAAAAAAAAAAAAAAAA
AAAAAAAAAAAAAAAAAAAAAAAAAAAAAAAAAAAAAAAAAAAAAAAAAAAAAAAAAAAAAAAAAAAAAAAAAAAA
AAAAAAAAAAAAAAAAAAAAAAAAAAAAAAAAAAAAAAAAAAAAAAAAAAAAAAAAAAAAAAAAAAAAAAAAAAAA
AAAAAAAAAAAAAAAAAAAAAAAAAAAAAAAAAAAAAAAAAAAAAAAAAAAAAAAAAAAAAAAAAAAAAAAAAAAA
AAAAAAAAAAAAAAAAAAAAAAAAAAAAAAAAAAAAAAAAAAAAAAAAAAAAAAAAAAAAAAAAAAAAAAAAAAAA
AAAAAAAAAAAAAAAAAAAAAAAAAAAAAAAAAAAAAAAAAAAAAAAAAAAAAAAAAAAAAAAAAAAAAAAAAAAA
AAAAAAAAAAAAAAAAAAAAAAAAAAAAAAAAAAAAAAAAAAAAAAAAAAAAAAAAAAAAAAAAAAAAAAAAAAAA
AAAAAAAAAAAAAAAAAAAAAAAAAAAAAAAAAAAAAAAAAAAAAAAAAAAAAAAAAAAAAAAAAAAAAAAAAAAA
AAAAAAAAAAAAAAAAAAAAAAAAAAAAAAAAAAAAAAAAAAAAAAAAAAAAAAAAAAAAAAAAAAAAAAAAAAAA
AAAAAAAAAAAAAAAAAAAAAAAAAAAAAAAAAAAAAAAAAAAAAAAAAAAAAAAAAAAAAAAAAAAAAAAAAAAA
AAAAAAAAAAAAAAAAAAAAAAAAAAAAAAAAAAAAAAAAAAAAAAAAAAAAAAAAAAAAAAAAAAAAAAAAAAAA
AAAAAAAAAAAAAAAAAAAAAAAAAAAAAAAAAAAAAAAAAAAAAAAAAAAAAAAAAAAAAAAAAAAAAAAAAAAA
AAAAAAAAAAAAAAAAAAAAAAAAAAAAAAAAAAAAAAAAAAAAAAAAAAAAAAAAAAAAAAAAAAAAAAAAAAAA
AAAAAAAAAAAAAAAAAAAAAAAAAAAAAAAAAAAAAAAAAAAAAAAAAAAAAAAAAAAAAAAAAAAAAAAAAAAA
AAAAAAAAAAAAAAAAAAAAAAAAAAAAAAAAAAAAAAAAAAAAAAAAAAAAAAAAAAAAAAAAAAAAAAAAAAAA
AAAAAAAAAAAAAAAAAAAAAAAAAAAAAAAAAAAAAAAAAAAAAAAAAAAAAAAAAAAAAAAAAAAAAAAAAAAA
AAAAAAAAAAAAAAAAAAAAAAAAAAAAAAAAAAAAAAAAAAAAAAAAAAAAAAAAAAAAAAAAAAAAAAAAAAAA
AAAAAAAAAAAAAAAAAAAAAAAAAAAAAAAAAAAAAAAAAAAAAAAAAAAAAAAAAAAAAAAAAAAAAAAAAAAA
AAAAAAAAAAAAAAAAAAAAAAAAAAAAAAAAAAAAAAAAAAAAAAAAAAAAAAAAAAAAAAAAAAAAAAAAAAAA
AAAAAAAAAAAAAAAAAAAAAAAAAAAAAAAAAAAAAAAAAAAAAAAAAAAAAAAAAAAAAAAAAAAAAAAAAAAA
AAAAAAAAAAAAAAAAAAAAAAAAAAAAAAAAAAAAAAAAAAAAAAAAAAAAAAAAAAAAAAAAAAAAAAAAAAAA
AAAAAAAAAAAAAAAAAAAAAAAAAAAAAAAAAAAAAAAAAAAAAAAAAAAAAAAAAAAAAAAAAAAAAAAAAAAA
AAAAAAAAAAAAAAAAAAAAAAAAAAAAAAAAAAAAAAAAAAAAAAAAAAAAAAAAAAAAAAAAAAAAAAAAAAAA
AAAAAAAAAAAAAAAAAAAAAAAAAAAAAAAAAAAAAAAAAAAAAAAAAAAAAAAAAAAAAAAAAAAAAAAAAAAA
AAAAAAAAAAAAAAAAAAAAAAAAAAAAAAAAAAAAAAAAAAAAAAAAAAAAAAAAAAAAAAAAAAAAAAAAAAAA
AAAAAAAAAAAAAAAAAAAAAAAAAAAAAAAAAAAAAAAAAAAAAAAAAAAAAAAAAAAAAAAAAAAAAAAAAAAA
AAAAAAAAAAAAAAAAAAAAAAAAAAAAAAAAAAAAAAAAAAAAAAAAAAAAAAAAAAAAAAAAAAAAAAAAAAAA
AAAAAAAAAAAAAAAAAAAAAAAAAAAAAAAAAAAAAAAAAAAAAAAAAAAAAAAAAAAAAAAAAAAAAAAAAAAA
AAAAAAAAAAAAAAAAAAAAAAAAAAAAAAAAAAAAAAAAAAAAAAAAAAAAAAAAAAAAAAAAAAAAAAAAAAAA
AAAAAAAAAAAAAAAAAAAAAAAAAAAAAAAAAAAAAAAAAAAAAAAAAAAAAAAAAAAAAAAAAAAAAAAAAAAA
AAAAAAAAAAAAAAAAAAAAAAAAAAAAAAAAAAAAAAAAAAAAAAAAAAAAAAAAAAAAAAAAAAAAAAAAAAAA
AAAAAAAAAAAAAAAAAAAAAAAAAAAAAAAAAAAAAAAAAAAAAAAAAAAAAAAAAAAAAAAAAAAAAAAAAAAA
AAAAAAAAAAAAAAAAAAAAAAAAAAAAAAAAAAAAAAAAAAAAAAAAAAAAAAAAAAAAAAAAAAAAAAAAAAAA
AAAAAAAAAAAAAAAAAAAAAAAAAAAAAAAAAAAAAAAAAAAAAAAAAAAAAAAAAAAAAAAAAAAAAAAAAAAA
AAAAAAAAAAAAAAAAAAAAAAAAAAAAAAAAAAAAAAAAAAAAAAAAAAAAAAAAAAAAAAAAAAAAAAAAAAAA
AAAAAAAAAAAAAAAAAAAAAAAAAAAAAAAAAAAAAAAAAAAAAAAAAAAAAAAAAAAAAAAAAAAAAAAAAAAA
AAAAAAAAAAAAAAAAAAAAAAAAAAAAAAAAAAAAAAAAAAAAAAAAAAAAAAAAAAAAAAAAAAAAAAAAAAAA
AAAAAAAAAAAAAAAAAAAAAAAAAAAAAAAAAAAAAAAAAAAAAAAAAAAAAAAAAAAAAAAAAAAAAAAAAAAA
AAAAAAAAAAAAAAAAAAAAAAAAAAAAAAAAAAAAAAAAAAAAAAAAAAAAAAAAAAAAAAAAAAAAAAAAAAAA
AAAAAAAAAAAAAAAAAAAAAAAAAAAAAAAAAAAAAAAAAAAAAAAAAAAAAAAAAAAAAAAAAAAAAAAAAAAA
AAAAAAAAAAAAAAAAAAAAAAAAAAAAAAAAAAAAAAAAAAAAAAAAAAAAAAAAAAAAAAAAAAAAAAAAAAAA
AAAAAAAAAAAAAAAAAAAAAAAAAAAAAAAAAAAAAAAAAAAAAAAAAAAAAAAAAAAAAAAAAAAAAAAAAAAA
AAAAAAAAAAAAAAAAAAAAAAAAAAAAAAAAAAAAAAAAAAAAAAAAAAAAAAAAAAAAAAAAAAAAAAAAAAAA
AAAAAAAAAAAAAAAAAAAAAAAAAAAAAAAAAAAAAAAAAAAAAAAAAAAAAAAAAAAAAAAAAAAAAAAAAAAA
AAAAAAAAAAAAAAAAAAAAAAAAAAAAAAAAAAAAAAAAAAAAAAAAAAAAAAAAAAAAAAAAAAAAAAAAAAAA
AAAAAAAAAAAAAAAAAAAAAAAAAAAAAAAAAAAAAAAAAAAAAAAAAAAAAAAAAAAAAAAAAAAAAAAAAAAA
AAAAAAAAAAAAAAAAAAAAAAAAAAAAAAAAAAAAAAAAAAAAAAAAAAAAAAAAAAAAAAAAAAAAAAAAAAAA
AAAAAAAAAAAAAAAAAAAAAAAAAAAAAAAAAAAAAAAAAAAAAAAAAAAAAAAAAAAAAAAAAAAAAAAAAAAA
AAAAAAAAAAAAAAAAAAAAAAAAAAAAAAAAAAAAAAAAAAAAAAAAAAAAAAAAAAAAAAAAAAAAAAAAAAAA
AAAAAAAAAAAAAAAAAAAAAAAAAAAAAAAAAAAAAAAAAAAAAAAAAAAAAAAAAAAAAAAAAAAAAAAAAAAA
AAAAAAAAAAAAAAAAAAAAAAAAAAAAAAAAAAAAAAAAAAAAAAAAAAAAAAAAAAAAAAAAAAAAAAAAAAAA
AAAAAAAAAAAAAAAAAAAAAAAAAAAAAAAAAAAAAAAAAAAAAAAAAAAAAAAAAAAAAAAAAAAAAAAAAAAA
AAAAAAAAAAAAAAAAAAAAAAAAAAAAAAAAAAAAAAAAAAAAAAAAAAAAAAAAAAAAAAAAAAAAAAAAAAAA
AAAAAAAAAAAAAAAAAAAAAAAAAAAAAAAAAAAAAAAAAAAAAAAAAAAAAAAAAAAAAAAAAAAAAAAAAAAA
AAAAAAAAAAAAAAAAAAAAAAAAAAAAAAAAAAAAAAAAAAAAAAAAAAAAAAAAAAAAAAAAAAAAAAAAAAAA
AAAAAAAAAAAAAAAAAAAAAAAAAAAAAAAAAAAAAAAAAAAAAAAAAAAAAAAAAAAAAAAAAAAAAAAAAAAA
AAAAAAAAAAAAAAAAAAAAAAAAAAAAAAAAAAAAAAAAAAAAAAAAAAAAAAAAAAAAAAAAAAAAAAAAAAAA
AAAAAAAAAAAAAAAAAAAAAAAAAAAAAAAAAAAAAAAAAAAAAAAAAAAAAAAAAAAAAAAAAAAAAAAAAAAA
AAAAAAAAAAAAAAAAAAAAAAAAAAAAAAAAAAAAAAAAAAAAAAAAAAAAAAAAAAAAAAAAAAAAAAAAAAAA
AAAAAAAAAAAAAAAAAAAAAAAAAAAAAAAAAAAAAAAAAAAAAAAAAAAAAAAAAAAAAAAAAAAAAAAAAAAA
AAAAAAAAAAAAAAAAAAAAAAAAAAAAAAAAAAAAAAAAAAAAAAAAAAAAAAAAAAAAAAAAAAAAAAAAAAAA
AAAAAAAAAAAAAAAAAAAAAAAAAAAAAAAAAAAAAAAAAAAAAAAAAAAAAAAAAAAAAAAAAAAAAAAAAAAA
AAAAAAAAAAAAAAAAAAAAAAAAAAAAAAAAAAAAAAAAAAAAAAAAAAAAAAAAAAAAAAAAAAAAAAAAAAAA
AAAAAAAAAAAAAAAAAAAAAAAAAAAAAAAAAAAAAAAAAAAAAAAAAAAAAAAAAAAAAAAAAAAAAAAAAAAA
AAAAAAAAAAAAAAAAAAAAAAAAAAAAAAAAAAAAAAAAAAAAAAAAAAAAAAAAAAAAAAAAAAAAAAAAAAAA
AAAAAAAAAAAAAAAAAAAAAAAAAAAAAAAAAAAAAAAAAAAAAAAAAAAAAAAAAAAAAAAAAAAAAAAAAAAA
AAAAAAAAAAAAAAAAAAAAAAAAAAAAAAAAAAAAAAAAAAAAAAAAAAAAAAAAAAAAAAAAAAAAAAAAAAAA
AAAAAAAAAAAAAAAAAAAAAAAAAAAAAAAAAAAAAAAAAAAAAAAAAAAAAAAAAAAAAAAAAAAAAAAAAAAA
AAAAAAAAAAAAAAAAAAAAAAAAAAAAAAAAAAAAAAAAAAAAAAAAAAAAAAAAAAAAAAAAAAAAAAAAAAAA
AAAAAAAAAAAAAAAAAAAAAAAAAAAAAAAAAAAAAAAAAAAAAAAAAAAAAAAAAAAAAAAAAAAAAAAAAAAA
AAAAAAAAAAAAAAAAAAAAAAAAAAAAAAAAAAAAAAAAAAAAAAAAAAAAAAAAAAAAAAAAAAAAAAAAAAAA
AAAAAAAAAAAAAAAAAAAAAAAAAAAAAAAAAAAAAAAAAAAAAAAAAAAAAAAAAAAAAAAAAAAAAAAAAAAA
AAAAAAAAAAAAAAAAAAAAAAAAAAAAAAAAAAAAAAAAAAAAAAAAAAAAAAAAAAAAAAAAAAAAAAAAAAAA
AAAAAAAAAAAAAAAAAAAAAAAAAAAAAAAAAAAAAAAAAAAAAAAAAAAAAAAAAAAAAAAAAAAAAAAAAAAA
AAAAAAAAAAAAAAAAAAAAAAAAAAAAAAAAAAAAAAAAAAAAAAAAAAAAAAAAAAAAAAAAAAAAAAAAAAAA
AAAAAAAAAAAAAAAAAAAAAAAAAAAAAAAAAAAAAAAAAAAAAAAAAAAAAAAAAAAAAAAAAAAAAAAAAAAA
AAAAAAAAAAAAAAAAAAAAAAAAAAAAAAAAAAAAAAAAAAAAAAAAAAAAAAAAAAAAAAAAAAAAAAAAAAAA
AAAAAAAAAAAAAAAAAAAAAAAAAAAAAAAAAAAAAAAAAAAAAAAAAAAAAAAAAAAAAAAAAAAAAAAAAAAA
AAAAAAAAAAAAAAAAAAAAAAAAAAAAAAAAAAAAAAAAAAAAAAAAAAAAAAAAAAAAAAAAAAAAAAAAAAAA
AAAAAAAAAAAAAAAAAAAAAAAAAAAAAAAAAAAAAAAAAAAAAAAAAAAAAAAAAAAAAAAAAAAAAAAAAAAA
AAAAAAAAAAAAAAAAAAAAAAAAAAAAAAAAAAAAAAAAAAAAAAAAAAAAAAAAAAAAAAAAAAAAAAAAAAAA
AAAAAAAAAAAAAAAAAAAAAAAAAAAAAAAAAAAAAAAAAAAAAAAAAAAAAAAAAAAAAAAAAAAAAAAAAAAA
AAAAAAAAAAAAAAAAAAAAAAAAAAAAAAAAAAAAAAAAAAAAAAAAAAAAAAAAAAAAAAAAAAAAAAAAAAAA
AAAAAAAAAAAAAAAAAAAAAAAAAAAAAAAAAAAAAAAAAAAAAAAAAAAAAAAAAAAAAAAAAAAAAAAAAAAA
AAAAAAAAAAAAAAAAAAAAAAAAAAAAAAAAAAAAAAAAAAAAAAAAAAAAAAAAAAAAAAAAAAAAAAAAAAAA
AAAAAAAAAAAAAAAAAAAAAAAAAAAAAAAAAAAAAAAAAAAAAAAAAAAAAAAAAAAAAAAAAAAAAAAAAAAA
AAAAAAAAAAAAAAAAAAAAAAAAAAAAAAAAAAAAAAAAAAAAAAAAAAAAAAAAAAAAAAAAAAAAAAAAAAAA
AAAAAAAAAAAAAAAAAAAAAAAAAAAAAAAAAAAAAAAAAAAAAAAAAAAAAAAAAAAAAAAAAAAAAAAAAAAA
AAAAAAAAAAAAAAAAAAAAAAAAAAAAAAAAAAAAAAAAAAAAAAAAAAAAAAAAAAAAAAAAAAAAAAAAAAAA
AAAAAAAAAAAAAAAAAAAAAAAAAAAAAAAAAAAAAAAAAAAAAAAAAAAAAAAAAAAAAAAAAAAAAAAAAAAA
AAAAAAAAAAAAAAAAAAAAAAAAAAAAAAAAAAAAAAAAAAAAAAAAAAAAAAAAAAAAAAAAAAAAAAAAAAAA
AAAAAAAAAAAAAAAAAAAAAAAAAAAAAAAAAAAAAAAAAAAAAAAAAAAAAAAAAAAAAAAAAAAAAAAAAAAA
AAAAAAAAAAAAAAAAAAAAAAAAAAAAAAAAAAAAAAAAAAAAAAAAAAAAAAAAAAAAAAAAAAAAAAAAAAAA
AAAAAAAAAAAAAAAAAAAAAAAAAAAAAAAAAAAAAAAAAAAAAAAAAAAAAAAAAAAAAAAAAAAAAAAAAAAA
AAAAAAAAAAAAAAAAAAAAAAAAAAAAAAAAAAAAAAAAAAAAAAAAAAAAAAAAAAAAAAAAAAAAAAAAAAAA
AAAAAAAAAAAAAAAAAAAAAAAAAAAAAAAAAAAAAAAAAAAAAAAAAAAAAAAAAAAAAAAAAAAAAAAAAAAA
AAAAAAAAAAAAAAAAAAAAAAAAAAAAAAAAAAAAAAAAAAAAAAAAAAAAAAAAAAAAAAAAAAAAAAAAAAAA
AAAAAAAAAAAAAAAAAAAAAAAAAAAAAAAAAAAAAAAAAAAAAAAAAAAAAAAAAAAAAAAAAAAAAAAAAAAA
AAAAAAAAAAAAAAAAAAAAAAAAAAAAAAAAAAAAAAAAAAAAAAAAAAAAAAAAAAAAAAAAAAAAAAAAAAAA
AAAAAAAAAAAAAAAAAAAAAAAAAAAAAAAAAAAAAAAAAAAAAAAAAAAAAAAAAAAAAAAAAAAAAAAAAAAA
AAAAAAAAAAAAAAAAAAAAAAAAAAAAAAAAAAAAAAAAAAAAAAAAAAAAAAAAAAAAAAAAAAAAAAAAAAAA
AAAAAAAAAAAAAAAAAAAAAAAAAAAAAAAAAAAAAAAAAAAAAAAAAAAAAAAAAAAAAAAAAAAAAAAAAAAA
AAAAAAAAAAAAAAAAAAAAAAAAAAAAAAAAAAAAAAAAAAAAAAAAAAAAAAAAAAAAAAAAAAAAAAAAAAAA
AAAAAAAAAAAAAAAAAAAAAAAAAAAAAAAAAAAAAAAAAAAAAAAAAAAAAAAAAAAAAAAAAAAAAAAAAAAA
AAAAAAAAAAAAAAAAAAAAAAAAAAAAAAAAAAAAAAAAAAAAAAAAAAAAAAAAAAAAAAAAAAAAAAAAAAAA
AAAAAAAAAAAAAAAAAAAAAAAAAAAAAAAAAAAAAAAAAAAAAAAAAAAAAAAAAAAAAAAAAAAAAAAAAAAA
AAAAAAAAAAAAAAAAAAAAAAAAAAAAAAAAAAAAAAAAAAAAAAAAAAAAAAAAAAAAAAAAAAAAAAAAAAAA
AAAAAAAAAAAAAAAAAAAAAAAAAAAAAAAAAAAAAAAAAAAAAAAAAAAAAAAAAAAAAAAAAAAAAAAAAAAA
AAAAAAAAAAAAAAAAAAAAAAAAAAAAAAAAAAAAAAAAAAAAAAAAAAAAAAAAAAAAAAAAAAAAAAAAAAAA
AAAAAAAAAAAAAAAAAAAAAAAAAAAAAAAAAAAAAAAAAAAAAAAAAAAAAAAAAAAAAAAAAAAAAAAAAAAA
AAAAAAAAAAAAAAAAAAAAAAAAAAAAAAAAAAAAAAAAAAAAAAAAAAAAAAAAAAAAAAAAAAAAAAAAAAAA
AAAAAAAAAAAAAAAAAAAAAAAAAAAAAAAAAAAAAAAAAAAAAAAAAAAAAAAAAAAAAAAAAAAAAAAAAAAA
AAAAAAAAAAAAAAAAAAAAAAAAAAAAAAAAAAAAAAAAAAAAAAAAAAAAAAAAAAAAAAAAAAAAAAAAAAAA
AAAAAAAAAAAAAAAAAAAAAAAAAAAAAAAAAAAAAAAAAAAAAAAAAAAAAAAAAAAAAAAAAAAAAAAAAAAA
AAAAAAAAAAAAAAAAAAAAAAAAAAAAAAAAAAAAAAAAAAAAAAAAAAAAAAAAAAAAAAAAAAAAAAAAAAAA
AAAAAAAAAAAAAAAAAAAAAAAAAAAAAAAAAAAAAAAAAAAAAAAAAAAAAAAAAAAAAAAAAAAAAAAAAAAA
AAAAAAAAAAAAAAAAAAAAAAAAAAAAAAAAAAAAAAAAAAAAAAAAAAAAAAAAAAAAAAAAAAAAAAAAAAAA
AAAAAAAAAAAAAAAAAAAAAAAAAAAAAAAAAAAAAAAAAAAAAAAAAAAAAAAAAAAAAAAAAAAAAAAAAAAA
AAAAAAAAAAAAAAAAAAAAAAAAAAAAAAAAAAAAAAAAAAAAAAAAAAAAAAAAAAAAAAAAAAAAAAAAAAAA
AAAAAAAAAAAAAAAAAAAAAAAAAAAAAAAAAAAAAAAAAAAAAAAAAAAAAAAAAAAAAAAAAAAAAAAAAAAA
AAAAAAAAAAAAAAAAAAAAAAAAAAAAAAAAAAAAAAAAAAAAAAAAAAAAAAAAAAAAAAAAAAAAAAAAAAAA
AAAAAAAAAAAAAAAAAAAAAAAAAAAAAAAAAAAAAAAAAAAAAAAAAAAAAAAAAAAAAAAAAAAAAAAAAAAA
AAAAAAAAAAAAAAAAAAAAAAAAAAAAAAAAAAAAAAAAAAAAAAAAAAAAAAAAAAAAAAAAAAAAAAAAAAAA
AAAAAAAAAAAAAAAAAAAAAAAAAAAAAAAAAAAAAAAAAAAAAAAAAAAAAAAAAAAAAAAAAAAAAAAAAAAA
AAAAAAAAAAAAAAAAAAAAAAAAAAAAAAAAAAAAAAAAAAAAAAAAAAAAAAAAAAAAAAAAAAAAAAAAAAAA
AAAAAAAAAAAAAAAAAAAAAAAAAAAAAAAAAAAAAAAAAAAAAAAAAAAAAAAAAAAAAAAAAAAAAAAAAAAA
AAAAAAAAAAAAAAAAAAAAAAAAAAAAAAAAAAAAAAAAAAAAAAAAAAAAAAAAAAAAAAAAAAAAAAAAAAAA
AAAAAAAAAAAAAAAAAAAAAAAAAAAAAAAAAAAAAAAAAAAAAAAAAAAAAAAAAAAAAAAAAAAAAAAAAAAA
AAAAAAAAAAAAAAAAAAAAAAAAAAAAAAAAAAAAAAAAAAAAAAAAAAAAAAAAAAAAAAAAAAAAAAAAAAAA
AAAAAAAAAAAAAAAAAAAAAAAAAAAAAAAAAAAAAAAAAAAAAAAAAAAAAAAAAAAAAAAAAAAAAAAAAAAA
AAAAAAAAAAAAAAAAAAAAAAAAAAAAAAAAAAAAAAAAAAAAAAAAAAAAAAAAAAAAAAAAAAAAAAAAAAAA
AAAAAAAAAAAAAAAAAAAAAAAAAAAAAAAAAAAAAAAAAAAAAAAAAAAAAAAAAAAAAAAAAAAAAAAAAAAA
AAAAAAAAAAAAAAAAAAAAAAAAAAAAAAAAAAAAAAAAAAAAAAAAAAAAAAAAAAAAAAAAAAAAAAAAAAAA
AAAAAAAAAAAAAAAAAAAAAAAAAAAAAAAAAAAAAAAAAAAAAAAAAAAAAAAAAAAAAAAAAAAAAAAAAAAA
AAAAAAAAAAAAAAAAAAAAAAAAAAAAAAAAAAAAAAAAAAAAAAAAAAAAAAAAAAAAAAAAAAAAAAAAAAAA
AAAAAAAAAAAAAAAAAAAAAAAAAAAAAAAAAAAAAAAAAAAAAAAAAAAAAAAAAAAAAAAAAAAAAAAAAAAA
AAAAAAAAAAAAAAAAAAAAAAAAAAAAAAAAAAAAAAAAAAAAAAAAAAAAAAAAAAAAAAAAAAAAAAAAAAAA
AAAAAAAAAAAAAAAAAAAAAAAAAAAAAAAAAAAAAAAAAAAAAAAAAAAAAAAAAAAAAAAAAAAAAAAAAAAA
AAAAAAAAAAAAAAAAAAAAAAAAAAAAAAAAAAAAAAAAAAAAAAAAAAAAAAAAAAAAAAAAAAAAAAAAAAAA
AAAAAAAAAAAAAAAAAAAAAAAAAAAAAAAAAAAAAAAAAAAAAAAAAAAAAAAAAAAAAAAAAAAAAAAAAAAA
AAAAAAAAAAAAAAAAAAAAAAAAAAAAAAAAAAAAAAAAAAAAAAAAAAAAAAAAAAAAAAAAAAAAAAAAAAAA
AAAAAAAAAAAAAAAAAAAAAAAAAAAAAAAAAAAAAAAAAAAAAAAAAAAAAAAAAAAAAAAAAAAAAAAAAAAA
AAAAAAAAAAAAAAAAAAAAAAAAAAAAAAAAAAAAAAAAAAAAAAAAAAAAAAAAAAAAAAAAAAAAAAAAAAAA
AAAAAAAAAAAAAAAAAAAAAAAAAAAAAAAAAAAAAAAAAAAAAAAAAAAAAAAAAAAAAAAAAAAAAAAAAAAA
AAAAAAAAAAAAAAAAAAAAAAAAAAAAAAAAAAAAAAAAAAAAAAAAAAAAAAAAAAAAAAAAAAAAAAAAAAAA
AAAAAAAAAAAAAAAAAAAAAAAAAAAAAAAAAAAAAAAAAAAAAAAAAAAAAAAAAAAAAAAAAAAAAAAAAAAA
AAAAAAAAAAAAAAAAAAAAAAAAAAAAAAAAAAAAAAAAAAAAAAAAAAAAAAAAAAAAAAAAAAAAAAAAAAAA
AAAAAAAAAAAAAAAAAAAAAAAAAAAAAAAAAAAAAAAAAAAAAAAAAAAAAAAAAAAAAAAAAAAAAAAAAAAA
AAAAAAAAAAAAAAAAAAAAAAAAAAAAAAAAAAAAAAAAAAAAAAAAAAAAAAAAAAAAAAAAAAAAAAAAAAAA
AAAAAAAAAAAAAAAAAAAAAAAAAAAAAAAAAAAAAAAAAAAAAAAAAAAAAAAAAAAAAAAAAAAAAAAAAAAA
AAAAAAAAAAAAAAAAAAAAAAAAAAAAAAAAAAAAAAAAAAAAAAAAAAAAAAAAAAAAAAAAAAAAAAAAAAAA
AAAAAAAAAAAAAAAAAAAAAAAAAAAAAAAAAAAAAAAAAAAAAAAAAAAAAAAAAAAAAAAAAAAAAAAAAAAA
AAAAAAAAAAAAAAAAAAAAAAAAAAAAAAAAAAAAAAAAAAAAAAAAAAAAAAAAAAAAAAAAAAAAAAAAAAAA
AAAAAAAAAAAAAAAAAAAAAAAAAAAAAAAAAAAAAAAAAAAAAAAAAAAAAAAAAAAAAAAAAAAAAAAAAAAA
AAAAAAAAAAAAAAAAAAAAAAAAAAAAAAAAAAAAAAAAAAAAAAAAAAAAAAAAAAAAAAAAAAAAAAAAAAAA
AAAAAAAAAAAAAAAAAAAAAAAAAAAAAAAAAAAAAAAAAAAAAAAAAAAAAAAAAAAAAAAAAAAAAAAAAAAA
AAAAAAAAAAAAAAAAAAAAAAAAAAAAAAAAAAAAAAAAAAAAAAAAAAAAAAAAAAAAAAAAAAAAAAAAAAAA
AAAAAAAAAAAAAAAAAAAAAAAAAAAAAAAAAAAAAAAAAAAAAAAAAAAAAAAAAAAAAAAAAAAAAAAAAAAA
AAAAAAAAAAAAAAAAAAAAAAAAAAAAAAAAAAAAAAAAAAAAAAAAAAAAAAAAAAAAAAAAAAAAAAAAAAAA
AAAAAAAAAAAAAAAAAAAAAAAAAAAAAAAAAAAAAAAAAAAAAAAAAAAAAAAAAAAAAAAAAAAAAAAAAAAA
AAAAAAAAAAAAAAAAAAAAAAAAAAAAAAAAAAAAAAAAAAAAAAAAAAAAAAAAAAAAAAAAAAAAAAAAAAAA
AAAAAAAAAAAAAAAAAAAAAAAAAAAAAAAAAAAAAAAAAAAAAAAAAAAAAAAAAAAAAAAAAAAAAAAAAAAA
AAAAAAAAAAAAAAAAAAAAAAAAAAAAAAAAAAAAAAAAAAAAAAAAAAAAAAAAAAAAAAAAAAAAAAAAAAAA
AAAAAAAAAAAAAAAAAAAAAAAAAAAAAAAAAAAAAAAAAAAAAAAAAAAAAAAAAAAAAAAAAAAAAAAAAAAA
AAAAAAAAAAAAAAAAAAAAAAAAAAAAAAAAAAAAAAAAAAAAAAAAAAAAAAAAAAAAAAAAAAAAAAAAAAAA
AAAAAAAAAAAAAAAAAAAAAAAAAAAAAAAAAAAAAAAAAAAAAAAAAAAAAAAAAAAAAAAAAAAAAAAAAAAA
AAAAAAAAAAAAAAAAAAAAAAAAAAAAAAAAAAAAAAAAAAAAAAAAAAAAAAAAAAAAAAAAAAAAAAAAAAAA
AAAAAAAAAAAAAAAAAAAAAAAAAAAAAAAAAAAAAAAAAAAAAAAAAAAAAAAAAAAAAAAAAAAAAAAAAAAA
AAAAAAAAAAAAAAAAAAAAAAAAAAAAAAAAAAAAAAAAAAAAAAAAAAAAAAAAAAAAAAAAAAAAAAAAAAAA
AAAAAAAAAAAAAAAAAAAAAAAAAAAAAAAAAAAAAAAAAAAAAAAAAAAAAAAAAAAAAAAAAAAAAAAAAAAA
AAAAAAAAAAAAAAAAAAAAAAAAAAAAAAAAAAAAAAAAAAAAAAAAAAAAAAAAAAAAAAAAAAAAAAAAAAAA
AAAAAAAAAAAAAAAAAAAAAAAAAAAAAAAAAAAAAAAAAAAAAAAAAAAAAAAAAAAAAAAAAAAAAAAAAAAA
AAAAAAAAAAAAAAAAAAAAAAAAAAAAAAAAAAAAAAAAAAAAAAAAAAAAAAAAAAAAAAAAAAAAAAAAAAAA
AAAAAAAAAAAAAAAAAAAAAAAAAAAAAAAAAAAAAAAAAAAAAAAAAAAAAAAAAAAAAAAAAAAAAAAAAAAA
AAAAAAAAAAAAAAAAAAAAAAAAAAAAAAAAAAAAAAAAAAAAAAAAAAAAAAAAAAAAAAAAAAAAAAAAAAAA
AAAAAAAAAAAAAAAAAAAAAAAAAAAAAAAAAAAAAAAAAAAAAAAAAAAAAAAAAAAAAAAAAAAAAAAAAAAA
AAAAAAAAAAAAAAAAAAAAAAAAAAAAAAAAAAAAAAAAAAAAAAAAAAAAAAAAAAAAAAAAAAAAAAAAAAAA
AAAAAAAAAAAAAAAAAAAAAAAAAAAAAAAAAAAAAAAAAAAAAAAAAAAAAAAAAAAAAAAAAAAAAAAAAAAA
AAAAAAAAAAAAAAAAAAAAAAAAAAAAAAAAAAAAAAAAAAAAAAAAAAAAAAAAAAAAAAAAAAAAAAAAAAAA
AAAAAAAAAAAAAAAAAAAAAAAAAAAAAAAAAAAAAAAAAAAAAAAAAAAAAAAAAAAAAAAAAAAAAAAAAAAA
AAAAAAAAAAAAAAAAAAAAAAAAAAAAAAAAAAAAAAAAAAAAAAAAAAAAAAAAAAAAAAAAAAAAAAAAAAAA
AAAAAAAAAAAAAAAAAAAAAAAAAAAAAAAAAAAAAAAAAAAAAAAAAAAAAAAAAAAAAAAAAAAAAAAAAAAA
AAAAAAAAAAAAAAAAAAAAAAAAAAAAAAAAAAAAAAAAAAAAAAAAAAAAAAAAAAAAAAAAAAAAAAAAAAAA
AAAAAAAAAAAAAAAAAAAAAAAAAAAAAAAAAAAAAAAAAAAAAAAAAAAAAAAAAAAAAAAAAAAAAAAAAAAA
AAAAAAAAAAAAAAAAAAAAAAAAAAAAAAAAAAAAAAAAAAAAAAAAAAAAAAAAAAAAAAAAAAAAAAAAAAAA
AAAAAAAAAAAAAAAAAAAAAAAAAAAAAAAAAAAAAAAAAAAAAAAAAAAAAAAAAAAAAAAAAAAAAAAAAAAA
AAAAAAAAAAAAAAAAAAAAAAAAAAAAAAAAAAAAAAAAAAAAAAAAAAAAAAAAAAAAAAAAAAAAAAAAAAAA
AAAAAAAAAAAAAAAAAAAAAAAAAAAAAAAAAAAAAAAAAAAAAAAAAAAAAAAAAAAAAAAAAAAAAAAAAAAA
AAAAAAAAAAAAAAAAAAAAAAAAAAAAAAAAAAAAAAAAAAAAAAAAAAAAAAAAAAAAAAAAAAAAAAAAAAAA
AAAAAAAAAAAAAAAAAAAAAAAAAAAAAAAAAAAAAAAAAAAAAAAAAAAAAAAAAAAAAAAAAAAAAAAAAAAA
AAAAAAAAAAAAAAAAAAAAAAAAAAAAAAAAAAAAAAAAAAAAAAAAAAAAAAAAAAAAAAAAAAAAAAAAAAAA
AAAAAAAAAAAAAAAAAAAAAAAAAAAAAAAAAAAAAAAAAAAAAAAAAAAAAAAAAAAAAAAAAAAAAAAAAAAA
AAAAAAAAAAAAAAAAAAAAAAAAAAAAAAAAAAAAAAAAAAAAAAAAAAAAAAAAAAAAAAAAAAAAAAAAAAAA
AAAAAAAAAAAAAAAAAAAAAAAAAAAAAAAAAAAAAAAAAAAAAAAAAAAAAAAAAAAAAAAAAAAAAAAAAAAA
AAAAAAAAAAAAAAAAAAAAAAAAAAAAAAAAAAAAAAAAAAAAAAAAAAAAAAAAAAAAAAAAAAAAAAAAAAAA
AAAAAAAAAAAAAAAAAAAAAAAAAAAAAAAAAAAAAAAAAAAAAAAAAAAAAAAAAAAAAAAAAAAAAAAAAAAA
AAAAAAAAAAAAAAAAAAAAAAAAAAAAAAAAAAAAAAAAAAAAAAAAAAAAAAAAAAAAAAAAAAAAAAAAAAAA
AAAAAAAAAAAAAAAAAAAAAAAAAAAAAAAAAAAAAAAAAAAAAAAAAAAAAAAAAAAAAAAAAAAAAAAAAAAA
AAAAAAAAAAAAAAAAAAAAAAAAAAAAAAAAAAAAAAAAAAAAAAAAAAAAAAAAAAAAAAAAAAAAAAAAAAAA
AAAAAAAAAAAAAAAAAAAAAAAAAAAAAAAAAAAAAAAAAAAAAAAAAAAAAAAAAAAAAAAAAAAAAAAAAAAA
AAAAAAAAAAAAAAAAAAAAAAAAAAAAAAAAAAAAAAAAAAAAAAAAAAAAAAAAAAAAAAAAAAAAAAAAAAAA
AAAAAAAAAAAAAAAAAAAAAAAAAAAAAAAAAAAAAAAAAAAAAAAAAAAAAAAAAAAAAAAAAAAAAAAAAAAA
AAAAAAAAAAAAAAAAAAAAAAAAAAAAAAAAAAAAAAAAAAAAAAAAAAAAAAAAAAAAAAAAAAAAAAAAAAAA
AAAAAAAAAAAAAAAAAAAAAAAAAAAAAAAAAAAAAAAAAAAAAAAAAAAAAAAAAAAAAAAAAAAAAAAAAAAA
AAAAAAAAAAAAAAAAAAAAAAAAAAAAAAAAAAAAAAAAAAAAAAAAAAAAAAAAAAAAAAAAAAAAAAAAAAAA
AAAAAAAAAAAAAAAAAAAAAAAAAAAAAAAAAAAAAAAAAAAAAAAAAAAAAAAAAAAAAAAAAAAAAAAAAAAA
AAAAAAAAAAAAAAAAAAAAAAAAAAAAAAAAAAAAAAAAAAAAAAAAAAAAAAAAAAAAAAAAAAAAAAAAAAAA
AAAAAAAAAAAAAAAAAAAAAAAAAAAAAAAAAAAAAAAAAAAAAAAAAAAAAAAAAAAAAAAAAAAAAAAAAAAA
AAAAAAAAAAAAAAAAAAAAAAAAAAAAAAAAAAAAAAAAAAAAAAAAAAAAAAAAAAAAAAAAAAAAAAAAAAAA
AAAAAAAAAAAAAAAAAAAAAAAAAAAAAAAAAAAAAAAAAAAAAAAAAAAAAAAAAAAAAAAAAAAAAAAAAAAA
AAAAAAAAAAAAAAAAAAAAAAAAAAAAAAAAAAAAAAAAAAAAAAAAAAAAAAAAAAAAAAAAAAAAAAAAAAAA
AAAAAAAAAAAAAAAAAAAAAAAAAAAAAAAAAAAAAAAAAAAAAAAAAAAAAAAAAAAAAAAAAAAAAAAAAAAA
AAAAAAAAAAAAAAAAAAAAAAAAAAAAAAAAAAAAAAAAAAAAAAAAAAAAAAAAAAAAAAAAAAAAAAAAAAAA
AAAAAAAAAAAAAAAAAAAAAAAAAAAAAAAAAAAAAAAAAAAAAAAAAAAAAAAAAAAAAAAAAAAAAAAAAAAA
AAAAAAAAAAAAAAAAAAAAAAAAAAAAAAAAAAAAAAAAAAAAAAAAAAAAAAAAAAAAAAAAAAAAAAAAAAAA
AAAAAAAAAAAAAAAAAAAAAAAAAAAAAAAAAAAAAAAAAAAAAAAAAAAAAAAAAAAAAAAAAAAAAAAAAAAA
AAAAAAAAAAAAAAAAAAAAAAAAAAAAAAAAAAAAAAAAAAAAAAAAAAAAAAAAAAAAAAAAAAAAAAAAAAAA
AAAAAAAAAAAAAAAAAAAAAAAAAAAAAAAAAAAAAAAAAAAAAAAAAAAAAAAAAAAAAAAAAAAAAAAAAAAA
AAAAAAAAAAAAAAAAAAAAAAAAAAAAAAAAAAAAAAAAAAAAAAAAAAAAAAAAAAAAAAAAAAAAAAAAAAAA
AAAAAAAAAAAAAAAAAAAAAAAAAAAAAAAAAAAAAAAAAAAAAAAAAAAAAAAAAAAAAAAAAAAAAAAAAAAA
AAAAAAAAAAAAAAAAAAAAAAAAAAAAAAAAAAAAAAAAAAAAAAAAAAAAAAAAAAAAAAAAAAAAAAAAAAAA
AAAAAAAAAAAAAAAAAAAAAAAAAAAAAAAAAAAAAAAAAAAAAAAAAAAAAAAAAAAAAAAAAAAAAAAAAAAA
AAAAAAAAAAAAAAAAAAAAAAAAAAAAAAAAAAAAAAAAAAAAAAAAAAAAAAAAAAAAAAAAAAAAAAAAAAAA
AAAAAAAAAAAAAAAAAAAAAAAAAAAAAAAAAAAAAAAAAAAAAAAAAAAAAAAAAAAAAAAAAAAAAAAAAAAA
AAAAAAAAAAAAAAAAAAAAAAAAAAAAAAAAAAAAAAAAAAAAAAAAAAAAAAAAAAAAAAAAAAAAAAAAAAAA
AAAAAAAAAAAAAAAAAAAAAAAAAAAAAAAAAAAAAAAAAAAAAAAAAAAAAAAAAAAAAAAAAAAAAAAAAAAA
AAAAAAAAAAAAAAAAAAAAAAAAAAAAAAAAAAAAAAAAAAAAAAAAAAAAAAAAAAAAAAAAAAAAAAAAAAAA
AAAAAAAAAAAAAAAAAAAAAAAAAAAAAAAAAAAAAAAAAAAAAAAAAAAAAAAAAAAAAAAAAAAAAAAAAAAA
AAAAAAAAAAAAAAAAAAAAAAAAAAAAAAAAAAAAAAAAAAAAAAAAAAAAAAAAAAAAAAAAAAAAAAAAAAAA
AAAAAAAAAAAAAAAAAAAAAAAAAAAAAAAAAAAAAAAAAAAAAAAAAAAAAAAAAAAAAAAAAAAAAAAAAAAA
AAAAAAAAAAAAAAAAAAAAAAAAAAAAAAAAAAAAAAAAAAAAAAAAAAAAAAAAAAAAAAAAAAAAAAAAAAAA
AAAAAAAAAAAAAAAAAAAAAAAAAAAAAAAAAAAAAAAAAAAAAAAAAAAAAAAAAAAAAAAAAAAAAAAAAAAA
AAAAAAAAAAAAAAAAAAAAAAAAAAAAAAAAAAAAAAAAAAAAAAAAAAAAAAAAAAAAAAAAAAAAAAAAAAAA
AAAAAAAAAAAAAAAAAAAAAAAAAAAAAAAAAAAAAAAAAAAAAAAAAAAAAAAAAAAAAAAAAAAAAAAAAAAA
AAAAAAAAAAAAAAAAAAAAAAAAAAAAAAAAAAAAAAAAAAAAAAAAAAAAAAAAAAAAAAAAAAAAAAAAAAAA
AAAAAAAAAAAAAAAAAAAAAAAAAAAAAAAAAAAAAAAAAAAAAAAAAAAAAAAAAAAAAAAAAAAAAAAAAAAA
AAAAAAAAAAAAAAAAAAAAAAAAAAAAAAAAAAAAAAAAAAAAAAAAAAAAAAAAAAAAAAAAAAAAAAAAAAAA
AAAAAAAAAAAAAAAAAAAAAAAAAAAAAAAAAAAAAAAAAAAAAAAAAAAAAAAAAAAAAAAAAAAAAAAAAAAA
AAAAAAAAAAAAAAAAAAAAAAAAAAAAAAAAAAAAAAAAAAAAAAAAAAAAAAAAAAAAAAAAAAAAAAAAAAAA
AAAAAAAAAAAAAAAAAAAAAAAAAAAAAAAAAAAAAAAAAAAAAAAAAAAAAAAAAAAAAAAAAAAAAAAAAAAA
AAAAAAAAAAAAAAAAAAAAAAAAAAAAAAAAAAAAAAAAAAAAAAAAAAAAAAAAAAAAAAAAAAAAAAAAAAAA
AAAAAAAAAAAAAAAAAAAAAAAAAAAAAAAAAAAAAAAAAAAAAAAAAAAAAAAAAAAAAAAAAAAAAAAAAAAA
AAAAAAAAAAAAAAAAAAAAAAAAAAAAAAAAAAAAAAAAAAAAAAAAAAAAAAAAAAAAAAAAAAAAAAAAAAAA
AAAAAAAAAAAAAAAAAAAAAAAAAAAAAAAAAAAAAAAAAAAAAAAAAAAAAAAAAAAAAAAAAAAAAAAAAAAA
AAAAAAAAAAAAAAAAAAAAAAAAAAAAAAAAAAAAAAAAAAAAAAAAAAAAAAAAAAAAAAAAAAAAAAAAAAAA
AAAAAAAAAAAAAAAAAAAAAAAAAAAAAAAAAAAAAAAAAAAAAAAAAAAAAAAAAAAAAAAAAAAAAAAAAAAA
AAAAAAAAAAAAAAAAAAAAAAAAAAAAAAAAAAAAAAAAAAAAAAAAAAAAAAAAAAAAAAAAAAAAAAAAAAAA
AAAAAAAAAAAAAAAAAAAAAAAAAAAAAAAAAAAAAAAAAAAAAAAAAAAAAAAAAAAAAAAAAAAAAAAAAAAA
AAAAAAAAAAAAAAAAAAAAAAAAAAAAAAAAAAAAAAAAAAAAAAAAAAAAAAAAAAAAAAAAAAAAAAAAAAAA
AAAAAAAAAAAAAAAAAAAAAAAAAAAAAAAAAAAAAAAAAAAAAAAAAAAAAAAAAAAAAAAAAAAAAAAAAAAA
AAAAAAAAAAAAAAAAAAAAAAAAAAAAAAAAAAAAAAAAAAAAAAAAAAAAAAAAAAAAAAAAAAAAAAAAAAAA
AAAAAAAAAAAAAAAAAAAAAAAAAAAAAAAAAAAAAAAAAAAAAAAAAAAAAAAAAAAAAAAAAAAAAAAAAAAA
AAAAAAAAAAAAAAAAAAAAAAAAAAAAAAAAAAAAAAAAAAAAAAAAAAAAAAAAAAAAAAAAAAAAAAAAAAAA
AAAAAAAAAAAAAAAAAAAAAAAAAAAAAAAAAAAAAAAAAAAAAAAAAAAAAAAAAAAAAAAAAAAAAAAAAAAA
AAAAAAAAAAAAAAAAAAAAAAAAAAAAAAAAAAAAAAAAAAAAAAAAAAAAAAAAAAAAAAAAAAAAAAAAAAAA
AAAAAAAAAAAAAAAAAAAAAAAAAAAAAAAAAAAAAAAAAAAAAAAAAAAAAAAAAAAAAAAAAAAAAAAAAAAA
AAAAAAAAAAAAAAAAAAAAAAAAAAAAAAAAAAAAAAAAAAAAAAAAAAAAAAAAAAAAAAAAAAAAAAAAAAAA
AAAAAAAAAAAAAAAAAAAAAAAAAAAAAAAAAAAAAAAAAAAAAAAAAAAAAAAAAAAAAAAAAAAAAAAAAAAA
AAAAAAAAAAAAAAAAAAAAAAAAAAAAAAAAAAAAAAAAAAAAAAAAAAAAAAAAAAAAAAAAAAAAAAAAAAAA
AAAAAAAAAAAAAAAAAAAAAAAAAAAAAAAAAAAAAAAAAAAAAAAAAAAAAAAAAAAAAAAAAAAAAAAAAAAA
AAAAAAAAAAAAAAAAAAAAAAAAAAAAAAAAAAAAAAAAAAAAAAAAAAAAAAAAAAAAAAAAAAAAAAAAAAAA
AAAAAAAAAAAAAAAAAAAAAAAAAAAAAAAAAAAAAAAAAAAAAAAAAAAAAAAAAAAAAAAAAAAAAAAAAAAA
AAAAAAAAAAAAAAAAAAAAAAAAAAAAAAAAAAAAAAAAAAAAAAAAAAAAAAAAAAAAAAAAAAAAAAAAAAAA
AAAAAAAAAAAAAAAAAAAAAAAAAAAAAAAAAAAAAAAAAAAAAAAAAAAAAAAAAAAAAAAAAAAAAAAAAAAA
AAAAAAAAAAAAAAAAAAAAAAAAAAAAAAAAAAAAAAAAAAAAAAAAAAAAAAAAAAAAAAAAAAAAAAAAAAAA
AAAAAAAAAAAAAAAAAAAAAAAAAAAAAAAAAAAAAAAAAAAAAAAAAAAAAAAAAAAAAAAAAAAAAAAAAAAA
AAAAAAAAAAAAAAAAAAAAAAAAAAAAAAAAAAAAAAAAAAAAAAAAAAAAAAAAAAAAAAAAAAAAAAAAAAAA
AAAAAAAAAAAAAAAAAAAAAAAAAAAAAAAAAAAAAAAAAAAAAAAAAAAAAAAAAAAAAAAAAAAAAAAAAAAA
AAAAAAAAAAAAAAAAAAAAAAAAAAAAAAAAAAAAAAAAAAAAAAAAAAAAAAAAAAAAAAAAAAAAAAAAAAAA
AAAAAAAAAAAAAAAAAAAAAAAAAAAAAAAAAAAAAAAAAAAAAAAAAAAAAAAAAAAAAAAAAAAAAAAAAAAA
AAAAAAAAAAAAAAAAAAAAAAAAAAAAAAAAAAAAAAAAAAAAAAAAAAAAAAAAAAAAAAAAAAAAAAAAAAAA
AAAAAAAAAAAAAAAAAAAAAAAAAAAAAAAAAAAAAAAAAAAAAAAAAAAAAAAAAAAAAAAAAAAAAAAAAAAA
AAAAAAAAAAAAAAAAAAAAAAAAAAAAAAAAAAAAAAAAAAAAAAAAAAAAAAAAAAAAAAAAAAAAAAAAAAAA
AAAAAAAAAAAAAAAAAAAAAAAAAAAAAAAAAAAAAAAAAAAAAAAAAAAAAAAAAAAAAAAAAAAAAAAAAAAA
AAAAAAAAAAAAAAAAAAAAAAAAAAAAAAAAAAAAAAAAAAAAAAAAAAAAAAAAAAAAAAAAAAAAAAAAAAAA
AAAAAAAAAAAAAAAAAAAAAAAAAAAAAAAAAAAAAAAAAAAAAAAAAAAAAAAAAAAAAAAAAAAAAAAAAAAA
AAAAAAAAAAAAAAAAAAAAAAAAAAAAAAAAAAAAAAAAAAAAAAAAAAAAAAAAAAAAAAAAAAAAAAAAAAAA
AAAAAAAAAAAAAAAAAAAAAAAAAAAAAAAAAAAAAAAAAAAAAAAAAAAAAAAAAAAAAAAAAAAAAAAAAAAA
AAAAAAAAAAAAAAAAAAAAAAAAAAAAAAAAAAAAAAAAAAAAAAAAAAAAAAAAAAAAAAAAAAAAAAAAAAAA
AAAAAAAAAAAAAAAAAAAAAAAAAAAAAAAAAAAAAAAAAAAAAAAAAAAAAAAAAAAAAAAAAAAAAAAAAAAA
AAAAAAAAAAAAAAAAAAAAAAAAAAAAAAAAAAAAAAAAAAAAAAAAAAAAAAAAAAAAAAAAAAAAAAAAAAAA
AAAAAAAAAAAAAAAAAAAAAAAAAAAAAAAAAAAAAAAAAAAAAAAAAAAAAAAAAAAAAAAAAAAAAAAAAAAA
AAAAAAAAAAAAAAAAAAAAAAAAAAAAAAAAAAAAAAAAAAAAAAAAAAAAAAAAAAAAAAAAAAAAAAAAAAAA
AAAAAAAAAAAAAAAAAAAAAAAAAAAAAAAAAAAAAAAAAAAAAAAAAAAAAAAAAAAAAAAAAAAAAAAAAAAA
AAAAAAAAAAAAAAAAAAAAAAAAAAAAAAAAAAAAAAAAAAAAAAAAAAAAAAAAAAAAAAAAAAAAAAAAAAAA
AAAAAAAAAAAAAAAAAAAAAAAAAAAAAAAAAAAAAAAAAAAAAAAAAAAAAAAAAAAAAAAAAAAAAAAAAAAA
AAAAAAAAAAAAAAAAAAAAAAAAAAAAAAAAAAAAAAAAAAAAAAAAAAAAAAAAAAAAAAAAAAAAAAAAAAAA
AAAAAAAAAAAAAAAAAAAAAAAAAAAAAAAAAAAAAAAAAAAAAAAAAAAAAAAAAAAAAAAAAAAAAAAAAAAA
AAAAAAAAAAAAAAAAAAAAAAAAAAAAAAAAAAAAAAAAAAAAAAAAAAAAAAAAAAAAAAAAAAAAAAAAAAAA
AAAAAAAAAAAAAAAAAAAAAAAAAAAAAAAAAAAAAAAAAAAAAAAAAAAAAAAAAAAAAAAAAAAAAAAAAAAA
AAAAAAAAAAAAAAAAAAAAAAAAAAAAAAAAAAAAAAAAAAAAAAAAAAAAAAAAAAAAAAAAAAAAAAAAAAAA
AAAAAAAAAAAAAAAAAAAAAAAAAAAAAAAAAAAAAAAAAAAAAAAAAAAAAAAAAAAAAAAAAAAAAAAAAAAA
AAAAAAAAAAAAAAAAAAAAAAAAAAAAAAAAAAAAAAAAAAAAAAAAAAAAAAAAAAAAAAAAAAAAAAAAAAAA
AAAAAAAAAAAAAAAAAAAAAAAAAAAAAAAAAAAAAAAAAAAAAAAAAAAAAAAAAAAAAAAAAAAAAAAAAAAA
AAAAAAAAAAAAAAAAAAAAAAAAAAAAAAAAAAAAAAAAAAAAAAAAAAAAAAAAAAAAAAAAAAAAAAAAAAAA
AAAAAAAAAAAAAAAAAAAAAAAAAAAAAAAAAAAAAAAAAAAAAAAAAAAAAAAAAAAAAAAAAAAAAAAAAAAA
AAAAAAAAAAAAAAAAAAAAAAAAAAAAAAAAAAAAAAAAAAAAAAAAAAAAAAAAAAAAAAAAAAAAAAAAAAAA
AAAAAAAAAAAAAAAAAAAAAAAAAAAAAAAAAAAAAAAAAAAAAAAAAAAAAAAAAAAAAAAAAAAAAAAAAAAA
AAAAAAAAAAAAAAAAAAAAAAAAAAAAAAAAAAAAAAAAAAAAAAAAAAAAAAAAAAAAAAAAAAAAAAAAAAAA
AAAAAAAAAAAAAAAAAAAAAAAAAAAAAAAAAAAAAAAAAAAAAAAAAAAAAAAAAAAAAAAAAAAAAAAAAAAA
AAAAAAAAAAAAAAAAAAAAAAAAAAAAAAAAAAAAAAAAAAAAAAAAAAAAAAAAAAAAAAAAAAAAAAAAAAAA
AAAAAAAAAAAAAAAAAAAAAAAAAAAAAAAAAAAAAAAAAAAAAAAAAAAAAAAAAAAAAAAAAAAAAAAAAAAA
AAAAAAAAAAAAAAAAAAAAAAAAAAAAAAAAAAAAAAAAAAAAAAAAAAAAAAAAAAAAAAAAAAAAAAAAAAAA
AAAAAAAAAAAAAAAAAAAAAAAAAAAAAAAAAAAAAAAAAAAAAAAAAAAAAAAAAAAAAAAAAAAAAAAAAAAA
AAAAAAAAAAAAAAAAAAAAAAAAAAAAAAAAAAAAAAAAAAAAAAAAAAAAAAAAAAAAAAAAAAAAAAAAAAAA
AAAAAAAAAAAAAAAAAAAAAAAAAAAAAAAAAAAAAAAAAAAAAAAAAAAAAAAAAAAAAAAAAAAAAAAAAAAA
AAAAAAAAAAAAAAAAAAAAAAAAAAAAAAAAAAAAAAAAAAAAAAAAAAAAAAAAAAAAAAAAAAAAAAAAAAAA
AAAAAAAAAAAAAAAAAAAAAAAAAAAAAAAAAAAAAAAAAAAAAAAAAAAAAAAAAAAAAAAAAAAAAAAAAAAA
AAAAAAAAAAAAAAAAAAAAAAAAAAAAAAAAAAAAAAAAAAAAAAAAAAAAAAAAAAAAAAAAAAAAAAAAAAAA
AAAAAAAAAAAAAAAAAAAAAAAAAAAAAAAAAAAAAAAAAAAAAAAAAAAAAAAAAAAAAAAAAAAAAAAAAAAA
AAAAAAAAAAAAAAAAAAAAAAAAAAAAAAAAAAAAAAAAAAAAAAAAAAAAAAAAAAAAAAAAAAAAAAAAAAAA
AAAAAAAAAAAAAAAAAAAAAAAAAAAAAAAAAAAAAAAAAAAAAAAAAAAAAAAAAAAAAAAAAAAAAAAAAAAA
AAAAAAAAAAAAAAAAAAAAAAAAAAAAAAAAAAAAAAAAAAAAAAAAAAAAAAAAAAAAAAAAAAAAAAAAAAAA
AAAAAAAAAAAAAAAAAAAAAAAAAAAAAAAAAAAAAAAAAAAAAAAAAAAAAAAAAAAAAAAAAAAAAAAAAAAA
AAAAAAAAAAAAAAAAAAAAAAAAAAAAAAAAAAAAAAAAAAAAAAAAAAAAAAAAAAAAAAAAAAAAAAAAAAAA
AAAAAAAAAAAAAAAAAAAAAAAAAAAAAAAAAAAAAAAAAAAAAAAAAAAAAAAAAAAAAAAAAAAAAAAAAAAA
AAAAAAAAAAAAAAAAAAAAAAAAAAAAAAAAAAAAAAAAAAAAAAAAAAAAAAAAAAAAAAAAAAAAAAAAAAAA
AAAAAAAAAAAAAAAAAAAAAAAAAAAAAAAAAAAAAAAAAAAAAAAAAAAAAAAAAAAAAAAAAAAAAAAAAAAA
AAAAAAAAAAAAAAAAAAAAAAAAAAAAAAAAAAAAAAAAAAAAAAAAAAAAAAAAAAAAAAAAAAAAAAAAAAAA
AAAAAAAAAAAAAAAAAAAAAAAAAAAAAAAAAAAAAAAAAAAAAAAAAAAAAAAAAAAAAAAAAAAAAAAAAAAA
AAAAAAAAAAAAAAAAAAAAAAAAAAAAAAAAAAAAAAAAAAAAAAAAAAAAAAAAAAAAAAAAAAAAAAAAAAAA
AAAAAAAAAAAAAAAAAAAAAAAAAAAAAAAAAAAAAAAAAAAAAAAAAAAAAAAAAAAAAAAAAAAAAAAAAAAA
AAAAAAAAAAAAAAAAAAAAAAAAAAAAAAAAAAAAAAAAAAAAAAAAAAAAAAAAAAAAAAAAAAAAAAAAAAAA
AAAAAAAAAAAAAAAAAAAAAAAAAAAAAAAAAAAAAAAAAAAAAAAAAAAAAAAAAAAAAAAAAAAAAAAAAAAA
AAAAAAAAAAAAAAAAAAAAAAAAAAAAAAAAAAAAAAAAAAAAAAAAAAAAAAAAAAAAAAAAAAAAAAAAAAAA
AAAAAAAAAAAAAAAAAAAAAAAAAAAAAAAAAAAAAAAAAAAAAAAAAAAAAAAAAAAAAAAAAAAAAAAAAAAA
AAAAAAAAAAAAAAAAAAAAAAAAAAAAAAAAAAAAAAAAAAAAAAAAAAAAAAAAAAAAAAAAAAAAAAAAAAAA
AAAAAAAAAAAAAAAAAAAAAAAAAAAAAAAAAAAAAAAAAAAAAAAAAAAAAAAAAAAAAAAAAAAAAAAAAAAA
AAAAAAAAAAAAAAAAAAAAAAAAAAAAAAAAAAAAAAAAAAAAAAAAAAAAAAAAAAAAAAAAAAAAAAAAAAAA
AAAAAAAAAAAAAAAAAAAAAAAAAAAAAAAAAAAAAAAAAAAAAAAAAAAAAAAAAAAAAAAAAAAAAAAAAAAA
AAAAAAAAAAAAAAAAAAAAAAAAAAAAAAAAAAAAAAAAAAAAAAAAAAAAAAAAAAAAAAAAAAAAAAAAAAAA
AAAAAAAAAAAAAAAAAAAAAAAAAAAAAAAAAAAAAAAAAAAAAAAAAAAAAAAAAAAAAAAAAAAAAAAAAAAA
AAAAAAAAAAAAAAAAAAAAAAAAAAAAAAAAAAAAAAAAAAAAAAAAAAAAAAAAAAAAAAAAAAAAAAAAAAAA
AAAAAAAAAAAAAAAAAAAAAAAAAAAAAAAAAAAAAAAAAAAAAAAAAAAAAAAAAAAAAAAAAAAAAAAAAAAA
AAAAAAAAAAAAAAAAAAAAAAAAAAAAAAAAAAAAAAAAAAAAAAAAAAAAAAAAAAAAAAAAAAAAAAAAAAAA
AAAAAAAAAAAAAAAAAAAAAAAAAAAAAAAAAAAAAAAAAAAAAAAAAAAAAAAAAAAAAAAAAAAAAAAAAAAA
AAAAAAAAAAAAAAAAAAAAAAAAAAAAAAAAAAAAAAAAAAAAAAAAAAAAAAAAAAAAAAAAAAAAAAAAAAAA
AAAAAAAAAAAAAAAAAAAAAAAAAAAAAAAAAAAAAAAAAAAAAAAAAAAAAAAAAAAAAAAAAAAAAAAAAAAA
AAAAAAAAAAAAAAAAAAAAAAAAAAAAAAAAAAAAAAAAAAAAAAAAAAAAAAAAAAAAAAAAAAAAAAAAAAAA
AAAAAAAAAAAAAAAAAAAAAAAAAAAAAAAAAAAAAAAAAAAAAAAAAAAAAAAAAAAAAAAAAAAAAAAAAAAA
AAAAAAAAAAAAAAAAAAAAAAAAAAAAAAAAAAAAAAAAAAAAAAAAAAAAAAAAAAAAAAAAAAAAAAAAAAAA
AAAAAAAAAAAAAAAAAAAAAAAAAAAAAAAAAAAAAAAAAAAAAAAAAAAAAAAAAAAAAAAAAAAAAAAAAAAA
AAAAAAAAAAAAAAAAAAAAAAAA
false
false
false
AAAAAAAAAAAAAAAAAAAAAAAAAAAAAAAAAAAAAAAAAAAAAAAAAAAAAAAAAAAAAAAAAAAAAAAAAAAA
AAAAAAAAAAAAAAAAAAAAAAAAAAAAAAAAAAAAAAAAAAAAAAAAAAAAAAAAAAAAAAAAAAAAAAAAAAAA
AAAAAAAAAAAAAAAAAAAAAAAAAAAAAAAAAAAAAAAAAAAAAAAAAAAAAAAAAAAAAAAAAAAAAAAAAAAA
AAAAAAAAAAAAAAAAAAAAAAAAAAAAAAAAAAAAAAAAAAAAAAAAAAAAAAAAAAAAAAAAAAAAAAAAAAAA
AAAAAAAAAAAAAAAAAAAAAAAAAAAAAAAAAAAAAAAAAAAAAAAAAAAAAAAAAAAAAAAAAAAAAAAAAAAA
AAAAAAAAAAAAAAAAAAAAAAAAAAAAAAAAAAAAAAAAAAAAAAAAAAAAAAAAAAAAAAAAAAAAAAAAAAAA
AAAAAAAAAAAAAAAAAAAAAAAAAAAAAAAAAAAAAAAAAAAAAAAAAAAAAAAAAAAAAAAAAAAAAAAAAAAA
AAAAAAAAAAAAAAAAAAAAAAAAAAAAAAAAAAAAAAAAAAAAAAAAAAAAAAAAAAAAAAAAAAAAAAAAAAAA
AAAAAAAAAAAAAAAAAAAAAAAAAAAAAAAAAAAAAAAAAAAAAAAAAAAAAAAAAAAAAAAAAAAAAAAAAAAA
AAAAAAAAAAAAAAAAAAAAAAAAAAAAAAAAAAAAAAAAAAAAAAAAAAAAAAAAAAAAAAAAAAAAAAAAAAAA
AAAAAAAAAAAAAAAAAAAAAAAAAAAAAAAAAAAAAAAAAAAAAAAAAAAAAAAAAAAAAAAAAAAAAAAAAAAA
AAAAAAAAAAAAAAAAAAAAAAAAAAAAAAAAAAAAAAAAAAAAAAAAAAAAAAAAAAAAAAAAAAAAAAAAAAAA
AAAAAAAAAAAAAAAAAAAAAAAAAAAAAAAAAAAAAAAAAAAAAAAAAAAAAAAAAAAAAAAAAAAAAAAAAAAA
AAAAAAAAAAAAAAAAAAAAAAAAAAAAAAAAAAAAAAAAAAAAAAAAAAAAAAAAAAAAAAAAAAAAAAAAAAAA
AAAAAAAAAAAAAAAAAAAAAAAAAAAAAAAAAAAAAAAAAAAAAAAAAAAAAAAAAAAAAAAAAAAAAAAAAAAA
AAAAAAAAAAAAAAAAAAAAAAAAAAAAAAAAAAAAAAAAAAAAAAAAAAAAAAAAAAAAAAAAAAAAAAAAAAAA
AAAAAAAAAAAAAAAAAAAAAAAAAAAAAAAAAAAAAAAAAAAAAAAAAAAAAAAAAAAAAAAAAAAAAAAAAAAA
AAAAAAAAAAAAAAAAAAAAAAAAAAAAAAAAAAAAAAAAAAAAAAAAAAAAAAAAAAAAAAAAAAAAAAAAAAAA
AAAAAAAAAAAAAAAAAAAAAAAAAAAAAAAAAAAAAAAAAAAAAAAAAAAAAAAAAAAAAAAAAAAAAAAAAAAA
AAAAAAAAAAAAAAAAAAAAAAAAAAAAAAAAAAAAAAAAAAAAAAAAAAAAAAAAAAAAAAAAAAAAAAAAAAAA
AAAAAAAAAAAAAAAAAAAAAAAAAAAAAAAAAAAAAAAAAAAAAAAAAAAAAAAAAAAAAAAAAAAAAAAAAAAA
AAAAAAAAAAAAAAAAAAAAAAAAAAAAAAAAAAAAAAAAAAAAAAAAAAAAAAAAAAAAAAAAAAAAAAAAAAAA
AAAAAAAAAAAAAAAAAAAAAAAAAAAAAAAAAAAAAAAAAAAAAAAAAAAAAAAAAAAAAAAAAAAAAAAAAAAA
AAAAAAAAAAAAAAAAAAAAAAAAAAAAAAAAAAAAAAAAAAAAAAAAAAAAAAAAAAAAAAAAAAAAAAAAAAAA
AAAAAAAAAAAAAAAAAAAAAAAAAAAAAAAAAAAAAAAAAAAAAAAAAAAAAAAAAAAAAAAAAAAAAAAAAAAA
AAAAAAAAAAAAAAAAAAAAAAAAAAAAAAAAAAAAAAAAAAAAAAAAAAAAAAAAAAAAAAAAAAAAAAAAAAAA
AAAAAAAAAAAAAAAAAAAAAAAAAAAAAAAAAAAAAAAAAAAAAAAAAAAAAAAAAAAAAAAAAAAAAAAAAAAA
AAAAAAAAAAAAAAAAAAAAAAAAAAAAAAAAAAAAAAAAAAAAAAAAAAAAAAAAAAAAAAAAAAAAAAAAAAAA
AAAAAAAAAAAAAAAAAAAAAAAAAAAAAAAAAAAAAAAAAAAAAAAAAAAAAAAAAAAAAAAAAAAAAAAAAAAA
AAAAAAAAAAAAAAAAAAAAAAAAAAAAAAAAAAAAAAAAAAAAAAAAAAAAAAAAAAAAAAAAAAAAAAAAAAAA
AAAAAAAAAAAAAAAAAAAAAAAAAAAAAAAAAAAAAAAAAAAAAAAAAAAAAAAAAAAAAAAAAAAAAAAAAAAA
AAAAAAAAAAAAAAAAAAAAAAAAAAAAAAAAAAAAAAAAAAAAAAAAAAAAAAAAAAAAAAAAAAAAAAAAAAAA
AAAAAAAAAAAAAAAAAAAAAAAAAAAAAAAAAAAAAAAAAAAAAAAAAAAAAAAAAAAAAAAAAAAAAAAAAAAA
AAAAAAAAAAAAAAAAAAAAAAAAAAAAAAAAAAAAAAAAAAAAAAAAAAAAAAAAAAAAAAAAAAAAAAAAAAAA
AAAAAAAAAAAAAAAAAAAAAAAAAAAAAAAAAAAAAAAAAAAAAAAAAAAAAAAAAAAAAAAAAAAAAAAAAAAA
AAAAAAAAAAAAAAAAAAAAAAAAAAAAAAAAAAAAAAAAAAAAAAAAAAAAAAAAAAAAAAAAAAAAAAAAAAAA
AAAAAAAAAAAAAAAAAAAAAAAAAAAAAAAAAAAAAAAAAAAAAAAAAAAAAAAAAAAAAAAAAAAAAAAAAAAA
AAAAAAAAAAAAAAAAAAAAAAAAAAAAAAAAAAAAAAAAAAAAAAAAAAAAAAAAAAAAAAAAAAAAAAAAAAAA
AAAAAAAAAAAAAAAAAAAAAAAAAAAAAAAAAAAAAAAAAAAAAAAAAAAAAAAAAAAAAAAAAAAAAAAAAAAA
AAAAAAAAAAAAAAAAAAAAAAAAAAAAAAAAAAAAAAAAAAAAAAAAAAAAAAAAAAAAAAAAAAAAAAAAAAAA
AAAAAAAAAAAAAAAAAAAAAAAAAAAAAAAAAAAAAAAAAAAAAAAAAAAAAAAAAAAAAAAAAAAAAAAAAAAA
AAAAAAAAAAAAAAAAAAAAAAAAAAAAAAAAAAAAAAAAAAAAAAAAAAAAAAAAAAAAAAAAAAAAAAAAAAAA
AAAAAAAAAAAAAAAAAAAAAAAAAAAAAAAAAAAAAAAAAAAAAAAAAAAAAAAAAAAAAAAAAAAAAAAAAAAA
AAAAAAAAAAAAAAAAAAAAAAAAAAAAAAAAAAAAAAAAAAAAAAAAAAAAAAAAAAAAAAAAAAAAAAAAAAAA
AAAAAAAAAAAAAAAAAAAAAAAAAAAAAAAAAAAAAAAAAAAAAAAAAAAAAAAAAAAAAAAAAAAAAAAAAAAA
AAAAAAAAAAAAAAAAAAAAAAAAAAAAAAAAAAAAAAAAAAAAAAAAAAAAAAAAAAAAAAAAAAAAAAAAAAAA
AAAAAAAAAAAAAAAAAAAAAAAAAAAAAAAAAAAAAAAAAAAAAAAAAAAAAAAAAAAAAAAAAAAAAAAAAAAA
AAAAAAAAAAAAAAAAAAAAAAAAAAAAAAAAAAAAAAAAAAAAAAAAAAAAAAAAAAAAAAAAAAAAAAAAAAAA
AAAAAAAAAAAAAAAAAAAAAAAAAAAAAAAAAAAAAAAAAAAAAAAAAAAAAAAAAAAAAAAAAAAAAAAAAAAA
AAAAAAAAAAAAAAAAAAAAAAAAAAAAAAAAAAAAAAAAAAAAAAAAAAAAAAAAAAAAAAAAAAAAAAAAAAAA
AAAAAAAAAAAAAAAAAAAAAAAAAAAAAAAAAAAAAAAAAAAAAAAAAAAAAAAAAAAAAAAAAAAAAAAAAAAA
AAAAAAAAAAAAAAAAAAAAAAAAAAAAAAAAAAAAAAAAAAAAAAAAAAAAAAAAAAAAAAAAAAAAAAAAAAAA
AAAAAAAAAAAAAAAAAAAAAAAAAAAAAAAAAAAAAAAAAAAAAAAAAAAAAAAAAAAAAAAAAAAAAAAAAAAA
AAAAAAAAAAAAAAAAAAAAAAAAAAAAAAAAAAAAAAAAAAAAAAAAAAAAAAAAAAAAAAAAAAAAAAAAAAAA
AAAAAAAAAAAAAAAAAAAAAAAAAAAAAAAAAAAAAAAAAAAAAAAAAAAAAAAAAAAAAAAAAAAAAAAAAAAA
AAAAAAAAAAAAAAAAAAAAAAAAAAAAAAAAAAAAAAAAAAAAAAAAAAAAAAAAAAAAAAAAAAAAAAAAAAAA
AAAAAAAAAAAAAAAAAAAAAAAAAAAAAAAAAAAAAAAAAAAAAAAAAAAAAAAAAAAAAAAAAAAAAAAAAAAA
AAAAAAAAAAAAAAAAAAAAAAAAAAAAAAAAAAAAAAAAAAAAAAAAAAAAAAAAAAAAAAAAAAAAAAAAAAAA
AAAAAAAAAAAAAAAAAAAAAAAAAAAAAAAAAAAAAAAAAAAAAAAAAAAAAAAAAAAAAAAAAAAAAAAAAAAA
AAAAAAAAAAAAAAAAAAAAAAAAAAAAAAAAAAAAAAAAAAAAAAAAAAAAAAAAAAAAAAAAAAAAAAAAAAAA
AAAAAAAAAAAAAAAAAAAAAAAAAAAAAAAAAAAAAAAAAAAAAAAAAAAAAAAAAAAAAAAAAAAAAAAAAAAA
AAAAAAAAAAAAAAAAAAAAAAAAAAAAAAAAAAAAAAAAAAAAAAAAAAAAAAAAAAAAAAAAAAAAAAAAAAAA
AAAAAAAAAAAAAAAAAAAAAAAAAAAAAAAAAAAAAAAAAAAAAAAAAAAAAAAAAAAAAAAAAAAAAAAAAAAA
AAAAAAAAAAAAAAAAAAAAAAAAAAAAAAAAAAAAAAAAAAAAAAAAAAAAAAAAAAAAAAAAAAAAAAAAAAAA
AAAAAAAAAAAAAAAAAAAAAAAAAAAAAAAAAAAAAAAAAAAAAAAAAAAAAAAAAAAAAAAAAAAAAAAAAAAA
AAAAAAAAAAAAAAAAAAAAAAAAAAAAAAAAAAAAAAAAAAAAAAAAAAAAAAAAAAAAAAAAAAAAAAAAAAAA
AAAAAAAAAAAAAAAAAAAAAAAAAAAAAAAAAAAAAAAAAAAAAAAAAAAAAAAAAAAAAAAAAAAAAAAAAAAA
AAAAAAAAAAAAAAAAAAAAAAAAAAAAAAAAAAAAAAAAAAAAAAAAAAAAAAAAAAAAAAAAAAAAAAAAAAAA
AAAAAAAAAAAAAAAAAAAAAAAAAAAAAAAAAAAAAAAAAAAAAAAAAAAAAAAAAAAAAAAAAAAAAAAAAAAA
AAAAAAAAAAAAAAAAAAAAAAAAAAAAAAAAAAAAAAAAAAAAAAAAAAAAAAAAAAAAAAAAAAAAAAAAAAAA
AAAAAAAAAAAAAAAAAAAAAAAAAAAAAAAAAAAAAAAAAAAAAAAAAAAAAAAAAAAAAAAAAAAAAAAAAAAA
AAAAAAAAAAAAAAAAAAAAAAAAAAAAAAAAAAAAAAAAAAAAAAAAAAAAAAAAAAAAAAAAAAAAAAAAAAAA
AAAAAAAAAAAAAAAAAAAAAAAAAAAAAAAAAAAAAAAAAAAAAAAAAAAAAAAAAAAAAAAAAAAAAAAAAAAA
AAAAAAAAAAAAAAAAAAAAAAAAAAAAAAAAAAAAAAAAAAAAAAAAAAAAAAAAAAAAAAAAAAAAAAAAAAAA
AAAAAAAAAAAAAAAAAAAAAAAAAAAAAAAAAAAAAAAAAAAAAAAAAAAAAAAAAAAAAAAAAAAAAAAAAAAA
AAAAAAAAAAAAAAAAAAAAAAAAAAAAAAAAAAAAAAAAAAAAAAAAAAAAAAAAAAAAAAAAAAAAAAAAAAAA
AAAAAAAAAAAAAAAAAAAAAAAAAAAAAAAAAAAAAAAAAAAAAAAAAAAAAAAAAAAAAAAAAAAAAAAAAAAA
AAAAAAAAAAAAAAAAAAAAAAAAAAAAAAAAAAAAAAAAAAAAAAAAAAAAAAAAAAAAAAAAAAAAAAAAAAAA
AAAAAAAAAAAAAAAAAAAAAAAAAAAAAAAAAAAAAAAAAAAAAAAAAAAAAAAAAAAAAAAAAAAAAAAAAAAA
AAAAAAAAAAAAAAAAAAAAAAAAAAAAAAAAAAAAAAAAAAAAAAAAAAAAAAAAAAAAAAAAAAAAAAAAAAAA
AAAAAAAAAAAAAAAAAAAAAAAAAAAAAAAAAAAAAAAAAAAAAAAAAAAAAAAAAAAAAAAAAAAAAAAAAAAA
AAAAAAAAAAAAAAAAAAAAAAAAAAAAAAAAAAAAAAAAAAAAAAAAAAAAAAAAAAAAAAAAAAAAAAAAAAAA
AAAAAAAAAAAAAAAAAAAAAAAAAAAAAAAAAAAAAAAAAAAAAAAAAAAAAAAAAAAAAAAAAAAAAAAAAAAA
AAAAAAAAAAAAAAAAAAAAAAAAAAAAAAAAAAAAAAAAAAAAAAAAAAAAAAAAAAAAAAAAAAAAAAAAAAAA
AAAAAAAAAAAAAAAAAAAAAAAAAAAAAAAAAAAAAAAAAAAAAAAAAAAAAAAAAAAAAAAAAAAAAAAAAAAA
AAAAAAAAAAAAAAAAAAAAAAAAAAAAAAAAAAAAAAAAAAAAAAAAAAAAAAAAAAAAAAAAAAAAAAAAAAAA
AAAAAAAAAAAAAAAAAAAAAAAAAAAAAAAAAAAAAAAAAAAAAAAAAAAAAAAAAAAAAAAAAAAAAAAAAAAA
AAAAAAAAAAAAAAAAAAAAAAAAAAAAAAAAAAAAAAAAAAAAAAAAAAAAAAAAAAAAAAAAAAAAAAAAAAAA
AAAAAAAAAAAAAAAAAAAAAAAAAAAAAAAAAAAAAAAAAAAAAAAAAAAAAAAAAAAAAAAAAAAAAAAAAAAA
AAAAAAAAAAAAAAAAAAAAAAAAAAAAAAAAAAAAAAAAAAAAAAAAAAAAAAAAAAAAAAAAAAAAAAAAAAAA
AAAAAAAAAAAAAAAAAAAAAAAAAAAAAAAAAAAAAAAAAAAAAAAAAAAAAAAAAAAAAAAAAAAAAAAAAAAA
AAAAAAAAAAAAAAAAAAAAAAAAAAAAAAAAAAAAAAAAAAAAAAAAAAAAAAAAAAAAAAAAAAAAAAAAAAAA
AAAAAAAAAAAAAAAAAAAAAAAAAAAAAAAAAAAAAAAAAAAAAAAAAAAAAAAAAAAAAAAAAAAAAAAAAAAA
AAAAAAAAAAAAAAAAAAAAAAAAAAAAAAAAAAAAAAAAAAAAAAAAAAAAAAAAAAAAAAAAAAAAAAAAAAAA
AAAAAAAAAAAAAAAAAAAAAAAAAAAAAAAAAAAAAAAAAAAAAAAAAAAAAAAAAAAAAAAAAAAAAAAAAAAA
AAAAAAAAAAAAAAAAAAAAAAAAAAAAAAAAAAAAAAAAAAAAAAAAAAAAAAAAAAAAAAAAAAAAAAAAAAAA
AAAAAAAAAAAAAAAAAAAAAAAAAAAAAAAAAAAAAAAAAAAAAAAAAAAAAAAAAAAAAAAAAAAAAAAAAAAA
AAAAAAAAAAAAAAAAAAAAAAAAAAAAAAAAAAAAAAAAAAAAAAAAAAAAAAAAAAAAAAAAAAAAAAAAAAAA
AAAAAAAAAAAAAAAAAAAAAAAAAAAAAAAAAAAAAAAAAAAAAAAAAAAAAAAAAAAAAAAAAAAAAAAAAAAA
AAAAAAAAAAAAAAAAAAAAAAAAAAAAAAAAAAAAAAAAAAAAAAAAAAAAAAAAAAAAAAAAAAAAAAAAAAAA
AAAAAAAAAAAAAAAAAAAAAAAAAAAAAAAAAAAAAAAAAAAAAAAAAAAAAAAAAAAAAAAAAAAAAAAAAAAA
AAAAAAAAAAAAAAAAAAAAAAAAAAAAAAAAAAAAAAAAAAAAAAAAAAAAAAAAAAAAAAAAAAAAAAAAAAAA
AAAAAAAAAAAAAAAAAAAAAAAAAAAAAAAAAAAAAAAAAAAAAAAAAAAAAAAAAAAAAAAAAAAAAAAAAAAA
AAAAAAAAAAAAAAAAAAAAAAAAAAAAAAAAAAAAAAAAAAAAAAAAAAAAAAAAAAAAAAAAAAAAAAAAAAAA
AAAAAAAAAAAAAAAAAAAAAAAAAAAAAAAAAAAAAAAAAAAAAAAAAAAAAAAAAAAAAAAAAAAAAAAAAAAA
AAAAAAAAAAAAAAAAAAAAAAAAAAAAAAAAAAAAAAAAAAAAAAAAAAAAAAAAAAAAAAAAAAAAAAAAAAAA
AAAAAAAAAAAAAAAAAAAAAAAAAAAAAAAAAAAAAAAAAAAAAAAAAAAAAAAAAAAAAAAAAAAAAAAAAAAA
AAAAAAAAAAAAAAAAAAAAAAAAAAAAAAAAAAAAAAAAAAAAAAAAAAAAAAAAAAAAAAAAAAAAAAAAAAAA
AAAAAAAAAAAAAAAAAAAAAAAAAAAAAAAAAAAAAAAAAAAAAAAAAAAAAAAAAAAAAAAAAAAAAAAAAAAA
AAAAAAAAAAAAAAAAAAAAAAAAAAAAAAAAAAAAAAAAAAAAAAAAAAAAAAAAAAAAAAAAAAAAAAAAAAAA
AAAAAAAAAAAAAAAAAAAAAAAAAAAAAAAAAAAAAAAAAAAAAAAAAAAAAAAAAAAAAAAAAAAAAAAAAAAA
AAAAAAAAAAAAAAAAAAAAAAAAAAAAAAAAAAAAAAAAAAAAAAAAAAAAAAAAAAAAAAAAAAAAAAAAAAAA
AAAAAAAAAAAAAAAAAAAAAAAAAAAAAAAAAAAAAAAAAAAAAAAAAAAAAAAAAAAAAAAAAAAAAAAAAAAA
AAAAAAAAAAAAAAAAAAAAAAAAAAAAAAAAAAAAAAAAAAAAAAAAAAAAAAAAAAAAAAAAAAAAAAAAAAAA
AAAAAAAAAAAAAAAAAAAAAAAAAAAAAAAAAAAAAAAAAAAAAAAAAAAAAAAAAAAAAAAAAAAAAAAAAAAA
AAAAAAAAAAAAAAAAAAAAAAAAAAAAAAAAAAAAAAAAAAAAAAAAAAAAAAAAAAAAAAAAAAAAAAAAAAAA
AAAAAAAAAAAAAAAAAAAAAAAAAAAAAAAAAAAAAAAAAAAAAAAAAAAAAAAAAAAAAAAAAAAAAAAAAAAA
AAAAAAAAAAAAAAAAAAAAAAAAAAAAAAAAAAAAAAAAAAAAAAAAAAAAAAAAAAAAAAAAAAAAAAAAAAAA
AAAAAAAAAAAAAAAAAAAAAAAAAAAAAAAAAAAAAAAAAAAAAAAAAAAAAAAAAAAAAAAAAAAAAAAAAAAA
AAAAAAAAAAAAAAAAAAAAAAAAAAAAAAAAAAAAAAAAAAAAAAAAAAAAAAAAAAAAAAAAAAAAAAAAAAAA
AAAAAAAAAAAAAAAAAAAAAAAAAAAAAAAAAAAAAAAAAAAAAAAAAAAAAAAAAAAAAAAAAAAAAAAAAAAA
AAAAAAAAAAAAAAAAAAAAAAAAAAAAAAAAAAAAAAAAAAAAAAAAAAAAAAAAAAAAAAAAAAAAAAAAAAAA
AAAAAAAAAAAAAAAAAAAAAAAAAAAAAAAAAAAAAAAAAAAAAAAAAAAAAAAAAAAAAAAAAAAAAAAAAAAA
AAAAAAAAAAAAAAAAAAAAAAAAAAAAAAAAAAAAAAAAAAAAAAAAAAAAAAAAAAAAAAAAAAAAAAAAAAAA
AAAAAAAAAAAAAAAAAAAAAAAAAAAAAAAAAAAAAAAAAAAAAAAAAAAAAAAAAAAAAAAAAAAAAAAAAAAA
AAAAAAAAAAAAAAAAAAAAAAAAAAAAAAAAAAAAAAAAAAAAAAAAAAAAAAAAAAAAAAAAAAAAAAAAAAAA
AAAAAAAAAAAAAAAAAAAAAAAAAAAAAAAAAAAAAAAAAAAAAAAAAAAAAAAAAAAAAAAAAAAAAAAAAAAA
AAAAAAAAAAAAAAAAAAAAAAAAAAAAAAAAAAAAAAAAAAAAAAAAAAAAAAAAAAAAAAAAAAAAAAAAAAAA
AAAAAAAAAAAAAAAAAAAAAAAAAAAAAAAAAAAAAAAAAAAAAAAAAAAAAAAAAAAAAAAAAAAAAAAAAAAA
AAAAAAAAAAAAAAAAAAAAAAAAAAAAAAAAAAAAAAAAAAAAAAAAAAAAAAAAAAAAAAAAAAAAAAAAAAAA
AAAAAAAAAAAAAAAAAAAAAAAAAAAAAAAAAAAAAAAAAAAAAAAAAAAAAAAAAAAAAAAAAAAAAAAAAAAA
AAAAAAAAAAAAAAAAAAAAAAAAAAAAAAAAAAAAAAAAAAAAAAAAAAAAAAAAAAAAAAAAAAAAAAAAAAAA
AAAAAAAAAAAAAAAAAAAAAAAAAAAAAAAAAAAAAAAAAAAAAAAAAAAAAAAAAAAAAAAAAAAAAAAAAAAA
AAAAAAAAAAAAAAAAAAAAAAAAAAAAAAAAAAAAAAAAAAAAAAAAAAAAAAAAAAAAAAAAAAAAAAAAAAAA
AAAAAAAAAAAAAAAAAAAAAAAAAAAAAAAAAAAAAAAAAAAAAAAAAAAAAAAAAAAAAAAAAAAAAAAAAAAA
AAAAAAAAAAAAAAAAAAAAAAAAAAAAAAAAAAAAAAAAAAAAAAAAAAAAAAAAAAAAAAAAAAAAAAAAAAAA
AAAAAAAAAAAAAAAAAAAAAAAAAAAAAAAAAAAAAAAAAAAAAAAAAAAAAAAAAAAAAAAAAAAAAAAAAAAA
AAAAAAAAAAAAAAAAAAAAAAAAAAAAAAAAAAAAAAAAAAAAAAAAAAAAAAAAAAAAAAAAAAAAAAAAAAAA
AAAAAAAAAAAAAAAAAAAAAAAAAAAAAAAAAAAAAAAAAAAAAAAAAAAAAAAAAAAAAAAAAAAAAAAAAAAA
AAAAAAAAAAAAAAAAAAAAAAAAAAAAAAAAAAAAAAAAAAAAAAAAAAAAAAAAAAAAAAAAAAAAAAAAAAAA
AAAAAAAAAAAAAAAAAAAAAAAAAAAAAAAAAAAAAAAAAAAAAAAAAAAAAAAAAAAAAAAAAAAAAAAAAAAA
AAAAAAAAAAAAAAAAAAAAAAAAAAAAAAAAAAAAAAAAAAAAAAAAAAAAAAAAAAAAAAAAAAAAAAAAAAAA
AAAAAAAAAAAAAAAAAAAAAAAAAAAAAAAAAAAAAAAAAAAAAAAAAAAAAAAAAAAAAAAAAAAAAAAAAAAA
AAAAAAAAAAAAAAAAAAAAAAAAAAAAAAAAAAAAAAAAAAAAAAAAAAAAAAAAAAAAAAAAAAAAAAAAAAAA
AAAAAAAAAAAAAAAAAAAAAAAAAAAAAAAAAAAAAAAAAAAAAAAAAAAAAAAAAAAAAAAAAAAAAAAAAAAA
AAAAAAAAAAAAAAAAAAAAAAAAAAAAAAAAAAAAAAAAAAAAAAAAAAAAAAAAAAAAAAAAAAAAAAAAAAAA
AAAAAAAAAAAAAAAAAAAAAAAAAAAAAAAAAAAAAAAAAAAAAAAAAAAAAAAAAAAAAAAAAAAAAAAAAAAA
AAAAAAAAAAAAAAAAAAAAAAAAAAAAAAAAAAAAAAAAAAAAAAAAAAAAAAAAAAAAAAAAAAAAAAAAAAAA
AAAAAAAAAAAAAAAAAAAAAAAAAAAAAAAAAAAAAAAAAAAAAAAAAAAAAAAAAAAAAAAAAAAAAAAAAAAA
AAAAAAAAAAAAAAAAAAAAAAAAAAAAAAAAAAAAAAAAAAAAAAAAAAAAAAAAAAAAAAAAAAAAAAAAAAAA
AAAAAAAAAAAAAAAAAAAAAAAAAAAAAAAAAAAAAAAAAAAAAAAAAAAAAAAAAAAAAAAAAAAAAAAAAAAA
AAAAAAAAAAAAAAAAAAAAAAAAAAAAAAAAAAAAAAAAAAAAAAAAAAAAAAAAAAAAAAAAAAAAAAAAAAAA
AAAAAAAAAAAAAAAAAAAAAAAAAAAAAAAAAAAAAAAAAAAAAAAAAAAAAAAAAAAAAAAAAAAAAAAAAAAA
AAAAAAAAAAAAAAAAAAAAAAAAAAAAAAAAAAAAAAAAAAAAAAAAAAAAAAAAAAAAAAAAAAAAAAAAAAAA
AAAAAAAAAAAAAAAAAAAAAAAAAAAAAAAAAAAAAAAAAAAAAAAAAAAAAAAAAAAAAAAAAAAAAAAAAAAA
AAAAAAAAAAAAAAAAAAAAAAAAAAAAAAAAAAAAAAAAAAAAAAAAAAAAAAAAAAAAAAAAAAAAAAAAAAAA
AAAAAAAAAAAAAAAAAAAAAAAAAAAAAAAAAAAAAAAAAAAAAAAAAAAAAAAAAAAAAAAAAAAAAAAAAAAA
AAAAAAAAAAAAAAAAAAAAAAAAAAAAAAAAAAAAAAAAAAAAAAAAAAAAAAAAAAAAAAAAAAAAAAAAAAAA
AAAAAAAAAAAAAAAAAAAAAAAAAAAAAAAAAAAAAAAAAAAAAAAAAAAAAAAAAAAAAAAAAAAAAAAAAAAA
AAAAAAAAAAAAAAAAAAAAAAAAAAAAAAAAAAAAAAAAAAAAAAAAAAAAAAAAAAAAAAAAAAAAAAAAAAAA
AAAAAAAAAAAAAAAAAAAAAAAAAAAAAAAAAAAAAAAAAAAAAAAAAAAAAAAAAAAAAAAAAAAAAAAAAAAA
AAAAAAAAAAAAAAAAAAAAAAAAAAAAAAAAAAAAAAAAAAAAAAAAAAAAAAAAAAAAAAAAAAAAAAAAAAAA
AAAAAAAAAAAAAAAAAAAAAAAAAAAAAAAAAAAAAAAAAAAAAAAAAAAAAAAAAAAAAAAAAAAAAAAAAAAA
AAAAAAAAAAAAAAAAAAAAAAAAAAAAAAAAAAAAAAAAAAAAAAAAAAAAAAAAAAAAAAAAAAAAAAAAAAAA
AAAAAAAAAAAAAAAAAAAAAAAAAAAAAAAAAAAAAAAAAAAAAAAAAAAAAAAAAAAAAAAAAAAAAAAAAAAA
AAAAAAAAAAAAAAAAAAAAAAAAAAAAAAAAAAAAAAAAAAAAAAAAAAAAAAAAAAAAAAAAAAAAAAAAAAAA
AAAAAAAAAAAAAAAAAAAAAAAAAAAAAAAAAAAAAAAAAAAAAAAAAAAAAAAAAAAAAAAAAAAAAAAAAAAA
AAAAAAAAAAAAAAAAAAAAAAAAAAAAAAAAAAAAAAAAAAAAAAAAAAAAAAAAAAAAAAAAAAAAAAAAAAAA
AAAAAAAAAAAAAAAAAAAAAAAAAAAAAAAAAAAAAAAAAAAAAAAAAAAAAAAAAAAAAAAAAAAAAAAAAAAA
AAAAAAAAAAAAAAAAAAAAAAAAAAAAAAAAAAAAAAAAAAAAAAAAAAAAAAAAAAAAAAAAAAAAAAAAAAAA
AAAAAAAAAAAAAAAAAAAAAAAAAAAAAAAAAAAAAAAAAAAAAAAAAAAAAAAAAAAAAAAAAAAAAAAAAAAA
AAAAAAAAAAAAAAAAAAAAAAAAAAAAAAAAAAAAAAAAAAAAAAAAAAAAAAAAAAAAAAAAAAAAAAAAAAAA
AAAAAAAAAAAAAAAAAAAAAAAAAAAAAAAAAAAAAAAAAAAAAAAAAAAAAAAAAAAAAAAAAAAAAAAAAAAA
AAAAAAAAAAAAAAAAAAAAAAAAAAAAAAAAAAAAAAAAAAAAAAAAAAAAAAAAAAAAAAAAAAAAAAAAAAAA
AAAAAAAAAAAAAAAAAAAAAAAAAAAAAAAAAAAAAAAAAAAAAAAAAAAAAAAAAAAAAAAAAAAAAAAAAAAA
AAAAAAAAAAAAAAAAAAAAAAAAAAAAAAAAAAAAAAAAAAAAAAAAAAAAAAAAAAAAAAAAAAAAAAAAAAAA
AAAAAAAAAAAAAAAAAAAAAAAAAAAAAAAAAAAAAAAAAAAAAAAAAAAAAAAAAAAAAAAAAAAAAAAAAAAA
AAAAAAAAAAAAAAAAAAAAAAAAAAAAAAAAAAAAAAAAAAAAAAAAAAAAAAAAAAAAAAAAAAAAAAAAAAAA
AAAAAAAAAAAAAAAAAAAAAAAAAAAAAAAAAAAAAAAAAAAAAAAAAAAAAAAAAAAAAAAAAAAAAAAAAAAA
AAAAAAAAAAAAAAAAAAAAAAAAAAAAAAAAAAAAAAAAAAAAAAAAAAAAAAAAAAAAAAAAAAAAAAAAAAAA
AAAAAAAAAAAAAAAAAAAAAAAAAAAAAAAAAAAAAAAAAAAAAAAAAAAAAAAAAAAAAAAAAAAAAAAAAAAA
AAAAAAAAAAAAAAAAAAAAAAAAAAAAAAAAAAAAAAAAAAAAAAAAAAAAAAAAAAAAAAAAAAAAAAAAAAAA
AAAAAAAAAAAAAAAAAAAAAAAAAAAAAAAAAAAAAAAAAAAAAAAAAAAAAAAAAAAAAAAAAAAAAAAAAAAA
AAAAAAAAAAAAAAAAAAAAAAAAAAAAAAAAAAAAAAAAAAAAAAAAAAAAAAAAAAAAAAAAAAAAAAAAAAAA
AAAAAAAAAAAAAAAAAAAAAAAAAAAAAAAAAAAAAAAAAAAAAAAAAAAAAAAAAAAAAAAAAAAAAAAAAAAA
AAAAAAAAAAAAAAAAAAAAAAAAAAAAAAAAAAAAAAAAAAAAAAAAAAAAAAAAAAAAAAAAAAAAAAAAAAAA
AAAAAAAAAAAAAAAAAAAAAAAAAAAAAAAAAAAAAAAAAAAAAAAAAAAAAAAAAAAAAAAAAAAAAAAAAAAA
AAAAAAAAAAAAAAAAAAAAAAAAAAAAAAAAAAAAAAAAAAAAAAAAAAAAAAAAAAAAAAAAAAAAAAAAAAAA
AAAAAAAAAAAAAAAAAAAAAAAAAAAAAAAAAAAAAAAAAAAAAAAAAAAAAAAAAAAAAAAAAAAAAAAAAAAA
AAAAAAAAAAAAAAAAAAAAAAAAAAAAAAAAAAAAAAAAAAAAAAAAAAAAAAAAAAAAAAAAAAAAAAAAAAAA
AAAAAAAAAAAAAAAAAAAAAAAAAAAAAAAAAAAAAAAAAAAAAAAAAAAAAAAAAAAAAAAAAAAAAAAAAAAA
AAAAAAAAAAAAAAAAAAAAAAAAAAAAAAAAAAAAAAAAAAAAAAAAAAAAAAAAAAAAAAAAAAAAAAAAAAAA
AAAAAAAAAAAAAAAAAAAAAAAAAAAAAAAAAAAAAAAAAAAAAAAAAAAAAAAAAAAAAAAAAAAAAAAAAAAA
AAAAAAAAAAAAAAAAAAAAAAAAAAAAAAAAAAAAAAAAAAAAAAAAAAAAAAAAAAAAAAAAAAAAAAAAAAAA
AAAAAAAAAAAAAAAAAAAAAAAAAAAAAAAAAAAAAAAAAAAAAAAAAAAAAAAAAAAAAAAAAAAAAAAAAAAA
AAAAAAAAAAAAAAAAAAAAAAAAAAAAAAAAAAAAAAAAAAAAAAAAAAAAAAAAAAAAAAAAAAAAAAAAAAAA
AAAAAAAAAAAAAAAAAAAAAAAAAAAAAAAAAAAAAAAAAAAAAAAAAAAAAAAAAAAAAAAAAAAAAAAAAAAA
AAAAAAAAAAAAAAAAAAAAAAAAAAAAAAAAAAAAAAAAAAAAAAAAAAAAAAAAAAAAAAAAAAAAAAAAAAAA
AAAAAAAAAAAAAAAAAAAAAAAAAAAAAAAAAAAAAAAAAAAAAAAAAAAAAAAAAAAAAAAAAAAAAAAAAAAA
AAAAAAAAAAAAAAAAAAAAAAAAAAAAAAAAAAAAAAAAAAAAAAAAAAAAAAAAAAAAAAAAAAAAAAAAAAAA
AAAAAAAAAAAAAAAAAAAAAAAAAAAAAAAAAAAAAAAAAAAAAAAAAAAAAAAAAAAAAAAAAAAAAAAAAAAA
AAAAAAAAAAAAAAAAAAAAAAAAAAAAAAAAAAAAAAAAAAAAAAAAAAAAAAAAAAAAAAAAAAAAAAAAAAAA
AAAAAAAAAAAAAAAAAAAAAAAAAAAAAAAAAAAAAAAAAAAAAAAAAAAAAAAAAAAAAAAAAAAAAAAAAAAA
AAAAAAAAAAAAAAAAAAAAAAAAAAAAAAAAAAAAAAAAAAAAAAAAAAAAAAAAAAAAAAAAAAAAAAAAAAAA
AAAAAAAAAAAAAAAAAAAAAAAAAAAAAAAAAAAAAAAAAAAAAAAAAAAAAAAAAAAAAAAAAAAAAAAAAAAA
AAAAAAAAAAAAAAAAAAAAAAAAAAAAAAAAAAAAAAAAAAAAAAAAAAAAAAAAAAAAAAAAAAAAAAAAAAAA
AAAAAAAAAAAAAAAAAAAAAAAAAAAAAAAAAAAAAAAAAAAAAAAAAAAAAAAAAAAAAAAAAAAAAAAAAAAA
AAAAAAAAAAAAAAAAAAAAAAAAAAAAAAAAAAAAAAAAAAAAAAAAAAAAAAAAAAAAAAAAAAAAAAAAAAAA
AAAAAAAAAAAAAAAAAAAAAAAAAAAAAAAAAAAAAAAAAAAAAAAAAAAAAAAAAAAAAAAAAAAAAAAAAAAA
AAAAAAAAAAAAAAAAAAAAAAAAAAAAAAAAAAAAAAAAAAAAAAAAAAAAAAAAAAAAAAAAAAAAAAAAAAAA
AAAAAAAAAAAAAAAAAAAAAAAAAAAAAAAAAAAAAAAAAAAAAAAAAAAAAAAAAAAAAAAAAAAAAAAAAAAA
AAAAAAAAAAAAAAAAAAAAAAAAAAAAAAAAAAAAAAAAAAAAAAAAAAAAAAAAAAAAAAAAAAAAAAAAAAAA
AAAAAAAAAAAAAAAAAAAAAAAAAAAAAAAAAAAAAAAAAAAAAAAAAAAAAAAAAAAAAAAAAAAAAAAAAAAA
AAAAAAAAAAAAAAAAAAAAAAAAAAAAAAAAAAAAAAAAAAAAAAAAAAAAAAAAAAAAAAAAAAAAAAAAAAAA
AAAAAAAAAAAAAAAAAAAAAAAAAAAAAAAAAAAAAAAAAAAAAAAAAAAAAAAAAAAAAAAAAAAAAAAAAAAA
AAAAAAAAAAAAAAAAAAAAAAAAAAAAAAAAAAAAAAAAAAAAAAAAAAAAAAAAAAAAAAAAAAAAAAAAAAAA
AAAAAAAAAAAAAAAAAAAAAAAAAAAAAAAAAAAAAAAAAAAAAAAAAAAAAAAAAAAAAAAAAAAAAAAAAAAA
AAAAAAAAAAAAAAAAAAAAAAAAAAAAAAAAAAAAAAAAAAAAAAAAAAAAAAAAAAAAAAAAAAAAAAAAAAAA
AAAAAAAAAAAAAAAAAAAAAAAAAAAAAAAAAAAAAAAAAAAAAAAAAAAAAAAAAAAAAAAAAAAAAAAAAAAA
AAAAAAAAAAAAAAAAAAAAAAAAAAAAAAAAAAAAAAAAAAAAAAAAAAAAAAAAAAAAAAAAAAAAAAAAAAAA
AAAAAAAAAAAAAAAAAAAAAAAAAAAAAAAAAAAAAAAAAAAAAAAAAAAAAAAAAAAAAAAAAAAAAAAAAAAA
AAAAAAAAAAAAAAAAAAAAAAAAAAAAAAAAAAAAAAAAAAAAAAAAAAAAAAAAAAAAAAAAAAAAAAAAAAAA
AAAAAAAAAAAAAAAAAAAAAAAAAAAAAAAAAAAAAAAAAAAAAAAAAAAAAAAAAAAAAAAAAAAAAAAAAAAA
AAAAAAAAAAAAAAAAAAAAAAAAAAAAAAAAAAAAAAAAAAAAAAAAAAAAAAAAAAAAAAAAAAAAAAAAAAAA
AAAAAAAAAAAAAAAAAAAAAAAAAAAAAAAAAAAAAAAAAAAAAAAAAAAAAAAAAAAAAAAAAAAAAAAAAAAA
AAAAAAAAAAAAAAAAAAAAAAAAAAAAAAAAAAAAAAAAAAAAAAAAAAAAAAAAAAAAAAAAAAAAAAAAAAAA
AAAAAAAAAAAAAAAAAAAAAAAAAAAAAAAAAAAAAAAAAAAAAAAAAAAAAAAAAAAAAAAAAAAAAAAAAAAA
AAAAAAAAAAAAAAAAAAAAAAAAAAAAAAAAAAAAAAAAAAAAAAAAAAAAAAAAAAAAAAAAAAAAAAAAAAAA
AAAAAAAAAAAAAAAAAAAAAAAAAAAAAAAAAAAAAAAAAAAAAAAAAAAAAAAAAAAAAAAAAAAAAAAAAAAA
AAAAAAAAAAAAAAAAAAAAAAAAAAAAAAAAAAAAAAAAAAAAAAAAAAAAAAAAAAAAAAAAAAAAAAAAAAAA
AAAAAAAAAAAAAAAAAAAAAAAAAAAAAAAAAAAAAAAAAAAAAAAAAAAAAAAAAAAAAAAAAAAAAAAAAAAA
AAAAAAAAAAAAAAAAAAAAAAAAAAAAAAAAAAAAAAAAAAAAAAAAAAAAAAAAAAAAAAAAAAAAAAAAAAAA
AAAAAAAAAAAAAAAAAAAAAAAAAAAAAAAAAAAAAAAAAAAAAAAAAAAAAAAAAAAAAAAAAAAAAAAAAAAA
AAAAAAAAAAAAAAAAAAAAAAAAAAAAAAAAAAAAAAAAAAAAAAAAAAAAAAAAAAAAAAAAAAAAAAAAAAAA
AAAAAAAAAAAAAAAAAAAAAAAAAAAAAAAAAAAAAAAAAAAAAAAAAAAAAAAAAAAAAAAAAAAAAAAAAAAA
AAAAAAAAAAAAAAAAAAAAAAAAAAAAAAAAAAAAAAAAAAAAAAAAAAAAAAAAAAAAAAAAAAAAAAAAAAAA
AAAAAAAAAAAAAAAAAAAAAAAAAAAAAAAAAAAAAAAAAAAAAAAAAAAAAAAAAAAAAAAAAAAAAAAAAAAA
AAAAAAAAAAAAAAAAAAAAAAAAAAAAAAAAAAAAAAAAAAAAAAAAAAAAAAAAAAAAAAAAAAAAAAAAAAAA
AAAAAAAAAAAAAAAAAAAAAAAAAAAAAAAAAAAAAAAAAAAAAAAAAAAAAAAAAAAAAAAAAAAAAAAAAAAA
AAAAAAAAAAAAAAAAAAAAAAAAAAAAAAAAAAAAAAAAAAAAAAAAAAAAAAAAAAAAAAAAAAAAAAAAAAAA
AAAAAAAAAAAAAAAAAAAAAAAAAAAAAAAAAAAAAAAAAAAAAAAAAAAAAAAAAAAAAAAAAAAAAAAAAAAA
AAAAAAAAAAAAAAAAAAAAAAAAAAAAAAAAAAAAAAAAAAAAAAAAAAAAAAAAAAAAAAAAAAAAAAAAAAAA
AAAAAAAAAAAAAAAAAAAAAAAAAAAAAAAAAAAAAAAAAAAAAAAAAAAAAAAAAAAAAAAAAAAAAAAAAAAA
AAAAAAAAAAAAAAAAAAAAAAAAAAAAAAAAAAAAAAAAAAAAAAAAAAAAAAAAAAAAAAAAAAAAAAAAAAAA
AAAAAAAAAAAAAAAAAAAAAAAAAAAAAAAAAAAAAAAAAAAAAAAAAAAAAAAAAAAAAAAAAAAAAAAAAAAA
AAAAAAAAAAAAAAAAAAAAAAAAAAAAAAAAAAAAAAAAAAAAAAAAAAAAAAAAAAAAAAAAAAAAAAAAAAAA
AAAAAAAAAAAAAAAAAAAAAAAAAAAAAAAAAAAAAAAAAAAAAAAAAAAAAAAAAAAAAAAAAAAAAAAAAAAA
AAAAAAAAAAAAAAAAAAAAAAAAAAAAAAAAAAAAAAAAAAAAAAAAAAAAAAAAAAAAAAAAAAAAAAAAAAAA
AAAAAAAAAAAAAAAAAAAAAAAAAAAAAAAAAAAAAAAAAAAAAAAAAAAAAAAAAAAAAAAAAAAAAAAAAAAA
AAAAAAAAAAAAAAAAAAAAAAAAAAAAAAAAAAAAAAAAAAAAAAAAAAAAAAAAAAAAAAAAAAAAAAAAAAAA
AAAAAAAAAAAAAAAAAAAAAAAAAAAAAAAAAAAAAAAAAAAAAAAAAAAAAAAAAAAAAAAAAAAAAAAAAAAA
AAAAAAAAAAAAAAAAAAAAAAAAAAAAAAAAAAAAAAAAAAAAAAAAAAAAAAAAAAAAAAAAAAAAAAAAAAAA
AAAAAAAAAAAAAAAAAAAAAAAAAAAAAAAAAAAAAAAAAAAAAAAAAAAAAAAAAAAAAAAAAAAAAAAAAAAA
AAAAAAAAAAAAAAAAAAAAAAAAAAAAAAAAAAAAAAAAAAAAAAAAAAAAAAAAAAAAAAAAAAAAAAAAAAAA
AAAAAAAAAAAAAAAAAAAAAAAAAAAAAAAAAAAAAAAAAAAAAAAAAAAAAAAAAAAAAAAAAAAAAAAAAAAA
AAAAAAAAAAAAAAAAAAAAAAAAAAAAAAAAAAAAAAAAAAAAAAAAAAAAAAAAAAAAAAAAAAAAAAAAAAAA
AAAAAAAAAAAAAAAAAAAAAAAAAAAAAAAAAAAAAAAAAAAAAAAAAAAAAAAAAAAAAAAAAAAAAAAAAAAA
AAAAAAAAAAAAAAAAAAAAAAAAAAAAAAAAAAAAAAAAAAAAAAAAAAAAAAAAAAAAAAAAAAAAAAAAAAAA
AAAAAAAAAAAAAAAAAAAAAAAAAAAAAAAAAAAAAAAAAAAAAAAAAAAAAAAAAAAAAAAAAAAAAAAAAAAA
AAAAAAAAAAAAAAAAAAAAAAAAAAAAAAAAAAAAAAAAAAAAAAAAAAAAAAAAAAAAAAAAAAAAAAAAAAAA
AAAAAAAAAAAAAAAAAAAAAAAAAAAAAAAAAAAAAAAAAAAAAAAAAAAAAAAAAAAAAAAAAAAAAAAAAAAA
AAAAAAAAAAAAAAAAAAAAAAAAAAAAAAAAAAAAAAAAAAAAAAAAAAAAAAAAAAAAAAAAAAAAAAAAAAAA
AAAAAAAAAAAAAAAAAAAAAAAAAAAAAAAAAAAAAAAAAAAAAAAAAAAAAAAAAAAAAAAAAAAAAAAAAAAA
AAAAAAAAAAAAAAAAAAAAAAAAAAAAAAAAAAAAAAAAAAAAAAAAAAAAAAAAAAAAAAAAAAAAAAAAAAAA
AAAAAAAAAAAAAAAAAAAAAAAAAAAAAAAAAAAAAAAAAAAAAAAAAAAAAAAAAAAAAAAAAAAAAAAAAAAA
AAAAAAAAAAAAAAAAAAAAAAAAAAAAAAAAAAAAAAAAAAAAAAAAAAAAAAAAAAAAAAAAAAAAAAAAAAAA
AAAAAAAAAAAAAAAAAAAAAAAAAAAAAAAAAAAAAAAAAAAAAAAAAAAAAAAAAAAAAAAAAAAAAAAAAAAA
AAAAAAAAAAAAAAAAAAAAAAAAAAAAAAAAAAAAAAAAAAAAAAAAAAAAAAAAAAAAAAAAAAAAAAAAAAAA
AAAAAAAAAAAAAAAAAAAAAAAAAAAAAAAAAAAAAAAAAAAAAAAAAAAAAAAAAAAAAAAAAAAAAAAAAAAA
AAAAAAAAAAAAAAAAAAAAAAAAAAAAAAAAAAAAAAAAAAAAAAAAAAAAAAAAAAAAAAAAAAAAAAAAAAAA
AAAAAAAAAAAAAAAAAAAAAAAAAAAAAAAAAAAAAAAAAAAAAAAAAAAAAAAAAAAAAAAAAAAAAAAAAAAA
AAAAAAAAAAAAAAAAAAAAAAAAAAAAAAAAAAAAAAAAAAAAAAAAAAAAAAAAAAAAAAAAAAAAAAAAAAAA
AAAAAAAAAAAAAAAAAAAAAAAAAAAAAAAAAAAAAAAAAAAAAAAAAAAAAAAAAAAAAAAAAAAAAAAAAAAA
AAAAAAAAAAAAAAAAAAAAAAAAAAAAAAAAAAAAAAAAAAAAAAAAAAAAAAAAAAAAAAAAAAAAAAAAAAAA
AAAAAAAAAAAAAAAAAAAAAAAAAAAAAAAAAAAAAAAAAAAAAAAAAAAAAAAAAAAAAAAAAAAAAAAAAAAA
AAAAAAAAAAAAAAAAAAAAAAAAAAAAAAAAAAAAAAAAAAAAAAAAAAAAAAAAAAAAAAAAAAAAAAAAAAAA
AAAAAAAAAAAAAAAAAAAAAAAAAAAAAAAAAAAAAAAAAAAAAAAAAAAAAAAAAAAAAAAAAAAAAAAAAAAA
AAAAAAAAAAAAAAAAAAAAAAAAAAAAAAAAAAAAAAAAAAAAAAAAAAAAAAAAAAAAAAAAAAAAAAAAAAAA
AAAAAAAAAAAAAAAAAAAAAAAAAAAAAAAAAAAAAAAAAAAAAAAAAAAAAAAAAAAAAAAAAAAAAAAAAAAA
AAAAAAAAAAAAAAAAAAAAAAAAAAAAAAAAAAAAAAAAAAAAAAAAAAAAAAAAAAAAAAAAAAAAAAAAAAAA
AAAAAAAAAAAAAAAAAAAAAAAAAAAAAAAAAAAAAAAAAAAAAAAAAAAAAAAAAAAAAAAAAAAAAAAAAAAA
AAAAAAAAAAAAAAAAAAAAAAAAAAAAAAAAAAAAAAAAAAAAAAAAAAAAAAAAAAAAAAAAAAAAAAAAAAAA
AAAAAAAAAAAAAAAAAAAAAAAAAAAAAAAAAAAAAAAAAAAAAAAAAAAAAAAAAAAAAAAAAAAAAAAAAAAA
AAAAAAAAAAAAAAAAAAAAAAAAAAAAAAAAAAAAAAAAAAAAAAAAAAAAAAAAAAAAAAAAAAAAAAAAAAAA
AAAAAAAAAAAAAAAAAAAAAAAAAAAAAAAAAAAAAAAAAAAAAAAAAAAAAAAAAAAAAAAAAAAAAAAAAAAA
AAAAAAAAAAAAAAAAAAAAAAAAAAAAAAAAAAAAAAAAAAAAAAAAAAAAAAAAAAAAAAAAAAAAAAAAAAAA
AAAAAAAAAAAAAAAAAAAAAAAAAAAAAAAAAAAAAAAAAAAAAAAAAAAAAAAAAAAAAAAAAAAAAAAAAAAA
AAAAAAAAAAAAAAAAAAAAAAAAAAAAAAAAAAAAAAAAAAAAAAAAAAAAAAAAAAAAAAAAAAAAAAAAAAAA
AAAAAAAAAAAAAAAAAAAAAAAAAAAAAAAAAAAAAAAAAAAAAAAAAAAAAAAAAAAAAAAAAAAAAAAAAAAA
AAAAAAAAAAAAAAAAAAAAAAAAAAAAAAAAAAAAAAAAAAAAAAAAAAAAAAAAAAAAAAAAAAAAAAAAAAAA
AAAAAAAAAAAAAAAAAAAAAAAAAAAAAAAAAAAAAAAAAAAAAAAAAAAAAAAAAAAAAAAAAAAAAAAAAAAA
AAAAAAAAAAAAAAAAAAAAAAAAAAAAAAAAAAAAAAAAAAAAAAAAAAAAAAAAAAAAAAAAAAAAAAAAAAAA
AAAAAAAAAAAAAAAAAAAAAAAAAAAAAAAAAAAAAAAAAAAAAAAAAAAAAAAAAAAAAAAAAAAAAAAAAAAA
AAAAAAAAAAAAAAAAAAAAAAAAAAAAAAAAAAAAAAAAAAAAAAAAAAAAAAAAAAAAAAAAAAAAAAAAAAAA
AAAAAAAAAAAAAAAAAAAAAAAAAAAAAAAAAAAAAAAAAAAAAAAAAAAAAAAAAAAAAAAAAAAAAAAAAAAA
AAAAAAAAAAAAAAAAAAAAAAAAAAAAAAAAAAAAAAAAAAAAAAAAAAAAAAAAAAAAAAAAAAAAAAAAAAAA
AAAAAAAAAAAAAAAAAAAAAAAAAAAAAAAAAAAAAAAAAAAAAAAAAAAAAAAAAAAAAAAAAAAAAAAAAAAA
AAAAAAAAAAAAAAAAAAAAAAAAAAAAAAAAAAAAAAAAAAAAAAAAAAAAAAAAAAAAAAAAAAAAAAAAAAAA
AAAAAAAAAAAAAAAAAAAAAAAAAAAAAAAAAAAAAAAAAAAAAAAAAAAAAAAAAAAAAAAAAAAAAAAAAAAA
AAAAAAAAAAAAAAAAAAAAAAAAAAAAAAAAAAAAAAAAAAAAAAAAAAAAAAAAAAAAAAAAAAAAAAAAAAAA
AAAAAAAAAAAAAAAAAAAAAAAAAAAAAAAAAAAAAAAAAAAAAAAAAAAAAAAAAAAAAAAAAAAAAAAAAAAA
AAAAAAAAAAAAAAAAAAAAAAAAAAAAAAAAAAAAAAAAAAAAAAAAAAAAAAAAAAAAAAAAAAAAAAAAAAAA
AAAAAAAAAAAAAAAAAAAAAAAAAAAAAAAAAAAAAAAAAAAAAAAAAAAAAAAAAAAAAAAAAAAAAAAAAAAA
AAAAAAAAAAAAAAAAAAAAAAAAAAAAAAAAAAAAAAAAAAAAAAAAAAAAAAAAAAAAAAAAAAAAAAAAAAAA
AAAAAAAAAAAAAAAAAAAAAAAAAAAAAAAAAAAAAAAAAAAAAAAAAAAAAAAAAAAAAAAAAAAAAAAAAAAA
AAAAAAAAAAAAAAAAAAAAAAAAAAAAAAAAAAAAAAAAAAAAAAAAAAAAAAAAAAAAAAAAAAAAAAAAAAAA
AAAAAAAAAAAAAAAAAAAAAAAAAAAAAAAAAAAAAAAAAAAAAAAAAAAAAAAAAAAAAAAAAAAAAAAAAAAA
AAAAAAAAAAAAAAAAAAAAAAAAAAAAAAAAAAAAAAAAAAAAAAAAAAAAAAAAAAAAAAAAAAAAAAAAAAAA
AAAAAAAAAAAAAAAAAAAAAAAAAAAAAAAAAAAAAAAAAAAAAAAAAAAAAAAAAAAAAAAAAAAAAAAAAAAA
AAAAAAAAAAAAAAAAAAAAAAAAAAAAAAAAAAAAAAAAAAAAAAAAAAAAAAAAAAAAAAAAAAAAAAAAAAAA
AAAAAAAAAAAAAAAAAAAAAAAAAAAAAAAAAAAAAAAAAAAAAAAAAAAAAAAAAAAAAAAAAAAAAAAAAAAA
AAAAAAAAAAAAAAAAAAAAAAAAAAAAAAAAAAAAAAAAAAAAAAAAAAAAAAAAAAAAAAAAAAAAAAAAAAAA
AAAAAAAAAAAAAAAAAAAAAAAAAAAAAAAAAAAAAAAAAAAAAAAAAAAAAAAAAAAAAAAAAAAAAAAAAAAA
AAAAAAAAAAAAAAAAAAAAAAAAAAAAAAAAAAAAAAAAAAAAAAAAAAAAAAAAAAAAAAAAAAAAAAAAAAAA
AAAAAAAAAAAAAAAAAAAAAAAAAAAAAAAAAAAAAAAAAAAAAAAAAAAAAAAAAAAAAAAAAAAAAAAAAAAA
AAAAAAAAAAAAAAAAAAAAAAAAAAAAAAAAAAAAAAAAAAAAAAAAAAAAAAAAAAAAAAAAAAAAAAAAAAAA
AAAAAAAAAAAAAAAAAAAAAAAAAAAAAAAAAAAAAAAAAAAAAAAAAAAAAAAAAAAAAAAAAAAAAAAAAAAA
AAAAAAAAAAAAAAAAAAAAAAAAAAAAAAAAAAAAAAAAAAAAAAAAAAAAAAAAAAAAAAAAAAAAAAAAAAAA
AAAAAAAAAAAAAAAAAAAAAAAAAAAAAAAAAAAAAAAAAAAAAAAAAAAAAAAAAAAAAAAAAAAAAAAAAAAA
AAAAAAAAAAAAAAAAAAAAAAAAAAAAAAAAAAAAAAAAAAAAAAAAAAAAAAAAAAAAAAAAAAAAAAAAAAAA
AAAAAAAAAAAAAAAAAAAAAAAAAAAAAAAAAAAAAAAAAAAAAAAAAAAAAAAAAAAAAAAAAAAAAAAAAAAA
AAAAAAAAAAAAAAAAAAAAAAAAAAAAAAAAAAAAAAAAAAAAAAAAAAAAAAAAAAAAAAAAAAAAAAAAAAAA
AAAAAAAAAAAAAAAAAAAAAAAAAAAAAAAAAAAAAAAAAAAAAAAAAAAAAAAAAAAAAAAAAAAAAAAAAAAA
AAAAAAAAAAAAAAAAAAAAAAAAAAAAAAAAAAAAAAAAAAAAAAAAAAAAAAAAAAAAAAAAAAAAAAAAAAAA
AAAAAAAAAAAAAAAAAAAAAAAAAAAAAAAAAAAAAAAAAAAAAAAAAAAAAAAAAAAAAAAAAAAAAAAAAAAA
AAAAAAAAAAAAAAAAAAAAAAAAAAAAAAAAAAAAAAAAAAAAAAAAAAAAAAAAAAAAAAAAAAAAAAAAAAAA
AAAAAAAAAAAAAAAAAAAAAAAAAAAAAAAAAAAAAAAAAAAAAAAAAAAAAAAAAAAAAAAAAAAAAAAAAAAA
AAAAAAAAAAAAAAAAAAAAAAAAAAAAAAAAAAAAAAAAAAAAAAAAAAAAAAAAAAAAAAAAAAAAAAAAAAAA
AAAAAAAAAAAAAAAAAAAAAAAAAAAAAAAAAAAAAAAAAAAAAAAAAAAAAAAAAAAAAAAAAAAAAAAAAAAA
AAAAAAAAAAAAAAAAAAAAAAAAAAAAAAAAAAAAAAAAAAAAAAAAAAAAAAAAAAAAAAAAAAAAAAAAAAAA
AAAAAAAAAAAAAAAAAAAAAAAAAAAAAAAAAAAAAAAAAAAAAAAAAAAAAAAAAAAAAAAAAAAAAAAAAAAA
AAAAAAAAAAAAAAAAAAAAAAAAAAAAAAAAAAAAAAAAAAAAAAAAAAAAAAAAAAAAAAAAAAAAAAAAAAAA
AAAAAAAAAAAAAAAAAAAAAAAAAAAAAAAAAAAAAAAAAAAAAAAAAAAAAAAAAAAAAAAAAAAAAAAAAAAA
AAAAAAAAAAAAAAAAAAAAAAAAAAAAAAAAAAAAAAAAAAAAAAAAAAAAAAAAAAAAAAAAAAAAAAAAAAAA
AAAAAAAAAAAAAAAAAAAAAAAAAAAAAAAAAAAAAAAAAAAAAAAAAAAAAAAAAAAAAAAAAAAAAAAAAAAA
AAAAAAAAAAAAAAAAAAAAAAAAAAAAAAAAAAAAAAAAAAAAAAAAAAAAAAAAAAAAAAAAAAAAAAAAAAAA
AAAAAAAAAAAAAAAAAAAAAAAAAAAAAAAAAAAAAAAAAAAAAAAAAAAAAAAAAAAAAAAAAAAAAAAAAAAA
AAAAAAAAAAAAAAAAAAAAAAAAAAAAAAAAAAAAAAAAAAAAAAAAAAAAAAAAAAAAAAAAAAAAAAAAAAAA
AAAAAAAAAAAAAAAAAAAAAAAAAAAAAAAAAAAAAAAAAAAAAAAAAAAAAAAAAAAAAAAAAAAAAAAAAAAA
AAAAAAAAAAAAAAAAAAAAAAAAAAAAAAAAAAAAAAAAAAAAAAAAAAAAAAAAAAAAAAAAAAAAAAAAAAAA
AAAAAAAAAAAAAAAAAAAAAAAAAAAAAAAAAAAAAAAAAAAAAAAAAAAAAAAAAAAAAAAAAAAAAAAAAAAA
AAAAAAAAAAAAAAAAAAAAAAAAAAAAAAAAAAAAAAAAAAAAAAAAAAAAAAAAAAAAAAAAAAAAAAAAAAAA
AAAAAAAAAAAAAAAAAAAAAAAAAAAAAAAAAAAAAAAAAAAAAAAAAAAAAAAAAAAAAAAAAAAAAAAAAAAA
AAAAAAAAAAAAAAAAAAAAAAAAAAAAAAAAAAAAAAAAAAAAAAAAAAAAAAAAAAAAAAAAAAAAAAAAAAAA
AAAAAAAAAAAAAAAAAAAAAAAAAAAAAAAAAAAAAAAAAAAAAAAAAAAAAAAAAAAAAAAAAAAAAAAAAAAA
AAAAAAAAAAAAAAAAAAAAAAAAAAAAAAAAAAAAAAAAAAAAAAAAAAAAAAAAAAAAAAAAAAAAAAAAAAAA
AAAAAAAAAAAAAAAAAAAAAAAAAAAAAAAAAAAAAAAAAAAAAAAAAAAAAAAAAAAAAAAAAAAAAAAAAAAA
AAAAAAAAAAAAAAAAAAAAAAAAAAAAAAAAAAAAAAAAAAAAAAAAAAAAAAAAAAAAAAAAAAAAAAAAAAAA
AAAAAAAAAAAAAAAAAAAAAAAAAAAAAAAAAAAAAAAAAAAAAAAAAAAAAAAAAAAAAAAAAAAAAAAAAAAA
AAAAAAAAAAAAAAAAAAAAAAAAAAAAAAAAAAAAAAAAAAAAAAAAAAAAAAAAAAAAAAAAAAAAAAAAAAAA
AAAAAAAAAAAAAAAAAAAAAAAAAAAAAAAAAAAAAAAAAAAAAAAAAAAAAAAAAAAAAAAAAAAAAAAAAAAA
AAAAAAAAAAAAAAAAAAAAAAAAAAAAAAAAAAAAAAAAAAAAAAAAAAAAAAAAAAAAAAAAAAAAAAAAAAAA
AAAAAAAAAAAAAAAAAAAAAAAAAAAAAAAAAAAAAAAAAAAAAAAAAAAAAAAAAAAAAAAAAAAAAAAAAAAA
AAAAAAAAAAAAAAAAAAAAAAAAAAAAAAAAAAAAAAAAAAAAAAAAAAAAAAAAAAAAAAAAAAAAAAAAAAAA
AAAAAAAAAAAAAAAAAAAAAAAAAAAAAAAAAAAAAAAAAAAAAAAAAAAAAAAAAAAAAAAAAAAAAAAAAAAA
AAAAAAAAAAAAAAAAAAAAAAAAAAAAAAAAAAAAAAAAAAAAAAAAAAAAAAAAAAAAAAAAAAAAAAAAAAAA
AAAAAAAAAAAAAAAAAAAAAAAAAAAAAAAAAAAAAAAAAAAAAAAAAAAAAAAAAAAAAAAAAAAAAAAAAAAA
AAAAAAAAAAAAAAAAAAAAAAAAAAAAAAAAAAAAAAAAAAAAAAAAAAAAAAAAAAAAAAAAAAAAAAAAAAAA
AAAAAAAAAAAAAAAAAAAAAAAAAAAAAAAAAAAAAAAAAAAAAAAAAAAAAAAAAAAAAAAAAAAAAAAAAAAA
AAAAAAAAAAAAAAAAAAAAAAAAAAAAAAAAAAAAAAAAAAAAAAAAAAAAAAAAAAAAAAAAAAAAAAAAAAAA
AAAAAAAAAAAAAAAAAAAAAAAAAAAAAAAAAAAAAAAAAAAAAAAAAAAAAAAAAAAAAAAAAAAAAAAAAAAA
AAAAAAAAAAAAAAAAAAAAAAAAAAAAAAAAAAAAAAAAAAAAAAAAAAAAAAAAAAAAAAAAAAAAAAAAAAAA
AAAAAAAAAAAAAAAAAAAAAAAAAAAAAAAAAAAAAAAAAAAAAAAAAAAAAAAAAAAAAAAAAAAAAAAAAAAA
AAAAAAAAAAAAAAAAAAAAAAAAAAAAAAAAAAAAAAAAAAAAAAAAAAAAAAAAAAAAAAAAAAAAAAAAAAAA
AAAAAAAAAAAAAAAAAAAAAAAAAAAAAAAAAAAAAAAAAAAAAAAAAAAAAAAAAAAAAAAAAAAAAAAAAAAA
AAAAAAAAAAAAAAAAAAAAAAAAAAAAAAAAAAAAAAAAAAAAAAAAAAAAAAAAAAAAAAAAAAAAAAAAAAAA
AAAAAAAAAAAAAAAAAAAAAAAAAAAAAAAAAAAAAAAAAAAAAAAAAAAAAAAAAAAAAAAAAAAAAAAAAAAA
AAAAAAAAAAAAAAAAAAAAAAAAAAAAAAAAAAAAAAAAAAAAAAAAAAAAAAAAAAAAAAAAAAAAAAAAAAAA
AAAAAAAAAAAAAAAAAAAAAAAAAAAAAAAAAAAAAAAAAAAAAAAAAAAAAAAAAAAAAAAAAAAAAAAAAAAA
AAAAAAAAAAAAAAAAAAAAAAAAAAAAAAAAAAAAAAAAAAAAAAAAAAAAAAAAAAAAAAAAAAAAAAAAAAAA
AAAAAAAAAAAAAAAAAAAAAAAAAAAAAAAAAAAAAAAAAAAAAAAAAAAAAAAAAAAAAAAAAAAAAAAAAAAA
AAAAAAAAAAAAAAAAAAAAAAAAAAAAAAAAAAAAAAAAAAAAAAAAAAAAAAAAAAAAAAAAAAAAAAAAAAAA
AAAAAAAAAAAAAAAAAAAAAAAAAAAAAAAAAAAAAAAAAAAAAAAAAAAAAAAAAAAAAAAAAAAAAAAAAAAA
AAAAAAAAAAAAAAAAAAAAAAAAAAAAAAAAAAAAAAAAAAAAAAAAAAAAAAAAAAAAAAAAAAAAAAAAAAAA
AAAAAAAAAAAAAAAAAAAAAAAAAAAAAAAAAAAAAAAAAAAAAAAAAAAAAAAAAAAAAAAAAAAAAAAAAAAA
AAAAAAAAAAAAAAAAAAAAAAAAAAAAAAAAAAAAAAAAAAAAAAAAAAAAAAAAAAAAAAAAAAAAAAAAAAAA
AAAAAAAAAAAAAAAAAAAAAAAAAAAAAAAAAAAAAAAAAAAAAAAAAAAAAAAAAAAAAAAAAAAAAAAAAAAA
AAAAAAAAAAAAAAAAAAAAAAAAAAAAAAAAAAAAAAAAAAAAAAAAAAAAAAAAAAAAAAAAAAAAAAAAAAAA
AAAAAAAAAAAAAAAAAAAAAAAAAAAAAAAAAAAAAAAAAAAAAAAAAAAAAAAAAAAAAAAAAAAAAAAAAAAA
AAAAAAAAAAAAAAAAAAAAAAAAAAAAAAAAAAAAAAAAAAAAAAAAAAAAAAAAAAAAAAAAAAAAAAAAAAAA
AAAAAAAAAAAAAAAAAAAAAAAAAAAAAAAAAAAAAAAAAAAAAAAAAAAAAAAAAAAAAAAAAAAAAAAAAAAA
AAAAAAAAAAAAAAAAAAAAAAAAAAAAAAAAAAAAAAAAAAAAAAAAAAAAAAAAAAAAAAAAAAAAAAAAAAAA
AAAAAAAAAAAAAAAAAAAAAAAAAAAAAAAAAAAAAAAAAAAAAAAAAAAAAAAAAAAAAAAAAAAAAAAAAAAA
AAAAAAAAAAAAAAAAAAAAAAAAAAAAAAAAAAAAAAAAAAAAAAAAAAAAAAAAAAAAAAAAAAAAAAAAAAAA
AAAAAAAAAAAAAAAAAAAAAAAAAAAAAAAAAAAAAAAAAAAAAAAAAAAAAAAAAAAAAAAAAAAAAAAAAAAA
AAAAAAAAAAAAAAAAAAAAAAAAAAAAAAAAAAAAAAAAAAAAAAAAAAAAAAAAAAAAAAAAAAAAAAAAAAAA
AAAAAAAAAAAAAAAAAAAAAAAAAAAAAAAAAAAAAAAAAAAAAAAAAAAAAAAAAAAAAAAAAAAAAAAAAAAA
AAAAAAAAAAAAAAAAAAAAAAAAAAAAAAAAAAAAAAAAAAAAAAAAAAAAAAAAAAAAAAAAAAAAAAAAAAAA
AAAAAAAAAAAAAAAAAAAAAAAAAAAAAAAAAAAAAAAAAAAAAAAAAAAAAAAAAAAAAAAAAAAAAAAAAAAA
AAAAAAAAAAAAAAAAAAAAAAAAAAAAAAAAAAAAAAAAAAAAAAAAAAAAAAAAAAAAAAAAAAAAAAAAAAAA
AAAAAAAAAAAAAAAAAAAAAAAAAAAAAAAAAAAAAAAAAAAAAAAAAAAAAAAAAAAAAAAAAAAAAAAAAAAA
AAAAAAAAAAAAAAAAAAAAAAAAAAAAAAAAAAAAAAAAAAAAAAAAAAAAAAAAAAAAAAAAAAAAAAAAAAAA
AAAAAAAAAAAAAAAAAAAAAAAAAAAAAAAAAAAAAAAAAAAAAAAAAAAAAAAAAAAAAAAAAAAAAAAAAAAA
AAAAAAAAAAAAAAAAAAAAAAAAAAAAAAAAAAAAAAAAAAAAAAAAAAAAAAAAAAAAAAAAAAAAAAAAAAAA
AAAAAAAAAAAAAAAAAAAAAAAAAAAAAAAAAAAAAAAAAAAAAAAAAAAAAAAAAAAAAAAAAAAAAAAAAAAA
AAAAAAAAAAAAAAAAAAAAAAAAAAAAAAAAAAAAAAAAAAAAAAAAAAAAAAAAAAAAAAAAAAAAAAAAAAAA
AAAAAAAAAAAAAAAAAAAAAAAAAAAAAAAAAAAAAAAAAAAAAAAAAAAAAAAAAAAAAAAAAAAAAAAAAAAA
AAAAAAAAAAAAAAAAAAAAAAAAAAAAAAAAAAAAAAAAAAAAAAAAAAAAAAAAAAAAAAAAAAAAAAAAAAAA
AAAAAAAAAAAAAAAAAAAAAAAAAAAAAAAAAAAAAAAAAAAAAAAAAAAAAAAAAAAAAAAAAAAAAAAAAAAA
AAAAAAAAAAAAAAAAAAAAAAAAAAAAAAAAAAAAAAAAAAAAAAAAAAAAAAAAAAAAAAAAAAAAAAAAAAAA
AAAAAAAAAAAAAAAAAAAAAAAAAAAAAAAAAAAAAAAAAAAAAAAAAAAAAAAAAAAAAAAAAAAAAAAAAAAA
AAAAAAAAAAAAAAAAAAAAAAAAAAAAAAAAAAAAAAAAAAAAAAAAAAAAAAAAAAAAAAAAAAAAAAAAAAAA
AAAAAAAAAAAAAAAAAAAAAAAAAAAAAAAAAAAAAAAAAAAAAAAAAAAAAAAAAAAAAAAAAAAAAAAAAAAA
AAAAAAAAAAAAAAAAAAAAAAAAAAAAAAAAAAAAAAAAAAAAAAAAAAAAAAAAAAAAAAAAAAAAAAAAAAAA
AAAAAAAAAAAAAAAAAAAAAAAAAAAAAAAAAAAAAAAAAAAAAAAAAAAAAAAAAAAAAAAAAAAAAAAAAAAA
AAAAAAAAAAAAAAAAAAAAAAAAAAAAAAAAAAAAAAAAAAAAAAAAAAAAAAAAAAAAAAAAAAAAAAAAAAAA
AAAAAAAAAAAAAAAAAAAAAAAAAAAAAAAAAAAAAAAAAAAAAAAAAAAAAAAAAAAAAAAAAAAAAAAAAAAA
AAAAAAAAAAAAAAAAAAAAAAAAAAAAAAAAAAAAAAAAAAAAAAAAAAAAAAAAAAAAAAAAAAAAAAAAAAAA
AAAAAAAAAAAAAAAAAAAAAAAAAAAAAAAAAAAAAAAAAAAAAAAAAAAAAAAAAAAAAAAAAAAAAAAAAAAA
AAAAAAAAAAAAAAAAAAAAAAAAAAAAAAAAAAAAAAAAAAAAAAAAAAAAAAAAAAAAAAAAAAAAAAAAAAAA
AAAAAAAAAAAAAAAAAAAAAAAAAAAAAAAAAAAAAAAAAAAAAAAAAAAAAAAAAAAAAAAAAAAAAAAAAAAA
AAAAAAAAAAAAAAAAAAAAAAAAAAAAAAAAAAAAAAAAAAAAAAAAAAAAAAAAAAAAAAAAAAAAAAAAAAAA
AAAAAAAAAAAAAAAAAAAAAAAAAAAAAAAAAAAAAAAAAAAAAAAAAAAAAAAAAAAAAAAAAAAAAAAAAAAA
AAAAAAAAAAAAAAAAAAAAAAAAAAAAAAAAAAAAAAAAAAAAAAAAAAAAAAAAAAAAAAAAAAAAAAAAAAAA
AAAAAAAAAAAAAAAAAAAAAAAAAAAAAAAAAAAAAAAAAAAAAAAAAAAAAAAAAAAAAAAAAAAAAAAAAAAA
AAAAAAAAAAAAAAAAAAAAAAAAAAAAAAAAAAAAAAAAAAAAAAAAAAAAAAAAAAAAAAAAAAAAAAAAAAAA
AAAAAAAAAAAAAAAAAAAAAAAAAAAAAAAAAAAAAAAAAAAAAAAAAAAAAAAAAAAAAAAAAAAAAAAAAAAA
AAAAAAAAAAAAAAAAAAAAAAAAAAAAAAAAAAAAAAAAAAAAAAAAAAAAAAAAAAAAAAAAAAAAAAAAAAAA
AAAAAAAAAAAAAAAAAAAAAAAAAAAAAAAAAAAAAAAAAAAAAAAAAAAAAAAAAAAAAAAAAAAAAAAAAAAA
AAAAAAAAAAAAAAAAAAAAAAAAAAAAAAAAAAAAAAAAAAAAAAAAAAAAAAAAAAAAAAAAAAAAAAAAAAAA
AAAAAAAAAAAAAAAAAAAAAAAAAAAAAAAAAAAAAAAAAAAAAAAAAAAAAAAAAAAAAAAAAAAAAAAAAAAA
AAAAAAAAAAAAAAAAAAAAAAAAAAAAAAAAAAAAAAAAAAAAAAAAAAAAAAAAAAAAAAAAAAAAAAAAAAAA
AAAAAAAAAAAAAAAAAAAAAAAAAAAAAAAAAAAAAAAAAAAAAAAAAAAAAAAAAAAAAAAAAAAAAAAAAAAA
AAAAAAAAAAAAAAAAAAAAAAAAAAAAAAAAAAAAAAAAAAAAAAAAAAAAAAAAAAAAAAAAAAAAAAAAAAAA
AAAAAAAAAAAAAAAAAAAAAAAAAAAAAAAAAAAAAAAAAAAAAAAAAAAAAAAAAAAAAAAAAAAAAAAAAAAA
AAAAAAAAAAAAAAAAAAAAAAAAAAAAAAAAAAAAAAAAAAAAAAAAAAAAAAAAAAAAAAAAAAAAAAAAAAAA
AAAAAAAAAAAAAAAAAAAAAAAAAAAAAAAAAAAAAAAAAAAAAAAAAAAAAAAAAAAAAAAAAAAAAAAAAAAA
AAAAAAAAAAAAAAAAAAAAAAAAAAAAAAAAAAAAAAAAAAAAAAAAAAAAAAAAAAAAAAAAAAAAAAAAAAAA
AAAAAAAAAAAAAAAAAAAAAAAAAAAAAAAAAAAAAAAAAAAAAAAAAAAAAAAAAAAAAAAAAAAAAAAAAAAA
AAAAAAAAAAAAAAAAAAAAAAAAAAAAAAAAAAAAAAAAAAAAAAAAAAAAAAAAAAAAAAAAAAAAAAAAAAAA
AAAAAAAAAAAAAAAAAAAAAAAAAAAAAAAAAAAAAAAAAAAAAAAAAAAAAAAAAAAAAAAAAAAAAAAAAAAA
AAAAAAAAAAAAAAAAAAAAAAAAAAAAAAAAAAAAAAAAAAAAAAAAAAAAAAAAAAAAAAAAAAAAAAAAAAAA
AAAAAAAAAAAAAAAAAAAAAAAAAAAAAAAAAAAAAAAAAAAAAAAAAAAAAAAAAAAAAAAAAAAAAAAAAAAA
AAAAAAAAAAAAAAAAAAAAAAAAAAAAAAAAAAAAAAAAAAAAAAAAAAAAAAAAAAAAAAAAAAAAAAAAAAAA
AAAAAAAAAAAAAAAAAAAAAAAAAAAAAAAAAAAAAAAAAAAAAAAAAAAAAAAAAAAAAAAAAAAAAAAAAAAA
AAAAAAAAAAAAAAAAAAAAAAAAAAAAAAAAAAAAAAAAAAAAAAAAAAAAAAAAAAAAAAAAAAAAAAAAAAAA
AAAAAAAAAAAAAAAAAAAAAAAAAAAAAAAAAAAAAAAAAAAAAAAAAAAAAAAAAAAAAAAAAAAAAAAAAAAA
AAAAAAAAAAAAAAAAAAAAAAAAAAAAAAAAAAAAAAAAAAAAAAAAAAAAAAAAAAAAAAAAAAAAAAAAAAAA
AAAAAAAAAAAAAAAAAAAAAAAAAAAAAAAAAAAAAAAAAAAAAAAAAAAAAAAAAAAAAAAAAAAAAAAAAAAA
AAAAAAAAAAAAAAAAAAAAAAAAAAAAAAAAAAAAAAAAAAAAAAAAAAAAAAAAAAAAAAAAAAAAAAAAAAAA
AAAAAAAAAAAAAAAAAAAAAAAAAAAAAAAAAAAAAAAAAAAAAAAAAAAAAAAAAAAAAAAAAAAAAAAAAAAA
AAAAAAAAAAAAAAAAAAAAAAAAAAAAAAAAAAAAAAAAAAAAAAAAAAAAAAAAAAAAAAAAAAAAAAAAAAAA
AAAAAAAAAAAAAAAAAAAAAAAAAAAAAAAAAAAAAAAAAAAAAAAAAAAAAAAAAAAAAAAAAAAAAAAAAAAA
AAAAAAAAAAAAAAAAAAAAAAAAAAAAAAAAAAAAAAAAAAAAAAAAAAAAAAAAAAAAAAAAAAAAAAAAAAAA
AAAAAAAAAAAAAAAAAAAAAAAAAAAAAAAAAAAAAAAAAAAAAAAAAAAAAAAAAAAAAAAAAAAAAAAAAAAA
AAAAAAAAAAAAAAAAAAAAAAAAAAAAAAAAAAAAAAAAAAAAAAAAAAAAAAAAAAAAAAAAAAAAAAAAAAAA
AAAAAAAAAAAAAAAAAAAAAAAAAAAAAAAAAAAAAAAAAAAAAAAAAAAAAAAAAAAAAAAAAAAAAAAAAAAA
AAAAAAAAAAAAAAAAAAAAAAAAAAAAAAAAAAAAAAAAAAAAAAAAAAAAAAAAAAAAAAAAAAAAAAAAAAAA
AAAAAAAAAAAAAAAAAAAAAAAAAAAAAAAAAAAAAAAAAAAAAAAAAAAAAAAAAAAAAAAAAAAAAAAAAAAA
AAAAAAAAAAAAAAAAAAAAAAAAAAAAAAAAAAAAAAAAAAAAAAAAAAAAAAAAAAAAAAAAAAAAAAAAAAAA
AAAAAAAAAAAAAAAAAAAAAAAAAAAAAAAAAAAAAAAAAAAAAAAAAAAAAAAAAAAAAAAAAAAAAAAAAAAA
AAAAAAAAAAAAAAAAAAAAAAAAAAAAAAAAAAAAAAAAAAAAAAAAAAAAAAAAAAAAAAAAAAAAAAAAAAAA
AAAAAAAAAAAAAAAAAAAAAAAAAAAAAAAAAAAAAAAAAAAAAAAAAAAAAAAAAAAAAAAAAAAAAAAAAAAA
AAAAAAAAAAAAAAAAAAAAAAAAAAAAAAAAAAAAAAAAAAAAAAAAAAAAAAAAAAAAAAAAAAAAAAAAAAAA
AAAAAAAAAAAAAAAAAAAAAAAAAAAAAAAAAAAAAAAAAAAAAAAAAAAAAAAAAAAAAAAAAAAAAAAAAAAA
AAAAAAAAAAAAAAAAAAAAAAAAAAAAAAAAAAAAAAAAAAAAAAAAAAAAAAAAAAAAAAAAAAAAAAAAAAAA
AAAAAAAAAAAAAAAAAAAAAAAAAAAAAAAAAAAAAAAAAAAAAAAAAAAAAAAAAAAAAAAAAAAAAAAAAAAA
AAAAAAAAAAAAAAAAAAAAAAAAAAAAAAAAAAAAAAAAAAAAAAAAAAAAAAAAAAAAAAAAAAAAAAAAAAAA
AAAAAAAAAAAAAAAAAAAAAAAAAAAAAAAAAAAAAAAAAAAAAAAAAAAAAAAAAAAAAAAAAAAAAAAAAAAA
AAAAAAAAAAAAAAAAAAAAAAAAAAAAAAAAAAAAAAAAAAAAAAAAAAAAAAAAAAAAAAAAAAAAAAAAAAAA
AAAAAAAAAAAAAAAAAAAAAAAAAAAAAAAAAAAAAAAAAAAAAAAAAAAAAAAAAAAAAAAAAAAAAAAAAAAA
AAAAAAAAAAAAAAAAAAAAAAAAAAAAAAAAAAAAAAAAAAAAAAAAAAAAAAAAAAAAAAAAAAAAAAAAAAAA
AAAAAAAAAAAAAAAAAAAAAAAAAAAAAAAAAAAAAAAAAAAAAAAAAAAAAAAAAAAAAAAAAAAAAAAAAAAA
AAAAAAAAAAAAAAAAAAAAAAAAAAAAAAAAAAAAAAAAAAAAAAAAAAAAAAAAAAAAAAAAAAAAAAAAAAAA
AAAAAAAAAAAAAAAAAAAAAAAAAAAAAAAAAAAAAAAAAAAAAAAAAAAAAAAAAAAAAAAAAAAAAAAAAAAA
AAAAAAAAAAAAAAAAAAAAAAAAAAAAAAAAAAAAAAAAAAAAAAAAAAAAAAAAAAAAAAAAAAAAAAAAAAAA
AAAAAAAAAAAAAAAAAAAAAAAAAAAAAAAAAAAAAAAAAAAAAAAAAAAAAAAAAAAAAAAAAAAAAAAAAAAA
AAAAAAAAAAAAAAAAAAAAAAAAAAAAAAAAAAAAAAAAAAAAAAAAAAAAAAAAAAAAAAAAAAAAAAAAAAAA
AAAAAAAAAAAAAAAAAAAAAAAAAAAAAAAAAAAAAAAAAAAAAAAAAAAAAAAAAAAAAAAAAAAAAAAAAAAA
AAAAAAAAAAAAAAAAAAAAAAAAAAAAAAAAAAAAAAAAAAAAAAAAAAAAAAAAAAAAAAAAAAAAAAAAAAAA
AAAAAAAAAAAAAAAAAAAAAAAAAAAAAAAAAAAAAAAAAAAAAAAAAAAAAAAAAAAAAAAAAAAAAAAAAAAA
AAAAAAAAAAAAAAAAAAAAAAAAAAAAAAAAAAAAAAAAAAAAAAAAAAAAAAAAAAAAAAAAAAAAAAAAAAAA
AAAAAAAAAAAAAAAAAAAAAAAAAAAAAAAAAAAAAAAAAAAAAAAAAAAAAAAAAAAAAAAAAAAAAAAAAAAA
AAAAAAAAAAAAAAAAAAAAAAAAAAAAAAAAAAAAAAAAAAAAAAAAAAAAAAAAAAAAAAAAAAAAAAAAAAAA
AAAAAAAAAAAAAAAAAAAAAAAAAAAAAAAAAAAAAAAAAAAAAAAAAAAAAAAAAAAAAAAAAAAAAAAAAAAA
AAAAAAAAAAAAAAAAAAAAAAAAAAAAAAAAAAAAAAAAAAAAAAAAAAAAAAAAAAAAAAAAAAAAAAAAAAAA
AAAAAAAAAAAAAAAAAAAAAAAAAAAAAAAAAAAAAAAAAAAAAAAAAAAAAAAAAAAAAAAAAAAAAAAAAAAA
AAAAAAAAAAAAAAAAAAAAAAAAAAAAAAAAAAAAAAAAAAAAAAAAAAAAAAAAAAAAAAAAAAAAAAAAAAAA
AAAAAAAAAAAAAAAAAAAAAAAAAAAAAAAAAAAAAAAAAAAAAAAAAAAAAAAAAAAAAAAAAAAAAAAAAAAA
AAAAAAAAAAAAAAAAAAAAAAAAAAAAAAAAAAAAAAAAAAAAAAAAAAAAAAAAAAAAAAAAAAAAAAAAAAAA
AAAAAAAAAAAAAAAAAAAAAAAAAAAAAAAAAAAAAAAAAAAAAAAAAAAAAAAAAAAAAAAAAAAAAAAAAAAA
AAAAAAAAAAAAAAAAAAAAAAAAAAAAAAAAAAAAAAAAAAAAAAAAAAAAAAAAAAAAAAAAAAAAAAAAAAAA
AAAAAAAAAAAAAAAAAAAAAAAAAAAAAAAAAAAAAAAAAAAAAAAAAAAAAAAAAAAAAAAAAAAAAAAAAAAA
AAAAAAAAAAAAAAAAAAAAAAAAAAAAAAAAAAAAAAAAAAAAAAAAAAAAAAAAAAAAAAAAAAAAAAAAAAAA
AAAAAAAAAAAAAAAAAAAAAAAAAAAAAAAAAAAAAAAAAAAAAAAAAAAAAAAAAAAAAAAAAAAAAAAAAAAA
AAAAAAAAAAAAAAAAAAAAAAAAAAAAAAAAAAAAAAAAAAAAAAAAAAAAAAAAAAAAAAAAAAAAAAAAAAAA
AAAAAAAAAAAAAAAAAAAAAAAAAAAAAAAAAAAAAAAAAAAAAAAAAAAAAAAAAAAAAAAAAAAAAAAAAAAA
AAAAAAAAAAAAAAAAAAAAAAAAAAAAAAAAAAAAAAAAAAAAAAAAAAAAAAAAAAAAAAAAAAAAAAAAAAAA
AAAAAAAAAAAAAAAAAAAAAAAAAAAAAAAAAAAAAAAAAAAAAAAAAAAAAAAAAAAAAAAAAAAAAAAAAAAA
AAAAAAAAAAAAAAAAAAAAAAAAAAAAAAAAAAAAAAAAAAAAAAAAAAAAAAAAAAAAAAAAAAAAAAAAAAAA
AAAAAAAAAAAAAAAAAAAAAAAAAAAAAAAAAAAAAAAAAAAAAAAAAAAAAAAAAAAAAAAAAAAAAAAAAAAA
AAAAAAAAAAAAAAAAAAAAAAAAAAAAAAAAAAAAAAAAAAAAAAAAAAAAAAAAAAAAAAAAAAAAAAAAAAAA
AAAAAAAAAAAAAAAAAAAAAAAAAAAAAAAAAAAAAAAAAAAAAAAAAAAAAAAAAAAAAAAAAAAAAAAAAAAA
AAAAAAAAAAAAAAAAAAAAAAAAAAAAAAAAAAAAAAAAAAAAAAAAAAAAAAAAAAAAAAAAAAAAAAAAAAAA
AAAAAAAAAAAAAAAAAAAAAAAAAAAAAAAAAAAAAAAAAAAAAAAAAAAAAAAAAAAAAAAAAAAAAAAAAAAA
AAAAAAAAAAAAAAAAAAAAAAAAAAAAAAAAAAAAAAAAAAAAAAAAAAAAAAAAAAAAAAAAAAAAAAAAAAAA
AAAAAAAAAAAAAAAAAAAAAAAAAAAAAAAAAAAAAAAAAAAAAAAAAAAAAAAAAAAAAAAAAAAAAAAAAAAA
AAAAAAAAAAAAAAAAAAAAAAAAAAAAAAAAAAAAAAAAAAAAAAAAAAAAAAAAAAAAAAAAAAAAAAAAAAAA
AAAAAAAAAAAAAAAAAAAAAAAAAAAAAAAAAAAAAAAAAAAAAAAAAAAAAAAAAAAAAAAAAAAAAAAAAAAA
AAAAAAAAAAAAAAAAAAAAAAAAAAAAAAAAAAAAAAAAAAAAAAAAAAAAAAAAAAAAAAAAAAAAAAAAAAAA
AAAAAAAAAAAAAAAAAAAAAAAAAAAAAAAAAAAAAAAAAAAAAAAAAAAAAAAAAAAAAAAAAAAAAAAAAAAA
AAAAAAAAAAAAAAAAAAAAAAAAAAAAAAAAAAAAAAAAAAAAAAAAAAAAAAAAAAAAAAAAAAAAAAAAAAAA
AAAAAAAAAAAAAAAAAAAAAAAAAAAAAAAAAAAAAAAAAAAAAAAAAAAAAAAAAAAAAAAAAAAAAAAAAAAA
AAAAAAAAAAAAAAAAAAAAAAAAAAAAAAAAAAAAAAAAAAAAAAAAAAAAAAAAAAAAAAAAAAAAAAAAAAAA
AAAAAAAAAAAAAAAAAAAAAAAAAAAAAAAAAAAAAAAAAAAAAAAAAAAAAAAAAAAAAAAAAAAAAAAAAAAA
AAAAAAAAAAAAAAAAAAAAAAAAAAAAAAAAAAAAAAAAAAAAAAAAAAAAAAAAAAAAAAAAAAAAAAAAAAAA
AAAAAAAAAAAAAAAAAAAAAAAAAAAAAAAAAAAAAAAAAAAAAAAAAAAAAAAAAAAAAAAAAAAAAAAAAAAA
AAAAAAAAAAAAAAAAAAAAAAAAAAAAAAAAAAAAAAAAAAAAAAAAAAAAAAAAAAAAAAAAAAAAAAAAAAAA
AAAAAAAAAAAAAAAAAAAAAAAAAAAAAAAAAAAAAAAAAAAAAAAAAAAAAAAAAAAAAAAAAAAAAAAAAAAA
AAAAAAAAAAAAAAAAAAAAAAAAAAAAAAAAAAAAAAAAAAAAAAAAAAAAAAAAAAAAAAAAAAAAAAAAAAAA
AAAAAAAAAAAAAAAAAAAAAAAAAAAAAAAAAAAAAAAAAAAAAAAAAAAAAAAAAAAAAAAAAAAAAAAAAAAA
AAAAAAAAAAAAAAAAAAAAAAAAAAAAAAAAAAAAAAAAAAAAAAAAAAAAAAAAAAAAAAAAAAAAAAAAAAAA
AAAAAAAAAAAAAAAAAAAAAAAAAAAAAAAAAAAAAAAAAAAAAAAAAAAAAAAAAAAAAAAAAAAAAAAAAAAA
AAAAAAAAAAAAAAAAAAAAAAAAAAAAAAAAAAAAAAAAAAAAAAAAAAAAAAAAAAAAAAAAAAAAAAAAAAAA
AAAAAAAAAAAAAAAAAAAAAAAAAAAAAAAAAAAAAAAAAAAAAAAAAAAAAAAAAAAAAAAAAAAAAAAAAAAA
AAAAAAAAAAAAAAAAAAAAAAAAAAAAAAAAAAAAAAAAAAAAAAAAAAAAAAAAAAAAAAAAAAAAAAAAAAAA
AAAAAAAAAAAAAAAAAAAAAAAAAAAAAAAAAAAAAAAAAAAAAAAAAAAAAAAAAAAAAAAAAAAAAAAAAAAA
AAAAAAAAAAAAAAAAAAAAAAAAAAAAAAAAAAAAAAAAAAAAAAAAAAAAAAAAAAAAAAAAAAAAAAAAAAAA
AAAAAAAAAAAAAAAAAAAAAAAAAAAAAAAAAAAAAAAAAAAAAAAAAAAAAAAAAAAAAAAAAAAAAAAAAAAA
AAAAAAAAAAAAAAAAAAAAAAAAAAAAAAAAAAAAAAAAAAAAAAAAAAAAAAAAAAAAAAAAAAAAAAAAAAAA
AAAAAAAAAAAAAAAAAAAAAAAAAAAAAAAAAAAAAAAAAAAAAAAAAAAAAAAAAAAAAAAAAAAAAAAAAAAA
AAAAAAAAAAAAAAAAAAAAAAAAAAAAAAAAAAAAAAAAAAAAAAAAAAAAAAAAAAAAAAAAAAAAAAAAAAAA
AAAAAAAAAAAAAAAAAAAAAAAAAAAAAAAAAAAAAAAAAAAAAAAAAAAAAAAAAAAAAAAAAAAAAAAAAAAA
AAAAAAAAAAAAAAAAAAAAAAAAAAAAAAAAAAAAAAAAAAAAAAAAAAAAAAAAAAAAAAAAAAAAAAAAAAAA
AAAAAAAAAAAAAAAAAAAAAAAAAAAAAAAAAAAAAAAAAAAAAAAAAAAAAAAAAAAAAAAAAAAAAAAAAAAA
AAAAAAAAAAAAAAAAAAAAAAAAAAAAAAAAAAAAAAAAAAAAAAAAAAAAAAAAAAAAAAAAAAAAAAAAAAAA
AAAAAAAAAAAAAAAAAAAAAAAA
false
false
false
AAAAAAAAAAAAAAAAAAAAAAAAAAAAAAAAAAAAAAAAAAAAAAAAAAAAAAAAAAAAAAAAAAAAAAAAAAAA
AAAAAAAAAAAAAAAAAAAAAAAAAAAAAAAAAAAAAAAAAAAAAAAAAAAAAAAAAAAAAAAAAAAAAAAAAAAA
AAAAAAAAAAAAAAAAAAAAAAAAAAAAAAAAAAAAAAAAAAAAAAAAAAAAAAAAAAAAAAAAAAAAAAAAAAAA
AAAAAAAAAAAAAAAAAAAAAAAAAAAAAAAAAAAAAAAAAAAAAAAAAAAAAAAAAAAAAAAAAAAAAAAAAAAA
AAAAAAAAAAAAAAAAAAAAAAAAAAAAAAAAAAAAAAAAAAAAAAAAAAAAAAAAAAAAAAAAAAAAAAAAAAAA
AAAAAAAAAAAAAAAAAAAAAAAAAAAAAAAAAAAAAAAAAAAAAAAAAAAAAAAAAAAAAAAAAAAAAAAAAAAA
AAAAAAAAAAAAAAAAAAAAAAAAAAAAAAAAAAAAAAAAAAAAAAAAAAAAAAAAAAAAAAAAAAAAAAAAAAAA
AAAAAAAAAAAAAAAAAAAAAAAAAAAAAAAAAAAAAAAAAAAAAAAAAAAAAAAAAAAAAAAAAAAAAAAAAAAA
AAAAAAAAAAAAAAAAAAAAAAAAAAAAAAAAAAAAAAAAAAAAAAAAAAAAAAAAAAAAAAAAAAAAAAAAAAAA
AAAAAAAAAAAAAAAAAAAAAAAAAAAAAAAAAAAAAAAAAAAAAAAAAAAAAAAAAAAAAAAAAAAAAAAAAAAA
AAAAAAAAAAAAAAAAAAAAAAAAAAAAAAAAAAAAAAAAAAAAAAAAAAAAAAAAAAAAAAAAAAAAAAAAAAAA
AAAAAAAAAAAAAAAAAAAAAAAAAAAAAAAAAAAAAAAAAAAAAAAAAAAAAAAAAAAAAAAAAAAAAAAAAAAA
AAAAAAAAAAAAAAAAAAAAAAAAAAAAAAAAAAAAAAAAAAAAAAAAAAAAAAAAAAAAAAAAAAAAAAAAAAAA
AAAAAAAAAAAAAAAAAAAAAAAAAAAAAAAAAAAAAAAAAAAAAAAAAAAAAAAAAAAAAAAAAAAAAAAAAAAA
AAAAAAAAAAAAAAAAAAAAAAAAAAAAAAAAAAAAAAAAAAAAAAAAAAAAAAAAAAAAAAAAAAAAAAAAAAAA
AAAAAAAAAAAAAAAAAAAAAAAAAAAAAAAAAAAAAAAAAAAAAAAAAAAAAAAAAAAAAAAAAAAAAAAAAAAA
AAAAAAAAAAAAAAAAAAAAAAAAAAAAAAAAAAAAAAAAAAAAAAAAAAAAAAAAAAAAAAAAAAAAAAAAAAAA
AAAAAAAAAAAAAAAAAAAAAAAAAAAAAAAAAAAAAAAAAAAAAAAAAAAAAAAAAAAAAAAAAAAAAAAAAAAA
AAAAAAAAAAAAAAAAAAAAAAAAAAAAAAAAAAAAAAAAAAAAAAAAAAAAAAAAAAAAAAAAAAAAAAAAAAAA
AAAAAAAAAAAAAAAAAAAAAAAAAAAAAAAAAAAAAAAAAAAAAAAAAAAAAAAAAAAAAAAAAAAAAAAAAAAA
AAAAAAAAAAAAAAAAAAAAAAAAAAAAAAAAAAAAAAAAAAAAAAAAAAAAAAAAAAAAAAAAAAAAAAAAAAAA
AAAAAAAAAAAAAAAAAAAAAAAAAAAAAAAAAAAAAAAAAAAAAAAAAAAAAAAAAAAAAAAAAAAAAAAAAAAA
AAAAAAAAAAAAAAAAAAAAAAAAAAAAAAAAAAAAAAAAAAAAAAAAAAAAAAAAAAAAAAAAAAAAAAAAAAAA
AAAAAAAAAAAAAAAAAAAAAAAAAAAAAAAAAAAAAAAAAAAAAAAAAAAAAAAAAAAAAAAAAAAAAAAAAAAA
AAAAAAAAAAAAAAAAAAAAAAAAAAAAAAAAAAAAAAAAAAAAAAAAAAAAAAAAAAAAAAAAAAAAAAAAAAAA
AAAAAAAAAAAAAAAAAAAAAAAAAAAAAAAAAAAAAAAAAAAAAAAAAAAAAAAAAAAAAAAAAAAAAAAAAAAA
AAAAAAAAAAAAAAAAAAAAAAAAAAAAAAAAAAAAAAAAAAAAAAAAAAAAAAAAAAAAAAAAAAAAAAAAAAAA
AAAAAAAAAAAAAAAAAAAAAAAAAAAAAAAAAAAAAAAAAAAAAAAAAAAAAAAAAAAAAAAAAAAAAAAAAAAA
AAAAAAAAAAAAAAAAAAAAAAAAAAAAAAAAAAAAAAAAAAAAAAAAAAAAAAAAAAAAAAAAAAAAAAAAAAAA
AAAAAAAAAAAAAAAAAAAAAAAAAAAAAAAAAAAAAAAAAAAAAAAAAAAAAAAAAAAAAAAAAAAAAAAAAAAA
AAAAAAAAAAAAAAAAAAAAAAAAAAAAAAAAAAAAAAAAAAAAAAAAAAAAAAAAAAAAAAAAAAAAAAAAAAAA
AAAAAAAAAAAAAAAAAAAAAAAAAAAAAAAAAAAAAAAAAAAAAAAAAAAAAAAAAAAAAAAAAAAAAAAAAAAA
AAAAAAAAAAAAAAAAAAAAAAAAAAAAAAAAAAAAAAAAAAAAAAAAAAAAAAAAAAAAAAAAAAAAAAAAAAAA
AAAAAAAAAAAAAAAAAAAAAAAAAAAAAAAAAAAAAAAAAAAAAAAAAAAAAAAAAAAAAAAAAAAAAAAAAAAA
AAAAAAAAAAAAAAAAAAAAAAAAAAAAAAAAAAAAAAAAAAAAAAAAAAAAAAAAAAAAAAAAAAAAAAAAAAAA
AAAAAAAAAAAAAAAAAAAAAAAAAAAAAAAAAAAAAAAAAAAAAAAAAAAAAAAAAAAAAAAAAAAAAAAAAAAA
AAAAAAAAAAAAAAAAAAAAAAAAAAAAAAAAAAAAAAAAAAAAAAAAAAAAAAAAAAAAAAAAAAAAAAAAAAAA
AAAAAAAAAAAAAAAAAAAAAAAAAAAAAAAAAAAAAAAAAAAAAAAAAAAAAAAAAAAAAAAAAAAAAAAAAAAA
AAAAAAAAAAAAAAAAAAAAAAAAAAAAAAAAAAAAAAAAAAAAAAAAAAAAAAAAAAAAAAAAAAAAAAAAAAAA
AAAAAAAAAAAAAAAAAAAAAAAAAAAAAAAAAAAAAAAAAAAAAAAAAAAAAAAAAAAAAAAAAAAAAAAAAAAA
AAAAAAAAAAAAAAAAAAAAAAAAAAAAAAAAAAAAAAAAAAAAAAAAAAAAAAAAAAAAAAAAAAAAAAAAAAAA
AAAAAAAAAAAAAAAAAAAAAAAAAAAAAAAAAAAAAAAAAAAAAAAAAAAAAAAAAAAAAAAAAAAAAAAAAAAA
AAAAAAAAAAAAAAAAAAAAAAAAAAAAAAAAAAAAAAAAAAAAAAAAAAAAAAAAAAAAAAAAAAAAAAAAAAAA
AAAAAAAAAAAAAAAAAAAAAAAAAAAAAAAAAAAAAAAAAAAAAAAAAAAAAAAAAAAAAAAAAAAAAAAAAAAA
AAAAAAAAAAAAAAAAAAAAAAAAAAAAAAAAAAAAAAAAAAAAAAAAAAAAAAAAAAAAAAAAAAAAAAAAAAAA
AAAAAAAAAAAAAAAAAAAAAAAAAAAAAAAAAAAAAAAAAAAAAAAAAAAAAAAAAAAAAAAAAAAAAAAAAAAA
AAAAAAAAAAAAAAAAAAAAAAAAAAAAAAAAAAAAAAAAAAAAAAAAAAAAAAAAAAAAAAAAAAAAAAAAAAAA
AAAAAAAAAAAAAAAAAAAAAAAAAAAAAAAAAAAAAAAAAAAAAAAAAAAAAAAAAAAAAAAAAAAAAAAAAAAA
AAAAAAAAAAAAAAAAAAAAAAAAAAAAAAAAAAAAAAAAAAAAAAAAAAAAAAAAAAAAAAAAAAAAAAAAAAAA
AAAAAAAAAAAAAAAAAAAAAAAAAAAAAAAAAAAAAAAAAAAAAAAAAAAAAAAAAAAAAAAAAAAAAAAAAAAA
AAAAAAAAAAAAAAAAAAAAAAAAAAAAAAAAAAAAAAAAAAAAAAAAAAAAAAAAAAAAAAAAAAAAAAAAAAAA
AAAAAAAAAAAAAAAAAAAAAAAAAAAAAAAAAAAAAAAAAAAAAAAAAAAAAAAAAAAAAAAAAAAAAAAAAAAA
AAAAAAAAAAAAAAAAAAAAAAAAAAAAAAAAAAAAAAAAAAAAAAAAAAAAAAAAAAAAAAAAAAAAAAAAAAAA
AAAAAAAAAAAAAAAAAAAAAAAAAAAAAAAAAAAAAAAAAAAAAAAAAAAAAAAAAAAAAAAAAAAAAAAAAAAA
AAAAAAAAAAAAAAAAAAAAAAAAAAAAAAAAAAAAAAAAAAAAAAAAAAAAAAAAAAAAAAAAAAAAAAAAAAAA
AAAAAAAAAAAAAAAAAAAAAAAAAAAAAAAAAAAAAAAAAAAAAAAAAAAAAAAAAAAAAAAAAAAAAAAAAAAA
AAAAAAAAAAAAAAAAAAAAAAAAAAAAAAAAAAAAAAAAAAAAAAAAAAAAAAAAAAAAAAAAAAAAAAAAAAAA
AAAAAAAAAAAAAAAAAAAAAAAAAAAAAAAAAAAAAAAAAAAAAAAAAAAAAAAAAAAAAAAAAAAAAAAAAAAA
AAAAAAAAAAAAAAAAAAAAAAAAAAAAAAAAAAAAAAAAAAAAAAAAAAAAAAAAAAAAAAAAAAAAAAAAAAAA
AAAAAAAAAAAAAAAAAAAAAAAAAAAAAAAAAAAAAAAAAAAAAAAAAAAAAAAAAAAAAAAAAAAAAAAAAAAA
AAAAAAAAAAAAAAAAAAAAAAAAAAAAAAAAAAAAAAAAAAAAAAAAAAAAAAAAAAAAAAAAAAAAAAAAAAAA
AAAAAAAAAAAAAAAAAAAAAAAAAAAAAAAAAAAAAAAAAAAAAAAAAAAAAAAAAAAAAAAAAAAAAAAAAAAA
AAAAAAAAAAAAAAAAAAAAAAAAAAAAAAAAAAAAAAAAAAAAAAAAAAAAAAAAAAAAAAAAAAAAAAAAAAAA
AAAAAAAAAAAAAAAAAAAAAAAAAAAAAAAAAAAAAAAAAAAAAAAAAAAAAAAAAAAAAAAAAAAAAAAAAAAA
AAAAAAAAAAAAAAAAAAAAAAAAAAAAAAAAAAAAAAAAAAAAAAAAAAAAAAAAAAAAAAAAAAAAAAAAAAAA
AAAAAAAAAAAAAAAAAAAAAAAAAAAAAAAAAAAAAAAAAAAAAAAAAAAAAAAAAAAAAAAAAAAAAAAAAAAA
AAAAAAAAAAAAAAAAAAAAAAAAAAAAAAAAAAAAAAAAAAAAAAAAAAAAAAAAAAAAAAAAAAAAAAAAAAAA
AAAAAAAAAAAAAAAAAAAAAAAAAAAAAAAAAAAAAAAAAAAAAAAAAAAAAAAAAAAAAAAAAAAAAAAAAAAA
AAAAAAAAAAAAAAAAAAAAAAAAAAAAAAAAAAAAAAAAAAAAAAAAAAAAAAAAAAAAAAAAAAAAAAAAAAAA
AAAAAAAAAAAAAAAAAAAAAAAAAAAAAAAAAAAAAAAAAAAAAAAAAAAAAAAAAAAAAAAAAAAAAAAAAAAA
AAAAAAAAAAAAAAAAAAAAAAAAAAAAAAAAAAAAAAAAAAAAAAAAAAAAAAAAAAAAAAAAAAAAAAAAAAAA
AAAAAAAAAAAAAAAAAAAAAAAAAAAAAAAAAAAAAAAAAAAAAAAAAAAAAAAAAAAAAAAAAAAAAAAAAAAA
AAAAAAAAAAAAAAAAAAAAAAAAAAAAAAAAAAAAAAAAAAAAAAAAAAAAAAAAAAAAAAAAAAAAAAAAAAAA
AAAAAAAAAAAAAAAAAAAAAAAAAAAAAAAAAAAAAAAAAAAAAAAAAAAAAAAAAAAAAAAAAAAAAAAAAAAA
AAAAAAAAAAAAAAAAAAAAAAAAAAAAAAAAAAAAAAAAAAAAAAAAAAAAAAAAAAAAAAAAAAAAAAAAAAAA
AAAAAAAAAAAAAAAAAAAAAAAAAAAAAAAAAAAAAAAAAAAAAAAAAAAAAAAAAAAAAAAAAAAAAAAAAAAA
AAAAAAAAAAAAAAAAAAAAAAAAAAAAAAAAAAAAAAAAAAAAAAAAAAAAAAAAAAAAAAAAAAAAAAAAAAAA
AAAAAAAAAAAAAAAAAAAAAAAAAAAAAAAAAAAAAAAAAAAAAAAAAAAAAAAAAAAAAAAAAAAAAAAAAAAA
AAAAAAAAAAAAAAAAAAAAAAAAAAAAAAAAAAAAAAAAAAAAAAAAAAAAAAAAAAAAAAAAAAAAAAAAAAAA
AAAAAAAAAAAAAAAAAAAAAAAAAAAAAAAAAAAAAAAAAAAAAAAAAAAAAAAAAAAAAAAAAAAAAAAAAAAA
AAAAAAAAAAAAAAAAAAAAAAAAAAAAAAAAAAAAAAAAAAAAAAAAAAAAAAAAAAAAAAAAAAAAAAAAAAAA
AAAAAAAAAAAAAAAAAAAAAAAAAAAAAAAAAAAAAAAAAAAAAAAAAAAAAAAAAAAAAAAAAAAAAAAAAAAA
AAAAAAAAAAAAAAAAAAAAAAAAAAAAAAAAAAAAAAAAAAAAAAAAAAAAAAAAAAAAAAAAAAAAAAAAAAAA
AAAAAAAAAAAAAAAAAAAAAAAAAAAAAAAAAAAAAAAAAAAAAAAAAAAAAAAAAAAAAAAAAAAAAAAAAAAA
AAAAAAAAAAAAAAAAAAAAAAAAAAAAAAAAAAAAAAAAAAAAAAAAAAAAAAAAAAAAAAAAAAAAAAAAAAAA
AAAAAAAAAAAAAAAAAAAAAAAAAAAAAAAAAAAAAAAAAAAAAAAAAAAAAAAAAAAAAAAAAAAAAAAAAAAA
AAAAAAAAAAAAAAAAAAAAAAAAAAAAAAAAAAAAAAAAAAAAAAAAAAAAAAAAAAAAAAAAAAAAAAAAAAAA
AAAAAAAAAAAAAAAAAAAAAAAAAAAAAAAAAAAAAAAAAAAAAAAAAAAAAAAAAAAAAAAAAAAAAAAAAAAA
AAAAAAAAAAAAAAAAAAAAAAAAAAAAAAAAAAAAAAAAAAAAAAAAAAAAAAAAAAAAAAAAAAAAAAAAAAAA
AAAAAAAAAAAAAAAAAAAAAAAAAAAAAAAAAAAAAAAAAAAAAAAAAAAAAAAAAAAAAAAAAAAAAAAAAAAA
AAAAAAAAAAAAAAAAAAAAAAAAAAAAAAAAAAAAAAAAAAAAAAAAAAAAAAAAAAAAAAAAAAAAAAAAAAAA
AAAAAAAAAAAAAAAAAAAAAAAAAAAAAAAAAAAAAAAAAAAAAAAAAAAAAAAAAAAAAAAAAAAAAAAAAAAA
AAAAAAAAAAAAAAAAAAAAAAAAAAAAAAAAAAAAAAAAAAAAAAAAAAAAAAAAAAAAAAAAAAAAAAAAAAAA
AAAAAAAAAAAAAAAAAAAAAAAAAAAAAAAAAAAAAAAAAAAAAAAAAAAAAAAAAAAAAAAAAAAAAAAAAAAA
AAAAAAAAAAAAAAAAAAAAAAAAAAAAAAAAAAAAAAAAAAAAAAAAAAAAAAAAAAAAAAAAAAAAAAAAAAAA
AAAAAAAAAAAAAAAAAAAAAAAAAAAAAAAAAAAAAAAAAAAAAAAAAAAAAAAAAAAAAAAAAAAAAAAAAAAA
AAAAAAAAAAAAAAAAAAAAAAAAAAAAAAAAAAAAAAAAAAAAAAAAAAAAAAAAAAAAAAAAAAAAAAAAAAAA
AAAAAAAAAAAAAAAAAAAAAAAAAAAAAAAAAAAAAAAAAAAAAAAAAAAAAAAAAAAAAAAAAAAAAAAAAAAA
AAAAAAAAAAAAAAAAAAAAAAAAAAAAAAAAAAAAAAAAAAAAAAAAAAAAAAAAAAAAAAAAAAAAAAAAAAAA
AAAAAAAAAAAAAAAAAAAAAAAAAAAAAAAAAAAAAAAAAAAAAAAAAAAAAAAAAAAAAAAAAAAAAAAAAAAA
AAAAAAAAAAAAAAAAAAAAAAAAAAAAAAAAAAAAAAAAAAAAAAAAAAAAAAAAAAAAAAAAAAAAAAAAAAAA
AAAAAAAAAAAAAAAAAAAAAAAAAAAAAAAAAAAAAAAAAAAAAAAAAAAAAAAAAAAAAAAAAAAAAAAAAAAA
AAAAAAAAAAAAAAAAAAAAAAAAAAAAAAAAAAAAAAAAAAAAAAAAAAAAAAAAAAAAAAAAAAAAAAAAAAAA
AAAAAAAAAAAAAAAAAAAAAAAAAAAAAAAAAAAAAAAAAAAAAAAAAAAAAAAAAAAAAAAAAAAAAAAAAAAA
AAAAAAAAAAAAAAAAAAAAAAAAAAAAAAAAAAAAAAAAAAAAAAAAAAAAAAAAAAAAAAAAAAAAAAAAAAAA
AAAAAAAAAAAAAAAAAAAAAAAAAAAAAAAAAAAAAAAAAAAAAAAAAAAAAAAAAAAAAAAAAAAAAAAAAAAA
AAAAAAAAAAAAAAAAAAAAAAAAAAAAAAAAAAAAAAAAAAAAAAAAAAAAAAAAAAAAAAAAAAAAAAAAAAAA
AAAAAAAAAAAAAAAAAAAAAAAAAAAAAAAAAAAAAAAAAAAAAAAAAAAAAAAAAAAAAAAAAAAAAAAAAAAA
AAAAAAAAAAAAAAAAAAAAAAAAAAAAAAAAAAAAAAAAAAAAAAAAAAAAAAAAAAAAAAAAAAAAAAAAAAAA
AAAAAAAAAAAAAAAAAAAAAAAAAAAAAAAAAAAAAAAAAAAAAAAAAAAAAAAAAAAAAAAAAAAAAAAAAAAA
AAAAAAAAAAAAAAAAAAAAAAAAAAAAAAAAAAAAAAAAAAAAAAAAAAAAAAAAAAAAAAAAAAAAAAAAAAAA
AAAAAAAAAAAAAAAAAAAAAAAAAAAAAAAAAAAAAAAAAAAAAAAAAAAAAAAAAAAAAAAAAAAAAAAAAAAA
AAAAAAAAAAAAAAAAAAAAAAAAAAAAAAAAAAAAAAAAAAAAAAAAAAAAAAAAAAAAAAAAAAAAAAAAAAAA
AAAAAAAAAAAAAAAAAAAAAAAAAAAAAAAAAAAAAAAAAAAAAAAAAAAAAAAAAAAAAAAAAAAAAAAAAAAA
AAAAAAAAAAAAAAAAAAAAAAAAAAAAAAAAAAAAAAAAAAAAAAAAAAAAAAAAAAAAAAAAAAAAAAAAAAAA
AAAAAAAAAAAAAAAAAAAAAAAAAAAAAAAAAAAAAAAAAAAAAAAAAAAAAAAAAAAAAAAAAAAAAAAAAAAA
AAAAAAAAAAAAAAAAAAAAAAAAAAAAAAAAAAAAAAAAAAAAAAAAAAAAAAAAAAAAAAAAAAAAAAAAAAAA
AAAAAAAAAAAAAAAAAAAAAAAAAAAAAAAAAAAAAAAAAAAAAAAAAAAAAAAAAAAAAAAAAAAAAAAAAAAA
AAAAAAAAAAAAAAAAAAAAAAAAAAAAAAAAAAAAAAAAAAAAAAAAAAAAAAAAAAAAAAAAAAAAAAAAAAAA
AAAAAAAAAAAAAAAAAAAAAAAAAAAAAAAAAAAAAAAAAAAAAAAAAAAAAAAAAAAAAAAAAAAAAAAAAAAA
AAAAAAAAAAAAAAAAAAAAAAAAAAAAAAAAAAAAAAAAAAAAAAAAAAAAAAAAAAAAAAAAAAAAAAAAAAAA
AAAAAAAAAAAAAAAAAAAAAAAAAAAAAAAAAAAAAAAAAAAAAAAAAAAAAAAAAAAAAAAAAAAAAAAAAAAA
AAAAAAAAAAAAAAAAAAAAAAAAAAAAAAAAAAAAAAAAAAAAAAAAAAAAAAAAAAAAAAAAAAAAAAAAAAAA
AAAAAAAAAAAAAAAAAAAAAAAAAAAAAAAAAAAAAAAAAAAAAAAAAAAAAAAAAAAAAAAAAAAAAAAAAAAA
AAAAAAAAAAAAAAAAAAAAAAAAAAAAAAAAAAAAAAAAAAAAAAAAAAAAAAAAAAAAAAAAAAAAAAAAAAAA
AAAAAAAAAAAAAAAAAAAAAAAAAAAAAAAAAAAAAAAAAAAAAAAAAAAAAAAAAAAAAAAAAAAAAAAAAAAA
AAAAAAAAAAAAAAAAAAAAAAAAAAAAAAAAAAAAAAAAAAAAAAAAAAAAAAAAAAAAAAAAAAAAAAAAAAAA
AAAAAAAAAAAAAAAAAAAAAAAAAAAAAAAAAAAAAAAAAAAAAAAAAAAAAAAAAAAAAAAAAAAAAAAAAAAA
AAAAAAAAAAAAAAAAAAAAAAAAAAAAAAAAAAAAAAAAAAAAAAAAAAAAAAAAAAAAAAAAAAAAAAAAAAAA
AAAAAAAAAAAAAAAAAAAAAAAAAAAAAAAAAAAAAAAAAAAAAAAAAAAAAAAAAAAAAAAAAAAAAAAAAAAA
AAAAAAAAAAAAAAAAAAAAAAAAAAAAAAAAAAAAAAAAAAAAAAAAAAAAAAAAAAAAAAAAAAAAAAAAAAAA
AAAAAAAAAAAAAAAAAAAAAAAAAAAAAAAAAAAAAAAAAAAAAAAAAAAAAAAAAAAAAAAAAAAAAAAAAAAA
AAAAAAAAAAAAAAAAAAAAAAAAAAAAAAAAAAAAAAAAAAAAAAAAAAAAAAAAAAAAAAAAAAAAAAAAAAAA
AAAAAAAAAAAAAAAAAAAAAAAAAAAAAAAAAAAAAAAAAAAAAAAAAAAAAAAAAAAAAAAAAAAAAAAAAAAA
AAAAAAAAAAAAAAAAAAAAAAAAAAAAAAAAAAAAAAAAAAAAAAAAAAAAAAAAAAAAAAAAAAAAAAAAAAAA
AAAAAAAAAAAAAAAAAAAAAAAAAAAAAAAAAAAAAAAAAAAAAAAAAAAAAAAAAAAAAAAAAAAAAAAAAAAA
AAAAAAAAAAAAAAAAAAAAAAAAAAAAAAAAAAAAAAAAAAAAAAAAAAAAAAAAAAAAAAAAAAAAAAAAAAAA
AAAAAAAAAAAAAAAAAAAAAAAAAAAAAAAAAAAAAAAAAAAAAAAAAAAAAAAAAAAAAAAAAAAAAAAAAAAA
AAAAAAAAAAAAAAAAAAAAAAAAAAAAAAAAAAAAAAAAAAAAAAAAAAAAAAAAAAAAAAAAAAAAAAAAAAAA
AAAAAAAAAAAAAAAAAAAAAAAAAAAAAAAAAAAAAAAAAAAAAAAAAAAAAAAAAAAAAAAAAAAAAAAAAAAA
AAAAAAAAAAAAAAAAAAAAAAAAAAAAAAAAAAAAAAAAAAAAAAAAAAAAAAAAAAAAAAAAAAAAAAAAAAAA
AAAAAAAAAAAAAAAAAAAAAAAAAAAAAAAAAAAAAAAAAAAAAAAAAAAAAAAAAAAAAAAAAAAAAAAAAAAA
AAAAAAAAAAAAAAAAAAAAAAAAAAAAAAAAAAAAAAAAAAAAAAAAAAAAAAAAAAAAAAAAAAAAAAAAAAAA
AAAAAAAAAAAAAAAAAAAAAAAAAAAAAAAAAAAAAAAAAAAAAAAAAAAAAAAAAAAAAAAAAAAAAAAAAAAA
AAAAAAAAAAAAAAAAAAAAAAAAAAAAAAAAAAAAAAAAAAAAAAAAAAAAAAAAAAAAAAAAAAAAAAAAAAAA
AAAAAAAAAAAAAAAAAAAAAAAAAAAAAAAAAAAAAAAAAAAAAAAAAAAAAAAAAAAAAAAAAAAAAAAAAAAA
AAAAAAAAAAAAAAAAAAAAAAAAAAAAAAAAAAAAAAAAAAAAAAAAAAAAAAAAAAAAAAAAAAAAAAAAAAAA
AAAAAAAAAAAAAAAAAAAAAAAAAAAAAAAAAAAAAAAAAAAAAAAAAAAAAAAAAAAAAAAAAAAAAAAAAAAA
AAAAAAAAAAAAAAAAAAAAAAAAAAAAAAAAAAAAAAAAAAAAAAAAAAAAAAAAAAAAAAAAAAAAAAAAAAAA
AAAAAAAAAAAAAAAAAAAAAAAAAAAAAAAAAAAAAAAAAAAAAAAAAAAAAAAAAAAAAAAAAAAAAAAAAAAA
AAAAAAAAAAAAAAAAAAAAAAAAAAAAAAAAAAAAAAAAAAAAAAAAAAAAAAAAAAAAAAAAAAAAAAAAAAAA
AAAAAAAAAAAAAAAAAAAAAAAAAAAAAAAAAAAAAAAAAAAAAAAAAAAAAAAAAAAAAAAAAAAAAAAAAAAA
AAAAAAAAAAAAAAAAAAAAAAAAAAAAAAAAAAAAAAAAAAAAAAAAAAAAAAAAAAAAAAAAAAAAAAAAAAAA
AAAAAAAAAAAAAAAAAAAAAAAAAAAAAAAAAAAAAAAAAAAAAAAAAAAAAAAAAAAAAAAAAAAAAAAAAAAA
AAAAAAAAAAAAAAAAAAAAAAAAAAAAAAAAAAAAAAAAAAAAAAAAAAAAAAAAAAAAAAAAAAAAAAAAAAAA
AAAAAAAAAAAAAAAAAAAAAAAAAAAAAAAAAAAAAAAAAAAAAAAAAAAAAAAAAAAAAAAAAAAAAAAAAAAA
AAAAAAAAAAAAAAAAAAAAAAAAAAAAAAAAAAAAAAAAAAAAAAAAAAAAAAAAAAAAAAAAAAAAAAAAAAAA
AAAAAAAAAAAAAAAAAAAAAAAAAAAAAAAAAAAAAAAAAAAAAAAAAAAAAAAAAAAAAAAAAAAAAAAAAAAA
AAAAAAAAAAAAAAAAAAAAAAAAAAAAAAAAAAAAAAAAAAAAAAAAAAAAAAAAAAAAAAAAAAAAAAAAAAAA
AAAAAAAAAAAAAAAAAAAAAAAAAAAAAAAAAAAAAAAAAAAAAAAAAAAAAAAAAAAAAAAAAAAAAAAAAAAA
AAAAAAAAAAAAAAAAAAAAAAAAAAAAAAAAAAAAAAAAAAAAAAAAAAAAAAAAAAAAAAAAAAAAAAAAAAAA
AAAAAAAAAAAAAAAAAAAAAAAAAAAAAAAAAAAAAAAAAAAAAAAAAAAAAAAAAAAAAAAAAAAAAAAAAAAA
AAAAAAAAAAAAAAAAAAAAAAAAAAAAAAAAAAAAAAAAAAAAAAAAAAAAAAAAAAAAAAAAAAAAAAAAAAAA
AAAAAAAAAAAAAAAAAAAAAAAAAAAAAAAAAAAAAAAAAAAAAAAAAAAAAAAAAAAAAAAAAAAAAAAAAAAA
AAAAAAAAAAAAAAAAAAAAAAAAAAAAAAAAAAAAAAAAAAAAAAAAAAAAAAAAAAAAAAAAAAAAAAAAAAAA
AAAAAAAAAAAAAAAAAAAAAAAAAAAAAAAAAAAAAAAAAAAAAAAAAAAAAAAAAAAAAAAAAAAAAAAAAAAA
AAAAAAAAAAAAAAAAAAAAAAAAAAAAAAAAAAAAAAAAAAAAAAAAAAAAAAAAAAAAAAAAAAAAAAAAAAAA
AAAAAAAAAAAAAAAAAAAAAAAAAAAAAAAAAAAAAAAAAAAAAAAAAAAAAAAAAAAAAAAAAAAAAAAAAAAA
AAAAAAAAAAAAAAAAAAAAAAAAAAAAAAAAAAAAAAAAAAAAAAAAAAAAAAAAAAAAAAAAAAAAAAAAAAAA
AAAAAAAAAAAAAAAAAAAAAAAAAAAAAAAAAAAAAAAAAAAAAAAAAAAAAAAAAAAAAAAAAAAAAAAAAAAA
AAAAAAAAAAAAAAAAAAAAAAAAAAAAAAAAAAAAAAAAAAAAAAAAAAAAAAAAAAAAAAAAAAAAAAAAAAAA
AAAAAAAAAAAAAAAAAAAAAAAAAAAAAAAAAAAAAAAAAAAAAAAAAAAAAAAAAAAAAAAAAAAAAAAAAAAA
AAAAAAAAAAAAAAAAAAAAAAAAAAAAAAAAAAAAAAAAAAAAAAAAAAAAAAAAAAAAAAAAAAAAAAAAAAAA
AAAAAAAAAAAAAAAAAAAAAAAAAAAAAAAAAAAAAAAAAAAAAAAAAAAAAAAAAAAAAAAAAAAAAAAAAAAA
AAAAAAAAAAAAAAAAAAAAAAAAAAAAAAAAAAAAAAAAAAAAAAAAAAAAAAAAAAAAAAAAAAAAAAAAAAAA
AAAAAAAAAAAAAAAAAAAAAAAAAAAAAAAAAAAAAAAAAAAAAAAAAAAAAAAAAAAAAAAAAAAAAAAAAAAA
AAAAAAAAAAAAAAAAAAAAAAAAAAAAAAAAAAAAAAAAAAAAAAAAAAAAAAAAAAAAAAAAAAAAAAAAAAAA
AAAAAAAAAAAAAAAAAAAAAAAAAAAAAAAAAAAAAAAAAAAAAAAAAAAAAAAAAAAAAAAAAAAAAAAAAAAA
AAAAAAAAAAAAAAAAAAAAAAAAAAAAAAAAAAAAAAAAAAAAAAAAAAAAAAAAAAAAAAAAAAAAAAAAAAAA
AAAAAAAAAAAAAAAAAAAAAAAAAAAAAAAAAAAAAAAAAAAAAAAAAAAAAAAAAAAAAAAAAAAAAAAAAAAA
AAAAAAAAAAAAAAAAAAAAAAAAAAAAAAAAAAAAAAAAAAAAAAAAAAAAAAAAAAAAAAAAAAAAAAAAAAAA
AAAAAAAAAAAAAAAAAAAAAAAAAAAAAAAAAAAAAAAAAAAAAAAAAAAAAAAAAAAAAAAAAAAAAAAAAAAA
AAAAAAAAAAAAAAAAAAAAAAAAAAAAAAAAAAAAAAAAAAAAAAAAAAAAAAAAAAAAAAAAAAAAAAAAAAAA
AAAAAAAAAAAAAAAAAAAAAAAAAAAAAAAAAAAAAAAAAAAAAAAAAAAAAAAAAAAAAAAAAAAAAAAAAAAA
AAAAAAAAAAAAAAAAAAAAAAAAAAAAAAAAAAAAAAAAAAAAAAAAAAAAAAAAAAAAAAAAAAAAAAAAAAAA
AAAAAAAAAAAAAAAAAAAAAAAAAAAAAAAAAAAAAAAAAAAAAAAAAAAAAAAAAAAAAAAAAAAAAAAAAAAA
AAAAAAAAAAAAAAAAAAAAAAAAAAAAAAAAAAAAAAAAAAAAAAAAAAAAAAAAAAAAAAAAAAAAAAAAAAAA
AAAAAAAAAAAAAAAAAAAAAAAAAAAAAAAAAAAAAAAAAAAAAAAAAAAAAAAAAAAAAAAAAAAAAAAAAAAA
AAAAAAAAAAAAAAAAAAAAAAAAAAAAAAAAAAAAAAAAAAAAAAAAAAAAAAAAAAAAAAAAAAAAAAAAAAAA
AAAAAAAAAAAAAAAAAAAAAAAAAAAAAAAAAAAAAAAAAAAAAAAAAAAAAAAAAAAAAAAAAAAAAAAAAAAA
AAAAAAAAAAAAAAAAAAAAAAAAAAAAAAAAAAAAAAAAAAAAAAAAAAAAAAAAAAAAAAAAAAAAAAAAAAAA
AAAAAAAAAAAAAAAAAAAAAAAAAAAAAAAAAAAAAAAAAAAAAAAAAAAAAAAAAAAAAAAAAAAAAAAAAAAA
AAAAAAAAAAAAAAAAAAAAAAAAAAAAAAAAAAAAAAAAAAAAAAAAAAAAAAAAAAAAAAAAAAAAAAAAAAAA
AAAAAAAAAAAAAAAAAAAAAAAAAAAAAAAAAAAAAAAAAAAAAAAAAAAAAAAAAAAAAAAAAAAAAAAAAAAA
AAAAAAAAAAAAAAAAAAAAAAAAAAAAAAAAAAAAAAAAAAAAAAAAAAAAAAAAAAAAAAAAAAAAAAAAAAAA
AAAAAAAAAAAAAAAAAAAAAAAAAAAAAAAAAAAAAAAAAAAAAAAAAAAAAAAAAAAAAAAAAAAAAAAAAAAA
AAAAAAAAAAAAAAAAAAAAAAAAAAAAAAAAAAAAAAAAAAAAAAAAAAAAAAAAAAAAAAAAAAAAAAAAAAAA
AAAAAAAAAAAAAAAAAAAAAAAAAAAAAAAAAAAAAAAAAAAAAAAAAAAAAAAAAAAAAAAAAAAAAAAAAAAA
AAAAAAAAAAAAAAAAAAAAAAAAAAAAAAAAAAAAAAAAAAAAAAAAAAAAAAAAAAAAAAAAAAAAAAAAAAAA
AAAAAAAAAAAAAAAAAAAAAAAAAAAAAAAAAAAAAAAAAAAAAAAAAAAAAAAAAAAAAAAAAAAAAAAAAAAA
AAAAAAAAAAAAAAAAAAAAAAAAAAAAAAAAAAAAAAAAAAAAAAAAAAAAAAAAAAAAAAAAAAAAAAAAAAAA
AAAAAAAAAAAAAAAAAAAAAAAAAAAAAAAAAAAAAAAAAAAAAAAAAAAAAAAAAAAAAAAAAAAAAAAAAAAA
AAAAAAAAAAAAAAAAAAAAAAAAAAAAAAAAAAAAAAAAAAAAAAAAAAAAAAAAAAAAAAAAAAAAAAAAAAAA
AAAAAAAAAAAAAAAAAAAAAAAAAAAAAAAAAAAAAAAAAAAAAAAAAAAAAAAAAAAAAAAAAAAAAAAAAAAA
AAAAAAAAAAAAAAAAAAAAAAAAAAAAAAAAAAAAAAAAAAAAAAAAAAAAAAAAAAAAAAAAAAAAAAAAAAAA
AAAAAAAAAAAAAAAAAAAAAAAAAAAAAAAAAAAAAAAAAAAAAAAAAAAAAAAAAAAAAAAAAAAAAAAAAAAA
AAAAAAAAAAAAAAAAAAAAAAAAAAAAAAAAAAAAAAAAAAAAAAAAAAAAAAAAAAAAAAAAAAAAAAAAAAAA
AAAAAAAAAAAAAAAAAAAAAAAAAAAAAAAAAAAAAAAAAAAAAAAAAAAAAAAAAAAAAAAAAAAAAAAAAAAA
AAAAAAAAAAAAAAAAAAAAAAAAAAAAAAAAAAAAAAAAAAAAAAAAAAAAAAAAAAAAAAAAAAAAAAAAAAAA
AAAAAAAAAAAAAAAAAAAAAAAAAAAAAAAAAAAAAAAAAAAAAAAAAAAAAAAAAAAAAAAAAAAAAAAAAAAA
AAAAAAAAAAAAAAAAAAAAAAAAAAAAAAAAAAAAAAAAAAAAAAAAAAAAAAAAAAAAAAAAAAAAAAAAAAAA
AAAAAAAAAAAAAAAAAAAAAAAAAAAAAAAAAAAAAAAAAAAAAAAAAAAAAAAAAAAAAAAAAAAAAAAAAAAA
AAAAAAAAAAAAAAAAAAAAAAAAAAAAAAAAAAAAAAAAAAAAAAAAAAAAAAAAAAAAAAAAAAAAAAAAAAAA
AAAAAAAAAAAAAAAAAAAAAAAAAAAAAAAAAAAAAAAAAAAAAAAAAAAAAAAAAAAAAAAAAAAAAAAAAAAA
AAAAAAAAAAAAAAAAAAAAAAAAAAAAAAAAAAAAAAAAAAAAAAAAAAAAAAAAAAAAAAAAAAAAAAAAAAAA
AAAAAAAAAAAAAAAAAAAAAAAAAAAAAAAAAAAAAAAAAAAAAAAAAAAAAAAAAAAAAAAAAAAAAAAAAAAA
AAAAAAAAAAAAAAAAAAAAAAAAAAAAAAAAAAAAAAAAAAAAAAAAAAAAAAAAAAAAAAAAAAAAAAAAAAAA
AAAAAAAAAAAAAAAAAAAAAAAAAAAAAAAAAAAAAAAAAAAAAAAAAAAAAAAAAAAAAAAAAAAAAAAAAAAA
AAAAAAAAAAAAAAAAAAAAAAAAAAAAAAAAAAAAAAAAAAAAAAAAAAAAAAAAAAAAAAAAAAAAAAAAAAAA
AAAAAAAAAAAAAAAAAAAAAAAAAAAAAAAAAAAAAAAAAAAAAAAAAAAAAAAAAAAAAAAAAAAAAAAAAAAA
AAAAAAAAAAAAAAAAAAAAAAAAAAAAAAAAAAAAAAAAAAAAAAAAAAAAAAAAAAAAAAAAAAAAAAAAAAAA
AAAAAAAAAAAAAAAAAAAAAAAAAAAAAAAAAAAAAAAAAAAAAAAAAAAAAAAAAAAAAAAAAAAAAAAAAAAA
AAAAAAAAAAAAAAAAAAAAAAAAAAAAAAAAAAAAAAAAAAAAAAAAAAAAAAAAAAAAAAAAAAAAAAAAAAAA
AAAAAAAAAAAAAAAAAAAAAAAAAAAAAAAAAAAAAAAAAAAAAAAAAAAAAAAAAAAAAAAAAAAAAAAAAAAA
AAAAAAAAAAAAAAAAAAAAAAAAAAAAAAAAAAAAAAAAAAAAAAAAAAAAAAAAAAAAAAAAAAAAAAAAAAAA
AAAAAAAAAAAAAAAAAAAAAAAAAAAAAAAAAAAAAAAAAAAAAAAAAAAAAAAAAAAAAAAAAAAAAAAAAAAA
AAAAAAAAAAAAAAAAAAAAAAAAAAAAAAAAAAAAAAAAAAAAAAAAAAAAAAAAAAAAAAAAAAAAAAAAAAAA
AAAAAAAAAAAAAAAAAAAAAAAAAAAAAAAAAAAAAAAAAAAAAAAAAAAAAAAAAAAAAAAAAAAAAAAAAAAA
AAAAAAAAAAAAAAAAAAAAAAAAAAAAAAAAAAAAAAAAAAAAAAAAAAAAAAAAAAAAAAAAAAAAAAAAAAAA
AAAAAAAAAAAAAAAAAAAAAAAAAAAAAAAAAAAAAAAAAAAAAAAAAAAAAAAAAAAAAAAAAAAAAAAAAAAA
AAAAAAAAAAAAAAAAAAAAAAAAAAAAAAAAAAAAAAAAAAAAAAAAAAAAAAAAAAAAAAAAAAAAAAAAAAAA
AAAAAAAAAAAAAAAAAAAAAAAAAAAAAAAAAAAAAAAAAAAAAAAAAAAAAAAAAAAAAAAAAAAAAAAAAAAA
AAAAAAAAAAAAAAAAAAAAAAAAAAAAAAAAAAAAAAAAAAAAAAAAAAAAAAAAAAAAAAAAAAAAAAAAAAAA
AAAAAAAAAAAAAAAAAAAAAAAAAAAAAAAAAAAAAAAAAAAAAAAAAAAAAAAAAAAAAAAAAAAAAAAAAAAA
AAAAAAAAAAAAAAAAAAAAAAAAAAAAAAAAAAAAAAAAAAAAAAAAAAAAAAAAAAAAAAAAAAAAAAAAAAAA
AAAAAAAAAAAAAAAAAAAAAAAAAAAAAAAAAAAAAAAAAAAAAAAAAAAAAAAAAAAAAAAAAAAAAAAAAAAA
AAAAAAAAAAAAAAAAAAAAAAAAAAAAAAAAAAAAAAAAAAAAAAAAAAAAAAAAAAAAAAAAAAAAAAAAAAAA
AAAAAAAAAAAAAAAAAAAAAAAAAAAAAAAAAAAAAAAAAAAAAAAAAAAAAAAAAAAAAAAAAAAAAAAAAAAA
AAAAAAAAAAAAAAAAAAAAAAAAAAAAAAAAAAAAAAAAAAAAAAAAAAAAAAAAAAAAAAAAAAAAAAAAAAAA
AAAAAAAAAAAAAAAAAAAAAAAAAAAAAAAAAAAAAAAAAAAAAAAAAAAAAAAAAAAAAAAAAAAAAAAAAAAA
AAAAAAAAAAAAAAAAAAAAAAAAAAAAAAAAAAAAAAAAAAAAAAAAAAAAAAAAAAAAAAAAAAAAAAAAAAAA
AAAAAAAAAAAAAAAAAAAAAAAAAAAAAAAAAAAAAAAAAAAAAAAAAAAAAAAAAAAAAAAAAAAAAAAAAAAA
AAAAAAAAAAAAAAAAAAAAAAAAAAAAAAAAAAAAAAAAAAAAAAAAAAAAAAAAAAAAAAAAAAAAAAAAAAAA
AAAAAAAAAAAAAAAAAAAAAAAAAAAAAAAAAAAAAAAAAAAAAAAAAAAAAAAAAAAAAAAAAAAAAAAAAAAA
AAAAAAAAAAAAAAAAAAAAAAAAAAAAAAAAAAAAAAAAAAAAAAAAAAAAAAAAAAAAAAAAAAAAAAAAAAAA
AAAAAAAAAAAAAAAAAAAAAAAAAAAAAAAAAAAAAAAAAAAAAAAAAAAAAAAAAAAAAAAAAAAAAAAAAAAA
AAAAAAAAAAAAAAAAAAAAAAAAAAAAAAAAAAAAAAAAAAAAAAAAAAAAAAAAAAAAAAAAAAAAAAAAAAAA
AAAAAAAAAAAAAAAAAAAAAAAAAAAAAAAAAAAAAAAAAAAAAAAAAAAAAAAAAAAAAAAAAAAAAAAAAAAA
AAAAAAAAAAAAAAAAAAAAAAAAAAAAAAAAAAAAAAAAAAAAAAAAAAAAAAAAAAAAAAAAAAAAAAAAAAAA
AAAAAAAAAAAAAAAAAAAAAAAAAAAAAAAAAAAAAAAAAAAAAAAAAAAAAAAAAAAAAAAAAAAAAAAAAAAA
AAAAAAAAAAAAAAAAAAAAAAAAAAAAAAAAAAAAAAAAAAAAAAAAAAAAAAAAAAAAAAAAAAAAAAAAAAAA
AAAAAAAAAAAAAAAAAAAAAAAAAAAAAAAAAAAAAAAAAAAAAAAAAAAAAAAAAAAAAAAAAAAAAAAAAAAA
AAAAAAAAAAAAAAAAAAAAAAAAAAAAAAAAAAAAAAAAAAAAAAAAAAAAAAAAAAAAAAAAAAAAAAAAAAAA
AAAAAAAAAAAAAAAAAAAAAAAAAAAAAAAAAAAAAAAAAAAAAAAAAAAAAAAAAAAAAAAAAAAAAAAAAAAA
AAAAAAAAAAAAAAAAAAAAAAAAAAAAAAAAAAAAAAAAAAAAAAAAAAAAAAAAAAAAAAAAAAAAAAAAAAAA
AAAAAAAAAAAAAAAAAAAAAAAAAAAAAAAAAAAAAAAAAAAAAAAAAAAAAAAAAAAAAAAAAAAAAAAAAAAA
AAAAAAAAAAAAAAAAAAAAAAAAAAAAAAAAAAAAAAAAAAAAAAAAAAAAAAAAAAAAAAAAAAAAAAAAAAAA
AAAAAAAAAAAAAAAAAAAAAAAAAAAAAAAAAAAAAAAAAAAAAAAAAAAAAAAAAAAAAAAAAAAAAAAAAAAA
AAAAAAAAAAAAAAAAAAAAAAAAAAAAAAAAAAAAAAAAAAAAAAAAAAAAAAAAAAAAAAAAAAAAAAAAAAAA
AAAAAAAAAAAAAAAAAAAAAAAAAAAAAAAAAAAAAAAAAAAAAAAAAAAAAAAAAAAAAAAAAAAAAAAAAAAA
AAAAAAAAAAAAAAAAAAAAAAAAAAAAAAAAAAAAAAAAAAAAAAAAAAAAAAAAAAAAAAAAAAAAAAAAAAAA
AAAAAAAAAAAAAAAAAAAAAAAAAAAAAAAAAAAAAAAAAAAAAAAAAAAAAAAAAAAAAAAAAAAAAAAAAAAA
AAAAAAAAAAAAAAAAAAAAAAAAAAAAAAAAAAAAAAAAAAAAAAAAAAAAAAAAAAAAAAAAAAAAAAAAAAAA
AAAAAAAAAAAAAAAAAAAAAAAAAAAAAAAAAAAAAAAAAAAAAAAAAAAAAAAAAAAAAAAAAAAAAAAAAAAA
AAAAAAAAAAAAAAAAAAAAAAAAAAAAAAAAAAAAAAAAAAAAAAAAAAAAAAAAAAAAAAAAAAAAAAAAAAAA
AAAAAAAAAAAAAAAAAAAAAAAAAAAAAAAAAAAAAAAAAAAAAAAAAAAAAAAAAAAAAAAAAAAAAAAAAAAA
AAAAAAAAAAAAAAAAAAAAAAAAAAAAAAAAAAAAAAAAAAAAAAAAAAAAAAAAAAAAAAAAAAAAAAAAAAAA
AAAAAAAAAAAAAAAAAAAAAAAAAAAAAAAAAAAAAAAAAAAAAAAAAAAAAAAAAAAAAAAAAAAAAAAAAAAA
AAAAAAAAAAAAAAAAAAAAAAAAAAAAAAAAAAAAAAAAAAAAAAAAAAAAAAAAAAAAAAAAAAAAAAAAAAAA
AAAAAAAAAAAAAAAAAAAAAAAAAAAAAAAAAAAAAAAAAAAAAAAAAAAAAAAAAAAAAAAAAAAAAAAAAAAA
AAAAAAAAAAAAAAAAAAAAAAAAAAAAAAAAAAAAAAAAAAAAAAAAAAAAAAAAAAAAAAAAAAAAAAAAAAAA
AAAAAAAAAAAAAAAAAAAAAAAAAAAAAAAAAAAAAAAAAAAAAAAAAAAAAAAAAAAAAAAAAAAAAAAAAAAA
AAAAAAAAAAAAAAAAAAAAAAAAAAAAAAAAAAAAAAAAAAAAAAAAAAAAAAAAAAAAAAAAAAAAAAAAAAAA
AAAAAAAAAAAAAAAAAAAAAAAAAAAAAAAAAAAAAAAAAAAAAAAAAAAAAAAAAAAAAAAAAAAAAAAAAAAA
AAAAAAAAAAAAAAAAAAAAAAAAAAAAAAAAAAAAAAAAAAAAAAAAAAAAAAAAAAAAAAAAAAAAAAAAAAAA
AAAAAAAAAAAAAAAAAAAAAAAAAAAAAAAAAAAAAAAAAAAAAAAAAAAAAAAAAAAAAAAAAAAAAAAAAAAA
AAAAAAAAAAAAAAAAAAAAAAAAAAAAAAAAAAAAAAAAAAAAAAAAAAAAAAAAAAAAAAAAAAAAAAAAAAAA
AAAAAAAAAAAAAAAAAAAAAAAAAAAAAAAAAAAAAAAAAAAAAAAAAAAAAAAAAAAAAAAAAAAAAAAAAAAA
AAAAAAAAAAAAAAAAAAAAAAAAAAAAAAAAAAAAAAAAAAAAAAAAAAAAAAAAAAAAAAAAAAAAAAAAAAAA
AAAAAAAAAAAAAAAAAAAAAAAAAAAAAAAAAAAAAAAAAAAAAAAAAAAAAAAAAAAAAAAAAAAAAAAAAAAA
AAAAAAAAAAAAAAAAAAAAAAAAAAAAAAAAAAAAAAAAAAAAAAAAAAAAAAAAAAAAAAAAAAAAAAAAAAAA
AAAAAAAAAAAAAAAAAAAAAAAAAAAAAAAAAAAAAAAAAAAAAAAAAAAAAAAAAAAAAAAAAAAAAAAAAAAA
AAAAAAAAAAAAAAAAAAAAAAAAAAAAAAAAAAAAAAAAAAAAAAAAAAAAAAAAAAAAAAAAAAAAAAAAAAAA
AAAAAAAAAAAAAAAAAAAAAAAAAAAAAAAAAAAAAAAAAAAAAAAAAAAAAAAAAAAAAAAAAAAAAAAAAAAA
AAAAAAAAAAAAAAAAAAAAAAAAAAAAAAAAAAAAAAAAAAAAAAAAAAAAAAAAAAAAAAAAAAAAAAAAAAAA
AAAAAAAAAAAAAAAAAAAAAAAAAAAAAAAAAAAAAAAAAAAAAAAAAAAAAAAAAAAAAAAAAAAAAAAAAAAA
AAAAAAAAAAAAAAAAAAAAAAAAAAAAAAAAAAAAAAAAAAAAAAAAAAAAAAAAAAAAAAAAAAAAAAAAAAAA
AAAAAAAAAAAAAAAAAAAAAAAAAAAAAAAAAAAAAAAAAAAAAAAAAAAAAAAAAAAAAAAAAAAAAAAAAAAA
AAAAAAAAAAAAAAAAAAAAAAAAAAAAAAAAAAAAAAAAAAAAAAAAAAAAAAAAAAAAAAAAAAAAAAAAAAAA
AAAAAAAAAAAAAAAAAAAAAAAAAAAAAAAAAAAAAAAAAAAAAAAAAAAAAAAAAAAAAAAAAAAAAAAAAAAA
AAAAAAAAAAAAAAAAAAAAAAAAAAAAAAAAAAAAAAAAAAAAAAAAAAAAAAAAAAAAAAAAAAAAAAAAAAAA
AAAAAAAAAAAAAAAAAAAAAAAAAAAAAAAAAAAAAAAAAAAAAAAAAAAAAAAAAAAAAAAAAAAAAAAAAAAA
AAAAAAAAAAAAAAAAAAAAAAAAAAAAAAAAAAAAAAAAAAAAAAAAAAAAAAAAAAAAAAAAAAAAAAAAAAAA
AAAAAAAAAAAAAAAAAAAAAAAAAAAAAAAAAAAAAAAAAAAAAAAAAAAAAAAAAAAAAAAAAAAAAAAAAAAA
AAAAAAAAAAAAAAAAAAAAAAAAAAAAAAAAAAAAAAAAAAAAAAAAAAAAAAAAAAAAAAAAAAAAAAAAAAAA
AAAAAAAAAAAAAAAAAAAAAAAAAAAAAAAAAAAAAAAAAAAAAAAAAAAAAAAAAAAAAAAAAAAAAAAAAAAA
AAAAAAAAAAAAAAAAAAAAAAAAAAAAAAAAAAAAAAAAAAAAAAAAAAAAAAAAAAAAAAAAAAAAAAAAAAAA
AAAAAAAAAAAAAAAAAAAAAAAAAAAAAAAAAAAAAAAAAAAAAAAAAAAAAAAAAAAAAAAAAAAAAAAAAAAA
AAAAAAAAAAAAAAAAAAAAAAAAAAAAAAAAAAAAAAAAAAAAAAAAAAAAAAAAAAAAAAAAAAAAAAAAAAAA
AAAAAAAAAAAAAAAAAAAAAAAAAAAAAAAAAAAAAAAAAAAAAAAAAAAAAAAAAAAAAAAAAAAAAAAAAAAA
AAAAAAAAAAAAAAAAAAAAAAAAAAAAAAAAAAAAAAAAAAAAAAAAAAAAAAAAAAAAAAAAAAAAAAAAAAAA
AAAAAAAAAAAAAAAAAAAAAAAAAAAAAAAAAAAAAAAAAAAAAAAAAAAAAAAAAAAAAAAAAAAAAAAAAAAA
AAAAAAAAAAAAAAAAAAAAAAAAAAAAAAAAAAAAAAAAAAAAAAAAAAAAAAAAAAAAAAAAAAAAAAAAAAAA
AAAAAAAAAAAAAAAAAAAAAAAAAAAAAAAAAAAAAAAAAAAAAAAAAAAAAAAAAAAAAAAAAAAAAAAAAAAA
AAAAAAAAAAAAAAAAAAAAAAAAAAAAAAAAAAAAAAAAAAAAAAAAAAAAAAAAAAAAAAAAAAAAAAAAAAAA
AAAAAAAAAAAAAAAAAAAAAAAAAAAAAAAAAAAAAAAAAAAAAAAAAAAAAAAAAAAAAAAAAAAAAAAAAAAA
AAAAAAAAAAAAAAAAAAAAAAAAAAAAAAAAAAAAAAAAAAAAAAAAAAAAAAAAAAAAAAAAAAAAAAAAAAAA
AAAAAAAAAAAAAAAAAAAAAAAAAAAAAAAAAAAAAAAAAAAAAAAAAAAAAAAAAAAAAAAAAAAAAAAAAAAA
AAAAAAAAAAAAAAAAAAAAAAAAAAAAAAAAAAAAAAAAAAAAAAAAAAAAAAAAAAAAAAAAAAAAAAAAAAAA
AAAAAAAAAAAAAAAAAAAAAAAAAAAAAAAAAAAAAAAAAAAAAAAAAAAAAAAAAAAAAAAAAAAAAAAAAAAA
AAAAAAAAAAAAAAAAAAAAAAAAAAAAAAAAAAAAAAAAAAAAAAAAAAAAAAAAAAAAAAAAAAAAAAAAAAAA
AAAAAAAAAAAAAAAAAAAAAAAAAAAAAAAAAAAAAAAAAAAAAAAAAAAAAAAAAAAAAAAAAAAAAAAAAAAA
AAAAAAAAAAAAAAAAAAAAAAAAAAAAAAAAAAAAAAAAAAAAAAAAAAAAAAAAAAAAAAAAAAAAAAAAAAAA
AAAAAAAAAAAAAAAAAAAAAAAAAAAAAAAAAAAAAAAAAAAAAAAAAAAAAAAAAAAAAAAAAAAAAAAAAAAA
AAAAAAAAAAAAAAAAAAAAAAAAAAAAAAAAAAAAAAAAAAAAAAAAAAAAAAAAAAAAAAAAAAAAAAAAAAAA
AAAAAAAAAAAAAAAAAAAAAAAAAAAAAAAAAAAAAAAAAAAAAAAAAAAAAAAAAAAAAAAAAAAAAAAAAAAA
AAAAAAAAAAAAAAAAAAAAAAAAAAAAAAAAAAAAAAAAAAAAAAAAAAAAAAAAAAAAAAAAAAAAAAAAAAAA
AAAAAAAAAAAAAAAAAAAAAAAAAAAAAAAAAAAAAAAAAAAAAAAAAAAAAAAAAAAAAAAAAAAAAAAAAAAA
AAAAAAAAAAAAAAAAAAAAAAAAAAAAAAAAAAAAAAAAAAAAAAAAAAAAAAAAAAAAAAAAAAAAAAAAAAAA
AAAAAAAAAAAAAAAAAAAAAAAAAAAAAAAAAAAAAAAAAAAAAAAAAAAAAAAAAAAAAAAAAAAAAAAAAAAA
AAAAAAAAAAAAAAAAAAAAAAAAAAAAAAAAAAAAAAAAAAAAAAAAAAAAAAAAAAAAAAAAAAAAAAAAAAAA
AAAAAAAAAAAAAAAAAAAAAAAAAAAAAAAAAAAAAAAAAAAAAAAAAAAAAAAAAAAAAAAAAAAAAAAAAAAA
AAAAAAAAAAAAAAAAAAAAAAAAAAAAAAAAAAAAAAAAAAAAAAAAAAAAAAAAAAAAAAAAAAAAAAAAAAAA
AAAAAAAAAAAAAAAAAAAAAAAAAAAAAAAAAAAAAAAAAAAAAAAAAAAAAAAAAAAAAAAAAAAAAAAAAAAA
AAAAAAAAAAAAAAAAAAAAAAAAAAAAAAAAAAAAAAAAAAAAAAAAAAAAAAAAAAAAAAAAAAAAAAAAAAAA
AAAAAAAAAAAAAAAAAAAAAAAAAAAAAAAAAAAAAAAAAAAAAAAAAAAAAAAAAAAAAAAAAAAAAAAAAAAA
AAAAAAAAAAAAAAAAAAAAAAAAAAAAAAAAAAAAAAAAAAAAAAAAAAAAAAAAAAAAAAAAAAAAAAAAAAAA
AAAAAAAAAAAAAAAAAAAAAAAAAAAAAAAAAAAAAAAAAAAAAAAAAAAAAAAAAAAAAAAAAAAAAAAAAAAA
AAAAAAAAAAAAAAAAAAAAAAAAAAAAAAAAAAAAAAAAAAAAAAAAAAAAAAAAAAAAAAAAAAAAAAAAAAAA
AAAAAAAAAAAAAAAAAAAAAAAAAAAAAAAAAAAAAAAAAAAAAAAAAAAAAAAAAAAAAAAAAAAAAAAAAAAA
AAAAAAAAAAAAAAAAAAAAAAAAAAAAAAAAAAAAAAAAAAAAAAAAAAAAAAAAAAAAAAAAAAAAAAAAAAAA
AAAAAAAAAAAAAAAAAAAAAAAAAAAAAAAAAAAAAAAAAAAAAAAAAAAAAAAAAAAAAAAAAAAAAAAAAAAA
AAAAAAAAAAAAAAAAAAAAAAAAAAAAAAAAAAAAAAAAAAAAAAAAAAAAAAAAAAAAAAAAAAAAAAAAAAAA
AAAAAAAAAAAAAAAAAAAAAAAAAAAAAAAAAAAAAAAAAAAAAAAAAAAAAAAAAAAAAAAAAAAAAAAAAAAA
AAAAAAAAAAAAAAAAAAAAAAAAAAAAAAAAAAAAAAAAAAAAAAAAAAAAAAAAAAAAAAAAAAAAAAAAAAAA
AAAAAAAAAAAAAAAAAAAAAAAAAAAAAAAAAAAAAAAAAAAAAAAAAAAAAAAAAAAAAAAAAAAAAAAAAAAA
AAAAAAAAAAAAAAAAAAAAAAAAAAAAAAAAAAAAAAAAAAAAAAAAAAAAAAAAAAAAAAAAAAAAAAAAAAAA
AAAAAAAAAAAAAAAAAAAAAAAAAAAAAAAAAAAAAAAAAAAAAAAAAAAAAAAAAAAAAAAAAAAAAAAAAAAA
AAAAAAAAAAAAAAAAAAAAAAAAAAAAAAAAAAAAAAAAAAAAAAAAAAAAAAAAAAAAAAAAAAAAAAAAAAAA
AAAAAAAAAAAAAAAAAAAAAAAAAAAAAAAAAAAAAAAAAAAAAAAAAAAAAAAAAAAAAAAAAAAAAAAAAAAA
AAAAAAAAAAAAAAAAAAAAAAAAAAAAAAAAAAAAAAAAAAAAAAAAAAAAAAAAAAAAAAAAAAAAAAAAAAAA
AAAAAAAAAAAAAAAAAAAAAAAAAAAAAAAAAAAAAAAAAAAAAAAAAAAAAAAAAAAAAAAAAAAAAAAAAAAA
AAAAAAAAAAAAAAAAAAAAAAAAAAAAAAAAAAAAAAAAAAAAAAAAAAAAAAAAAAAAAAAAAAAAAAAAAAAA
AAAAAAAAAAAAAAAAAAAAAAAAAAAAAAAAAAAAAAAAAAAAAAAAAAAAAAAAAAAAAAAAAAAAAAAAAAAA
AAAAAAAAAAAAAAAAAAAAAAAAAAAAAAAAAAAAAAAAAAAAAAAAAAAAAAAAAAAAAAAAAAAAAAAAAAAA
AAAAAAAAAAAAAAAAAAAAAAAAAAAAAAAAAAAAAAAAAAAAAAAAAAAAAAAAAAAAAAAAAAAAAAAAAAAA
AAAAAAAAAAAAAAAAAAAAAAAAAAAAAAAAAAAAAAAAAAAAAAAAAAAAAAAAAAAAAAAAAAAAAAAAAAAA
AAAAAAAAAAAAAAAAAAAAAAAAAAAAAAAAAAAAAAAAAAAAAAAAAAAAAAAAAAAAAAAAAAAAAAAAAAAA
AAAAAAAAAAAAAAAAAAAAAAAAAAAAAAAAAAAAAAAAAAAAAAAAAAAAAAAAAAAAAAAAAAAAAAAAAAAA
AAAAAAAAAAAAAAAAAAAAAAAAAAAAAAAAAAAAAAAAAAAAAAAAAAAAAAAAAAAAAAAAAAAAAAAAAAAA
AAAAAAAAAAAAAAAAAAAAAAAAAAAAAAAAAAAAAAAAAAAAAAAAAAAAAAAAAAAAAAAAAAAAAAAAAAAA
AAAAAAAAAAAAAAAAAAAAAAAAAAAAAAAAAAAAAAAAAAAAAAAAAAAAAAAAAAAAAAAAAAAAAAAAAAAA
AAAAAAAAAAAAAAAAAAAAAAAAAAAAAAAAAAAAAAAAAAAAAAAAAAAAAAAAAAAAAAAAAAAAAAAAAAAA
AAAAAAAAAAAAAAAAAAAAAAAAAAAAAAAAAAAAAAAAAAAAAAAAAAAAAAAAAAAAAAAAAAAAAAAAAAAA
AAAAAAAAAAAAAAAAAAAAAAAAAAAAAAAAAAAAAAAAAAAAAAAAAAAAAAAAAAAAAAAAAAAAAAAAAAAA
AAAAAAAAAAAAAAAAAAAAAAAAAAAAAAAAAAAAAAAAAAAAAAAAAAAAAAAAAAAAAAAAAAAAAAAAAAAA
AAAAAAAAAAAAAAAAAAAAAAAAAAAAAAAAAAAAAAAAAAAAAAAAAAAAAAAAAAAAAAAAAAAAAAAAAAAA
AAAAAAAAAAAAAAAAAAAAAAAAAAAAAAAAAAAAAAAAAAAAAAAAAAAAAAAAAAAAAAAAAAAAAAAAAAAA
AAAAAAAAAAAAAAAAAAAAAAAAAAAAAAAAAAAAAAAAAAAAAAAAAAAAAAAAAAAAAAAAAAAAAAAAAAAA
AAAAAAAAAAAAAAAAAAAAAAAAAAAAAAAAAAAAAAAAAAAAAAAAAAAAAAAAAAAAAAAAAAAAAAAAAAAA
AAAAAAAAAAAAAAAAAAAAAAAAAAAAAAAAAAAAAAAAAAAAAAAAAAAAAAAAAAAAAAAAAAAAAAAAAAAA
AAAAAAAAAAAAAAAAAAAAAAAAAAAAAAAAAAAAAAAAAAAAAAAAAAAAAAAAAAAAAAAAAAAAAAAAAAAA
AAAAAAAAAAAAAAAAAAAAAAAAAAAAAAAAAAAAAAAAAAAAAAAAAAAAAAAAAAAAAAAAAAAAAAAAAAAA
AAAAAAAAAAAAAAAAAAAAAAAAAAAAAAAAAAAAAAAAAAAAAAAAAAAAAAAAAAAAAAAAAAAAAAAAAAAA
AAAAAAAAAAAAAAAAAAAAAAAAAAAAAAAAAAAAAAAAAAAAAAAAAAAAAAAAAAAAAAAAAAAAAAAAAAAA
AAAAAAAAAAAAAAAAAAAAAAAAAAAAAAAAAAAAAAAAAAAAAAAAAAAAAAAAAAAAAAAAAAAAAAAAAAAA
AAAAAAAAAAAAAAAAAAAAAAAAAAAAAAAAAAAAAAAAAAAAAAAAAAAAAAAAAAAAAAAAAAAAAAAAAAAA
AAAAAAAAAAAAAAAAAAAAAAAAAAAAAAAAAAAAAAAAAAAAAAAAAAAAAAAAAAAAAAAAAAAAAAAAAAAA
AAAAAAAAAAAAAAAAAAAAAAAAAAAAAAAAAAAAAAAAAAAAAAAAAAAAAAAAAAAAAAAAAAAAAAAAAAAA
AAAAAAAAAAAAAAAAAAAAAAAAAAAAAAAAAAAAAAAAAAAAAAAAAAAAAAAAAAAAAAAAAAAAAAAAAAAA
AAAAAAAAAAAAAAAAAAAAAAAAAAAAAAAAAAAAAAAAAAAAAAAAAAAAAAAAAAAAAAAAAAAAAAAAAAAA
AAAAAAAAAAAAAAAAAAAAAAAAAAAAAAAAAAAAAAAAAAAAAAAAAAAAAAAAAAAAAAAAAAAAAAAAAAAA
AAAAAAAAAAAAAAAAAAAAAAAAAAAAAAAAAAAAAAAAAAAAAAAAAAAAAAAAAAAAAAAAAAAAAAAAAAAA
AAAAAAAAAAAAAAAAAAAAAAAAAAAAAAAAAAAAAAAAAAAAAAAAAAAAAAAAAAAAAAAAAAAAAAAAAAAA
AAAAAAAAAAAAAAAAAAAAAAAAAAAAAAAAAAAAAAAAAAAAAAAAAAAAAAAAAAAAAAAAAAAAAAAAAAAA
AAAAAAAAAAAAAAAAAAAAAAAAAAAAAAAAAAAAAAAAAAAAAAAAAAAAAAAAAAAAAAAAAAAAAAAAAAAA
AAAAAAAAAAAAAAAAAAAAAAAAAAAAAAAAAAAAAAAAAAAAAAAAAAAAAAAAAAAAAAAAAAAAAAAAAAAA
AAAAAAAAAAAAAAAAAAAAAAAAAAAAAAAAAAAAAAAAAAAAAAAAAAAAAAAAAAAAAAAAAAAAAAAAAAAA
AAAAAAAAAAAAAAAAAAAAAAAAAAAAAAAAAAAAAAAAAAAAAAAAAAAAAAAAAAAAAAAAAAAAAAAAAAAA
AAAAAAAAAAAAAAAAAAAAAAAAAAAAAAAAAAAAAAAAAAAAAAAAAAAAAAAAAAAAAAAAAAAAAAAAAAAA
AAAAAAAAAAAAAAAAAAAAAAAAAAAAAAAAAAAAAAAAAAAAAAAAAAAAAAAAAAAAAAAAAAAAAAAAAAAA
AAAAAAAAAAAAAAAAAAAAAAAAAAAAAAAAAAAAAAAAAAAAAAAAAAAAAAAAAAAAAAAAAAAAAAAAAAAA
AAAAAAAAAAAAAAAAAAAAAAAAAAAAAAAAAAAAAAAAAAAAAAAAAAAAAAAAAAAAAAAAAAAAAAAAAAAA
AAAAAAAAAAAAAAAAAAAAAAAAAAAAAAAAAAAAAAAAAAAAAAAAAAAAAAAAAAAAAAAAAAAAAAAAAAAA
AAAAAAAAAAAAAAAAAAAAAAAAAAAAAAAAAAAAAAAAAAAAAAAAAAAAAAAAAAAAAAAAAAAAAAAAAAAA
AAAAAAAAAAAAAAAAAAAAAAAAAAAAAAAAAAAAAAAAAAAAAAAAAAAAAAAAAAAAAAAAAAAAAAAAAAAA
AAAAAAAAAAAAAAAAAAAAAAAAAAAAAAAAAAAAAAAAAAAAAAAAAAAAAAAAAAAAAAAAAAAAAAAAAAAA
AAAAAAAAAAAAAAAAAAAAAAAAAAAAAAAAAAAAAAAAAAAAAAAAAAAAAAAAAAAAAAAAAAAAAAAAAAAA
AAAAAAAAAAAAAAAAAAAAAAAAAAAAAAAAAAAAAAAAAAAAAAAAAAAAAAAAAAAAAAAAAAAAAAAAAAAA
AAAAAAAAAAAAAAAAAAAAAAAAAAAAAAAAAAAAAAAAAAAAAAAAAAAAAAAAAAAAAAAAAAAAAAAAAAAA
AAAAAAAAAAAAAAAAAAAAAAAAAAAAAAAAAAAAAAAAAAAAAAAAAAAAAAAAAAAAAAAAAAAAAAAAAAAA
AAAAAAAAAAAAAAAAAAAAAAAAAAAAAAAAAAAAAAAAAAAAAAAAAAAAAAAAAAAAAAAAAAAAAAAAAAAA
AAAAAAAAAAAAAAAAAAAAAAAAAAAAAAAAAAAAAAAAAAAAAAAAAAAAAAAAAAAAAAAAAAAAAAAAAAAA
AAAAAAAAAAAAAAAAAAAAAAAAAAAAAAAAAAAAAAAAAAAAAAAAAAAAAAAAAAAAAAAAAAAAAAAAAAAA
AAAAAAAAAAAAAAAAAAAAAAAAAAAAAAAAAAAAAAAAAAAAAAAAAAAAAAAAAAAAAAAAAAAAAAAAAAAA
AAAAAAAAAAAAAAAAAAAAAAAAAAAAAAAAAAAAAAAAAAAAAAAAAAAAAAAAAAAAAAAAAAAAAAAAAAAA
AAAAAAAAAAAAAAAAAAAAAAAAAAAAAAAAAAAAAAAAAAAAAAAAAAAAAAAAAAAAAAAAAAAAAAAAAAAA
AAAAAAAAAAAAAAAAAAAAAAAAAAAAAAAAAAAAAAAAAAAAAAAAAAAAAAAAAAAAAAAAAAAAAAAAAAAA
AAAAAAAAAAAAAAAAAAAAAAAAAAAAAAAAAAAAAAAAAAAAAAAAAAAAAAAAAAAAAAAAAAAAAAAAAAAA
AAAAAAAAAAAAAAAAAAAAAAAAAAAAAAAAAAAAAAAAAAAAAAAAAAAAAAAAAAAAAAAAAAAAAAAAAAAA
AAAAAAAAAAAAAAAAAAAAAAAAAAAAAAAAAAAAAAAAAAAAAAAAAAAAAAAAAAAAAAAAAAAAAAAAAAAA
AAAAAAAAAAAAAAAAAAAAAAAAAAAAAAAAAAAAAAAAAAAAAAAAAAAAAAAAAAAAAAAAAAAAAAAAAAAA
AAAAAAAAAAAAAAAAAAAAAAAAAAAAAAAAAAAAAAAAAAAAAAAAAAAAAAAAAAAAAAAAAAAAAAAAAAAA
AAAAAAAAAAAAAAAAAAAAAAAAAAAAAAAAAAAAAAAAAAAAAAAAAAAAAAAAAAAAAAAAAAAAAAAAAAAA
AAAAAAAAAAAAAAAAAAAAAAAAAAAAAAAAAAAAAAAAAAAAAAAAAAAAAAAAAAAAAAAAAAAAAAAAAAAA
AAAAAAAAAAAAAAAAAAAAAAAAAAAAAAAAAAAAAAAAAAAAAAAAAAAAAAAAAAAAAAAAAAAAAAAAAAAA
AAAAAAAAAAAAAAAAAAAAAAAAAAAAAAAAAAAAAAAAAAAAAAAAAAAAAAAAAAAAAAAAAAAAAAAAAAAA
AAAAAAAAAAAAAAAAAAAAAAAAAAAAAAAAAAAAAAAAAAAAAAAAAAAAAAAAAAAAAAAAAAAAAAAAAAAA
AAAAAAAAAAAAAAAAAAAAAAAAAAAAAAAAAAAAAAAAAAAAAAAAAAAAAAAAAAAAAAAAAAAAAAAAAAAA
AAAAAAAAAAAAAAAAAAAAAAAAAAAAAAAAAAAAAAAAAAAAAAAAAAAAAAAAAAAAAAAAAAAAAAAAAAAA
AAAAAAAAAAAAAAAAAAAAAAAAAAAAAAAAAAAAAAAAAAAAAAAAAAAAAAAAAAAAAAAAAAAAAAAAAAAA
AAAAAAAAAAAAAAAAAAAAAAAAAAAAAAAAAAAAAAAAAAAAAAAAAAAAAAAAAAAAAAAAAAAAAAAAAAAA
AAAAAAAAAAAAAAAAAAAAAAAAAAAAAAAAAAAAAAAAAAAAAAAAAAAAAAAAAAAAAAAAAAAAAAAAAAAA
AAAAAAAAAAAAAAAAAAAAAAAAAAAAAAAAAAAAAAAAAAAAAAAAAAAAAAAAAAAAAAAAAAAAAAAAAAAA
AAAAAAAAAAAAAAAAAAAAAAAAAAAAAAAAAAAAAAAAAAAAAAAAAAAAAAAAAAAAAAAAAAAAAAAAAAAA
AAAAAAAAAAAAAAAAAAAAAAAAAAAAAAAAAAAAAAAAAAAAAAAAAAAAAAAAAAAAAAAAAAAAAAAAAAAA
AAAAAAAAAAAAAAAAAAAAAAAAAAAAAAAAAAAAAAAAAAAAAAAAAAAAAAAAAAAAAAAAAAAAAAAAAAAA
AAAAAAAAAAAAAAAAAAAAAAAAAAAAAAAAAAAAAAAAAAAAAAAAAAAAAAAAAAAAAAAAAAAAAAAAAAAA
AAAAAAAAAAAAAAAAAAAAAAAAAAAAAAAAAAAAAAAAAAAAAAAAAAAAAAAAAAAAAAAAAAAAAAAAAAAA
AAAAAAAAAAAAAAAAAAAAAAAAAAAAAAAAAAAAAAAAAAAAAAAAAAAAAAAAAAAAAAAAAAAAAAAAAAAA
AAAAAAAAAAAAAAAAAAAAAAAAAAAAAAAAAAAAAAAAAAAAAAAAAAAAAAAAAAAAAAAAAAAAAAAAAAAA
AAAAAAAAAAAAAAAAAAAAAAAAAAAAAAAAAAAAAAAAAAAAAAAAAAAAAAAAAAAAAAAAAAAAAAAAAAAA
AAAAAAAAAAAAAAAAAAAAAAAAAAAAAAAAAAAAAAAAAAAAAAAAAAAAAAAAAAAAAAAAAAAAAAAAAAAA
AAAAAAAAAAAAAAAAAAAAAAAAAAAAAAAAAAAAAAAAAAAAAAAAAAAAAAAAAAAAAAAAAAAAAAAAAAAA
AAAAAAAAAAAAAAAAAAAAAAAAAAAAAAAAAAAAAAAAAAAAAAAAAAAAAAAAAAAAAAAAAAAAAAAAAAAA
AAAAAAAAAAAAAAAAAAAAAAAAAAAAAAAAAAAAAAAAAAAAAAAAAAAAAAAAAAAAAAAAAAAAAAAAAAAA
AAAAAAAAAAAAAAAAAAAAAAAAAAAAAAAAAAAAAAAAAAAAAAAAAAAAAAAAAAAAAAAAAAAAAAAAAAAA
AAAAAAAAAAAAAAAAAAAAAAAAAAAAAAAAAAAAAAAAAAAAAAAAAAAAAAAAAAAAAAAAAAAAAAAAAAAA
AAAAAAAAAAAAAAAAAAAAAAAAAAAAAAAAAAAAAAAAAAAAAAAAAAAAAAAAAAAAAAAAAAAAAAAAAAAA
AAAAAAAAAAAAAAAAAAAAAAAAAAAAAAAAAAAAAAAAAAAAAAAAAAAAAAAAAAAAAAAAAAAAAAAAAAAA
AAAAAAAAAAAAAAAAAAAAAAAAAAAAAAAAAAAAAAAAAAAAAAAAAAAAAAAAAAAAAAAAAAAAAAAAAAAA
AAAAAAAAAAAAAAAAAAAAAAAAAAAAAAAAAAAAAAAAAAAAAAAAAAAAAAAAAAAAAAAAAAAAAAAAAAAA
AAAAAAAAAAAAAAAAAAAAAAAAAAAAAAAAAAAAAAAAAAAAAAAAAAAAAAAAAAAAAAAAAAAAAAAAAAAA
AAAAAAAAAAAAAAAAAAAAAAAAAAAAAAAAAAAAAAAAAAAAAAAAAAAAAAAAAAAAAAAAAAAAAAAAAAAA
AAAAAAAAAAAAAAAAAAAAAAAAAAAAAAAAAAAAAAAAAAAAAAAAAAAAAAAAAAAAAAAAAAAAAAAAAAAA
AAAAAAAAAAAAAAAAAAAAAAAAAAAAAAAAAAAAAAAAAAAAAAAAAAAAAAAAAAAAAAAAAAAAAAAAAAAA
AAAAAAAAAAAAAAAAAAAAAAAAAAAAAAAAAAAAAAAAAAAAAAAAAAAAAAAAAAAAAAAAAAAAAAAAAAAA
AAAAAAAAAAAAAAAAAAAAAAAAAAAAAAAAAAAAAAAAAAAAAAAAAAAAAAAAAAAAAAAAAAAAAAAAAAAA
AAAAAAAAAAAAAAAAAAAAAAAAAAAAAAAAAAAAAAAAAAAAAAAAAAAAAAAAAAAAAAAAAAAAAAAAAAAA
AAAAAAAAAAAAAAAAAAAAAAAAAAAAAAAAAAAAAAAAAAAAAAAAAAAAAAAAAAAAAAAAAAAAAAAAAAAA
AAAAAAAAAAAAAAAAAAAAAAAAAAAAAAAAAAAAAAAAAAAAAAAAAAAAAAAAAAAAAAAAAAAAAAAAAAAA
AAAAAAAAAAAAAAAAAAAAAAAAAAAAAAAAAAAAAAAAAAAAAAAAAAAAAAAAAAAAAAAAAAAAAAAAAAAA
AAAAAAAAAAAAAAAAAAAAAAAAAAAAAAAAAAAAAAAAAAAAAAAAAAAAAAAAAAAAAAAAAAAAAAAAAAAA
AAAAAAAAAAAAAAAAAAAAAAAAAAAAAAAAAAAAAAAAAAAAAAAAAAAAAAAAAAAAAAAAAAAAAAAAAAAA
AAAAAAAAAAAAAAAAAAAAAAAAAAAAAAAAAAAAAAAAAAAAAAAAAAAAAAAAAAAAAAAAAAAAAAAAAAAA
AAAAAAAAAAAAAAAAAAAAAAAAAAAAAAAAAAAAAAAAAAAAAAAAAAAAAAAAAAAAAAAAAAAAAAAAAAAA
AAAAAAAAAAAAAAAAAAAAAAAAAAAAAAAAAAAAAAAAAAAAAAAAAAAAAAAAAAAAAAAAAAAAAAAAAAAA
AAAAAAAAAAAAAAAAAAAAAAAAAAAAAAAAAAAAAAAAAAAAAAAAAAAAAAAAAAAAAAAAAAAAAAAAAAAA
AAAAAAAAAAAAAAAAAAAAAAAAAAAAAAAAAAAAAAAAAAAAAAAAAAAAAAAAAAAAAAAAAAAAAAAAAAAA
AAAAAAAAAAAAAAAAAAAAAAAAAAAAAAAAAAAAAAAAAAAAAAAAAAAAAAAAAAAAAAAAAAAAAAAAAAAA
AAAAAAAAAAAAAAAAAAAAAAAAAAAAAAAAAAAAAAAAAAAAAAAAAAAAAAAAAAAAAAAAAAAAAAAAAAAA
AAAAAAAAAAAAAAAAAAAAAAAAAAAAAAAAAAAAAAAAAAAAAAAAAAAAAAAAAAAAAAAAAAAAAAAAAAAA
AAAAAAAAAAAAAAAAAAAAAAAAAAAAAAAAAAAAAAAAAAAAAAAAAAAAAAAAAAAAAAAAAAAAAAAAAAAA
AAAAAAAAAAAAAAAAAAAAAAAAAAAAAAAAAAAAAAAAAAAAAAAAAAAAAAAAAAAAAAAAAAAAAAAAAAAA
AAAAAAAAAAAAAAAAAAAAAAAAAAAAAAAAAAAAAAAAAAAAAAAAAAAAAAAAAAAAAAAAAAAAAAAAAAAA
AAAAAAAAAAAAAAAAAAAAAAAAAAAAAAAAAAAAAAAAAAAAAAAAAAAAAAAAAAAAAAAAAAAAAAAAAAAA
AAAAAAAAAAAAAAAAAAAAAAAAAAAAAAAAAAAAAAAAAAAAAAAAAAAAAAAAAAAAAAAAAAAAAAAAAAAA
AAAAAAAAAAAAAAAAAAAAAAAAAAAAAAAAAAAAAAAAAAAAAAAAAAAAAAAAAAAAAAAAAAAAAAAAAAAA
AAAAAAAAAAAAAAAAAAAAAAAAAAAAAAAAAAAAAAAAAAAAAAAAAAAAAAAAAAAAAAAAAAAAAAAAAAAA
AAAAAAAAAAAAAAAAAAAAAAAAAAAAAAAAAAAAAAAAAAAAAAAAAAAAAAAAAAAAAAAAAAAAAAAAAAAA
AAAAAAAAAAAAAAAAAAAAAAAAAAAAAAAAAAAAAAAAAAAAAAAAAAAAAAAAAAAAAAAAAAAAAAAAAAAA
AAAAAAAAAAAAAAAAAAAAAAAAAAAAAAAAAAAAAAAAAAAAAAAAAAAAAAAAAAAAAAAAAAAAAAAAAAAA
AAAAAAAAAAAAAAAAAAAAAAAAAAAAAAAAAAAAAAAAAAAAAAAAAAAAAAAAAAAAAAAAAAAAAAAAAAAA
AAAAAAAAAAAAAAAAAAAAAAAAAAAAAAAAAAAAAAAAAAAAAAAAAAAAAAAAAAAAAAAAAAAAAAAAAAAA
AAAAAAAAAAAAAAAAAAAAAAAAAAAAAAAAAAAAAAAAAAAAAAAAAAAAAAAAAAAAAAAAAAAAAAAAAAAA
AAAAAAAAAAAAAAAAAAAAAAAAAAAAAAAAAAAAAAAAAAAAAAAAAAAAAAAAAAAAAAAAAAAAAAAAAAAA
AAAAAAAAAAAAAAAAAAAAAAAAAAAAAAAAAAAAAAAAAAAAAAAAAAAAAAAAAAAAAAAAAAAAAAAAAAAA
AAAAAAAAAAAAAAAAAAAAAAAAAAAAAAAAAAAAAAAAAAAAAAAAAAAAAAAAAAAAAAAAAAAAAAAAAAAA
AAAAAAAAAAAAAAAAAAAAAAAAAAAAAAAAAAAAAAAAAAAAAAAAAAAAAAAAAAAAAAAAAAAAAAAAAAAA
AAAAAAAAAAAAAAAAAAAAAAAAAAAAAAAAAAAAAAAAAAAAAAAAAAAAAAAAAAAAAAAAAAAAAAAAAAAA
AAAAAAAAAAAAAAAAAAAAAAAAAAAAAAAAAAAAAAAAAAAAAAAAAAAAAAAAAAAAAAAAAAAAAAAAAAAA
AAAAAAAAAAAAAAAAAAAAAAAAAAAAAAAAAAAAAAAAAAAAAAAAAAAAAAAAAAAAAAAAAAAAAAAAAAAA
AAAAAAAAAAAAAAAAAAAAAAAAAAAAAAAAAAAAAAAAAAAAAAAAAAAAAAAAAAAAAAAAAAAAAAAAAAAA
AAAAAAAAAAAAAAAAAAAAAAAAAAAAAAAAAAAAAAAAAAAAAAAAAAAAAAAAAAAAAAAAAAAAAAAAAAAA
AAAAAAAAAAAAAAAAAAAAAAAAAAAAAAAAAAAAAAAAAAAAAAAAAAAAAAAAAAAAAAAAAAAAAAAAAAAA
AAAAAAAAAAAAAAAAAAAAAAAAAAAAAAAAAAAAAAAAAAAAAAAAAAAAAAAAAAAAAAAAAAAAAAAAAAAA
AAAAAAAAAAAAAAAAAAAAAAAAAAAAAAAAAAAAAAAAAAAAAAAAAAAAAAAAAAAAAAAAAAAAAAAAAAAA
AAAAAAAAAAAAAAAAAAAAAAAAAAAAAAAAAAAAAAAAAAAAAAAAAAAAAAAAAAAAAAAAAAAAAAAAAAAA
AAAAAAAAAAAAAAAAAAAAAAAAAAAAAAAAAAAAAAAAAAAAAAAAAAAAAAAAAAAAAAAAAAAAAAAAAAAA
AAAAAAAAAAAAAAAAAAAAAAAAAAAAAAAAAAAAAAAAAAAAAAAAAAAAAAAAAAAAAAAAAAAAAAAAAAAA
AAAAAAAAAAAAAAAAAAAAAAAAAAAAAAAAAAAAAAAAAAAAAAAAAAAAAAAAAAAAAAAAAAAAAAAAAAAA
AAAAAAAAAAAAAAAAAAAAAAAAAAAAAAAAAAAAAAAAAAAAAAAAAAAAAAAAAAAAAAAAAAAAAAAAAAAA
AAAAAAAAAAAAAAAAAAAAAAAAAAAAAAAAAAAAAAAAAAAAAAAAAAAAAAAAAAAAAAAAAAAAAAAAAAAA
AAAAAAAAAAAAAAAAAAAAAAAAAAAAAAAAAAAAAAAAAAAAAAAAAAAAAAAAAAAAAAAAAAAAAAAAAAAA
AAAAAAAAAAAAAAAAAAAAAAAAAAAAAAAAAAAAAAAAAAAAAAAAAAAAAAAAAAAAAAAAAAAAAAAAAAAA
AAAAAAAAAAAAAAAAAAAAAAAAAAAAAAAAAAAAAAAAAAAAAAAAAAAAAAAAAAAAAAAAAAAAAAAAAAAA
AAAAAAAAAAAAAAAAAAAAAAAAAAAAAAAAAAAAAAAAAAAAAAAAAAAAAAAAAAAAAAAAAAAAAAAAAAAA
AAAAAAAAAAAAAAAAAAAAAAAAAAAAAAAAAAAAAAAAAAAAAAAAAAAAAAAAAAAAAAAAAAAAAAAAAAAA
AAAAAAAAAAAAAAAAAAAAAAAAAAAAAAAAAAAAAAAAAAAAAAAAAAAAAAAAAAAAAAAAAAAAAAAAAAAA
AAAAAAAAAAAAAAAAAAAAAAAAAAAAAAAAAAAAAAAAAAAAAAAAAAAAAAAAAAAAAAAAAAAAAAAAAAAA
AAAAAAAAAAAAAAAAAAAAAAAAAAAAAAAAAAAAAAAAAAAAAAAAAAAAAAAAAAAAAAAAAAAAAAAAAAAA
AAAAAAAAAAAAAAAAAAAAAAAAAAAAAAAAAAAAAAAAAAAAAAAAAAAAAAAAAAAAAAAAAAAAAAAAAAAA
AAAAAAAAAAAAAAAAAAAAAAAAAAAAAAAAAAAAAAAAAAAAAAAAAAAAAAAAAAAAAAAAAAAAAAAAAAAA
AAAAAAAAAAAAAAAAAAAAAAAAAAAAAAAAAAAAAAAAAAAAAAAAAAAAAAAAAAAAAAAAAAAAAAAAAAAA
AAAAAAAAAAAAAAAAAAAAAAAAAAAAAAAAAAAAAAAAAAAAAAAAAAAAAAAAAAAAAAAAAAAAAAAAAAAA
AAAAAAAAAAAAAAAAAAAAAAAAAAAAAAAAAAAAAAAAAAAAAAAAAAAAAAAAAAAAAAAAAAAAAAAAAAAA
AAAAAAAAAAAAAAAAAAAAAAAAAAAAAAAAAAAAAAAAAAAAAAAAAAAAAAAAAAAAAAAAAAAAAAAAAAAA
AAAAAAAAAAAAAAAAAAAAAAAAAAAAAAAAAAAAAAAAAAAAAAAAAAAAAAAAAAAAAAAAAAAAAAAAAAAA
AAAAAAAAAAAAAAAAAAAAAAAAAAAAAAAAAAAAAAAAAAAAAAAAAAAAAAAAAAAAAAAAAAAAAAAAAAAA
AAAAAAAAAAAAAAAAAAAAAAAAAAAAAAAAAAAAAAAAAAAAAAAAAAAAAAAAAAAAAAAAAAAAAAAAAAAA
AAAAAAAAAAAAAAAAAAAAAAAAAAAAAAAAAAAAAAAAAAAAAAAAAAAAAAAAAAAAAAAAAAAAAAAAAAAA
AAAAAAAAAAAAAAAAAAAAAAAAAAAAAAAAAAAAAAAAAAAAAAAAAAAAAAAAAAAAAAAAAAAAAAAAAAAA
AAAAAAAAAAAAAAAAAAAAAAAAAAAAAAAAAAAAAAAAAAAAAAAAAAAAAAAAAAAAAAAAAAAAAAAAAAAA
AAAAAAAAAAAAAAAAAAAAAAAAAAAAAAAAAAAAAAAAAAAAAAAAAAAAAAAAAAAAAAAAAAAAAAAAAAAA
AAAAAAAAAAAAAAAAAAAAAAAAAAAAAAAAAAAAAAAAAAAAAAAAAAAAAAAAAAAAAAAAAAAAAAAAAAAA
AAAAAAAAAAAAAAAAAAAAAAAAAAAAAAAAAAAAAAAAAAAAAAAAAAAAAAAAAAAAAAAAAAAAAAAAAAAA
AAAAAAAAAAAAAAAAAAAAAAAAAAAAAAAAAAAAAAAAAAAAAAAAAAAAAAAAAAAAAAAAAAAAAAAAAAAA
AAAAAAAAAAAAAAAAAAAAAAAAAAAAAAAAAAAAAAAAAAAAAAAAAAAAAAAAAAAAAAAAAAAAAAAAAAAA
AAAAAAAAAAAAAAAAAAAAAAAAAAAAAAAAAAAAAAAAAAAAAAAAAAAAAAAAAAAAAAAAAAAAAAAAAAAA
AAAAAAAAAAAAAAAAAAAAAAAAAAAAAAAAAAAAAAAAAAAAAAAAAAAAAAAAAAAAAAAAAAAAAAAAAAAA
AAAAAAAAAAAAAAAAAAAAAAAAAAAAAAAAAAAAAAAAAAAAAAAAAAAAAAAAAAAAAAAAAAAAAAAAAAAA
AAAAAAAAAAAAAAAAAAAAAAAAAAAAAAAAAAAAAAAAAAAAAAAAAAAAAAAAAAAAAAAAAAAAAAAAAAAA
AAAAAAAAAAAAAAAAAAAAAAAAAAAAAAAAAAAAAAAAAAAAAAAAAAAAAAAAAAAAAAAAAAAAAAAAAAAA
AAAAAAAAAAAAAAAAAAAAAAAAAAAAAAAAAAAAAAAAAAAAAAAAAAAAAAAAAAAAAAAAAAAAAAAAAAAA
AAAAAAAAAAAAAAAAAAAAAAAAAAAAAAAAAAAAAAAAAAAAAAAAAAAAAAAAAAAAAAAAAAAAAAAAAAAA
AAAAAAAAAAAAAAAAAAAAAAAAAAAAAAAAAAAAAAAAAAAAAAAAAAAAAAAAAAAAAAAAAAAAAAAAAAAA
AAAAAAAAAAAAAAAAAAAAAAAAAAAAAAAAAAAAAAAAAAAAAAAAAAAAAAAAAAAAAAAAAAAAAAAAAAAA
AAAAAAAAAAAAAAAAAAAAAAAAAAAAAAAAAAAAAAAAAAAAAAAAAAAAAAAAAAAAAAAAAAAAAAAAAAAA
AAAAAAAAAAAAAAAAAAAAAAAAAAAAAAAAAAAAAAAAAAAAAAAAAAAAAAAAAAAAAAAAAAAAAAAAAAAA
AAAAAAAAAAAAAAAAAAAAAAAAAAAAAAAAAAAAAAAAAAAAAAAAAAAAAAAAAAAAAAAAAAAAAAAAAAAA
AAAAAAAAAAAAAAAAAAAAAAAAAAAAAAAAAAAAAAAAAAAAAAAAAAAAAAAAAAAAAAAAAAAAAAAAAAAA
AAAAAAAAAAAAAAAAAAAAAAAAAAAAAAAAAAAAAAAAAAAAAAAAAAAAAAAAAAAAAAAAAAAAAAAAAAAA
AAAAAAAAAAAAAAAAAAAAAAAAAAAAAAAAAAAAAAAAAAAAAAAAAAAAAAAAAAAAAAAAAAAAAAAAAAAA
AAAAAAAAAAAAAAAAAAAAAAAAAAAAAAAAAAAAAAAAAAAAAAAAAAAAAAAAAAAAAAAAAAAAAAAAAAAA
AAAAAAAAAAAAAAAAAAAAAAAAAAAAAAAAAAAAAAAAAAAAAAAAAAAAAAAAAAAAAAAAAAAAAAAAAAAA
AAAAAAAAAAAAAAAAAAAAAAAAAAAAAAAAAAAAAAAAAAAAAAAAAAAAAAAAAAAAAAAAAAAAAAAAAAAA
AAAAAAAAAAAAAAAAAAAAAAAA
false
false
false
AAAAAAAAAAAAAAAAAAAAAAAAAAAAAAAAAAAAAAAAAAAAAAAAAAAAAAAAAAAAAAAAAAAAAAAAAAAA
AAAAAAAAAAAAAAAAAAAAAAAAAAAAAAAAAAAAAAAAAAAAAAAAAAAAAAAAAAAAAAAAAAAAAAAAAAAA
AAAAAAAAAAAAAAAAAAAAAAAAAAAAAAAAAAAAAAAAAAAAAAAAAAAAAAAAAAAAAAAAAAAAAAAAAAAA
AAAAAAAAAAAAAAAAAAAAAAAAAAAAAAAAAAAAAAAAAAAAAAAAAAAAAAAAAAAAAAAAAAAAAAAAAAAA
AAAAAAAAAAAAAAAAAAAAAAAAAAAAAAAAAAAAAAAAAAAAAAAAAAAAAAAAAAAAAAAAAAAAAAAAAAAA
AAAAAAAAAAAAAAAAAAAAAAAAAAAAAAAAAAAAAAAAAAAAAAAAAAAAAAAAAAAAAAAAAAAAAAAAAAAA
AAAAAAAAAAAAAAAAAAAAAAAAAAAAAAAAAAAAAAAAAAAAAAAAAAAAAAAAAAAAAAAAAAAAAAAAAAAA
AAAAAAAAAAAAAAAAAAAAAAAAAAAAAAAAAAAAAAAAAAAAAAAAAAAAAAAAAAAAAAAAAAAAAAAAAAAA
AAAAAAAAAAAAAAAAAAAAAAAAAAAAAAAAAAAAAAAAAAAAAAAAAAAAAAAAAAAAAAAAAAAAAAAAAAAA
AAAAAAAAAAAAAAAAAAAAAAAAAAAAAAAAAAAAAAAAAAAAAAAAAAAAAAAAAAAAAAAAAAAAAAAAAAAA
AAAAAAAAAAAAAAAAAAAAAAAAAAAAAAAAAAAAAAAAAAAAAAAAAAAAAAAAAAAAAAAAAAAAAAAAAAAA
AAAAAAAAAAAAAAAAAAAAAAAAAAAAAAAAAAAAAAAAAAAAAAAAAAAAAAAAAAAAAAAAAAAAAAAAAAAA
AAAAAAAAAAAAAAAAAAAAAAAAAAAAAAAAAAAAAAAAAAAAAAAAAAAAAAAAAAAAAAAAAAAAAAAAAAAA
AAAAAAAAAAAAAAAAAAAAAAAAAAAAAAAAAAAAAAAAAAAAAAAAAAAAAAAAAAAAAAAAAAAAAAAAAAAA
AAAAAAAAAAAAAAAAAAAAAAAAAAAAAAAAAAAAAAAAAAAAAAAAAAAAAAAAAAAAAAAAAAAAAAAAAAAA
AAAAAAAAAAAAAAAAAAAAAAAAAAAAAAAAAAAAAAAAAAAAAAAAAAAAAAAAAAAAAAAAAAAAAAAAAAAA
AAAAAAAAAAAAAAAAAAAAAAAAAAAAAAAAAAAAAAAAAAAAAAAAAAAAAAAAAAAAAAAAAAAAAAAAAAAA
AAAAAAAAAAAAAAAAAAAAAAAAAAAAAAAAAAAAAAAAAAAAAAAAAAAAAAAAAAAAAAAAAAAAAAAAAAAA
AAAAAAAAAAAAAAAAAAAAAAAAAAAAAAAAAAAAAAAAAAAAAAAAAAAAAAAAAAAAAAAAAAAAAAAAAAAA
AAAAAAAAAAAAAAAAAAAAAAAAAAAAAAAAAAAAAAAAAAAAAAAAAAAAAAAAAAAAAAAAAAAAAAAAAAAA
AAAAAAAAAAAAAAAAAAAAAAAAAAAAAAAAAAAAAAAAAAAAAAAAAAAAAAAAAAAAAAAAAAAAAAAAAAAA
AAAAAAAAAAAAAAAAAAAAAAAAAAAAAAAAAAAAAAAAAAAAAAAAAAAAAAAAAAAAAAAAAAAAAAAAAAAA
AAAAAAAAAAAAAAAAAAAAAAAAAAAAAAAAAAAAAAAAAAAAAAAAAAAAAAAAAAAAAAAAAAAAAAAAAAAA
AAAAAAAAAAAAAAAAAAAAAAAAAAAAAAAAAAAAAAAAAAAAAAAAAAAAAAAAAAAAAAAAAAAAAAAAAAAA
AAAAAAAAAAAAAAAAAAAAAAAAAAAAAAAAAAAAAAAAAAAAAAAAAAAAAAAAAAAAAAAAAAAAAAAAAAAA
AAAAAAAAAAAAAAAAAAAAAAAAAAAAAAAAAAAAAAAAAAAAAAAAAAAAAAAAAAAAAAAAAAAAAAAAAAAA
AAAAAAAAAAAAAAAAAAAAAAAAAAAAAAAAAAAAAAAAAAAAAAAAAAAAAAAAAAAAAAAAAAAAAAAAAAAA
AAAAAAAAAAAAAAAAAAAAAAAAAAAAAAAAAAAAAAAAAAAAAAAAAAAAAAAAAAAAAAAAAAAAAAAAAAAA
AAAAAAAAAAAAAAAAAAAAAAAAAAAAAAAAAAAAAAAAAAAAAAAAAAAAAAAAAAAAAAAAAAAAAAAAAAAA
AAAAAAAAAAAAAAAAAAAAAAAAAAAAAAAAAAAAAAAAAAAAAAAAAAAAAAAAAAAAAAAAAAAAAAAAAAAA
AAAAAAAAAAAAAAAAAAAAAAAAAAAAAAAAAAAAAAAAAAAAAAAAAAAAAAAAAAAAAAAAAAAAAAAAAAAA
AAAAAAAAAAAAAAAAAAAAAAAAAAAAAAAAAAAAAAAAAAAAAAAAAAAAAAAAAAAAAAAAAAAAAAAAAAAA
AAAAAAAAAAAAAAAAAAAAAAAAAAAAAAAAAAAAAAAAAAAAAAAAAAAAAAAAAAAAAAAAAAAAAAAAAAAA
AAAAAAAAAAAAAAAAAAAAAAAAAAAAAAAAAAAAAAAAAAAAAAAAAAAAAAAAAAAAAAAAAAAAAAAAAAAA
AAAAAAAAAAAAAAAAAAAAAAAAAAAAAAAAAAAAAAAAAAAAAAAAAAAAAAAAAAAAAAAAAAAAAAAAAAAA
AAAAAAAAAAAAAAAAAAAAAAAAAAAAAAAAAAAAAAAAAAAAAAAAAAAAAAAAAAAAAAAAAAAAAAAAAAAA
AAAAAAAAAAAAAAAAAAAAAAAAAAAAAAAAAAAAAAAAAAAAAAAAAAAAAAAAAAAAAAAAAAAAAAAAAAAA
AAAAAAAAAAAAAAAAAAAAAAAAAAAAAAAAAAAAAAAAAAAAAAAAAAAAAAAAAAAAAAAAAAAAAAAAAAAA
AAAAAAAAAAAAAAAAAAAAAAAAAAAAAAAAAAAAAAAAAAAAAAAAAAAAAAAAAAAAAAAAAAAAAAAAAAAA
AAAAAAAAAAAAAAAAAAAAAAAAAAAAAAAAAAAAAAAAAAAAAAAAAAAAAAAAAAAAAAAAAAAAAAAAAAAA
AAAAAAAAAAAAAAAAAAAAAAAAAAAAAAAAAAAAAAAAAAAAAAAAAAAAAAAAAAAAAAAAAAAAAAAAAAAA
AAAAAAAAAAAAAAAAAAAAAAAAAAAAAAAAAAAAAAAAAAAAAAAAAAAAAAAAAAAAAAAAAAAAAAAAAAAA
AAAAAAAAAAAAAAAAAAAAAAAAAAAAAAAAAAAAAAAAAAAAAAAAAAAAAAAAAAAAAAAAAAAAAAAAAAAA
AAAAAAAAAAAAAAAAAAAAAAAAAAAAAAAAAAAAAAAAAAAAAAAAAAAAAAAAAAAAAAAAAAAAAAAAAAAA
AAAAAAAAAAAAAAAAAAAAAAAAAAAAAAAAAAAAAAAAAAAAAAAAAAAAAAAAAAAAAAAAAAAAAAAAAAAA
AAAAAAAAAAAAAAAAAAAAAAAAAAAAAAAAAAAAAAAAAAAAAAAAAAAAAAAAAAAAAAAAAAAAAAAAAAAA
AAAAAAAAAAAAAAAAAAAAAAAAAAAAAAAAAAAAAAAAAAAAAAAAAAAAAAAAAAAAAAAAAAAAAAAAAAAA
AAAAAAAAAAAAAAAAAAAAAAAAAAAAAAAAAAAAAAAAAAAAAAAAAAAAAAAAAAAAAAAAAAAAAAAAAAAA
AAAAAAAAAAAAAAAAAAAAAAAAAAAAAAAAAAAAAAAAAAAAAAAAAAAAAAAAAAAAAAAAAAAAAAAAAAAA
AAAAAAAAAAAAAAAAAAAAAAAAAAAAAAAAAAAAAAAAAAAAAAAAAAAAAAAAAAAAAAAAAAAAAAAAAAAA
AAAAAAAAAAAAAAAAAAAAAAAAAAAAAAAAAAAAAAAAAAAAAAAAAAAAAAAAAAAAAAAAAAAAAAAAAAAA
AAAAAAAAAAAAAAAAAAAAAAAAAAAAAAAAAAAAAAAAAAAAAAAAAAAAAAAAAAAAAAAAAAAAAAAAAAAA
AAAAAAAAAAAAAAAAAAAAAAAAAAAAAAAAAAAAAAAAAAAAAAAAAAAAAAAAAAAAAAAAAAAAAAAAAAAA
AAAAAAAAAAAAAAAAAAAAAAAAAAAAAAAAAAAAAAAAAAAAAAAAAAAAAAAAAAAAAAAAAAAAAAAAAAAA
AAAAAAAAAAAAAAAAAAAAAAAAAAAAAAAAAAAAAAAAAAAAAAAAAAAAAAAAAAAAAAAAAAAAAAAAAAAA
AAAAAAAAAAAAAAAAAAAAAAAAAAAAAAAAAAAAAAAAAAAAAAAAAAAAAAAAAAAAAAAAAAAAAAAAAAAA
AAAAAAAAAAAAAAAAAAAAAAAAAAAAAAAAAAAAAAAAAAAAAAAAAAAAAAAAAAAAAAAAAAAAAAAAAAAA
AAAAAAAAAAAAAAAAAAAAAAAAAAAAAAAAAAAAAAAAAAAAAAAAAAAAAAAAAAAAAAAAAAAAAAAAAAAA
AAAAAAAAAAAAAAAAAAAAAAAAAAAAAAAAAAAAAAAAAAAAAAAAAAAAAAAAAAAAAAAAAAAAAAAAAAAA
AAAAAAAAAAAAAAAAAAAAAAAAAAAAAAAAAAAAAAAAAAAAAAAAAAAAAAAAAAAAAAAAAAAAAAAAAAAA
AAAAAAAAAAAAAAAAAAAAAAAAAAAAAAAAAAAAAAAAAAAAAAAAAAAAAAAAAAAAAAAAAAAAAAAAAAAA
AAAAAAAAAAAAAAAAAAAAAAAAAAAAAAAAAAAAAAAAAAAAAAAAAAAAAAAAAAAAAAAAAAAAAAAAAAAA
AAAAAAAAAAAAAAAAAAAAAAAAAAAAAAAAAAAAAAAAAAAAAAAAAAAAAAAAAAAAAAAAAAAAAAAAAAAA
AAAAAAAAAAAAAAAAAAAAAAAAAAAAAAAAAAAAAAAAAAAAAAAAAAAAAAAAAAAAAAAAAAAAAAAAAAAA
AAAAAAAAAAAAAAAAAAAAAAAAAAAAAAAAAAAAAAAAAAAAAAAAAAAAAAAAAAAAAAAAAAAAAAAAAAAA
AAAAAAAAAAAAAAAAAAAAAAAAAAAAAAAAAAAAAAAAAAAAAAAAAAAAAAAAAAAAAAAAAAAAAAAAAAAA
AAAAAAAAAAAAAAAAAAAAAAAAAAAAAAAAAAAAAAAAAAAAAAAAAAAAAAAAAAAAAAAAAAAAAAAAAAAA
AAAAAAAAAAAAAAAAAAAAAAAAAAAAAAAAAAAAAAAAAAAAAAAAAAAAAAAAAAAAAAAAAAAAAAAAAAAA
AAAAAAAAAAAAAAAAAAAAAAAAAAAAAAAAAAAAAAAAAAAAAAAAAAAAAAAAAAAAAAAAAAAAAAAAAAAA
AAAAAAAAAAAAAAAAAAAAAAAAAAAAAAAAAAAAAAAAAAAAAAAAAAAAAAAAAAAAAAAAAAAAAAAAAAAA
AAAAAAAAAAAAAAAAAAAAAAAAAAAAAAAAAAAAAAAAAAAAAAAAAAAAAAAAAAAAAAAAAAAAAAAAAAAA
AAAAAAAAAAAAAAAAAAAAAAAAAAAAAAAAAAAAAAAAAAAAAAAAAAAAAAAAAAAAAAAAAAAAAAAAAAAA
AAAAAAAAAAAAAAAAAAAAAAAAAAAAAAAAAAAAAAAAAAAAAAAAAAAAAAAAAAAAAAAAAAAAAAAAAAAA
AAAAAAAAAAAAAAAAAAAAAAAAAAAAAAAAAAAAAAAAAAAAAAAAAAAAAAAAAAAAAAAAAAAAAAAAAAAA
AAAAAAAAAAAAAAAAAAAAAAAAAAAAAAAAAAAAAAAAAAAAAAAAAAAAAAAAAAAAAAAAAAAAAAAAAAAA
AAAAAAAAAAAAAAAAAAAAAAAAAAAAAAAAAAAAAAAAAAAAAAAAAAAAAAAAAAAAAAAAAAAAAAAAAAAA
AAAAAAAAAAAAAAAAAAAAAAAAAAAAAAAAAAAAAAAAAAAAAAAAAAAAAAAAAAAAAAAAAAAAAAAAAAAA
AAAAAAAAAAAAAAAAAAAAAAAAAAAAAAAAAAAAAAAAAAAAAAAAAAAAAAAAAAAAAAAAAAAAAAAAAAAA
AAAAAAAAAAAAAAAAAAAAAAAAAAAAAAAAAAAAAAAAAAAAAAAAAAAAAAAAAAAAAAAAAAAAAAAAAAAA
AAAAAAAAAAAAAAAAAAAAAAAAAAAAAAAAAAAAAAAAAAAAAAAAAAAAAAAAAAAAAAAAAAAAAAAAAAAA
AAAAAAAAAAAAAAAAAAAAAAAAAAAAAAAAAAAAAAAAAAAAAAAAAAAAAAAAAAAAAAAAAAAAAAAAAAAA
AAAAAAAAAAAAAAAAAAAAAAAAAAAAAAAAAAAAAAAAAAAAAAAAAAAAAAAAAAAAAAAAAAAAAAAAAAAA
AAAAAAAAAAAAAAAAAAAAAAAAAAAAAAAAAAAAAAAAAAAAAAAAAAAAAAAAAAAAAAAAAAAAAAAAAAAA
AAAAAAAAAAAAAAAAAAAAAAAAAAAAAAAAAAAAAAAAAAAAAAAAAAAAAAAAAAAAAAAAAAAAAAAAAAAA
AAAAAAAAAAAAAAAAAAAAAAAAAAAAAAAAAAAAAAAAAAAAAAAAAAAAAAAAAAAAAAAAAAAAAAAAAAAA
AAAAAAAAAAAAAAAAAAAAAAAAAAAAAAAAAAAAAAAAAAAAAAAAAAAAAAAAAAAAAAAAAAAAAAAAAAAA
AAAAAAAAAAAAAAAAAAAAAAAAAAAAAAAAAAAAAAAAAAAAAAAAAAAAAAAAAAAAAAAAAAAAAAAAAAAA
AAAAAAAAAAAAAAAAAAAAAAAAAAAAAAAAAAAAAAAAAAAAAAAAAAAAAAAAAAAAAAAAAAAAAAAAAAAA
AAAAAAAAAAAAAAAAAAAAAAAAAAAAAAAAAAAAAAAAAAAAAAAAAAAAAAAAAAAAAAAAAAAAAAAAAAAA
AAAAAAAAAAAAAAAAAAAAAAAAAAAAAAAAAAAAAAAAAAAAAAAAAAAAAAAAAAAAAAAAAAAAAAAAAAAA
AAAAAAAAAAAAAAAAAAAAAAAAAAAAAAAAAAAAAAAAAAAAAAAAAAAAAAAAAAAAAAAAAAAAAAAAAAAA
AAAAAAAAAAAAAAAAAAAAAAAAAAAAAAAAAAAAAAAAAAAAAAAAAAAAAAAAAAAAAAAAAAAAAAAAAAAA
AAAAAAAAAAAAAAAAAAAAAAAAAAAAAAAAAAAAAAAAAAAAAAAAAAAAAAAAAAAAAAAAAAAAAAAAAAAA
AAAAAAAAAAAAAAAAAAAAAAAAAAAAAAAAAAAAAAAAAAAAAAAAAAAAAAAAAAAAAAAAAAAAAAAAAAAA
AAAAAAAAAAAAAAAAAAAAAAAAAAAAAAAAAAAAAAAAAAAAAAAAAAAAAAAAAAAAAAAAAAAAAAAAAAAA
AAAAAAAAAAAAAAAAAAAAAAAAAAAAAAAAAAAAAAAAAAAAAAAAAAAAAAAAAAAAAAAAAAAAAAAAAAAA
AAAAAAAAAAAAAAAAAAAAAAAAAAAAAAAAAAAAAAAAAAAAAAAAAAAAAAAAAAAAAAAAAAAAAAAAAAAA
AAAAAAAAAAAAAAAAAAAAAAAAAAAAAAAAAAAAAAAAAAAAAAAAAAAAAAAAAAAAAAAAAAAAAAAAAAAA
AAAAAAAAAAAAAAAAAAAAAAAAAAAAAAAAAAAAAAAAAAAAAAAAAAAAAAAAAAAAAAAAAAAAAAAAAAAA
AAAAAAAAAAAAAAAAAAAAAAAAAAAAAAAAAAAAAAAAAAAAAAAAAAAAAAAAAAAAAAAAAAAAAAAAAAAA
AAAAAAAAAAAAAAAAAAAAAAAAAAAAAAAAAAAAAAAAAAAAAAAAAAAAAAAAAAAAAAAAAAAAAAAAAAAA
AAAAAAAAAAAAAAAAAAAAAAAAAAAAAAAAAAAAAAAAAAAAAAAAAAAAAAAAAAAAAAAAAAAAAAAAAAAA
AAAAAAAAAAAAAAAAAAAAAAAAAAAAAAAAAAAAAAAAAAAAAAAAAAAAAAAAAAAAAAAAAAAAAAAAAAAA
AAAAAAAAAAAAAAAAAAAAAAAAAAAAAAAAAAAAAAAAAAAAAAAAAAAAAAAAAAAAAAAAAAAAAAAAAAAA
AAAAAAAAAAAAAAAAAAAAAAAAAAAAAAAAAAAAAAAAAAAAAAAAAAAAAAAAAAAAAAAAAAAAAAAAAAAA
AAAAAAAAAAAAAAAAAAAAAAAAAAAAAAAAAAAAAAAAAAAAAAAAAAAAAAAAAAAAAAAAAAAAAAAAAAAA
AAAAAAAAAAAAAAAAAAAAAAAAAAAAAAAAAAAAAAAAAAAAAAAAAAAAAAAAAAAAAAAAAAAAAAAAAAAA
AAAAAAAAAAAAAAAAAAAAAAAAAAAAAAAAAAAAAAAAAAAAAAAAAAAAAAAAAAAAAAAAAAAAAAAAAAAA
AAAAAAAAAAAAAAAAAAAAAAAAAAAAAAAAAAAAAAAAAAAAAAAAAAAAAAAAAAAAAAAAAAAAAAAAAAAA
AAAAAAAAAAAAAAAAAAAAAAAAAAAAAAAAAAAAAAAAAAAAAAAAAAAAAAAAAAAAAAAAAAAAAAAAAAAA
AAAAAAAAAAAAAAAAAAAAAAAAAAAAAAAAAAAAAAAAAAAAAAAAAAAAAAAAAAAAAAAAAAAAAAAAAAAA
AAAAAAAAAAAAAAAAAAAAAAAAAAAAAAAAAAAAAAAAAAAAAAAAAAAAAAAAAAAAAAAAAAAAAAAAAAAA
AAAAAAAAAAAAAAAAAAAAAAAAAAAAAAAAAAAAAAAAAAAAAAAAAAAAAAAAAAAAAAAAAAAAAAAAAAAA
AAAAAAAAAAAAAAAAAAAAAAAAAAAAAAAAAAAAAAAAAAAAAAAAAAAAAAAAAAAAAAAAAAAAAAAAAAAA
AAAAAAAAAAAAAAAAAAAAAAAAAAAAAAAAAAAAAAAAAAAAAAAAAAAAAAAAAAAAAAAAAAAAAAAAAAAA
AAAAAAAAAAAAAAAAAAAAAAAAAAAAAAAAAAAAAAAAAAAAAAAAAAAAAAAAAAAAAAAAAAAAAAAAAAAA
AAAAAAAAAAAAAAAAAAAAAAAAAAAAAAAAAAAAAAAAAAAAAAAAAAAAAAAAAAAAAAAAAAAAAAAAAAAA
AAAAAAAAAAAAAAAAAAAAAAAAAAAAAAAAAAAAAAAAAAAAAAAAAAAAAAAAAAAAAAAAAAAAAAAAAAAA
AAAAAAAAAAAAAAAAAAAAAAAAAAAAAAAAAAAAAAAAAAAAAAAAAAAAAAAAAAAAAAAAAAAAAAAAAAAA
AAAAAAAAAAAAAAAAAAAAAAAAAAAAAAAAAAAAAAAAAAAAAAAAAAAAAAAAAAAAAAAAAAAAAAAAAAAA
AAAAAAAAAAAAAAAAAAAAAAAAAAAAAAAAAAAAAAAAAAAAAAAAAAAAAAAAAAAAAAAAAAAAAAAAAAAA
AAAAAAAAAAAAAAAAAAAAAAAAAAAAAAAAAAAAAAAAAAAAAAAAAAAAAAAAAAAAAAAAAAAAAAAAAAAA
AAAAAAAAAAAAAAAAAAAAAAAAAAAAAAAAAAAAAAAAAAAAAAAAAAAAAAAAAAAAAAAAAAAAAAAAAAAA
AAAAAAAAAAAAAAAAAAAAAAAAAAAAAAAAAAAAAAAAAAAAAAAAAAAAAAAAAAAAAAAAAAAAAAAAAAAA
AAAAAAAAAAAAAAAAAAAAAAAAAAAAAAAAAAAAAAAAAAAAAAAAAAAAAAAAAAAAAAAAAAAAAAAAAAAA
AAAAAAAAAAAAAAAAAAAAAAAAAAAAAAAAAAAAAAAAAAAAAAAAAAAAAAAAAAAAAAAAAAAAAAAAAAAA
AAAAAAAAAAAAAAAAAAAAAAAAAAAAAAAAAAAAAAAAAAAAAAAAAAAAAAAAAAAAAAAAAAAAAAAAAAAA
AAAAAAAAAAAAAAAAAAAAAAAAAAAAAAAAAAAAAAAAAAAAAAAAAAAAAAAAAAAAAAAAAAAAAAAAAAAA
AAAAAAAAAAAAAAAAAAAAAAAAAAAAAAAAAAAAAAAAAAAAAAAAAAAAAAAAAAAAAAAAAAAAAAAAAAAA
AAAAAAAAAAAAAAAAAAAAAAAAAAAAAAAAAAAAAAAAAAAAAAAAAAAAAAAAAAAAAAAAAAAAAAAAAAAA
AAAAAAAAAAAAAAAAAAAAAAAAAAAAAAAAAAAAAAAAAAAAAAAAAAAAAAAAAAAAAAAAAAAAAAAAAAAA
AAAAAAAAAAAAAAAAAAAAAAAAAAAAAAAAAAAAAAAAAAAAAAAAAAAAAAAAAAAAAAAAAAAAAAAAAAAA
AAAAAAAAAAAAAAAAAAAAAAAAAAAAAAAAAAAAAAAAAAAAAAAAAAAAAAAAAAAAAAAAAAAAAAAAAAAA
AAAAAAAAAAAAAAAAAAAAAAAAAAAAAAAAAAAAAAAAAAAAAAAAAAAAAAAAAAAAAAAAAAAAAAAAAAAA
AAAAAAAAAAAAAAAAAAAAAAAAAAAAAAAAAAAAAAAAAAAAAAAAAAAAAAAAAAAAAAAAAAAAAAAAAAAA
AAAAAAAAAAAAAAAAAAAAAAAAAAAAAAAAAAAAAAAAAAAAAAAAAAAAAAAAAAAAAAAAAAAAAAAAAAAA
AAAAAAAAAAAAAAAAAAAAAAAAAAAAAAAAAAAAAAAAAAAAAAAAAAAAAAAAAAAAAAAAAAAAAAAAAAAA
AAAAAAAAAAAAAAAAAAAAAAAAAAAAAAAAAAAAAAAAAAAAAAAAAAAAAAAAAAAAAAAAAAAAAAAAAAAA
AAAAAAAAAAAAAAAAAAAAAAAAAAAAAAAAAAAAAAAAAAAAAAAAAAAAAAAAAAAAAAAAAAAAAAAAAAAA
AAAAAAAAAAAAAAAAAAAAAAAAAAAAAAAAAAAAAAAAAAAAAAAAAAAAAAAAAAAAAAAAAAAAAAAAAAAA
AAAAAAAAAAAAAAAAAAAAAAAAAAAAAAAAAAAAAAAAAAAAAAAAAAAAAAAAAAAAAAAAAAAAAAAAAAAA
AAAAAAAAAAAAAAAAAAAAAAAAAAAAAAAAAAAAAAAAAAAAAAAAAAAAAAAAAAAAAAAAAAAAAAAAAAAA
AAAAAAAAAAAAAAAAAAAAAAAAAAAAAAAAAAAAAAAAAAAAAAAAAAAAAAAAAAAAAAAAAAAAAAAAAAAA
AAAAAAAAAAAAAAAAAAAAAAAAAAAAAAAAAAAAAAAAAAAAAAAAAAAAAAAAAAAAAAAAAAAAAAAAAAAA
AAAAAAAAAAAAAAAAAAAAAAAAAAAAAAAAAAAAAAAAAAAAAAAAAAAAAAAAAAAAAAAAAAAAAAAAAAAA
AAAAAAAAAAAAAAAAAAAAAAAAAAAAAAAAAAAAAAAAAAAAAAAAAAAAAAAAAAAAAAAAAAAAAAAAAAAA
AAAAAAAAAAAAAAAAAAAAAAAAAAAAAAAAAAAAAAAAAAAAAAAAAAAAAAAAAAAAAAAAAAAAAAAAAAAA
AAAAAAAAAAAAAAAAAAAAAAAAAAAAAAAAAAAAAAAAAAAAAAAAAAAAAAAAAAAAAAAAAAAAAAAAAAAA
AAAAAAAAAAAAAAAAAAAAAAAAAAAAAAAAAAAAAAAAAAAAAAAAAAAAAAAAAAAAAAAAAAAAAAAAAAAA
AAAAAAAAAAAAAAAAAAAAAAAAAAAAAAAAAAAAAAAAAAAAAAAAAAAAAAAAAAAAAAAAAAAAAAAAAAAA
AAAAAAAAAAAAAAAAAAAAAAAAAAAAAAAAAAAAAAAAAAAAAAAAAAAAAAAAAAAAAAAAAAAAAAAAAAAA
AAAAAAAAAAAAAAAAAAAAAAAAAAAAAAAAAAAAAAAAAAAAAAAAAAAAAAAAAAAAAAAAAAAAAAAAAAAA
AAAAAAAAAAAAAAAAAAAAAAAAAAAAAAAAAAAAAAAAAAAAAAAAAAAAAAAAAAAAAAAAAAAAAAAAAAAA
AAAAAAAAAAAAAAAAAAAAAAAAAAAAAAAAAAAAAAAAAAAAAAAAAAAAAAAAAAAAAAAAAAAAAAAAAAAA
AAAAAAAAAAAAAAAAAAAAAAAAAAAAAAAAAAAAAAAAAAAAAAAAAAAAAAAAAAAAAAAAAAAAAAAAAAAA
AAAAAAAAAAAAAAAAAAAAAAAAAAAAAAAAAAAAAAAAAAAAAAAAAAAAAAAAAAAAAAAAAAAAAAAAAAAA
AAAAAAAAAAAAAAAAAAAAAAAAAAAAAAAAAAAAAAAAAAAAAAAAAAAAAAAAAAAAAAAAAAAAAAAAAAAA
AAAAAAAAAAAAAAAAAAAAAAAAAAAAAAAAAAAAAAAAAAAAAAAAAAAAAAAAAAAAAAAAAAAAAAAAAAAA
AAAAAAAAAAAAAAAAAAAAAAAAAAAAAAAAAAAAAAAAAAAAAAAAAAAAAAAAAAAAAAAAAAAAAAAAAAAA
AAAAAAAAAAAAAAAAAAAAAAAAAAAAAAAAAAAAAAAAAAAAAAAAAAAAAAAAAAAAAAAAAAAAAAAAAAAA
AAAAAAAAAAAAAAAAAAAAAAAAAAAAAAAAAAAAAAAAAAAAAAAAAAAAAAAAAAAAAAAAAAAAAAAAAAAA
AAAAAAAAAAAAAAAAAAAAAAAAAAAAAAAAAAAAAAAAAAAAAAAAAAAAAAAAAAAAAAAAAAAAAAAAAAAA
AAAAAAAAAAAAAAAAAAAAAAAAAAAAAAAAAAAAAAAAAAAAAAAAAAAAAAAAAAAAAAAAAAAAAAAAAAAA
AAAAAAAAAAAAAAAAAAAAAAAAAAAAAAAAAAAAAAAAAAAAAAAAAAAAAAAAAAAAAAAAAAAAAAAAAAAA
AAAAAAAAAAAAAAAAAAAAAAAAAAAAAAAAAAAAAAAAAAAAAAAAAAAAAAAAAAAAAAAAAAAAAAAAAAAA
AAAAAAAAAAAAAAAAAAAAAAAAAAAAAAAAAAAAAAAAAAAAAAAAAAAAAAAAAAAAAAAAAAAAAAAAAAAA
AAAAAAAAAAAAAAAAAAAAAAAAAAAAAAAAAAAAAAAAAAAAAAAAAAAAAAAAAAAAAAAAAAAAAAAAAAAA
AAAAAAAAAAAAAAAAAAAAAAAAAAAAAAAAAAAAAAAAAAAAAAAAAAAAAAAAAAAAAAAAAAAAAAAAAAAA
AAAAAAAAAAAAAAAAAAAAAAAAAAAAAAAAAAAAAAAAAAAAAAAAAAAAAAAAAAAAAAAAAAAAAAAAAAAA
AAAAAAAAAAAAAAAAAAAAAAAAAAAAAAAAAAAAAAAAAAAAAAAAAAAAAAAAAAAAAAAAAAAAAAAAAAAA
AAAAAAAAAAAAAAAAAAAAAAAAAAAAAAAAAAAAAAAAAAAAAAAAAAAAAAAAAAAAAAAAAAAAAAAAAAAA
AAAAAAAAAAAAAAAAAAAAAAAAAAAAAAAAAAAAAAAAAAAAAAAAAAAAAAAAAAAAAAAAAAAAAAAAAAAA
AAAAAAAAAAAAAAAAAAAAAAAAAAAAAAAAAAAAAAAAAAAAAAAAAAAAAAAAAAAAAAAAAAAAAAAAAAAA
AAAAAAAAAAAAAAAAAAAAAAAAAAAAAAAAAAAAAAAAAAAAAAAAAAAAAAAAAAAAAAAAAAAAAAAAAAAA
AAAAAAAAAAAAAAAAAAAAAAAAAAAAAAAAAAAAAAAAAAAAAAAAAAAAAAAAAAAAAAAAAAAAAAAAAAAA
AAAAAAAAAAAAAAAAAAAAAAAAAAAAAAAAAAAAAAAAAAAAAAAAAAAAAAAAAAAAAAAAAAAAAAAAAAAA
AAAAAAAAAAAAAAAAAAAAAAAAAAAAAAAAAAAAAAAAAAAAAAAAAAAAAAAAAAAAAAAAAAAAAAAAAAAA
AAAAAAAAAAAAAAAAAAAAAAAAAAAAAAAAAAAAAAAAAAAAAAAAAAAAAAAAAAAAAAAAAAAAAAAAAAAA
AAAAAAAAAAAAAAAAAAAAAAAAAAAAAAAAAAAAAAAAAAAAAAAAAAAAAAAAAAAAAAAAAAAAAAAAAAAA
AAAAAAAAAAAAAAAAAAAAAAAAAAAAAAAAAAAAAAAAAAAAAAAAAAAAAAAAAAAAAAAAAAAAAAAAAAAA
AAAAAAAAAAAAAAAAAAAAAAAAAAAAAAAAAAAAAAAAAAAAAAAAAAAAAAAAAAAAAAAAAAAAAAAAAAAA
AAAAAAAAAAAAAAAAAAAAAAAAAAAAAAAAAAAAAAAAAAAAAAAAAAAAAAAAAAAAAAAAAAAAAAAAAAAA
AAAAAAAAAAAAAAAAAAAAAAAAAAAAAAAAAAAAAAAAAAAAAAAAAAAAAAAAAAAAAAAAAAAAAAAAAAAA
AAAAAAAAAAAAAAAAAAAAAAAAAAAAAAAAAAAAAAAAAAAAAAAAAAAAAAAAAAAAAAAAAAAAAAAAAAAA
AAAAAAAAAAAAAAAAAAAAAAAAAAAAAAAAAAAAAAAAAAAAAAAAAAAAAAAAAAAAAAAAAAAAAAAAAAAA
AAAAAAAAAAAAAAAAAAAAAAAAAAAAAAAAAAAAAAAAAAAAAAAAAAAAAAAAAAAAAAAAAAAAAAAAAAAA
AAAAAAAAAAAAAAAAAAAAAAAAAAAAAAAAAAAAAAAAAAAAAAAAAAAAAAAAAAAAAAAAAAAAAAAAAAAA
AAAAAAAAAAAAAAAAAAAAAAAAAAAAAAAAAAAAAAAAAAAAAAAAAAAAAAAAAAAAAAAAAAAAAAAAAAAA
AAAAAAAAAAAAAAAAAAAAAAAAAAAAAAAAAAAAAAAAAAAAAAAAAAAAAAAAAAAAAAAAAAAAAAAAAAAA
AAAAAAAAAAAAAAAAAAAAAAAAAAAAAAAAAAAAAAAAAAAAAAAAAAAAAAAAAAAAAAAAAAAAAAAAAAAA
AAAAAAAAAAAAAAAAAAAAAAAAAAAAAAAAAAAAAAAAAAAAAAAAAAAAAAAAAAAAAAAAAAAAAAAAAAAA
AAAAAAAAAAAAAAAAAAAAAAAAAAAAAAAAAAAAAAAAAAAAAAAAAAAAAAAAAAAAAAAAAAAAAAAAAAAA
AAAAAAAAAAAAAAAAAAAAAAAAAAAAAAAAAAAAAAAAAAAAAAAAAAAAAAAAAAAAAAAAAAAAAAAAAAAA
AAAAAAAAAAAAAAAAAAAAAAAAAAAAAAAAAAAAAAAAAAAAAAAAAAAAAAAAAAAAAAAAAAAAAAAAAAAA
AAAAAAAAAAAAAAAAAAAAAAAAAAAAAAAAAAAAAAAAAAAAAAAAAAAAAAAAAAAAAAAAAAAAAAAAAAAA
AAAAAAAAAAAAAAAAAAAAAAAAAAAAAAAAAAAAAAAAAAAAAAAAAAAAAAAAAAAAAAAAAAAAAAAAAAAA
AAAAAAAAAAAAAAAAAAAAAAAAAAAAAAAAAAAAAAAAAAAAAAAAAAAAAAAAAAAAAAAAAAAAAAAAAAAA
AAAAAAAAAAAAAAAAAAAAAAAAAAAAAAAAAAAAAAAAAAAAAAAAAAAAAAAAAAAAAAAAAAAAAAAAAAAA
AAAAAAAAAAAAAAAAAAAAAAAAAAAAAAAAAAAAAAAAAAAAAAAAAAAAAAAAAAAAAAAAAAAAAAAAAAAA
AAAAAAAAAAAAAAAAAAAAAAAAAAAAAAAAAAAAAAAAAAAAAAAAAAAAAAAAAAAAAAAAAAAAAAAAAAAA
AAAAAAAAAAAAAAAAAAAAAAAAAAAAAAAAAAAAAAAAAAAAAAAAAAAAAAAAAAAAAAAAAAAAAAAAAAAA
AAAAAAAAAAAAAAAAAAAAAAAAAAAAAAAAAAAAAAAAAAAAAAAAAAAAAAAAAAAAAAAAAAAAAAAAAAAA
AAAAAAAAAAAAAAAAAAAAAAAAAAAAAAAAAAAAAAAAAAAAAAAAAAAAAAAAAAAAAAAAAAAAAAAAAAAA
AAAAAAAAAAAAAAAAAAAAAAAAAAAAAAAAAAAAAAAAAAAAAAAAAAAAAAAAAAAAAAAAAAAAAAAAAAAA
AAAAAAAAAAAAAAAAAAAAAAAAAAAAAAAAAAAAAAAAAAAAAAAAAAAAAAAAAAAAAAAAAAAAAAAAAAAA
AAAAAAAAAAAAAAAAAAAAAAAAAAAAAAAAAAAAAAAAAAAAAAAAAAAAAAAAAAAAAAAAAAAAAAAAAAAA
AAAAAAAAAAAAAAAAAAAAAAAAAAAAAAAAAAAAAAAAAAAAAAAAAAAAAAAAAAAAAAAAAAAAAAAAAAAA
AAAAAAAAAAAAAAAAAAAAAAAAAAAAAAAAAAAAAAAAAAAAAAAAAAAAAAAAAAAAAAAAAAAAAAAAAAAA
AAAAAAAAAAAAAAAAAAAAAAAAAAAAAAAAAAAAAAAAAAAAAAAAAAAAAAAAAAAAAAAAAAAAAAAAAAAA
AAAAAAAAAAAAAAAAAAAAAAAAAAAAAAAAAAAAAAAAAAAAAAAAAAAAAAAAAAAAAAAAAAAAAAAAAAAA
AAAAAAAAAAAAAAAAAAAAAAAAAAAAAAAAAAAAAAAAAAAAAAAAAAAAAAAAAAAAAAAAAAAAAAAAAAAA
AAAAAAAAAAAAAAAAAAAAAAAAAAAAAAAAAAAAAAAAAAAAAAAAAAAAAAAAAAAAAAAAAAAAAAAAAAAA
AAAAAAAAAAAAAAAAAAAAAAAAAAAAAAAAAAAAAAAAAAAAAAAAAAAAAAAAAAAAAAAAAAAAAAAAAAAA
AAAAAAAAAAAAAAAAAAAAAAAAAAAAAAAAAAAAAAAAAAAAAAAAAAAAAAAAAAAAAAAAAAAAAAAAAAAA
AAAAAAAAAAAAAAAAAAAAAAAAAAAAAAAAAAAAAAAAAAAAAAAAAAAAAAAAAAAAAAAAAAAAAAAAAAAA
AAAAAAAAAAAAAAAAAAAAAAAAAAAAAAAAAAAAAAAAAAAAAAAAAAAAAAAAAAAAAAAAAAAAAAAAAAAA
AAAAAAAAAAAAAAAAAAAAAAAAAAAAAAAAAAAAAAAAAAAAAAAAAAAAAAAAAAAAAAAAAAAAAAAAAAAA
AAAAAAAAAAAAAAAAAAAAAAAAAAAAAAAAAAAAAAAAAAAAAAAAAAAAAAAAAAAAAAAAAAAAAAAAAAAA
AAAAAAAAAAAAAAAAAAAAAAAAAAAAAAAAAAAAAAAAAAAAAAAAAAAAAAAAAAAAAAAAAAAAAAAAAAAA
AAAAAAAAAAAAAAAAAAAAAAAAAAAAAAAAAAAAAAAAAAAAAAAAAAAAAAAAAAAAAAAAAAAAAAAAAAAA
AAAAAAAAAAAAAAAAAAAAAAAAAAAAAAAAAAAAAAAAAAAAAAAAAAAAAAAAAAAAAAAAAAAAAAAAAAAA
AAAAAAAAAAAAAAAAAAAAAAAAAAAAAAAAAAAAAAAAAAAAAAAAAAAAAAAAAAAAAAAAAAAAAAAAAAAA
AAAAAAAAAAAAAAAAAAAAAAAAAAAAAAAAAAAAAAAAAAAAAAAAAAAAAAAAAAAAAAAAAAAAAAAAAAAA
AAAAAAAAAAAAAAAAAAAAAAAAAAAAAAAAAAAAAAAAAAAAAAAAAAAAAAAAAAAAAAAAAAAAAAAAAAAA
AAAAAAAAAAAAAAAAAAAAAAAAAAAAAAAAAAAAAAAAAAAAAAAAAAAAAAAAAAAAAAAAAAAAAAAAAAAA
AAAAAAAAAAAAAAAAAAAAAAAAAAAAAAAAAAAAAAAAAAAAAAAAAAAAAAAAAAAAAAAAAAAAAAAAAAAA
AAAAAAAAAAAAAAAAAAAAAAAAAAAAAAAAAAAAAAAAAAAAAAAAAAAAAAAAAAAAAAAAAAAAAAAAAAAA
AAAAAAAAAAAAAAAAAAAAAAAAAAAAAAAAAAAAAAAAAAAAAAAAAAAAAAAAAAAAAAAAAAAAAAAAAAAA
AAAAAAAAAAAAAAAAAAAAAAAAAAAAAAAAAAAAAAAAAAAAAAAAAAAAAAAAAAAAAAAAAAAAAAAAAAAA
AAAAAAAAAAAAAAAAAAAAAAAAAAAAAAAAAAAAAAAAAAAAAAAAAAAAAAAAAAAAAAAAAAAAAAAAAAAA
AAAAAAAAAAAAAAAAAAAAAAAAAAAAAAAAAAAAAAAAAAAAAAAAAAAAAAAAAAAAAAAAAAAAAAAAAAAA
AAAAAAAAAAAAAAAAAAAAAAAAAAAAAAAAAAAAAAAAAAAAAAAAAAAAAAAAAAAAAAAAAAAAAAAAAAAA
AAAAAAAAAAAAAAAAAAAAAAAAAAAAAAAAAAAAAAAAAAAAAAAAAAAAAAAAAAAAAAAAAAAAAAAAAAAA
AAAAAAAAAAAAAAAAAAAAAAAAAAAAAAAAAAAAAAAAAAAAAAAAAAAAAAAAAAAAAAAAAAAAAAAAAAAA
AAAAAAAAAAAAAAAAAAAAAAAAAAAAAAAAAAAAAAAAAAAAAAAAAAAAAAAAAAAAAAAAAAAAAAAAAAAA
AAAAAAAAAAAAAAAAAAAAAAAAAAAAAAAAAAAAAAAAAAAAAAAAAAAAAAAAAAAAAAAAAAAAAAAAAAAA
AAAAAAAAAAAAAAAAAAAAAAAAAAAAAAAAAAAAAAAAAAAAAAAAAAAAAAAAAAAAAAAAAAAAAAAAAAAA
AAAAAAAAAAAAAAAAAAAAAAAAAAAAAAAAAAAAAAAAAAAAAAAAAAAAAAAAAAAAAAAAAAAAAAAAAAAA
AAAAAAAAAAAAAAAAAAAAAAAAAAAAAAAAAAAAAAAAAAAAAAAAAAAAAAAAAAAAAAAAAAAAAAAAAAAA
AAAAAAAAAAAAAAAAAAAAAAAAAAAAAAAAAAAAAAAAAAAAAAAAAAAAAAAAAAAAAAAAAAAAAAAAAAAA
AAAAAAAAAAAAAAAAAAAAAAAAAAAAAAAAAAAAAAAAAAAAAAAAAAAAAAAAAAAAAAAAAAAAAAAAAAAA
AAAAAAAAAAAAAAAAAAAAAAAAAAAAAAAAAAAAAAAAAAAAAAAAAAAAAAAAAAAAAAAAAAAAAAAAAAAA
AAAAAAAAAAAAAAAAAAAAAAAAAAAAAAAAAAAAAAAAAAAAAAAAAAAAAAAAAAAAAAAAAAAAAAAAAAAA
AAAAAAAAAAAAAAAAAAAAAAAAAAAAAAAAAAAAAAAAAAAAAAAAAAAAAAAAAAAAAAAAAAAAAAAAAAAA
AAAAAAAAAAAAAAAAAAAAAAAAAAAAAAAAAAAAAAAAAAAAAAAAAAAAAAAAAAAAAAAAAAAAAAAAAAAA
AAAAAAAAAAAAAAAAAAAAAAAAAAAAAAAAAAAAAAAAAAAAAAAAAAAAAAAAAAAAAAAAAAAAAAAAAAAA
AAAAAAAAAAAAAAAAAAAAAAAAAAAAAAAAAAAAAAAAAAAAAAAAAAAAAAAAAAAAAAAAAAAAAAAAAAAA
AAAAAAAAAAAAAAAAAAAAAAAAAAAAAAAAAAAAAAAAAAAAAAAAAAAAAAAAAAAAAAAAAAAAAAAAAAAA
AAAAAAAAAAAAAAAAAAAAAAAAAAAAAAAAAAAAAAAAAAAAAAAAAAAAAAAAAAAAAAAAAAAAAAAAAAAA
AAAAAAAAAAAAAAAAAAAAAAAAAAAAAAAAAAAAAAAAAAAAAAAAAAAAAAAAAAAAAAAAAAAAAAAAAAAA
AAAAAAAAAAAAAAAAAAAAAAAAAAAAAAAAAAAAAAAAAAAAAAAAAAAAAAAAAAAAAAAAAAAAAAAAAAAA
AAAAAAAAAAAAAAAAAAAAAAAAAAAAAAAAAAAAAAAAAAAAAAAAAAAAAAAAAAAAAAAAAAAAAAAAAAAA
AAAAAAAAAAAAAAAAAAAAAAAAAAAAAAAAAAAAAAAAAAAAAAAAAAAAAAAAAAAAAAAAAAAAAAAAAAAA
AAAAAAAAAAAAAAAAAAAAAAAAAAAAAAAAAAAAAAAAAAAAAAAAAAAAAAAAAAAAAAAAAAAAAAAAAAAA
AAAAAAAAAAAAAAAAAAAAAAAAAAAAAAAAAAAAAAAAAAAAAAAAAAAAAAAAAAAAAAAAAAAAAAAAAAAA
AAAAAAAAAAAAAAAAAAAAAAAAAAAAAAAAAAAAAAAAAAAAAAAAAAAAAAAAAAAAAAAAAAAAAAAAAAAA
AAAAAAAAAAAAAAAAAAAAAAAAAAAAAAAAAAAAAAAAAAAAAAAAAAAAAAAAAAAAAAAAAAAAAAAAAAAA
AAAAAAAAAAAAAAAAAAAAAAAAAAAAAAAAAAAAAAAAAAAAAAAAAAAAAAAAAAAAAAAAAAAAAAAAAAAA
AAAAAAAAAAAAAAAAAAAAAAAAAAAAAAAAAAAAAAAAAAAAAAAAAAAAAAAAAAAAAAAAAAAAAAAAAAAA
AAAAAAAAAAAAAAAAAAAAAAAAAAAAAAAAAAAAAAAAAAAAAAAAAAAAAAAAAAAAAAAAAAAAAAAAAAAA
AAAAAAAAAAAAAAAAAAAAAAAAAAAAAAAAAAAAAAAAAAAAAAAAAAAAAAAAAAAAAAAAAAAAAAAAAAAA
AAAAAAAAAAAAAAAAAAAAAAAAAAAAAAAAAAAAAAAAAAAAAAAAAAAAAAAAAAAAAAAAAAAAAAAAAAAA
AAAAAAAAAAAAAAAAAAAAAAAAAAAAAAAAAAAAAAAAAAAAAAAAAAAAAAAAAAAAAAAAAAAAAAAAAAAA
AAAAAAAAAAAAAAAAAAAAAAAAAAAAAAAAAAAAAAAAAAAAAAAAAAAAAAAAAAAAAAAAAAAAAAAAAAAA
AAAAAAAAAAAAAAAAAAAAAAAAAAAAAAAAAAAAAAAAAAAAAAAAAAAAAAAAAAAAAAAAAAAAAAAAAAAA
AAAAAAAAAAAAAAAAAAAAAAAAAAAAAAAAAAAAAAAAAAAAAAAAAAAAAAAAAAAAAAAAAAAAAAAAAAAA
AAAAAAAAAAAAAAAAAAAAAAAAAAAAAAAAAAAAAAAAAAAAAAAAAAAAAAAAAAAAAAAAAAAAAAAAAAAA
AAAAAAAAAAAAAAAAAAAAAAAAAAAAAAAAAAAAAAAAAAAAAAAAAAAAAAAAAAAAAAAAAAAAAAAAAAAA
AAAAAAAAAAAAAAAAAAAAAAAAAAAAAAAAAAAAAAAAAAAAAAAAAAAAAAAAAAAAAAAAAAAAAAAAAAAA
AAAAAAAAAAAAAAAAAAAAAAAAAAAAAAAAAAAAAAAAAAAAAAAAAAAAAAAAAAAAAAAAAAAAAAAAAAAA
AAAAAAAAAAAAAAAAAAAAAAAAAAAAAAAAAAAAAAAAAAAAAAAAAAAAAAAAAAAAAAAAAAAAAAAAAAAA
AAAAAAAAAAAAAAAAAAAAAAAAAAAAAAAAAAAAAAAAAAAAAAAAAAAAAAAAAAAAAAAAAAAAAAAAAAAA
AAAAAAAAAAAAAAAAAAAAAAAAAAAAAAAAAAAAAAAAAAAAAAAAAAAAAAAAAAAAAAAAAAAAAAAAAAAA
AAAAAAAAAAAAAAAAAAAAAAAAAAAAAAAAAAAAAAAAAAAAAAAAAAAAAAAAAAAAAAAAAAAAAAAAAAAA
AAAAAAAAAAAAAAAAAAAAAAAAAAAAAAAAAAAAAAAAAAAAAAAAAAAAAAAAAAAAAAAAAAAAAAAAAAAA
AAAAAAAAAAAAAAAAAAAAAAAAAAAAAAAAAAAAAAAAAAAAAAAAAAAAAAAAAAAAAAAAAAAAAAAAAAAA
AAAAAAAAAAAAAAAAAAAAAAAAAAAAAAAAAAAAAAAAAAAAAAAAAAAAAAAAAAAAAAAAAAAAAAAAAAAA
AAAAAAAAAAAAAAAAAAAAAAAAAAAAAAAAAAAAAAAAAAAAAAAAAAAAAAAAAAAAAAAAAAAAAAAAAAAA
AAAAAAAAAAAAAAAAAAAAAAAAAAAAAAAAAAAAAAAAAAAAAAAAAAAAAAAAAAAAAAAAAAAAAAAAAAAA
AAAAAAAAAAAAAAAAAAAAAAAAAAAAAAAAAAAAAAAAAAAAAAAAAAAAAAAAAAAAAAAAAAAAAAAAAAAA
AAAAAAAAAAAAAAAAAAAAAAAAAAAAAAAAAAAAAAAAAAAAAAAAAAAAAAAAAAAAAAAAAAAAAAAAAAAA
AAAAAAAAAAAAAAAAAAAAAAAAAAAAAAAAAAAAAAAAAAAAAAAAAAAAAAAAAAAAAAAAAAAAAAAAAAAA
AAAAAAAAAAAAAAAAAAAAAAAAAAAAAAAAAAAAAAAAAAAAAAAAAAAAAAAAAAAAAAAAAAAAAAAAAAAA
AAAAAAAAAAAAAAAAAAAAAAAAAAAAAAAAAAAAAAAAAAAAAAAAAAAAAAAAAAAAAAAAAAAAAAAAAAAA
AAAAAAAAAAAAAAAAAAAAAAAAAAAAAAAAAAAAAAAAAAAAAAAAAAAAAAAAAAAAAAAAAAAAAAAAAAAA
AAAAAAAAAAAAAAAAAAAAAAAAAAAAAAAAAAAAAAAAAAAAAAAAAAAAAAAAAAAAAAAAAAAAAAAAAAAA
AAAAAAAAAAAAAAAAAAAAAAAAAAAAAAAAAAAAAAAAAAAAAAAAAAAAAAAAAAAAAAAAAAAAAAAAAAAA
AAAAAAAAAAAAAAAAAAAAAAAAAAAAAAAAAAAAAAAAAAAAAAAAAAAAAAAAAAAAAAAAAAAAAAAAAAAA
AAAAAAAAAAAAAAAAAAAAAAAAAAAAAAAAAAAAAAAAAAAAAAAAAAAAAAAAAAAAAAAAAAAAAAAAAAAA
AAAAAAAAAAAAAAAAAAAAAAAAAAAAAAAAAAAAAAAAAAAAAAAAAAAAAAAAAAAAAAAAAAAAAAAAAAAA
AAAAAAAAAAAAAAAAAAAAAAAAAAAAAAAAAAAAAAAAAAAAAAAAAAAAAAAAAAAAAAAAAAAAAAAAAAAA
AAAAAAAAAAAAAAAAAAAAAAAAAAAAAAAAAAAAAAAAAAAAAAAAAAAAAAAAAAAAAAAAAAAAAAAAAAAA
AAAAAAAAAAAAAAAAAAAAAAAAAAAAAAAAAAAAAAAAAAAAAAAAAAAAAAAAAAAAAAAAAAAAAAAAAAAA
AAAAAAAAAAAAAAAAAAAAAAAAAAAAAAAAAAAAAAAAAAAAAAAAAAAAAAAAAAAAAAAAAAAAAAAAAAAA
AAAAAAAAAAAAAAAAAAAAAAAAAAAAAAAAAAAAAAAAAAAAAAAAAAAAAAAAAAAAAAAAAAAAAAAAAAAA
AAAAAAAAAAAAAAAAAAAAAAAAAAAAAAAAAAAAAAAAAAAAAAAAAAAAAAAAAAAAAAAAAAAAAAAAAAAA
AAAAAAAAAAAAAAAAAAAAAAAAAAAAAAAAAAAAAAAAAAAAAAAAAAAAAAAAAAAAAAAAAAAAAAAAAAAA
AAAAAAAAAAAAAAAAAAAAAAAAAAAAAAAAAAAAAAAAAAAAAAAAAAAAAAAAAAAAAAAAAAAAAAAAAAAA
AAAAAAAAAAAAAAAAAAAAAAAAAAAAAAAAAAAAAAAAAAAAAAAAAAAAAAAAAAAAAAAAAAAAAAAAAAAA
AAAAAAAAAAAAAAAAAAAAAAAAAAAAAAAAAAAAAAAAAAAAAAAAAAAAAAAAAAAAAAAAAAAAAAAAAAAA
AAAAAAAAAAAAAAAAAAAAAAAAAAAAAAAAAAAAAAAAAAAAAAAAAAAAAAAAAAAAAAAAAAAAAAAAAAAA
AAAAAAAAAAAAAAAAAAAAAAAAAAAAAAAAAAAAAAAAAAAAAAAAAAAAAAAAAAAAAAAAAAAAAAAAAAAA
AAAAAAAAAAAAAAAAAAAAAAAAAAAAAAAAAAAAAAAAAAAAAAAAAAAAAAAAAAAAAAAAAAAAAAAAAAAA
AAAAAAAAAAAAAAAAAAAAAAAAAAAAAAAAAAAAAAAAAAAAAAAAAAAAAAAAAAAAAAAAAAAAAAAAAAAA
AAAAAAAAAAAAAAAAAAAAAAAAAAAAAAAAAAAAAAAAAAAAAAAAAAAAAAAAAAAAAAAAAAAAAAAAAAAA
AAAAAAAAAAAAAAAAAAAAAAAAAAAAAAAAAAAAAAAAAAAAAAAAAAAAAAAAAAAAAAAAAAAAAAAAAAAA
AAAAAAAAAAAAAAAAAAAAAAAAAAAAAAAAAAAAAAAAAAAAAAAAAAAAAAAAAAAAAAAAAAAAAAAAAAAA
AAAAAAAAAAAAAAAAAAAAAAAAAAAAAAAAAAAAAAAAAAAAAAAAAAAAAAAAAAAAAAAAAAAAAAAAAAAA
AAAAAAAAAAAAAAAAAAAAAAAAAAAAAAAAAAAAAAAAAAAAAAAAAAAAAAAAAAAAAAAAAAAAAAAAAAAA
AAAAAAAAAAAAAAAAAAAAAAAAAAAAAAAAAAAAAAAAAAAAAAAAAAAAAAAAAAAAAAAAAAAAAAAAAAAA
AAAAAAAAAAAAAAAAAAAAAAAAAAAAAAAAAAAAAAAAAAAAAAAAAAAAAAAAAAAAAAAAAAAAAAAAAAAA
AAAAAAAAAAAAAAAAAAAAAAAAAAAAAAAAAAAAAAAAAAAAAAAAAAAAAAAAAAAAAAAAAAAAAAAAAAAA
AAAAAAAAAAAAAAAAAAAAAAAAAAAAAAAAAAAAAAAAAAAAAAAAAAAAAAAAAAAAAAAAAAAAAAAAAAAA
AAAAAAAAAAAAAAAAAAAAAAAAAAAAAAAAAAAAAAAAAAAAAAAAAAAAAAAAAAAAAAAAAAAAAAAAAAAA
AAAAAAAAAAAAAAAAAAAAAAAAAAAAAAAAAAAAAAAAAAAAAAAAAAAAAAAAAAAAAAAAAAAAAAAAAAAA
AAAAAAAAAAAAAAAAAAAAAAAAAAAAAAAAAAAAAAAAAAAAAAAAAAAAAAAAAAAAAAAAAAAAAAAAAAAA
AAAAAAAAAAAAAAAAAAAAAAAAAAAAAAAAAAAAAAAAAAAAAAAAAAAAAAAAAAAAAAAAAAAAAAAAAAAA
AAAAAAAAAAAAAAAAAAAAAAAAAAAAAAAAAAAAAAAAAAAAAAAAAAAAAAAAAAAAAAAAAAAAAAAAAAAA
AAAAAAAAAAAAAAAAAAAAAAAAAAAAAAAAAAAAAAAAAAAAAAAAAAAAAAAAAAAAAAAAAAAAAAAAAAAA
AAAAAAAAAAAAAAAAAAAAAAAAAAAAAAAAAAAAAAAAAAAAAAAAAAAAAAAAAAAAAAAAAAAAAAAAAAAA
AAAAAAAAAAAAAAAAAAAAAAAAAAAAAAAAAAAAAAAAAAAAAAAAAAAAAAAAAAAAAAAAAAAAAAAAAAAA
AAAAAAAAAAAAAAAAAAAAAAAAAAAAAAAAAAAAAAAAAAAAAAAAAAAAAAAAAAAAAAAAAAAAAAAAAAAA
AAAAAAAAAAAAAAAAAAAAAAAAAAAAAAAAAAAAAAAAAAAAAAAAAAAAAAAAAAAAAAAAAAAAAAAAAAAA
AAAAAAAAAAAAAAAAAAAAAAAAAAAAAAAAAAAAAAAAAAAAAAAAAAAAAAAAAAAAAAAAAAAAAAAAAAAA
AAAAAAAAAAAAAAAAAAAAAAAAAAAAAAAAAAAAAAAAAAAAAAAAAAAAAAAAAAAAAAAAAAAAAAAAAAAA
AAAAAAAAAAAAAAAAAAAAAAAAAAAAAAAAAAAAAAAAAAAAAAAAAAAAAAAAAAAAAAAAAAAAAAAAAAAA
AAAAAAAAAAAAAAAAAAAAAAAAAAAAAAAAAAAAAAAAAAAAAAAAAAAAAAAAAAAAAAAAAAAAAAAAAAAA
AAAAAAAAAAAAAAAAAAAAAAAAAAAAAAAAAAAAAAAAAAAAAAAAAAAAAAAAAAAAAAAAAAAAAAAAAAAA
AAAAAAAAAAAAAAAAAAAAAAAAAAAAAAAAAAAAAAAAAAAAAAAAAAAAAAAAAAAAAAAAAAAAAAAAAAAA
AAAAAAAAAAAAAAAAAAAAAAAAAAAAAAAAAAAAAAAAAAAAAAAAAAAAAAAAAAAAAAAAAAAAAAAAAAAA
AAAAAAAAAAAAAAAAAAAAAAAAAAAAAAAAAAAAAAAAAAAAAAAAAAAAAAAAAAAAAAAAAAAAAAAAAAAA
AAAAAAAAAAAAAAAAAAAAAAAAAAAAAAAAAAAAAAAAAAAAAAAAAAAAAAAAAAAAAAAAAAAAAAAAAAAA
AAAAAAAAAAAAAAAAAAAAAAAAAAAAAAAAAAAAAAAAAAAAAAAAAAAAAAAAAAAAAAAAAAAAAAAAAAAA
AAAAAAAAAAAAAAAAAAAAAAAAAAAAAAAAAAAAAAAAAAAAAAAAAAAAAAAAAAAAAAAAAAAAAAAAAAAA
AAAAAAAAAAAAAAAAAAAAAAAAAAAAAAAAAAAAAAAAAAAAAAAAAAAAAAAAAAAAAAAAAAAAAAAAAAAA
AAAAAAAAAAAAAAAAAAAAAAAAAAAAAAAAAAAAAAAAAAAAAAAAAAAAAAAAAAAAAAAAAAAAAAAAAAAA
AAAAAAAAAAAAAAAAAAAAAAAAAAAAAAAAAAAAAAAAAAAAAAAAAAAAAAAAAAAAAAAAAAAAAAAAAAAA
AAAAAAAAAAAAAAAAAAAAAAAAAAAAAAAAAAAAAAAAAAAAAAAAAAAAAAAAAAAAAAAAAAAAAAAAAAAA
AAAAAAAAAAAAAAAAAAAAAAAAAAAAAAAAAAAAAAAAAAAAAAAAAAAAAAAAAAAAAAAAAAAAAAAAAAAA
AAAAAAAAAAAAAAAAAAAAAAAAAAAAAAAAAAAAAAAAAAAAAAAAAAAAAAAAAAAAAAAAAAAAAAAAAAAA
AAAAAAAAAAAAAAAAAAAAAAAAAAAAAAAAAAAAAAAAAAAAAAAAAAAAAAAAAAAAAAAAAAAAAAAAAAAA
AAAAAAAAAAAAAAAAAAAAAAAAAAAAAAAAAAAAAAAAAAAAAAAAAAAAAAAAAAAAAAAAAAAAAAAAAAAA
AAAAAAAAAAAAAAAAAAAAAAAAAAAAAAAAAAAAAAAAAAAAAAAAAAAAAAAAAAAAAAAAAAAAAAAAAAAA
AAAAAAAAAAAAAAAAAAAAAAAAAAAAAAAAAAAAAAAAAAAAAAAAAAAAAAAAAAAAAAAAAAAAAAAAAAAA
AAAAAAAAAAAAAAAAAAAAAAAAAAAAAAAAAAAAAAAAAAAAAAAAAAAAAAAAAAAAAAAAAAAAAAAAAAAA
AAAAAAAAAAAAAAAAAAAAAAAAAAAAAAAAAAAAAAAAAAAAAAAAAAAAAAAAAAAAAAAAAAAAAAAAAAAA
AAAAAAAAAAAAAAAAAAAAAAAAAAAAAAAAAAAAAAAAAAAAAAAAAAAAAAAAAAAAAAAAAAAAAAAAAAAA
AAAAAAAAAAAAAAAAAAAAAAAAAAAAAAAAAAAAAAAAAAAAAAAAAAAAAAAAAAAAAAAAAAAAAAAAAAAA
AAAAAAAAAAAAAAAAAAAAAAAAAAAAAAAAAAAAAAAAAAAAAAAAAAAAAAAAAAAAAAAAAAAAAAAAAAAA
AAAAAAAAAAAAAAAAAAAAAAAAAAAAAAAAAAAAAAAAAAAAAAAAAAAAAAAAAAAAAAAAAAAAAAAAAAAA
AAAAAAAAAAAAAAAAAAAAAAAAAAAAAAAAAAAAAAAAAAAAAAAAAAAAAAAAAAAAAAAAAAAAAAAAAAAA
AAAAAAAAAAAAAAAAAAAAAAAAAAAAAAAAAAAAAAAAAAAAAAAAAAAAAAAAAAAAAAAAAAAAAAAAAAAA
AAAAAAAAAAAAAAAAAAAAAAAAAAAAAAAAAAAAAAAAAAAAAAAAAAAAAAAAAAAAAAAAAAAAAAAAAAAA
AAAAAAAAAAAAAAAAAAAAAAAAAAAAAAAAAAAAAAAAAAAAAAAAAAAAAAAAAAAAAAAAAAAAAAAAAAAA
AAAAAAAAAAAAAAAAAAAAAAAAAAAAAAAAAAAAAAAAAAAAAAAAAAAAAAAAAAAAAAAAAAAAAAAAAAAA
AAAAAAAAAAAAAAAAAAAAAAAAAAAAAAAAAAAAAAAAAAAAAAAAAAAAAAAAAAAAAAAAAAAAAAAAAAAA
AAAAAAAAAAAAAAAAAAAAAAAAAAAAAAAAAAAAAAAAAAAAAAAAAAAAAAAAAAAAAAAAAAAAAAAAAAAA
AAAAAAAAAAAAAAAAAAAAAAAAAAAAAAAAAAAAAAAAAAAAAAAAAAAAAAAAAAAAAAAAAAAAAAAAAAAA
AAAAAAAAAAAAAAAAAAAAAAAAAAAAAAAAAAAAAAAAAAAAAAAAAAAAAAAAAAAAAAAAAAAAAAAAAAAA
AAAAAAAAAAAAAAAAAAAAAAAAAAAAAAAAAAAAAAAAAAAAAAAAAAAAAAAAAAAAAAAAAAAAAAAAAAAA
AAAAAAAAAAAAAAAAAAAAAAAAAAAAAAAAAAAAAAAAAAAAAAAAAAAAAAAAAAAAAAAAAAAAAAAAAAAA
AAAAAAAAAAAAAAAAAAAAAAAAAAAAAAAAAAAAAAAAAAAAAAAAAAAAAAAAAAAAAAAAAAAAAAAAAAAA
AAAAAAAAAAAAAAAAAAAAAAAAAAAAAAAAAAAAAAAAAAAAAAAAAAAAAAAAAAAAAAAAAAAAAAAAAAAA
AAAAAAAAAAAAAAAAAAAAAAAAAAAAAAAAAAAAAAAAAAAAAAAAAAAAAAAAAAAAAAAAAAAAAAAAAAAA
AAAAAAAAAAAAAAAAAAAAAAAAAAAAAAAAAAAAAAAAAAAAAAAAAAAAAAAAAAAAAAAAAAAAAAAAAAAA
AAAAAAAAAAAAAAAAAAAAAAAAAAAAAAAAAAAAAAAAAAAAAAAAAAAAAAAAAAAAAAAAAAAAAAAAAAAA
AAAAAAAAAAAAAAAAAAAAAAAAAAAAAAAAAAAAAAAAAAAAAAAAAAAAAAAAAAAAAAAAAAAAAAAAAAAA
AAAAAAAAAAAAAAAAAAAAAAAAAAAAAAAAAAAAAAAAAAAAAAAAAAAAAAAAAAAAAAAAAAAAAAAAAAAA
AAAAAAAAAAAAAAAAAAAAAAAAAAAAAAAAAAAAAAAAAAAAAAAAAAAAAAAAAAAAAAAAAAAAAAAAAAAA
AAAAAAAAAAAAAAAAAAAAAAAAAAAAAAAAAAAAAAAAAAAAAAAAAAAAAAAAAAAAAAAAAAAAAAAAAAAA
AAAAAAAAAAAAAAAAAAAAAAAAAAAAAAAAAAAAAAAAAAAAAAAAAAAAAAAAAAAAAAAAAAAAAAAAAAAA
AAAAAAAAAAAAAAAAAAAAAAAAAAAAAAAAAAAAAAAAAAAAAAAAAAAAAAAAAAAAAAAAAAAAAAAAAAAA
AAAAAAAAAAAAAAAAAAAAAAAAAAAAAAAAAAAAAAAAAAAAAAAAAAAAAAAAAAAAAAAAAAAAAAAAAAAA
AAAAAAAAAAAAAAAAAAAAAAAAAAAAAAAAAAAAAAAAAAAAAAAAAAAAAAAAAAAAAAAAAAAAAAAAAAAA
AAAAAAAAAAAAAAAAAAAAAAAAAAAAAAAAAAAAAAAAAAAAAAAAAAAAAAAAAAAAAAAAAAAAAAAAAAAA
AAAAAAAAAAAAAAAAAAAAAAAAAAAAAAAAAAAAAAAAAAAAAAAAAAAAAAAAAAAAAAAAAAAAAAAAAAAA
AAAAAAAAAAAAAAAAAAAAAAAAAAAAAAAAAAAAAAAAAAAAAAAAAAAAAAAAAAAAAAAAAAAAAAAAAAAA
AAAAAAAAAAAAAAAAAAAAAAAAAAAAAAAAAAAAAAAAAAAAAAAAAAAAAAAAAAAAAAAAAAAAAAAAAAAA
AAAAAAAAAAAAAAAAAAAAAAAAAAAAAAAAAAAAAAAAAAAAAAAAAAAAAAAAAAAAAAAAAAAAAAAAAAAA
AAAAAAAAAAAAAAAAAAAAAAAAAAAAAAAAAAAAAAAAAAAAAAAAAAAAAAAAAAAAAAAAAAAAAAAAAAAA
AAAAAAAAAAAAAAAAAAAAAAAAAAAAAAAAAAAAAAAAAAAAAAAAAAAAAAAAAAAAAAAAAAAAAAAAAAAA
AAAAAAAAAAAAAAAAAAAAAAAAAAAAAAAAAAAAAAAAAAAAAAAAAAAAAAAAAAAAAAAAAAAAAAAAAAAA
AAAAAAAAAAAAAAAAAAAAAAAAAAAAAAAAAAAAAAAAAAAAAAAAAAAAAAAAAAAAAAAAAAAAAAAAAAAA
AAAAAAAAAAAAAAAAAAAAAAAAAAAAAAAAAAAAAAAAAAAAAAAAAAAAAAAAAAAAAAAAAAAAAAAAAAAA
AAAAAAAAAAAAAAAAAAAAAAAAAAAAAAAAAAAAAAAAAAAAAAAAAAAAAAAAAAAAAAAAAAAAAAAAAAAA
AAAAAAAAAAAAAAAAAAAAAAAAAAAAAAAAAAAAAAAAAAAAAAAAAAAAAAAAAAAAAAAAAAAAAAAAAAAA
AAAAAAAAAAAAAAAAAAAAAAAAAAAAAAAAAAAAAAAAAAAAAAAAAAAAAAAAAAAAAAAAAAAAAAAAAAAA
AAAAAAAAAAAAAAAAAAAAAAAAAAAAAAAAAAAAAAAAAAAAAAAAAAAAAAAAAAAAAAAAAAAAAAAAAAAA
AAAAAAAAAAAAAAAAAAAAAAAAAAAAAAAAAAAAAAAAAAAAAAAAAAAAAAAAAAAAAAAAAAAAAAAAAAAA
AAAAAAAAAAAAAAAAAAAAAAAAAAAAAAAAAAAAAAAAAAAAAAAAAAAAAAAAAAAAAAAAAAAAAAAAAAAA
AAAAAAAAAAAAAAAAAAAAAAAAAAAAAAAAAAAAAAAAAAAAAAAAAAAAAAAAAAAAAAAAAAAAAAAAAAAA
AAAAAAAAAAAAAAAAAAAAAAAAAAAAAAAAAAAAAAAAAAAAAAAAAAAAAAAAAAAAAAAAAAAAAAAAAAAA
AAAAAAAAAAAAAAAAAAAAAAAAAAAAAAAAAAAAAAAAAAAAAAAAAAAAAAAAAAAAAAAAAAAAAAAAAAAA
AAAAAAAAAAAAAAAAAAAAAAAAAAAAAAAAAAAAAAAAAAAAAAAAAAAAAAAAAAAAAAAAAAAAAAAAAAAA
AAAAAAAAAAAAAAAAAAAAAAAAAAAAAAAAAAAAAAAAAAAAAAAAAAAAAAAAAAAAAAAAAAAAAAAAAAAA
AAAAAAAAAAAAAAAAAAAAAAAAAAAAAAAAAAAAAAAAAAAAAAAAAAAAAAAAAAAAAAAAAAAAAAAAAAAA
AAAAAAAAAAAAAAAAAAAAAAAAAAAAAAAAAAAAAAAAAAAAAAAAAAAAAAAAAAAAAAAAAAAAAAAAAAAA
AAAAAAAAAAAAAAAAAAAAAAAAAAAAAAAAAAAAAAAAAAAAAAAAAAAAAAAAAAAAAAAAAAAAAAAAAAAA
AAAAAAAAAAAAAAAAAAAAAAAAAAAAAAAAAAAAAAAAAAAAAAAAAAAAAAAAAAAAAAAAAAAAAAAAAAAA
AAAAAAAAAAAAAAAAAAAAAAAAAAAAAAAAAAAAAAAAAAAAAAAAAAAAAAAAAAAAAAAAAAAAAAAAAAAA
AAAAAAAAAAAAAAAAAAAAAAAAAAAAAAAAAAAAAAAAAAAAAAAAAAAAAAAAAAAAAAAAAAAAAAAAAAAA
AAAAAAAAAAAAAAAAAAAAAAAAAAAAAAAAAAAAAAAAAAAAAAAAAAAAAAAAAAAAAAAAAAAAAAAAAAAA
AAAAAAAAAAAAAAAAAAAAAAAAAAAAAAAAAAAAAAAAAAAAAAAAAAAAAAAAAAAAAAAAAAAAAAAAAAAA
AAAAAAAAAAAAAAAAAAAAAAAAAAAAAAAAAAAAAAAAAAAAAAAAAAAAAAAAAAAAAAAAAAAAAAAAAAAA
AAAAAAAAAAAAAAAAAAAAAAAAAAAAAAAAAAAAAAAAAAAAAAAAAAAAAAAAAAAAAAAAAAAAAAAAAAAA
AAAAAAAAAAAAAAAAAAAAAAAAAAAAAAAAAAAAAAAAAAAAAAAAAAAAAAAAAAAAAAAAAAAAAAAAAAAA
AAAAAAAAAAAAAAAAAAAAAAAAAAAAAAAAAAAAAAAAAAAAAAAAAAAAAAAAAAAAAAAAAAAAAAAAAAAA
AAAAAAAAAAAAAAAAAAAAAAAAAAAAAAAAAAAAAAAAAAAAAAAAAAAAAAAAAAAAAAAAAAAAAAAAAAAA
AAAAAAAAAAAAAAAAAAAAAAAAAAAAAAAAAAAAAAAAAAAAAAAAAAAAAAAAAAAAAAAAAAAAAAAAAAAA
AAAAAAAAAAAAAAAAAAAAAAAAAAAAAAAAAAAAAAAAAAAAAAAAAAAAAAAAAAAAAAAAAAAAAAAAAAAA
AAAAAAAAAAAAAAAAAAAAAAAAAAAAAAAAAAAAAAAAAAAAAAAAAAAAAAAAAAAAAAAAAAAAAAAAAAAA
AAAAAAAAAAAAAAAAAAAAAAAAAAAAAAAAAAAAAAAAAAAAAAAAAAAAAAAAAAAAAAAAAAAAAAAAAAAA
AAAAAAAAAAAAAAAAAAAAAAAAAAAAAAAAAAAAAAAAAAAAAAAAAAAAAAAAAAAAAAAAAAAAAAAAAAAA
AAAAAAAAAAAAAAAAAAAAAAAAAAAAAAAAAAAAAAAAAAAAAAAAAAAAAAAAAAAAAAAAAAAAAAAAAAAA
AAAAAAAAAAAAAAAAAAAAAAAAAAAAAAAAAAAAAAAAAAAAAAAAAAAAAAAAAAAAAAAAAAAAAAAAAAAA
AAAAAAAAAAAAAAAAAAAAAAAAAAAAAAAAAAAAAAAAAAAAAAAAAAAAAAAAAAAAAAAAAAAAAAAAAAAA
AAAAAAAAAAAAAAAAAAAAAAAAAAAAAAAAAAAAAAAAAAAAAAAAAAAAAAAAAAAAAAAAAAAAAAAAAAAA
AAAAAAAAAAAAAAAAAAAAAAAAAAAAAAAAAAAAAAAAAAAAAAAAAAAAAAAAAAAAAAAAAAAAAAAAAAAA
AAAAAAAAAAAAAAAAAAAAAAAAAAAAAAAAAAAAAAAAAAAAAAAAAAAAAAAAAAAAAAAAAAAAAAAAAAAA
AAAAAAAAAAAAAAAAAAAAAAAAAAAAAAAAAAAAAAAAAAAAAAAAAAAAAAAAAAAAAAAAAAAAAAAAAAAA
AAAAAAAAAAAAAAAAAAAAAAAAAAAAAAAAAAAAAAAAAAAAAAAAAAAAAAAAAAAAAAAAAAAAAAAAAAAA
AAAAAAAAAAAAAAAAAAAAAAAAAAAAAAAAAAAAAAAAAAAAAAAAAAAAAAAAAAAAAAAAAAAAAAAAAAAA
AAAAAAAAAAAAAAAAAAAAAAAAAAAAAAAAAAAAAAAAAAAAAAAAAAAAAAAAAAAAAAAAAAAAAAAAAAAA
AAAAAAAAAAAAAAAAAAAAAAAAAAAAAAAAAAAAAAAAAAAAAAAAAAAAAAAAAAAAAAAAAAAAAAAAAAAA
AAAAAAAAAAAAAAAAAAAAAAAAAAAAAAAAAAAAAAAAAAAAAAAAAAAAAAAAAAAAAAAAAAAAAAAAAAAA
AAAAAAAAAAAAAAAAAAAAAAAAAAAAAAAAAAAAAAAAAAAAAAAAAAAAAAAAAAAAAAAAAAAAAAAAAAAA
AAAAAAAAAAAAAAAAAAAAAAAAAAAAAAAAAAAAAAAAAAAAAAAAAAAAAAAAAAAAAAAAAAAAAAAAAAAA
AAAAAAAAAAAAAAAAAAAAAAAAAAAAAAAAAAAAAAAAAAAAAAAAAAAAAAAAAAAAAAAAAAAAAAAAAAAA
AAAAAAAAAAAAAAAAAAAAAAAAAAAAAAAAAAAAAAAAAAAAAAAAAAAAAAAAAAAAAAAAAAAAAAAAAAAA
AAAAAAAAAAAAAAAAAAAAAAAAAAAAAAAAAAAAAAAAAAAAAAAAAAAAAAAAAAAAAAAAAAAAAAAAAAAA
AAAAAAAAAAAAAAAAAAAAAAAAAAAAAAAAAAAAAAAAAAAAAAAAAAAAAAAAAAAAAAAAAAAAAAAAAAAA
AAAAAAAAAAAAAAAAAAAAAAAAAAAAAAAAAAAAAAAAAAAAAAAAAAAAAAAAAAAAAAAAAAAAAAAAAAAA
AAAAAAAAAAAAAAAAAAAAAAAAAAAAAAAAAAAAAAAAAAAAAAAAAAAAAAAAAAAAAAAAAAAAAAAAAAAA
AAAAAAAAAAAAAAAAAAAAAAAAAAAAAAAAAAAAAAAAAAAAAAAAAAAAAAAAAAAAAAAAAAAAAAAAAAAA
AAAAAAAAAAAAAAAAAAAAAAAAAAAAAAAAAAAAAAAAAAAAAAAAAAAAAAAAAAAAAAAAAAAAAAAAAAAA
AAAAAAAAAAAAAAAAAAAAAAAAAAAAAAAAAAAAAAAAAAAAAAAAAAAAAAAAAAAAAAAAAAAAAAAAAAAA
AAAAAAAAAAAAAAAAAAAAAAAAAAAAAAAAAAAAAAAAAAAAAAAAAAAAAAAAAAAAAAAAAAAAAAAAAAAA
AAAAAAAAAAAAAAAAAAAAAAAAAAAAAAAAAAAAAAAAAAAAAAAAAAAAAAAAAAAAAAAAAAAAAAAAAAAA
AAAAAAAAAAAAAAAAAAAAAAAAAAAAAAAAAAAAAAAAAAAAAAAAAAAAAAAAAAAAAAAAAAAAAAAAAAAA
AAAAAAAAAAAAAAAAAAAAAAAAAAAAAAAAAAAAAAAAAAAAAAAAAAAAAAAAAAAAAAAAAAAAAAAAAAAA
AAAAAAAAAAAAAAAAAAAAAAAAAAAAAAAAAAAAAAAAAAAAAAAAAAAAAAAAAAAAAAAAAAAAAAAAAAAA
AAAAAAAAAAAAAAAAAAAAAAAAAAAAAAAAAAAAAAAAAAAAAAAAAAAAAAAAAAAAAAAAAAAAAAAAAAAA
AAAAAAAAAAAAAAAAAAAAAAAAAAAAAAAAAAAAAAAAAAAAAAAAAAAAAAAAAAAAAAAAAAAAAAAAAAAA
AAAAAAAAAAAAAAAAAAAAAAAAAAAAAAAAAAAAAAAAAAAAAAAAAAAAAAAAAAAAAAAAAAAAAAAAAAAA
AAAAAAAAAAAAAAAAAAAAAAAAAAAAAAAAAAAAAAAAAAAAAAAAAAAAAAAAAAAAAAAAAAAAAAAAAAAA
AAAAAAAAAAAAAAAAAAAAAAAAAAAAAAAAAAAAAAAAAAAAAAAAAAAAAAAAAAAAAAAAAAAAAAAAAAAA
AAAAAAAAAAAAAAAAAAAAAAAAAAAAAAAAAAAAAAAAAAAAAAAAAAAAAAAAAAAAAAAAAAAAAAAAAAAA
AAAAAAAAAAAAAAAAAAAAAAAAAAAAAAAAAAAAAAAAAAAAAAAAAAAAAAAAAAAAAAAAAAAAAAAAAAAA
AAAAAAAAAAAAAAAAAAAAAAAAAAAAAAAAAAAAAAAAAAAAAAAAAAAAAAAAAAAAAAAAAAAAAAAAAAAA
AAAAAAAAAAAAAAAAAAAAAAAAAAAAAAAAAAAAAAAAAAAAAAAAAAAAAAAAAAAAAAAAAAAAAAAAAAAA
AAAAAAAAAAAAAAAAAAAAAAAAAAAAAAAAAAAAAAAAAAAAAAAAAAAAAAAAAAAAAAAAAAAAAAAAAAAA
AAAAAAAAAAAAAAAAAAAAAAAAAAAAAAAAAAAAAAAAAAAAAAAAAAAAAAAAAAAAAAAAAAAAAAAAAAAA
AAAAAAAAAAAAAAAAAAAAAAAAAAAAAAAAAAAAAAAAAAAAAAAAAAAAAAAAAAAAAAAAAAAAAAAAAAAA
AAAAAAAAAAAAAAAAAAAAAAAAAAAAAAAAAAAAAAAAAAAAAAAAAAAAAAAAAAAAAAAAAAAAAAAAAAAA
AAAAAAAAAAAAAAAAAAAAAAAAAAAAAAAAAAAAAAAAAAAAAAAAAAAAAAAAAAAAAAAAAAAAAAAAAAAA
AAAAAAAAAAAAAAAAAAAAAAAAAAAAAAAAAAAAAAAAAAAAAAAAAAAAAAAAAAAAAAAAAAAAAAAAAAAA
AAAAAAAAAAAAAAAAAAAAAAAAAAAAAAAAAAAAAAAAAAAAAAAAAAAAAAAAAAAAAAAAAAAAAAAAAAAA
AAAAAAAAAAAAAAAAAAAAAAAAAAAAAAAAAAAAAAAAAAAAAAAAAAAAAAAAAAAAAAAAAAAAAAAAAAAA
AAAAAAAAAAAAAAAAAAAAAAAAAAAAAAAAAAAAAAAAAAAAAAAAAAAAAAAAAAAAAAAAAAAAAAAAAAAA
AAAAAAAAAAAAAAAAAAAAAAAAAAAAAAAAAAAAAAAAAAAAAAAAAAAAAAAAAAAAAAAAAAAAAAAAAAAA
AAAAAAAAAAAAAAAAAAAAAAAAAAAAAAAAAAAAAAAAAAAAAAAAAAAAAAAAAAAAAAAAAAAAAAAAAAAA
AAAAAAAAAAAAAAAAAAAAAAAAAAAAAAAAAAAAAAAAAAAAAAAAAAAAAAAAAAAAAAAAAAAAAAAAAAAA
AAAAAAAAAAAAAAAAAAAAAAAAAAAAAAAAAAAAAAAAAAAAAAAAAAAAAAAAAAAAAAAAAAAAAAAAAAAA
AAAAAAAAAAAAAAAAAAAAAAAAAAAAAAAAAAAAAAAAAAAAAAAAAAAAAAAAAAAAAAAAAAAAAAAAAAAA
AAAAAAAAAAAAAAAAAAAAAAAAAAAAAAAAAAAAAAAAAAAAAAAAAAAAAAAAAAAAAAAAAAAAAAAAAAAA
AAAAAAAAAAAAAAAAAAAAAAAAAAAAAAAAAAAAAAAAAAAAAAAAAAAAAAAAAAAAAAAAAAAAAAAAAAAA
AAAAAAAAAAAAAAAAAAAAAAAAAAAAAAAAAAAAAAAAAAAAAAAAAAAAAAAAAAAAAAAAAAAAAAAAAAAA
AAAAAAAAAAAAAAAAAAAAAAAAAAAAAAAAAAAAAAAAAAAAAAAAAAAAAAAAAAAAAAAAAAAAAAAAAAAA
AAAAAAAAAAAAAAAAAAAAAAAAAAAAAAAAAAAAAAAAAAAAAAAAAAAAAAAAAAAAAAAAAAAAAAAAAAAA
AAAAAAAAAAAAAAAAAAAAAAAAAAAAAAAAAAAAAAAAAAAAAAAAAAAAAAAAAAAAAAAAAAAAAAAAAAAA
AAAAAAAAAAAAAAAAAAAAAAAAAAAAAAAAAAAAAAAAAAAAAAAAAAAAAAAAAAAAAAAAAAAAAAAAAAAA
AAAAAAAAAAAAAAAAAAAAAAAAAAAAAAAAAAAAAAAAAAAAAAAAAAAAAAAAAAAAAAAAAAAAAAAAAAAA
AAAAAAAAAAAAAAAAAAAAAAAAAAAAAAAAAAAAAAAAAAAAAAAAAAAAAAAAAAAAAAAAAAAAAAAAAAAA
AAAAAAAAAAAAAAAAAAAAAAAAAAAAAAAAAAAAAAAAAAAAAAAAAAAAAAAAAAAAAAAAAAAAAAAAAAAA
AAAAAAAAAAAAAAAAAAAAAAAAAAAAAAAAAAAAAAAAAAAAAAAAAAAAAAAAAAAAAAAAAAAAAAAAAAAA
AAAAAAAAAAAAAAAAAAAAAAAAAAAAAAAAAAAAAAAAAAAAAAAAAAAAAAAAAAAAAAAAAAAAAAAAAAAA
AAAAAAAAAAAAAAAAAAAAAAAAAAAAAAAAAAAAAAAAAAAAAAAAAAAAAAAAAAAAAAAAAAAAAAAAAAAA
AAAAAAAAAAAAAAAAAAAAAAAAAAAAAAAAAAAAAAAAAAAAAAAAAAAAAAAAAAAAAAAAAAAAAAAAAAAA
AAAAAAAAAAAAAAAAAAAAAAAAAAAAAAAAAAAAAAAAAAAAAAAAAAAAAAAAAAAAAAAAAAAAAAAAAAAA
AAAAAAAAAAAAAAAAAAAAAAAAAAAAAAAAAAAAAAAAAAAAAAAAAAAAAAAAAAAAAAAAAAAAAAAAAAAA
AAAAAAAAAAAAAAAAAAAAAAAAAAAAAAAAAAAAAAAAAAAAAAAAAAAAAAAAAAAAAAAAAAAAAAAAAAAA
AAAAAAAAAAAAAAAAAAAAAAAAAAAAAAAAAAAAAAAAAAAAAAAAAAAAAAAAAAAAAAAAAAAAAAAAAAAA
AAAAAAAAAAAAAAAAAAAAAAAAAAAAAAAAAAAAAAAAAAAAAAAAAAAAAAAAAAAAAAAAAAAAAAAAAAAA
AAAAAAAAAAAAAAAAAAAAAAAAAAAAAAAAAAAAAAAAAAAAAAAAAAAAAAAAAAAAAAAAAAAAAAAAAAAA
AAAAAAAAAAAAAAAAAAAAAAAAAAAAAAAAAAAAAAAAAAAAAAAAAAAAAAAAAAAAAAAAAAAAAAAAAAAA
AAAAAAAAAAAAAAAAAAAAAAAAAAAAAAAAAAAAAAAAAAAAAAAAAAAAAAAAAAAAAAAAAAAAAAAAAAAA
AAAAAAAAAAAAAAAAAAAAAAAAAAAAAAAAAAAAAAAAAAAAAAAAAAAAAAAAAAAAAAAAAAAAAAAAAAAA
AAAAAAAAAAAAAAAAAAAAAAAAAAAAAAAAAAAAAAAAAAAAAAAAAAAAAAAAAAAAAAAAAAAAAAAAAAAA
AAAAAAAAAAAAAAAAAAAAAAAAAAAAAAAAAAAAAAAAAAAAAAAAAAAAAAAAAAAAAAAAAAAAAAAAAAAA
AAAAAAAAAAAAAAAAAAAAAAAAAAAAAAAAAAAAAAAAAAAAAAAAAAAAAAAAAAAAAAAAAAAAAAAAAAAA
AAAAAAAAAAAAAAAAAAAAAAAAAAAAAAAAAAAAAAAAAAAAAAAAAAAAAAAAAAAAAAAAAAAAAAAAAAAA
AAAAAAAAAAAAAAAAAAAAAAAAAAAAAAAAAAAAAAAAAAAAAAAAAAAAAAAAAAAAAAAAAAAAAAAAAAAA
AAAAAAAAAAAAAAAAAAAAAAAAAAAAAAAAAAAAAAAAAAAAAAAAAAAAAAAAAAAAAAAAAAAAAAAAAAAA
AAAAAAAAAAAAAAAAAAAAAAAAAAAAAAAAAAAAAAAAAAAAAAAAAAAAAAAAAAAAAAAAAAAAAAAAAAAA
AAAAAAAAAAAAAAAAAAAAAAAAAAAAAAAAAAAAAAAAAAAAAAAAAAAAAAAAAAAAAAAAAAAAAAAAAAAA
AAAAAAAAAAAAAAAAAAAAAAAAAAAAAAAAAAAAAAAAAAAAAAAAAAAAAAAAAAAAAAAAAAAAAAAAAAAA
AAAAAAAAAAAAAAAAAAAAAAAAAAAAAAAAAAAAAAAAAAAAAAAAAAAAAAAAAAAAAAAAAAAAAAAAAAAA
AAAAAAAAAAAAAAAAAAAAAAAAAAAAAAAAAAAAAAAAAAAAAAAAAAAAAAAAAAAAAAAAAAAAAAAAAAAA
AAAAAAAAAAAAAAAAAAAAAAAAAAAAAAAAAAAAAAAAAAAAAAAAAAAAAAAAAAAAAAAAAAAAAAAAAAAA
AAAAAAAAAAAAAAAAAAAAAAAAAAAAAAAAAAAAAAAAAAAAAAAAAAAAAAAAAAAAAAAAAAAAAAAAAAAA
AAAAAAAAAAAAAAAAAAAAAAAAAAAAAAAAAAAAAAAAAAAAAAAAAAAAAAAAAAAAAAAAAAAAAAAAAAAA
AAAAAAAAAAAAAAAAAAAAAAAAAAAAAAAAAAAAAAAAAAAAAAAAAAAAAAAAAAAAAAAAAAAAAAAAAAAA
AAAAAAAAAAAAAAAAAAAAAAAAAAAAAAAAAAAAAAAAAAAAAAAAAAAAAAAAAAAAAAAAAAAAAAAAAAAA
AAAAAAAAAAAAAAAAAAAAAAAAAAAAAAAAAAAAAAAAAAAAAAAAAAAAAAAAAAAAAAAAAAAAAAAAAAAA
AAAAAAAAAAAAAAAAAAAAAAAAAAAAAAAAAAAAAAAAAAAAAAAAAAAAAAAAAAAAAAAAAAAAAAAAAAAA
AAAAAAAAAAAAAAAAAAAAAAAAAAAAAAAAAAAAAAAAAAAAAAAAAAAAAAAAAAAAAAAAAAAAAAAAAAAA
AAAAAAAAAAAAAAAAAAAAAAAAAAAAAAAAAAAAAAAAAAAAAAAAAAAAAAAAAAAAAAAAAAAAAAAAAAAA
AAAAAAAAAAAAAAAAAAAAAAAAAAAAAAAAAAAAAAAAAAAAAAAAAAAAAAAAAAAAAAAAAAAAAAAAAAAA
AAAAAAAAAAAAAAAAAAAAAAAAAAAAAAAAAAAAAAAAAAAAAAAAAAAAAAAAAAAAAAAAAAAAAAAAAAAA
AAAAAAAAAAAAAAAAAAAAAAAAAAAAAAAAAAAAAAAAAAAAAAAAAAAAAAAAAAAAAAAAAAAAAAAAAAAA
AAAAAAAAAAAAAAAAAAAAAAAAAAAAAAAAAAAAAAAAAAAAAAAAAAAAAAAAAAAAAAAAAAAAAAAAAAAA
AAAAAAAAAAAAAAAAAAAAAAAAAAAAAAAAAAAAAAAAAAAAAAAAAAAAAAAAAAAAAAAAAAAAAAAAAAAA
AAAAAAAAAAAAAAAAAAAAAAAAAAAAAAAAAAAAAAAAAAAAAAAAAAAAAAAAAAAAAAAAAAAAAAAAAAAA
AAAAAAAAAAAAAAAAAAAAAAAAAAAAAAAAAAAAAAAAAAAAAAAAAAAAAAAAAAAAAAAAAAAAAAAAAAAA
AAAAAAAAAAAAAAAAAAAAAAAAAAAAAAAAAAAAAAAAAAAAAAAAAAAAAAAAAAAAAAAAAAAAAAAAAAAA
AAAAAAAAAAAAAAAAAAAAAAAAAAAAAAAAAAAAAAAAAAAAAAAAAAAAAAAAAAAAAAAAAAAAAAAAAAAA
AAAAAAAAAAAAAAAAAAAAAAAAAAAAAAAAAAAAAAAAAAAAAAAAAAAAAAAAAAAAAAAAAAAAAAAAAAAA
AAAAAAAAAAAAAAAAAAAAAAAAAAAAAAAAAAAAAAAAAAAAAAAAAAAAAAAAAAAAAAAAAAAAAAAAAAAA
AAAAAAAAAAAAAAAAAAAAAAAAAAAAAAAAAAAAAAAAAAAAAAAAAAAAAAAAAAAAAAAAAAAAAAAAAAAA
AAAAAAAAAAAAAAAAAAAAAAAAAAAAAAAAAAAAAAAAAAAAAAAAAAAAAAAAAAAAAAAAAAAAAAAAAAAA
AAAAAAAAAAAAAAAAAAAAAAAAAAAAAAAAAAAAAAAAAAAAAAAAAAAAAAAAAAAAAAAAAAAAAAAAAAAA
AAAAAAAAAAAAAAAAAAAAAAAAAAAAAAAAAAAAAAAAAAAAAAAAAAAAAAAAAAAAAAAAAAAAAAAAAAAA
AAAAAAAAAAAAAAAAAAAAAAAAAAAAAAAAAAAAAAAAAAAAAAAAAAAAAAAAAAAAAAAAAAAAAAAAAAAA
AAAAAAAAAAAAAAAAAAAAAAAAAAAAAAAAAAAAAAAAAAAAAAAAAAAAAAAAAAAAAAAAAAAAAAAAAAAA
AAAAAAAAAAAAAAAAAAAAAAAAAAAAAAAAAAAAAAAAAAAAAAAAAAAAAAAAAAAAAAAAAAAAAAAAAAAA
AAAAAAAAAAAAAAAAAAAAAAAAAAAAAAAAAAAAAAAAAAAAAAAAAAAAAAAAAAAAAAAAAAAAAAAAAAAA
AAAAAAAAAAAAAAAAAAAAAAAA
false
false
false
AAAAAAAAAAAAAAAAAAAAAAAAAAAAAAAAAAAAAAAAAAAAAAAAAAAAAAAAAAAAAAAAAAAAAAAAAAAA
AAAAAAAAAAAAAAAAAAAAAAAAAAAAAAAAAAAAAAAAAAAAAAAAAAAAAAAAAAAAAAAAAAAAAAAAAAAA
AAAAAAAAAAAAAAAAAAAAAAAAAAAAAAAAAAAAAAAAAAAAAAAAAAAAAAAAAAAAAAAAAAAAAAAAAAAA
AAAAAAAAAAAAAAAAAAAAAAAAAAAAAAAAAAAAAAAAAAAAAAAAAAAAAAAAAAAAAAAAAAAAAAAAAAAA
AAAAAAAAAAAAAAAAAAAAAAAAAAAAAAAAAAAAAAAAAAAAAAAAAAAAAAAAAAAAAAAAAAAAAAAAAAAA
AAAAAAAAAAAAAAAAAAAAAAAAAAAAAAAAAAAAAAAAAAAAAAAAAAAAAAAAAAAAAAAAAAAAAAAAAAAA
AAAAAAAAAAAAAAAAAAAAAAAAAAAAAAAAAAAAAAAAAAAAAAAAAAAAAAAAAAAAAAAAAAAAAAAAAAAA
AAAAAAAAAAAAAAAAAAAAAAAAAAAAAAAAAAAAAAAAAAAAAAAAAAAAAAAAAAAAAAAAAAAAAAAAAAAA
AAAAAAAAAAAAAAAAAAAAAAAAAAAAAAAAAAAAAAAAAAAAAAAAAAAAAAAAAAAAAAAAAAAAAAAAAAAA
AAAAAAAAAAAAAAAAAAAAAAAAAAAAAAAAAAAAAAAAAAAAAAAAAAAAAAAAAAAAAAAAAAAAAAAAAAAA
AAAAAAAAAAAAAAAAAAAAAAAAAAAAAAAAAAAAAAAAAAAAAAAAAAAAAAAAAAAAAAAAAAAAAAAAAAAA
AAAAAAAAAAAAAAAAAAAAAAAAAAAAAAAAAAAAAAAAAAAAAAAAAAAAAAAAAAAAAAAAAAAAAAAAAAAA
AAAAAAAAAAAAAAAAAAAAAAAAAAAAAAAAAAAAAAAAAAAAAAAAAAAAAAAAAAAAAAAAAAAAAAAAAAAA
AAAAAAAAAAAAAAAAAAAAAAAAAAAAAAAAAAAAAAAAAAAAAAAAAAAAAAAAAAAAAAAAAAAAAAAAAAAA
AAAAAAAAAAAAAAAAAAAAAAAAAAAAAAAAAAAAAAAAAAAAAAAAAAAAAAAAAAAAAAAAAAAAAAAAAAAA
AAAAAAAAAAAAAAAAAAAAAAAAAAAAAAAAAAAAAAAAAAAAAAAAAAAAAAAAAAAAAAAAAAAAAAAAAAAA
AAAAAAAAAAAAAAAAAAAAAAAAAAAAAAAAAAAAAAAAAAAAAAAAAAAAAAAAAAAAAAAAAAAAAAAAAAAA
AAAAAAAAAAAAAAAAAAAAAAAAAAAAAAAAAAAAAAAAAAAAAAAAAAAAAAAAAAAAAAAAAAAAAAAAAAAA
AAAAAAAAAAAAAAAAAAAAAAAAAAAAAAAAAAAAAAAAAAAAAAAAAAAAAAAAAAAAAAAAAAAAAAAAAAAA
AAAAAAAAAAAAAAAAAAAAAAAAAAAAAAAAAAAAAAAAAAAAAAAAAAAAAAAAAAAAAAAAAAAAAAAAAAAA
AAAAAAAAAAAAAAAAAAAAAAAAAAAAAAAAAAAAAAAAAAAAAAAAAAAAAAAAAAAAAAAAAAAAAAAAAAAA
AAAAAAAAAAAAAAAAAAAAAAAAAAAAAAAAAAAAAAAAAAAAAAAAAAAAAAAAAAAAAAAAAAAAAAAAAAAA
AAAAAAAAAAAAAAAAAAAAAAAAAAAAAAAAAAAAAAAAAAAAAAAAAAAAAAAAAAAAAAAAAAAAAAAAAAAA
AAAAAAAAAAAAAAAAAAAAAAAAAAAAAAAAAAAAAAAAAAAAAAAAAAAAAAAAAAAAAAAAAAAAAAAAAAAA
AAAAAAAAAAAAAAAAAAAAAAAAAAAAAAAAAAAAAAAAAAAAAAAAAAAAAAAAAAAAAAAAAAAAAAAAAAAA
AAAAAAAAAAAAAAAAAAAAAAAAAAAAAAAAAAAAAAAAAAAAAAAAAAAAAAAAAAAAAAAAAAAAAAAAAAAA
AAAAAAAAAAAAAAAAAAAAAAAAAAAAAAAAAAAAAAAAAAAAAAAAAAAAAAAAAAAAAAAAAAAAAAAAAAAA
AAAAAAAAAAAAAAAAAAAAAAAAAAAAAAAAAAAAAAAAAAAAAAAAAAAAAAAAAAAAAAAAAAAAAAAAAAAA
AAAAAAAAAAAAAAAAAAAAAAAAAAAAAAAAAAAAAAAAAAAAAAAAAAAAAAAAAAAAAAAAAAAAAAAAAAAA
AAAAAAAAAAAAAAAAAAAAAAAAAAAAAAAAAAAAAAAAAAAAAAAAAAAAAAAAAAAAAAAAAAAAAAAAAAAA
AAAAAAAAAAAAAAAAAAAAAAAAAAAAAAAAAAAAAAAAAAAAAAAAAAAAAAAAAAAAAAAAAAAAAAAAAAAA
AAAAAAAAAAAAAAAAAAAAAAAAAAAAAAAAAAAAAAAAAAAAAAAAAAAAAAAAAAAAAAAAAAAAAAAAAAAA
AAAAAAAAAAAAAAAAAAAAAAAAAAAAAAAAAAAAAAAAAAAAAAAAAAAAAAAAAAAAAAAAAAAAAAAAAAAA
AAAAAAAAAAAAAAAAAAAAAAAAAAAAAAAAAAAAAAAAAAAAAAAAAAAAAAAAAAAAAAAAAAAAAAAAAAAA
AAAAAAAAAAAAAAAAAAAAAAAAAAAAAAAAAAAAAAAAAAAAAAAAAAAAAAAAAAAAAAAAAAAAAAAAAAAA
AAAAAAAAAAAAAAAAAAAAAAAAAAAAAAAAAAAAAAAAAAAAAAAAAAAAAAAAAAAAAAAAAAAAAAAAAAAA
AAAAAAAAAAAAAAAAAAAAAAAAAAAAAAAAAAAAAAAAAAAAAAAAAAAAAAAAAAAAAAAAAAAAAAAAAAAA
AAAAAAAAAAAAAAAAAAAAAAAAAAAAAAAAAAAAAAAAAAAAAAAAAAAAAAAAAAAAAAAAAAAAAAAAAAAA
AAAAAAAAAAAAAAAAAAAAAAAAAAAAAAAAAAAAAAAAAAAAAAAAAAAAAAAAAAAAAAAAAAAAAAAAAAAA
AAAAAAAAAAAAAAAAAAAAAAAAAAAAAAAAAAAAAAAAAAAAAAAAAAAAAAAAAAAAAAAAAAAAAAAAAAAA
AAAAAAAAAAAAAAAAAAAAAAAAAAAAAAAAAAAAAAAAAAAAAAAAAAAAAAAAAAAAAAAAAAAAAAAAAAAA
AAAAAAAAAAAAAAAAAAAAAAAAAAAAAAAAAAAAAAAAAAAAAAAAAAAAAAAAAAAAAAAAAAAAAAAAAAAA
AAAAAAAAAAAAAAAAAAAAAAAAAAAAAAAAAAAAAAAAAAAAAAAAAAAAAAAAAAAAAAAAAAAAAAAAAAAA
AAAAAAAAAAAAAAAAAAAAAAAAAAAAAAAAAAAAAAAAAAAAAAAAAAAAAAAAAAAAAAAAAAAAAAAAAAAA
AAAAAAAAAAAAAAAAAAAAAAAAAAAAAAAAAAAAAAAAAAAAAAAAAAAAAAAAAAAAAAAAAAAAAAAAAAAA
AAAAAAAAAAAAAAAAAAAAAAAAAAAAAAAAAAAAAAAAAAAAAAAAAAAAAAAAAAAAAAAAAAAAAAAAAAAA
AAAAAAAAAAAAAAAAAAAAAAAAAAAAAAAAAAAAAAAAAAAAAAAAAAAAAAAAAAAAAAAAAAAAAAAAAAAA
AAAAAAAAAAAAAAAAAAAAAAAAAAAAAAAAAAAAAAAAAAAAAAAAAAAAAAAAAAAAAAAAAAAAAAAAAAAA
AAAAAAAAAAAAAAAAAAAAAAAAAAAAAAAAAAAAAAAAAAAAAAAAAAAAAAAAAAAAAAAAAAAAAAAAAAAA
AAAAAAAAAAAAAAAAAAAAAAAAAAAAAAAAAAAAAAAAAAAAAAAAAAAAAAAAAAAAAAAAAAAAAAAAAAAA
AAAAAAAAAAAAAAAAAAAAAAAAAAAAAAAAAAAAAAAAAAAAAAAAAAAAAAAAAAAAAAAAAAAAAAAAAAAA
AAAAAAAAAAAAAAAAAAAAAAAAAAAAAAAAAAAAAAAAAAAAAAAAAAAAAAAAAAAAAAAAAAAAAAAAAAAA
AAAAAAAAAAAAAAAAAAAAAAAAAAAAAAAAAAAAAAAAAAAAAAAAAAAAAAAAAAAAAAAAAAAAAAAAAAAA
AAAAAAAAAAAAAAAAAAAAAAAAAAAAAAAAAAAAAAAAAAAAAAAAAAAAAAAAAAAAAAAAAAAAAAAAAAAA
AAAAAAAAAAAAAAAAAAAAAAAAAAAAAAAAAAAAAAAAAAAAAAAAAAAAAAAAAAAAAAAAAAAAAAAAAAAA
AAAAAAAAAAAAAAAAAAAAAAAAAAAAAAAAAAAAAAAAAAAAAAAAAAAAAAAAAAAAAAAAAAAAAAAAAAAA
AAAAAAAAAAAAAAAAAAAAAAAAAAAAAAAAAAAAAAAAAAAAAAAAAAAAAAAAAAAAAAAAAAAAAAAAAAAA
AAAAAAAAAAAAAAAAAAAAAAAAAAAAAAAAAAAAAAAAAAAAAAAAAAAAAAAAAAAAAAAAAAAAAAAAAAAA
AAAAAAAAAAAAAAAAAAAAAAAAAAAAAAAAAAAAAAAAAAAAAAAAAAAAAAAAAAAAAAAAAAAAAAAAAAAA
AAAAAAAAAAAAAAAAAAAAAAAAAAAAAAAAAAAAAAAAAAAAAAAAAAAAAAAAAAAAAAAAAAAAAAAAAAAA
AAAAAAAAAAAAAAAAAAAAAAAAAAAAAAAAAAAAAAAAAAAAAAAAAAAAAAAAAAAAAAAAAAAAAAAAAAAA
AAAAAAAAAAAAAAAAAAAAAAAAAAAAAAAAAAAAAAAAAAAAAAAAAAAAAAAAAAAAAAAAAAAAAAAAAAAA
AAAAAAAAAAAAAAAAAAAAAAAAAAAAAAAAAAAAAAAAAAAAAAAAAAAAAAAAAAAAAAAAAAAAAAAAAAAA
AAAAAAAAAAAAAAAAAAAAAAAAAAAAAAAAAAAAAAAAAAAAAAAAAAAAAAAAAAAAAAAAAAAAAAAAAAAA
AAAAAAAAAAAAAAAAAAAAAAAAAAAAAAAAAAAAAAAAAAAAAAAAAAAAAAAAAAAAAAAAAAAAAAAAAAAA
AAAAAAAAAAAAAAAAAAAAAAAAAAAAAAAAAAAAAAAAAAAAAAAAAAAAAAAAAAAAAAAAAAAAAAAAAAAA
AAAAAAAAAAAAAAAAAAAAAAAAAAAAAAAAAAAAAAAAAAAAAAAAAAAAAAAAAAAAAAAAAAAAAAAAAAAA
AAAAAAAAAAAAAAAAAAAAAAAAAAAAAAAAAAAAAAAAAAAAAAAAAAAAAAAAAAAAAAAAAAAAAAAAAAAA
AAAAAAAAAAAAAAAAAAAAAAAAAAAAAAAAAAAAAAAAAAAAAAAAAAAAAAAAAAAAAAAAAAAAAAAAAAAA
AAAAAAAAAAAAAAAAAAAAAAAAAAAAAAAAAAAAAAAAAAAAAAAAAAAAAAAAAAAAAAAAAAAAAAAAAAAA
AAAAAAAAAAAAAAAAAAAAAAAAAAAAAAAAAAAAAAAAAAAAAAAAAAAAAAAAAAAAAAAAAAAAAAAAAAAA
AAAAAAAAAAAAAAAAAAAAAAAAAAAAAAAAAAAAAAAAAAAAAAAAAAAAAAAAAAAAAAAAAAAAAAAAAAAA
AAAAAAAAAAAAAAAAAAAAAAAAAAAAAAAAAAAAAAAAAAAAAAAAAAAAAAAAAAAAAAAAAAAAAAAAAAAA
AAAAAAAAAAAAAAAAAAAAAAAAAAAAAAAAAAAAAAAAAAAAAAAAAAAAAAAAAAAAAAAAAAAAAAAAAAAA
AAAAAAAAAAAAAAAAAAAAAAAAAAAAAAAAAAAAAAAAAAAAAAAAAAAAAAAAAAAAAAAAAAAAAAAAAAAA
AAAAAAAAAAAAAAAAAAAAAAAAAAAAAAAAAAAAAAAAAAAAAAAAAAAAAAAAAAAAAAAAAAAAAAAAAAAA
AAAAAAAAAAAAAAAAAAAAAAAAAAAAAAAAAAAAAAAAAAAAAAAAAAAAAAAAAAAAAAAAAAAAAAAAAAAA
AAAAAAAAAAAAAAAAAAAAAAAAAAAAAAAAAAAAAAAAAAAAAAAAAAAAAAAAAAAAAAAAAAAAAAAAAAAA
AAAAAAAAAAAAAAAAAAAAAAAAAAAAAAAAAAAAAAAAAAAAAAAAAAAAAAAAAAAAAAAAAAAAAAAAAAAA
AAAAAAAAAAAAAAAAAAAAAAAAAAAAAAAAAAAAAAAAAAAAAAAAAAAAAAAAAAAAAAAAAAAAAAAAAAAA
AAAAAAAAAAAAAAAAAAAAAAAAAAAAAAAAAAAAAAAAAAAAAAAAAAAAAAAAAAAAAAAAAAAAAAAAAAAA
AAAAAAAAAAAAAAAAAAAAAAAAAAAAAAAAAAAAAAAAAAAAAAAAAAAAAAAAAAAAAAAAAAAAAAAAAAAA
AAAAAAAAAAAAAAAAAAAAAAAAAAAAAAAAAAAAAAAAAAAAAAAAAAAAAAAAAAAAAAAAAAAAAAAAAAAA
AAAAAAAAAAAAAAAAAAAAAAAAAAAAAAAAAAAAAAAAAAAAAAAAAAAAAAAAAAAAAAAAAAAAAAAAAAAA
AAAAAAAAAAAAAAAAAAAAAAAAAAAAAAAAAAAAAAAAAAAAAAAAAAAAAAAAAAAAAAAAAAAAAAAAAAAA
AAAAAAAAAAAAAAAAAAAAAAAAAAAAAAAAAAAAAAAAAAAAAAAAAAAAAAAAAAAAAAAAAAAAAAAAAAAA
AAAAAAAAAAAAAAAAAAAAAAAAAAAAAAAAAAAAAAAAAAAAAAAAAAAAAAAAAAAAAAAAAAAAAAAAAAAA
AAAAAAAAAAAAAAAAAAAAAAAAAAAAAAAAAAAAAAAAAAAAAAAAAAAAAAAAAAAAAAAAAAAAAAAAAAAA
AAAAAAAAAAAAAAAAAAAAAAAAAAAAAAAAAAAAAAAAAAAAAAAAAAAAAAAAAAAAAAAAAAAAAAAAAAAA
AAAAAAAAAAAAAAAAAAAAAAAAAAAAAAAAAAAAAAAAAAAAAAAAAAAAAAAAAAAAAAAAAAAAAAAAAAAA
AAAAAAAAAAAAAAAAAAAAAAAAAAAAAAAAAAAAAAAAAAAAAAAAAAAAAAAAAAAAAAAAAAAAAAAAAAAA
AAAAAAAAAAAAAAAAAAAAAAAAAAAAAAAAAAAAAAAAAAAAAAAAAAAAAAAAAAAAAAAAAAAAAAAAAAAA
AAAAAAAAAAAAAAAAAAAAAAAAAAAAAAAAAAAAAAAAAAAAAAAAAAAAAAAAAAAAAAAAAAAAAAAAAAAA
AAAAAAAAAAAAAAAAAAAAAAAAAAAAAAAAAAAAAAAAAAAAAAAAAAAAAAAAAAAAAAAAAAAAAAAAAAAA
AAAAAAAAAAAAAAAAAAAAAAAAAAAAAAAAAAAAAAAAAAAAAAAAAAAAAAAAAAAAAAAAAAAAAAAAAAAA
AAAAAAAAAAAAAAAAAAAAAAAAAAAAAAAAAAAAAAAAAAAAAAAAAAAAAAAAAAAAAAAAAAAAAAAAAAAA
AAAAAAAAAAAAAAAAAAAAAAAAAAAAAAAAAAAAAAAAAAAAAAAAAAAAAAAAAAAAAAAAAAAAAAAAAAAA
AAAAAAAAAAAAAAAAAAAAAAAAAAAAAAAAAAAAAAAAAAAAAAAAAAAAAAAAAAAAAAAAAAAAAAAAAAAA
AAAAAAAAAAAAAAAAAAAAAAAAAAAAAAAAAAAAAAAAAAAAAAAAAAAAAAAAAAAAAAAAAAAAAAAAAAAA
AAAAAAAAAAAAAAAAAAAAAAAAAAAAAAAAAAAAAAAAAAAAAAAAAAAAAAAAAAAAAAAAAAAAAAAAAAAA
AAAAAAAAAAAAAAAAAAAAAAAAAAAAAAAAAAAAAAAAAAAAAAAAAAAAAAAAAAAAAAAAAAAAAAAAAAAA
AAAAAAAAAAAAAAAAAAAAAAAAAAAAAAAAAAAAAAAAAAAAAAAAAAAAAAAAAAAAAAAAAAAAAAAAAAAA
AAAAAAAAAAAAAAAAAAAAAAAAAAAAAAAAAAAAAAAAAAAAAAAAAAAAAAAAAAAAAAAAAAAAAAAAAAAA
AAAAAAAAAAAAAAAAAAAAAAAAAAAAAAAAAAAAAAAAAAAAAAAAAAAAAAAAAAAAAAAAAAAAAAAAAAAA
AAAAAAAAAAAAAAAAAAAAAAAAAAAAAAAAAAAAAAAAAAAAAAAAAAAAAAAAAAAAAAAAAAAAAAAAAAAA
AAAAAAAAAAAAAAAAAAAAAAAAAAAAAAAAAAAAAAAAAAAAAAAAAAAAAAAAAAAAAAAAAAAAAAAAAAAA
AAAAAAAAAAAAAAAAAAAAAAAAAAAAAAAAAAAAAAAAAAAAAAAAAAAAAAAAAAAAAAAAAAAAAAAAAAAA
AAAAAAAAAAAAAAAAAAAAAAAAAAAAAAAAAAAAAAAAAAAAAAAAAAAAAAAAAAAAAAAAAAAAAAAAAAAA
AAAAAAAAAAAAAAAAAAAAAAAAAAAAAAAAAAAAAAAAAAAAAAAAAAAAAAAAAAAAAAAAAAAAAAAAAAAA
AAAAAAAAAAAAAAAAAAAAAAAAAAAAAAAAAAAAAAAAAAAAAAAAAAAAAAAAAAAAAAAAAAAAAAAAAAAA
AAAAAAAAAAAAAAAAAAAAAAAAAAAAAAAAAAAAAAAAAAAAAAAAAAAAAAAAAAAAAAAAAAAAAAAAAAAA
AAAAAAAAAAAAAAAAAAAAAAAAAAAAAAAAAAAAAAAAAAAAAAAAAAAAAAAAAAAAAAAAAAAAAAAAAAAA
AAAAAAAAAAAAAAAAAAAAAAAAAAAAAAAAAAAAAAAAAAAAAAAAAAAAAAAAAAAAAAAAAAAAAAAAAAAA
AAAAAAAAAAAAAAAAAAAAAAAAAAAAAAAAAAAAAAAAAAAAAAAAAAAAAAAAAAAAAAAAAAAAAAAAAAAA
AAAAAAAAAAAAAAAAAAAAAAAAAAAAAAAAAAAAAAAAAAAAAAAAAAAAAAAAAAAAAAAAAAAAAAAAAAAA
AAAAAAAAAAAAAAAAAAAAAAAAAAAAAAAAAAAAAAAAAAAAAAAAAAAAAAAAAAAAAAAAAAAAAAAAAAAA
AAAAAAAAAAAAAAAAAAAAAAAAAAAAAAAAAAAAAAAAAAAAAAAAAAAAAAAAAAAAAAAAAAAAAAAAAAAA
AAAAAAAAAAAAAAAAAAAAAAAAAAAAAAAAAAAAAAAAAAAAAAAAAAAAAAAAAAAAAAAAAAAAAAAAAAAA
AAAAAAAAAAAAAAAAAAAAAAAAAAAAAAAAAAAAAAAAAAAAAAAAAAAAAAAAAAAAAAAAAAAAAAAAAAAA
AAAAAAAAAAAAAAAAAAAAAAAAAAAAAAAAAAAAAAAAAAAAAAAAAAAAAAAAAAAAAAAAAAAAAAAAAAAA
AAAAAAAAAAAAAAAAAAAAAAAAAAAAAAAAAAAAAAAAAAAAAAAAAAAAAAAAAAAAAAAAAAAAAAAAAAAA
AAAAAAAAAAAAAAAAAAAAAAAAAAAAAAAAAAAAAAAAAAAAAAAAAAAAAAAAAAAAAAAAAAAAAAAAAAAA
AAAAAAAAAAAAAAAAAAAAAAAAAAAAAAAAAAAAAAAAAAAAAAAAAAAAAAAAAAAAAAAAAAAAAAAAAAAA
AAAAAAAAAAAAAAAAAAAAAAAAAAAAAAAAAAAAAAAAAAAAAAAAAAAAAAAAAAAAAAAAAAAAAAAAAAAA
AAAAAAAAAAAAAAAAAAAAAAAAAAAAAAAAAAAAAAAAAAAAAAAAAAAAAAAAAAAAAAAAAAAAAAAAAAAA
AAAAAAAAAAAAAAAAAAAAAAAAAAAAAAAAAAAAAAAAAAAAAAAAAAAAAAAAAAAAAAAAAAAAAAAAAAAA
AAAAAAAAAAAAAAAAAAAAAAAAAAAAAAAAAAAAAAAAAAAAAAAAAAAAAAAAAAAAAAAAAAAAAAAAAAAA
AAAAAAAAAAAAAAAAAAAAAAAAAAAAAAAAAAAAAAAAAAAAAAAAAAAAAAAAAAAAAAAAAAAAAAAAAAAA
AAAAAAAAAAAAAAAAAAAAAAAAAAAAAAAAAAAAAAAAAAAAAAAAAAAAAAAAAAAAAAAAAAAAAAAAAAAA
AAAAAAAAAAAAAAAAAAAAAAAAAAAAAAAAAAAAAAAAAAAAAAAAAAAAAAAAAAAAAAAAAAAAAAAAAAAA
AAAAAAAAAAAAAAAAAAAAAAAAAAAAAAAAAAAAAAAAAAAAAAAAAAAAAAAAAAAAAAAAAAAAAAAAAAAA
AAAAAAAAAAAAAAAAAAAAAAAAAAAAAAAAAAAAAAAAAAAAAAAAAAAAAAAAAAAAAAAAAAAAAAAAAAAA
AAAAAAAAAAAAAAAAAAAAAAAAAAAAAAAAAAAAAAAAAAAAAAAAAAAAAAAAAAAAAAAAAAAAAAAAAAAA
AAAAAAAAAAAAAAAAAAAAAAAAAAAAAAAAAAAAAAAAAAAAAAAAAAAAAAAAAAAAAAAAAAAAAAAAAAAA
AAAAAAAAAAAAAAAAAAAAAAAAAAAAAAAAAAAAAAAAAAAAAAAAAAAAAAAAAAAAAAAAAAAAAAAAAAAA
AAAAAAAAAAAAAAAAAAAAAAAAAAAAAAAAAAAAAAAAAAAAAAAAAAAAAAAAAAAAAAAAAAAAAAAAAAAA
AAAAAAAAAAAAAAAAAAAAAAAAAAAAAAAAAAAAAAAAAAAAAAAAAAAAAAAAAAAAAAAAAAAAAAAAAAAA
AAAAAAAAAAAAAAAAAAAAAAAAAAAAAAAAAAAAAAAAAAAAAAAAAAAAAAAAAAAAAAAAAAAAAAAAAAAA
AAAAAAAAAAAAAAAAAAAAAAAAAAAAAAAAAAAAAAAAAAAAAAAAAAAAAAAAAAAAAAAAAAAAAAAAAAAA
AAAAAAAAAAAAAAAAAAAAAAAAAAAAAAAAAAAAAAAAAAAAAAAAAAAAAAAAAAAAAAAAAAAAAAAAAAAA
AAAAAAAAAAAAAAAAAAAAAAAAAAAAAAAAAAAAAAAAAAAAAAAAAAAAAAAAAAAAAAAAAAAAAAAAAAAA
AAAAAAAAAAAAAAAAAAAAAAAAAAAAAAAAAAAAAAAAAAAAAAAAAAAAAAAAAAAAAAAAAAAAAAAAAAAA
AAAAAAAAAAAAAAAAAAAAAAAAAAAAAAAAAAAAAAAAAAAAAAAAAAAAAAAAAAAAAAAAAAAAAAAAAAAA
AAAAAAAAAAAAAAAAAAAAAAAAAAAAAAAAAAAAAAAAAAAAAAAAAAAAAAAAAAAAAAAAAAAAAAAAAAAA
AAAAAAAAAAAAAAAAAAAAAAAAAAAAAAAAAAAAAAAAAAAAAAAAAAAAAAAAAAAAAAAAAAAAAAAAAAAA
AAAAAAAAAAAAAAAAAAAAAAAAAAAAAAAAAAAAAAAAAAAAAAAAAAAAAAAAAAAAAAAAAAAAAAAAAAAA
AAAAAAAAAAAAAAAAAAAAAAAAAAAAAAAAAAAAAAAAAAAAAAAAAAAAAAAAAAAAAAAAAAAAAAAAAAAA
AAAAAAAAAAAAAAAAAAAAAAAAAAAAAAAAAAAAAAAAAAAAAAAAAAAAAAAAAAAAAAAAAAAAAAAAAAAA
AAAAAAAAAAAAAAAAAAAAAAAAAAAAAAAAAAAAAAAAAAAAAAAAAAAAAAAAAAAAAAAAAAAAAAAAAAAA
AAAAAAAAAAAAAAAAAAAAAAAAAAAAAAAAAAAAAAAAAAAAAAAAAAAAAAAAAAAAAAAAAAAAAAAAAAAA
AAAAAAAAAAAAAAAAAAAAAAAAAAAAAAAAAAAAAAAAAAAAAAAAAAAAAAAAAAAAAAAAAAAAAAAAAAAA
AAAAAAAAAAAAAAAAAAAAAAAAAAAAAAAAAAAAAAAAAAAAAAAAAAAAAAAAAAAAAAAAAAAAAAAAAAAA
AAAAAAAAAAAAAAAAAAAAAAAAAAAAAAAAAAAAAAAAAAAAAAAAAAAAAAAAAAAAAAAAAAAAAAAAAAAA
AAAAAAAAAAAAAAAAAAAAAAAAAAAAAAAAAAAAAAAAAAAAAAAAAAAAAAAAAAAAAAAAAAAAAAAAAAAA
AAAAAAAAAAAAAAAAAAAAAAAAAAAAAAAAAAAAAAAAAAAAAAAAAAAAAAAAAAAAAAAAAAAAAAAAAAAA
AAAAAAAAAAAAAAAAAAAAAAAAAAAAAAAAAAAAAAAAAAAAAAAAAAAAAAAAAAAAAAAAAAAAAAAAAAAA
AAAAAAAAAAAAAAAAAAAAAAAAAAAAAAAAAAAAAAAAAAAAAAAAAAAAAAAAAAAAAAAAAAAAAAAAAAAA
AAAAAAAAAAAAAAAAAAAAAAAAAAAAAAAAAAAAAAAAAAAAAAAAAAAAAAAAAAAAAAAAAAAAAAAAAAAA
AAAAAAAAAAAAAAAAAAAAAAAAAAAAAAAAAAAAAAAAAAAAAAAAAAAAAAAAAAAAAAAAAAAAAAAAAAAA
AAAAAAAAAAAAAAAAAAAAAAAAAAAAAAAAAAAAAAAAAAAAAAAAAAAAAAAAAAAAAAAAAAAAAAAAAAAA
AAAAAAAAAAAAAAAAAAAAAAAAAAAAAAAAAAAAAAAAAAAAAAAAAAAAAAAAAAAAAAAAAAAAAAAAAAAA
AAAAAAAAAAAAAAAAAAAAAAAAAAAAAAAAAAAAAAAAAAAAAAAAAAAAAAAAAAAAAAAAAAAAAAAAAAAA
AAAAAAAAAAAAAAAAAAAAAAAAAAAAAAAAAAAAAAAAAAAAAAAAAAAAAAAAAAAAAAAAAAAAAAAAAAAA
AAAAAAAAAAAAAAAAAAAAAAAAAAAAAAAAAAAAAAAAAAAAAAAAAAAAAAAAAAAAAAAAAAAAAAAAAAAA
AAAAAAAAAAAAAAAAAAAAAAAAAAAAAAAAAAAAAAAAAAAAAAAAAAAAAAAAAAAAAAAAAAAAAAAAAAAA
AAAAAAAAAAAAAAAAAAAAAAAAAAAAAAAAAAAAAAAAAAAAAAAAAAAAAAAAAAAAAAAAAAAAAAAAAAAA
AAAAAAAAAAAAAAAAAAAAAAAAAAAAAAAAAAAAAAAAAAAAAAAAAAAAAAAAAAAAAAAAAAAAAAAAAAAA
AAAAAAAAAAAAAAAAAAAAAAAAAAAAAAAAAAAAAAAAAAAAAAAAAAAAAAAAAAAAAAAAAAAAAAAAAAAA
AAAAAAAAAAAAAAAAAAAAAAAAAAAAAAAAAAAAAAAAAAAAAAAAAAAAAAAAAAAAAAAAAAAAAAAAAAAA
AAAAAAAAAAAAAAAAAAAAAAAAAAAAAAAAAAAAAAAAAAAAAAAAAAAAAAAAAAAAAAAAAAAAAAAAAAAA
AAAAAAAAAAAAAAAAAAAAAAAAAAAAAAAAAAAAAAAAAAAAAAAAAAAAAAAAAAAAAAAAAAAAAAAAAAAA
AAAAAAAAAAAAAAAAAAAAAAAAAAAAAAAAAAAAAAAAAAAAAAAAAAAAAAAAAAAAAAAAAAAAAAAAAAAA
AAAAAAAAAAAAAAAAAAAAAAAAAAAAAAAAAAAAAAAAAAAAAAAAAAAAAAAAAAAAAAAAAAAAAAAAAAAA
AAAAAAAAAAAAAAAAAAAAAAAAAAAAAAAAAAAAAAAAAAAAAAAAAAAAAAAAAAAAAAAAAAAAAAAAAAAA
AAAAAAAAAAAAAAAAAAAAAAAAAAAAAAAAAAAAAAAAAAAAAAAAAAAAAAAAAAAAAAAAAAAAAAAAAAAA
AAAAAAAAAAAAAAAAAAAAAAAAAAAAAAAAAAAAAAAAAAAAAAAAAAAAAAAAAAAAAAAAAAAAAAAAAAAA
AAAAAAAAAAAAAAAAAAAAAAAAAAAAAAAAAAAAAAAAAAAAAAAAAAAAAAAAAAAAAAAAAAAAAAAAAAAA
AAAAAAAAAAAAAAAAAAAAAAAAAAAAAAAAAAAAAAAAAAAAAAAAAAAAAAAAAAAAAAAAAAAAAAAAAAAA
AAAAAAAAAAAAAAAAAAAAAAAAAAAAAAAAAAAAAAAAAAAAAAAAAAAAAAAAAAAAAAAAAAAAAAAAAAAA
AAAAAAAAAAAAAAAAAAAAAAAAAAAAAAAAAAAAAAAAAAAAAAAAAAAAAAAAAAAAAAAAAAAAAAAAAAAA
AAAAAAAAAAAAAAAAAAAAAAAAAAAAAAAAAAAAAAAAAAAAAAAAAAAAAAAAAAAAAAAAAAAAAAAAAAAA
AAAAAAAAAAAAAAAAAAAAAAAAAAAAAAAAAAAAAAAAAAAAAAAAAAAAAAAAAAAAAAAAAAAAAAAAAAAA
AAAAAAAAAAAAAAAAAAAAAAAAAAAAAAAAAAAAAAAAAAAAAAAAAAAAAAAAAAAAAAAAAAAAAAAAAAAA
AAAAAAAAAAAAAAAAAAAAAAAAAAAAAAAAAAAAAAAAAAAAAAAAAAAAAAAAAAAAAAAAAAAAAAAAAAAA
AAAAAAAAAAAAAAAAAAAAAAAAAAAAAAAAAAAAAAAAAAAAAAAAAAAAAAAAAAAAAAAAAAAAAAAAAAAA
AAAAAAAAAAAAAAAAAAAAAAAAAAAAAAAAAAAAAAAAAAAAAAAAAAAAAAAAAAAAAAAAAAAAAAAAAAAA
AAAAAAAAAAAAAAAAAAAAAAAAAAAAAAAAAAAAAAAAAAAAAAAAAAAAAAAAAAAAAAAAAAAAAAAAAAAA
AAAAAAAAAAAAAAAAAAAAAAAAAAAAAAAAAAAAAAAAAAAAAAAAAAAAAAAAAAAAAAAAAAAAAAAAAAAA
AAAAAAAAAAAAAAAAAAAAAAAAAAAAAAAAAAAAAAAAAAAAAAAAAAAAAAAAAAAAAAAAAAAAAAAAAAAA
AAAAAAAAAAAAAAAAAAAAAAAAAAAAAAAAAAAAAAAAAAAAAAAAAAAAAAAAAAAAAAAAAAAAAAAAAAAA
AAAAAAAAAAAAAAAAAAAAAAAAAAAAAAAAAAAAAAAAAAAAAAAAAAAAAAAAAAAAAAAAAAAAAAAAAAAA
AAAAAAAAAAAAAAAAAAAAAAAAAAAAAAAAAAAAAAAAAAAAAAAAAAAAAAAAAAAAAAAAAAAAAAAAAAAA
AAAAAAAAAAAAAAAAAAAAAAAAAAAAAAAAAAAAAAAAAAAAAAAAAAAAAAAAAAAAAAAAAAAAAAAAAAAA
AAAAAAAAAAAAAAAAAAAAAAAAAAAAAAAAAAAAAAAAAAAAAAAAAAAAAAAAAAAAAAAAAAAAAAAAAAAA
AAAAAAAAAAAAAAAAAAAAAAAAAAAAAAAAAAAAAAAAAAAAAAAAAAAAAAAAAAAAAAAAAAAAAAAAAAAA
AAAAAAAAAAAAAAAAAAAAAAAAAAAAAAAAAAAAAAAAAAAAAAAAAAAAAAAAAAAAAAAAAAAAAAAAAAAA
AAAAAAAAAAAAAAAAAAAAAAAAAAAAAAAAAAAAAAAAAAAAAAAAAAAAAAAAAAAAAAAAAAAAAAAAAAAA
AAAAAAAAAAAAAAAAAAAAAAAAAAAAAAAAAAAAAAAAAAAAAAAAAAAAAAAAAAAAAAAAAAAAAAAAAAAA
AAAAAAAAAAAAAAAAAAAAAAAAAAAAAAAAAAAAAAAAAAAAAAAAAAAAAAAAAAAAAAAAAAAAAAAAAAAA
AAAAAAAAAAAAAAAAAAAAAAAAAAAAAAAAAAAAAAAAAAAAAAAAAAAAAAAAAAAAAAAAAAAAAAAAAAAA
AAAAAAAAAAAAAAAAAAAAAAAAAAAAAAAAAAAAAAAAAAAAAAAAAAAAAAAAAAAAAAAAAAAAAAAAAAAA
AAAAAAAAAAAAAAAAAAAAAAAAAAAAAAAAAAAAAAAAAAAAAAAAAAAAAAAAAAAAAAAAAAAAAAAAAAAA
AAAAAAAAAAAAAAAAAAAAAAAAAAAAAAAAAAAAAAAAAAAAAAAAAAAAAAAAAAAAAAAAAAAAAAAAAAAA
AAAAAAAAAAAAAAAAAAAAAAAAAAAAAAAAAAAAAAAAAAAAAAAAAAAAAAAAAAAAAAAAAAAAAAAAAAAA
AAAAAAAAAAAAAAAAAAAAAAAAAAAAAAAAAAAAAAAAAAAAAAAAAAAAAAAAAAAAAAAAAAAAAAAAAAAA
AAAAAAAAAAAAAAAAAAAAAAAAAAAAAAAAAAAAAAAAAAAAAAAAAAAAAAAAAAAAAAAAAAAAAAAAAAAA
AAAAAAAAAAAAAAAAAAAAAAAAAAAAAAAAAAAAAAAAAAAAAAAAAAAAAAAAAAAAAAAAAAAAAAAAAAAA
AAAAAAAAAAAAAAAAAAAAAAAAAAAAAAAAAAAAAAAAAAAAAAAAAAAAAAAAAAAAAAAAAAAAAAAAAAAA
AAAAAAAAAAAAAAAAAAAAAAAAAAAAAAAAAAAAAAAAAAAAAAAAAAAAAAAAAAAAAAAAAAAAAAAAAAAA
AAAAAAAAAAAAAAAAAAAAAAAAAAAAAAAAAAAAAAAAAAAAAAAAAAAAAAAAAAAAAAAAAAAAAAAAAAAA
AAAAAAAAAAAAAAAAAAAAAAAAAAAAAAAAAAAAAAAAAAAAAAAAAAAAAAAAAAAAAAAAAAAAAAAAAAAA
AAAAAAAAAAAAAAAAAAAAAAAAAAAAAAAAAAAAAAAAAAAAAAAAAAAAAAAAAAAAAAAAAAAAAAAAAAAA
AAAAAAAAAAAAAAAAAAAAAAAAAAAAAAAAAAAAAAAAAAAAAAAAAAAAAAAAAAAAAAAAAAAAAAAAAAAA
AAAAAAAAAAAAAAAAAAAAAAAAAAAAAAAAAAAAAAAAAAAAAAAAAAAAAAAAAAAAAAAAAAAAAAAAAAAA
AAAAAAAAAAAAAAAAAAAAAAAAAAAAAAAAAAAAAAAAAAAAAAAAAAAAAAAAAAAAAAAAAAAAAAAAAAAA
AAAAAAAAAA==
false
false
false
åê!í&amp;&#144;&#144;&#144;
åê!í&amp;&#144;&#144;&#144;
