Initialized native services in: /home/jules/.gradle/native
Initialized jansi services in: /home/jules/.gradle/native
Received JVM installation metadata from '/usr/lib/jvm/java-21-openjdk-amd64': {JAVA_HOME=/usr/lib/jvm/java-21-openjdk-amd64, JAVA_VERSION=21.0.10, JAVA_VENDOR=Ubuntu, RUNTIME_NAME=OpenJDK Runtime Environment, RUNTIME_VERSION=21.0.10+7-Ubuntu-124.04, VM_NAME=OpenJDK 64-Bit Server VM, VM_VERSION=21.0.10+7-Ubuntu-124.04, VM_VENDOR=Ubuntu, OS_ARCH=amd64}
The client will now receive all logging from the daemon (pid: 12818). The daemon log file: /home/jules/.gradle/daemon/8.5/daemon-12818.out.log
Starting 11th build in daemon [uptime: 1 hrs 1 mins 54.014 secs, performance: 97%, GC rate: 0.00/s, heap usage: 0% of 512 MiB, non-heap usage: 42% of 384 MiB]
Using 4 worker leases.
Closing daemon's stdin at end of input.
The daemon will no longer process any standard input.
Not watching /app since the file system is not supported
Watching the file system is configured to be enabled if available
File system watching is active
Starting Build
Settings evaluated using settings file '/app/settings.gradle.kts'.
Projects loaded. Root project using build file '/app/build.gradle.kts'.
Included projects: [root project 'alpheusafpparser']

> Configure project :
Evaluating root project 'alpheusafpparser' using build file '/app/build.gradle.kts'.
Caching disabled for Kotlin DSL accessors for root project 'alpheusafpparser' because:
  Build cache is disabled
Skipping Kotlin DSL accessors for root project 'alpheusafpparser' as it is up-to-date.
Source Compatibility: 21
All projects evaluated.
Task name matched 'test'
Selected primary task 'test' from project :
Tasks to be executed: [task ':compileJava', task ':processResources', task ':classes', task ':compileTestJava', task ':processTestResources', task ':testClasses', task ':test', task ':jacocoTestReport']
Tasks that were excluded: []
Resolve mutations for :compileJava (Thread[#567,Execution worker,5,main]) started.
:compileJava (Thread[#567,Execution worker,5,main]) started.

> Task :compileJava UP-TO-DATE
Caching disabled for task ':compileJava' because:
  Build cache is disabled
Skipping task ':compileJava' as it is up-to-date.
Resolve mutations for :processResources (Thread[#567,Execution worker,5,main]) started.
:processResources (Thread[#567,Execution worker,5,main]) started.

> Task :processResources UP-TO-DATE
Caching disabled for task ':processResources' because:
  Build cache is disabled
Skipping task ':processResources' as it is up-to-date.
Resolve mutations for :classes (Thread[#567,Execution worker,5,main]) started.
:classes (Thread[#567,Execution worker,5,main]) started.

> Task :classes UP-TO-DATE
Skipping task ':classes' as it has no actions.
Resolve mutations for :compileTestJava (Thread[#567,Execution worker,5,main]) started.
:compileTestJava (Thread[#567,Execution worker,5,main]) started.

> Task :compileTestJava UP-TO-DATE
Caching disabled for task ':compileTestJava' because:
  Build cache is disabled
Skipping task ':compileTestJava' as it is up-to-date.
Resolve mutations for :processTestResources (Thread[#567,Execution worker,5,main]) started.
:processTestResources (Thread[#567,Execution worker,5,main]) started.

> Task :processTestResources UP-TO-DATE
Caching disabled for task ':processTestResources' because:
  Build cache is disabled
Skipping task ':processTestResources' as it is up-to-date.
Resolve mutations for :testClasses (Thread[#567,Execution worker,5,main]) started.
:testClasses (Thread[#567,Execution worker,5,main]) started.

> Task :testClasses UP-TO-DATE
Skipping task ':testClasses' as it has no actions.
Resolve mutations for :test (Thread[#567,Execution worker,5,main]) started.
:test (Thread[#567,Execution worker,5,main]) started.
Gradle Test Executor 10 started executing tests.

> Task :test
Caching disabled for task ':test' because:
  Build cache is disabled
Task ':test' is not up-to-date because:
  Task has failed previously.
Starting process 'Gradle Test Executor 10'. Working directory: /app Command: /usr/lib/jvm/java-21-openjdk-amd64/bin/java -Dorg.gradle.internal.worker.tmpdir=/app/build/tmp/test/work -Dorg.gradle.native=false -javaagent:/app/build/tmp/.cache/expanded/zip_0bd0851504e6286cb5fc6f37a81e25cc/jacocoagent.jar=destfile=build/jacoco/test.exec,append=true,inclnolocationclasses=false,dumponexit=true,output=file,jmx=false @/home/jules/.gradle/.tmp/gradle-worker-classpath5493800210932885439txt -Xmx512m -Dfile.encoding=UTF-8 -Duser.country -Duser.language=en -Duser.variant -ea worker.org.gradle.process.internal.worker.GradleWorkerMain 'Gradle Test Executor 10'
Successfully started process 'Gradle Test Executor 10'

Gradle Test Executor 10 finished executing tests.

> Task :test FAILED

AFPParserTest > testAFPSerializationActualClassType() FAILED
    java.lang.NullPointerException: Cannot invoke "com.mgz.afp.ptoca.controlSequence.PTOCAControlSequence$ControlSequenceIntroducer.toBytes()" because the return value of "com.mgz.afp.ptoca.controlSequence.PTOCAControlSequence.getCsi()" is null
        at com.mgz.afp.ptoca.PTX_PresentationTextData.writeAFP(PTX_PresentationTextData.java:87)
        at com.mgz.acceptance.AFPParserTest.testAFPSerializationActualClassType(AFPParserTest.java:125)

1 test completed, 1 failed
Finished generating test XML results (0.001 secs) into: /app/build/test-results/test
Generating HTML test report...
Finished generating test html results (0.002 secs) into: /app/build/reports/tests/test

FAILURE: Build failed with an exception.

* What went wrong:
Execution failed for task ':test'.
> There were failing tests. See the report at: file:///app/build/reports/tests/test/index.html

* Try:
> Run with --scan to get full insights.

BUILD FAILED in 4s
5 actionable tasks: 1 executed, 4 up-to-date
Some of the file system contents retained in the virtual file system are on file systems that Gradle doesn't support watching. The relevant state was discarded to ensure changes to these locations are properly detected. You can override this by explicitly enabling file system watching.
